12-31 02:25:33.626  2760  2766 W istence_servic: sched_getparam(6176, &sp): No such process
12-31 02:25:33.626  2760  2766 W istence_servic: sched_getscheduler(6181): No such process
12-31 02:25:33.626  2760  2766 W istence_servic: sched_getparam(6181, &sp): No such process
12-31 02:25:33.626  2760  2766 W istence_servic: sched_getscheduler(7543): No such process
12-31 02:25:33.626  2760  2766 W istence_servic: sched_getparam(7543, &sp): No such process
12-31 02:25:33.626  2760  2766 W istence_servic: sched_getscheduler(16051): No such process
12-31 02:25:33.626  2760  2766 W istence_servic: sched_getparam(16051, &sp): No such process
12-31 02:25:33.626  2760  2766 W istence_servic: sched_getscheduler(19619): No such process
12-31 02:25:33.626  2760  2766 W istence_servic: sched_getparam(19619, &sp): No such process
12-31 02:25:33.627  2760  2766 W istence_servic: sched_getscheduler(19864): No such process
12-31 02:25:33.627  2760  2766 W istence_servic: sched_getparam(19864, &sp): No such process
12-31 02:25:33.627  2760  2766 W istence_servic: sched_getscheduler(20983): No such process
12-31 02:25:33.627  2760  2766 W istence_servic: sched_getparam(20983, &sp): No such process
12-31 02:25:33.627  2760  2766 W istence_servic: sched_getscheduler(6399): No such process
12-31 02:25:33.627  2760  2766 W istence_servic: sched_getparam(6399, &sp): No such process
12-31 02:25:33.627  2760  2766 W istence_servic: sched_getscheduler(6569): No such process
12-31 02:25:33.627  2760  2766 W istence_servic: sched_getparam(6569, &sp): No such process
12-31 02:25:33.627  2760  2766 W istence_servic: sched_getscheduler(12213): No such process
12-31 02:25:33.627  2760  2766 W istence_servic: sched_getparam(12213, &sp): No such process
12-31 02:25:33.627  2760  2766 W istence_servic: sched_getscheduler(12943): No such process
12-31 02:25:33.627  2760  2766 W istence_servic: sched_getparam(12943, &sp): No such process
12-31 02:25:33.628  2760  2766 W istence_servic: sched_getscheduler(13343): No such process
12-31 02:25:33.628  2760  2766 W istence_servic: sched_getparam(13343, &sp): No such process
12-31 02:25:33.628  2760  2766 W istence_servic: sched_getscheduler(14175): No such process
12-31 02:25:33.628  2760  2766 W istence_servic: sched_getparam(14175, &sp): No such process
12-31 02:25:33.628  2760  2766 W istence_servic: sched_getscheduler(15645): No such process
12-31 02:25:33.628  2760  2766 W istence_servic: sched_getparam(15645, &sp): No such process
12-31 02:25:33.628  2760  2766 W istence_servic: sched_getscheduler(16646): No such process
12-31 02:25:33.628  2760  2766 W istence_servic: sched_getparam(16646, &sp): No such process
12-31 02:25:33.628  2760  2766 W istence_servic: sched_getscheduler(16880): No such process
12-31 02:25:33.628  2760  2766 W istence_servic: sched_getparam(16880, &sp): No such process
12-31 02:25:33.628  2760  2766 W istence_servic: sched_getscheduler(19385): No such process
12-31 02:25:33.629  2760  2766 W istence_servic: sched_getparam(19385, &sp): No such process
12-31 02:25:33.629  2760  2766 W istence_servic: sched_getscheduler(19784): No such process
12-31 02:25:33.629  2760  2766 W istence_servic: sched_getparam(19784, &sp): No such process
12-31 02:25:33.629  2760  2766 W istence_servic: sched_getscheduler(20323): No such process
12-31 02:25:33.629  2760  2766 W istence_servic: sched_getparam(20323, &sp): No such process
12-31 02:25:33.629  2760  2766 W istence_servic: sched_getscheduler(20724): No such process
12-31 02:25:33.629  2760  2766 W istence_servic: sched_getparam(20724, &sp): No such process
12-31 02:25:33.629  2760  2766 W istence_servic: sched_getscheduler(21219): No such process
12-31 02:25:33.629  2760  2766 W istence_servic: sched_getparam(21219, &sp): No such process
12-31 02:25:33.629  2760  2766 W istence_servic: sched_getscheduler(21472): No such process
12-31 02:25:33.630  2760  2766 W istence_servic: sched_getparam(21472, &sp): No such process
12-31 02:25:33.630  2760  2766 W istence_servic: sched_getscheduler(21553): No such process
12-31 02:25:33.630  2760  2766 W istence_servic: sched_getparam(21553, &sp): No such process
12-31 02:25:33.630  2760  2766 W istence_servic: sched_getscheduler(26459): No such process
12-31 02:25:33.630  2760  2766 W istence_servic: sched_getparam(26459, &sp): No such process
12-31 02:25:33.630  2760  2766 W istence_servic: sched_getscheduler(27312): No such process
12-31 02:25:33.630  2760  2766 W istence_servic: sched_getparam(27312, &sp): No such process
12-31 02:25:33.630  2760  2766 W istence_servic: sched_getscheduler(28042): No such process
12-31 02:25:33.630  2760  2766 W istence_servic: sched_getparam(28042, &sp): No such process
12-31 02:25:33.630  2760  2766 W istence_servic: sched_getscheduler(2733): No such process
12-31 02:25:33.631  2760  2766 W istence_servic: sched_getparam(2733, &sp): No such process
12-31 02:25:33.631  2760  2766 W istence_servic: sched_getscheduler(12093): Permission denied
12-31 02:25:33.631  2760  2766 W istence_servic: sched_getparam(12093, &sp): Permission denied
12-31 02:25:33.631  2760  2766 W istence_servic: sched_getscheduler(12504): No such process
12-31 02:25:33.631  2760  2766 W istence_servic: sched_getparam(12504, &sp): No such process
12-31 02:25:33.627  2760  2760 W com.facebook.spatial_persistence_service: type=1400 audit(0.0:1055): avc: denied { getsched } for comm=5369676E616C2043617463686572 scontext=u:r:priv_app:s0:c512,c768 tcontext=u:r:untrusted_app_25:s0:c512,c768 tclass=process permissive=0 app=com.facebook.spatial_persistence_service
12-31 02:25:33.627  2760  2760 W com.facebook.spatial_persistence_service: type=1400 audit(0.0:1056): avc: denied { getsched } for comm=5369676E616C2043617463686572 scontext=u:r:priv_app:s0:c512,c768 tcontext=u:r:untrusted_app_25:s0:c512,c768 tclass=process permissive=0 app=com.facebook.spatial_persistence_service
12-31 02:25:33.631  2760  2766 W istence_servic: sched_getparam(14337, &sp): No such process
12-31 02:25:33.631  2760  2766 W istence_servic: sched_getscheduler(14908): No such process
12-31 02:25:33.631  2760  2766 W istence_servic: sched_getparam(14908, &sp): No such process
12-31 02:25:33.632  2760  2766 W istence_servic: sched_getscheduler(16066): No such process
12-31 02:25:33.632  2760  2766 W istence_servic: sched_getparam(16066, &sp): No such process
12-31 02:25:33.632  2760  2766 W istence_servic: sched_getscheduler(17099): No such process
12-31 02:25:33.632  2760  2766 W istence_servic: sched_getparam(17099, &sp): No such process
12-31 02:25:33.632  2760  2766 W istence_servic: sched_getscheduler(25234): No such process
12-31 02:25:33.632  2760  2766 W istence_servic: sched_getparam(25234, &sp): No such process
12-31 02:25:33.632  2760  2766 W istence_servic: sched_getscheduler(25884): No such process
12-31 02:25:33.632  2760  2766 W istence_servic: sched_getparam(25884, &sp): No such process
12-31 02:25:33.632  2760  2766 W istence_servic: sched_getscheduler(26159): No such process
12-31 02:25:33.632  2760  2766 W istence_servic: sched_getparam(26159, &sp): No such process
12-31 02:25:33.632  2760  2766 W istence_servic: sched_getscheduler(29436): No such process
12-31 02:25:33.632  2760  2766 W istence_servic: sched_getparam(29436, &sp): No such process
12-31 02:25:33.633  2760  2766 W istence_servic: sched_getscheduler(30235): No such process
12-31 02:25:33.633  2760  2766 W istence_servic: sched_getparam(30235, &sp): No such process
12-31 02:25:33.633  2760  2766 W istence_servic: sched_getscheduler(30814): No such process
12-31 02:25:33.633  2760  2766 W istence_servic: sched_getparam(30814, &sp): No such process
12-31 02:25:33.633  2760  2766 W istence_servic: sched_getscheduler(31325): No such process
12-31 02:25:33.633  2760  2766 W istence_servic: sched_getparam(31325, &sp): No such process
12-31 02:25:33.633  2760  2766 W istence_servic: sched_getscheduler(31565): No such process
12-31 02:25:33.633  2760  2766 W istence_servic: sched_getparam(31565, &sp): No such process
12-31 02:25:33.633  2760  2766 W istence_servic: sched_getscheduler(428): No such process
12-31 02:25:33.633  2760  2766 W istence_servic: sched_getparam(428, &sp): No such process
12-31 02:25:33.633  2760  2766 W istence_servic: sched_getscheduler(3028): No such process
12-31 02:25:33.633  2760  2766 W istence_servic: sched_getparam(3028, &sp): No such process
12-31 02:25:33.634  2760  2766 W istence_servic: sched_getscheduler(3457): No such process
12-31 02:25:33.634  2760  2766 W istence_servic: sched_getparam(3457, &sp): No such process
12-31 02:25:33.634  2760  2766 W istence_servic: sched_getscheduler(3772): No such process
12-31 02:25:33.634  2760  2766 W istence_servic: sched_getparam(3772, &sp): No such process
12-31 02:25:33.634  2760  2766 W istence_servic: sched_getscheduler(5149): No such process
12-31 02:25:33.634  2760  2766 W istence_servic: sched_getparam(5149, &sp): No such process
12-31 02:25:33.634  2760  2766 W istence_servic: sched_getscheduler(5485): No such process
12-31 02:25:33.634  2760  2766 W istence_servic: sched_getparam(5485, &sp): No such process
12-31 02:25:33.634  2760  2766 W istence_servic: sched_getscheduler(7733): No such process
12-31 02:25:33.634  2760  2766 W istence_servic: sched_getparam(7733, &sp): No such process
12-31 02:25:33.634  2760  2766 W istence_servic: sched_getscheduler(8853): No such process
12-31 02:25:33.635  2760  2766 W istence_servic: sched_getparam(8853, &sp): No such process
12-31 02:25:33.635  2760  2766 W istence_servic: sched_getscheduler(10834): No such process
12-31 02:25:33.635  2760  2766 W istence_servic: sched_getparam(10834, &sp): No such process
12-31 02:25:33.635  2760  2766 W istence_servic: sched_getscheduler(11066): No such process
12-31 02:25:33.635  2760  2766 W istence_servic: sched_getparam(11066, &sp): No such process
12-31 02:25:33.635  2760  2766 W istence_servic: sched_getscheduler(12983): No such process
12-31 02:25:33.635  2760  2766 W istence_servic: sched_getparam(12983, &sp): No such process
12-31 02:25:33.635  2760  2766 W istence_servic: sched_getscheduler(13364): No such process
12-31 02:25:33.635  2760  2766 W istence_servic: sched_getparam(13364, &sp): No such process
12-31 02:25:33.635  2760  2766 W istence_servic: sched_getscheduler(13685): No such process
12-31 02:25:33.636  2760  2766 W istence_servic: sched_getparam(13685, &sp): No such process
12-31 02:25:33.636  2760  2766 W istence_servic: sched_getscheduler(15022): No such process
12-31 02:25:33.636  2760  2766 W istence_servic: sched_getparam(15022, &sp): No such process
12-31 02:25:33.636  2760  2766 W istence_servic: sched_getscheduler(16371): No such process
12-31 02:25:33.636  2760  2766 W istence_servic: sched_getparam(16371, &sp): No such process
12-31 02:25:33.636  2760  2766 W istence_servic: sched_getscheduler(17384): No such process
12-31 02:25:33.636  2760  2766 W istence_servic: sched_getparam(17384, &sp): No such process
12-31 02:25:33.636  2760  2766 W istence_servic: sched_getscheduler(17727): No such process
12-31 02:25:33.636  2760  2766 W istence_servic: sched_getparam(17727, &sp): No such process
12-31 02:25:33.636  2760  2766 W istence_servic: sched_getscheduler(17941): No such process
12-31 02:25:33.636  2760  2766 W istence_servic: sched_getparam(17941, &sp): No such process
12-31 02:25:33.636  2760  2766 W istence_servic: sched_getscheduler(18351): No such process
12-31 02:25:33.636  2760  2766 W istence_servic: sched_getparam(18351, &sp): No such process
12-31 02:25:33.637  2760  2766 W istence_servic: sched_getscheduler(20098): No such process
12-31 02:25:33.637  2760  2766 W istence_servic: sched_getparam(20098, &sp): No such process
12-31 02:25:33.637  2760  2766 W istence_servic: sched_getscheduler(21129): No such process
12-31 02:25:33.637  2760  2766 W istence_servic: sched_getparam(21129, &sp): No such process
12-31 02:25:33.637  2760  2766 W istence_servic: sched_getscheduler(22705): No such process
12-31 02:25:33.637  2760  2766 W istence_servic: sched_getparam(22705, &sp): No such process
12-31 02:25:33.637  2760  2766 W istence_servic: sched_getscheduler(22967): No such process
12-31 02:25:33.637  2760  2766 W istence_servic: sched_getparam(22967, &sp): No such process
12-31 02:25:33.637  2760  2766 W istence_servic: sched_getscheduler(23389): No such process
12-31 02:25:33.637  2760  2766 W istence_servic: sched_getparam(23389, &sp): No such process
12-31 02:25:33.638  2760  2766 W istence_servic: sched_getscheduler(24115): No such process
12-31 02:25:33.638  2760  2766 W istence_servic: sched_getparam(24115, &sp): No such process
12-31 02:25:33.638  2760  2766 W istence_servic: sched_getscheduler(27930): No such process
12-31 02:25:33.638  2760  2766 W istence_servic: sched_getparam(27930, &sp): No such process
12-31 02:25:33.638  2760  2766 W istence_servic: sched_getscheduler(28423): No such process
12-31 02:25:33.638  2760  2766 W istence_servic: sched_getparam(28423, &sp): No such process
12-31 02:25:33.639  2760  2766 W istence_servic: sched_getscheduler(32762): No such process
12-31 02:25:33.639  2760  2766 W istence_servic: sched_getparam(32762, &sp): No such process
12-31 02:25:33.639  2760  2766 W istence_servic: sched_getscheduler(2006): No such process
12-31 02:25:33.639  2760  2766 W istence_servic: sched_getparam(2006, &sp): No such process
12-31 02:25:33.639  2760  2766 W istence_servic: sched_getscheduler(2876): No such process
12-31 02:25:33.639  2760  2766 W istence_servic: sched_getparam(2876, &sp): No such process
12-31 02:25:33.639  2760  2766 W istence_servic: sched_getscheduler(4830): No such process
12-31 02:25:33.639  2760  2766 W istence_servic: sched_getparam(4830, &sp): No such process
12-31 02:25:33.640  2760  2766 W istence_servic: sched_getscheduler(5385): No such process
12-31 02:25:33.640  2760  2766 W istence_servic: sched_getparam(5385, &sp): No such process
12-31 02:25:33.640  2760  2766 W istence_servic: sched_getscheduler(5628): No such process
12-31 02:25:33.640  2760  2766 W istence_servic: sched_getparam(5628, &sp): No such process
12-31 02:25:33.640  2760  2766 W istence_servic: sched_getscheduler(5954): No such process
12-31 02:25:33.640  2760  2766 W istence_servic: sched_getparam(5954, &sp): No such process
12-31 02:25:33.640  2760  2766 W istence_servic: sched_getscheduler(6025): No such process
12-31 02:25:33.640  2760  2766 W istence_servic: sched_getparam(6025, &sp): No such process
12-31 02:25:33.640  2760  2766 W istence_servic: sched_getscheduler(6247): No such process
12-31 02:25:33.640  2760  2766 W istence_servic: sched_getparam(6247, &sp): No such process
12-31 02:25:33.640  2760  2766 W istence_servic: sched_getscheduler(7477): No such process
12-31 02:25:33.640  2760  2766 W istence_servic: sched_getparam(7477, &sp): No such process
12-31 02:25:33.641  2760  2766 W istence_servic: sched_getscheduler(8460): No such process
12-31 02:25:33.641  2760  2766 W istence_servic: sched_getparam(8460, &sp): No such process
12-31 02:25:33.641  2760  2766 W istence_servic: sched_getscheduler(10612): No such process
12-31 02:25:33.641  2760  2766 W istence_servic: sched_getparam(10612, &sp): No such process
12-31 02:25:33.641  2760  2766 W istence_servic: sched_getscheduler(10702): No such process
12-31 02:25:33.641  2760  2766 W istence_servic: sched_getparam(10702, &sp): No such process
12-31 02:25:33.641  2760  2766 W istence_servic: sched_getscheduler(11400): No such process
12-31 02:25:33.641  2760  2766 W istence_servic: sched_getparam(11400, &sp): No such process
12-31 02:25:33.641  2760  2766 W istence_servic: sched_getscheduler(11505): No such process
12-31 02:25:33.642  2760  2766 W istence_servic: sched_getparam(11505, &sp): No such process
12-31 02:25:33.642  2760  2766 W istence_servic: sched_getscheduler(11788): No such process
12-31 02:25:33.642  2760  2766 W istence_servic: sched_getparam(11788, &sp): No such process
12-31 02:25:33.642  2760  2766 W istence_servic: sched_getscheduler(13506): No such process
12-31 02:25:33.642  2760  2766 W istence_servic: sched_getparam(13506, &sp): No such process
12-31 02:25:33.642  2760  2766 W istence_servic: sched_getscheduler(13749): No such process
12-31 02:25:33.642  2760  2766 W istence_servic: sched_getparam(13749, &sp): No such process
12-31 02:25:33.642  2760  2766 W istence_servic: sched_getscheduler(14011): No such process
12-31 02:25:33.642  2760  2766 W istence_servic: sched_getparam(14011, &sp): No such process
12-31 02:25:33.642  2760  2766 W istence_servic: sched_getscheduler(14197): No such process
12-31 02:25:33.642  2760  2766 W istence_servic: sched_getparam(14197, &sp): No such process
12-31 02:25:33.643  2760  2766 W istence_servic: sched_getscheduler(15100): No such process
12-31 02:25:33.643  2760  2766 W istence_servic: sched_getparam(15100, &sp): No such process
12-31 02:25:33.643  2760  2766 W istence_servic: sched_getscheduler(16446): No such process
12-31 02:25:33.643  2760  2766 W istence_servic: sched_getparam(16446, &sp): No such process
12-31 02:25:33.643  2760  2766 W istence_servic: sched_getscheduler(16793): No such process
12-31 02:25:33.643  2760  2766 W istence_servic: sched_getparam(16793, &sp): No such process
12-31 02:25:33.643  2760  2766 W istence_servic: sched_getscheduler(17183): No such process
12-31 02:25:33.643  2760  2766 W istence_servic: sched_getparam(17183, &sp): No such process
12-31 02:25:33.643  2760  2766 W istence_servic: sched_getscheduler(17816): No such process
12-31 02:25:33.643  2760  2766 W istence_servic: sched_getparam(17816, &sp): No such process
12-31 02:25:33.643  2760  2766 W istence_servic: sched_getscheduler(18558): No such process
12-31 02:25:33.643  2760  2766 W istence_servic: sched_getparam(18558, &sp): No such process
12-31 02:25:33.644  2760  2766 W istence_servic: sched_getscheduler(18845): No such process
12-31 02:25:33.644  2760  2766 W istence_servic: sched_getparam(18845, &sp): No such process
12-31 02:25:33.644  2760  2766 W istence_servic: sched_getscheduler(19838): No such process
12-31 02:25:33.644  2760  2766 W istence_servic: sched_getparam(19838, &sp): No such process
12-31 02:25:33.644  2760  2766 W istence_servic: sched_getscheduler(20460): No such process
12-31 02:25:33.644  2760  2766 W istence_servic: sched_getparam(20460, &sp): No such process
12-31 02:25:33.644  2760  2766 W istence_servic: sched_getscheduler(21290): No such process
12-31 02:25:33.644  2760  2766 W istence_servic: sched_getparam(21290, &sp): No such process
12-31 02:25:33.660  3125  3169 W [CT]    : Anchor:SlamAnchorMemoryOSSDKClient: [Throttled count=344] Skipping invalid anchorHandle when attempting to cache AnchorStates
12-31 02:25:33.694   952  1384 I Tracking: VIPER: InternalAnchorHealthMonitor: Anchors: 2 | Persistent anchors: 2 | Anchors never observed: 0
12-31 02:25:33.694   952  1384 I Tracking:   (min/avg/max) Anchor landmarks: (-1|-1|-1) | Covisible keyframes: (-1|-1|-1) | Times since observation: (0|0|0)
12-31 02:25:33.924  2710  2974 I [OAO] FlowController: UpdateActiveFlow from NonModalFlow to (none)
12-31 02:25:33.924  2710  2974 I [OAO] NonModalFlow: Deactivated
12-31 02:25:33.927  2710  2974 I [OAO] ShellAppBase: ResolveInteractionState: change from Rendering to None
12-31 02:25:33.927  2710  2974 I [OAO] ShellAppBase: LeaveVrMode: Interaction state from Rendering to None
12-31 02:25:33.927  2710  2974 I [OAO] ShellTransitionState: Logging ShellTransitionState to dumpsys: {"state":"Backgrounding","timeMillis":"75396986"}
12-31 02:25:33.927  2710  2974 I [OAO] ShellAppBase: EmptyFrame: Pushing an empty frame
12-31 02:25:33.936  2710  2974 I [OAO] VrPlatformOpenXr: VrPlatformOpenXr::SetPropInhibitHandleHomeKey inhibit:0
12-31 02:25:33.936  2710  2974 I OpenXR_DeviceSettings: ------------ xrSetDeviceSettingBooleanFB -----------
12-31 02:25:33.936  2710  2974 I ClientInputSettings: SetInhibitHandleHomeKey = false for com.oculus.vrshell
12-31 02:25:33.936  2710  2974 I ClientInputInterface: SetInhibitHandleHomeKey 0 for process com.oculus.vrshell 2710
12-31 02:25:33.936  2710  2974 I [OAO] VrPlatformOpenXr: VrPlatformOpenXr::SetPropInhibitHandleHomeKey result = 0
12-31 02:25:33.936  2710  2974 I [OAO] DesktopPanelControllerAnalytics: DesktopPanelControllerAnalytics flushing telemetry
12-31 02:25:33.936  2710  2974 I [OAO] DesktopPanelControllerAnalytics: FlushPendingDesktopMetrics Tablet
12-31 02:25:33.936  2710  2974 I [OAO] VrPlatformOpenXr: RequestEndSession state XR_SESSION_STATE_FOCUSED    focused:1
12-31 02:25:33.936  2710  2974 D [OAO] ShellApplication: setOverlayInputFocus: inputFocus=false
12-31 02:25:33.936  2710  2974 D [OAO] BaseOverlayService: setOverlayInputFocus : entrypoint - inputFocus=false
12-31 02:25:33.936  2710  2974 I OpenXR  : ------------ RequestExitSession [start] -----------
12-31 02:25:33.936  2710  2974 I OpenXR  : ------------ RequestExitSession [end] -----------
12-31 02:25:33.936  2710  2974 I OpenXR  : PostSessionStateChange: XR_SESSION_STATE_FOCUSED -> XR_SESSION_STATE_VISIBLE
12-31 02:25:33.936  2710  2974 I Deque   : AddEventToQueue called. eventInfo.type: 18, eventInfo.next: 1
12-31 02:25:33.936  2710  2974 I [OAO] VrPlatformOpenXr: xrPollEvent: received XR_TYPE_EVENT_DATA_SESSION_STATE_CHANGED: 4 for session 0x200000000000002 at time 75396.995474
12-31 02:25:33.936  2710  2974 I [OAO] VrPlatformOpenXr: Session state changed XR_SESSION_STATE_VISIBLE
12-31 02:25:33.936  2710  2974 I OpenXR  : PostSessionStateChange: XR_SESSION_STATE_VISIBLE -> XR_SESSION_STATE_SYNCHRONIZED
12-31 02:25:33.936  2710  2974 I Deque   : AddEventToQueue called. eventInfo.type: 18, eventInfo.next: 1
12-31 02:25:33.936  2710  2974 I [OAO] VrPlatformOpenXr: xrPollEvent: received XR_TYPE_EVENT_DATA_SESSION_STATE_CHANGED: 3 for session 0x200000000000002 at time 75396.995544
12-31 02:25:33.936  2710  2974 I [OAO] VrPlatformOpenXr: Session state changed XR_SESSION_STATE_SYNCHRONIZED
12-31 02:25:33.936  2710  2974 I OpenXR  : PostSessionStateChange: XR_SESSION_STATE_SYNCHRONIZED -> XR_SESSION_STATE_STOPPING
12-31 02:25:33.936  2710  2974 I Deque   : AddEventToQueue called. eventInfo.type: 18, eventInfo.next: 1
12-31 02:25:33.936  2710  2974 I [OAO] VrPlatformOpenXr: xrPollEvent: received XR_TYPE_EVENT_DATA_SESSION_STATE_CHANGED: 6 for session 0x200000000000002 at time 75396.995608
12-31 02:25:33.936  2710  2974 I [OAO] VrPlatformOpenXr: Session state changed XR_SESSION_STATE_STOPPING
12-31 02:25:33.936  2710  2974 I [OAO] VrPlatformOpenXr: EndSession state XR_SESSION_STATE_STOPPING    focused:0
12-31 02:25:33.936  2710  2974 I [OAO] VrPlatformOpenXr: EndSession calling MrServiceClient EndSession
12-31 02:25:33.936  2710  2974 I OpenXR_Passthrough: ------------ xrPassthroughPauseFB -----------
12-31 02:25:33.938  3209  3330 I MRSVC   : MIXEDREALITY: MrFeatureStatus: Passthrough: Client 487993102 status changed from Started to Paused.
12-31 02:25:33.938  3209  3330 I MRSVC   : MIXEDREALITY: MrFeatureStatus: Passthrough: Target status Paused, CurrentStatus: Started
12-31 02:25:33.938  3209  3330 I MRSVC   : MIXEDREALITY: MrFeatureStatus: Operation chain: Pause
12-31 02:25:33.938  3209  3330 I MRSVC   : MIXEDREALITY: MrFeatureStatus: Passthrough: Global status changed from Started to Paused.
12-31 02:25:33.939  3209  3330 I MRSVC   : MIXEDREALITY: MrServiceController: Queuing command linked to operation Pause for feature 0, client 487993102
12-31 02:25:33.939  2710  2974 I [OAO] VrPlatformOpenXr: EndSession MrServiceClient EndSession passed
12-31 02:25:33.939  2710  2974 I [OAO] VrPlatformOpenXr: EndSession calling xrEndSession
12-31 02:25:33.939  2710  2974 I OpenXR  : ------------ xrEndSession [start] -----------
12-31 02:25:33.939  2710  2974 I VrApi   : OVR::Stats thread Suspend
12-31 02:25:33.939  2710  2974 I XrRuntimeUtils: XrRuntimeUtils::EndSession
12-31 02:25:33.939  2710  2974 I [CT]    : MIXEDREALITY: TREX: Suspending Insight MR session.
12-31 02:25:33.940  2710  2974 I VrRuntimeClient: DEVICE MODEL NUMBER = Quest 2
12-31 02:25:33.940  2710  2974 I VrRuntimeClient: DEVICE BUILD NAME = SQ3A.220605.009.A1
12-31 02:25:33.940  2710  2974 I VrRuntimeClient: DEVICE BUILD TYPE = user
12-31 02:25:33.940  2710  2974 I VrRuntimeClient: DEVICE OS VERSION = 12
12-31 02:25:33.940  2710  2974 I VrRuntimeClient: API LOADER VERSION = 1.0.29
12-31 02:25:33.940  2710  2974 I VrRuntimeClient: RUNTIME API VERSION = 1.0.29
12-31 02:25:33.940  2710  2974 I VrRuntimeClient: RUNTIME VERSION = 59.0.0.172.706 Nov  6 2023 00:25:46 RELEASE
12-31 02:25:33.940  2710  2974 I VrRuntimeClient: APP NAME = Oculus App Runtime
12-31 02:25:33.940  2710  2974 I VrRuntimeClient: APP VERSION = 59.0.0.172.706 versionCode 535797236 internalVersionName 59.0.0.172.706.64ce586c41bc 2023_11_09_18_27
12-31 02:25:33.940  2710  2974 I VrRuntimeClient: APP VR TYPE = vr_only
12-31 02:25:33.940  2710  2974 I VrRuntimeClient: APP MODE TYPE = VR
12-31 02:25:33.940  2710  2974 I VrRuntimeClient: APP PACKAGE NAME = com.oculus.vrshell
12-31 02:25:33.940  2710  2974 I VrRuntimeClient: APP ACTIVITY CLASS = com.oculus.vrshell.ShellApplication
12-31 02:25:33.940  2710  2974 I Sensor  : OSSDKTRACKING Shutdown tracking
12-31 02:25:33.940  2710  2974 I FaceEyeTrackingManagerHelpers: [FaceEyeTrackingManager] Audio FT GK: 0
12-31 02:25:33.940  2710  2974 I LogTimer: CPUTIME: VrRuntimeClient_EndSession took 1.3254 ms
12-31 02:25:33.941  2710  2974 I VrApi   : OVR::Stats thread stopped
12-31 02:25:33.941  2710  2974 I InputDeviceManager: ovrInputDeviceManager::~ovrInputDeviceManager
12-31 02:25:33.941   952  1132 D TrackingService: haptic socket already exists
12-31 02:25:33.941   952  1132 D TrackingService: getSocket: com.oculus.vrshell
12-31 02:25:33.941  2710  2974 I InputDevice_TrackedRemote: OSSDKTRACKING shutting down Haptics
12-31 02:25:33.941  2710  2974 I InputDevice_TrackedRemote: OSSDKTRACKING shutting down Haptics
12-31 02:25:33.941  2710  2974 I InputDevice_TrackedRemote: OSSDKTRACKING shutting down Haptics
12-31 02:25:33.941  2710  2974 I InputDevice_TrackedRemote: OSSDKTRACKING shutting down Haptics
12-31 02:25:33.941  2710  2974 I OSHandDataQuerier: OSSDKTRACKING shutting down HandsTracker
12-31 02:25:33.941  2710  2974 I OSHandDataQuerier: OSSDKTRACKING shutting down HandsTracker
12-31 02:25:33.941  2710  2974 D OsSdk   : TrackingServiceConnection dtor
12-31 02:25:33.941   952  5780 I TrackingService: Unregistering client by ITrackingService.unregisterClient
12-31 02:25:33.941   952  5780 I TrackingService: Failed to unregister client because client not found in registered list
12-31 02:25:33.941   952  5780 I TrackingService: Unregistering client by ITrackingService.unregisterClient
12-31 02:25:33.941   952  5780 I TrackingService: Failed to unregister client because client not found in registered list
12-31 02:25:33.941   952  5780 I TrackingService: Unregistering client by ITrackingService.unregisterClient
12-31 02:25:33.941   952  5780 I TrackingService: Failed to unregister client because client not found in registered list
12-31 02:25:33.941   952  5780 I TrackingService: Unregistering client by ITrackingService.unregisterClient
12-31 02:25:33.941   952  5780 I TrackingService: Unregistering client by ITrackingService.unregisterClient
12-31 02:25:33.941   952  5780 I TrackingService: Failed to unregister client because client not found in registered list
12-31 02:25:33.941   952  5780 I TrackingService: Failed to unregister client because client not found in registered list
12-31 02:25:33.941   952  5780 I TrackingService: Failed to unregister client because client not found in registered list
12-31 02:25:33.941   952  5780 I TrackingService: Failed to unregister client because client not found in registered list
12-31 02:25:33.941   952  5780 I TrackingService: Failed to unregister client because client not found in registered list
12-31 02:25:33.941   952  5780 I TrackingService: Failed to unregister client because client not found in registered list
12-31 02:25:33.941   952  5780 I TrackingService: Failed to unregister client because client not found in registered list
12-31 02:25:33.941   952  5780 I TrackingService: Unregistering client by ITrackingService.unregisterClient
12-31 02:25:33.941   952  5780 I TrackingService: Failed to unregister client because client not found in registered list
12-31 02:25:33.941   952  5780 I TrackingService: Unregistering client by ITrackingService.unregisterClient
12-31 02:25:33.941   952  5780 I TrackingService: Failed to unregister client because client not found in registered list
12-31 02:25:33.941   952  5780 D TrackingService: unregister: com.oculus.vrshell
12-31 02:25:33.942  2710  2974 D OsSdk   : TrackingServiceConnection unregistered
12-31 02:25:33.944  3209  3274 W PhaseSync: [PS_Ver_1_0] DiscardFrame is triggered, frame->Stage 2 FrameBeginIndex 128460 
12-31 02:25:33.944  3209  3274 I MRSVC   : MIXEDREALITY: OpenXrSupport: OpenXR qualified success: xrBeginFrame(clientState_.session, &beginFrameDesc): XR_FRAME_DISCARDED
12-31 02:25:33.944  3209  3274 I MRSVC   : MIXEDREALITY: MrServiceView: renderIteration: Hibernating the rendering thread since ID is off and no active PT layers.
12-31 02:25:33.944  3209  3274 I MRSVC   : MIXEDREALITY: MrServiceController: Executing passthroughPause on model for client 487993102
12-31 02:25:33.944  3209  3274 I MRSVC   : MIXEDREALITY: MrServiceModel: passthroughPause()
12-31 02:25:33.944  3209  3274 I MRSVC   : MIXEDREALITY: MrServiceModel: passthroughPause: Paused Passthrough
12-31 02:25:33.945  3209  3274 I MRSVC   : MIXEDREALITY: MrRuntimeImpl: onPause: Capability Passthrough on device 2.
12-31 02:25:33.945   944  3267 I MRSS    : MIXEDREALITY: MrSystemServiceIPCServer: ChangeMrCapabilityStatus: client 3831201270, capability Passthrough, command 0.
12-31 02:25:33.945  3209  3274 I MRSVC   : MIXEDREALITY: MrRuntimeImpl: onPause: Capability Playspace on device 2.
12-31 02:25:33.945   944  3267 I MRSS    : MIXEDREALITY: MrSystemServiceIPCServer: ChangeMrCapabilityStatus: client 3831201270, capability Playspace, command 0.
12-31 02:25:33.951  2710 28017 I ClientInputThread_Internal: InputThreadRun ShutdownRequest received
12-31 02:25:33.951  2710  2974 I ClientInputTrackedKeyboardManager: TRACKEDKEYBOARD ClearTrackedObjectManager called on client
12-31 02:25:33.951  2710  2974 W REFLECT [RUNTIMEIPC]: Most likely you forgot to call Shutdown before destroying your client. Calling Shutdown now...
12-31 02:25:33.951  2710  2974 I RuntimeIPCClient [RUNTIMEIPC]: Shutdown: 4, Client: com.oculus.vrshell:com.oculus.vrshell:Overlay:2710, Server: com.oculus.vrshell:com.oculus.vrshell:Overlay (ptkserviceserver)
12-31 02:25:33.951  2710  2974 I RuntimeIPCClient [RUNTIMEIPC]: ReleaseRef: Remaining refs: 3, Client: com.oculus.vrshell:com.oculus.vrshell:Overlay:2710, Server: com.oculus.vrshell:com.oculus.vrshell:Overlay (ptkserviceserver)
12-31 02:25:33.951  2732  3118 I VrRuntimeService: RuntimeServiceSDKServer::EnableRendering: 0x0, 0, com.oculus.vrshell:Overlay
12-31 02:25:33.951  2732  3118 I ClientMgr: ClientMgr::EnableRendering 2710:com.oculus.vrshell : type 1 comp-id 2: disable
12-31 02:25:33.951  2732  3118 I VrRuntimeServer: DisableCompositorClient: 2
12-31 02:25:33.951  2732  3118 I CompositorClientMgr: Disable client 2
12-31 02:25:33.951  2732  3118 I CompositorClient: DisableClient: frame flush required: 1
12-31 02:25:33.957  2732  3118 I UnifiedTelemetryWrapper: Stopped UT session render:com.oculus.vrshell:Overlay
12-31 02:25:33.957  2710 28020 I FenceChecker: FenceChecker::MainLoop - ended
12-31 02:25:33.957  2710  2974 I VrRuntimeClient: PhaseSync Instance deleted
12-31 02:25:33.957  2710  2974 I OpenXR  : PostSessionStateChange: XR_SESSION_STATE_STOPPING -> XR_SESSION_STATE_IDLE
12-31 02:25:33.957  2710  2974 I Deque   : AddEventToQueue called. eventInfo.type: 18, eventInfo.next: 1
12-31 02:25:33.957  2710  2974 I OpenXR  : ------------ xrEndSession [end] -----------
12-31 02:25:33.957  2710  2974 I [OAO] VrPlatformOpenXr: EndSession xrEndSession passed
12-31 02:25:33.957  2710  2974 I [OAO] VrPlatformOpenXr: xrPollEvent: received XR_TYPE_EVENT_DATA_SESSION_STATE_CHANGED: 1 for session 0x200000000000002 at time 75397.016487
12-31 02:25:33.957  2710  2974 I [OAO] VrPlatformOpenXr: Session state changed XR_SESSION_STATE_IDLE
12-31 02:25:33.957  2710  2974 I OpenXR  : PostSessionStateChange: XR_SESSION_STATE_IDLE -> XR_SESSION_STATE_READY
12-31 02:25:33.957  2710  2974 I Deque   : AddEventToQueue called. eventInfo.type: 18, eventInfo.next: 1
12-31 02:25:33.957  2710  2974 I [OAO] VrPlatformOpenXr: xrPollEvent: received XR_TYPE_EVENT_DATA_SESSION_STATE_CHANGED: 2 for session 0x200000000000002 at time 75397.016632
12-31 02:25:33.957  2710  2974 I [OAO] VrPlatformOpenXr: Session state changed XR_SESSION_STATE_READY
12-31 02:25:33.962  2732  3056 I VrRuntimeServer: UpdateCompositorClientApertureMask client(5)
12-31 02:25:33.962  2732  3056 I VrRuntimeServer: UpdateCompositorClientLayerPlacement client(5): layer placement(4294967293)
12-31 02:25:33.962  2732  3056 I VrRuntimeServer: UpdateCompositorClientApertureMask client(4)
12-31 02:25:33.962  2732  3056 I VrRuntimeServer: UpdateCompositorClientLayerPlacement client(4): layer placement(129)
12-31 02:25:33.962  2732  3056 I VrRuntimeServer: UpdateCompositorClientApertureMask client(3)
12-31 02:25:33.962  2732  3056 I VrRuntimeServer: UpdateCompositorClientLayerPlacement client(3): layer placement(128)
12-31 02:25:33.967  2710  2974 I [OAO] VrPlatformOpenXr: EndSession passed message polling. count:1  count<maxRetryCount:1  sessionState:2
12-31 02:25:33.967  2710  2974 I [OAO] VrPlatformOpenXr: EndSession end
12-31 02:25:33.978  2710  2974 I [OAO] AudioMixer: Disabling AudioPlayer.
12-31 02:25:34.006   724   724 I tombstoned: received crash request for pid 2760
12-31 02:25:34.007   724   724 I tombstoned: found intercept fd 512 for pid 2760 and type kDebuggerdJavaBacktrace
12-31 02:25:34.007   724   724 W tombstoned: missing output fd
12-31 02:25:34.007  2760  2766 I istence_servic: Wrote stack traces to tombstoned
12-31 02:25:34.007  1151 27955 I system_server: libdebuggerd_client: done dumping process 2760
12-31 02:25:34.010  1151 27955 I ActivityManager: Collecting stacks for extra pid 27234
12-31 02:25:34.010  1151 27955 I system_server: libdebuggerd_client: started dumping process 27234
12-31 02:25:34.011   724   724 I tombstoned: registered intercept for pid 27234 and type kDebuggerdJavaBacktrace
12-31 02:25:34.011 27234 27240 I s.clearactivit: Thread[6,tid=27240,WaitingInMainSignalCatcherLoop,Thread*=0xb400007dac61b400,peer=0x12dc00d8,"Signal Catcher"]: reacting to signal 3
12-31 02:25:34.011 27234 27240 I s.clearactivit: 
12-31 02:25:34.020  2144 27495 I VrApi   : FPS=2/0,Prd=0ms,Tear=0,Early=0,Stale=0,Stale2/5/10/max=0/0/0/0,VSnc=0,Lat=-1,Fov=0,CPU4/GPU=5/3,1478/490MHz,OC=FF,TA=0/F/0,SP=N/N/N,Mem=1353MHz,Free=2617MB,PLS=0,Temp=30.2C/0.0C,TW=1.06ms,App=-47.57ms,GD=0.00ms,CPU&GPU=0.00ms,LCnt=1(DR0,LM0),GPU%=0.12,CPU%=0.14(W0.15),DSF=1.00,CFL=11.93/17.75,ICFLp95=15.37,LD=0,SF=0.00,LP=0,DVFS=0
12-31 02:25:34.020  3209  3274 W PhaseSync: [PS_Ver_1_0] DiscardFrame is triggered, frame->Stage 2 FrameBeginIndex 128461 
12-31 02:25:34.021  3209  3274 I MRSVC   : MIXEDREALITY: OpenXrSupport: OpenXR qualified success: xrBeginFrame(clientState_.session, &beginFrameDesc): XR_FRAME_DISCARDED
12-31 02:25:34.021  3209  3274 I MRSVC   : MIXEDREALITY: MrServiceView: renderIteration: Hibernating the rendering thread since ID is off and no active PT layers.
12-31 02:25:34.021  3209  3274 I MRSVC   : MIXEDREALITY: MrServiceModelBase: Hibernating caller (most likely rendering thread) due to commandQueue being empty.
12-31 02:25:34.071   724   724 I tombstoned: received crash request for pid 27234
12-31 02:25:34.071   724   724 I tombstoned: found intercept fd 512 for pid 27234 and type kDebuggerdJavaBacktrace
12-31 02:25:34.071   724   724 W tombstoned: missing output fd
12-31 02:25:34.071 27234 27240 I s.clearactivit: Wrote stack traces to tombstoned
12-31 02:25:34.071  1151 27955 I system_server: libdebuggerd_client: done dumping process 27234
12-31 02:25:34.073  1151 27955 I ActivityManager: Done dumping
12-31 02:25:34.090  1151 27955 W ProcessCpuTracker: Failed to stat(/proc/28134): android.system.ErrnoException: stat failed: ENOENT (No such file or directory)
12-31 02:25:34.090  1151 27955 W ProcessCpuTracker: Skipping unknown process pid 28134
12-31 02:25:34.093  1151 27955 E ActivityManager: ANR in com.epicgames.AtomVR (com.epicgames.AtomVR/com.epicgames.unreal.GameActivity)
12-31 02:25:34.093  1151 27955 E ActivityManager: PID: 27384
12-31 02:25:34.093  1151 27955 E ActivityManager: Reason: Input dispatching timed out (b319931 com.epicgames.AtomVR/com.epicgames.unreal.GameActivity (server) is not responding. Waited 5000ms for FocusEvent(hasFocus=true))
12-31 02:25:34.093  1151 27955 E ActivityManager: Parent: com.epicgames.AtomVR/com.epicgames.unreal.GameActivity
12-31 02:25:34.093  1151 27955 E ActivityManager: Frozen: false
12-31 02:25:34.093  1151 27955 E ActivityManager: 
12-31 02:25:34.093  1151 27955 E ActivityManager: anr_looper_history: 
12-31 02:25:34.093  1151 27955 E ActivityManager: ----- Output from /proc/pressure/memory -----
12-31 02:25:34.093  1151 27955 E ActivityManager: some avg10=0.00 avg60=0.00 avg300=0.00 total=2379385
12-31 02:25:34.093  1151 27955 E ActivityManager: full avg10=0.00 avg60=0.00 avg300=0.00 total=727703
12-31 02:25:34.093  1151 27955 E ActivityManager: ----- End output from /proc/pressure/memory -----
12-31 02:25:34.093  1151 27955 E ActivityManager: 
12-31 02:25:34.093  1151 27955 E ActivityManager: CPU Load: 3.7 / 3.96 / 3.43
12-31 02:25:34.093  1151 27955 E ActivityManager: CPU usage from 0ms to 10102ms later (2023-12-31 02:25:23.971 to 2023-12-31 02:25:34.073):
12-31 02:25:34.093  1151 27955 E ActivityManager:   51% 952/trackingservice: 47% user + 4.5% kernel / faults: 8215 minor
12-31 02:25:34.093  1151 27955 E ActivityManager:   40% 27384/com.epicgames.AtomVR: 39% user + 1% kernel / faults: 69048 minor
12-31 02:25:34.093  1151 27955 E ActivityManager:   18% 979/adbd: 2.8% user + 15% kernel / faults: 4249 minor
12-31 02:25:34.093  1151 27955 E ActivityManager:   18% 2144/com.oculus.shellenv: 12% user + 6.1% kernel / faults: 24383 minor 47 major
12-31 02:25:34.093  1151 27955 E ActivityManager:   17% 2732/com.oculus.vrruntimeservice: 12% user + 4.5% kernel / faults: 6311 minor
12-31 02:25:34.093  1151 27955 E ActivityManager:   15% 787/vendor.oculus.hardware.sensors@1.0-service: 8.5% user + 6.6% kernel
12-31 02:25:34.093  1151 27955 E ActivityManager:   13% 3125/com.oculus.vrguardianservice: 9.6% user + 3.4% kernel / faults: 11087 minor
12-31 02:25:34.093  1151 27955 E ActivityManager:   7.9% 1151/system_server: 3.8% user + 4% kernel / faults: 7539 minor
12-31 02:25:34.093  1151 27955 E ActivityManager:   7.3% 2710/com.oculus.vrshell:Overlay: 6.1% user + 1.1% kernel / faults: 123 minor
12-31 02:25:34.093  1151 27955 E ActivityManager:   4.1% 2760/com.facebook.spatial_persistence_service: 2.4% user + 1.6% kernel / faults: 4125 minor 7 major
12-31 02:25:34.093  1151 27955 E ActivityManager:   4.1% 22353/syncboss:spi_th: 0% user + 4.1% kernel
12-31 02:25:34.093  1151 27955 E ActivityManager:   3% 25896/kworker/u17:0-hal_register_write_wq: 0% user + 3% kernel
12-31 02:25:34.093  1151 27955 E ActivityManager:   2.7% 281/kgsl_worker_thr: 0% user + 2.7% kernel
12-31 02:25:34.093  1151 27955 E ActivityManager:   2.7% 920/media.swcodec: 1.4% user + 1.2% kernel / faults: 9922 minor
12-31 02:25:34.093  1151 27955 E ActivityManager:   2.4% 847/surfaceflinger: 1.3% user + 1% kernel / faults: 168 minor
12-31 02:25:34.093  1151 27955 E ActivityManager:   2.4% 3209/com.oculus.mrservice: 1.5% user + 0.8% kernel / faults: 40 minor
12-31 02:25:34.093  1151 27955 E ActivityManager:   2.3% 846/vendor.qti.hardware.display.composer-service: 0.5% user + 1.7% kernel / faults: 741 minor
12-31 02:25:34.093  1151 27955 E ActivityManager:   2.2% 23009/kworker/u17:8-kgsl-events: 0% user + 2.2% kernel
12-31 02:25:34.093  1151 27955 E ActivityManager:   1.7% 23927/kworker/u16:10-governor_msm_adreno_tz_: 0% user + 1.7% kernel / faults: 190 minor
12-31 02:25:34.093  1151 27955 E ActivityManager:   1.5% 1661/com.oculus.os.cm: 1.2% user + 0.2% kernel / faults: 1378 minor
12-31 02:25:34.093  1151 27955 E ActivityManager:   1.2% 615/vendor.oculus.hardware.sensors@1.0-iad: 0% user + 1.2% kernel
12-31 02:25:34.093  1151 27955 E ActivityManager:   1.2% 24499/kworker/u16:7-ufs_clkscaling_0: 0% user + 1.2% kernel / faults: 129 minor
12-31 02:25:34.093  1151 27955 E ActivityManager:   1% 9166/com.oculus.systemux:SystemUX: 0.6% user + 0.3% kernel / faults: 184 minor
12-31 02:25:34.093  1151 27955 E ActivityManager:   0.8% 17/kernfs_notifier: 0% user + 0.8% kernel
12-31 02:25:34.093  1151 27955 E ActivityManager:   0.8% 784/perf_service: 0% user + 0.7% kernel / faults: 117 minor
12-31 02:25:34.093  1151 27955 E ActivityManager:   0% 913/media.codec: 0% user + 0% kernel / faults: 2371 minor
12-31 02:25:34.093  1151 27955 E ActivityManager:   0.8% 24645/kworker/u16:13-adb: 0% user + 0.8% kernel / faults: 66 minor
12-31 02:25:34.093  1151 27955 E ActivityManager:   0.7% 1694/com.oculus.companion.server: 0.3% user + 0.3% kernel / faults: 614 minor
12-31 02:25:34.093  1151 27955 E ActivityManager:   0.6% 883/media.extractor: 0.2% user + 0.3% kernel / faults: 2419 minor
12-31 02:25:34.093  1151 27955 E ActivityManager:   0.6% 905/telemetry: 0.6% user + 0% kernel / faults: 172 minor
12-31 02:25:34.093  1151 27955 E ActivityManager:   0.6% 1626/com.oculus.os.vrlockscreen: 0.4% user + 0.1% kernel / faults: 667 minor 1 major
12-31 02:25:34.093  1151 27955 E ActivityManager:   0.5% 406/crtc_commit:180: 0% user + 0.5% kernel
12-31 02:25:34.093  1151 27955 E ActivityManager:   0.5% 561/logd: 0% user + 0.5% kernel / faults: 136 minor
12-31 02:25:34.093  1151 27955 E ActivityManager:   0.5% 27234/com.oculus.os.clearactivity: 0.2% user + 0.2% kernel / faults: 761 minor
12-31 02:25:34.093  1151 27955 E ActivityManager:   0.4% 1682/com.oculus.micservice_notificationproxy: 0.2% user + 0.1% kernel / faults: 521 minor
12-31 02:25:34.093  1151 27955 E ActivityManager:   0.2% 1734/com.oculus.maintenanceboot: 0.1% user + 0.1% kernel / faults: 510 minor
12-31 02:25:34.093  1151 27955 E ActivityManager:   0.3% 2321/com.oculus.vrshell: 0.2% user + 0% kernel / faults: 105 minor
12-31 02:25:34.093  1151 27955 E ActivityManager:   0.3% 2502/com.oculus.ocms: 0.3% user + 0% kernel / faults: 441 minor
12-31 02:25:34.093  1151 27955 E ActivityManager:   0.3% 22054/com.oculus.socialplatform: 0.2% user + 0% kernel / faults: 284 minor
12-31 02:25:34.093  1151 27955 E ActivityManager:   0.3% 25583/kworker/u16:15: 0% user + 0.3% kernel / faults: 44 minor
12-31 02:25:34.093  1151 27955 E ActivityManager:   0.2% 2020/com.oculus.horizon: 0% user + 0.2% kernel / faults: 182 minor
12-31 02:25:34.093  1151 27955 E ActivityManager:   0.2% 3180/com.oculus.identitymanagement.service: 0.2% user + 0% kernel / faults: 225 minor
12-31 02:25:34.093  1151 27955 E ActivityManager:   0.2% 25792/kworker/u16:17-adb: 0% user + 0.2% kernel / faults: 37 minor
12-31 02:25:34.093  1151 27955 E ActivityManager:   0.1% 27143/com.oculus.assistant: 0.1% user + 0% kernel / faults: 292 minor
12-31 02:25:34.093  1151 27955 E ActivityManager:   0.2% 27557/logcat: 0% user + 0.1% kernel
12-31 02:25:34.093  1151 27955 E ActivityManager:   0% 20/migration/1: 0% user + 0% kernel
12-31 02:25:34.093  1151 27955 E ActivityManager:   0.1% 57/rcuop/5: 0% user + 0.1% kernel
12-31 02:25:34.093  1151 27955 E ActivityManager:   0.1% 65/rcuop/6: 0% user + 0.1% kernel
12-31 02:25:34.093  1151 27955 E ActivityManager:   0.1% 541/ueventd: 0.1% user + 0% kernel / faults: 1 minor
12-31 02:25:34.093  1151 27955 E ActivityManager:   0% 724/tombstoned: 0% user + 0% kernel / faults: 246 minor
12-31 02:25:34.093  1151 27955 E ActivityManager:   0.1% 751/settingsserver: 0% user + 0.1% kernel
12-31 02:25:34.093  1151 27955 E ActivityManager:   0.1% 774/android.hardware.health@2.1-service: 0% user + 0.1% kernel / faults: 178 minor
12-31 02:25:34.093  1151 27955 E ActivityManager:   0.1% 950/runtimeipcbroker: 0.1% user + 0% kernel
12-31 02:25:34.093  1151 27955 E ActivityManager:   0% 1459/com.android.bluetooth: 0% user + 0% kernel / faults: 128 minor
12-31 02:25:34.093  1151 27955 E ActivityManager:   0.1% 1595/com.oculus.statscollector: 0% user + 0% kernel / faults: 35 minor
12-31 02:25:34.093  1151 27955 E ActivityManager:   0.1% 2226/com.oculus.userserver2: 0% user + 0% kernel / faults: 435 minor
12-31 02:25:34.093  1151 27955 E ActivityManager:   0.1% 3233/com.oculus.metacam: 0% user + 0% kernel / faults: 32 minor
12-31 02:25:34.093  1151 27955 E ActivityManager:   0.1% 18121/com.oculus.deviceauthserver: 0.1% user + 0% kernel / faults: 109 minor
12-31 02:25:34.093  1151 27955 E ActivityManager:   0.1% 23788/kworker/u17:20-kgsl-events: 0% user + 0.1% kernel
12-31 02:25:34.093  1151 27955 E ActivityManager:   0% 11/rcu_sched: 0% user + 0% kernel
12-31 02:25:34.093  1151 27955 E ActivityManager:   0% 16/migration/0: 0% user + 0% kernel
12-31 02:25:34.093  1151 27955 E ActivityManager:   0% 28/migration/2: 0% user + 0% kernel
12-31 02:25:34.093  1151 27955 E ActivityManager:   0% 32/rcuop/2: 0% user + 0% kernel
12-31 02:25:34.093  1151 27955 E ActivityManager:   0% 36/migration/3: 0% user + 0% kernel
12-31 02:25:34.093  1151 27955 E ActivityManager:   0% 37/ksoftirqd/3: 0% user + 0% kernel
12-31 02:25:34.093  1151 27955 E ActivityManager:   0% 49/rcuop/4: 0% user + 0% kernel
12-31 02:25:34.093  1151 27955 E ActivityManager:   0% 50/rcuos/4: 0% user + 0% kernel
12-31 02:25:34.093  1151 27955 E ActivityManager:   0% 54/ksoftirqd/5: 0% user + 0% kernel
12-31 02:25:34.093  1151 27955 E ActivityManager:   0% 66/rcuos/6: 0% user + 0% kernel
12-31 02:25:34.093  1151 27955 E ActivityManager:   0% 109/system: 0% user + 0% kernel
12-31 02:25:34.093  1151 27955 E ActivityManager:   0% 404/crtc_commit:129: 0% user + 0% kernel
12-31 02:25:34.093  1151 27955 E ActivityManager:   0% 562/lmkd: 0% user + 0% kernel
12-31 02:25:34.093  1151 27955 E ActivityManager:   0% 614/vendor.oculus.hardware.battery@1.0-service: 0% user + 0% kernel / faults: 172 minor
12-31 02:25:34.093  1151 27955 E ActivityManager:   0% 765/statsd: 0% user + 0% kernel / faults: 56 minor
12-31 02:25:34.093  1151 27955 E ActivityManager:   0% 801/audioserver: 0% user + 0% kernel / faults: 80 minor
12-31 02:25:34.093  1151 27955 E ActivityManager:   0% 884/mediaserver: 0% user + 0% kernel / faults: 59 minor
12-31 02:25:34.093  1151 27955 E ActivityManager:   0% 914/hvdcp_opti: 0% user + 0% kernel / faults: 37 minor
12-31 02:25:34.093  1151 27955 E ActivityManager:   0% 959/vrdevicemanagerserver: 0% user + 0% kernel
12-31 02:25:34.093  1151 27955 E ActivityManager:   0% 985/xrspd: 0% user + 0% kernel
12-31 02:25:34.093  1151 27955 E ActivityManager:   0% 2041/com.facebook.wearable.system.location.service: 0% user + 0% kernel
12-31 02:25:34.093  1151 27955 E ActivityManager:   0% 2075/com.oculus.updater: 0% user + 0% kernel / faults: 35 minor
12-31 02:25:34.093  1151 27955 E ActivityManager:   0% 2154/com.oculus.qplservice: 0% user + 0% kernel
12-31 02:25:34.093  1151 27955 E ActivityManager:   0% 2422/com.oculus.presence: 0% user + 0% kernel / faults: 56 minor
12-31 02:25:34.093  1151 27955 E ActivityManager:   0% 8790/com.oculus.captionservice: 0% user + 0% kernel
12-31 02:25:34.093  1151 27955 E ActivityManager:   0% 10015/com.oculus.systemutilities: 0% user + 0% kernel / faults: 34 minor
12-31 02:25:34.093  1151 27955 E ActivityManager:   0% 21599/kworker/4:4-events: 0% user + 0% kernel
12-31 02:25:34.093  1151 27955 E ActivityManager:   0% 21721/kworker/5:2-mm_percpu_wq: 0% user + 0% kernel
12-31 02:25:34.093  1151 27955 E ActivityManager:   0% 22296/kworker/5:0-events: 0% user + 0% kernel
12-31 02:25:34.093  1151 27955 E ActivityManager:   0% 23038/kworker/4:5-events_freezable_power_: 0% user + 0% kernel
12-31 02:25:34.093  1151 27955 E ActivityManager:   0% 23729/kworker/5:4-events: 0% user + 0% kernel
12-31 02:25:34.093  1151 27955 E ActivityManager:   0% 23977/kworker/4:2-events: 0% user + 0% kernel
12-31 02:25:34.093  1151 27955 E ActivityManager:   0% 24120/com.oculus.appsafety: 0% user + 0% kernel / faults: 84 minor
12-31 02:25:34.093  1151 27955 E ActivityManager:   0% 27759/kworker/7:0-events_power_efficient: 0% user + 0% kernel
12-31 02:25:34.093  1151 27955 E ActivityManager:  +0% 28001/kworker/4:0: 0% user + 0% kernel
12-31 02:25:34.093  1151 27955 E ActivityManager:  +0% 28014/kworker/5:1: 0% user + 0% kernel
12-31 02:25:34.093  1151 27955 E ActivityManager: 37% TOTAL: 21% user + 13% kernel + 0.1% iowait + 1.8% irq + 0.2% softirq
12-31 02:25:34.093  1151 27955 E ActivityManager: CPU usage from 30ms to 504ms later (2023-12-31 02:25:24.001 to 2023-12-31 02:25:24.475):
12-31 02:25:34.093  1151 27955 E ActivityManager:   65% 1151/system_server: 30% user + 35% kernel / faults: 1585 minor
12-31 02:25:34.093  1151 27955 E ActivityManager:     48% 27955/AnrConsumer: 17% user + 30% kernel
12-31 02:25:34.093  1151 27955 E ActivityManager:     10% 1160/HeapTaskDaemon: 10% user + 0% kernel
12-31 02:25:34.093  1151 27955 E ActivityManager:     2.5% 1176/android.anim.lf: 2.5% user + 0% kernel
12-31 02:25:34.093  1151 27955 E ActivityManager:     2.5% 4246/Binder:1151_12: 2.5% user + 0% kernel
12-31 02:25:34.093  1151 27955 E ActivityManager:   47% 952/trackingservice: 42% user + 5% kernel / faults: 278 minor
12-31 02:25:34.093  1151 27955 E ActivityManager:     17% 27738/CtrllrCam: 17% user + 0% kernel
12-31 02:25:34.093  1151 27955 E ActivityManager:     15% 27729/IOTcam: 15% user + 0% kernel
12-31 02:25:34.093  1151 27955 E ActivityManager:     7.5% 27701/IOTmotion: 2.5% user + 5% kernel
