12-31 11:04:52.515   952  7548 I Tracking: BOLT:HexagonTelemetry: Global DSP utilization: 5.39% (269 / 5004 ms), Scalar Util: 89.00%, HVX Util: 49.22%, HMX Util: 0.00%.
12-31 11:04:52.517 10183 10365 I AdrenoVK-0: Unknown struct with type 0x0 provided to vkCreateImageView
12-31 11:04:52.517 10183 10365 I xrstreaming: Constructing buffer 19
12-31 11:04:52.519  9166 10471 D CCodecBufferChannel: [c2.android.vorbis.decoder#761] MediaCodec discarded an unknown buffer
12-31 11:04:52.519  9166 10471 D CCodecBufferChannel: [c2.android.vorbis.decoder#761] MediaCodec discarded an unknown buffer
12-31 11:04:52.520 10183 10370 I AdrenoVK-0: Unknown struct with type 0x0 provided to vkCreateImageView
12-31 11:04:52.520 10183 10370 I xrstreaming: Constructing buffer 18
12-31 11:04:52.521 10183 10359 I AdrenoVK-0: Unknown struct with type 0x0 provided to vkCreateImageView
12-31 11:04:52.521 10183 10359 I xrstreaming: Constructing buffer 14
12-31 11:04:52.521 10183 10375 I AdrenoVK-0: Unknown struct with type 0x0 provided to vkCreateImageView
12-31 11:04:52.521 10183 10375 I xrstreaming: Constructing buffer 20
12-31 11:04:52.521 10183 10362 I AdrenoVK-0: Unknown struct with type 0x0 provided to vkCreateImageView
12-31 11:04:52.521 10183 10362 I xrstreaming: Constructing buffer 20
12-31 11:04:52.521 10183 10365 I AdrenoVK-0: Unknown struct with type 0x0 provided to vkCreateImageView
12-31 11:04:52.522 10183 10365 I xrstreaming: Constructing buffer 20
12-31 11:04:52.522 10183 10370 I AdrenoVK-0: Unknown struct with type 0x0 provided to vkCreateImageView
12-31 11:04:52.522 10183 10370 I xrstreaming: Constructing buffer 19
12-31 11:04:52.524 10183 10359 I AdrenoVK-0: Unknown struct with type 0x0 provided to vkCreateImageView
12-31 11:04:52.524 10183 10359 I xrstreaming: Constructing buffer 15
12-31 11:04:52.526 10183 10375 I AdrenoVK-0: Unknown struct with type 0x0 provided to vkCreateImageView
12-31 11:04:52.526 10183 10375 I xrstreaming: Constructing buffer 21
12-31 11:04:52.528 10183 10365 I AdrenoVK-0: Unknown struct with type 0x0 provided to vkCreateImageView
12-31 11:04:52.528 10183 10365 I xrstreaming: Constructing buffer 21
12-31 11:04:52.531  3180 14161 E AnalyticsEvent: could not set key=selection_args value=null
12-31 11:04:52.532  3180 14161 D CapabilitiesProvider: Capabilities Content Provider called content://com.oculus.identitymanagement.capabilities.contentprovider/account/activeuser/capabilities/com.oculus.capability.social.all, selection= null, selectionArgs=null, sortOrder= null
12-31 11:04:52.533  3180 23745 E AnalyticsEvent: could not set key=selection_args value=null
12-31 11:04:52.533  3180 23745 D CapabilitiesProvider: Capabilities Content Provider called content://com.oculus.identitymanagement.capabilities.contentprovider/account/activeuser/capabilities/com.oculus.capability.social.all, selection= null, selectionArgs=null, sortOrder= null
12-31 11:04:52.536  9166 10480 I hw-BpHwBinder: onLastStrongRef automatically unlinking death recipients
12-31 11:04:52.540 10183 10359 I AdrenoVK-0: Unknown struct with type 0x0 provided to vkCreateImageView
12-31 11:04:52.540 10183 10359 I xrstreaming: Constructing buffer 16
12-31 11:04:52.543  9166  9166 D [SUI] SystemUXFunnelLogServerLogger: VPV Event: oculus_impressions_tile_vpved PersistableBundle[{duration=250, surface=AUI, rawclienttime=1704002692522, utl_uptime_ms=106555581, aui_section=pinned, aui_position_in_section=0, content_id=2646830762095036, position=0, content_type=APP, utl_realtime_ms=157955017, aui_in_app=true, position_x=0, position_y=0}]
12-31 11:04:52.546  9166 10445 D MediaCodec: flushMediametrics
12-31 11:04:52.546  9166 10445 W mediametrics::Item: selfrecord: failed to record: {codec, (01-01 05:00:00.000), (, -1, -1), (android.media.mediacodec.channelCount=1, android.media.mediacodec.codec=c2.android.vorbis.decoder, android.media.mediacodec.encoder=0, android.media.mediacodec.latency.avg=12836, android.media.mediacodec.latency.max=48915, android.media.mediacodec.latency.min=1715, android.media.mediacodec.latency.n=78, android.media.mediacodec.latency.unknown=2, android.media.mediacodec.lifetimeMs=364, android.media.mediacodec.log-session-id=, android.media.mediacodec.low-latency.first-frame=-1, android.media.mediacodec.low-latency.off=0, android.media.mediacodec.low-latency.on=0, android.media.mediacodec.mime=audio/vorbis, android.media.mediacodec.mode=audio, android.media.mediacodec.sampleRate=48000)}
12-31 11:04:52.549  3180 23745 E AnalyticsEvent: could not set key=selection_args value=null
12-31 11:04:52.552  9166 10457 I [SUI] ConsumerConfiguration: Setting SystemUX Configuration and Policy Settings.
12-31 11:04:52.552  9166 10457 V [SUI] RawSettingsItem: editableFetcher is empty for id: auto_sync_media_to_tw
12-31 11:04:52.553 10183 10370 I AdrenoVK-0: Unknown struct with type 0x0 provided to vkCreateImageView
12-31 11:04:52.553 10183 10370 I xrstreaming: Constructing buffer 20
12-31 11:04:52.555 10183 10362 I AdrenoVK-0: Unknown struct with type 0x0 provided to vkCreateImageView
12-31 11:04:52.555 10183 10362 I xrstreaming: Constructing buffer 21
12-31 11:04:52.555  3180 23745 D CapabilitiesProvider: Capabilities Content Provider called content://com.oculus.identitymanagement.capabilities.contentprovider/account/activeuser/capabilities/com.oculus.capability.social.all, selection= null, selectionArgs=null, sortOrder= null
12-31 11:04:52.557 10183 10365 I AdrenoVK-0: Unknown struct with type 0x0 provided to vkCreateImageView
12-31 11:04:52.557 10183 10375 I AdrenoVK-0: Unknown struct with type 0x0 provided to vkCreateImageView
12-31 11:04:52.561  9166 10457 V [SUI] RawSettingsItem: editableFetcher is empty for id: bluetooth_refresh
12-31 11:04:52.562 10183 10359 I AdrenoVK-0: Unknown struct with type 0x0 provided to vkCreateImageView
12-31 11:04:52.562 10183 10359 I xrstreaming: Constructing buffer 17
12-31 11:04:52.563 10183 10362 I AdrenoVK-0: Unknown struct with type 0x0 provided to vkCreateImageView
12-31 11:04:52.563 10183 10370 I AdrenoVK-0: Unknown struct with type 0x0 provided to vkCreateImageView
12-31 11:04:52.564 10183 10370 I xrstreaming: Constructing buffer 21
12-31 11:04:52.567  9166  9166 D [SUI] SystemUXFunnelLogServerLogger: VPV Event: oculus_impressions_tile_vpved PersistableBundle[{duration=250, surface=AUI, rawclienttime=1704002692522, utl_uptime_ms=106555602, aui_section=pinned, aui_position_in_section=1, content_id=3209391179128490, position=1, content_type=APP, utl_realtime_ms=157955038, aui_in_app=true, position_x=1, position_y=0}]
12-31 11:04:52.568 10183 10370 I AdrenoVK-0: Unknown struct with type 0x0 provided to vkCreateImageView
12-31 11:04:52.571 10183 10359 I AdrenoVK-0: Unknown struct with type 0x0 provided to vkCreateImageView
12-31 11:04:52.571 10183 10359 I xrstreaming: Constructing buffer 18
12-31 11:04:52.572  3180 23745 E AnalyticsEvent: could not set key=selection_args value=null
12-31 11:04:52.573 10183 10359 I AdrenoVK-0: Unknown struct with type 0x0 provided to vkCreateImageView
12-31 11:04:52.573 10183 10359 I xrstreaming: Constructing buffer 19
12-31 11:04:52.573  3180 23745 D CapabilitiesProvider: Capabilities Content Provider called content://com.oculus.identitymanagement.capabilities.contentprovider/account/activeuser/capabilities/com.oculus.capability.social.all, selection= null, selectionArgs=null, sortOrder= null
12-31 11:04:52.575 10183 10359 I AdrenoVK-0: Unknown struct with type 0x0 provided to vkCreateImageView
12-31 11:04:52.575 10183 10359 I xrstreaming: Constructing buffer 20
12-31 11:04:52.588  9166  9166 D [SUI] SystemUXFunnelLogServerLogger: VPV Event: oculus_impressions_tile_vpved PersistableBundle[{duration=250, surface=AUI, rawclienttime=1704002692522, utl_uptime_ms=106555626, aui_section=pinned, aui_position_in_section=2, content_id=messenger_system_app, position=2, content_type=APP, utl_realtime_ms=157955061, aui_in_app=true, position_x=2, position_y=0}]
12-31 11:04:52.588  9166  9166 D [SUI] SystemUXFunnelLogServerLogger: VPV Event: oculus_impressions_tile_vpved PersistableBundle[{duration=250, surface=AUI, rawclienttime=1704002692522, utl_uptime_ms=106555647, aui_section=pinned, aui_position_in_section=3, content_id=share_system_app, position=3, content_type=APP, utl_realtime_ms=157955082, aui_in_app=true, position_x=3, position_y=0}]
12-31 11:04:52.597  9166 10476 D CCodecBufferChannel: [c2.android.vorbis.decoder#862] MediaCodec discarded an unknown buffer
12-31 11:04:52.597  9166 10476 D CCodecBufferChannel: [c2.android.vorbis.decoder#862] MediaCodec discarded an unknown buffer
12-31 11:04:52.607  3125  3169 I GuardianCollisionTracker: Guardian Controller Collision: Magnitude: 15.156, Duration: -1.000 sec, TimeStamp: 106555.640625 sec
12-31 11:04:52.615 10183 10359 I AdrenoVK-0: Unknown struct with type 0x0 provided to vkCreateImageView
12-31 11:04:52.615 10183 10359 I xrstreaming: Constructing buffer 21
12-31 11:04:52.617 10183 10359 I AdrenoVK-0: Unknown struct with type 0x0 provided to vkCreateImageView
12-31 11:04:52.620   883  4023 W mediametrics::Item: selfrecord: failed to record: {extractor, (01-01 05:00:00.000), (, -1, 10037), (android.media.mediaextractor.entry=ndk-with-jvm, android.media.mediaextractor.fmt=OggExtractor, android.media.mediaextractor.mime=audio/ogg, android.media.mediaextractor.ntrk=1)}
12-31 11:04:52.630  9166 10457 V [SUI] RawSettingsItem: valueFetcher is empty for id: voice_recordings_storage
12-31 11:04:52.630  9166 10457 V [SUI] RawSettingsItem: editableFetcher is empty for id: voice_recordings_storage
12-31 11:04:52.655  9166 10457 V [SUI] RawSettingsItem: valueFetcher is empty for id: wifi_manage_subscriptions
12-31 11:04:52.655  9166 10457 V [SUI] RawSettingsItem: editableFetcher is empty for id: wifi_manage_subscriptions
12-31 11:04:52.662  9166 10483 I hw-BpHwBinder: onLastStrongRef automatically unlinking death recipients
12-31 11:04:52.663   920  3767 I hw-BpHwBinder: onLastStrongRef automatically unlinking death recipients
12-31 11:04:52.473     0     0 W healthd : battery l=95 v=4224 t=35.2 h=2 st=4 c=-979003 fc=3749000 cc=3 chg=u
12-31 11:04:52.669  9166 10446 D MediaCodec: flushMediametrics
12-31 11:04:52.675  9166 10446 W mediametrics::Item: selfrecord: failed to record: {codec, (01-01 05:00:00.000), (, -1, -1), (android.media.mediacodec.channelCount=1, android.media.mediacodec.codec=c2.android.vorbis.decoder, android.media.mediacodec.encoder=0, android.media.mediacodec.latency.avg=16931, android.media.mediacodec.latency.max=38831, android.media.mediacodec.latency.min=3841, android.media.mediacodec.latency.n=49, android.media.mediacodec.latency.unknown=2, android.media.mediacodec.lifetimeMs=352, android.media.mediacodec.log-session-id=, android.media.mediacodec.low-latency.first-frame=-1, android.media.mediacodec.low-latency.off=0, android.media.mediacodec.low-latency.on=0, android.media.mediacodec.mime=audio/vorbis, android.media.mediacodec.mode=audio, android.media.mediacodec.sampleRate=48000)}
12-31 11:04:52.680   920  3767 V C2Store : in ~ComponentModule
12-31 11:04:52.685   883   883 W mediametrics::Item: selfrecord: failed to record: {extractor, (01-01 05:00:00.000), (, -1, 10037), (android.media.mediaextractor.entry=ndk-with-jvm, android.media.mediaextractor.fmt=OggExtractor, android.media.mediaextractor.mime=audio/ogg, android.media.mediaextractor.ntrk=1)}
12-31 11:04:52.686   920  3767 V C2Store : unloading dll
12-31 11:04:52.680  3180 23745 E AnalyticsEvent: could not set key=selection_args value=null
12-31 11:04:52.693  3180 23745 D CapabilitiesProvider: Capabilities Content Provider called content://com.oculus.identitymanagement.capabilities.contentprovider/account/activeuser/capabilities/com.oculus.capability.social.all, selection= null, selectionArgs=null, sortOrder= null
12-31 11:04:52.698 10183 10359 E xrstreaming: Unexpected decode timing present index.
12-31 11:04:52.701 10183 10210 V xrstreaming: SetMesh_(): BEGIN mesh (0 -> 1002)
12-31 11:04:52.706 10183 10359 E xrstreaming: Unexpected decode timing present index.
12-31 11:04:52.708 10183 10210 V xrstreaming: CreateLUT(): 2DLut 130 x 65 , mesh #vert = 8450
12-31 11:04:52.709  2732 10258 I VrRuntimeService: RuntimeServiceSDKServer::SetAADTLutData: 3140006733
12-31 11:04:52.711  2732 10258 W ClientMgr: ClientMgr::SetAADTLutData: X: com.oculus.xrstreamingclient:com.oculus.xrstreamingclient:10183, 130
12-31 11:04:52.711  2732 10258 I AADT    : SetAADTLutDataX: 130
12-31 11:04:52.711  2732 10258 I AADT    : SetAADTLutDataY: 0
12-31 11:04:52.712 10183 10359 E xrstreaming: Unexpected decode timing present index.
12-31 11:04:52.711  2732 10258 W ClientMgr: ClientMgr::SetAADTLutData: Y: com.oculus.xrstreamingclient:com.oculus.xrstreamingclient:10183, 65
12-31 11:04:52.712  2732 10258 I AADT    : SetAADTLutDataX: 130
12-31 11:04:52.712  2732 10258 I AADT    : SetAADTLutDataY: 65
12-31 11:04:52.714 10183 10210 V xrstreaming: SetAADTLutData: Allowing timewarp to handle AADT
12-31 11:04:52.715  9166 10457 I [SUI] ConsumerConfiguration: Setting SystemUX Configuration and Policy Settings.
12-31 11:04:52.717  9166 10457 D [SUI] MultiUserManagerHelper: Is Multiuser Enabled SystemUXConfig is MultiUser Enabled: true, OculusManager is MultiUser Enabled: true
12-31 11:04:52.718  2732  9833 I AADT    : SetAADTLutDataX. Thread. SizeX: 130
12-31 11:04:52.718  2732  9833 I AADT    : LAYER_PROGRAM_OPTION_AADT_1D_LUT lut's CREATED
12-31 11:04:52.718  2732  9833 I AADT    : LAYER_PROGRAM_OPTION_AADT_1D_LUT lut's CREATED
12-31 11:04:52.718  2732  9833 I AADT    : LAYER_PROGRAM_OPTION_AADT_1D_LUT lut's CREATED
12-31 11:04:52.718  2732  9833 I AADT    : SetAADTLutDataY. Thread. SizeY: 65
12-31 11:04:52.718  2732  9833 I AADT    : LAYER_PROGRAM_OPTION_AADT_1D_LUT lut's CREATED
12-31 11:04:52.718 10183 10359 E xrstreaming: Unexpected decode timing present index.
12-31 11:04:52.724  9166 10457 V [SUI] RawSettingsItem: visibilityFetcher is empty for id: user_account
12-31 11:04:52.724  9166 10457 V [SUI] RawSettingsItem: valueFetcher is empty for id: user_account
12-31 11:04:52.724  9166 10457 V [SUI] RawSettingsItem: editableFetcher is empty for id: user_account
12-31 11:04:52.724  9166 10457 V [SUI] RawSettingsItem: visibilityFetcher is empty for id: about_mac_address
12-31 11:04:52.724  9166 10457 V [SUI] RawSettingsItem: valueFetcher is empty for id: about_mac_address
12-31 11:04:52.724  9166 10457 V [SUI] RawSettingsItem: editableFetcher is empty for id: about_mac_address
12-31 11:04:52.724  9166 10457 V [SUI] RawSettingsItem: visibilityFetcher is empty for id: select_local_keyboard
12-31 11:04:52.724  9166 10457 V [SUI] RawSettingsItem: valueFetcher is empty for id: select_local_keyboard
12-31 11:04:52.724  9166 10457 V [SUI] RawSettingsItem: editableFetcher is empty for id: select_local_keyboard
12-31 11:04:52.724  9166 10457 V [SUI] RawSettingsItem: valueFetcher is empty for id: security_pin_device_lock_enabled
12-31 11:04:52.724  9166 10457 V [SUI] RawSettingsItem: editableFetcher is empty for id: security_pin_device_lock_enabled
12-31 11:04:52.725 10183 10359 E xrstreaming: Unexpected decode timing present index.
12-31 11:04:52.727 10183 10210 V xrstreaming: SetMesh_(): END changing mesh (0 -> 1002)
12-31 11:04:52.729  2732 10258 I VrRuntimeService: CreateSwapChain: 3140006733
12-31 11:04:52.729  2732 10258 I VrRuntimeService: CreateSwapChain: api:vk 2 0x2b 1840 1920 1 3 2 0 15
12-31 11:04:52.737 10183 10345 I ClientInputSettings: InhibitHandleHomeKeyFull = true
12-31 11:04:52.738 10183 10345 I ClientInputInterface: SetInhibitHandleHomeKeyFull 1 for process com.oculus.xrstreamingclient 10183
12-31 11:04:52.739 10183 10359 E xrstreaming: Unexpected decode timing present index.
12-31 11:04:52.759 10183 10359 E xrstreaming: Unexpected decode timing present index.
12-31 11:04:52.764 10183 10359 E xrstreaming: Unexpected decode timing present index.
12-31 11:04:52.772 10183 10359 E xrstreaming: Unexpected decode timing present index.
12-31 11:04:52.776  3180 23745 E AnalyticsEvent: could not set key=selection_args value=null
12-31 11:04:52.777 10183 10359 E xrstreaming: Unexpected decode timing present index.
12-31 11:04:52.777  3180 23745 D CapabilitiesProvider: Capabilities Content Provider called content://com.oculus.identitymanagement.capabilities.contentprovider/account/activeuser/capabilities/com.oculus.capability.social.all, selection= null, selectionArgs=null, sortOrder= null
12-31 11:04:52.779  9166 10457 I [SUI] ConsumerConfiguration: Setting SystemUX Configuration and Policy Settings.
12-31 11:04:52.779  9166 10457 D [SUI] SettingsSectionUtil: Should Show Voice Commands Section SystemUXConfig is Voice Command UI Enabled: false
12-31 11:04:52.779  9166 10457 V [SUI] RawSettingsItem: visibilityFetcher is empty for id: hand_tracking_frequency_override
12-31 11:04:52.779  9166 10457 V [SUI] RawSettingsItem: valueFetcher is empty for id: hand_tracking_frequency_override
12-31 11:04:52.779  9166 10457 V [SUI] RawSettingsItem: editableFetcher is empty for id: hand_tracking_frequency_override
12-31 11:04:52.779  9166 10457 V [SUI] RawSettingsItem: valueFetcher is empty for id: settings_physical_keyboard
12-31 11:04:52.779  9166 10457 V [SUI] RawSettingsItem: editableFetcher is empty for id: settings_physical_keyboard
12-31 11:04:52.780  9166 10457 V [SUI] RawSettingsItem: editableFetcher is empty for id: 120hz-refresh-rate
12-31 11:04:52.785  2732 10258 I VrRuntimeServer: CreateTextureSwapChain: result importswapchaingles 1
12-31 11:04:52.785  3180 23745 E AnalyticsEvent: could not set key=selection_args value=null
12-31 11:04:52.785  3180 23745 D CapabilitiesProvider: Capabilities Content Provider called content://com.oculus.identitymanagement.capabilities.contentprovider/account/activeuser/capabilities/com.oculus.capability.social.all, selection= null, selectionArgs=null, sortOrder= null
12-31 11:04:52.787 10183 10345 D xrstreaming:     vrapi_SetPropertyInt(VRAPI_INHIBIT_HANDLE_HOMEKEY_FULL, 1)
12-31 11:04:52.787 10183 10345 I xrstreaming: Dash home-button forwarding enabled
12-31 11:04:52.789 10183 10210 I SwapChain_Vulkan_Memory_Export: Imported texture has requirements 3, ends up index 0
12-31 11:04:52.790  9166 10457 I [SUI] ConsumerConfiguration: Setting SystemUX Configuration and Policy Settings.
12-31 11:04:52.790  9166 10457 V [SUI] RawSettingsItem: valueFetcher is empty for id: video_capture_bitrate
12-31 11:04:52.790  9166 10457 V [SUI] RawSettingsItem: editableFetcher is empty for id: video_capture_bitrate
12-31 11:04:52.790  9166 10457 V [SUI] RawSettingsItem: visibilityFetcher is empty for id: hands_hand_tracking
12-31 11:04:52.790  9166 10457 V [SUI] RawSettingsItem: valueFetcher is empty for id: hands_hand_tracking
12-31 11:04:52.790  9166 10457 V [SUI] RawSettingsItem: editableFetcher is empty for id: hands_hand_tracking
12-31 11:04:52.792 10183 10210 I SwapChain_Vulkan_Memory_Export: Imported texture has requirements 3, ends up index 0
12-31 11:04:52.792  3180 23745 E AnalyticsEvent: could not set key=selection_args value=null
12-31 11:04:52.793  3180 23745 D CapabilitiesProvider: Capabilities Content Provider called content://com.oculus.identitymanagement.capabilities.contentprovider/account/activeuser/capabilities/com.oculus.capability.social.all, selection= null, selectionArgs=null, sortOrder= null
12-31 11:04:52.794 10183 10210 I SwapChain_Vulkan_Memory_Export: Imported texture has requirements 3, ends up index 0
12-31 11:04:52.794  9166 10457 I [SUI] ConsumerConfiguration: Setting SystemUX Configuration and Policy Settings.
12-31 11:04:52.794  9166 10457 D [SUI] SettingsSectionUtil: Should Show Voice Commands Section SystemUXConfig is Voice Command UI Enabled: false
12-31 11:04:52.795  9166 10457 V [SUI] RawSettingsItem: valueFetcher is empty for id: wifi_type
12-31 11:04:52.795  9166 10457 V [SUI] RawSettingsItem: editableFetcher is empty for id: wifi_type
12-31 11:04:52.795  9166 10457 V [SUI] RawSettingsItem: visibilityFetcher is empty for id: boundary_adjust_guardian
12-31 11:04:52.795  9166 10457 V [SUI] RawSettingsItem: valueFetcher is empty for id: boundary_adjust_guardian
12-31 11:04:52.795  9166 10457 V [SUI] RawSettingsItem: editableFetcher is empty for id: boundary_adjust_guardian
12-31 11:04:52.795  9166 10457 V [SUI] RawSettingsItem: valueFetcher is empty for id: accessibility_voice_controller_click_on_dwell
12-31 11:04:52.795  9166 10457 V [SUI] RawSettingsItem: editableFetcher is empty for id: accessibility_voice_controller_click_on_dwell
12-31 11:04:52.795  9166 10457 V [SUI] RawSettingsItem: visibilityFetcher is empty for id: devices_bluetooth_section
12-31 11:04:52.795  9166 10457 V [SUI] RawSettingsItem: valueFetcher is empty for id: devices_bluetooth_section
12-31 11:04:52.795  9166 10457 V [SUI] RawSettingsItem: editableFetcher is empty for id: devices_bluetooth_section
12-31 11:04:52.795  2732  3056 I SystemButtonHandler: InhibitHandleHomeKeyFull has changed on the service. New value: 1
12-31 11:04:52.796 10183 10210 V xrstreaming: SetSwapchain(): XrsSwapchin[meshId = 1002, resolution = 1840 x 1920]
12-31 11:04:52.797  3180 23745 E AnalyticsEvent: could not set key=selection_args value=null
12-31 11:04:52.797  3180 23745 D CapabilitiesProvider: Capabilities Content Provider called content://com.oculus.identitymanagement.capabilities.contentprovider/account/activeuser/capabilities/com.oculus.capability.social.all, selection= null, selectionArgs=null, sortOrder= null
12-31 11:04:52.801  9166 10457 I [SUI] ConsumerConfiguration: Setting SystemUX Configuration and Policy Settings.
12-31 11:04:52.801  9166 10457 D [SUI] SettingsSectionUtil: Should Show Voice Commands Section SystemUXConfig is Voice Command UI Enabled: false
12-31 11:04:52.802  9166 10457 V [SUI] RawSettingsItem: editableFetcher is empty for id: battery_chime
12-31 11:04:52.802  9166 10457 V [SUI] RawSettingsItem: visibilityFetcher is empty for id: boundary_controller_speed_sensitivity
12-31 11:04:52.802  9166 10457 V [SUI] RawSettingsItem: valueFetcher is empty for id: boundary_controller_speed_sensitivity
12-31 11:04:52.802  9166 10457 V [SUI] RawSettingsItem: editableFetcher is empty for id: boundary_controller_speed_sensitivity
12-31 11:04:52.802  9166 10457 V [SUI] RawSettingsItem: visibilityFetcher is empty for id: passthrough_double_tap
12-31 11:04:52.802  9166 10457 V [SUI] RawSettingsItem: valueFetcher is empty for id: passthrough_double_tap
12-31 11:04:52.802  9166 10457 V [SUI] RawSettingsItem: editableFetcher is empty for id: passthrough_double_tap
12-31 11:04:52.802  9166 10457 V [SUI] RawSettingsItem: visibilityFetcher is empty for id: system_tips_and_support_section
12-31 11:04:52.802  9166 10457 V [SUI] RawSettingsItem: valueFetcher is empty for id: system_tips_and_support_section
12-31 11:04:52.802  9166 10457 V [SUI] RawSettingsItem: editableFetcher is empty for id: system_tips_and_support_section
12-31 11:04:52.802  9166 10457 V [SUI] RawSettingsItem: visibilityFetcher is empty for id: bug_report_video_buffer
12-31 11:04:52.802  9166 10457 V [SUI] RawSettingsItem: valueFetcher is empty for id: bug_report_video_buffer
12-31 11:04:52.802  9166 10457 V [SUI] RawSettingsItem: editableFetcher is empty for id: bug_report_video_buffer
12-31 11:04:52.806  3180 23745 E AnalyticsEvent: could not set key=selection_args value=null
12-31 11:04:52.806  3180 23745 D CapabilitiesProvider: Capabilities Content Provider called content://com.oculus.identitymanagement.capabilities.contentprovider/account/activeuser/capabilities/com.oculus.capability.social.all, selection= null, selectionArgs=null, sortOrder= null
12-31 11:04:52.809  9166 10457 I [SUI] ConsumerConfiguration: Setting SystemUX Configuration and Policy Settings.
12-31 11:04:52.809  9166 10457 D [SUI] MultiUserManagerHelper: Is Multiuser Enabled SystemUXConfig is MultiUser Enabled: true, OculusManager is MultiUser Enabled: true
12-31 11:04:52.809  9166 10457 V [SUI] RawSettingsItem: visibilityFetcher is empty for id: device_account_section
12-31 11:04:52.809  9166 10457 V [SUI] RawSettingsItem: valueFetcher is empty for id: device_account_section
12-31 11:04:52.809  9166 10457 V [SUI] RawSettingsItem: editableFetcher is empty for id: device_account_section
12-31 11:04:52.810  9166 10457 V [SUI] RawSettingsItem: valueFetcher is empty for id: wifi_auto_join
12-31 11:04:52.810  9166 10457 V [SUI] RawSettingsItem: editableFetcher is empty for id: wifi_auto_join
12-31 11:04:52.810  9166 10457 V [SUI] RawSettingsItem: visibilityFetcher is empty for id: night_shift
12-31 11:04:52.810  9166 10457 V [SUI] RawSettingsItem: editableFetcher is empty for id: night_shift
12-31 11:04:52.810  9166 10457 V [SUI] RawSettingsItem: visibilityFetcher is empty for id: accessibility_grid_tile
12-31 11:04:52.810  9166 10457 V [SUI] RawSettingsItem: valueFetcher is empty for id: accessibility_grid_tile
12-31 11:04:52.810  9166 10457 V [SUI] RawSettingsItem: editableFetcher is empty for id: accessibility_grid_tile
12-31 11:04:52.810  9166 10457 V [SUI] RawSettingsItem: visibilityFetcher is empty for id: font_size
12-31 11:04:52.810  9166 10457 V [SUI] RawSettingsItem: valueFetcher is empty for id: font_size
12-31 11:04:52.810  9166 10457 V [SUI] RawSettingsItem: editableFetcher is empty for id: font_size
12-31 11:04:52.810  9166 10457 V [SUI] RawSettingsItem: valueFetcher is empty for id: launch_quest_link
12-31 11:04:52.810  9166 10457 V [SUI] RawSettingsItem: editableFetcher is empty for id: launch_quest_link
12-31 11:04:52.813  3180 23745 E AnalyticsEvent: could not set key=selection_args value=null
12-31 11:04:52.813  3180 23745 D CapabilitiesProvider: Capabilities Content Provider called content://com.oculus.identitymanagement.capabilities.contentprovider/account/activeuser/capabilities/com.oculus.capability.social.all, selection= null, selectionArgs=null, sortOrder= null
12-31 11:04:52.816  9166 10457 I [SUI] ConsumerConfiguration: Setting SystemUX Configuration and Policy Settings.
12-31 11:04:52.816  9166 10457 V [SUI] RawSettingsItem: valueFetcher is empty for id: video_capture_resolution
12-31 11:04:52.816  9166 10457 V [SUI] RawSettingsItem: editableFetcher is empty for id: video_capture_resolution
12-31 11:04:52.819  3180 23745 E AnalyticsEvent: could not set key=selection_args value=null
12-31 11:04:52.819  3180 23745 D CapabilitiesProvider: Capabilities Content Provider called content://com.oculus.identitymanagement.capabilities.contentprovider/account/activeuser/capabilities/com.oculus.capability.social.all, selection= null, selectionArgs=null, sortOrder= null
12-31 11:04:52.821  9166 10457 I [SUI] ConsumerConfiguration: Setting SystemUX Configuration and Policy Settings.
12-31 11:04:52.822  9166 10457 D [SUI] MultiUserManagerHelper: Is Multiuser Enabled SystemUXConfig is MultiUser Enabled: true, OculusManager is MultiUser Enabled: true
12-31 11:04:52.822  9166 10457 V [SUI] RawSettingsItem: valueFetcher is empty for id: library_sharing
12-31 11:04:52.822  9166 10457 V [SUI] RawSettingsItem: editableFetcher is empty for id: library_sharing
12-31 11:04:52.822  9166 10457 V [SUI] RawSettingsItem: valueFetcher is empty for id: accessibility_text_to_speech
12-31 11:04:52.822  9166 10457 V [SUI] RawSettingsItem: editableFetcher is empty for id: accessibility_text_to_speech
12-31 11:04:52.822  9166 10457 V [SUI] RawSettingsItem: valueFetcher is empty for id: wifi_connect_disconnect
12-31 11:04:52.822  9166 10457 V [SUI] RawSettingsItem: editableFetcher is empty for id: wifi_connect_disconnect
12-31 11:04:52.824  9166 10457 V [SUI] RawSettingsItem: valueFetcher is empty for id: maintenance_boot
12-31 11:04:52.824  9166 10457 V [SUI] RawSettingsItem: editableFetcher is empty for id: maintenance_boot
12-31 11:04:52.824  9166 10457 V [SUI] RawSettingsItem: visibilityFetcher is empty for id: controller_section
12-31 11:04:52.824  9166 10457 V [SUI] RawSettingsItem: valueFetcher is empty for id: controller_section
12-31 11:04:52.824  9166 10457 V [SUI] RawSettingsItem: editableFetcher is empty for id: controller_section
12-31 11:04:52.824  9166 10457 V [SUI] RawSettingsItem: editableFetcher is empty for id: night_shift_temperature
12-31 11:04:52.824  9166 10457 V [SUI] RawSettingsItem: valueFetcher is empty for id: wifi_ssid
12-31 11:04:52.824  9166 10457 V [SUI] RawSettingsItem: editableFetcher is empty for id: wifi_ssid
12-31 11:04:52.824  9166 10457 V [SUI] RawSettingsItem: visibilityFetcher is empty for id: personalization_grid_tile
12-31 11:04:52.824  9166 10457 V [SUI] RawSettingsItem: valueFetcher is empty for id: personalization_grid_tile
12-31 11:04:52.824  9166 10457 V [SUI] RawSettingsItem: editableFetcher is empty for id: personalization_grid_tile
12-31 11:04:52.824  9166 10457 V [SUI] RawSettingsItem: valueFetcher is empty for id: color+correction_filter
12-31 11:04:52.824  9166 10457 V [SUI] RawSettingsItem: editableFetcher is empty for id: color+correction_filter
12-31 11:04:52.831  3180 23745 E AnalyticsEvent: could not set key=selection_args value=null
12-31 11:04:52.831  3180 23745 D CapabilitiesProvider: Capabilities Content Provider called content://com.oculus.identitymanagement.capabilities.contentprovider/account/activeuser/capabilities/com.oculus.capability.social.all, selection= null, selectionArgs=null, sortOrder= null
12-31 11:04:52.834  9166 10457 I [SUI] ConsumerConfiguration: Setting SystemUX Configuration and Policy Settings.
12-31 11:04:52.834  9166 10457 D [SUI] SettingsSectionUtil: Should Show Voice Commands Section SystemUXConfig is Voice Command UI Enabled: false
12-31 11:04:52.834  9166 10457 V [SUI] RawSettingsItem: visibilityFetcher is empty for id: bug_report
12-31 11:04:52.834  9166 10457 V [SUI] RawSettingsItem: valueFetcher is empty for id: bug_report
12-31 11:04:52.834  9166 10457 V [SUI] RawSettingsItem: editableFetcher is empty for id: bug_report
12-31 11:04:52.834  9166 10457 V [SUI] RawSettingsItem: valueFetcher is empty for id: hand_tracking_version_override
12-31 11:04:52.834  9166 10457 V [SUI] RawSettingsItem: editableFetcher is empty for id: hand_tracking_version_override
12-31 11:04:52.834  9166 10457 V [SUI] RawSettingsItem: valueFetcher is empty for id: bluetooth_previously_connected_devices
12-31 11:04:52.834  9166 10457 V [SUI] RawSettingsItem: editableFetcher is empty for id: bluetooth_previously_connected_devices
12-31 11:04:52.836  3180 23745 E AnalyticsEvent: could not set key=selection_args value=null
12-31 11:04:52.836  3180 23745 D CapabilitiesProvider: Capabilities Content Provider called content://com.oculus.identitymanagement.capabilities.contentprovider/account/activeuser/capabilities/com.oculus.capability.social.all, selection= null, selectionArgs=null, sortOrder= null
12-31 11:04:52.837 10183 10210 W xrstreaming: App retrieved a 0-value for app GPU frametime on frame FI:1: Substituting dummy value 4.000000ms
12-31 11:04:52.837 10183 10210 W xrstreaming: app retrieved a null swapchainlink for the next frame
12-31 11:04:52.837 10183 10210 W xrstreaming: App retrieved a 0-value for app GPU frametime on frame FI:1: Substituting dummy value 4.000000ms
12-31 11:04:52.840  9166 10457 I [SUI] ConsumerConfiguration: Setting SystemUX Configuration and Policy Settings.
12-31 11:04:52.840  9166 10457 V [SUI] RawSettingsItem: visibilityFetcher is empty for id: system_capture_section
12-31 11:04:52.840  9166 10457 V [SUI] RawSettingsItem: valueFetcher is empty for id: system_capture_section
12-31 11:04:52.840  9166 10457 V [SUI] RawSettingsItem: editableFetcher is empty for id: system_capture_section
12-31 11:04:52.840  9166 10457 V [SUI] RawSettingsItem: visibilityFetcher is empty for id: device_permissions_sidenav
12-31 11:04:52.840  9166 10457 V [SUI] RawSettingsItem: valueFetcher is empty for id: device_permissions_sidenav
12-31 11:04:52.840  9166 10457 V [SUI] RawSettingsItem: editableFetcher is empty for id: device_permissions_sidenav
12-31 11:04:52.840  9166 10457 V [SUI] RawSettingsItem: editableFetcher is empty for id: time_zone
12-31 11:04:52.840  9166 10457 V [SUI] RawSettingsItem: visibilityFetcher is empty for id: boundary_headset_speed_sensitivity
12-31 11:04:52.840  9166 10457 V [SUI] RawSettingsItem: valueFetcher is empty for id: boundary_headset_speed_sensitivity
12-31 11:04:52.840  9166 10457 V [SUI] RawSettingsItem: editableFetcher is empty for id: boundary_headset_speed_sensitivity
12-31 11:04:52.840  9166 10457 V [SUI] RawSettingsItem: visibilityFetcher is empty for id: notifications_grid_tile
12-31 11:04:52.840  9166 10457 V [SUI] RawSettingsItem: valueFetcher is empty for id: notifications_grid_tile
12-31 11:04:52.840  9166 10457 V [SUI] RawSettingsItem: editableFetcher is empty for id: notifications_grid_tile
12-31 11:04:52.840  9166 10457 V [SUI] RawSettingsItem: valueFetcher is empty for id: auto_os_normal_updates
12-31 11:04:52.840  9166 10457 V [SUI] RawSettingsItem: editableFetcher is empty for id: auto_os_normal_updates
12-31 11:04:52.840  9166 10457 V [SUI] RawSettingsItem: visibilityFetcher is empty for id: boundary_controller_distance_sensitivity
12-31 11:04:52.840  9166 10457 V [SUI] RawSettingsItem: valueFetcher is empty for id: boundary_controller_distance_sensitivity
12-31 11:04:52.840  9166 10457 V [SUI] RawSettingsItem: editableFetcher is empty for id: boundary_controller_distance_sensitivity
12-31 11:04:52.840  9166 10457 V [SUI] RawSettingsItem: visibilityFetcher is empty for id: personalization_text_section
12-31 11:04:52.840  9166 10457 V [SUI] RawSettingsItem: valueFetcher is empty for id: personalization_text_section
12-31 11:04:52.840  9166 10457 V [SUI] RawSettingsItem: editableFetcher is empty for id: personalization_text_section
12-31 11:04:52.840  9166 10457 V [SUI] RawSettingsItem: valueFetcher is empty for id: accessibility_captions_apps_subsection
12-31 11:04:52.840  9166 10457 V [SUI] RawSettingsItem: editableFetcher is empty for id: accessibility_captions_apps_subsection
12-31 11:04:52.841  9166 10457 V [SUI] RawSettingsItem: visibilityFetcher is empty for id: guardian_toggle
12-31 11:04:52.841  9166 10457 V [SUI] RawSettingsItem: valueFetcher is empty for id: guardian_toggle
12-31 11:04:52.841  9166 10457 V [SUI] RawSettingsItem: editableFetcher is empty for id: guardian_toggle
12-31 11:04:52.841  9166 10457 V [SUI] RawSettingsItem: visibilityFetcher is empty for id: apps_permissions_grid_tile
12-31 11:04:52.841  9166 10457 V [SUI] RawSettingsItem: valueFetcher is empty for id: apps_permissions_grid_tile
12-31 11:04:52.841  9166 10457 V [SUI] RawSettingsItem: editableFetcher is empty for id: apps_permissions_grid_tile
12-31 11:04:52.841  9166 10457 V [SUI] RawSettingsItem: visibilityFetcher is empty for id: controllers_swap_system_button_handedness
12-31 11:04:52.841  9166 10457 V [SUI] RawSettingsItem: valueFetcher is empty for id: controllers_swap_system_button_handedness
12-31 11:04:52.841  9166 10457 V [SUI] RawSettingsItem: editableFetcher is empty for id: controllers_swap_system_button_handedness
12-31 11:04:52.841  9166 10457 D [SUI] SettingsAssistantJsonBuilder: Registering setting LOCALE_DEFAULT_TIME_FORMAT with route systemux://settings/time?setting=locale_default
12-31 11:04:52.841  9166 10457 D [SUI] SettingsAssistantJsonBuilder: Registering setting DEVELOPER with route systemux://settings/developer?setting=system_developer_section
12-31 11:04:52.841  9166 10457 D [SUI] SettingsAssistantJsonBuilder: Skipped NULL setting: NULL
12-31 11:04:52.841  9166 10457 D [SUI] SettingsAssistantJsonBuilder: Skipped existing setting: HAND_TRACKING
12-31 11:04:52.841  9166 10457 D [SUI] SettingsAssistantJsonBuilder: Registering setting MOVEMENT_TRACKING with route systemux://settings/hands?setting=movement_tracking_grid_tile
12-31 11:04:52.841  9166 10457 D [SUI] SettingsAssistantJsonBuilder: Skipped existing setting: VIBRATION_INTENSITY
12-31 11:04:52.841  9166 10457 D [SUI] SettingsAssistantJsonBuilder: Registering setting MOUSE_TRACKING_SPEED with route systemux://settings/bluetooth_mouse?setting=exp_mouse_sensitivity_slider_item
12-31 11:04:52.841  9166 10457 D [SUI] SettingsAssistantJsonBuilder: Registering setting MOBILITY with route systemux://settings/mobility?setting=mobility_section
12-31 11:04:52.841  9166 10457 D [SUI] SettingsAssistantJsonBuilder: Registering setting SOUND with route systemux://settings/sound?setting=system_sound_section
12-31 11:04:52.841  9166 10457 D [SUI] SettingsAssistantJsonBuilder: Skipped NULL setting: NULL
12-31 11:04:52.841  9166 10457 D [SUI] SettingsAssistantJsonBuilder: Registering setting KEYBOARD with route systemux://settings/keyboard?setting=system_keyboard_section
12-31 11:04:52.841  9166 10457 D [SUI] SettingsAssistantJsonBuilder: Skipped existing setting: AUTO_SLEEP
12-31 11:04:52.841  9166 10457 D [SUI] SettingsAssistantJsonBuilder: Skipped existing setting: GUARDIAN
12-31 11:04:52.841  9166 10457 D [SUI] SettingsAssistantJsonBuilder: Registering setting CAPTION_TEXT_COLOR with route systemux://settings/captions_style?setting=caption_text_color
12-31 11:04:52.841  9166 10457 D [SUI] SettingsAssistantJsonBuilder: Registering setting SECURITY_DEVICE_LOCK with route systemux://settings/security?setting=security_grid_tile
12-31 11:04:52.841  9166 10457 D [SUI] SettingsAssistantJsonBuilder: Registering setting HEADSET_DISTANCE with route systemux://settings/boundary?setting=boundary_headset_distance_sensitivity
12-31 11:04:52.841  9166 10457 D [SUI] SettingsAssistantJsonBuilder: Registering setting NOTIFICATIONS_MY_APPS with route systemux://settings/notifications_my_apps?setting=my_apps_notif
12-31 11:04:52.841  9166 10457 D [SUI] SettingsAssistantJsonBuilder: Registering setting LOCATION with route systemux://settings/permissions?setting=permissions_system_level_location_q4b
12-31 11:04:52.841  9166 10457 D [SUI] SettingsAssistantJsonBuilder: Registering setting DELETE_POINT_CLOUD_STORAGE with route systemux://settings/device_permissions?setting=privacy_delete_point_cloud_storage
12-31 11:04:52.841  9166 10457 D [SUI] SettingsAssistantJsonBuilder: Registering setting DISPLAY_THEME_SUBSECTION with route systemux://settings/display_theme?setting=personalization_display_theme_section
12-31 11:04:52.841  9166 10457 D [SUI] SettingsAssistantJsonBuilder: Skipped existing setting: GLANCEABLE_BOUNDARY
12-31 11:04:52.841  9166 10457 D [SUI] SettingsAssistantJsonBuilder: Registering setting AUTO_OS_CRITICAL_UPDATES with route systemux://settings/software_update?setting=auto_os_critical_updates
12-31 11:04:52.841  9166 10457 D [SUI] SettingsAssistantJsonBuilder: Registering setting HEARING with route systemux://settings/hearing?setting=accessibility_hearing_section
12-31 11:04:52.841  9166 10457 D [SUI] SettingsAssistantJsonBuilder: Registering setting CUSTOM_BACKGROUND with route systemux://settings/environment?setting=environment_custom_background
12-31 11:04:52.841  9166 10457 D [SUI] SettingsAssistantJsonBuilder: Registering setting VIRTUAL_ENVIRONMENT with route systemux://settings/environment?setting=personalization_virtual_environment_section
12-31 11:04:52.841  9166 10457 D [SUI] SettingsAssistantJsonBuilder: Registering setting WIFI_REFRESH with route systemux://settings/experiments?setting=wifi_refresh
12-31 11:04:52.841  9166 10457 D [SUI] SettingsAssistantJsonBuilder: Skipped existing setting: TERMS_OF_SERVICE
12-31 11:04:52.841  9166 10457 D [SUI] SettingsAssistantJsonBuilder: Registering setting DISPLAY_CONTRAST with route systemux://settings/vision?setting=accessibility_display_contrast
12-31 11:04:52.841  9166 10457 D [SUI] SettingsAssistantJsonBuilder: Registering setting VIDEO_CAPTURE_IMAGE_STABILIZATION with route systemux://settings/capture?setting=video_capture_image_stabilization
12-31 11:04:52.841  9166 10457 D [SUI] SettingsAssistantJsonBuilder: Registering setting AUTO_TIME with route systemux://settings/time?setting=auto_time
12-31 11:04:52.841  9166 10457 D [SUI] SettingsAssistantJsonBuilder: Registering setting PASSTHROUGH with route systemux://settings/passthrough?setting=passthrough_turn_on
12-31 11:04:52.841  9166 10457 D [SUI] SettingsAssistantJsonBuilder: Registering setting VIDEO_CAPTURE_INDICATOR with route systemux://settings/capture?setting=video_capture_indicator
12-31 11:04:52.841  9166 10457 D [SUI] SettingsAssistantJsonBuilder: Registering setting PRIVACY_PERMISSIONS with route systemux://settings/app_permissions?setting=all_permissions_sidenav
12-31 11:04:52.841  9166 10457 D [SUI] SettingsAssistantJsonBuilder: Registering setting PHONE_NOTIFICATION with route systemux://settings/phone_notifications?setting=iphone-pairing
12-31 11:04:52.841  9166 10457 D [SUI] SettingsAssistantJsonBuilder: Skipped existing setting: LONG_PRESS
12-31 11:04:52.841  9166 10457 D [SUI] SettingsAssistantJsonBuilder: Skipped existing setting: LOCATION
12-31 11:04:52.841  9166 10457 E [SUI] SettingsAssistantJsonBuilder: Missing assistant ID for setting wifi_connected_entry
12-31 11:04:52.841  9166 10457 D [SUI] SettingsAssistantJsonBuilder: Skipped NULL setting: NULL
12-31 11:04:52.841  9166 10457 E [SUI] SettingsAssistantJsonBuilder: Missing assistant ID for setting wifi_ipv6_addresses
12-31 11:04:52.841  9166 10457 D [SUI] SettingsAssistantJsonBuilder: Skipped NULL setting: NULL
12-31 11:04:52.841  9166 10457 D [SUI] SettingsAssistantJsonBuilder: Registering setting PHYSICAL_SPACE with route systemux://settings/boundary?setting=physical_space_grid_tile
12-31 11:04:52.841  9166 10457 D [SUI] SettingsAssistantJsonBuilder: Skipped existing setting: SYSTEM_UX_VERSION
12-31 11:04:52.841  9166 10457 D [SUI] SettingsAssistantJsonBuilder: Skipped NULL setting: NULL
12-31 11:04:52.841  9166 10457 D [SUI] SettingsAssistantJsonBuilder: Registering setting EMBODIMENT_OPTIONALITY with route systemux://settings/mobility?setting=embodiment_optionality
12-31 11:04:52.841  9166 10457 D [SUI] SettingsAssistantJsonBuilder: Skipped existing setting: STORAGE
12-31 11:04:52.841  9166 10457 D [SUI] SettingsAssistantJsonBuilder: Registering setting HANDS_AND_CONTROLLERS with route systemux://settings/hands?setting=hand_control_grid_tile
12-31 11:04:52.841  9166 10457 E [SUI] SettingsAssistantJsonBuilder: Missing assistant ID for setting wifi_mac_address
12-31 11:04:52.841  9166 10457 D [SUI] SettingsAssistantJsonBuilder: Skipped NULL setting: NULL
12-31 11:04:52.841  9166 10457 D [SUI] SettingsAssistantJsonBuilder: Registering setting CLOUD_BACKUP with route systemux://settings/backup?setting=cloud_backup
12-31 11:04:52.841  9166 10457 D [SUI] SettingsAssistantJsonBuilder: Registering setting GUARDIAN_INTRUSION_DETECTION with route systemux://settings/boundary?setting=boundary_enable_intrusion_detection
12-31 11:04:52.841  9166 10457 D [SUI] SettingsAssistantJsonBuilder: Skipped existing setting: POWER
12-31 11:04:52.841  9166 10457 E [SUI] SettingsAssistantJsonBuilder: Missing assistant ID for setting wifi_metered
12-31 11:04:52.841  9166 10457 D [SUI] SettingsAssistantJsonBuilder: Skipped NULL setting: NULL
12-31 11:04:52.841  9166 10457 D [SUI] SettingsAssistantJsonBuilder: Skipped existing setting: SWITCH_BUTTONS
12-31 11:04:52.841  9166 10457 D [SUI] SettingsAssistantJsonBuilder: Skipped existing setting: PRIVACY_POLICY
12-31 11:04:52.841  9166 10457 D [SUI] SettingsAssistantJsonBuilder: Skipped existing setting: LANGUAGE
12-31 11:04:52.841  9166 10457 E [SUI] SettingsAssistantJsonBuilder: Missing assistant ID for setting wifi_forget
12-31 11:04:52.841  9166 10457 D [SUI] SettingsAssistantJsonBuilder: Skipped NULL setting: NULL
12-31 11:04:52.841  9166 10457 D [SUI] SettingsAssistantJsonBuilder: Registering setting VIDEO_CAPTURE_EYE_SELECTION with route systemux://settings/capture?setting=video_capture_eye_selection
12-31 11:04:52.841  9166 10457 D [SUI] SettingsAssistantJsonBuilder: Registering setting BOOST_HEIGHT with route systemux://settings/mobility?setting=mobility_boost_your_height
12-31 11:04:52.841  9166 10457 D [SUI] SettingsAssistantJsonBuilder: Skipped NULL setting: NULL
12-31 11:04:52.841  9166 10457 D [SUI] SettingsAssistantJsonBuilder: Registering setting SWAP_HANDEDNESS with route systemux://settings/hands?setting=hands_swap_system_button_handedness
12-31 11:04:52.841  9166 10457 D [SUI] SettingsAssistantJsonBuilder: Skipped existing setting: HAND_TRACKING
12-31 11:04:52.841  9166 10457 D [SUI] SettingsAssistantJsonBuilder: Registering setting MR_IDENT with route systemux://settings/objects_furniture?setting=objects_furniture_mr_ident
12-31 11:04:52.841  9166 10457 D [SUI] SettingsAssistantJsonBuilder: Registering setting COLOR_FILTER with route systemux://settings/vision?setting=color_filter
12-31 11:04:52.842  9166 10457 D [SUI] SettingsAssistantJsonBuilder: Registering setting THEME_OPTION with route systemux://settings/display_theme?setting=display_theme
12-31 11:04:52.842  9166 10457 D [SUI] SettingsAssistantJsonBuilder: Registering setting APPS_LOCK_TOOLBAR_ITEM with route systemux://settings/app_locks?setting=app_locks_toolbar_item
12-31 11:04:52.842  9166 10457 D [SUI] SettingsAssistantJsonBuilder: Registering setting LANGUAGE_REGION_LANGUAGE with route systemux://settings/language_and_region?setting=system_language_and_region_section
12-31 11:04:52.842  9166 10457 D [SUI] SettingsAssistantJsonBuilder: Registering setting MUTE_MICROPHONE with route systemux://settings/sound?setting=microphone
12-31 11:04:52.842  9166 10457 E [SUI] SettingsAssistantJsonBuilder: Missing assistant ID for setting wifi_saved_networks
12-31 11:04:52.842  9166 10457 D [SUI] SettingsAssistantJsonBuilder: Skipped NULL setting: NULL
12-31 11:04:52.842  9166 10457 D [SUI] SettingsAssistantJsonBuilder: Skipped existing setting: FLOOR_LEVEL
12-31 11:04:52.842  9166 10457 E [SUI] SettingsAssistantJsonBuilder: Missing assistant ID for setting wifi_subnet
12-31 11:04:52.842  9166 10457 D [SUI] SettingsAssistantJsonBuilder: Skipped NULL setting: NULL
12-31 11:04:52.842  9166 10457 D [SUI] SettingsAssistantJsonBuilder: Skipped existing setting: WIFI
12-31 11:04:52.842  9166 10457 D [SUI] SettingsAssistantJsonBuilder: Skipped NULL setting: NULL
12-31 11:04:52.842  9166 10457 E [SUI] SettingsAssistantJsonBuilder: Missing assistant ID for setting wifi_signal_strength
12-31 11:04:52.842  9166 10457 D [SUI] SettingsAssistantJsonBuilder: Skipped NULL setting: NULL
12-31 11:04:52.842  9166 10457 D [SUI] SettingsAssistantJsonBuilder: Registering setting BROWSER_PASSWORD_AUTOFILL with route systemux://settings/security?setting=pin_unlock_browser_password_autofill
12-31 11:04:52.842  9166 10457 D [SUI] SettingsAssistantJsonBuilder: Skipped existing setting: EXPERIMENTAL
12-31 11:04:52.842  9166 10457 D [SUI] SettingsAssistantJsonBuilder: Registering setting SYSTEM with route systemux://settings/display?setting=system_grid_tile
12-31 11:04:52.842  9166 10457 E [SUI] SettingsAssistantJsonBuilder: Missing assistant ID for setting wifi_tx_speed
12-31 11:04:52.842  9166 10457 D [SUI] SettingsAssistantJsonBuilder: Skipped NULL setting: NULL
12-31 11:04:52.842  9166 10457 D [SUI] SettingsAssistantJsonBuilder: Registering setting AUGMENTS_MIRROR with route systemux://settings/augments_personalization?setting=augments_avatar_mirror_visibility
12-31 11:04:52.842  9166 10457 D [SUI] SettingsAssistantJsonBuilder: Skipped existing setting: GUARDIAN_HISTORY
12-31 11:04:52.842  9166 10457 D [SUI] SettingsAssistantJsonBuilder: Registering setting MONO_AUDIO with route systemux://settings/hearing?setting=accessibility_mono_audio
12-31 11:04:52.842  9166 10457 D [SUI] SettingsAssistantJsonBuilder: Registering setting OVERLAY_POSITION with route systemux://settings/permissions?setting=overlay_position
12-31 11:04:52.842  9166 10457 D [SUI] SettingsAssistantJsonBuilder: Skipped existing setting: SUPPORT
12-31 11:04:52.842  9166 10457 D [SUI] SettingsAssistantJsonBuilder: Registering setting SCREEN_OFF with route systemux://settings/power?setting=screen_off_time
12-31 11:04:52.842  9166 10457 D [SUI] SettingsAssistantJsonBuilder: Registering setting GUARDIAN_SENSITIVITY with route systemux://settings/boundary?setting=boundary_simple_sensitivity
12-31 11:04:52.842  9166 10457 D [SUI] SettingsAssistantJsonBuilder: Registering setting NOTIFICATION_SOUND with route systemux://settings/sound?setting=new_notifications_sound
12-31 11:04:52.842  9166 10457 D [SUI] SettingsAssistantJsonBuilder: Registering setting BACKUP with route systemux://settings/backup?setting=system_backup_section
12-31 11:04:52.842  9166 10457 E [SUI] SettingsAssistantJsonBuilder: Missing assistant ID for setting wifi_rx_speed
12-31 11:04:52.842  9166 10457 D [SUI] SettingsAssistantJsonBuilder: Skipped NULL setting: NULL
12-31 11:04:52.842  9166 10457 D [SUI] SettingsAssistantJsonBuilder: Registering setting CONTROLLERS_KEY_REMAP with route systemux://settings/controllers?setting=controllers_key_remap
12-31 11:04:52.842  9166 10457 D [SUI] SettingsAssistantJsonBuilder: Registering setting MOVE_NOTIFICATION with route systemux://settings/permissions?setting=move_notification
12-31 11:04:52.842  9166 10457 D [SUI] SettingsAssistantJsonBuilder: Registering setting UNLOCK_PATTERN with route systemux://settings/security?setting=unlock_pin
12-31 11:04:52.842  9166 10457 E [SUI] SettingsAssistantJsonBuilder: Missing assistant ID for setting wifi_security
12-31 11:04:52.842  9166 10457 D [SUI] SettingsAssistantJsonBuilder: Skipped NULL setting: NULL
12-31 11:04:52.842  9166 10457 D [SUI] SettingsAssistantJsonBuilder: Registering setting VIDEO_CAPTURE_FRAME_RATE with route systemux://settings/capture?setting=video_capture_frame_rate
12-31 11:04:52.842  9166 10457 D [SUI] SettingsAssistantJsonBuilder: Registering setting VISION with route systemux://settings/vision?setting=accessibility_vision_section
12-31 11:04:52.842  9166 10457 E [SUI] SettingsAssistantJsonBuilder: Missing assistant ID for setting wifi_privacy
12-31 11:04:52.842  9166 10457 D [SUI] SettingsAssistantJsonBuilder: Skipped NULL setting: NULL
