12-26 22:50:23.773  2802  3044 I OpenXR_DeviceSettings: ------------ xrSetDeviceSettingBooleanFB -----------
12-26 22:50:23.773  2802  3044 I ClientInputSettings: SetInhibitHandleHomeKey = true for com.oculus.vrshell
12-26 22:50:23.773  2802  3044 I ClientInputInterface: SetInhibitHandleHomeKey 1 for process com.oculus.vrshell 2802
12-26 22:50:23.773  2802  3044 I [OAO] VrPlatformOpenXr: VrPlatformOpenXr::SetPropInhibitHandleHomeKey result = 0
12-26 22:50:23.773  2802  3044 I [OAO] Compositor: EnterVrMode with eye buffer: 1024x1024 : 2
12-26 22:50:23.773  2802  3044 I [OAO] AudioMixer: Enabling AudioPlayer.
12-26 22:50:23.773  2802  3044 I [OAO] AudioEngine: virtual void AudioLibrary::AudioEngine::EnablePlayer()
12-26 22:50:23.774   945  5095 I Tracking: CONSTELLATION: right: Successfully reinitialized 6DoF filter. Keep Cov and Calib States = Y. Keep velocity state and covariance = N,Covariance of meas: 4.64462e-05  3.8185e-05 2.80825e-05  0.00260584   0.0109274   0.0137029
12-26 22:50:23.774  2875  3101 I Clocks  : LockClocks( cpu=2, gpu=3 ) - end (4.0 ms)
12-26 22:50:23.774  3141  3190 I GuardianSystem: ForceShowGuardian: false, 3.00
12-26 22:50:23.775  2875  3189 I VrRuntimeService: RuntimeServiceSDKServer::SetGuardianSystemState: 1684386872
12-26 22:50:23.775  3141  3190 I GuardianSystem: GuardianSDKServerStateSnapshot::Sync: Flags2 changed: 32, 0, SYSTEM_2_SHOULD_PUSH_BLACK to NONE
12-26 22:50:23.775  3141  3190 I GuardianSystem: [GuardianSystem::InitializeRuntimeEventHandlers] runtimeServiceSDKClient_.SuspendResumeEvent: 0
12-26 22:50:23.775  3141  3190 I GuardianTelemetry: GuardianTelemetry: Start Guardian Telemetry
12-26 22:50:23.775  3141  3190 I GuardianTelemetry: OVR::Telemetry Guardian Stats thread started
12-26 22:50:23.775  3141  3190 I GuardianSystem: [GuardianSystem::RuntimeResume] RESUMING operation. Headset waking up. Seconds elapsed: 76.20
12-26 22:50:23.775  3141  3190 I GuardianSystem: [GuardianSystem::InitializeRuntimeEventHandlers] runtimeServiceSDKClient_.ForceShowGuardianEvent
12-26 22:50:23.775   945  3754 I Tracking: CONSTELLATION: right: Detected static IMU, no button event and has tracked position => Applying constant controller pose.
12-26 22:50:23.775  3141  3190 I GuardianSystem: ForceShowGuardian: false, 0.00
12-26 22:50:23.768     0     0 I [drm:dsi_display_set_mode] [msm-dsi-info]: mdp_transfer_time_us=0 us
12-26 22:50:23.768     0     0 I [drm:dsi_display_set_mode] [msm-dsi-info]: hactive= 1920,vactive= 3664,fps=90
12-26 22:50:23.776  2802  3044 D vrshell:Overla: PlayerBase::PlayerBase()
12-26 22:50:23.777  2802  3044 D vrshell:Overla: TrackPlayerBase::TrackPlayerBase()
12-26 22:50:23.777  2802  3044 I libOpenSLES: Emulating old channel mask behavior (ignoring positional mask 0x3, using default mask 0x3 based on channel count of 2)
12-26 22:50:23.777  2802  5150 I JniUtils: ovr_GetCurrentPackageSignature 
12-26 22:50:23.778  2802  5150 I Metrics : device name = Oculus Quest 2
12-26 22:50:23.779   945  5089 W Tracking: VegaTracker: Returning without further processing frame. See previous logs for details.
12-26 22:50:23.773     0     0 E         : [drm:sde_encoder_lineptr_callback:4406] late lineptr, headroom -985
12-26 22:50:23.781   797  4464 W AudioFlinger: createTrack_l(): mismatch between requested flags (00000104) and output flags (00000006)
12-26 22:50:23.781   797  4464 D AudioFlinger: Client defaulted notificationFrames to 192 for frameCount 384
12-26 22:50:23.782   797  4464 D AF::TrackHandle: OpPlayAudio: track:267 uid:10025 pkg:com.oculus.vrshell usage:1 not muted
12-26 22:50:23.783  2802  3044 I AudioTrack: createTrack_l(0): AUDIO_OUTPUT_FLAG_FAST successful; frameCount 0 -> 384
12-26 22:50:23.784  2875  5117 I CompositorProgs: loaded binary layerProgram :0x200000000040083:0x in 12.9 ms
12-26 22:50:23.785  2875  5117 I Vsync   : Vsync 33:  2 x 13.93 ms (72.07 Hz, at 73027.245)
12-26 22:50:23.787  2875  5117 I CompositorVR: Nonsensical slice time: SliceTime=0.0146 SliceTargetWakeupTime=73027.2303 SliceGpuStart=73027.2449 SliceGpuEnd=73027.2449 GpuTimestampSync=73027.1815
12-26 22:50:23.789   849   849 D SurfaceFlinger: CAC state changed to 5
12-26 22:50:23.791  3217  3278 W PhaseSync: [PS_Ver_1_0] DiscardFrame is triggered, frame->Stage 2 FrameBeginIndex 719 
12-26 22:50:23.792  3217  3278 I MRSVC   : MIXEDREALITY: OpenXrSupport: OpenXR qualified success: xrBeginFrame(clientState_.session, &beginFrameDesc): XR_FRAME_DISCARDED
12-26 22:50:23.792  3217  3278 I MRSVC   : MIXEDREALITY: MrServiceView: renderIteration: Hibernating the rendering thread since ID is off and no active PT layers.
12-26 22:50:23.792  3217  3278 I MRSVC   : MIXEDREALITY: MrServiceModelBase: Hibernating caller (most likely rendering thread) due to commandQueue being empty.
12-26 22:50:23.793  2875  5117 I Vsync   : Vsync 34:  1 x 11.14 ms (72.07 Hz, at 73027.252)
12-26 22:50:23.798   777   777 I EffectsFactory: EffectCreate() create_effect
12-26 22:50:23.802  2802  5153 D vrshell:Overla: PlayerBase::stop() from IPlayer
12-26 22:50:23.802  2802  5153 D AudioTrack: stop(247): called with 0 frames delivered
12-26 22:50:23.803   777 11969 D msm8974_platform: platform_split_snd_device: snd_device(2) num devices(1) new_snd_devices(0)
12-26 22:50:23.803  2875  5117 I Vsync   : Vsync 35:  1 x 11.15 ms (72.07 Hz, at 73027.263)
12-26 22:50:23.803   777 11969 D ACDB-LOADER: ACDB -> send_audvoltable
12-26 22:50:23.804   777 11969 D ACDB-LOADER: ACDB -> ACDB_CMD_GET_AUDPROC_INSTANCE_GAIN_DEP_STEP_TABLE_SIZE
12-26 22:50:23.804   777 11969 D android.hardware.audio.service: Failed to fetch the lookup information of the device 0000000F 
12-26 22:50:23.804   777 11969 D ACDB-LOADER: Error: ACDB_CMD_GET_AUDPROC_INSTANCE_GAIN_DEP_STEP_TABLE_SIZE Returned = -19
12-26 22:50:23.804   777 11969 D ACDB-LOADER: ACDB -> ACDB_CMD_GET_AUDPROC_INSTANCE_GAIN_DEP_STEP_TABLE, vol index 1
12-26 22:50:23.804   777 11969 D android.hardware.audio.service: Failed to fetch the lookup information of the device 0000000F 
12-26 22:50:23.804   777 11969 D ACDB-LOADER: Error: ACDB AudProc vol returned = -19
12-26 22:50:23.804   777 11969 D ACDB-LOADER: ACDB -> AUDIO_SET_VOL_CAL cal type = 40
12-26 22:50:23.805  2802  3044 I [OAO] LocalSpace: EnterVrMode: Setting local pose state.
12-26 22:50:23.805  2802  3044 I [OAO] ShellTransitionState: Logging ShellTransitionState to dumpsys: {"state":"Resuming frame loop","timeMillis":"73027264"}
12-26 22:50:23.806  2802  3044 I [OAO] ShellFrameAnalytics: ShellFrame frameFunction: 11207us/413316us, trace: 1us/277us, process commands: 56us/8698us, system update: 319us/30533us, render 637us/30784us, post render 0us/0us, input processing 1950us/31951us, input dispatch 318us/30530us, stale frames: 850, refresh rate: 90
12-26 22:50:23.809  2802  3044 I [OAO] FlowController: UpdateActiveFlow from NonModalFlow to (none)
12-26 22:50:23.809  2802  3044 I [OAO] NonModalFlow: Deactivated
12-26 22:50:23.809  2802  3044 I [OAO] SystemTaskBar: Create PanelApp
12-26 22:50:23.809  2802  3044 I [OAO] PanelAppLaunchInfo: PanelAppLaunchInfo componentString:com.oculus.systemux/com.oculus.panelapp.anytimeui.AnytimeUIPanelService packageName:com.oculus.systemux serviceName:com.oculus.panelapp.anytimeui.AnytimeUIPanelService componentName:com.oculus.systemux/com.oculus.panelapp.anytimeui.AnytimeUIPanelService
12-26 22:50:23.809  2802  3044 I [OAO] HostPlatform: Retrieving component launch information for package (com.oculus.systemux) and service (com.oculus.panelapp.anytimeui.AnytimeUIPanelService)
12-26 22:50:23.813  2802  3044 I [OAO] HostPlatform: Is valid panel service component for package (com.oculus.systemux) and service (com.oculus.panelapp.anytimeui.AnytimeUIPanelService) - true
12-26 22:50:23.814  2802  3044 I [OAO] ShellAppBase: CreatePanelApp( com.oculus.systemux/com.oculus.panelapp.anytimeui.AnytimeUIPanelService )
12-26 22:50:23.814  2802  3044 I [OAO] ShellAppBase: Environment:
12-26 22:50:23.814  2802  3044 I [OAO] ShellAppBase: _oc_shell_bar_corner_radiuses = {"bottomLeft":25,"bottomRight":25,"topLeft":25,"topRight":25}
12-26 22:50:23.814  2802  3044 I [OAO] PanelAppHost: PanelAppHost constructor, panel 53 (com.oculus.systemux/com.oculus.panelapp.anytimeui.AnytimeUIPanelService)
12-26 22:50:23.814  2802  3044 I [OAO] PanelAppHost: Panel app 53 (com.oculus.systemux/com.oculus.panelapp.anytimeui.AnytimeUIPanelService) changing state from startup to foreground
12-26 22:50:23.817  2875  3134 I VrRuntimeService: CreateAndroidSurfaceSwapChain: 3224358056
12-26 22:50:23.817  2875  3134 I VrRuntimeService: CreateAndroidSurfaceSwapChain: 65536 1 32856 1 1 1 1 1 0 3 1 0
12-26 22:50:23.817  2875  3013 I SwapChain_Surface: CreateAndroidSurfaceSwapChainGLES: 769, 0x74dcece000: SurfaceTexture 0x2a9a Surface 0x2a76
12-26 22:50:23.817  2875  3134 I VrRuntimeServer: CreateAndroidSurfaceSwapChain: result surface 0x74dcece000
12-26 22:50:23.818  2802  3044 I [OAO] SwapChainApiOpenXr: Successfully retrieved ID of the newly created surface: 769
12-26 22:50:23.818  2802  3044 I [OAO] PanelRenderLayer: Created android surface with ID: 769
12-26 22:50:23.818  2802  3044 I [OAO] PanelAppHost: Calling sendPanelLaunchIntent for panel app 53 (com.oculus.systemux/com.oculus.panelapp.anytimeui.AnytimeUIPanelService)
12-26 22:50:23.819  2802  3044 I [OAO] HostPlatform: Passing env var _oc_shell_bar_corner_radiuses = {"bottomLeft":25,"bottomRight":25,"topLeft":25,"topRight":25}
12-26 22:50:23.819  2802  3044 I [OAO] HostPlatform: Passing env var _oc_analytics_session_id = be710404-8eca-4eee-84de-515ec065b386
12-26 22:50:23.819  2802  3044 I [OAO] HostPlatform: Passing env var _oc_userid = 104092326040843
12-26 22:50:23.819  2802  3044 I [OAO] HostPlatform: Passing env var _oc_shell_version_name = 59.0.0.172.706
12-26 22:50:23.819  2802  3044 I [OAO] HostPlatform: Passing env var _oc_shell_version_code = 535797236
12-26 22:50:23.819  2802  3044 I [OAO] HostPlatform: Passing env var _oc_shell_automation_enabled = false
12-26 22:50:23.819  2802  3044 I [OAO] HostPlatform: Passing env var _oc_shell_view_id_debugging_enabled = false
12-26 22:50:23.819  2802  3044 I [OAO] HostPlatform: Passing env var _oc_shell_pixel_density = 20
12-26 22:50:23.819  2802  3044 I [OAO] HostPlatform: Passing env var _oc_shell_render_scale = 1.250000
12-26 22:50:23.819  2802  3044 I [OAO] HostPlatform: Passing env var _oc_shell_ux_policy = {"panelBackgroundLayerOriginDepths":{"far":0.2,"mid":0.1,"near":0.015}}
12-26 22:50:23.819  2802  3044 I [OAO] HostPlatform: Passing env var _oc_shell_panel_session_id = be710404-8eca-4eee-84de-515ec065b386-53
12-26 22:50:23.819  2802  3044 I [OAO] HostPlatform: Passing env var _oc_shell_valid_panel_session_ids = ["be710404-8eca-4eee-84de-515ec065b386-53"]
12-26 22:50:23.819  2802  3044 I [OAO] HostPlatform: Passing env var _oc_shell_back_navigation_enabled = false
12-26 22:50:23.819  2802  3044 I [OAO] HostPlatform: Passing env var _oc_shell_feature_sets = appmenu-v1,appmenu-v2,cooperativeState-v2,destinationUi-v2,dragDrop-v1,dragToDesktop-v1,layerClipping-v1,layerClipping-v2,layerOptions-v1,layerParent-v1,launchTargetNotSelf-v1,layerTranslate-v1,multiapp-v1,multiapp-v2,multiapp-v3,multitasking-v1,shellExperimentalAudio-v1,shellPanelAdaptability-v1,systemActionBackgroundPanels-v1,systemThemeSetting-v1,system-reauth-v1,system-ux-file-picker-v1,systemThemeSetting-v2,controlBar-v1,overlayDragAndDrop-v1,vrNotificationsBootLoad-v1,unifiedUI-v1,systemThemeSetting-v3,androidOverscroll-v1,dynamicDockInOverlay-v1,copresence-v1,copresenceVersion-v1,vrLibraryAppLock-v1,contextualModality-v1,unified-passthrough
12-26 22:50:23.819  2802  3044 I [OAO] HostPlatform: Passing env var _oc_launch_timestamp = 73027273
12-26 22:50:23.819  2802  3044 I [OAO] HostPlatform: Passing env var _oc_shell_host = minimal_overlay
12-26 22:50:23.819  2802  3044 I [OAO] HostPlatform: Passing env var _oc_shell_panel_id = 53
12-26 22:50:23.819  2802  3044 D [OAO] ShellApplication: sendApkPanelLaunchIntent: packageName=com.oculus.systemux, serviceClassName=com.oculus.panelapp.anytimeui.AnytimeUIPanelService
12-26 22:50:23.821  2802  3044 D [OAO] PanelAppConnection: getSystemProcessUidForCurrentUser: 'android' systemUid = 1000
12-26 22:50:23.821  2802  3044 D [OAO] ShellApplication: bindService Intent { cmp=com.oculus.systemux/com.oculus.panelapp.anytimeui.AnytimeUIPanelService }
12-26 22:50:23.823  2802  3044 D [OAO] ShellApplication: notify OS to set com.oculus.systemux/com.oculus.panelapp.anytimeui.AnytimeUIPanelService to FOREGROUND
12-26 22:50:23.823  2802  2802 D [OAO] PanelServiceConnection: onSeviceConnected - component name (ComponentInfo{com.oculus.systemux/com.oculus.panelapp.anytimeui.AnytimeUIPanelService}), panel app id (53)
12-26 22:50:23.824  2802  2802 D [OAO] ShellApplication: notify OS to set com.oculus.systemux/com.oculus.panelapp.anytimeui.AnytimeUIPanelService to FOREGROUND
12-26 22:50:23.825  3217  8975 I MRSVC   : MIXEDREALITY: MrServiceController: VrFocusManager::Top Activity Changed, topActivity now is: 'com.epicgames.AtomVR', immersiveApp now is: ''.
12-26 22:50:23.827  3217  3278 I Deque   : AddEventToQueue called. eventInfo.type: 1000101000, eventInfo.next: 1
12-26 22:50:23.827  3217  8975 I MRSVC   : MIXEDREALITY: MrServiceController: VrFocusManager::Top Activity Changed, topActivity now is: 'com.epicgames.AtomVR', immersiveApp now is: ''.
12-26 22:50:23.827  3217  3278 I MRSVC   : MIXEDREALITY: MrRuntimeImpl: onDisplayRefreshRateChanged: Display rate changed from 72 to 90.
12-26 22:50:23.829  2802  3044 I [OAO] DisplayStatePreservationController: Applied preserved state by adapter: taskBarPositionAdapter
12-26 22:50:23.830  2802  2802 I [OAO] PanelAppConnection: verifyFirstPartyUID(Debug Signatures=false, uid=10037) => apkSignatureResult=SigCertInfo(isTrusted=true, packageNames=[com.oculus.systemux], fingerprint sha1=98a1809f3c3e79170e5df8135b500ecfa39df1be, fingerprint sha256=012f8165c191efe8fb0d6d4606aa4abac14d77d1d97d5340860c9f81045aa157, signature=308205cf308203b7a0030201020204097e91c1300d06092a864886f70d01010b0500308197310b3009060355040613025553311330110603550408130a43616c69666f726e6961311330110603550407130a4d656e6c6f205061726b31233021060355040a131a46616365626f6f6b20546563686e6f6c6f676965732c204c4c4331233021060355040b131a46616365626f6f6b20546563686e6f6c6f676965732c204c4c43311430120603550403130b4f63756c75732041707073301e170d3139303730343131333935315a170d3436313131393131333935315a308197310b3009060355040613025553311330110603550408130a43616c69666f726e6961311330110603550407130a4d656e6c6f205061726b31233021060355040a131a46616365626f6f6b20546563686e6f6c6f676965732c204c4c4331233021060355040b131a46616365626f6f6b20546563686e6f6c6f676965732c204c4c43311430120603550403130b4f63756c7573204170707330820222300d06092a864886f70d01010105000382020f003082020a0282020100b815642a5c201c8da044905dafbb06c05fddb75449cc75a716a0434da0493a52a4d60643532c237e76cb41d2c32a5e4474f12b37f632a809b5a5ceb8c6289ecf828e736b4ec452b1c2757bd0b5ed13eff5a7a47ab2ef6cdf60a8d749e9e8603f30d12b5db8f734c57578a2a4ce5ff5737c1f02c629d2dcb4f82726674663a699de94463ff370fa9eb48158831bf0b68bd6ec84293182d52e860bdd81bb9ce9cdd6a77fea0df25004da34d3cce7a31069646aa4628fba9ccb0952163793be9a4edf49a53f83179c2f44d8c87d6c129e8d590af0f3fced26201ee43b31fccd93b497cd198c5cd1f98d64c4f7ad79ca47278c02652d5dc072a99807e22f473f7bae4da2bafcae48cd49ad55a764b8d39f329f6175eac9074307deff48b1c4a6e19b748766617768c31a17feae8478eb7f9ebfb61af2b9f5a692b636342d7ebc53d7146626b51801b5a0a102e281475decdefb8683d0ca2843dc7aaeb6759bcab0dcba38db44f5d7f797a1c9c02dd159c0e3c72b14dc882d31c24ad8abee4ce0f7f0205e05efef551e2551a61e96636ed5dfd7435d3d24f5a130a12f10452cc954aa770d5d95e3e0cb9d7b05c5506a7947f8ff3437b3d82274fdaa156d85bfb7fbcb4fa5557080fedab86520b71d3d533e7bb3e7e3ebe9712b68e755d700b0afbf7595ffa80a6b3d90bfe599769138ee6515df415e32c0abed2b8e4aea1f47351f490203010001a321301f301d0603551d0e04160414a3c939e6b71c43bc9193f773c0351be1aff311f9300d06092a864886f70d01010b050003820201004e4c865231f2a3583c6af9488ecf9aa96b1ee84e2d7bfad00581537dc70c54ecfcf360e563d018efa4cdd77bf6fc4c9f1a20ebd4215cf1538686d4089bdcc8adb6ae4497ead14b0c18efd52ce93357019973e94e16b3326c60885b1bdc5f9cad1098f16732935876d8d19bda3ceeaaa69a83c4e2231710c6735f88abdfffe3dfa2be3f18f894923441b4e4a9c9664ed6294c16d7c073547063bfdbbefad184a001f1dce2feffdc96d10eb16a3bfbcd382cd297ca3b4edb7ebacd1a9931a1368a5157ceaebbca5b39bd5db5461a340db8ec076d38a94bcdd042bfb51388158ba97a49b631c1762fa746c7bb36eaf15cae23fa993cfb052e824f2ae173ea27b50a6cca91eb955f4faf131514757e5a3ecae9df6d23771279b7742f28fb9ce394eb9e03926f550716f1312355a5efdc479d8347b516cff55cb14307c81280142cacf2fd6562a2baacbfc97869272b1c51abf79121de8bab227e001313d4115eb9b33a332ebb34e290f14b5352ef1038f7a5f3740c9d1136b3526de4331deb4fa529c36a17c04c3e64d4f6ebda73d6e6e18281e3948fd11e685eab6611be1bc62839bce5962715e7f6537e6c083bcd3538d17407b26c850cd6b3f5e2149fdef027a6cfb7ed0f93c928aca14927b10c6a3f104ba1b10413af8b1868b84a004e5ddd065fff26a7bb3c818bb5a2d69aedf9441ef9033efae3ef52282a96f66d4b4ff3f2)
12-26 22:50:23.831  2802  3044 I [OAO] InputManager: Adding hand deviceId = 4
12-26 22:50:23.831  2802  3044 I [OAO] InputManager: Adding hand deviceId = 3
12-26 22:50:23.831  2802  3044 I [OAO] InputManager: Adding controller deviceId = 2
12-26 22:50:23.831  2802  3044 I [OAO] InputManager: Adding controller deviceId = 1
12-26 22:50:23.832  2802  3044 I ClientInputTrackedKeyboardManager: TRACKEDKEYBOARD created PTKServiceClient
12-26 22:50:23.832  2802  3044 I PTKService: PTKServiceClient Init
12-26 22:50:23.832 28792 28810 I PanelVerifier: verifyVrShellUID(Debug Signatures=false, uid=10025) => apkSignatureResult=SigCertInfo(isTrusted=true, packageNames=[com.oculus.vrshell], fingerprint sha1=331660b6dd3bd582f3dfd3cbae4546724668a021, fingerprint sha256=dc2f834e3c1942378b14f076c82cd1ab59ea6566bff4730b2047e98efc9f9daf, signature=3082038d30820275a00302010202041303858a300d06092a864886f70d01010b05003077310b3009060355040613025553310b3009060355040813024341311330110603550407130a4d656e6c6f205061726b31173015060355040a130e4f63756c75732056522c204c4c4331173015060355040b130e4f63756c75732056522c204c4c43311430120603550403130b4f63756c75732041707073301e170d3134313033303231343032315a170d3432303331373231343032315a3077310b3009060355040613025553310b3009060355040813024341311330110603550407130a4d656e6c6f205061726b31173015060355040a130e4f63756c75732056522c204c4c4331173015060355040b130e4f63756c75732056522c204c4c43311430120603550403130b4f63756c7573204170707330820122300d06092a864886f70d01010105000382010f003082010a0282010100a34c7fbd96dea95d811f21a0d760cabca85f2df5dbe19b62aca7a3e3e0b6e48f7e173345f2753c458d639cc2e222eeee4cfb5e89ac1c5060044414056709a43a7f1a6f1e4f2c3d708c48912634be08ad6da1fff92d9c0d4b85e4bc8a8b1c27de84c04eb1e6577c10693500af46beaf7bd2ce72a06a46f4e565859f242cecbef1a431ae8096db712cebe73840bacc64de6b99077ba1ca8c20e5d0b4870bd161f087abbf568dfef58e604068ca6f7cdea183c8681c306bc30cb223e7c5ce3a2fcf00d13e158475b3700ef62dcca46c57baecca4d91052e20b861a1a085d5fc8e99aed8c4a9cfd550d01e54ef5062133befcf7f9ea6a5a1d1575a72cd82279f34030203010001a321301f301d0603551d0e04160414ec7ccdaf8ccdc6dd1b87d4b561582ad8ec397b80300d06092a864886f70d01010b0500038201010014c557ecddc17ba8b979618036e7093b8e7307f624644532c31239f4dc83fd9424267ca7670fa9f78689cbc5bfd8a6312fdc214bd159d614a8753ceec0f2b2d9166217895b13c992e1d10ca625a3153dacfa51dbdb7fde139bd59510f5add29f88be3826b445ce7386dcf06577be72fbdf118fa81179091fad275981409e02d40422d8e86df5827a2c496a4b905b4825c3f1ba0af4cf509bf9b0d4d608cf0b4320ac60d1a8cbcc384de24f11a4c93c0fc5b887cbd6855871af1b1ef729c51a8a123efc6a627b6494e81a264587443b9156ad17772863c2f9685fae9c72a552b333f8ef2822bce5d4d178e45b3a8dd4e321924f6a5ba43f732971a9e74cbf0433), time=0 ms
12-26 22:50:23.832  1152  7027 I RuntimeIpcHelperService: Going to start ComponentInfo{com.oculus.vrshell/com.oculus.vrshell.ShellOverlayService} as background
12-26 22:50:23.832 28792 28792 D PanelAppClient: BEGIN: Initializing panel application via MSG_CREATE_PANEL_APP.
12-26 22:50:23.833  2802  3044 I RuntimeIPCClient [RUNTIMEIPC]: ConnectToServer: SUCCESS: Client: com.oculus.vrshell:com.oculus.vrshell:Overlay:2802, Server: com.oculus.vrshell:com.oculus.vrshell:Overlay (ptkserviceserver)
12-26 22:50:23.834  2802  2802 I [OAO] ShellOverlayService: onStartCommand(): Intent { cmp=com.oculus.vrshell/.ShellOverlayService }
12-26 22:50:23.834 28792 28792 I AndroidPanelApp: Created
12-26 22:50:23.835 28792 28792 V LifecycleAwareViewModelStore: LifecycleAwareViewModelStore created
12-26 22:50:23.835 28792 28792 V LifecycleAwarePanelApp: PanelApp initial lifecycle started and moved from state INITIALIZED to state RESUMED
12-26 22:50:23.837  2802  3044 I [OAO] InputManager: Switching primary device (id -1 to 2).
12-26 22:50:23.837  2802  3044 I [OAO] InputManager: Switching secondary device (id to 1).
12-26 22:50:23.840  3210  3253 E AnalyticsEvent: could not set key=selection_args value=null
12-26 22:50:23.840  3210  3253 D CapabilitiesProvider: Capabilities Content Provider called content://com.oculus.identitymanagement.capabilities.contentprovider/account/activeuser/capabilities/com.oculus.capability.social.all, selection= null, selectionArgs=null, sortOrder= null
12-26 22:50:23.843 28792 28792 I [SUI] ConsumerConfiguration: Setting SystemUX Configuration and Policy Settings.
12-26 22:50:23.844 28792 28792 D [SUI] ActivityManagerUtilsHelper: Enabling the activity listener capability with initial foreground package com.epicgames.AtomVR
12-26 22:50:23.845 28792 28792 I [SUI] AnytimeUIPanelApp: Creating AUI PanelApp, isInOverlay: true, instanceCount: 2
12-26 22:50:23.846 28792 28792 E QplClient: com.oculus.systemux: init() called multiple times.
12-26 22:50:23.846 28792 28792 I PresenceAPK(ServiceApiManager): Trying to bind to com.oculus.presence.services.presence.PresenceService service inside com.oculus.presence package.
12-26 22:50:23.847  2802  5155 I FenceChecker: FenceChecker::MainLoop - started
12-26 22:50:23.848 28792 28792 D PresenceAPK(PresenceClient): setEventListener id=AnchoredHomeGroup
12-26 22:50:23.848 28792 28792 I PresenceAPK(GroupManager): addListener for id AnchoredHomeGroup
12-26 22:50:23.851 28792 28792 D [SUI] SystemUXBroadcastReceiver: requestCaptureState being sent
12-26 22:50:23.853   787  5064 E FrameSetDispatcher: [HEADSET] Client pid=945 (IOT): Failed to read from receive FMQ for 1 packets in 5000ms.
12-26 22:50:23.853   787  5064 E FrameSetDispatcher: This probably means this client is taking more than 33 ms to process the frame.
12-26 22:50:23.853   787  5064 E FrameSetDispatcher: Retrying.
12-26 22:50:23.855 28792 28792 D [SUI] PinnedAppsModel: Initializing pinned apps
12-26 22:50:23.855   945  5089 W Tracking: MatchOutlierRejection: Too few stereo matches, performs non-stereo outlier rejection
12-26 22:50:23.855 28792 28792 D [SUI] RecentAppsModel: Initializing recent apps
12-26 22:50:23.856 28792 28792 D [SUI] PanelAppBase: Acquiring viewModel DynamicAppsViewModel refCount: 1
12-26 22:50:23.856 28792 28792 D [SUI] RunningAppManager: Updated current destination - com.epicgames.AtomVR
12-26 22:50:23.856 28792 28792 D [SUI] AppStateUtil: com.epicgames.AtomVR is running= true
12-26 22:50:23.856  2875  5117 I CompositorUtil: SetSchedFifo( tid=2764, pol=2, pri=0 ) succeeded
12-26 22:50:23.857   953  4837 E VrDeviceManagerService: Error set scheduler for process 2875 thread 4513 to 2 : No such process (3)
12-26 22:50:23.857  2875  5117 I CompositorUtil: SetSchedFifo( tid=4513, pol=2, pri=0 ) succeeded
12-26 22:50:23.857   945  5089 I Tracking: MatchOutlierRejection: Matches: 174, Stereo matches: 3, Inlier ratio: 0.48275861144065857
12-26 22:50:23.857 28792 28792 D [SUI] NuxAuiToast: Will not initialize NUX AUI Toast
12-26 22:50:23.857 28792 28792 D [SUI] NuxAuiToast: Setting has_seen_nux_aui_toast to true
12-26 22:50:23.858 28792 28792 I AndroidPanelApp: HideLayer(#main, shape: 1, shouldMinimizeLayer: false)
12-26 22:50:23.858   945  5089 I Tracking: VIPER: [Throttled count=3] Frame Tracking (0.038123907 [sec]) exceeded camera sampling time (0.033333333 [sec]). This is expected as SLAM is initializing
12-26 22:50:23.859  1152  6418 I DisplayDeviceRepository: Display device added: DisplayDeviceInfo{"com.oculus.android_panel_app.AndroidPanelLayer-#main": uniqueId="virtual:com.oculus.systemux,10037,com.oculus.android_panel_app.AndroidPanelLayer-#main,4", 1000 x 1250, modeId 488, defaultModeId 488, supportedModes [{id=488, width=1000, height=1250, fps=60.0, alternativeRefreshRates=[]}], colorMode 0, supportedColorModes [0], hdrCapabilities null, allmSupported false, gameContentTypeSupported false, density 200, 200.0 x 200.0 dpi, appVsyncOff 0, presDeadline 16666666, touch NONE, rotation 0, type VIRTUAL, deviceProductInfo null, state OFF, owner com.oculus.systemux (uid 10037), frameRateOverride , brightnessMinimum 0.0, brightnessMaximum 0.0, brightnessDefault 0.0, FLAG_PRIVATE, FLAG_NEVER_BLANK, FLAG_OWN_CONTENT_ONLY}
12-26 22:50:23.860  1152  6418 I LogicalDisplayMapper: Applying layout: [{addr: {port=129, model=0x40446d9218dcf4}, dispId: 0(ON)}], Previous layout: [{addr: {port=129, model=0x40446d9218dcf4}, dispId: 0(ON)}]
12-26 22:50:23.860  1152  6418 I LogicalDisplayMapper: Adding new display: 277: DisplayInfo{"com.oculus.android_panel_app.AndroidPanelLayer-#main", displayId 277", displayGroupId -1, FLAG_PRIVATE, real 1000 x 1250, largest app 1000 x 1250, smallest app 1000 x 1250, appVsyncOff 0, presDeadline 16666666, mode 488, defaultMode 488, modes [{id=488, width=1000, height=1250, fps=60.0, alternativeRefreshRates=[]}], hdrCapabilities null, userDisabledHdrTypes [], minimalPostProcessingSupported false, rotation 0, state OFF, type VIRTUAL, uniqueId "virtual:com.oculus.systemux,10037,com.oculus.android_panel_app.AndroidPanelLayer-#main,4", app 1000 x 1250, density 200 (200.0 x 200.0) dpi, layerStack 277, colorMode 0, supportedColorModes [0], deviceProductInfo null, owner com.oculus.systemux (uid 10037), removeMode 1, refreshRateOverride 0.0, brightnessMinimum 0.0, brightnessMaximum 0.0, brightnessDefault 0.0}
12-26 22:50:23.861  1152  6418 I LogicalDisplayMapper: Setting new display group 0 for display 277, from previous group: null
12-26 22:50:23.861   945  5089 W Tracking: VegaTracker: Returning without further processing frame. See previous logs for details.
12-26 22:50:23.862  1152  6418 W DisplayPowerController[277]: Screen brightness nits configuration is unavailable; falling back
12-26 22:50:23.862  3217  3278 W PhaseSync: [PS_Ver_1_0] DiscardFrame is triggered, frame->Stage 2 FrameBeginIndex 720 
12-26 22:50:23.862  3217  3278 I MRSVC   : MIXEDREALITY: OpenXrSupport: OpenXR qualified success: xrBeginFrame(clientState_.session, &beginFrameDesc): XR_FRAME_DISCARDED
12-26 22:50:23.863  3217  3278 I MRSVC   : MIXEDREALITY: MrServiceView: renderIteration: Hibernating the rendering thread since ID is off and no active PT layers.
12-26 22:50:23.863  3217  3278 I MRSVC   : MIXEDREALITY: MrServiceModelBase: Hibernating caller (most likely rendering thread) due to commandQueue being empty.
12-26 22:50:23.865  2802  3044 I [OAO] ShellAppBase: 0x74db1342f8 msg: overlayCommand:
12-26 22:50:23.865  2802  3044 I [OAO] ShellAppBase: command = deviceUnlocked
12-26 22:50:23.865  1152  1168 I InputDispatcher: Created monitor PointerEventDispatcher277 for display 277, gesture=false, pid=1152
12-26 22:50:23.865  2802  3044 I [OAO] ShellAppBase: Process_OverlayCommand command : deviceUnlocked
12-26 22:50:23.865  2802  3044 I [OAO] ShellAppBase: deviceUnlocked message received
12-26 22:50:23.865  2802  3044 I OpenXR  : PostSessionStateChange: XR_SESSION_STATE_READY -> XR_SESSION_STATE_SYNCHRONIZED
12-26 22:50:23.865  2802  3044 I Deque   : AddEventToQueue called. eventInfo.type: 18, eventInfo.next: 1
12-26 22:50:23.865  2802  3044 I [OAO] VrPlatformOpenXr: xrPollEvent: received XR_TYPE_EVENT_DATA_SESSION_STATE_CHANGED: 3 for session 0x200000000000002 at time 73027.324965
12-26 22:50:23.865  2802  3044 I [OAO] VrPlatformOpenXr: Session state changed XR_SESSION_STATE_SYNCHRONIZED
12-26 22:50:23.865  2802  3044 I OpenXR  : PostSessionStateChange: XR_SESSION_STATE_SYNCHRONIZED -> XR_SESSION_STATE_VISIBLE
12-26 22:50:23.865  2802  3044 I Deque   : AddEventToQueue called. eventInfo.type: 18, eventInfo.next: 1
12-26 22:50:23.865  2802  3044 I OpenXR  : PostSessionStateChange: XR_SESSION_STATE_VISIBLE -> XR_SESSION_STATE_FOCUSED
12-26 22:50:23.865  2802  3044 I Deque   : AddEventToQueue called. eventInfo.type: 18, eventInfo.next: 1
12-26 22:50:23.865  2802  3044 I [OAO] VrPlatformOpenXr: xrPollEvent: received XR_TYPE_EVENT_DATA_SESSION_STATE_CHANGED: 4 for session 0x200000000000002 at time 73027.325057
12-26 22:50:23.865  2802  3044 I [OAO] VrPlatformOpenXr: Session state changed XR_SESSION_STATE_VISIBLE
12-26 22:50:23.865  2802  3044 I [OAO] VrPlatformOpenXr: xrPollEvent: received XR_TYPE_EVENT_DATA_SESSION_STATE_CHANGED: 5 for session 0x200000000000002 at time 73027.325083
12-26 22:50:23.865  2802  3044 I [OAO] VrPlatformOpenXr: Session state changed XR_SESSION_STATE_FOCUSED
12-26 22:50:23.865  2802  3044 I [OAO] ShellAppBase: ResolveInteractionState: change from Rendering to None
12-26 22:50:23.865  2802  3044 I [OAO] ShellAppBase: LeaveVrMode: Interaction state from Rendering to None
12-26 22:50:23.866  2802  3044 I [OAO] ShellTransitionState: Logging ShellTransitionState to dumpsys: {"state":"Backgrounding","timeMillis":"73027325"}
12-26 22:50:23.866  2802  3044 I [OAO] ShellAppBase: EmptyFrame: Pushing an empty frame
12-26 22:50:23.871  2802  3044 I [OAO] VrPlatformOpenXr: VrPlatformOpenXr::SetPropInhibitHandleHomeKey inhibit:0
12-26 22:50:23.871  2802  3044 I OpenXR_DeviceSettings: ------------ xrSetDeviceSettingBooleanFB -----------
12-26 22:50:23.871  2802  3044 I ClientInputSettings: SetInhibitHandleHomeKey = false for com.oculus.vrshell
12-26 22:50:23.871  2802  3044 I ClientInputInterface: SetInhibitHandleHomeKey 0 for process com.oculus.vrshell 2802
12-26 22:50:23.871  2802  3044 I [OAO] VrPlatformOpenXr: VrPlatformOpenXr::SetPropInhibitHandleHomeKey result = 0
12-26 22:50:23.872  2802  3044 I [OAO] DesktopPanelControllerAnalytics: DesktopPanelControllerAnalytics flushing telemetry
12-26 22:50:23.872  2802  3044 I [OAO] DesktopPanelControllerAnalytics: FlushPendingDesktopMetrics Tablet
12-26 22:50:23.873  2802  3044 I [OAO] VrPlatformOpenXr: RequestEndSession state XR_SESSION_STATE_FOCUSED    focused:1
12-26 22:50:23.873  2802  3044 D [OAO] ShellApplication: setOverlayInputFocus: inputFocus=false
12-26 22:50:23.873  2802  3044 D [OAO] BaseOverlayService: setOverlayInputFocus : entrypoint - inputFocus=false
12-26 22:50:23.873  2802  3044 I OpenXR  : ------------ RequestExitSession [start] -----------
12-26 22:50:23.873  2802  3044 I OpenXR  : ------------ RequestExitSession [end] -----------
12-26 22:50:23.873  2802  3044 I OpenXR  : PostSessionStateChange: XR_SESSION_STATE_FOCUSED -> XR_SESSION_STATE_VISIBLE
12-26 22:50:23.873  2802  3044 I Deque   : AddEventToQueue called. eventInfo.type: 18, eventInfo.next: 1
12-26 22:50:23.873  2802  3044 I [OAO] VrPlatformOpenXr: xrPollEvent: received XR_TYPE_EVENT_DATA_SESSION_STATE_CHANGED: 4 for session 0x200000000000002 at time 73027.333070
12-26 22:50:23.874  2802  3044 I [OAO] VrPlatformOpenXr: Session state changed XR_SESSION_STATE_VISIBLE
12-26 22:50:23.874  2802  3044 I OpenXR  : PostSessionStateChange: XR_SESSION_STATE_VISIBLE -> XR_SESSION_STATE_SYNCHRONIZED
12-26 22:50:23.874  2802  3044 I Deque   : AddEventToQueue called. eventInfo.type: 18, eventInfo.next: 1
12-26 22:50:23.874  2802  3044 I [OAO] VrPlatformOpenXr: xrPollEvent: received XR_TYPE_EVENT_DATA_SESSION_STATE_CHANGED: 3 for session 0x200000000000002 at time 73027.333637
12-26 22:50:23.874  2802  3044 I [OAO] VrPlatformOpenXr: Session state changed XR_SESSION_STATE_SYNCHRONIZED
12-26 22:50:23.875  2802  3044 I OpenXR  : PostSessionStateChange: XR_SESSION_STATE_SYNCHRONIZED -> XR_SESSION_STATE_STOPPING
12-26 22:50:23.875  2802  3044 I Deque   : AddEventToQueue called. eventInfo.type: 18, eventInfo.next: 1
12-26 22:50:23.875  2802  3044 I [OAO] VrPlatformOpenXr: xrPollEvent: received XR_TYPE_EVENT_DATA_SESSION_STATE_CHANGED: 6 for session 0x200000000000002 at time 73027.334548
12-26 22:50:23.875  2802  3044 I [OAO] VrPlatformOpenXr: Session state changed XR_SESSION_STATE_STOPPING
12-26 22:50:23.875  2802  3044 I [OAO] VrPlatformOpenXr: EndSession state XR_SESSION_STATE_STOPPING    focused:0
12-26 22:50:23.875  2802  3044 I [OAO] VrPlatformOpenXr: EndSession calling MrServiceClient EndSession
12-26 22:50:23.875  2802  3044 I OpenXR_Passthrough: ------------ xrPassthroughPauseFB -----------
12-26 22:50:23.878 28792  5159 D MediaCodecList: codecHandlesFormat: no format, so no extra checks
12-26 22:50:23.879 28792  5159 D MediaCodecList: codecHandlesFormat: no format, so no extra checks
12-26 22:50:23.879  3217  3294 I MRSVC   : MIXEDREALITY: MrFeatureStatus: Passthrough: Client 3224358056 status changed from Started to Paused.
12-26 22:50:23.879  3217  3294 I MRSVC   : MIXEDREALITY: MrFeatureStatus: Passthrough: Target status Paused, CurrentStatus: Started
12-26 22:50:23.879  3217  3294 I MRSVC   : MIXEDREALITY: MrFeatureStatus: Operation chain: Pause
12-26 22:50:23.879  3217  3294 I MRSVC   : MIXEDREALITY: MrFeatureStatus: Passthrough: Global status changed from Started to Paused.
12-26 22:50:23.879  3217  3294 I MRSVC   : MIXEDREALITY: MrServiceController: Queuing command linked to operation Pause for feature 0, client 3224358056
12-26 22:50:23.880  2802  3044 I [OAO] VrPlatformOpenXr: EndSession MrServiceClient EndSession passed
12-26 22:50:23.880  2802  3044 I [OAO] VrPlatformOpenXr: EndSession calling xrEndSession
12-26 22:50:23.880  2802  3044 I OpenXR  : ------------ xrEndSession [start] -----------
12-26 22:50:23.880  2802  3044 I VrApi   : OVR::Stats thread Suspend
12-26 22:50:23.880  2802  3044 I XrRuntimeUtils: XrRuntimeUtils::EndSession
12-26 22:50:23.880  2802  3044 I [CT]    : MIXEDREALITY: TREX: Suspending Insight MR session.
12-26 22:50:23.883 28792  5163 D CCodec  : allocate(c2.android.vorbis.decoder)
12-26 22:50:23.886 28792  5163 I CCodec  : setting up 'default' as default (vendor) store
12-26 22:50:23.889  2802  3044 I VrRuntimeClient: DEVICE MODEL NUMBER = Quest 2
12-26 22:50:23.889  2802  3044 I VrRuntimeClient: DEVICE BUILD NAME = SQ3A.220605.009.A1
12-26 22:50:23.889  2802  3044 I VrRuntimeClient: DEVICE BUILD TYPE = user
12-26 22:50:23.889  2802  3044 I VrRuntimeClient: DEVICE OS VERSION = 12
12-26 22:50:23.889  2802  3044 I VrRuntimeClient: API LOADER VERSION = 1.0.29
12-26 22:50:23.889  2802  3044 I VrRuntimeClient: RUNTIME API VERSION = 1.0.29
12-26 22:50:23.889  2802  3044 I VrRuntimeClient: RUNTIME VERSION = 59.0.0.172.706 Nov  6 2023 00:25:46 RELEASE
12-26 22:50:23.889  2802  3044 I VrRuntimeClient: APP NAME = Oculus App Runtime
12-26 22:50:23.890  2802  3044 I VrRuntimeClient: APP VERSION = 59.0.0.172.706 versionCode 535797236 internalVersionName 59.0.0.172.706.64ce586c41bc 2023_11_09_18_27
12-26 22:50:23.890  2802  3044 I VrRuntimeClient: APP VR TYPE = vr_only
12-26 22:50:23.890  2802  3044 I VrRuntimeClient: APP MODE TYPE = VR
12-26 22:50:23.890  2802  3044 I VrRuntimeClient: APP PACKAGE NAME = com.oculus.vrshell
12-26 22:50:23.890  2802  3044 I VrRuntimeClient: APP ACTIVITY CLASS = com.oculus.vrshell.ShellApplication
12-26 22:50:23.892  1152  1168 I WindowManager: Override config changes=20005df8 {0.0 ?mcc?mnc ?localeList ?layoutDir sw800dp w800dp h1000dp 200dpi xlrg port ?uimode ?night -touch -keyb/v/h -nav/h winConfig={ mBounds=Rect(0, 0 - 1000, 1250) mAppBounds=Rect(0, 0 - 1000, 1250) mMaxBounds=Rect(0, 0 - 1000, 1250) mWindowingMode=fullscreen mDisplayWindowingMode=fullscreen mActivityType=undefined mAlwaysOnTop=undefined mRotation=ROTATION_0} ?fontWeightAdjustment} for displayId=277
12-26 22:50:23.897  4657  4905 D UE      : LogAndroid: FAndroidMisc::RequestExit(1, FAndroidErrorOutputDevice::Serialize.!GIsGuarded)
12-26 22:50:23.897   916 26456 V C2Store : in init
12-26 22:50:23.897   916 26456 V C2Store : loading dll
12-26 22:50:23.898  2078  5146 I libjingle: [73009:416] [5146] (opensslidentity.cc:82): Returning key pair
12-26 22:50:23.899  2078  5146 I libjingle: [73009:417] [5146] (opensslidentity.cc:89): Making certificate for WebRTC
12-26 22:50:23.901  1152  1168 V WindowManager: Display 277 state is now (1), so update layer mirroring?
12-26 22:50:23.902  1152  1168 V WindowManager: Display 277 state is now (1), so update layer mirroring?
12-26 22:50:23.903  2802  3044 I Sensor  : OSSDKTRACKING Shutdown tracking
12-26 22:50:23.903  2078  5146 I libjingle: [73009:421] [5146] (opensslidentity.cc:137): Returning certificate
12-26 22:50:23.904 28792  5163 I CCodec  : Created component [c2.android.vorbis.decoder]
12-26 22:50:23.904 28792  5163 D CCodecConfig: read media type: audio/vorbis
12-26 22:50:23.905  2802  3044 I FaceEyeTrackingManagerHelpers: [FaceEyeTrackingManager] Audio FT GK: 0
12-26 22:50:23.905  2802  3044 I LogTimer: CPUTIME: VrRuntimeClient_EndSession took 24.5824 ms
12-26 22:50:23.908  2078  5166 I OVRPlatform: [SequencedRunner] SequencedRunner::InitializeCurrentThread() = 0x74c27766c0
12-26 22:50:23.909  4657  4905 I picgames.AtomV: System.exit called, status: 0
12-26 22:50:23.909  4657  4905 I AndroidRuntime: VM exiting with result code 0, cleanup skipped.
12-26 22:50:23.908  2078  5166 I OVRPlatform: [SequencedRunner] SetThreadName of 0x74c27766c0 to SeqRunner
12-26 22:50:23.910  2078  5168 I OVRPlatform: [SequencedRunner] SequencedRunner::InitializeCurrentThread() = 0x74c48051f8
12-26 22:50:23.910  2078  5168 I OVRPlatform: [SequencedRunner] SetThreadName of 0x74c48051f8 to SeqRunner
12-26 22:50:23.912  2078  5166 I OVRPlatform: [SequencedRunner] SetThreadName of 0x74c27766c0 to Verts-SeqRun
12-26 22:50:23.913  2078  2078 I OVRPlatform: [P2PNetworkTransport] oculus_parties_enable_aui_mic_switcher_controls gk is OFF, mic_switcher_controls is disabled
12-26 22:50:23.914  2078  2078 I OVRPlatform: [RequestStopwatch] AndroidFinishInitialization took 303.4890 milliseconds
12-26 22:50:23.916  2078  5168 I OVRPlatform: [SequencedRunner] SetThreadName of 0x74c48051f8 to Verts-CbRun
12-26 22:50:23.918 28792  5158 D MediaCodecList: codecHandlesFormat: no format, so no extra checks
12-26 22:50:23.920 28792  5163 D ReflectedParamUpdater: extent() != 1 for single value type: algo.buffers.max-count.values
12-26 22:50:23.920  2078  2078 I OVRPlatform: [RequestStopwatch] AndroidSynchronousInitialize took 307.5760 milliseconds
12-26 22:50:23.921 28792  5158 D MediaCodecList: codecHandlesFormat: no format, so no extra checks
12-26 22:50:23.921 28792  5163 D ReflectedParamUpdater: extent() != 1 for single value type: output.subscribed-indices.values
12-26 22:50:23.921 28792  5163 D ReflectedParamUpdater: extent() != 1 for single value type: input.buffers.allocator-ids.values
12-26 22:50:23.921 28792  5163 D ReflectedParamUpdater: extent() != 1 for single value type: output.buffers.allocator-ids.values
12-26 22:50:23.922 28792  5163 D ReflectedParamUpdater: extent() != 1 for single value type: algo.buffers.allocator-ids.values
12-26 22:50:23.922 28792  5163 D ReflectedParamUpdater: extent() != 1 for single value type: output.buffers.pool-ids.values
12-26 22:50:23.923 28792 28792 D [SUI] SurveyController: Constructing SurveyController
12-26 22:50:23.923 28792  5163 D ReflectedParamUpdater: extent() != 1 for single value type: algo.buffers.pool-ids.values
12-26 22:50:23.924 28792 28792 I [SUI] OVRAuthHelper: fetchAuthToken - start
12-26 22:50:23.925 28792  5163 I CCodecConfig: query failed after returning 7 values (BAD_INDEX)
12-26 22:50:23.925 28792  5163 D CCodecConfig: c2 config diff is Dict {
12-26 22:50:23.925 28792  5163 D CCodecConfig:   c2::u32 coded.bitrate.value = 64000
12-26 22:50:23.925 28792  5163 D CCodecConfig:   c2::u32 input.buffers.max-size.value = 32768
12-26 22:50:23.925 28792  5163 D CCodecConfig:   c2::u32 input.delay.value = 0
12-26 22:50:23.925 28792  5163 D CCodecConfig:   string input.media-type.value = "audio/vorbis"
12-26 22:50:23.925 28792  5163 D CCodecConfig:   string output.media-type.value = "audio/raw"
12-26 22:50:23.925 28792  5163 D CCodecConfig:   c2::u32 raw.channel-count.value = 1
12-26 22:50:23.925 28792  5163 D CCodecConfig:   c2::u32 raw.sample-rate.value = 48000
12-26 22:50:23.925 28792  5163 D CCodecConfig: }
12-26 22:50:23.927 28792  5163 D MediaCodec: flushMediametrics
12-26 22:50:23.927 28792  5163 W mediametrics::Item: selfrecord: failed to record: {codec, (01-01 05:00:00.000), (, -1, -1), (android.media.mediacodec.codec=c2.android.vorbis.decoder, android.media.mediacodec.lifetimeMs=46, android.media.mediacodec.low-latency.first-frame=-1, android.media.mediacodec.low-latency.off=0, android.media.mediacodec.low-latency.on=0, android.media.mediacodec.mode=audio, android.media.mediacodec.secure=0)}
12-26 22:50:23.927 28792  5163 D CCodec  : [c2.android.vorbis.decoder] buffers are bound to CCodec for this session
12-26 22:50:23.927 28792  5163 D CCodecConfig: no c2 equivalents for durationUs
12-26 22:50:23.927 28792  5163 D CCodecConfig: no c2 equivalents for track-id
12-26 22:50:23.927 28792  5163 D CCodecConfig: no c2 equivalents for csd-1
12-26 22:50:23.927 28792  5163 D CCodecConfig: no c2 equivalents for channel-mask
12-26 22:50:23.927 28792  5163 D CCodecConfig: no c2 equivalents for flags
12-26 22:50:23.928 28792 28792 D [SUI] BarViewModel: Constructing BarViewModel
12-26 22:50:23.929  2078  2078 I PlatformPlugin: [PlatformPluginManager] Successfully initialized Platform
12-26 22:50:23.929  2078  2078 D PlatformPlugin: [PlatformPluginManager] Releasing lock: nativeInit
12-26 22:50:23.930 28792  5169 D CCodec  : allocate(c2.android.vorbis.decoder)
12-26 22:50:23.936  3217  3278 W PhaseSync: [PS_Ver_1_0] DiscardFrame is triggered, frame->Stage 2 FrameBeginIndex 721 
12-26 22:50:23.936  3217  3278 I MRSVC   : MIXEDREALITY: OpenXrSupport: OpenXR qualified success: xrBeginFrame(clientState_.session, &beginFrameDesc): XR_FRAME_DISCARDED
12-26 22:50:23.936  3217  3278 I MRSVC   : MIXEDREALITY: MrServiceView: renderIteration: Hibernating the rendering thread since ID is off and no active PT layers.
12-26 22:50:23.936  3217  3278 I MRSVC   : MIXEDREALITY: MrServiceController: Executing passthroughPause on model for client 3224358056
12-26 22:50:23.936  3217  3278 I MRSVC   : MIXEDREALITY: MrServiceModel: passthroughPause()
12-26 22:50:23.936  3217  3278 I MRSVC   : MIXEDREALITY: MrServiceModel: passthroughPause: Paused Passthrough
12-26 22:50:23.936 28792  5169 I CCodec  : setting up 'default' as default (vendor) store
12-26 22:50:23.936  3217  3278 I MRSVC   : MIXEDREALITY: MrRuntimeImpl: onPause: Capability Passthrough on device 2.
12-26 22:50:23.937   924  3261 I MRSS    : MIXEDREALITY: MrSystemServiceIPCServer: ChangeMrCapabilityStatus: client 1701905111, capability Passthrough, command 0.
12-26 22:50:23.937  3217  3278 I MRSVC   : MIXEDREALITY: MrRuntimeImpl: onPause: Capability Playspace on device 2.
12-26 22:50:23.937   924  3261 I MRSS    : MIXEDREALITY: MrSystemServiceIPCServer: ChangeMrCapabilityStatus: client 1701905111, capability Playspace, command 0.
12-26 22:50:23.939 28792  5163 D CCodecConfig: c2 config diff is   c2::u32 coded.bitrate.value = 120000
12-26 22:50:23.940 28792 28792 D UserAppScopedAuthHelper: Logging user in.
12-26 22:50:23.941 28792 28792 D [SUI] PanelAppBase: Acquiring viewModel BarViewModel refCount: 1
12-26 22:50:23.941 28792 28792 D [SUI] StatusViewModel: Constructing ViewModel
12-26 22:50:23.941 28792 29006 D UserAppScopedAuthHelper: fetchUserInfo - start
12-26 22:50:23.941 28792 29006 I [SUI] OVRAuthHelper: fetchAuthToken - start
12-26 22:50:23.941 28792  5161 W OVRLibrary: null cursor received for query content://com.oculus.ocms.library/apps/com.epicgames.AtomVR
12-26 22:50:23.941  2078  2078 I PlatformPluginManager: onHeadphonesStateChange: false
12-26 22:50:23.942  2078  2078 I OVRPlatform: [AudioManager] SetHeadphoneStatus: DISCONNECTED
12-26 22:50:23.942  2078  2078 I OVRPlatform: [AudioManager] Current headsetMounted_ true
12-26 22:50:23.942  2078  2078 I OVRPlatform: [AudioManager] Current headphoneStatus_: DISCONNECTED
12-26 22:50:23.942  2078  2078 I PlatformPluginManager: Starting up connection reaper
12-26 22:50:23.942  2078  2078 I PlatformPluginManager: Adding client com.oculus.horizon.service_media.OVRMediaServiceManager@91f4eeb
12-26 22:50:23.942 28792  5163 W Codec2Client: query -- param skipped: index = 1107298332.
12-26 22:50:23.942  2078  2078 I OVRPlatform: [AudioManager] SetHeadsetMounted: true
12-26 22:50:23.942 28792  5163 D CCodec  : setup formats input: AMessage(what = 0x00000000) = {
12-26 22:50:23.942 28792  5163 D CCodec  :   int32_t bitrate = 120000
12-26 22:50:23.942 28792  5163 D CCodec  :   int32_t channel-count = 1
12-26 22:50:23.942 28792  5163 D CCodec  :   int32_t max-input-size = 32768
12-26 22:50:23.942 28792  5163 D CCodec  :   string mime = "audio/vorbis"
12-26 22:50:23.942 28792  5163 D CCodec  :   int32_t sample-rate = 48000
12-26 22:50:23.942 28792  5163 D CCodec  : }
12-26 22:50:23.943 28792  5163 D CCodec  : setup formats output: AMessage(what = 0x00000000) = {
12-26 22:50:23.943 28792  5163 D CCodec  :   int32_t channel-count = 1
12-26 22:50:23.943 28792  5163 D CCodec  :   string mime = "audio/raw"
12-26 22:50:23.943 28792  5163 D CCodec  :   int32_t sample-rate = 48000
12-26 22:50:23.943 28792  5163 D CCodec  :   int32_t channel-mask = 1
12-26 22:50:23.943 28792  5163 D CCodec  : }
12-26 22:50:23.943  2078  2078 I OVRPlatform: [AudioManager] Current headsetMounted_ true
12-26 22:50:23.943  2078  2078 I OVRPlatform: [AudioManager] Current headphoneStatus_: DISCONNECTED
12-26 22:50:23.943   945  5089 W Tracking: MatchOutlierRejection: Too few stereo matches, performs non-stereo outlier rejection
12-26 22:50:23.944  2078  2078 W ContextScope: Warning: Memory Leak Likely! Caching values for context: android.app.ReceiverRestrictedContext@fab8c6
12-26 22:50:23.944  2078  2078 W ContextScope:  You should make this context implement the PropertyBag interface to avoid this leak
12-26 22:50:23.946  2078  2608 E OVRMediaServiceManager: LivestreamingManager Not initialized
12-26 22:50:23.946   945  5089 I Tracking: MatchOutlierRejection: Matches: 218, Stereo matches: 4, Inlier ratio: 0.4724770784378052
12-26 22:50:23.946 28792 28792 I android_os_HwBinder: HwBinder: Starting thread pool for getting: vendor.oculus.hardware.battery@1.0::IBattery/default
12-26 22:50:23.947 28792  5169 I CCodec  : Created component [c2.android.vorbis.decoder]
12-26 22:50:23.947 28792  5163 I CCodecConfig: query failed after returning 7 values (BAD_INDEX)
12-26 22:50:23.947 28792  5169 D CCodecConfig: read media type: audio/vorbis
12-26 22:50:23.948   945  5089 W Tracking: VegaTracker: Returning without further processing frame. See previous logs for details.
12-26 22:50:23.948 28792  5163 W Codec2Client: query -- param skipped: index = 1342179345.
12-26 22:50:23.949 28792  5163 W Codec2Client: query -- param skipped: index = 2415921170.
12-26 22:50:23.950 28792  5163 D CCodecBufferChannel: [c2.android.vorbis.decoder#475] Created input block pool with allocatorID 16 => poolID 101 - OK (0)
12-26 22:50:23.951   916  7184 D BufferPoolAccessor2.0: bufferpool2 0xb400007d19496428 : 0(0 size) total buffers - 0(0 size) used buffers - 47/51 (recycle/alloc) - 4/50 (fetch/transfer)
12-26 22:50:23.951   916  7184 D BufferPoolAccessor2.0: Destruction - bufferpool2 0xb400007d19496428 cached: 0/0M, 0/0% in use; allocs: 51, 92% recycled; transfers: 50, 92% unfetched
12-26 22:50:23.952   916  8609 D BufferPoolAccessor2.0: bufferpool2 0xb400007d19493628 : 0(0 size) total buffers - 0(0 size) used buffers - 46/49 (recycle/alloc) - 3/48 (fetch/transfer)
12-26 22:50:23.952   916  8609 D BufferPoolAccessor2.0: Destruction - bufferpool2 0xb400007d19493628 cached: 0/0M, 0/0% in use; allocs: 49, 94% recycled; transfers: 48, 94% unfetched
12-26 22:50:23.952   916  8609 D BufferPoolAccessor2.0: bufferpool2 0xb400007d1946da28 : 0(0 size) total buffers - 0(0 size) used buffers - 81/85 (recycle/alloc) - 6/84 (fetch/transfer)
12-26 22:50:23.952   916  8609 D BufferPoolAccessor2.0: Destruction - bufferpool2 0xb400007d1946da28 cached: 0/0M, 0/0% in use; allocs: 85, 95% recycled; transfers: 84, 93% unfetched
12-26 22:50:23.952   916  8609 D BufferPoolAccessor2.0: bufferpool2 0xb400007d19493228 : 0(0 size) total buffers - 0(0 size) used buffers - 75/80 (recycle/alloc) - 5/79 (fetch/transfer)
12-26 22:50:23.952   916  8609 D BufferPoolAccessor2.0: Destruction - bufferpool2 0xb400007d19493228 cached: 0/0M, 0/0% in use; allocs: 80, 94% recycled; transfers: 79, 94% unfetched
12-26 22:50:23.953 28792  5163 I CCodecBufferChannel: [c2.android.vorbis.decoder#475] Created output block pool with allocatorID 16 => poolID 314 - OK
12-26 22:50:23.953 28792  5163 D CCodecBufferChannel: [c2.android.vorbis.decoder#475] Configured output block pool ids 314 => OK
12-26 22:50:23.954 28792 29006 D UserAppScopedAuthHelper: Successfully logged in.
12-26 22:50:23.958 28792 28792 D [SUI] StatusViewModel: Initializing wifi status BroadcastReceiver
12-26 22:50:23.959 28792 28792 D [SUI] StatusViewModel: Initialized wifi status BroadcastReceiver
12-26 22:50:23.959 28792 28792 D [SUI] StatusViewModel: Initializing bluetooth BroadcastReceiver
12-26 22:50:23.960 28792 28792 D [SUI] StatusViewModel: Initialized bluetooth BroadcastReceiver
12-26 22:50:23.963 28792  5169 D ReflectedParamUpdater: extent() != 1 for single value type: algo.buffers.max-count.values
12-26 22:50:23.964 28792  5169 D ReflectedParamUpdater: extent() != 1 for single value type: output.subscribed-indices.values
12-26 22:50:23.964 28792  5169 D ReflectedParamUpdater: extent() != 1 for single value type: input.buffers.allocator-ids.values
12-26 22:50:23.964 28792  5169 D ReflectedParamUpdater: extent() != 1 for single value type: output.buffers.allocator-ids.values
