12-28 05:50:47.189   945  1423 I Tracking: VegaBAOptimize: Num points adjusted: 297 fixed: 0 Num residuals in-in: 3368 in-out: 126 out-in: 0 fixed (out-out): 0 outside ROI: 0 total: 3494
12-28 05:50:47.167     0     0 W healthd : battery l=99 v=4296 t=29.0 h=2 st=2 c=-686523 fc=3749000 cc=3 chg=a
12-28 05:50:47.197   945  1429 W Tracking: PlaceRecognitionSubmapListProvider: Requested to extract top 20 submaps but we only have 4 in disk.
12-28 05:50:47.209   945  1423 I Tracking: VegaBAOptimize: Total: neighbor 1 L1s, adjust 1 L1s. KRs 20, Points 297, Cameras 80, FixedKr (small bubble) 1 (1), AdjustKR 19, Imus 19
12-28 05:50:47.296   945  1423 I Tracking: VegaBAOptimize: resRemoved = 28, pntRemoved = 1
12-28 05:50:47.297   945  1424 I Tracking: VegaMapIO: VegaMapIO::saveKeypoints called for keyrigUid = 08c5d86d-4425-41bf-260a-e82ba0ccd637
12-28 05:50:47.307   945  1423 I Tracking: VEGA_LOCALIZER: Fallback descriptor ratio in index 0.4872485101222992 is lower than threshold 0.7, skipping fallback matching
12-28 05:50:47.307   945  1425 I Tracking: VEGA_LOCALIZER: Computed 914 orb descriptors that will be used for PBR or Orphans descriptor
12-28 05:50:47.307   945  1425 I Tracking: VEGA_LOCALIZER: Computed 969 udeep descriptors that will be used for PBR or Orphans descriptor
12-28 05:50:47.314   945  1423 I Tracking: VEGA_LOCALIZER: Obtained 23 matches from 1120 keypoints using udeep descriptors
12-28 05:50:47.314   945  1423 I Tracking: VEGA_LOCALIZER: Obtained 23 total matches from 1120 total keypoints
12-28 05:50:47.315   945  1425 I Tracking: LOCALIZATION_POSE_ESTIMATOR: No pose scoring method was provided, not doing pose scoring
12-28 05:50:47.316   945  1425 I Tracking: LOCALIZATION_POSE_ESTIMATOR: Clustered estimation results from: 1 to : 1
12-28 05:50:47.317   945  1425 I Tracking: LOCALIZATION_POSE_ESTIMATOR: Post-RANSAC iterative minimization converged? false, number of successful features: 2, number of inlier observations: 4
12-28 05:50:47.317   945  1425 I Tracking: LOCALIZATION_POSE_ESTIMATOR: Keeping RANSAC pose estimate, iterative-minimization result ignored.
12-28 05:50:47.318   945  1425 I Tracking: LOCALIZATION_POSE_ESTIMATOR: removing duplicate inliers
12-28 05:50:47.318   945  1425 W Tracking: VEGA_LOCALIZER: RANSAC failure: pose couldn't be refined.
12-28 05:50:47.324   945  1423 I Tracking: VEGA_LOCALIZER: Added 121/132 orb descriptors to the index. It has 3560 descriptors for 391 points, with stdev: 0.58 and max: 3.09.
12-28 05:50:47.329   945  1423 I Tracking: VEGA_LOCALIZER: Added place descriptor to keyrig h[69, 148]. PBR meta: type: vlad, descriptor: orb, version: 1, num_words: 256
12-28 05:50:47.338   945  1423 I Tracking: VEGA_LOCALIZER: Added 142/151 udeep descriptors to the index. It has 3761 descriptors for 391 points, with stdev: 0.96 and max: 7.83.
12-28 05:50:47.341   945  1423 I Tracking: VEGA_LOCALIZER: Added place descriptor to keyrig h[69, 148]. PBR meta: type: vlad, descriptor: udeep, version: 1, num_words: 256
12-28 05:50:47.342   945  1423 I Tracking: VEGA_LOCALIZER: New descriptors added - Regular: 263, Immature: 0, Resampled by OrphanDescriptors: 0. # Total descriptors: 3560 fallback and 3761 primary.
12-28 05:50:47.384  2875 31739 I Vsync   : Vsync 7400:  1 x 13.51 ms (71.58 Hz, at 182417.703)
12-28 05:50:47.410   945  1423 I Tracking: Vega:MapBuilderBase: Created keyRig with frameID 2568 and uid 6f82c190
12-28 05:50:47.414   945  1423 I Tracking: RELOC_TIMER: Running localization in background with throttling - It's 102.04 seconds since first attempt, background timeout after 3600 seconds
12-28 05:50:47.414   945  1423 I Tracking: LocalizationStateMachine: Not scheduling fine localization since last fine reloc is < 1s old.
12-28 05:50:47.415   945  1423 I Tracking: LocalizationStateMachine: All 1 submap set to load (and no more) are already in memory
12-28 05:50:47.415   945  1423 I Tracking: LocalizationStateMachine: Ignoring submap sets to be loaded since they are already all in memory.
12-28 05:50:47.415   945  1423 I Tracking: LocalizationStateMachine: Not scheduling coarse localization since last coarse reloc is < 1s old.
12-28 05:50:47.415   945  1423 I Tracking: LocalizationStateMachine: LocalizationStateMachine updated from CoarseAndFineLocalization to NoAction
12-28 05:50:47.416   945  1423 I Tracking: KEYPOINT_CACHE: New keyrig added has 179 corners and 95 tracks to immature points @ frameID=2568, processingTs=182417.727414161 [sec]
12-28 05:50:47.416   945  1423 I Tracking: VEGA_MAPPER: Did not schedule localization because in cooldown.
12-28 05:50:47.420   945  1423 I Tracking: MapCullingTask: Culled 0 L1 nodes, 1 individual keyrigs, and 1 individual points
12-28 05:50:47.420   945  1423 I Tracking: RELOC_TIMER: Running localization in background with throttling - It's 102.04 seconds since first attempt, background timeout after 3600 seconds
12-28 05:50:47.437   945  1423 I Tracking: VegaBAOptimize: Num points adjusted: 318 fixed: 0 Num residuals in-in: 3357 in-out: 126 out-in: 0 fixed (out-out): 0 outside ROI: 0 total: 3483
12-28 05:50:47.441   945  1423 I Tracking: VegaBAOptimize: Total: neighbor 1 L1s, adjust 1 L1s. KRs 20, Points 318, Cameras 80, FixedKr (small bubble) 1 (1), AdjustKR 19, Imus 19
12-28 05:50:47.486   945  1425 I Tracking: VEGA_LOCALIZER: Computed 915 orb descriptors that will be used for PBR or Orphans descriptor
12-28 05:50:47.486   945  1425 I Tracking: VEGA_LOCALIZER: Computed 962 udeep descriptors that will be used for PBR or Orphans descriptor
12-28 05:50:47.550   945  1423 I Tracking: VegaBAOptimize: resRemoved = 47, pntRemoved = 3
12-28 05:50:47.556   945  1423 I Tracking: VEGA_LOCALIZER: Added 128/145 orb descriptors to the index. It has 3688 descriptors for 410 points, with stdev: 0.57 and max: 2.98.
12-28 05:50:47.560   945  1423 I Tracking: VEGA_LOCALIZER: Added place descriptor to keyrig h[73, 123]. PBR meta: type: vlad, descriptor: orb, version: 1, num_words: 256
12-28 05:50:47.564   945  1423 I Tracking: VEGA_LOCALIZER: Added 127/158 udeep descriptors to the index. It has 3888 descriptors for 410 points, with stdev: 0.96 and max: 7.90.
12-28 05:50:47.571   945  1423 I Tracking: VEGA_LOCALIZER: Added place descriptor to keyrig h[73, 123]. PBR meta: type: vlad, descriptor: udeep, version: 1, num_words: 256
12-28 05:50:47.571   945  1423 I Tracking: VEGA_LOCALIZER: New descriptors added - Regular: 255, Immature: 0, Resampled by OrphanDescriptors: 0. # Total descriptors: 3688 fallback and 3888 primary.
12-28 05:50:47.572   945  1424 I Tracking: VegaMapIO: VegaMapIO::saveKeypoints called for keyrigUid = 6f82c190-49f1-a109-3c1c-b87799d014bc
12-28 05:50:47.649   945  1423 I Tracking: RELOC_TIMER: Running localization in background with throttling - It's 102.28 seconds since first attempt, background timeout after 3600 seconds
12-28 05:50:47.649   945  1423 I Tracking: LocalizationStateMachine: Not scheduling fine localization since last fine reloc is < 1s old.
12-28 05:50:47.649   945  1423 I Tracking: VEGA_MAPPER: Did not schedule localization because in cooldown.
12-28 05:50:47.649   945  1423 I Tracking: RELOC_TIMER: Running localization in background with throttling - It's 102.28 seconds since first attempt, background timeout after 3600 seconds
12-28 05:50:47.797  1658  1789 D ControllerManagement: P2p group not formed. No need to switch band.
12-28 05:50:47.799 31322 31367 V UE      : [NetworkChangedManager] Network Capabilities changed, has Internet: true
12-28 05:50:47.800 31322  1076 V UE      : [NetworkChangedManager] Verifying internet connection with host: https://example.com/
12-28 05:50:47.803  7958  8057 V UE      : [NetworkChangedManager] Network Capabilities changed, has Internet: true
12-28 05:50:47.810 19146 19183 V UE      : [NetworkChangedManager] Network Capabilities changed, has Internet: true
12-28 05:50:47.813 19087 19164 V UE      : [NetworkChangedManager] Network Capabilities changed, has Internet: true
12-28 05:50:47.812 19053 19070 V UE      : [NetworkChangedManager] Network Capabilities changed, has Internet: true
12-28 05:50:47.815  3265  3265 D MetaCam (DeviceLifecycleManager): onCapabilitiesChanged(...). Has NET_CAPABILITY_VALIDATED.
12-28 05:50:47.820  7958  1077 V UE      : [NetworkChangedManager] Verifying internet connection with host: https://example.com/
12-28 05:50:47.821 19053  1078 V UE      : [NetworkChangedManager] Verifying internet connection with host: https://example.com/
12-28 05:50:47.822 19087  1079 V UE      : [NetworkChangedManager] Verifying internet connection with host: https://example.com/
12-28 05:50:47.825 19146  1081 V UE      : [NetworkChangedManager] Verifying internet connection with host: https://example.com/
12-28 05:50:47.853   945 31712 I Tracking: VEGA:HIGH_FREQ_OCAL: 0:(241.79,(317.98,240.39)) 1:(241.86,(321.05,240.49)) 2:(241.66,(320.48,240.38)) 3:(241.75,(319.35,240.44)) 
12-28 05:50:47.887   945  1423 I Tracking: RELOC_TIMER: Running localization in background with throttling - It's 102.52 seconds since first attempt, background timeout after 3600 seconds
12-28 05:50:47.891   945  1423 I Tracking: LocalizationStateMachine: Not scheduling fine localization since last fine reloc is < 1s old.
12-28 05:50:47.893   945  1423 I Tracking: VEGA_MAPPER: Did not schedule localization because in cooldown.
12-28 05:50:47.893   945  1423 I Tracking: RELOC_TIMER: Running localization in background with throttling - It's 102.52 seconds since first attempt, background timeout after 3600 seconds
12-28 05:50:47.982  2356  2420 I [CT]    : SP:SPS:SpsTelemetry: processCpuStatsProvider_.userSpaceUsage() = 0.0005008451762348963, processCpuStatsProvider_.kernelSpaceUsage() = 0.0008347419603914939, sum of both = 0.0013355871366263904
12-28 05:50:47.982  2356  2420 I [CT]    : SP:SPS:SpsTelemetry: getProcessMemoryUsage = 75182080
12-28 05:50:48.017 31322  1076 V UE      : [NetworkChangedManager] Connectivity hasn't changed. Current state: CONNECTION_AVAILABLE
12-28 05:50:48.017 31322  1076 V UE      : [NetworkChangedManager] Full network check complete. State: CONNECTION_AVAILABLE
12-28 05:50:48.022 31322 31933 I VrApi   : FPS=68/72,Prd=58ms,Tear=1,Early=0,Stale=14,Stale2/5/10/max=5/0/0/4,VSnc=0,Lat=-1,Fov=0,CPU4/GPU=5/4,1862/525MHz,OC=FF,TA=0/0/0,SP=N/N/N,Mem=2092MHz,Free=2285MB,PLS=0,Temp=29.0C/0.0C,TW=1.99ms,App=12.17ms,GD=0.00ms,CPU&GPU=31.79ms,LCnt=2(DR73,LM2),GPU%=1.00,CPU%=0.60(W0.65),DSF=1.00,CFL=14.11/23.56,ICFLp95=19.11,LD=0,SF=1.00,LP=0,DVFS=0
12-28 05:50:48.066 19146  1081 V UE      : [NetworkChangedManager] Connectivity hasn't changed. Current state: CONNECTION_AVAILABLE
12-28 05:50:48.067 19146  1081 V UE      : [NetworkChangedManager] Full network check complete. State: CONNECTION_AVAILABLE
12-28 05:50:48.073  7958  1077 V UE      : [NetworkChangedManager] Connectivity hasn't changed. Current state: CONNECTION_AVAILABLE
12-28 05:50:48.073  7958  1077 V UE      : [NetworkChangedManager] Full network check complete. State: CONNECTION_AVAILABLE
12-28 05:50:48.078 19053  1078 V UE      : [NetworkChangedManager] Connectivity hasn't changed. Current state: CONNECTION_AVAILABLE
12-28 05:50:48.078 19053  1078 V UE      : [NetworkChangedManager] Full network check complete. State: CONNECTION_AVAILABLE
12-28 05:50:48.086 19087  1079 V UE      : [NetworkChangedManager] Connectivity hasn't changed. Current state: CONNECTION_AVAILABLE
12-28 05:50:48.086 19087  1079 V UE      : [NetworkChangedManager] Full network check complete. State: CONNECTION_AVAILABLE
12-28 05:50:48.111   945 31712 W Tracking: TIMESTAMPCHECKER: Nominal rate wrong. Estimated data rate: 25, Nominal is 30
12-28 05:50:48.129   945  1423 I Tracking: RELOC_TIMER: Running localization in background with throttling - It's 102.76 seconds since first attempt, background timeout after 3600 seconds
12-28 05:50:48.129   945  1423 I Tracking: LocalizationStateMachine: Not scheduling fine localization since last fine reloc is < 1s old.
12-28 05:50:48.129   945  1423 I Tracking: VEGA_MAPPER: Did not schedule localization because in cooldown.
12-28 05:50:48.129   945  1423 I Tracking: RELOC_TIMER: Running localization in background with throttling - It's 102.76 seconds since first attempt, background timeout after 3600 seconds
12-28 05:50:48.160   945 31700 D TrackingService: d3d05f47e2487092: isControllerInHand(182416.48s): 0 ctEnabled: 1 btnPress(182410.69s): 0 btnOrTpdTouch(182413.05s): 0 btnOrTpdProx(182413.35s): 0 static(182416.48s): 0 thbstkOffCenter: 0 
12-28 05:50:48.160   945 31700 D TrackingService: [HANDTRACKING] Controller d3d05f47e2487092 in hand: N, valid: Y
12-28 05:50:48.367   945  1423 I Tracking: RELOC_TIMER: Running localization in background with throttling - It's 103 seconds since first attempt, background timeout after 3600 seconds
12-28 05:50:48.368   945  1423 I Tracking: LocalizationStateMachine: LocalizationStateMachine updated from NoAction to CoarseAndFineLocalization
12-28 05:50:48.368   945  1423 I Tracking: VEGA_MAPPER: Scheduling coarse localization.
12-28 05:50:48.369   945  1423 I Tracking: VEGA_MAPPER: Scheduling localization on root nodes 3c06380f-0958-3898-3af7-75699c3213b3.
12-28 05:50:48.369   945  1429 E Tracking: FusedSubmapListProvider: fusion logic INTERSECTION_RANKED
12-28 05:50:48.369   945  1429 I Tracking: WifiSubmapListProvider: Using wifi distance model
12-28 05:50:48.369   945  1423 I Tracking: RELOC_TIMER: Running localization in background with throttling - It's 103 seconds since first attempt, background timeout after 3600 seconds
12-28 05:50:48.375   945  1425 I Tracking: VIPER:DEEP_DESCRIPTOR: Computing Deep Descriptors using gravity orientation.
12-28 05:50:48.386   945 31700 D TrackingService: 9d17e7ce194bc1ec: isControllerInHand(182416.70s): 0 ctEnabled: 1 btnPress(182410.50s): 0 btnOrTpdTouch(182413.26s): 0 btnOrTpdProx(182413.71s): 0 static(182416.70s): 0 thbstkOffCenter(182409.42s): 0 
12-28 05:50:48.386   945 31700 D TrackingService: [HANDTRACKING] Controller 9d17e7ce194bc1ec in hand: N, valid: Y
12-28 05:50:48.394   945  1429 W Tracking: PlaceRecognitionSubmapListProvider: Requested to extract top 20 submaps but we only have 4 in disk.
12-28 05:50:48.440   945  1423 I Tracking: VEGA_LOCALIZER: Fallback descriptor ratio in index 0.4868004322052002 is lower than threshold 0.7, skipping fallback matching
12-28 05:50:48.443   945  1423 I Tracking: VEGA_LOCALIZER: Obtained 38 matches from 949 keypoints using udeep descriptors
12-28 05:50:48.444   945  1423 I Tracking: VEGA_LOCALIZER: Obtained 38 total matches from 949 total keypoints
12-28 05:50:48.450   945  1425 I Tracking: LOCALIZATION_POSE_ESTIMATOR: No pose scoring method was provided, not doing pose scoring
12-28 05:50:48.452   945  1425 I Tracking: LOCALIZATION_POSE_ESTIMATOR: Clustered estimation results from: 1 to : 1
12-28 05:50:48.453   945  1425 I Tracking: LOCALIZATION_POSE_ESTIMATOR: Post-RANSAC iterative minimization converged? false, number of successful features: 0, number of inlier observations: 0
12-28 05:50:48.453   945  1425 I Tracking: LOCALIZATION_POSE_ESTIMATOR: Keeping RANSAC pose estimate, iterative-minimization result ignored.
12-28 05:50:48.454   945  1425 I Tracking: LOCALIZATION_POSE_ESTIMATOR: Removed 1 duplicate inliers from the localization result (before: 5, after: 4).
12-28 05:50:48.454   945  1425 I Tracking: LOCALIZATION_POSE_ESTIMATOR: removing duplicate inliers
12-28 05:50:48.454   945  1425 W Tracking: VEGA_LOCALIZER: RANSAC failure: pose couldn't be refined.
12-28 05:50:48.547     0     0 W healthd : battery l=99 v=4311 t=29.0 h=2 st=2 c=-541015 fc=3749000 cc=3 chg=a
12-28 05:50:48.609   945  1423 I Tracking: Vega:MapBuilderBase: Created keyRig with frameID 2598 and uid cce87258
12-28 05:50:48.612  2875 31739 I Vsync   : Vsync 7489:  2 x 13.93 ms (71.82 Hz, at 182418.930)
12-28 05:50:48.619   945  1423 I Tracking: RELOC_TIMER: Running localization in background with throttling - It's 103.24 seconds since first attempt, background timeout after 3600 seconds
12-28 05:50:48.619   945  1423 I Tracking: LocalizationStateMachine: Not scheduling fine localization since last fine reloc is < 1s old.
12-28 05:50:48.619   945  1423 I Tracking: LocalizationStateMachine: All 1 submap set to load (and no more) are already in memory
12-28 05:50:48.619   945  1423 I Tracking: LocalizationStateMachine: Ignoring submap sets to be loaded since they are already all in memory.
12-28 05:50:48.619   945  1423 I Tracking: LocalizationStateMachine: Not scheduling coarse localization since last coarse reloc is < 1s old.
12-28 05:50:48.619   945  1423 I Tracking: LocalizationStateMachine: LocalizationStateMachine updated from CoarseAndFineLocalization to NoAction
12-28 05:50:48.621   945  1423 I Tracking: KEYPOINT_CACHE: New keyrig added has 269 corners and 72 tracks to immature points @ frameID=2598, processingTs=182418.925794161 [sec]
12-28 05:50:48.622   945  1423 I Tracking: VEGA_MAPPER: Did not schedule localization because in cooldown.
12-28 05:50:48.626   945  1423 W Tracking: VEGA_MAP_MARGINALIZATION: Invalid IMU edge chain duration for marginalization: 44.63999938964844s for krUp b992d69d (frameID 908), krDown fb1e8cef (frameID 2024). So skip the marginalization.
12-28 05:50:48.627   945  1423 I Tracking: MapCullingTask: Culled 0 L1 nodes, 1 individual keyrigs, and 0 individual points
12-28 05:50:48.627   945  1423 I Tracking: RELOC_TIMER: Running localization in background with throttling - It's 103.24 seconds since first attempt, background timeout after 3600 seconds
12-28 05:50:48.638   945  1423 I Tracking: VegaBAOptimize: Num points adjusted: 346 fixed: 0 Num residuals in-in: 3496 in-out: 126 out-in: 0 fixed (out-out): 0 outside ROI: 0 total: 3622
12-28 05:50:48.646   945  1423 I Tracking: VegaBAOptimize: Total: neighbor 1 L1s, adjust 1 L1s. KRs 20, Points 346, Cameras 80, FixedKr (small bubble) 1 (1), AdjustKR 19, Imus 18
12-28 05:50:48.676  2802  3044 I [OAO] ShellAppBase: Sleep timeout exceeded. Timeout:182418.985955, Now:182418.994046. Sleeping... 
12-28 05:50:48.676  2802  3044 I [OAO] ShellAppBase: WaitForWake: VrThread entering waiting state
12-28 05:50:48.709   945  1425 I Tracking: VEGA_LOCALIZER: Computed 894 orb descriptors that will be used for PBR or Orphans descriptor
12-28 05:50:48.709   945  1425 I Tracking: VEGA_LOCALIZER: Computed 946 udeep descriptors that will be used for PBR or Orphans descriptor
12-28 05:50:48.753   945  1423 I Tracking: VegaBAOptimize: resRemoved = 50, pntRemoved = 3
12-28 05:50:48.760   945  1423 I Tracking: VEGA_LOCALIZER: Added 204/229 orb descriptors to the index. It has 3892 descriptors for 438 points, with stdev: 0.55 and max: 2.83.
12-28 05:50:48.764   945  1423 I Tracking: VEGA_LOCALIZER: Added place descriptor to keyrig h[70, 140]. PBR meta: type: vlad, descriptor: orb, version: 1, num_words: 256
12-28 05:50:48.774   945  1423 I Tracking: VEGA_LOCALIZER: Added 205/250 udeep descriptors to the index. It has 4093 descriptors for 438 points, with stdev: 0.97 and max: 7.76.
12-28 05:50:48.778   945  1423 I Tracking: VEGA_LOCALIZER: Added place descriptor to keyrig h[70, 140]. PBR meta: type: vlad, descriptor: udeep, version: 1, num_words: 256
12-28 05:50:48.778   945  1423 I Tracking: VEGA_LOCALIZER: New descriptors added - Regular: 409, Immature: 0, Resampled by OrphanDescriptors: 0. # Total descriptors: 3892 fallback and 4093 primary.
12-28 05:50:48.779   945  1424 I Tracking: VegaMapIO: VegaMapIO::saveKeypoints called for keyrigUid = cce87258-d02a-1e29-2b43-7442d5a857dc
12-28 05:50:48.850   945  1423 I Tracking: RELOC_TIMER: Running localization in background with throttling - It's 103.48 seconds since first attempt, background timeout after 3600 seconds
12-28 05:50:48.851   945  1423 I Tracking: LocalizationStateMachine: Not scheduling fine localization since last fine reloc is < 1s old.
12-28 05:50:48.851   945  1423 I Tracking: VEGA_MAPPER: Did not schedule localization because in cooldown.
12-28 05:50:48.851   945  1423 I Tracking: RELOC_TIMER: Running localization in background with throttling - It's 103.48 seconds since first attempt, background timeout after 3600 seconds
12-28 05:50:49.049 31322 31933 I ClientSharedTelemetryStats: App memory usage: PSS=675 MiB, PrivateDirty=486 MiB, PrivateClean=169 MiB, GPU=266.4/266.9 MiB (100% allocated)
12-28 05:50:49.049 31322 31933 I VrApi   : FPS=70/72,Prd=59ms,Tear=0,Early=2,Stale=11,Stale2/5/10/max=0/2/0/5,VSnc=0,Lat=-1,Fov=0,CPU4/GPU=5/4,1478/525MHz,OC=FF,TA=0/0/0,SP=N/N/N,Mem=2092MHz,Free=2301MB,PLS=0,Temp=29.0C/0.0C,TW=1.97ms,App=11.16ms,GD=0.00ms,CPU&GPU=30.37ms,LCnt=2(DR72,LM2),GPU%=0.99,CPU%=0.62(W0.68),DSF=1.00,CFL=17.16/25.95,ICFLp95=22.75,LD=0,SF=1.00,LP=0,DVFS=0
12-28 05:50:49.056   945 31735 I Tracking: CONSTELLATION:VISION_STATUS: d3d05f47e2487092 (R): BlobDetection:[#BlobsDetected=(29.55, 95.37)]Matching:[MatchSuccess=0.820, MatchCost=(0.00268, 0.00005), #MatchedBlobs=(8.69, 19.28), #MatchedLeds=(4.86, 5.83), RematchM=0.000, SkipRefine=0.000] MatchMethod:[Prox=0.820, ConstBrute=0.000, UnconstBrute=0.000] MatchResets[AnomBlobSize=0.000, SharedMatch=0.000, DenseReacq=0.000] | Fusion:[FusionError=0.000, ImuFromCamMs=(11.023, 2.987), RematchF=0.000] FusionUpdates:[Successful=0.724, Reliable=0.724, TightFusion=0.724, FullPose=0.000, StaticPrior=0.276, StaticForHandTrans=0.308, PoseUpdateMD=(0.0000, 0.0000)] FusionResets[6DoFReset=0.000, ResetSuccess=0.000] FusionStatus[HasPosition=1.000, HasVelocity=1.000] 
12-28 05:50:49.089   945 31700 I Tracking: CONSTELLATION:IMU_STATUS: d3d05f47e2487092 (R): [FusionTracked=1.000, OutputTracked=1.000, OutputValid=1.000] [AccelSat=0.000, GyroSat=0.000] 
12-28 05:50:49.098   945  1423 I Tracking: RELOC_TIMER: Running localization in background with throttling - It's 103.72 seconds since first attempt, background timeout after 3600 seconds
12-28 05:50:49.098   945  1423 I Tracking: LocalizationStateMachine: Not scheduling fine localization since last fine reloc is < 1s old.
12-28 05:50:49.099   945  1423 I Tracking: VEGA_MAPPER: Did not schedule localization because in cooldown.
12-28 05:50:49.099   945  1423 I Tracking: RELOC_TIMER: Running localization in background with throttling - It's 103.72 seconds since first attempt, background timeout after 3600 seconds
12-28 05:50:49.139   945 31735 W Tracking: CONSTELLATION:MATCHING: [Throttled count=3] Anomalous blob size detected => Resetting matches for controller d3d05f47e2487092 (R).
12-28 05:50:49.140   945 31735 I Tracking: CONSTELLATION:VISION_STATUS: 9d17e7ce194bc1ec (L): BlobDetection:[#BlobsDetected=(29.46, 95.98)]Matching:[MatchSuccess=0.804, MatchCost=(0.00272, 0.00004), #MatchedBlobs=(8.71, 22.72), #MatchedLeds=(4.94, 7.01), RematchM=0.000, SkipRefine=0.000] MatchMethod:[Prox=0.804, ConstBrute=0.000, UnconstBrute=0.000] MatchResets[AnomBlobSize=0.000, SharedMatch=0.000, DenseReacq=0.000] | Fusion:[FusionError=0.000, ImuFromCamMs=(11.375, 2.260), RematchF=0.000] FusionUpdates:[Successful=0.724, Reliable=0.724, TightFusion=0.724, FullPose=0.000, StaticPrior=0.276, StaticForHandTrans=0.276, PoseUpdateMD=(0.0000, 0.0000)] FusionResets[6DoFReset=0.000, ResetSuccess=0.000] FusionStatus[HasPosition=1.000, HasVelocity=1.000] 
12-28 05:50:49.142   945 31700 I Tracking: CONSTELLATION:IMU_STATUS: 9d17e7ce194bc1ec (L): [FusionTracked=1.000, OutputTracked=0.736, OutputValid=1.000] [AccelSat=0.000, GyroSat=0.000] 
12-28 05:50:49.333   945  1423 I Tracking: RELOC_TIMER: Running localization in background with throttling - It's 103.96 seconds since first attempt, background timeout after 3600 seconds
12-28 05:50:49.333   945  1423 I Tracking: LocalizationStateMachine: Not scheduling fine localization since last fine reloc is < 1s old.
12-28 05:50:49.333   945  1423 I Tracking: VEGA_MAPPER: Did not schedule localization because in cooldown.
12-28 05:50:49.333   945  1423 I Tracking: RELOC_TIMER: Running localization in background with throttling - It's 103.96 seconds since first attempt, background timeout after 3600 seconds
12-28 05:50:49.313     0     0 E         : [drm:sde_encoder_lineptr_callback:4406] late lineptr, headroom 23
12-28 05:50:49.337  2875 31739 I Vsync   : Vsync 7541:  1 x 14.42 ms (71.82 Hz, at 182419.656)
12-28 05:50:49.347   945 31668 I Tracking: BOLT:HexagonTelemetry: Global DSP utilization: 15.35% (768 / 5003 ms), Scalar Util: 77.12%, HVX Util: 44.84%, HMX Util: 0.00%.
12-28 05:50:49.327     0     0 E         : [drm:sde_encoder_lineptr_callback:4406] late lineptr, headroom 33
12-28 05:50:49.366  2875 31739 I Vsync   : Vsync 7543:  1 x 13.45 ms (71.84 Hz, at 182419.684)
12-28 05:50:49.365     0     0 W healthd : battery l=99 v=4307 t=29.0 h=2 st=2 c=-579589 fc=3749000 cc=3 chg=a
12-28 05:50:49.524     0     0 I init    : starting service 'wifitelemetry'...
12-28 05:50:49.565  1112  1112 D wifitelemetry: Failed to find a property named persist.wifitelemetry.report_rate_minutes
12-28 05:50:49.565  1112  1112 D wifitelemetry: Will use the default report interval
12-28 05:50:49.565  1112  1112 I wifitelemetry: Property ro.build.fingerprint = oculus/hollywood/hollywood:12/SQ3A.220605.009.A1/50670960048600150:user/release-keys
12-28 05:50:49.565  1112  1112 I wifitelemetry: Property ro.product.device = hollywood
12-28 05:50:49.542     0     0 I binder  : 1112:1112 ioctl 40046210 7fd231de74 returned -22
12-28 05:50:49.566  1112  1112 I wifitelemetry: Report rate is set to 30
12-28 05:50:49.570  1152 22549 E AppOps  : package wifitelemetry not found, can't check for attributionTag null
12-28 05:50:49.570  1152 22549 E AppOps  : startOperation
12-28 05:50:49.570  1152 22549 E AppOps  : java.lang.SecurityException: Specified package wifitelemetry under uid 1000 but it is not
12-28 05:50:49.570  1152 22549 E AppOps  : 	at com.android.server.appop.AppOpsService.verifyAndGetBypass(AppOpsService.java:4627)
12-28 05:50:49.570  1152 22549 E AppOps  : 	at com.android.server.appop.AppOpsService.startOperationUnchecked(AppOpsService.java:3950)
12-28 05:50:49.570  1152 22549 E AppOps  : 	at com.android.server.appop.AppOpsService.startOperationImpl(AppOpsService.java:3841)
12-28 05:50:49.570  1152 22549 E AppOps  : 	at com.android.server.appop.AppOpsService.access$4100(AppOpsService.java:215)
12-28 05:50:49.570  1152 22549 E AppOps  : 	at com.android.server.appop.AppOpsService$CheckOpsDelegateDispatcher.lambda$startOperation$8(AppOpsService.java:7627)
12-28 05:50:49.570  1152 22549 E AppOps  : 	at com.android.server.appop.AppOpsService$CheckOpsDelegateDispatcher$$ExternalSyntheticLambda23.apply(Unknown Source:53)
12-28 05:50:49.570  1152 22549 E AppOps  : 	at com.android.server.policy.AppOpsPolicy.startOperation(AppOpsPolicy.java:251)
12-28 05:50:49.570  1152 22549 E AppOps  : 	at com.android.server.appop.AppOpsService$CheckOpsDelegateDispatcher.startOperation(AppOpsService.java:7624)
12-28 05:50:49.570  1152 22549 E AppOps  : 	at com.android.server.appop.AppOpsService.startOperation(AppOpsService.java:3810)
12-28 05:50:49.570  1152 22549 E AppOps  : 	at android.app.AppOpsManager.startOpNoThrow(AppOpsManager.java:8888)
12-28 05:50:49.570  1152 22549 E AppOps  : 	at android.app.AppOpsManager.startOpNoThrow(AppOpsManager.java:8864)
12-28 05:50:49.570  1152 22549 E AppOps  : 	at android.app.AppOpsManager.startOpNoThrow(AppOpsManager.java:8853)
12-28 05:50:49.570  1152 22549 E AppOps  : 	at android.app.AppOpsManager.startOpNoThrow(AppOpsManager.java:8822)
12-28 05:50:49.570  1152 22549 E AppOps  : 	at com.android.server.power.Notifier.onWakeLockAcquired(Notifier.java:239)
12-28 05:50:49.570  1152 22549 E AppOps  : 	at com.android.server.power.PowerManagerService.notifyWakeLockAcquiredLocked(PowerManagerService.java:1610)
12-28 05:50:49.570  1152 22549 E AppOps  : 	at com.android.server.power.PowerManagerService.acquireWakeLockInternal(PowerManagerService.java:1439)
12-28 05:50:49.570  1152 22549 E AppOps  : 	at com.android.server.power.PowerManagerService.access$4600(PowerManagerService.java:143)
12-28 05:50:49.570  1152 22549 E AppOps  : 	at com.android.server.power.PowerManagerService$BinderService.acquireWakeLock(PowerManagerService.java:5198)
12-28 05:50:49.570  1152 22549 E AppOps  : 	at android.os.IPowerManager$Stub.onTransact(IPowerManager.java:473)
12-28 05:50:49.570  1152 22549 E AppOps  : 	at android.os.Binder.execTransactInternal(Binder.java:1184)
12-28 05:50:49.570  1152 22549 E AppOps  : 	at android.os.Binder.execTransact(Binder.java:1143)
12-28 05:50:49.571  1112  1112 I wifitelemetry: report() is invoked
12-28 05:50:49.571  1112  1112 I wifitelemetry: Entering: getStation
12-28 05:50:49.543     0     0 I binder  : 1112:1112 ioctl 40046210 7fd231e2f4 returned -22
12-28 05:50:49.575   945  1423 I Tracking: RELOC_TIMER: Running localization in background with throttling - It's 104.2 seconds since first attempt, background timeout after 3600 seconds
12-28 05:50:49.575   945  1423 I Tracking: LocalizationStateMachine: LocalizationStateMachine updated from NoAction to CoarseAndFineLocalization
12-28 05:50:49.576   945  1423 I Tracking: VEGA_MAPPER: Scheduling coarse localization.
12-28 05:50:49.576   945  1423 I Tracking: VEGA_MAPPER: Scheduling localization on root nodes 3c06380f-0958-3898-3af7-75699c3213b3.
12-28 05:50:49.576   945  1429 E Tracking: FusedSubmapListProvider: fusion logic INTERSECTION_RANKED
12-28 05:50:49.576   945  1429 I Tracking: WifiSubmapListProvider: Using wifi distance model
12-28 05:50:49.576   945  1423 I Tracking: RELOC_TIMER: Running localization in background with throttling - It's 104.2 seconds since first attempt, background timeout after 3600 seconds
12-28 05:50:49.578  1112  1112 I wifitelemetry: Entering: getPowerManagement
12-28 05:50:49.578  1112  1112 I wifitelemetry: Entering: getChannelSurvey
12-28 05:50:49.578  1112  1112 D wifitelemetry: powerSaveEnabled = 1, gotPowerSaveSettings = 1
12-28 05:50:49.580  1112  1112 I wifitelemetry: Entering: triggerScan
12-28 05:50:49.580  1112  1112 E wifitelemetry: error_handler -1
12-28 05:50:49.580  1112  1112 E wifitelemetry: Failed: triggerScan
12-28 05:50:49.580  1112  1112 E wifitelemetry: Failed to trigger a scan, the scan results will not be recorded
12-28 05:50:49.580  1112  1112 I wifitelemetry: Entering: getCurrentScan
12-28 05:50:49.580  1112  1112 E wifitelemetry: netlink connection failed
12-28 05:50:49.584   945  1425 I Tracking: VIPER:DEEP_DESCRIPTOR: Computing Deep Descriptors using gravity orientation.
12-28 05:50:49.585  1112  1112 I wifitelemetry: Connected to the WiFi HAL
12-28 05:50:49.585  1112  1112 E wifitelemetry: getLinkLayerStats_1_3[]: failed with WifiStatus = 4
12-28 05:50:49.585  1112  1112 D OsSdkLoader: OSSDK loading module 'libossdk.oculus.so'
12-28 05:50:49.620   945  1429 W Tracking: PlaceRecognitionSubmapListProvider: Requested to extract top 20 submaps but we only have 4 in disk.
12-28 05:50:49.668   945  1423 I Tracking: VEGA_LOCALIZER: Fallback descriptor ratio in index 0.4874139130115509 is lower than threshold 0.7, skipping fallback matching
12-28 05:50:49.675   945  1423 I Tracking: VEGA_LOCALIZER: Obtained 41 matches from 950 keypoints using udeep descriptors
12-28 05:50:49.675   945  1423 I Tracking: VEGA_LOCALIZER: Obtained 41 total matches from 950 total keypoints
12-28 05:50:49.677   945  1425 I Tracking: LOCALIZATION_POSE_ESTIMATOR: No pose scoring method was provided, not doing pose scoring
12-28 05:50:49.678   945  1425 I Tracking: LOCALIZATION_POSE_ESTIMATOR: Clustered estimation results from: 1 to : 1
12-28 05:50:49.679   945  1425 I Tracking: LOCALIZATION_POSE_ESTIMATOR: Post-RANSAC iterative minimization converged? false, number of successful features: 0, number of inlier observations: 0
12-28 05:50:49.679   945  1425 I Tracking: LOCALIZATION_POSE_ESTIMATOR: Keeping RANSAC pose estimate, iterative-minimization result ignored.
12-28 05:50:49.679   945  1425 I Tracking: LOCALIZATION_POSE_ESTIMATOR: removing duplicate inliers
12-28 05:50:49.679   945  1425 W Tracking: VEGA_LOCALIZER: RANSAC failure: pose couldn't be refined.
12-28 05:50:49.698  1112  1112 I wifitelemetry: TelemetryConnector has been initialized
12-28 05:50:49.698   568   568 E SELinux : avc:  denied  { find } for pid=1112 uid=1000 name=GatekeeperService scontext=u:r:wifitelemetry:s0 tcontext=u:object_r:ovr_gatekeeper_service:s0 tclass=service_manager permissive=0
12-28 05:50:49.699  1112  1112 E GatekeeperClient: Failed to connect to GatekeeperService.
12-28 05:50:49.699  1112  1112 D wifitelemetry: Recorded the telemetry event
12-28 05:50:49.699  2875 31739 I Vsync   : Vsync 7567:  1 x 14.48 ms (71.83 Hz, at 182420.018)
12-28 05:50:49.700  1152 22549 E AppOps  : package wifitelemetry not found, can't check for attributionTag null
12-28 05:50:49.701  1152 22549 E AppOps  : Cannot finishOperation
12-28 05:50:49.701  1152 22549 E AppOps  : java.lang.SecurityException: Specified package wifitelemetry under uid 1000 but it is not
12-28 05:50:49.701  1152 22549 E AppOps  : 	at com.android.server.appop.AppOpsService.verifyAndGetBypass(AppOpsService.java:4627)
12-28 05:50:49.701  1152 22549 E AppOps  : 	at com.android.server.appop.AppOpsService.verifyAndGetBypass(AppOpsService.java:4519)
12-28 05:50:49.701  1152 22549 E AppOps  : 	at com.android.server.appop.AppOpsService.finishOperationUnchecked(AppOpsService.java:4122)
12-28 05:50:49.701  1152 22549 E AppOps  : 	at com.android.server.appop.AppOpsService.finishOperationImpl(AppOpsService.java:4068)
12-28 05:50:49.701  1152 22549 E AppOps  : 	at com.android.server.appop.AppOpsService.access$4300(AppOpsService.java:215)
12-28 05:50:49.701  1152 22549 E AppOps  : 	at com.android.server.appop.AppOpsService$CheckOpsDelegateDispatcher.lambda$finishOperation$12(AppOpsService.java:7698)
12-28 05:50:49.701  1152 22549 E AppOps  : 	at com.android.server.appop.AppOpsService$CheckOpsDelegateDispatcher$$ExternalSyntheticLambda14.accept(Unknown Source:21)
12-28 05:50:49.701  1152 22549 E AppOps  : 	at com.android.server.policy.AppOpsPolicy.finishOperation(AppOpsPolicy.java:276)
12-28 05:50:49.701  1152 22549 E AppOps  : 	at com.android.server.appop.AppOpsService$CheckOpsDelegateDispatcher.finishOperation(AppOpsService.java:7697)
12-28 05:50:49.701  1152 22549 E AppOps  : 	at com.android.server.appop.AppOpsService.finishOperation(AppOpsService.java:4053)
12-28 05:50:49.701  1152 22549 E AppOps  : 	at android.app.AppOpsManager.finishOp(AppOpsManager.java:9102)
12-28 05:50:49.701  1152 22549 E AppOps  : 	at android.app.AppOpsManager.finishOp(AppOpsManager.java:9091)
12-28 05:50:49.701  1152 22549 E AppOps  : 	at android.app.AppOpsManager.finishOp(AppOpsManager.java:9081)
12-28 05:50:49.701  1152 22549 E AppOps  : 	at com.android.server.power.Notifier.onWakeLockReleased(Notifier.java:355)
12-28 05:50:49.701  1152 22549 E AppOps  : 	at com.android.server.power.PowerManagerService.notifyWakeLockReleasedLocked(PowerManagerService.java:1667)
12-28 05:50:49.701  1152 22549 E AppOps  : 	at com.android.server.power.PowerManagerService.removeWakeLockLocked(PowerManagerService.java:1551)
12-28 05:50:49.701  1152 22549 E AppOps  : 	at com.android.server.power.PowerManagerService.releaseWakeLockInternal(PowerManagerService.java:1523)
12-28 05:50:49.701  1152 22549 E AppOps  : 	at com.android.server.power.PowerManagerService.access$4700(PowerManagerService.java:143)
12-28 05:50:49.701  1152 22549 E AppOps  : 	at com.android.server.power.PowerManagerService$BinderService.releaseWakeLock(PowerManagerService.java:5221)
12-28 05:50:49.701  1152 22549 E AppOps  : 	at android.os.IPowerManager$Stub.onTransact(IPowerManager.java:503)
12-28 05:50:49.701  1152 22549 E AppOps  : 	at android.os.Binder.execTransactInternal(Binder.java:1184)
12-28 05:50:49.701  1152 22549 E AppOps  : 	at android.os.Binder.execTransact(Binder.java:1143)
12-28 05:50:49.701  1112  1112 W OsSdk   : Events discarded = 0
12-28 05:50:49.675     0     0 E         : [drm:sde_encoder_lineptr_callback:4406] late lineptr, headroom -9
12-28 05:50:49.713  2875 31739 I Vsync   : Vsync 7568:  1 x 13.35 ms (71.83 Hz, at 182420.032)
12-28 05:50:49.692     0     0 I binder  : undelivered death notification, b4000073db81a180
12-28 05:50:49.692     0     0 I binder  : undelivered death notification, b4000073db81ad80
12-28 05:50:49.692     0     0 I init    : Service 'wifitelemetry' (pid 1112) exited with status 0
12-28 05:50:49.692     0     0 I init    : Sending signal 9 to service 'wifitelemetry' (pid 1112) process group...
12-28 05:50:49.692     0     0 I libprocessgroup: Successfully killed process cgroup uid 1000 pid 1112 in 0ms
12-28 05:50:49.798   945 31712 I Tracking: boltlib: DSP utilization: 18.42 % (921 / 5000 ms)
12-28 05:50:49.812   945  1423 W Tracking: VEGA_MAP_BUILDER: Resolved a potential TrackToMapPointAssosiation conflict between tracks 5505287 (index = 84, version = 263) and 11862909 (index = 181, version = 893). Point handle: h[627, 4].
12-28 05:50:49.813   945  1423 I Tracking: RELOC_TIMER: Running localization in background with throttling - It's 104.44 seconds since first attempt, background timeout after 3600 seconds
12-28 05:50:49.813   945  1423 I Tracking: LocalizationStateMachine: Not scheduling fine localization since last fine reloc is < 1s old.
12-28 05:50:49.813   945  1423 I Tracking: LocalizationStateMachine: All 1 submap set to load (and no more) are already in memory
12-28 05:50:49.813   945  1423 I Tracking: LocalizationStateMachine: Ignoring submap sets to be loaded since they are already all in memory.
12-28 05:50:49.813   945  1423 I Tracking: LocalizationStateMachine: Not scheduling coarse localization since last coarse reloc is < 1s old.
12-28 05:50:49.813   945  1423 I Tracking: LocalizationStateMachine: LocalizationStateMachine updated from CoarseAndFineLocalization to NoAction
12-28 05:50:49.814   945  1423 I Tracking: VEGA_MAPPER: Did not schedule localization because in cooldown.
12-28 05:50:49.814   945  1423 I Tracking: RELOC_TIMER: Running localization in background with throttling - It's 104.44 seconds since first attempt, background timeout after 3600 seconds
12-28 05:50:50.022 31322 31933 I VrApi   : FPS=67/72,Prd=57ms,Tear=0,Early=2,Stale=8,Stale2/5/10/max=0/1/0/7,VSnc=0,Lat=-1,Fov=0,CPU4/GPU=5/4,1862/525MHz,OC=FF,TA=0/0/0,SP=N/N/N,Mem=2092MHz,Free=2301MB,PLS=0,Temp=29.0C/0.0C,TW=1.95ms,App=13.33ms,GD=0.00ms,CPU&GPU=35.42ms,LCnt=2(DR72,LM2),GPU%=0.96,CPU%=0.60(W0.62),DSF=1.00,CFL=15.27/22.59,ICFLp95=20.21,LD=0,SF=1.00,LP=0,DVFS=0
12-28 05:50:50.050   945  1423 I Tracking: RELOC_TIMER: Running localization in background with throttling - It's 104.68 seconds since first attempt, background timeout after 3600 seconds
12-28 05:50:50.050   945  1423 I Tracking: LocalizationStateMachine: Not scheduling fine localization since last fine reloc is < 1s old.
12-28 05:50:50.050   945  1423 I Tracking: VEGA_MAPPER: Did not schedule localization because in cooldown.
12-28 05:50:50.050   945  1423 I Tracking: RELOC_TIMER: Running localization in background with throttling - It's 104.68 seconds since first attempt, background timeout after 3600 seconds
12-28 05:50:50.112   945 31712 W Tracking: TIMESTAMPCHECKER: Nominal rate wrong. Estimated data rate: 25, Nominal is 30
12-28 05:50:50.200   787  1059 I SyncBossHAL: [info   ] syncboss_hal_powerstate.c(52): Reporting powerstate event: PROX_ON
12-28 05:50:50.201   787  1059 D SensorService: Received Powerstate PROX_ON
12-28 05:50:50.202   945  4746 I TrackingService: ActivityMonitor: prox_on event received
12-28 05:50:50.203  1152  1362 I VrPowerManagerService: transition from HEADSET_UNMOUNTED to HEADSET_MOUNTED
12-28 05:50:50.204   945  1104 D SensorClientUtils: Received transition request from STANDBY to RUNNING
12-28 05:50:50.204   904  9018 D telemetry: Transitioning to session state: Active Session, Headset In Use (donned and screen on)
12-28 05:50:50.204  1658  1686 D SensorClientUtils: Received transition request from STANDBY to RUNNING
12-28 05:50:50.204   904  9018 D telemetry: Flush unrecorded events
12-28 05:50:50.204   924   924 D SensorClientUtils: Received transition request from STANDBY to RUNNING
12-28 05:50:50.182     0     0 I init    : processing action (ro.vendor.drm.irq=* && sys.hmt.mounted=1) from (/vendor/etc/init/hw/init.hollywood.rc:104)
12-28 05:50:50.205  1682  1702 D VrPowerManagerClient: Headset state: 1
12-28 05:50:50.205  1682  1702 V ControllerNotifications: Headset was mounted, requesting that notifications are enabled
12-28 05:50:50.206  1682  1702 V ControllerNotifications: Queueing enable of notifications in 5000ms
12-28 05:50:50.182     0     0 I init    : processing action (sys.hmt.mounted=1) from (/vendor/etc/init/hw/init.hollywood.rc:107)
12-28 05:50:50.183     0     0 I init    : processing action (sys.hmt.mounted=1) from (/vendor/etc/init/hw/init.kona.rc:400)
12-28 05:50:50.183     0     0 E FG      : fg_psy_get_property: unsupported property 4
12-28 05:50:50.208 28792 28792 D [SUI] SystemUXBroadcastReceiver: action: com.oculus.intent.action.MOUNT_STATE_CHANGED
12-28 05:50:50.209  2875  3106 I UnifiedTelemetryWrapper: Started UT session don
12-28 05:50:50.214  2875  2875 I VrRuntimeService: nativeScreenStateChanged to on
12-28 05:50:50.214  2875  2875 I VrRuntimeService: Previous running state: RUNNING
12-28 05:50:50.217 31322 31855 I VrRuntimeClient: UpdateEvents: HMT was mounted
12-28 05:50:50.219  2202  2202 D [SEO] BaseOverlayService: screenStateReceiver Received broadcast: com.oculus.intent.action.MOUNT_STATE_CHANGED
12-28 05:50:50.220  2802  2802 D [OAO] BaseOverlayService: screenStateReceiver Received broadcast: com.oculus.intent.action.MOUNT_STATE_CHANGED
12-28 05:50:50.220  2802  2802 D [OAO] BaseOverlayService: onMountStateChanged: true
12-28 05:50:50.221  2802  2802 I [OAO] ShellApplicationJNI: NativeSendOverlayCommand
12-28 05:50:50.223  2202  2202 D [SEO] BaseOverlayService: onMountStateChanged: true
12-28 05:50:50.223  2802  2802 I [OAO] ShellOverlayMain: WakeVrThread - notifying vr thread
12-28 05:50:50.223  2802  3044 I [OAO] ShellAppBase: WaitForWake: VrThread woke up
12-28 05:50:50.223  2802  3044 I [OAO] ShellAppBase: 0x74db1342f8 msg: overlayCommand:
12-28 05:50:50.223  2802  3044 I [OAO] ShellAppBase: command = mountStateChanged
12-28 05:50:50.223  2802  3044 I [OAO] ShellAppBase: state = 1
12-28 05:50:50.223  2802  3044 I [OAO] ShellAppBase: Process_OverlayCommand command : mountStateChanged
12-28 05:50:50.223  2802  3044 I [OAO] ShellAppBase: mountStateChanged message received
12-28 05:50:50.223  2802  3044 I [OAO] ShellAppBase: ResolveDeviceState: change from WaitingForSleep to Awake
12-28 05:50:50.223  2802  3044 I [OAO] ShellAppBase: ResolveDeviceState: isWakingOrUnlockingIntoWake : 0
12-28 05:50:50.223  2802  3044 I [OAO] ShellAppBase: ResolveDeviceState: interactionState : None
12-28 05:50:50.206     0     0 W healthd : battery l=99 v=4301 t=29.0 h=2 st=4 c=-626464 fc=3749000 cc=3 chg=a
12-28 05:50:50.230  3141  3190 I GuardianPassthroughMgr: GuardianPassthroughMgr::UpdateTransition - Guardian driven passthrough animation enabled
12-28 05:50:50.232  3141  3190 I StateMachine: StateMachine::HandleEvent GuardianInitialization: mountEvent -> MountedTransition_Black
12-28 05:50:50.234 18840 18840 D ResourceDownloadHMDMountReceiver: Got HMD Mounted event, going to warm up assistant
12-28 05:50:50.235 18840 18840 W ResourceDownloadHMDMountReceiver: This user doesn't use Assistant at all. Not warming up Assistant.
12-28 05:50:50.236  3141  3190 I StateMachine: StateMachine::HandleEvent HmdMovementTelemetry: hmdTelemetryMountEvent -> HmdTelemetry_Mounted
12-28 05:50:50.236 18840 18840 D AuthServiceClient: onServiceConnected
12-28 05:50:50.236  3141  3190 I GuardianTelemetry: [ovrStatsThreadGuardian::SendGuardianStateChangeTelemetry] Sending state change event DON, dialog 
12-28 05:50:50.217     0     0 W healthd : battery l=99 v=4301 t=29.0 h=2 st=4 c=-626464 fc=3749000 cc=3 chg=a
12-28 05:50:50.258  2802  3044 I [OAO] ShellAppBase: Start sleep timeout. Now:182420.576520, Timeout:182422.576520
12-28 05:50:50.266  3265  3265 V MetaCam (DeviceLifecycleManager): Mount state changed: isMounted = true
12-28 05:50:50.243     0     0 W healthd : battery l=99 v=4301 t=29.0 h=2 st=4 c=-626464 fc=3749000 cc=3 chg=a
12-28 05:50:50.271   797  1208 D AudioFlinger: mixer(0xb4000078904bfa00) throttle end: throttle time(1)
12-28 05:50:50.251     0     0 W healthd : battery l=99 v=4301 t=29.0 h=2 st=4 c=-626464 fc=3749000 cc=3 chg=a
12-28 05:50:50.283 31322 31322 D UE      : nativeBatteryEvent(stat = 4, lvl = 99  temp = 29.00 C)
12-28 05:50:50.266  3265  3265 D MetaCamNative (device_lifecycle_observer): OnDeviceMountedStateChange(is_mounted = 1)
12-28 05:50:50.295   945  1423 I Tracking: Vega:MapBuilderBase: Created keyRig with frameID 2640 and uid 89ca5d61
12-28 05:50:50.299   945  1423 I Tracking: RELOC_TIMER: Running localization in background with throttling - It's 104.92 seconds since first attempt, background timeout after 3600 seconds
12-28 05:50:50.299   945  1423 I Tracking: LocalizationStateMachine: Not scheduling fine localization since last fine reloc is < 1s old.
12-28 05:50:50.300   945  1423 I Tracking: KEYPOINT_CACHE: New keyrig added has 205 corners and 133 tracks to immature points @ frameID=2640, processingTs=182420.611845931 [sec]
12-28 05:50:50.300   945  1423 I Tracking: VEGA_MAPPER: Did not schedule localization because in cooldown.
12-28 05:50:50.305  2078  2078 W VRLifecycleManager: onHeadsetMounted
12-28 05:50:50.309  2078  2078 I PlatformPluginManager: setHeadsetMountState: true
12-28 05:50:50.309  2078  2078 I OVRPlatform: [AudioManager] SetHeadsetMounted: true
12-28 05:50:50.309  2078  2078 I OVRPlatform: [AudioManager] Current headsetMounted_ true
12-28 05:50:50.309  2078  2078 I OVRPlatform: [AudioManager] Current headphoneStatus_: DISCONNECTED
12-28 05:50:50.309  2078  2078 I PlatformPluginManager: on headset mounted
12-28 05:50:50.311  3265  5471 D MetaCam (EventBus): Publish the event MountStateEvent
12-28 05:50:50.315   797 20887 D AF::RecordHandle: OpRecordAudio: track:56 uid:10016 pkg:com.oculus.shellenv usage:0 source:1 muted
12-28 05:50:50.315   945  1423 I Tracking: MapCullingTask: Culled 0 L1 nodes, 1 individual keyrigs, and 0 individual points
12-28 05:50:50.315   797   797 D AF::RecordHandle: OpRecordAudio: track:948 uid:10051 pkg:com.oculus.horizon usage:0 source:1 not muted
12-28 05:50:50.316  1152  1177 I AS.AudioService: Setting mMicMuteFromPrivacyToggle to false
12-28 05:50:50.316  1152  1177 I AS.AudioService: Mic mute false, user=0
12-28 05:50:50.316   945  1423 I Tracking: RELOC_TIMER: Running localization in background with throttling - It's 104.92 seconds since first attempt, background timeout after 3600 seconds
12-28 05:50:50.317  1682  1986 I MicService.Privacy: Setting mic sensor privacy to false. reason: POWER_STATE. mounted: true. setting: false
12-28 05:50:50.319   777  6097 D audio_hw_primary: adev_set_mic_mute state 0
12-28 05:50:50.321  2078  2078 W ContextScope: Warning: Memory Leak Likely! Caching values for context: android.app.ReceiverRestrictedContext@fab8c6
12-28 05:50:50.321  2078  2078 W ContextScope:  You should make this context implement the PropertyBag interface to avoid this leak
12-28 05:50:50.322  1152  1296 D LightsService: Excessive delay setting light
12-28 05:50:50.338  1152  1814 I Telecom : CallAudioRouteStateMachine: Message received: MUTE_EXTERNALLY_CHANGED=3004, arg1=0: CARSM.mCR->CARSM.pM_MUTE_EXTERNALLY_CHANGED@AyU
12-28 05:50:50.339  1152  1814 I Telecom : QuiescentSpeakerRoute: Processing message MUTE_EXTERNALLY_CHANGED: CARSM.mCR->CARSM.pM_MUTE_EXTERNALLY_CHANGED@AyU
12-28 05:50:50.342   945  1423 I Tracking: VegaBAOptimize: Num points adjusted: 342 fixed: 0 Num residuals in-in: 3493 in-out: 126 out-in: 0 fixed (out-out): 0 outside ROI: 0 total: 3619
12-28 05:50:50.346   945  1423 I Tracking: VegaBAOptimize: Total: neighbor 1 L1s, adjust 1 L1s. KRs 20, Points 342, Cameras 80, FixedKr (small bubble) 1 (1), AdjustKR 19, Imus 18
12-28 05:50:50.380  2078  2078 W ContextScope: Warning: Memory Leak Likely! Caching values for context: android.app.ReceiverRestrictedContext@fab8c6
12-28 05:50:50.380  2078  2078 W ContextScope:  You should make this context implement the PropertyBag interface to avoid this leak
12-28 05:50:50.385  2078  2798 I AuthLogger: Action succeeded: SYNC_ACCOUNTS, callingPackage: com.oculus.horizon, accountType: null, tokenType: null, extras: {}, duration: 1ms
12-28 05:50:50.399   945  1425 I Tracking: VEGA_LOCALIZER: Computed 1047 orb descriptors that will be used for PBR or Orphans descriptor
12-28 05:50:50.399   945  1425 I Tracking: VEGA_LOCALIZER: Computed 1113 udeep descriptors that will be used for PBR or Orphans descriptor
12-28 05:50:50.421  2078  2556 E LoggingErrorHandler: Retrofit error, url: [https://graph.oculus.com/authenticate_application], kind: [NETWORK], status: [0 - ], headers: , body: []
12-28 05:50:50.425  2078  2556 E AuthLogger: Action failed: OBTAIN_TOKEN, callingPackage: com.oculus.appsafety, accountType: com.oculus, tokenType: , extras: {}, duration: 34ms
12-28 05:50:50.425  2078  2556 E AuthLogger: Action failed: OBTAIN_TOKEN, callingPackage: com.oculus.appsafety, accountType: com.oculus, tokenType: , extras: {}, duration: 34ms
12-28 05:50:50.428  4574  1142 E AppSafetyAccountsHelper: AppSafetyAccountsHelper blockingGetAuthToken throws exception
12-28 05:50:50.428  4574  1142 E AppSafetyAccountsHelper: java.io.IOException: com.oculus.auth.components.NetworkError: com.oculus.http.core.base.ApiError: retrofit.RetrofitError: Unable to resolve host "graph.oculus.com": No address associated with hostname
12-28 05:50:50.428  4574  1142 E AppSafetyAccountsHelper: 	at android.accounts.AccountManager.convertErrorToException(AccountManager.java:2621)
12-28 05:50:50.428  4574  1142 E AppSafetyAccountsHelper: 	at android.accounts.AccountManager.access$700(AccountManager.java:167)
