12-29 03:55:54.256 29429 29609 D UE      : LogPackageName: Display: FPackageName: Mount point added: '../../../Engine/Plugins/Editor/BlueprintHeaderView/Content/' mounted to '/BlueprintHeaderView/'
12-29 03:55:54.256 29429 29609 D UE      : LogPackageName: Display: FPackageName: Mount point added: '../../../Engine/Plugins/Editor/GeometryMode/Content/' mounted to '/GeometryMode/'
12-29 03:55:54.256 29429 29609 D UE      : LogPackageName: Display: FPackageName: Mount point added: '../../../Engine/Plugins/Editor/SpeedTreeImporter/Content/' mounted to '/SpeedTreeImporter/'
12-29 03:55:54.256 29429 29609 D UE      : LogPackageName: Display: FPackageName: Mount point added: '../../../Engine/Plugins/Editor/UVEditor/Content/' mounted to '/UVEditor/'
12-29 03:55:54.256 29429 29609 D UE      : LogPackageName: Display: FPackageName: Mount point added: '../../../Engine/Plugins/Enterprise/DatasmithContent/Content/' mounted to '/DatasmithContent/'
12-29 03:55:54.256 29429 29609 D UE      : LogPackageName: Display: FPackageName: Mount point added: '../../../Engine/Plugins/Enterprise/GLTFExporter/Content/' mounted to '/GLTFExporter/'
12-29 03:55:54.256 29429 29609 D UE      : LogPackageName: Display: FPackageName: Mount point added: '../../../Engine/Plugins/FX/Niagara/Content/' mounted to '/Niagara/'
12-29 03:55:54.256 29429 29609 D UE      : LogPackageName: Display: FPackageName: Mount point added: '../../../Engine/Plugins/Media/MediaCompositing/Content/' mounted to '/MediaCompositing/'
12-29 03:55:54.256 29429 29609 D UE      : LogPackageName: Display: FPackageName: Mount point added: '../../../Engine/Plugins/Media/MediaPlate/Content/' mounted to '/MediaPlate/'
12-29 03:55:54.256 29429 29609 D UE      : LogPackageName: Display: FPackageName: Mount point added: '../../../Engine/Plugins/2D/Paper2D/Content/' mounted to '/Paper2D/'
12-29 03:55:54.256 29429 29609 D UE      : LogPackageName: Display: FPackageName: Mount point added: '../../../Engine/Plugins/Animation/ACLPlugin/Content/' mounted to '/ACLPlugin/'
12-29 03:55:54.256 29429 29609 D UE      : LogPackageName: Display: FPackageName: Mount point added: '../../../Engine/Plugins/Animation/ControlRig/Content/' mounted to '/ControlRig/'
12-29 03:55:54.256 29429 29609 D UE      : LogPackageName: Display: FPackageName: Mount point added: '../../../Engine/Plugins/Animation/ControlRigSpline/Content/' mounted to '/ControlRigSpline/'
12-29 03:55:54.256 29429 29609 D UE      : LogPackageName: Display: FPackageName: Mount point added: '../../../Engine/Plugins/Animation/IKRig/Content/' mounted to '/IKRig/'
12-29 03:55:54.256 29429 29609 D UE      : LogPackageName: Display: FPackageName: Mount point added: '../../../Engine/Plugins/Developer/AnimationSharing/Content/' mounted to '/AnimationSharing/'
12-29 03:55:54.256 29429 29609 D UE      : LogPackageName: Display: FPackageName: Mount point added: '../../../Engine/Plugins/Experimental/ChaosSolverPlugin/Content/' mounted to '/ChaosSolverPlugin/'
12-29 03:55:54.256 29429 29609 D UE      : LogPackageName: Display: FPackageName: Mount point added: '../../../Engine/Plugins/Experimental/ChaosVehiclesPlugin/Content/' mounted to '/ChaosVehiclesPlugin/'
12-29 03:55:54.257 29429 29609 D UE      : LogPackageName: Display: FPackageName: Mount point added: '../../../Engine/Plugins/Experimental/Dataflow/Content/' mounted to '/Dataflow/'
12-29 03:55:54.257 29429 29609 D UE      : LogPackageName: Display: FPackageName: Mount point added: '../../../Engine/Plugins/Experimental/FullBodyIK/Content/' mounted to '/FullBodyIK/'
12-29 03:55:54.257 29429 29609 D UE      : LogPackageName: Display: FPackageName: Mount point added: '../../../Engine/Plugins/Experimental/PythonScriptPlugin/Content/' mounted to '/PythonScriptPlugin/'
12-29 03:55:54.257 29429 29609 D UE      : LogPackageName: Display: FPackageName: Mount point added: '../../../Engine/Plugins/Experimental/ToolPresets/Content/' mounted to '/ToolPresets/'
12-29 03:55:54.257 29429 29609 D UE      : LogPackageName: Display: FPackageName: Mount point added: '../../../Engine/Plugins/Marketplace/BlockoutToolsPlugin/Content/' mounted to '/BlockoutToolsPlugin/'
12-29 03:55:54.257 29429 29609 D UE      : LogPackageName: Display: FPackageName: Mount point added: '../../../Engine/Plugins/MovieScene/SequencerScripting/Content/' mounted to '/SequencerScripting/'
12-29 03:55:54.257 29429 29609 D UE      : LogPackageName: Display: FPackageName: Mount point added: '../../../Engine/Plugins/Runtime/AudioWidgets/Content/' mounted to '/AudioWidgets/'
12-29 03:55:54.257 29429 29609 D UE      : LogPackageName: Display: FPackageName: Mount point added: '../../../Engine/Plugins/Runtime/AudioSynesthesia/Content/' mounted to '/AudioSynesthesia/'
12-29 03:55:54.257 29429 29609 D UE      : LogPackageName: Display: FPackageName: Mount point added: '../../../Engine/Plugins/Runtime/GeometryProcessing/Content/' mounted to '/GeometryProcessing/'
12-29 03:55:54.257 29429 29609 D UE      : LogPackageName: Display: FPackageName: Mount point added: '../../../Engine/Plugins/Runtime/Metasound/Content/' mounted to '/Metasound/'
12-29 03:55:54.257 29429 29609 D UE      : LogPackageName: Display: FPackageName: Mount point added: '../../../Engine/Plugins/Runtime/OpenXR/Content/' mounted to '/OpenXR/'
12-29 03:55:54.257 29429 29609 D UE      : LogPackageName: Display: FPackageName: Mount point added: '../../../Engine/Plugins/Runtime/ResonanceAudio/Content/' mounted to '/ResonanceAudio/'
12-29 03:55:54.257 29429 29609 D UE      : LogPackageName: Display: FPackageName: Mount point added: '../../../Engine/Plugins/Runtime/RigVM/Content/' mounted to '/RigVM/'
12-29 03:55:54.257 29429 29609 D UE      : LogPackageName: Display: FPackageName: Mount point added: '../../../Engine/Plugins/Runtime/Synthesis/Content/' mounted to '/Synthesis/'
12-29 03:55:54.257 29429 29609 D UE      : LogPackageName: Display: FPackageName: Mount point added: '../../../Engine/Plugins/Runtime/WaveTable/Content/' mounted to '/WaveTable/'
12-29 03:55:54.257 29429 29609 D UE      : LogPackageName: Display: FPackageName: Mount point added: '../../../Engine/Plugins/Editor/ObjectMixer/ObjectMixer/Content/' mounted to '/ObjectMixer/'
12-29 03:55:54.257 29429 29609 D UE      : LogPackageName: Display: FPackageName: Mount point added: '../../../Engine/Plugins/Editor/ObjectMixer/LightMixer/Content/' mounted to '/LightMixer/'
12-29 03:55:54.259 21879 30012 D [SUI] AnytimeUIPanelApp: Stored settings in pref store in 15596146 ns
12-29 03:55:54.259 21879 30012 D [SUI] SettingsAssistantJsonBuilder: Registering settings service settings
12-29 03:55:54.259 21879 30012 D [SUI] SettingsProvider: SettingsService getInstance
12-29 03:55:54.259 21879 30012 D [SUI] SettingsProvider: connectToService with callback with total client count: 1
12-29 03:55:54.259 21879 30012 D [SUI] SettingsProvider: connectToSettingsService
12-29 03:55:54.259   929 30006 D SimpleC2Component: Using output block pool with poolID 276 => got 276 - 0
12-29 03:55:54.259 21879 21879 V [SUI] AnytimeUIPanelApp: Setting notifs badge
12-29 03:55:54.259 21879 21879 V [SUI] BarView: Subscribing to notifications badge live data
12-29 03:55:54.259 21879 21879 V [SUI] BarView: Notifs badge count: 0, Messenger badge count 0
12-29 03:55:54.259 21879 21879 V [SUI] BarView: Subscribing to online friend badge live data
12-29 03:55:54.260  2715  2715 D [OAO] BaseOverlayService: screenStateReceiver Received broadcast: android.intent.action.SCREEN_ON
12-29 03:55:54.260  2715  2715 D [OAO] BaseOverlayService: onScreenStateChanged: true
12-29 03:55:54.260  2715  2715 I [OAO] ShellApplicationJNI: NativeSendOverlayCommand
12-29 03:55:54.263 21879 21879 D [SUI] PanelAppBase: Acquiring viewModel StatusViewModel refCount: 2
12-29 03:55:54.263 21879 21879 D [SUI] AirlinkUtils: Initializing AirlinkUtils...
12-29 03:55:54.265 21879 21879 D [SUI] AirlinkUtils: Initializing wifi status BroadcastReceiver
12-29 03:55:54.274 21879 21879 I PanelService: BEGIN: nativeInitializePanelInstance - Configure and set up thread polling.
12-29 03:55:54.274 21879 21879 I PanelService: BEGIN: Call hosted app's Configure method.
12-29 03:55:54.274 21879 21879 I PanelService: END: Call hosted app's Configure method.
12-29 03:55:54.274 21879 21879 I PanelService: END: nativeInitializePanelInstance - Add fd 60 to looper with error code 1
12-29 03:55:54.274 21879 21879 D PanelAppClient: END: Initializing panel application via MSG_CREATE_PANEL_APP.
12-29 03:55:54.276 21879 21879 I [SUI] AnytimeUIPanelApp: updateGuardianConfig - $configIndex - $configValue
12-29 03:55:54.276 21879 21879 I [SUI] AnytimeUIPanelApp: updateGuardianConfig - $configIndex - $configValue
12-29 03:55:54.276 21879 21879 I [SUI] AnytimeUIPanelApp: updateGuardianConfig - $configIndex - $configValue
12-29 03:55:54.276 21879 21879 I [SUI] AnytimeUIPanelApp: updateGuardianConfig - $configIndex - $configValue
12-29 03:55:54.276 21879 21879 I [SUI] AnytimeUIPanelApp: updateGuardianConfig - $configIndex - $configValue
12-29 03:55:54.276 21879 21879 I [SUI] AnytimeUIPanelApp: updateGuardianConfig - $configIndex - $configValue
12-29 03:55:54.276 21879 21879 I [SUI] AnytimeUIPanelApp: updateGuardianConfig - $configIndex - $configValue
12-29 03:55:54.276 21879 21879 I [SUI] AnytimeUIPanelApp: updateGuardianConfig - $configIndex - $configValue
12-29 03:55:54.276 21879 21879 I [SUI] AnytimeUIPanelApp: updateGuardianConfig - $configIndex - $configValue
12-29 03:55:54.276 21879 21879 I [SUI] AnytimeUIPanelApp: updateGuardianConfig - $configIndex - $configValue
12-29 03:55:54.276 21879 21879 I [SUI] AnytimeUIPanelApp: updateGuardianConfig - $configIndex - $configValue
12-29 03:55:54.276 21879 21879 I [SUI] AnytimeUIPanelApp: updateGuardianConfig - $configIndex - $configValue
12-29 03:55:54.276 21879 21879 I [SUI] AnytimeUIPanelApp: updateGuardianConfig - $configIndex - $configValue
12-29 03:55:54.276 21879 21879 I [SUI] AnytimeUIPanelApp: updateGuardianConfig - $configIndex - $configValue
12-29 03:55:54.276 21879 21879 I AndroidPanelApp: Processing pending hide layer for layer #main.
12-29 03:55:54.276 21879 21879 I AndroidPanelApp: Processing pending show layer info for layer #main with width 1000 and height 80.
12-29 03:55:54.276 21879 21879 I AndroidPanelApp: layerSupersample no changes
12-29 03:55:54.277 21879 21879 D [SUI] ActivityManagerUtilsHelper: onFocusedWindowChanged: Instance: com.oculus.common.activitymanager.ActivityManagerUtilsHelper@641ad0e, topWindowUid: 10111, focusedApp: com.epicgames.AtomVR, previousApp: null
12-29 03:55:54.277 21879 21879 D [SUI] AnytimeUIPanelApp: Received ActivityStateChanges - com.epicgames.AtomVR
12-29 03:55:54.277 21879 21879 I PresenceAPK(BaseServiceApiManager$1): onServiceConnected componentName=ComponentInfo{com.oculus.presence/com.oculus.presence.services.presence.PresenceService}
12-29 03:55:54.279 21879 21879 I PresenceAPK(BaseServiceApiManager$1): setting serviceApi
12-29 03:55:54.280  3111  3210 I GuardianSystem: ForceShowGuardian: false, 3.00
12-29 03:55:54.281  2786  3208 I VrRuntimeService: RuntimeServiceSDKServer::SetGuardianSystemState: 3558094719
12-29 03:55:54.281  3111  3210 I GuardianSystem: GuardianSDKServerStateSnapshot::Sync: Flags2 changed: 33, 1, SYSTEM_2_DIRECTIONAL_PASSTHROUGH_ENABLED,SYSTEM_2_SHOULD_PUSH_BLACK to SYSTEM_2_DIRECTIONAL_PASSTHROUGH_ENABLED
12-29 03:55:54.281  3111  3210 I GuardianSystem: [GuardianSystem::InitializeRuntimeEventHandlers] runtimeServiceSDKClient_.SuspendResumeEvent: 0
12-29 03:55:54.281  3111  3210 I GuardianTelemetry: GuardianTelemetry: Start Guardian Telemetry
12-29 03:55:54.282  3111  3210 I GuardianTelemetry: OVR::Telemetry Guardian Stats thread started
12-29 03:55:54.282  3111  3210 I GuardianSystem: [GuardianSystem::RuntimeResume] RESUMING operation. Headset waking up. Seconds elapsed: 152.59
12-29 03:55:54.291 29429 29609 D UE      : LogInit: Using libcurl 8.4.0
12-29 03:55:54.291 29429 29609 D UE      : LogInit:  - built for aarch64-none-linux-android21
12-29 03:55:54.291 29429 29609 D UE      : LogInit:  - supports SSL with OpenSSL/1.1.1t
12-29 03:55:54.291 29429 29609 D UE      : LogInit:  - supports HTTP deflate (compression) using libz 1.2.11
12-29 03:55:54.291 29429 29609 D UE      : LogInit:  - other features:
12-29 03:55:54.291 29429 29609 D UE      : LogInit:      CURL_VERSION_SSL
12-29 03:55:54.291 29429 29609 D UE      : LogInit:      CURL_VERSION_LIBZ
12-29 03:55:54.291 29429 29609 D UE      : LogInit:      CURL_VERSION_IPV6
12-29 03:55:54.291 29429 29609 D UE      : LogInit:      CURL_VERSION_ASYNCHDNS
12-29 03:55:54.291 29429 29609 D UE      : LogInit:      CURL_VERSION_LARGEFILE
12-29 03:55:54.291 29429 29609 D UE      : LogInit:  CurlRequestOptions (configurable via config and command line):
12-29 03:55:54.291 29429 29609 D UE      : LogInit:  - bVerifyPeer = true  - Libcurl will verify peer certificate
12-29 03:55:54.291 29429 29609 D UE      : LogInit:  - bUseHttpProxy = false  - Libcurl will NOT use HTTP proxy
12-29 03:55:54.291 29429 29609 D UE      : LogInit:  - bDontReuseConnections = false  - Libcurl will reuse connections
12-29 03:55:54.291 29429 29609 D UE      : LogInit:  - MaxHostConnections = 16  - Libcurl will limit the number of connections to a host
12-29 03:55:54.291 29429 29609 D UE      : LogInit:  - LocalHostAddr = Default
12-29 03:55:54.291 29429 29609 D UE      : LogInit:  - BufferSize = 65536
12-29 03:55:54.292 29429 29609 D UE      : LogOnline: Display: OSS: OnlineSubsystemGooglePlayModule::StartupModule()
12-29 03:55:54.292 29429 29609 D UE      : LogOnline: Warning: OSS: FOnlineSubsystemGooglePlayModule was disabled
12-29 03:55:54.292 29429 29609 D UE      : LogOnline: OSS: Unable to create OnlineSubsystem instance GOOGLEPLAY
12-29 03:55:54.292 29429 29609 D UE      : LogOnline: OSS: Created online subsystem instance for: NULL
12-29 03:55:54.292 29429 29609 D UE      : LogOnline: OSS: TryLoadSubsystemAndSetDefault: Loaded subsystem for type [NULL]
12-29 03:55:54.292 29429 29609 D UE      : LogOnline: Warning: OSS: FOnlineSubsystemGooglePlayModule was disabled
12-29 03:55:54.292 29429 29609 D UE      : LogHMD: OpenXRHMDModule: App is packaged for Oculus Mobile OpenXR
12-29 03:55:54.292 29429 29609 D UE      : LogHMD: OpenXRHMDModule::InitInstance using DefaultLoader.
12-29 03:55:54.293 29429 29609 V OpenXR-Loader: Verbose [GENERAL | xrInitializeLoaderKHR | OpenXR-Loader] : Entering loader trampoline
12-29 03:55:54.293 29429 29609 V OpenXR-Loader: Verbose [GENERAL | xrEnumerateInstanceExtensionProperties | OpenXR-Loader] : Entering loader trampoline
12-29 03:55:54.297 29429 29609 D ApplicationLoaders: Returning zygote-cached class loader: /system/framework/android.test.base.jar
12-29 03:55:54.297 29429 29609 D ApplicationLoaders: Returning zygote-cached class loader: /system/framework/android.hidl.manager-V1.0-java.jar
12-29 03:55:54.297 29429 29609 D ApplicationLoaders: Returning zygote-cached class loader: /system/framework/android.hidl.base-V1.0-java.jar
12-29 03:55:54.303 29429 29609 D OsSdkLoader: OSSDK loading module 'libossdk.oculus.so'
12-29 03:55:54.306 29429 29957 V UE      : [NetworkChangedManager] Connectivity hasn't changed. Current state: CONNECTION_AVAILABLE
12-29 03:55:54.306 29429 29957 V UE      : [NetworkChangedManager] Full network check complete. State: CONNECTION_AVAILABLE
12-29 03:55:54.306   973 29921 I Tracking: MatchOutlierRejection: Matches: 144, Stereo matches: 8, Inlier ratio: 0.2430555522441864
12-29 03:55:54.309   973 29921 W Tracking: VegaTracker: Returning without further processing frame. See previous logs for details.
12-29 03:55:54.312 25375 29958 V UE      : [NetworkChangedManager] Connectivity hasn't changed. Current state: CONNECTION_AVAILABLE
12-29 03:55:54.313 25375 29958 V UE      : [NetworkChangedManager] Full network check complete. State: CONNECTION_AVAILABLE
12-29 03:55:54.313  2786  2786 E AnalyticsEvent: could not set key=output value=null
12-29 03:55:54.315 23312 29960 V UE      : [NetworkChangedManager] Connectivity hasn't changed. Current state: CONNECTION_AVAILABLE
12-29 03:55:54.315 23312 29960 V UE      : [NetworkChangedManager] Full network check complete. State: CONNECTION_AVAILABLE
12-29 03:55:54.316 23331 29961 V UE      : [NetworkChangedManager] Connectivity hasn't changed. Current state: CONNECTION_AVAILABLE
12-29 03:55:54.316 23331 29961 V UE      : [NetworkChangedManager] Full network check complete. State: CONNECTION_AVAILABLE
12-29 03:55:54.317 21879 25425 I PresenceAPK(ServiceApiManager): onApiNotReady
12-29 03:55:54.317 21879 25425 D PresenceAPK(ServicePresenceClient): Calling onServiceDown
12-29 03:55:54.317 21879 25425 I PresenceAPK(GroupManager): disconnected
12-29 03:55:54.318 29429 29609 I DriverLoader: Calling into SetLegacyVrApiEntryPointOverride
12-29 03:55:54.318 29429 29609 I VrApi_DriverLoader: SetLegacyVrApiEntryPointOverride: calling sprintf
12-29 03:55:54.318 29429 29609 I VrApi_DriverLoader: SetLegacyVrApiEntryPointOverride: env buffer is '0x7cd94ba7e4'
12-29 03:55:54.318 29429 29609 I VrApi_DriverLoader: SetLegacyVrApiEntryPointOverride: calling setenv
12-29 03:55:54.318 29429 29609 I DriverLoader: Creating Temp JNIEnv
12-29 03:55:54.318 29429 29609 I DriverLoader: Calling FindClass
12-29 03:55:54.318 29429 29609 I DriverLoader: Calling RegisterNativeVrApiLoaderMethods
12-29 03:55:54.318 29429 29609 I VrApi_DriverLoader: RegisterNativeVrApiLoaderMethods: calling RegisterNatives
12-29 03:55:54.318 29429 29609 I DriverLoader: Calling RegisterNativeXrLoaderMethods
12-29 03:55:54.318 29429 29609 I OpenXR_DriverLoader: RegisterNativeVrApiLoaderMethods: calling RegisterNatives
12-29 03:55:54.318 29429 29609 I DriverLoader: Exiting JNI_OnLoad
12-29 03:55:54.318 29429 29609 I OpenXR_ClientState: OpenXRClientState::create - from xrInitializeLoaderKHR
12-29 03:55:54.318 29429 29609 I XrRuntimeSharedClientState: SharedClientState::create called from 'OpenXRClientState::init'
12-29 03:55:54.318 29429 29609 I ipcLoader [RUNTIMEIPC]: RuntimeIPC: Loader: IPC Service API Loader Version: 55 Nov  6 2023 00:23:51
12-29 03:55:54.319 29429 29609 I ipcLoader [RUNTIMEIPC]: RuntimeIPC: Using android_get_exported_namespace: libripcclient.oculus.so
12-29 03:55:54.319 29429 29609 I ipcLoader [RUNTIMEIPC]: RuntimeIPC: android_get_exported_namespace SUCCESS: libripcclient.oculus.so
12-29 03:55:54.320 21879 21879 I PresenceAPK(BaseServiceApiManager$1): onServiceConnected componentName=ComponentInfo{com.oculus.presence/com.oculus.presence.services.presence.PresenceService}
12-29 03:55:54.320 29429 29609 D OsSdkLoader: OSSDK loading module 'libossdk.oculus.so'
12-29 03:55:54.320 21879 21879 I PresenceAPK(BaseServiceApiManager$1): setting serviceApi
12-29 03:55:54.320 21879 25425 I PresenceAPK(ServiceApiManager): onApiNotReady
12-29 03:55:54.320 21879 25425 D PresenceAPK(ServicePresenceClient): Calling onServiceDown
12-29 03:55:54.320 21879 25425 I PresenceAPK(GroupManager): disconnected
12-29 03:55:54.321 29429 29609 I DeadlockObserver [RUNTIMEIPC]: Init SUCCESS
12-29 03:55:54.321 29429 30025 I DeadlockObserver [RUNTIMEIPC]: MainLoop starting
12-29 03:55:54.322   948   948 I RuntimeIPCService [RUNTIMEIPC]: CreateBrokerConnection: [Client Descriptor - 29429:com.epicgames.AtomVR:com.epicgames.AtomVR] [Connection Id - -1984817593]
12-29 03:55:54.322 21879 21879 D [SUI] SystemUXBroadcastReceiver: action: com.oculus.systemactivities.CAPTURE_STATE_UPDATE
12-29 03:55:54.322 21879 21879 I [SUI] SystemUXBroadcastReceiver: handleCaptureStateUpdate: captureToDisk false, captureEnabled false, isCapturingAbuseReport false, abuseRecordingUUID null, isMetacam false
12-29 03:55:54.322 21879 21879 I [SUI] OVRAuthHelper: fetchAuthToken - completed, result: -1
12-29 03:55:54.323 21879 21879 D [SUI] SettingsService: onCreate
12-29 03:55:54.320 23227 29959 V UE      : [NetworkChangedManager] Connectivity hasn't changed. Current state: CONNECTION_AVAILABLE
12-29 03:55:54.324   569   569 I hwservicemanager: getTransport: Cannot find entry vendor.oculus.hardware.backlight@1.0::IBacklight/default in either framework or device VINTF manifest.
12-29 03:55:54.324 23227 29959 V UE      : [NetworkChangedManager] Full network check complete. State: CONNECTION_AVAILABLE
12-29 03:55:54.324 21879 21879 D BacklightManager: Backlight Service not available
12-29 03:55:54.324 29429 30026 D IPCDataChannelServer [RUNTIMEIPC]: Connected: 1, broker_package:broker_process:0
12-29 03:55:54.324   948   948 D IPCDataChannelServer [RUNTIMEIPC]: Connected: 2310149703, com.epicgames.AtomVR:com.epicgames.AtomVR:29429
12-29 03:55:54.324 29429 29609 I BrokerRPC [RUNTIMEIPC]: InitRPCToServiceInternal: Success
12-29 03:55:54.324   569   569 I hwservicemanager: getTransport: Cannot find entry vendor.oculus.hardware.backlight@1.0::IBacklight/default in either framework or device VINTF manifest.
12-29 03:55:54.324 21879 21879 D BacklightManager: Backlight Service not available
12-29 03:55:54.324 29429 29609 I RuntimeIPCSystem [RUNTIMEIPC]: RuntimeIPCSystem: Init SUCCESS
12-29 03:55:54.325  1169  3499 I RuntimeIpcHelperService: Going to start ComponentInfo{com.oculus.systemdriver/com.oculus.vrruntimeservice.VrRuntimeService} as foreground
12-29 03:55:54.327 29429 29609 I ClientProcessConnector [RUNTIMEIPC]: GetProcessConnection: com.oculus.systemdriver:com.oculus.vrruntimeservice
12-29 03:55:54.327  2786 17727 D IPCDataChannelServer [RUNTIMEIPC]: Connected: 2310149703, com.epicgames.AtomVR:com.epicgames.AtomVR:29429
12-29 03:55:54.327  2786 17727 D RPCServer [RUNTIMEIPC]: ConnectClient: Client: com.epicgames.AtomVR:com.epicgames.AtomVR:29429:, Server: com.oculus.systemdriver:com.oculus.vrruntimeservice (gkcache)
12-29 03:55:54.327  2786 17727 I RPCClientHandler [RUNTIMEIPC]: Event buffer size (server): 8192
12-29 03:55:54.328 21879 30011 D NotificationsBadgeLiveData: MessageBadgeData, pullAndCheckNotifs, old data source notif count: 5, messaging count: 0
12-29 03:55:54.328  2786 17727 I RuntimeIPCServerMgr [RUNTIMEIPC]: HandleClientConnect SUCCESS: Client: com.epicgames.AtomVR:com.epicgames.AtomVR:29429:, Server: com.oculus.systemdriver:com.oculus.vrruntimeservice (gkcache)
12-29 03:55:54.328 29429 29609 I RuntimeIPCClient [RUNTIMEIPC]: Event buffer size (client): 8192
12-29 03:55:54.328 29429 29609 I RuntimeIPCClient [RUNTIMEIPC]: TryToGetIPCResourcesFromServer: RPC_CONNECTOR_CONNECT_TO_SERVER SUCCESS: Client: com.epicgames.AtomVR:com.epicgames.AtomVR:29429, Server: com.oculus.systemdriver:com.oculus.vrruntimeservice (gkcache)
12-29 03:55:54.328 29429 29609 I RuntimeIPCClient [RUNTIMEIPC]: EnsureServerConnection: SUCCESS. Client: com.epicgames.AtomVR:com.epicgames.AtomVR:29429, Server: com.oculus.systemdriver:com.oculus.vrruntimeservice (gkcache)
12-29 03:55:54.328 29429 29609 I RuntimeIPCClient [RUNTIMEIPC]: ConnectToServer: SUCCESS: Client: com.epicgames.AtomVR:com.epicgames.AtomVR:29429, Server: com.oculus.systemdriver:com.oculus.vrruntimeservice (gkcache)
12-29 03:55:54.328  2786 30029 I GkCacheQuerierServer: Client 2310144834 from com.epicgames.AtomVR:29429 connected.
12-29 03:55:54.328  2104  2581 W ContextScope: Warning: Memory Leak Likely! Caching values for context: com.oculus.auth.control.SessionPingJobService@823d996
12-29 03:55:54.328  2104  2581 W ContextScope:  You should make this context implement the PropertyBag interface to avoid this leak
12-29 03:55:54.329 29429 29609 I RuntimeIPCClient [RUNTIMEIPC]: InitServerStateBuffer: SUCCESS. 0, Client: com.epicgames.AtomVR:com.epicgames.AtomVR:29429, Server: com.oculus.systemdriver:com.oculus.vrruntimeservice (gkcache)
12-29 03:55:54.329 29429 29609 I OpenXR_ClientState: Client state creation succeeded.
12-29 03:55:54.330 29429 29609 I OpenXR-Loader: Info [GENERAL | xrEnumerateInstanceExtensionProperties | OpenXR-Loader] : RuntimeInterface::LoadRuntime succeeded loading runtime  using interface version 1 and OpenXR API version 1.0
12-29 03:55:54.332 29429 29609 I OpenXR  : IsFirstParty 0
12-29 03:55:54.332  3234 17669 E AnalyticsEvent: could not set key=selection_args value=null
12-29 03:55:54.332 29429 29609 W picgames.AtomV: Accessing hidden method Landroid/content/pm/ApplicationInfo;->isPrivilegedApp()Z (blocked,test-api, reflection, denied)
12-29 03:55:54.332 29429 29609 W picgames.AtomV: If this is a platform test consider enabling VMRuntime.ALLOW_TEST_API_ACCESS change id for this package.
12-29 03:55:54.332  3234 17669 D CapabilitiesProvider: Capabilities Content Provider called content://com.oculus.identitymanagement.capabilities.contentprovider/account/activeuser/capabilities/com.oculus.capability.social.all, selection= null, selectionArgs=null, sortOrder= null
12-29 03:55:54.332 29429 29609 I OpenXR  : IsPrivileged 0
12-29 03:55:54.332 29429 29609 I OpenXR  : Is_X_PartnerGateKeeper
12-29 03:55:54.335 21879 21879 I [SUI] ConsumerConfiguration: Setting SystemUX Configuration and Policy Settings.
12-29 03:55:54.336 21879 21879 E QplClient: com.oculus.systemux: init() called multiple times.
12-29 03:55:54.337 21879 21879 I PresenceAPK(ServiceApiManager): Trying to bind to com.oculus.presence.services.presence.PresenceService service inside com.oculus.presence package.
12-29 03:55:54.337   973 29907 I Tracking: TIMESTAMPCHECKER: Identified Magnetometer-IOHM sampling rate: 29.66 Hz
12-29 03:55:54.338 21879 21879 D PresenceAPK(PresenceClient): setEventListener id=AnchoredHomeGroup
12-29 03:55:54.338 21879 21879 I PresenceAPK(GroupManager): addListener for id AnchoredHomeGroup
12-29 03:55:54.338 21879 21879 D [SUI] SettingsService: mIsPrimaryUser = true
12-29 03:55:54.339  3279  3279 D MetaCam (DeviceBootBroadcastReceiver): onReceive(intent.action = android.intent.action.USER_PRESENT)
12-29 03:55:54.341  3286  3388 W PhaseSync: [PS_Ver_1_0] DiscardFrame is triggered, frame->Stage 2 FrameBeginIndex 5595 
12-29 03:55:54.341  3286  3388 I MRSVC   : MIXEDREALITY: OpenXrSupport: OpenXR qualified success: xrBeginFrame(clientState_.session, &beginFrameDesc): XR_FRAME_DISCARDED
12-29 03:55:54.342  3234 17231 E AnalyticsEvent: could not set key=selection_args value=null
12-29 03:55:54.342  3234 17231 D CapabilitiesProvider: Capabilities Content Provider called content://com.oculus.identitymanagement.capabilities.contentprovider/account/activeuser/capabilities/com.oculus.capability.social.all, selection= null, selectionArgs=null, sortOrder= null
12-29 03:55:54.345 21879 21879 I [SUI] ConsumerConfiguration: Setting SystemUX Configuration and Policy Settings.
12-29 03:55:54.345 21879 21879 D [SUI] MultiUserManagerHelper: Is Multiuser Enabled SystemUXConfig is MultiUser Enabled: true, OculusManager is MultiUser Enabled: true
12-29 03:55:54.349  2786  2786 I VrRuntimeService: nativeScreenStateChanged to on
12-29 03:55:54.346     0     0 I logd    : logdr: UID=10051 GID=10051 PID=30020 n tail=200 logMask=10099 pid=0 start=0ns deadline=0ns
12-29 03:55:54.350  2786  2786 I VrRuntimeService: Previous running state: RUNNING
12-29 03:55:54.351  3234 17231 E AnalyticsEvent: could not set key=selection_args value=null
12-29 03:55:54.351  3234 17231 D CapabilitiesProvider: Capabilities Content Provider called content://com.oculus.identitymanagement.capabilities.contentprovider/account/activeuser/capabilities/com.oculus.capability.social.all, selection= null, selectionArgs=null, sortOrder= null
12-29 03:55:54.352  3286  3388 I MRSVC   : MIXEDREALITY: MrServiceView: renderIteration: Hibernating the rendering thread since ID is off and no active PT layers.
12-29 03:55:54.352  3286  3388 I MRSVC   : MIXEDREALITY: MrServiceModelBase: Hibernating caller (most likely rendering thread) due to commandQueue being empty.
12-29 03:55:54.354  3279  3279 E AnalyticsEvent: could not set key=initialization_session_id value=null
12-29 03:55:54.354  3279  3279 E AnalyticsEvent: could not set key=message value=null
12-29 03:55:54.354  3279  3279 E AnalyticsEvent: could not set key=dynamic_message value=null
12-29 03:55:54.354  3279  3279 E AnalyticsEvent: could not set key=event_session_id value=null
12-29 03:55:54.354  3279  3279 E AnalyticsEvent: could not set key=remote_surface_type value=null
12-29 03:55:54.354  3279  3279 E AnalyticsEvent: could not set key=initiation_source value=null
12-29 03:55:54.354  3279  3279 E AnalyticsEvent: could not set key=signaling_transport_type value=null
12-29 03:55:54.354  3279  3279 E AnalyticsEvent: could not set key=metric_name value=null
12-29 03:55:54.354  3279  3279 E AnalyticsEvent: could not set key=error_domain value=null
12-29 03:55:54.354  3279  3279 D MetaCam (Companion): Scheduling new MetaCamDeviceBootJobService
12-29 03:55:54.355 21879 21879 I [SUI] ConsumerConfiguration: Setting SystemUX Configuration and Policy Settings.
12-29 03:55:54.355 21879 21879 D [SUI] SettingsSectionUtil: Should Show Voice Commands Section SystemUXConfig is Voice Command UI Enabled: false
12-29 03:55:54.356  2635  6741 D DeviceAuthenticator: Fetching credentials
12-29 03:55:54.357  2635  6741 D DeviceAuthenticator: Fetching new credentials
12-29 03:55:54.357  2635  6741 D DeviceAuthenticator: Fetching new credentials asynchronously
12-29 03:55:54.357 21879 21879 D [SUI] SettingsService: appIdentity = com.oculus.systemux, is valid caller app
12-29 03:55:54.359  2635  2749 I DeviceAuthUtils: The device might not be connected to network, as we failed to resolve DNS for graph.facebook-hardware.com
12-29 03:55:54.360  2635  6741 E DeviceAuthenticator: Error fetching new credentials
12-29 03:55:54.360  2635  6741 E DeviceAuthenticator: com.android.volley.NetworkError: java.lang.Exception: Unable to resolve graph.facebook-hardware.com
12-29 03:55:54.360  2635  6741 E DeviceAuthenticator: 	at com.oculus.deviceauthserver.DeviceAuthenticator.lambda$fetchNewCredentialsAsync$3(DeviceAuthenticator.java:183)
12-29 03:55:54.360  2635  6741 E DeviceAuthenticator: 	at com.oculus.deviceauthserver.DeviceAuthenticator.$r8$lambda$I8baxuVHGvfy-u6FH8FV9RIWp-s(Unknown Source:0)
12-29 03:55:54.360  2635  6741 E DeviceAuthenticator: 	at com.oculus.deviceauthserver.DeviceAuthenticator$$ExternalSyntheticLambda2.run(Unknown Source:6)
12-29 03:55:54.360  2635  6741 E DeviceAuthenticator: 	at java.util.concurrent.ThreadPoolExecutor.runWorker(ThreadPoolExecutor.java:1167)
12-29 03:55:54.360  2635  6741 E DeviceAuthenticator: 	at java.util.concurrent.ThreadPoolExecutor$Worker.run(ThreadPoolExecutor.java:641)
12-29 03:55:54.360  2635  6741 E DeviceAuthenticator: 	at java.lang.Thread.run(Thread.java:920)
12-29 03:55:54.360  2635  6741 E DeviceAuthenticator: Caused by: java.lang.Exception: Unable to resolve graph.facebook-hardware.com
12-29 03:55:54.360  2635  6741 E DeviceAuthenticator: 	... 6 more
12-29 03:55:54.360  2635  6741 E DeviceAuthService: Error fetching credentials
12-29 03:55:54.360  2635  6741 E DeviceAuthService: com.android.volley.NetworkError: java.lang.Exception: Unable to resolve graph.facebook-hardware.com
12-29 03:55:54.360  2635  6741 E DeviceAuthService: 	at com.oculus.deviceauthserver.DeviceAuthenticator.lambda$fetchNewCredentialsAsync$3(DeviceAuthenticator.java:183)
12-29 03:55:54.360  2635  6741 E DeviceAuthService: 	at com.oculus.deviceauthserver.DeviceAuthenticator.$r8$lambda$I8baxuVHGvfy-u6FH8FV9RIWp-s(Unknown Source:0)
12-29 03:55:54.360  2635  6741 E DeviceAuthService: 	at com.oculus.deviceauthserver.DeviceAuthenticator$$ExternalSyntheticLambda2.run(Unknown Source:6)
12-29 03:55:54.360  2635  6741 E DeviceAuthService: 	at java.util.concurrent.ThreadPoolExecutor.runWorker(ThreadPoolExecutor.java:1167)
12-29 03:55:54.360  2635  6741 E DeviceAuthService: 	at java.util.concurrent.ThreadPoolExecutor$Worker.run(ThreadPoolExecutor.java:641)
12-29 03:55:54.360  2635  6741 E DeviceAuthService: 	at java.lang.Thread.run(Thread.java:920)
12-29 03:55:54.360  2635  6741 E DeviceAuthService: Caused by: java.lang.Exception: Unable to resolve graph.facebook-hardware.com
12-29 03:55:54.360  2635  6741 E DeviceAuthService: 	... 6 more
12-29 03:55:54.360 21879 21879 V [SUI] BarView: Notifs badge count: 5, Messenger badge count 0
12-29 03:55:54.361 21879 21879 V [SUI] BarView: Notifs badge count: 5, Messenger badge count 0
12-29 03:55:54.361 21879 21879 I PresenceAPK(BaseServiceApiManager$1): onServiceConnected componentName=ComponentInfo{com.oculus.presence/com.oculus.presence.services.presence.PresenceService}
12-29 03:55:54.367 21879 21879 I PresenceAPK(BaseServiceApiManager$1): setting serviceApi
12-29 03:55:54.367 21879 25425 I PresenceAPK(ServiceApiManager): onApiNotReady
12-29 03:55:54.367 21879 25425 D PresenceAPK(ServicePresenceClient): Calling onServiceDown
12-29 03:55:54.367 21879 21879 D [SUI] SettingsProvider: onServiceConnected
12-29 03:55:54.367 21879 25425 I PresenceAPK(GroupManager): disconnected
12-29 03:55:54.368 21879 30011 D [SUI] SettingsProvider: SettingsService getInstance
12-29 03:55:54.368 21879 30011 V [SUI] SettingsProvider: calling getAllVisibleSettingsItems
12-29 03:55:54.368 21879 30011 V [SUI] RawSettingsItem: valueFetcher is empty for id: pattern_reauth_apps_lock
12-29 03:55:54.368 21879 30011 V [SUI] RawSettingsItem: editableFetcher is empty for id: pattern_reauth_apps_lock
12-29 03:55:54.368 21879 30011 V [SUI] RawSettingsItem: valueFetcher is empty for id: keyboard_federated_learning_enabled_old
12-29 03:55:54.368 21879 30011 V [SUI] RawSettingsItem: editableFetcher is empty for id: keyboard_federated_learning_enabled_old
12-29 03:55:54.368 21879 30011 V [SUI] RawSettingsItem: valueFetcher is empty for id: hands_double_tap_transition_user_preference
12-29 03:55:54.368 21879 30011 V [SUI] RawSettingsItem: editableFetcher is empty for id: hands_double_tap_transition_user_preference
12-29 03:55:54.369 21879 30011 V [SUI] RawSettingsItem: editableFetcher is empty for id: locale_default
12-29 03:55:54.369 21879 30011 V [SUI] RawSettingsItem: visibilityFetcher is empty for id: system_developer_section
12-29 03:55:54.369 21879 30011 V [SUI] RawSettingsItem: valueFetcher is empty for id: system_developer_section
12-29 03:55:54.369 21879 30011 V [SUI] RawSettingsItem: editableFetcher is empty for id: system_developer_section
12-29 03:55:54.369 21879 30011 V [SUI] RawSettingsItem: visibilityFetcher is empty for id: supported_keyboards
12-29 03:55:54.369 21879 30011 V [SUI] RawSettingsItem: valueFetcher is empty for id: supported_keyboards
12-29 03:55:54.369 21879 30011 V [SUI] RawSettingsItem: editableFetcher is empty for id: supported_keyboards
12-29 03:55:54.369 21879 30011 V [SUI] RawSettingsItem: valueFetcher is empty for id: mobility_lying_down_mode
12-29 03:55:54.369 21879 30011 V [SUI] RawSettingsItem: editableFetcher is empty for id: mobility_lying_down_mode
12-29 03:55:54.369 21879 30011 V [SUI] RawSettingsItem: visibilityFetcher is empty for id: hand_section
12-29 03:55:54.369 21879 30011 V [SUI] RawSettingsItem: valueFetcher is empty for id: hand_section
12-29 03:55:54.369 21879 30011 V [SUI] RawSettingsItem: editableFetcher is empty for id: hand_section
12-29 03:55:54.369 21879 30011 V [SUI] RawSettingsItem: visibilityFetcher is empty for id: movement_tracking_grid_tile
12-29 03:55:54.369 21879 30011 V [SUI] RawSettingsItem: valueFetcher is empty for id: movement_tracking_grid_tile
12-29 03:55:54.369 21879 30011 V [SUI] RawSettingsItem: editableFetcher is empty for id: movement_tracking_grid_tile
12-29 03:55:54.369 21879 30011 V [SUI] RawSettingsItem: visibilityFetcher is empty for id: controllers_input_haptics_amplitude
12-29 03:55:54.369 21879 30011 V [SUI] RawSettingsItem: valueFetcher is empty for id: controllers_input_haptics_amplitude
12-29 03:55:54.369 21879 30011 V [SUI] RawSettingsItem: editableFetcher is empty for id: controllers_input_haptics_amplitude
12-29 03:55:54.369 21879 30011 V [SUI] RawSettingsItem: visibilityFetcher is empty for id: exp_mouse_sensitivity_slider_item
12-29 03:55:54.369 21879 30011 V [SUI] RawSettingsItem: valueFetcher is empty for id: exp_mouse_sensitivity_slider_item
12-29 03:55:54.369 21879 30011 V [SUI] RawSettingsItem: editableFetcher is empty for id: exp_mouse_sensitivity_slider_item
12-29 03:55:54.369  3279  3279 V MetaCam (DeviceLifecycleManager): Screen state changed: isScreenOn = true
12-29 03:55:54.369  3279  3279 D MetaCamNative (device_lifecycle_observer): OnScreenStateChange(is_screen_on = 1)
12-29 03:55:54.371  3234 17231 E AnalyticsEvent: could not set key=selection_args value=null
12-29 03:55:54.371  3234 17231 D CapabilitiesProvider: Capabilities Content Provider called content://com.oculus.identitymanagement.capabilities.contentprovider/account/activeuser/capabilities/com.oculus.capability.social.all, selection= null, selectionArgs=null, sortOrder= null
12-29 03:55:54.372  3111  3210 I StateMachine: StateMachine::HandleEvent GuardianInitialization: inRunningStateEvent -> MountedTransition_Black
12-29 03:55:54.372  3111  3210 I StateMachine: StateMachine::ProcessSignal HmdTelemetry_Mounted current state HmdMovementTelemetry received signal enterVR and queued event hmdTelemetryEnterVrEvent
12-29 03:55:54.372  3111  3210 I StateMachine: StateMachine::HandleEvent HmdMovementTelemetry: hmdTelemetryEnterVrEvent -> HmdTelemetry_Enter_VR_From_Don
12-29 03:55:54.372  3111  3210 I GuardianTelemetry: [ovrStatsThreadGuardian::SendGuardianStateChangeTelemetry] Sending state change event ENTER_VR_FROM_DON, dialog DIALOG_INVALID
12-29 03:55:54.373  3111  3210 I GuardianLifecycleMgr: [GuardianLifecycleMgr::LifecycleStatesTransitionIfNeeded] State transition SUSPENDED->FULL
12-29 03:55:54.373  3111  3210 I OpenXR_Space: xrCreateReferenceSpace: Spaces info
12-29 03:55:54.373  3111  3210 I OpenXR_Space: xrCreateReferenceSpace: Local version=137
12-29 03:55:54.373  3111  3210 I OpenXR_Space: xrCreateReferenceSpace: RawFromLocal       = (0.000, 0.115, 0.000, 0.993), (-0.04, -0.16, 0.40)
12-29 03:55:54.373  3111  3210 I OpenXR_Space: xrCreateReferenceSpace: RawFromLocalTilted = (-0.147, 0.116, 0.032, 0.982), (-0.04, -0.16, 0.40)
12-29 03:55:54.373  3111  3210 I OpenXR_Space: xrCreateReferenceSpace: Stage IsValid=false
12-29 03:55:54.373  3111  3210 I OpenXR_Space: xrCreateReferenceSpace: Stage HasActiveGuardian=true
12-29 03:55:54.373  3111  3210 I OpenXR_Space: xrCreateReferenceSpace: Stage Width=1.200000, Depth=1.200000
12-29 03:55:54.373  3111  3210 I OpenXR_Space: xrCreateReferenceSpace: RawFromStage       = (-0.000, -0.944, -0.000, 0.330), (-0.93, -1.17, 2.64)
12-29 03:55:54.373  3111  3210 I GuardianRender: [GuardianRender::Resume] GuardianRender resuming.
12-29 03:55:54.374  3286  3752 I MRSVC   : MIXEDREALITY: MrClientModelStates: setLayerPaused false layer -1 for client 3558094719.
12-29 03:55:54.374  3286  3752 I MRSVC   : MIXEDREALITY: MrSvc: PassthroughLayer: setPaused: Layer -1 is being resumed
12-29 03:55:54.374 21879 30011 I [SUI] ConsumerConfiguration: Setting SystemUX Configuration and Policy Settings.
12-29 03:55:54.374 21879 30011 D [SUI] SettingsSectionUtil: Should Show Voice Commands Section SystemUXConfig is Voice Command UI Enabled: false
12-29 03:55:54.374 21879 30011 V [SUI] RawSettingsItem: visibilityFetcher is empty for id: mobility_section
12-29 03:55:54.374 21879 30011 V [SUI] RawSettingsItem: valueFetcher is empty for id: mobility_section
12-29 03:55:54.374 21879 30011 V [SUI] RawSettingsItem: editableFetcher is empty for id: mobility_section
12-29 03:55:54.374 21879 30011 V [SUI] RawSettingsItem: visibilityFetcher is empty for id: system_sound_section
12-29 03:55:54.374 21879 30011 V [SUI] RawSettingsItem: valueFetcher is empty for id: system_sound_section
12-29 03:55:54.374 21879 30011 V [SUI] RawSettingsItem: editableFetcher is empty for id: system_sound_section
12-29 03:55:54.374 21879 30011 V [SUI] RawSettingsItem: visibilityFetcher is empty for id: local_keyboard_enabled_in_home
12-29 03:55:54.374 21879 30011 V [SUI] RawSettingsItem: valueFetcher is empty for id: local_keyboard_enabled_in_home
12-29 03:55:54.374 21879 30011 V [SUI] RawSettingsItem: editableFetcher is empty for id: local_keyboard_enabled_in_home
12-29 03:55:54.374  3111  3210 I GuardianRender: Resume: Passthrough layer resumed
12-29 03:55:54.374 21879 30011 V [SUI] RawSettingsItem: valueFetcher is empty for id: cloud_backup_e2ee_setup
12-29 03:55:54.374 21879 30011 V [SUI] RawSettingsItem: editableFetcher is empty for id: cloud_backup_e2ee_setup
12-29 03:55:54.374 21879 30011 V [SUI] RawSettingsItem: visibilityFetcher is empty for id: system_keyboard_section
12-29 03:55:54.374 21879 30011 V [SUI] RawSettingsItem: valueFetcher is empty for id: system_keyboard_section
12-29 03:55:54.374 21879 30011 V [SUI] RawSettingsItem: editableFetcher is empty for id: system_keyboard_section
12-29 03:55:54.374 21879 30011 V [SUI] RawSettingsItem: visibilityFetcher is empty for id: auto_sleep_time
12-29 03:55:54.374 21879 30011 V [SUI] RawSettingsItem: valueFetcher is empty for id: auto_sleep_time
12-29 03:55:54.374  3111  3210 I GuardianRender: Resume: GuardianRender updating thread states.
12-29 03:55:54.374 21879 30011 V [SUI] RawSettingsItem: editableFetcher is empty for id: auto_sleep_time
12-29 03:55:54.374 21879 30011 V [SUI] RawSettingsItem: visibilityFetcher is empty for id: guardian_boundary_section
12-29 03:55:54.374  3111  3210 I GuardianRender: Resume: GuardianRender resume complete.
12-29 03:55:54.374 21879 30011 V [SUI] RawSettingsItem: valueFetcher is empty for id: guardian_boundary_section
12-29 03:55:54.374 21879 30011 V [SUI] RawSettingsItem: editableFetcher is empty for id: guardian_boundary_section
12-29 03:55:54.374 21879 30011 V [SUI] RawSettingsItem: visibilityFetcher is empty for id: caption_text_color
12-29 03:55:54.374 21879 30011 V [SUI] RawSettingsItem: valueFetcher is empty for id: caption_text_color
12-29 03:55:54.374 21879 30011 V [SUI] RawSettingsItem: editableFetcher is empty for id: caption_text_color
12-29 03:55:54.374 21879 30011 V [SUI] RawSettingsItem: visibilityFetcher is empty for id: security_grid_tile
12-29 03:55:54.374 21879 30011 V [SUI] RawSettingsItem: valueFetcher is empty for id: security_grid_tile
12-29 03:55:54.374 21879 30011 V [SUI] RawSettingsItem: editableFetcher is empty for id: security_grid_tile
12-29 03:55:54.374 21879 30011 V [SUI] RawSettingsItem: visibilityFetcher is empty for id: boundary_headset_distance_sensitivity
12-29 03:55:54.374 21879 30011 V [SUI] RawSettingsItem: valueFetcher is empty for id: boundary_headset_distance_sensitivity
12-29 03:55:54.374 21879 30011 V [SUI] RawSettingsItem: editableFetcher is empty for id: boundary_headset_distance_sensitivity
12-29 03:55:54.374 21879 30011 V [SUI] RawSettingsItem: visibilityFetcher is empty for id: my_apps_notif
12-29 03:55:54.374  3111  3210 I GuardianInput: GuardianInput::Resume ... intializing session bound objects.
12-29 03:55:54.374 21879 30011 V [SUI] RawSettingsItem: valueFetcher is empty for id: my_apps_notif
12-29 03:55:54.374 21879 30011 V [SUI] RawSettingsItem: editableFetcher is empty for id: my_apps_notif
12-29 03:55:54.374 21879 30011 V [SUI] RawSettingsItem: visibilityFetcher is empty for id: permissions_system_level_location_q4b
12-29 03:55:54.374  3111  3210 I OpenXR_Hands: ------------ xrCreateHandTrackerEXT -----------
12-29 03:55:54.375  3111  3210 I OpenXR_Hands: ------------ xrCreateHandTrackerEXT -----------
12-29 03:55:54.375 21879 30011 V [SUI] RawSettingsItem: editableFetcher is empty for id: permissions_system_level_location_q4b
12-29 03:55:54.375 21879 30011 V [SUI] RawSettingsItem: visibilityFetcher is empty for id: privacy_delete_point_cloud_storage
12-29 03:55:54.375 21879 30011 V [SUI] RawSettingsItem: valueFetcher is empty for id: privacy_delete_point_cloud_storage
12-29 03:55:54.375 21879 30011 V [SUI] RawSettingsItem: editableFetcher is empty for id: privacy_delete_point_cloud_storage
12-29 03:55:54.375 21879 30011 V [SUI] RawSettingsItem: visibilityFetcher is empty for id: personalization_display_theme_section
12-29 03:55:54.375 21879 30011 V [SUI] RawSettingsItem: valueFetcher is empty for id: personalization_display_theme_section
12-29 03:55:54.375 21879 30011 V [SUI] RawSettingsItem: editableFetcher is empty for id: personalization_display_theme_section
12-29 03:55:54.375  3111  3210 I GuardianBoundaryChecking: [GuardianBoundaryChecking::SetGuardianBoundaryCheckDisabled] Boundary check disabled: false
12-29 03:55:54.377  2104  2570 I MqttPushService: service/onStart; flag=0, id=18, intent=Orca.START, caller=android.intent.action.USER_PRESENT
12-29 03:55:54.378  3234 17231 E AnalyticsEvent: could not set key=selection_args value=null
12-29 03:55:54.378  3234 17231 D CapabilitiesProvider: Capabilities Content Provider called content://com.oculus.identitymanagement.capabilities.contentprovider/account/activeuser/capabilities/com.oculus.capability.social.all, selection= null, selectionArgs=null, sortOrder= null
12-29 03:55:54.379  2786  3208 I VrRuntimeService: RuntimeServiceSDKServer::SetGuardianStationaryInfo: 3558094719
12-29 03:55:54.382   973 29921 W Tracking: MatchOutlierRejection: Too few stereo matches, performs non-stereo outlier rejection
12-29 03:55:54.383  3111  3210 I StateMachine: StateMachine::HandleEvent TrackingLost: lostTransition -> LostTransition
12-29 03:55:54.384  3111  3210 I StateMachine: StateMachine::HandleEvent ForceShow: forceShowForTime -> ForceShowOnForTime
12-29 03:55:54.384 21879 30011 I [SUI] ConsumerConfiguration: Setting SystemUX Configuration and Policy Settings.
12-29 03:55:54.384 21879 30011 D [SUI] SettingsSectionUtil: Should Show Voice Commands Section SystemUXConfig is Voice Command UI Enabled: false
12-29 03:55:54.384 21879 30011 V [SUI] RawSettingsItem: visibilityFetcher is empty for id: boundary_enable_glanceable_bounds
12-29 03:55:54.384 21879 30011 V [SUI] RawSettingsItem: valueFetcher is empty for id: boundary_enable_glanceable_bounds
12-29 03:55:54.384 21879 30011 V [SUI] RawSettingsItem: editableFetcher is empty for id: boundary_enable_glanceable_bounds
12-29 03:55:54.384 21879 30011 V [SUI] RawSettingsItem: valueFetcher is empty for id: auto_os_critical_updates
12-29 03:55:54.384 21879 30011 V [SUI] RawSettingsItem: editableFetcher is empty for id: auto_os_critical_updates
12-29 03:55:54.384  2919 29951 E PackagePartsUploadJobService: Failed to fetch device auth token
12-29 03:55:54.384  2919 29951 E PackagePartsUploadJobService: com.oculus.os.DeviceAuth$NetworkException: java.lang.Exception: Unable to resolve graph.facebook-hardware.com
12-29 03:55:54.384  2919 29951 E PackagePartsUploadJobService: 	at com.oculus.os.DeviceAuth.fetchToken(DeviceAuth.java:71)
12-29 03:55:54.384  2919 29951 E PackagePartsUploadJobService: 	at com.oculus.appsafety.PackagePartsUploadJobService.init(PackagePartsUploadJobService.java:207)
12-29 03:55:54.384  2919 29951 E PackagePartsUploadJobService: 	at com.oculus.appsafety.PackagePartsUploadJobService.lambda$onStartJob$1(PackagePartsUploadJobService.java:133)
12-29 03:55:54.384  2919 29951 E PackagePartsUploadJobService: 	at com.oculus.appsafety.PackagePartsUploadJobService.$r8$lambda$gSiYR6zBTq6Odo9W8GyRvyrpONc(Unknown Source:0)
12-29 03:55:54.384  2919 29951 E PackagePartsUploadJobService: 	at com.oculus.appsafety.PackagePartsUploadJobService$$ExternalSyntheticLambda2.run(Unknown Source:2)
12-29 03:55:54.384  2919 29951 E PackagePartsUploadJobService: 	at java.util.concurrent.CompletableFuture$AsyncRun.run(CompletableFuture.java:1663)
12-29 03:55:54.384  2919 29951 E PackagePartsUploadJobService: 	at java.util.concurrent.CompletableFuture$AsyncRun.exec(CompletableFuture.java:1655)
12-29 03:55:54.384  2919 29951 E PackagePartsUploadJobService: 	at java.util.concurrent.ForkJoinTask.doExec(ForkJoinTask.java:285)
12-29 03:55:54.384  2919 29951 E PackagePartsUploadJobService: 	at java.util.concurrent.ForkJoinPool$WorkQueue.runTask(ForkJoinPool.java:1155)
12-29 03:55:54.384  2919 29951 E PackagePartsUploadJobService: 	at java.util.concurrent.ForkJoinPool.scan(ForkJoinPool.java:1993)
12-29 03:55:54.384  2919 29951 E PackagePartsUploadJobService: 	at java.util.concurrent.ForkJoinPool.runWorker(ForkJoinPool.java:1941)
12-29 03:55:54.384  2919 29951 E PackagePartsUploadJobService: 	at java.util.concurrent.ForkJoinWorkerThread.run(ForkJoinWorkerThread.java:157)
12-29 03:55:54.384  2919 29951 E PackagePartsUploadJobService: Caused by: android.os.ServiceSpecificException: java.lang.Exception: Unable to resolve graph.facebook-hardware.com (code 2)
12-29 03:55:54.384  2919 29951 E PackagePartsUploadJobService: 	at android.os.Parcel.createExceptionOrNull(Parcel.java:2440)
12-29 03:55:54.384  2919 29951 E PackagePartsUploadJobService: 	at android.os.Parcel.createException(Parcel.java:2410)
12-29 03:55:54.384  2919 29951 E PackagePartsUploadJobService: 	at android.os.Parcel.readException(Parcel.java:2393)
12-29 03:55:54.384  2919 29951 E PackagePartsUploadJobService: 	at android.os.Parcel.readException(Parcel.java:2335)
12-29 03:55:54.384  2919 29951 E PackagePartsUploadJobService: 	at com.oculus.aidl.IDeviceAuthService$Stub$Proxy.fetchDeviceAuthToken(IDeviceAuthService.java:207)
12-29 03:55:54.384  2919 29951 E PackagePartsUploadJobService: 	at com.oculus.os.DeviceAuth.fetchToken(DeviceAuth.java:59)
12-29 03:55:54.384  2919 29951 E PackagePartsUploadJobService: 	... 11 more
12-29 03:55:54.384 21879 30011 V [SUI] RawSettingsItem: valueFetcher is empty for id: hands_hand_tracking_autotransition_user_preference
12-29 03:55:54.384 21879 30011 V [SUI] RawSettingsItem: editableFetcher is empty for id: hands_hand_tracking_autotransition_user_preference
12-29 03:55:54.384 21879 30011 V [SUI] RawSettingsItem: visibilityFetcher is empty for id: accessibility_hearing_section
12-29 03:55:54.385 21879 30011 V [SUI] RawSettingsItem: valueFetcher is empty for id: accessibility_hearing_section
12-29 03:55:54.385 21879 30011 V [SUI] RawSettingsItem: editableFetcher is empty for id: accessibility_hearing_section
12-29 03:55:54.385 21879 30011 V [SUI] RawSettingsItem: valueFetcher is empty for id: bluetooth_device_details_name
