12-30 03:10:59.578  1151  1172 I WindowManager: Override config changes=20000d80 {0.0 ?mcc?mnc ?localeList ?layoutDir sw64dp w800dp h64dp 200dpi nrml long land ?uimode ?night -touch -keyb/v/h -nav/h winConfig={ mBounds=Rect(0, 0 - 1000, 80) mAppBounds=Rect(0, 0 - 1000, 80) mMaxBounds=Rect(0, 0 - 1000, 80) mWindowingMode=fullscreen mDisplayWindowingMode=fullscreen mActivityType=undefined mAlwaysOnTop=undefined mRotation=ROTATION_0} ?fontWeightAdjustment} for displayId=117
12-30 03:10:59.580  1151  1172 V WindowManager: Display 117 state is now (1), so update layer mirroring?
12-30 03:10:59.581  1151  1172 V WindowManager: Display 117 state is now (1), so update layer mirroring?
12-30 03:10:59.453     0     0 I input   : Device 0xD3D05F47E2487092 as /devices/virtual/input/input21
12-30 03:10:59.604   787  1053 I SyncBossHAL: [info   ] pulsar_manager.c(511): d3d05f47xxxxxxxx: Configuring IR LED to ontime = 34, period = 40000, delay = -17
12-30 03:10:59.610   787  1053 I SyncBossHAL: [info   ] pulsar_manager.c(456): Finished getting cache data for controller
12-30 03:10:59.610   787  1053 I SyncBossHAL:     id            : d3d05f47xxxxxxxx
12-30 03:10:59.610   787  1053 I SyncBossHAL:     pulsar_type   : 0x09011401
12-30 03:10:59.610   787  1053 I SyncBossHAL:     connection id : 0x1
12-30 03:10:59.610   787  1053 I SyncBossHAL:     fw ver        : 1.9.0
12-30 03:10:59.610   787  1053 I SyncBossHAL:     spl ver       : 1.5.1
12-30 03:10:59.610   787  1053 I SyncBossHAL:     serial        : 1WMHCR31DV2435
12-30 03:10:59.610   787  1053 I SyncBossHAL:     handedness    : right
12-30 03:10:59.610   787  1053 I SyncBossHAL:     battery state : 50%
12-30 03:10:59.610   787  1053 I SyncBossHAL: [info   ] pulsar_manager.c(473): Jedi-specific cache data:
12-30 03:10:59.610   787  1053 I SyncBossHAL:     captouch ver  : 1.9.0
12-30 03:10:59.614   787  3905 D SensorService: Syncboss input d3d05f47e2487092 hardware type 4, subtype 2, revision 0x09
12-30 03:10:59.614   787  3905 I SensorService: preparePairedControllerInfo is adding device with valid 1
12-30 03:10:59.614   787  3905 D SensorService: Syncboss input 9d17e7ce194bc1ec hardware type 4, subtype 1, revision 
12-30 03:10:59.614   787  3905 I SensorService: preparePairedControllerInfo is adding device with valid 1
12-30 03:10:59.615   787  3905 D SensorService: stateChangeNotifierFunc(): Reporting controller info. Change token: 40, paired=2 connected=1
12-30 03:10:59.615  1661  3912 D OVRRemoteService: processStateChange([PairedControllerInfo JEDI d3d05f47e2487092 connected mcnt=0])
12-30 03:10:59.615  1661  3912 D OVRRemoteService: RemoteService::recordControllerStatusUpdate: device d3d05f47e2487092: status: CONNECTED_ACTIVE tracking: NONE, errors: --
12-30 03:10:59.616  1661  3912 D OVRRemoteService: processStateChange([PairedControllerInfo JEDI 9d17e7ce194bc1ec disconnected update-required mcnt=0])
12-30 03:10:59.620   787  3906 I SyncBossHAL: [info   ] syncboss_hal_input_controller.c(184): Controller d3d05f47xxxxxxxx battery level changed: 0% -> 50%
12-30 03:10:59.624   787  3905 D SensorService: Syncboss input d3d05f47e2487092 hardware type 4, subtype 2, revision 0x09
12-30 03:10:59.624   787  3905 I SensorService: preparePairedControllerInfo is adding device with valid 1
12-30 03:10:59.624   787  3905 D SensorService: Syncboss input 9d17e7ce194bc1ec hardware type 4, subtype 1, revision 
12-30 03:10:59.624   787  3905 I SensorService: preparePairedControllerInfo is adding device with valid 1
12-30 03:10:59.625   787  3905 D SensorService: stateChangeNotifierFunc(): Reporting controller info. Change token: 41, paired=2 connected=1
12-30 03:10:59.625  1661  3912 D OVRRemoteService: processStateChange([PairedControllerInfo JEDI d3d05f47e2487092 connected mcnt=0])
12-30 03:10:59.625  1661  3912 D OVRRemoteService: RemoteService::recordControllerStatusUpdate: device d3d05f47e2487092: status: CONNECTED_ACTIVE tracking: NONE, errors: --
12-30 03:10:59.625  1661  3912 D OVRRemoteService: processStateChange([PairedControllerInfo JEDI 9d17e7ce194bc1ec disconnected update-required mcnt=0])
12-30 03:10:59.625   787   787 D SensorService: Found paired controllers: 2
12-30 03:10:59.625   787   787 D SensorService: Syncboss input d3d05f47e2487092 hardware type 4, subtype 2, revision 0x09
12-30 03:10:59.625   787   787 I SensorService: preparePairedControllerInfo is adding device with valid 1
12-30 03:10:59.625   787   787 D SensorService: Syncboss input 9d17e7ce194bc1ec hardware type 4, subtype 1, revision 
12-30 03:10:59.625   787   787 I SensorService: preparePairedControllerInfo is adding device with valid 1
12-30 03:10:59.626   952  3947 D TrackingService: Creating RemoteConstellationTrackedDevice
12-30 03:10:59.627   952  3947 I TrackingService: Registering primary controller d3d05f47e2487092 in slot 0
12-30 03:10:59.629   952  3947 D TrackingService: TrackingDataPostProcessor: Hand autotransition v2 GK enabled: 1
12-30 03:10:59.629   952  3947 D TrackingService: registerRemote: d3d05f47e2487092
12-30 03:10:59.644   952  3947 W TrackingService: Attempted to control leds, but gatekeeper is disabled. Skipping operation.
12-30 03:10:59.645  1661  3912 D OVRRemoteService: RemoteService::recordControllerStatusUpdate: device d3d05f47e2487092: status: CONNECTED_ACTIVE tracking: NONE, errors: --
12-30 03:10:59.669   952  3947 D TrackingService: d3d05f47e2487092: isControllerInHand(21314.66s): 1 ctEnabled: 1 btnPress: 1 btnOrTpdTouch: 1 btnOrTpdProx: 1 static(21314.66s): 1 thbstkOffCenter: 1 
12-30 03:10:59.669   952  3947 D TrackingService: [HANDTRACKING] Controller d3d05f47e2487092 in hand: Y, valid: Y
12-30 03:10:59.675   787  3906 I SyncBossInput: [info   ] [jedi (right) d3d05f47xxxxxxxx]:       2 [info   ] {LOG }: Build flavor: USER
12-30 03:10:59.676   952 12739 D TrackingService: getSharedMemory: com.oculus.shellenv, Controller
12-30 03:10:59.690  1151  1174 I DisplayDeviceRepository: Display device changed: DisplayDeviceInfo{"com.oculus.android_panel_app.AndroidPanelLayer-#main": uniqueId="virtual:com.oculus.systemux,10037,com.oculus.android_panel_app.AndroidPanelLayer-#main,2", 1000 x 80, modeId 245, defaultModeId 245, supportedModes [{id=245, width=1000, height=80, fps=60.0, alternativeRefreshRates=[]}], colorMode 0, supportedColorModes [0], hdrCapabilities null, allmSupported false, gameContentTypeSupported false, density 200, 200.0 x 200.0 dpi, appVsyncOff 0, presDeadline 16666666, touch NONE, rotation 0, type VIRTUAL, deviceProductInfo null, state OFF, owner com.oculus.systemux (uid 10037), frameRateOverride , brightnessMinimum 0.0, brightnessMaximum 0.0, brightnessDefault 0.0, FLAG_PRIVATE, FLAG_NEVER_BLANK, FLAG_OWN_CONTENT_ONLY}
12-30 03:10:59.694  1151  1174 I DisplayDeviceRepository: Display device changed: DisplayDeviceInfo{"com.oculus.android_panel_app.AndroidPanelLayer-#main": uniqueId="virtual:com.oculus.systemux,10037,com.oculus.android_panel_app.AndroidPanelLayer-#main,2", 1000 x 80, modeId 245, defaultModeId 245, supportedModes [{id=245, width=1000, height=80, fps=60.0, alternativeRefreshRates=[]}], colorMode 0, supportedColorModes [0], hdrCapabilities null, allmSupported false, gameContentTypeSupported false, density 200, 200.0 x 200.0 dpi, appVsyncOff 0, presDeadline 16666666, touch NONE, rotation 0, type VIRTUAL, deviceProductInfo null, state ON, owner com.oculus.systemux (uid 10037), frameRateOverride , brightnessMinimum 0.0, brightnessMaximum 0.0, brightnessDefault 0.0, FLAG_PRIVATE, FLAG_NEVER_BLANK, FLAG_OWN_CONTENT_ONLY}
12-30 03:10:59.695  1151  1172 V WindowManager: Display 117 state is now (2), so update layer mirroring?
12-30 03:10:59.704   787  3906 I SyncBossInput: [info   ] [jedi (right) d3d05f47xxxxxxxx]:       2 [info   ] {LOG }: RESET_REASON:
12-30 03:10:59.738   787  3906 I SyncBossInput: [info   ] [jedi (right) d3d05f47xxxxxxxx]:       2 [info   ] {LOG }:  --> SYSTEM_OFF
12-30 03:10:59.780   787  3906 I SyncBossInput: [info   ] [jedi (right) d3d05f47xxxxxxxx]:       2 [info   ] {LOG }: Lock state: locked
12-30 03:10:59.831   787  3906 I SyncBossInput: [info   ] [jedi (right) d3d05f47xxxxxxxx]:       3 [info   ] {WRLS}: Device paired with: 0x7718E38F
12-30 03:10:59.878   787  3906 I SyncBossInput: [info   ] [jedi (right) d3d05f47xxxxxxxx]:       3 [info   ] {TSDY}: Read user cal successfully
12-30 03:10:59.919   787  3906 I SyncBossInput: [info   ] [jedi (right) d3d05f47xxxxxxxx]:       3 [info   ] {TSDY}: updates: 0, flash writes: 1
12-30 03:10:59.976   787  3906 I SyncBossInput: [info   ] [jedi (right) d3d05f47xxxxxxxx]:       3 [info   ] {TSDY}: range:x_min:3655 x_max:13880 y_min:2853 y_max:12525
12-30 03:11:00.024   787  3906 I SyncBossInput: [info   ] [jedi (right) d3d05f47xxxxxxxx]:       3 [info   ] {TSDY}: db percent: inner:18, outer:6
12-30 03:11:00.088   787  3906 I SyncBossInput: [info   ] [jedi (right) d3d05f47xxxxxxxx]:       3 [info   ] {TS  }: recenter:xmin:2976,xmax:13200,ymin:2817,ymax:12489
12-30 03:11:00.136   787  3906 I SyncBossInput: [info   ] [jedi (right) d3d05f47xxxxxxxx]:       3 [info   ] {TRG }: Forward trigger range: 618 12016
12-30 03:11:00.184   787  3906 I SyncBossInput: [info   ] [jedi (right) d3d05f47xxxxxxxx]:       3 [info   ] {TRG }: Grip trigger range: 3082 13977
12-30 03:11:00.229   787  3906 I SyncBossInput: [info   ] [jedi (right) d3d05f47xxxxxxxx]:     103 [info   ] {CAPT}: Cap touch init
12-30 03:11:00.268   787  3906 I SyncBossInput: [info   ] [jedi (right) d3d05f47xxxxxxxx]:     105 [info   ] {IMU }: IMU model: ICM42686
12-30 03:11:00.126     0     0 I logd    : logdr: UID=10051 GID=10051 PID=4111 n tail=200 logMask=10099 pid=0 start=0ns deadline=0ns
12-30 03:11:00.312   787  3906 I SyncBossInput: [info   ] [jedi (right) d3d05f47xxxxxxxx]:     155 [info   ] {THDG}: UNSET -> active_seek
12-30 03:11:00.348   787  3906 I SyncBossInput: [info   ] [jedi (right) d3d05f47xxxxxxxx]:     155 [info   ] {APP }: Init complete
12-30 03:11:00.378   787  3906 I SyncBossInput: [info   ] [jedi (right) d3d05f47xxxxxxxx]:    8642 [info   ] {APP }: Connected
12-30 03:11:00.422   787  3906 I SyncBossInput: [info   ] [jedi (right) d3d05f47xxxxxxxx]:    8643 [info   ] {THDG}: active_seek -> active_connected
12-30 03:11:00.472   787  3906 I SyncBossInput: [info   ] [jedi (right) d3d05f47xxxxxxxx]:    9262 [info   ] {HPTH}: Set haptics frequency to 0x2173
12-30 03:11:00.475  1661  3912 D OVRRemoteService: RemoteService::recordControllerStatusUpdate: device d3d05f47e2487092: status: CONNECTED_ACTIVE tracking: NONE, errors: --
12-30 03:11:00.770     0     0 W healthd : battery l=100 v=4319 t=21.0 h=2 st=5 c=-406249 fc=3749000 cc=3 chg=a
12-30 03:11:01.182  1151  1903 W ActivityManager: Permission Denial: Accessing service com.oculus.vrshell/.ShellOverlayService from pid=3512, uid=10110 requires com.oculus.vrshell.OVERLAY_HOST
12-30 03:11:01.477  1661  3912 D OVRRemoteService: RemoteService::recordControllerStatusUpdate: device d3d05f47e2487092: status: CONNECTED_ACTIVE tracking: POSITION, errors: --
12-30 03:11:01.495   787  3906 I SyncBossHAL: [info   ] syncboss_hal_input_controller.c(184): Controller d3d05f47xxxxxxxx battery level changed: 50% -> 40%
12-30 03:11:01.500   787  3905 D SensorService: Syncboss input d3d05f47e2487092 hardware type 4, subtype 2, revision 0x09
12-30 03:11:01.500   787  3905 I SensorService: preparePairedControllerInfo is adding device with valid 1
12-30 03:11:01.500   787  3905 D SensorService: Syncboss input 9d17e7ce194bc1ec hardware type 4, subtype 1, revision 
12-30 03:11:01.500   787  3905 I SensorService: preparePairedControllerInfo is adding device with valid 1
12-30 03:11:01.500   787  3905 D SensorService: stateChangeNotifierFunc(): Reporting controller info. Change token: 42, paired=2 connected=1
12-30 03:11:01.500  1661  3912 D OVRRemoteService: processStateChange([PairedControllerInfo JEDI d3d05f47e2487092 connected mcnt=0])
12-30 03:11:01.500  1661  3912 D OVRRemoteService: RemoteService::recordControllerStatusUpdate: device d3d05f47e2487092: status: CONNECTED_ACTIVE tracking: POSITION, errors: --
12-30 03:11:01.501  1661  3912 D OVRRemoteService: processStateChange([PairedControllerInfo JEDI 9d17e7ce194bc1ec disconnected update-required mcnt=0])
12-30 03:11:02.229  1661  3912 D OVRRemoteService: RemoteService::recordControllerStatusUpdate: device d3d05f47e2487092: status: CONNECTED_ACTIVE tracking: NONE, errors: --
12-30 03:11:03.237  1661  3912 D OVRRemoteService: RemoteService::recordControllerStatusUpdate: device d3d05f47e2487092: status: CONNECTED_ACTIVE tracking: POSITION, errors: --
12-30 03:11:03.238   952  1132 D TrackingService: getSharedMemory: com.epicgames.AtomVR#3512, HeadTracker
12-30 03:11:03.264   952 12739 D TrackingService: getSharedMemory: com.epicgames.AtomVR, Controller
12-30 03:11:03.639  1151  8881 D ActivityManager: Is background playback GK enabled: false Is background playback enabled for all apps: false
12-30 03:11:03.494     0     0 I [drm:dsi_display_set_mode] [msm-dsi-info]: mdp_transfer_time_us=0 us
12-30 03:11:03.494     0     0 I [drm:dsi_display_set_mode] [msm-dsi-info]: hactive= 1920,vactive= 3664,fps=72
12-30 03:11:03.691  1151  1903 I DisplayDeviceRepository: Display device removed: DisplayDeviceInfo{"com.oculus.android_panel_app.AndroidPanelLayer-#main": uniqueId="virtual:com.oculus.systemux,10037,com.oculus.android_panel_app.AndroidPanelLayer-#main,2", 1000 x 80, modeId 245, defaultModeId 245, supportedModes [{id=245, width=1000, height=80, fps=60.0, alternativeRefreshRates=[]}], colorMode 0, supportedColorModes [0], hdrCapabilities null, allmSupported false, gameContentTypeSupported false, density 200, 200.0 x 200.0 dpi, appVsyncOff 0, presDeadline 16666666, touch NONE, rotation 0, type VIRTUAL, deviceProductInfo null, state ON, owner com.oculus.systemux (uid 10037), frameRateOverride , brightnessMinimum 0.0, brightnessMaximum 0.0, brightnessDefault 0.0, FLAG_PRIVATE, FLAG_NEVER_BLANK, FLAG_OWN_CONTENT_ONLY}
12-30 03:11:03.692  1151  1903 I LogicalDisplayMapper: Removing display: 117
12-30 03:11:03.718  1151  2840 I DisplayDeviceRepository: Display device removed: DisplayDeviceInfo{"com.oculus.android_panel_app.AndroidPanelLayer-#main": uniqueId="virtual:com.oculus.systemux,10037,com.oculus.android_panel_app.AndroidPanelLayer-#main,1", 1000 x 80, modeId 233, defaultModeId 233, supportedModes [{id=233, width=1000, height=80, fps=60.0, alternativeRefreshRates=[]}], colorMode 0, supportedColorModes [0], hdrCapabilities null, allmSupported false, gameContentTypeSupported false, density 200, 200.0 x 200.0 dpi, appVsyncOff 0, presDeadline 16666666, touch NONE, rotation 0, type VIRTUAL, deviceProductInfo null, state ON, owner com.oculus.systemux (uid 10037), frameRateOverride , brightnessMinimum 0.0, brightnessMaximum 0.0, brightnessDefault 0.0, FLAG_PRIVATE, FLAG_NEVER_BLANK, FLAG_OWN_CONTENT_ONLY}
12-30 03:11:03.718  1151  2840 I LogicalDisplayMapper: Removing display: 109
12-30 03:11:03.762   952 12739 D TrackingService: getSharedMemory: com.oculus.vrshell, HeadTracker
12-30 03:11:03.765   952 12739 D TrackingService: getSharedMemory: com.oculus.vrshell, Controller
12-30 03:11:03.771  1151  1903 I DisplayDeviceRepository: Display device added: DisplayDeviceInfo{"com.oculus.android_panel_app.AndroidPanelLayer-#main": uniqueId="virtual:com.oculus.systemux,10037,com.oculus.android_panel_app.AndroidPanelLayer-#main,0", 1000 x 1250, modeId 246, defaultModeId 246, supportedModes [{id=246, width=1000, height=1250, fps=60.0, alternativeRefreshRates=[]}], colorMode 0, supportedColorModes [0], hdrCapabilities null, allmSupported false, gameContentTypeSupported false, density 200, 200.0 x 200.0 dpi, appVsyncOff 0, presDeadline 16666666, touch NONE, rotation 0, type VIRTUAL, deviceProductInfo null, state OFF, owner com.oculus.systemux (uid 10037), frameRateOverride , brightnessMinimum 0.0, brightnessMaximum 0.0, brightnessDefault 0.0, FLAG_PRIVATE, FLAG_NEVER_BLANK, FLAG_OWN_CONTENT_ONLY}
12-30 03:11:03.771  1151  1903 I LogicalDisplayMapper: Applying layout: [{addr: {port=129, model=0x40446d9218dcf4}, dispId: 0(ON)}], Previous layout: [{addr: {port=129, model=0x40446d9218dcf4}, dispId: 0(ON)}]
12-30 03:11:03.771  1151  1903 I LogicalDisplayMapper: Adding new display: 118: DisplayInfo{"com.oculus.android_panel_app.AndroidPanelLayer-#main", displayId 118", displayGroupId -1, FLAG_PRIVATE, real 1000 x 1250, largest app 1000 x 1250, smallest app 1000 x 1250, appVsyncOff 0, presDeadline 16666666, mode 246, defaultMode 246, modes [{id=246, width=1000, height=1250, fps=60.0, alternativeRefreshRates=[]}], hdrCapabilities null, userDisabledHdrTypes [], minimalPostProcessingSupported false, rotation 0, state OFF, type VIRTUAL, uniqueId "virtual:com.oculus.systemux,10037,com.oculus.android_panel_app.AndroidPanelLayer-#main,0", app 1000 x 1250, density 200 (200.0 x 200.0) dpi, layerStack 118, colorMode 0, supportedColorModes [0], deviceProductInfo null, owner com.oculus.systemux (uid 10037), removeMode 1, refreshRateOverride 0.0, brightnessMinimum 0.0, brightnessMaximum 0.0, brightnessDefault 0.0}
12-30 03:11:03.771  1151  1903 I LogicalDisplayMapper: Setting new display group 0 for display 118, from previous group: null
12-30 03:11:03.772  1151  1903 W DisplayPowerController[118]: Screen brightness nits configuration is unavailable; falling back
12-30 03:11:03.786  1151  1903 I WindowManager: Override config changes=20005df8 {0.0 ?mcc?mnc ?localeList ?layoutDir sw800dp w800dp h1000dp 200dpi xlrg port ?uimode ?night -touch -keyb/v/h -nav/h winConfig={ mBounds=Rect(0, 0 - 1000, 1250) mAppBounds=Rect(0, 0 - 1000, 1250) mMaxBounds=Rect(0, 0 - 1000, 1250) mWindowingMode=fullscreen mDisplayWindowingMode=fullscreen mActivityType=undefined mAlwaysOnTop=undefined mRotation=ROTATION_0} ?fontWeightAdjustment} for displayId=118
12-30 03:11:03.794  1151  1172 V WindowManager: Display 118 state is now (1), so update layer mirroring?
12-30 03:11:03.886  1151  1151 W NotificationHistory: Attempted to add notif for locked/gone/disabled user 0
12-30 03:11:03.890  1151  1174 I DisplayDeviceRepository: Display device changed: DisplayDeviceInfo{"com.oculus.android_panel_app.AndroidPanelLayer-#main": uniqueId="virtual:com.oculus.systemux,10037,com.oculus.android_panel_app.AndroidPanelLayer-#main,0", 1000 x 80, modeId 247, defaultModeId 247, supportedModes [{id=247, width=1000, height=80, fps=60.0, alternativeRefreshRates=[]}], colorMode 0, supportedColorModes [0], hdrCapabilities null, allmSupported false, gameContentTypeSupported false, density 200, 200.0 x 200.0 dpi, appVsyncOff 0, presDeadline 16666666, touch NONE, rotation 0, type VIRTUAL, deviceProductInfo null, state OFF, owner com.oculus.systemux (uid 10037), frameRateOverride , brightnessMinimum 0.0, brightnessMaximum 0.0, brightnessDefault 0.0, FLAG_PRIVATE, FLAG_NEVER_BLANK, FLAG_OWN_CONTENT_ONLY}
12-30 03:11:03.892  1151  1172 I WindowManager: Override config changes=20000d80 {0.0 ?mcc?mnc ?localeList ?layoutDir sw64dp w800dp h64dp 200dpi nrml long land ?uimode ?night -touch -keyb/v/h -nav/h winConfig={ mBounds=Rect(0, 0 - 1000, 80) mAppBounds=Rect(0, 0 - 1000, 80) mMaxBounds=Rect(0, 0 - 1000, 80) mWindowingMode=fullscreen mDisplayWindowingMode=fullscreen mActivityType=undefined mAlwaysOnTop=undefined mRotation=ROTATION_0} ?fontWeightAdjustment} for displayId=118
12-30 03:11:03.896  1151  1172 V WindowManager: Display 118 state is now (1), so update layer mirroring?
12-30 03:11:03.905  1151  1172 V WindowManager: Display 118 state is now (1), so update layer mirroring?
12-30 03:11:04.002  1151  1174 I DisplayDeviceRepository: Display device changed: DisplayDeviceInfo{"com.oculus.android_panel_app.AndroidPanelLayer-#main": uniqueId="virtual:com.oculus.systemux,10037,com.oculus.android_panel_app.AndroidPanelLayer-#main,0", 1000 x 80, modeId 247, defaultModeId 247, supportedModes [{id=247, width=1000, height=80, fps=60.0, alternativeRefreshRates=[]}], colorMode 0, supportedColorModes [0], hdrCapabilities null, allmSupported false, gameContentTypeSupported false, density 200, 200.0 x 200.0 dpi, appVsyncOff 0, presDeadline 16666666, touch NONE, rotation 0, type VIRTUAL, deviceProductInfo null, state OFF, owner com.oculus.systemux (uid 10037), frameRateOverride , brightnessMinimum 0.0, brightnessMaximum 0.0, brightnessDefault 0.0, FLAG_PRIVATE, FLAG_NEVER_BLANK, FLAG_OWN_CONTENT_ONLY}
12-30 03:11:04.004  1151  1174 I DisplayDeviceRepository: Display device changed: DisplayDeviceInfo{"com.oculus.android_panel_app.AndroidPanelLayer-#main": uniqueId="virtual:com.oculus.systemux,10037,com.oculus.android_panel_app.AndroidPanelLayer-#main,0", 1000 x 80, modeId 247, defaultModeId 247, supportedModes [{id=247, width=1000, height=80, fps=60.0, alternativeRefreshRates=[]}], colorMode 0, supportedColorModes [0], hdrCapabilities null, allmSupported false, gameContentTypeSupported false, density 200, 200.0 x 200.0 dpi, appVsyncOff 0, presDeadline 16666666, touch NONE, rotation 0, type VIRTUAL, deviceProductInfo null, state ON, owner com.oculus.systemux (uid 10037), frameRateOverride , brightnessMinimum 0.0, brightnessMaximum 0.0, brightnessDefault 0.0, FLAG_PRIVATE, FLAG_NEVER_BLANK, FLAG_OWN_CONTENT_ONLY}
12-30 03:11:04.005  1151  1172 V WindowManager: Display 118 state is now (2), so update layer mirroring?
12-30 03:11:04.095   787  3906 W SyncBossHAL: [warning] syncboss_hal_data_handlers.c(149): s:0 Long processing time detected for streaming packet type 80 (1009us)
12-30 03:11:03.958     0     0 I CAM_ERR : CAM-CRM: __cam_req_mgr_process_sof_freeze: 1806 SOF freeze for session 15401472 link 0xee0103
12-30 03:11:04.038     0     0 I CAM_ERR : CAM-CRM: __cam_req_mgr_process_sof_freeze: 1806 SOF freeze for session 15401472 link 0xec010f
12-30 03:11:04.038     0     0 I CAM_ERR : CAM-CRM: __cam_req_mgr_process_sof_freeze: 1806 SOF freeze for session 15401472 link 0x84010b
12-30 03:11:04.038     0     0 I CAM_ERR : CAM-CRM: __cam_req_mgr_process_sof_freeze: 1806 SOF freeze for session 15401472 link 0x5b0107
12-30 03:11:04.283  1151  1903 I DisplayDeviceRepository: Display device added: DisplayDeviceInfo{"com.oculus.android_panel_app.AndroidPanelLayer-toast": uniqueId="virtual:com.oculus.systemux,10037,com.oculus.android_panel_app.AndroidPanelLayer-toast,0", 460 x 1250, modeId 248, defaultModeId 248, supportedModes [{id=248, width=460, height=1250, fps=60.0, alternativeRefreshRates=[]}], colorMode 0, supportedColorModes [0], hdrCapabilities null, allmSupported false, gameContentTypeSupported false, density 200, 200.0 x 200.0 dpi, appVsyncOff 0, presDeadline 16666666, touch NONE, rotation 0, type VIRTUAL, deviceProductInfo null, state OFF, owner com.oculus.systemux (uid 10037), frameRateOverride , brightnessMinimum 0.0, brightnessMaximum 0.0, brightnessDefault 0.0, FLAG_PRIVATE, FLAG_NEVER_BLANK, FLAG_OWN_CONTENT_ONLY}
12-30 03:11:04.286  1151  1903 I LogicalDisplayMapper: Applying layout: [{addr: {port=129, model=0x40446d9218dcf4}, dispId: 0(ON)}], Previous layout: [{addr: {port=129, model=0x40446d9218dcf4}, dispId: 0(ON)}]
12-30 03:11:04.286  1151  1903 I LogicalDisplayMapper: Adding new display: 119: DisplayInfo{"com.oculus.android_panel_app.AndroidPanelLayer-toast", displayId 119", displayGroupId -1, FLAG_PRIVATE, real 460 x 1250, largest app 460 x 1250, smallest app 460 x 1250, appVsyncOff 0, presDeadline 16666666, mode 248, defaultMode 248, modes [{id=248, width=460, height=1250, fps=60.0, alternativeRefreshRates=[]}], hdrCapabilities null, userDisabledHdrTypes [], minimalPostProcessingSupported false, rotation 0, state OFF, type VIRTUAL, uniqueId "virtual:com.oculus.systemux,10037,com.oculus.android_panel_app.AndroidPanelLayer-toast,0", app 460 x 1250, density 200 (200.0 x 200.0) dpi, layerStack 119, colorMode 0, supportedColorModes [0], deviceProductInfo null, owner com.oculus.systemux (uid 10037), removeMode 1, refreshRateOverride 0.0, brightnessMinimum 0.0, brightnessMaximum 0.0, brightnessDefault 0.0}
12-30 03:11:04.286  1151  1903 I LogicalDisplayMapper: Setting new display group 0 for display 119, from previous group: null
12-30 03:11:04.287  1151  1903 W DisplayPowerController[119]: Screen brightness nits configuration is unavailable; falling back
12-30 03:11:04.313  1151  1172 I WindowManager: Override config changes=20005df8 {0.0 ?mcc?mnc ?localeList ?layoutDir sw368dp w368dp h1000dp 200dpi nrml long port ?uimode ?night -touch -keyb/v/h -nav/h winConfig={ mBounds=Rect(0, 0 - 460, 1250) mAppBounds=Rect(0, 0 - 460, 1250) mMaxBounds=Rect(0, 0 - 460, 1250) mWindowingMode=fullscreen mDisplayWindowingMode=fullscreen mActivityType=undefined mAlwaysOnTop=undefined mRotation=ROTATION_0} ?fontWeightAdjustment} for displayId=119
12-30 03:11:04.317  1151  1172 V WindowManager: Display 119 state is now (1), so update layer mirroring?
12-30 03:11:04.320  1151  1174 I DisplayDeviceRepository: Display device changed: DisplayDeviceInfo{"com.oculus.android_panel_app.AndroidPanelLayer-toast": uniqueId="virtual:com.oculus.systemux,10037,com.oculus.android_panel_app.AndroidPanelLayer-toast,0", 460 x 1, modeId 249, defaultModeId 249, supportedModes [{id=249, width=460, height=1, fps=60.0, alternativeRefreshRates=[]}], colorMode 0, supportedColorModes [0], hdrCapabilities null, allmSupported false, gameContentTypeSupported false, density 200, 200.0 x 200.0 dpi, appVsyncOff 0, presDeadline 16666666, touch NONE, rotation 0, type VIRTUAL, deviceProductInfo null, state OFF, owner com.oculus.systemux (uid 10037), frameRateOverride , brightnessMinimum 0.0, brightnessMaximum 0.0, brightnessDefault 0.0, FLAG_PRIVATE, FLAG_NEVER_BLANK, FLAG_OWN_CONTENT_ONLY}
12-30 03:11:04.324  1151  1172 I WindowManager: Override config changes=20000180 {0.0 ?mcc?mnc ?localeList ?layoutDir sw368dp w368dp h1000dp 200dpi smll land ?uimode ?night -touch -keyb/v/h -nav/h winConfig={ mBounds=Rect(0, 0 - 460, 1) mAppBounds=Rect(0, 0 - 460, 1) mMaxBounds=Rect(0, 0 - 460, 1) mWindowingMode=fullscreen mDisplayWindowingMode=fullscreen mActivityType=undefined mAlwaysOnTop=undefined mRotation=ROTATION_0} ?fontWeightAdjustment} for displayId=119
12-30 03:11:04.326  1151  1172 V WindowManager: Display 119 state is now (1), so update layer mirroring?
12-30 03:11:04.326  1151  1172 V WindowManager: Display 119 state is now (1), so update layer mirroring?
12-30 03:11:04.350  1151  1174 I DisplayDeviceRepository: Display device changed: DisplayDeviceInfo{"com.oculus.android_panel_app.AndroidPanelLayer-toast": uniqueId="virtual:com.oculus.systemux,10037,com.oculus.android_panel_app.AndroidPanelLayer-toast,0", 460 x 1, modeId 249, defaultModeId 249, supportedModes [{id=249, width=460, height=1, fps=60.0, alternativeRefreshRates=[]}], colorMode 0, supportedColorModes [0], hdrCapabilities null, allmSupported false, gameContentTypeSupported false, density 200, 200.0 x 200.0 dpi, appVsyncOff 0, presDeadline 16666666, touch NONE, rotation 0, type VIRTUAL, deviceProductInfo null, state OFF, owner com.oculus.systemux (uid 10037), frameRateOverride , brightnessMinimum 0.0, brightnessMaximum 0.0, brightnessDefault 0.0, FLAG_PRIVATE, FLAG_NEVER_BLANK, FLAG_OWN_CONTENT_ONLY}
12-30 03:11:04.350  1151  1174 I DisplayDeviceRepository: Display device changed: DisplayDeviceInfo{"com.oculus.android_panel_app.AndroidPanelLayer-toast": uniqueId="virtual:com.oculus.systemux,10037,com.oculus.android_panel_app.AndroidPanelLayer-toast,0", 460 x 1, modeId 249, defaultModeId 249, supportedModes [{id=249, width=460, height=1, fps=60.0, alternativeRefreshRates=[]}], colorMode 0, supportedColorModes [0], hdrCapabilities null, allmSupported false, gameContentTypeSupported false, density 200, 200.0 x 200.0 dpi, appVsyncOff 0, presDeadline 16666666, touch NONE, rotation 0, type VIRTUAL, deviceProductInfo null, state ON, owner com.oculus.systemux (uid 10037), frameRateOverride , brightnessMinimum 0.0, brightnessMaximum 0.0, brightnessDefault 0.0, FLAG_PRIVATE, FLAG_NEVER_BLANK, FLAG_OWN_CONTENT_ONLY}
12-30 03:11:04.353  1151  1172 V WindowManager: Display 119 state is now (2), so update layer mirroring?
12-30 03:11:04.372  1151  1174 I DisplayDeviceRepository: Display device changed: DisplayDeviceInfo{"com.oculus.android_panel_app.AndroidPanelLayer-toast": uniqueId="virtual:com.oculus.systemux,10037,com.oculus.android_panel_app.AndroidPanelLayer-toast,0", 460 x 1, modeId 249, defaultModeId 249, supportedModes [{id=249, width=460, height=1, fps=60.0, alternativeRefreshRates=[]}], colorMode 0, supportedColorModes [0], hdrCapabilities null, allmSupported false, gameContentTypeSupported false, density 200, 200.0 x 200.0 dpi, appVsyncOff 0, presDeadline 16666666, touch NONE, rotation 0, type VIRTUAL, deviceProductInfo null, state ON, owner com.oculus.systemux (uid 10037), frameRateOverride , brightnessMinimum 0.0, brightnessMaximum 0.0, brightnessDefault 0.0, FLAG_PRIVATE, FLAG_NEVER_BLANK, FLAG_OWN_CONTENT_ONLY}
12-30 03:11:04.380  1151  1174 I DisplayDeviceRepository: Display device changed: DisplayDeviceInfo{"com.oculus.android_panel_app.AndroidPanelLayer-toast": uniqueId="virtual:com.oculus.systemux,10037,com.oculus.android_panel_app.AndroidPanelLayer-toast,0", 460 x 1, modeId 249, defaultModeId 249, supportedModes [{id=249, width=460, height=1, fps=60.0, alternativeRefreshRates=[]}], colorMode 0, supportedColorModes [0], hdrCapabilities null, allmSupported false, gameContentTypeSupported false, density 200, 200.0 x 200.0 dpi, appVsyncOff 0, presDeadline 16666666, touch NONE, rotation 0, type VIRTUAL, deviceProductInfo null, state OFF, owner com.oculus.systemux (uid 10037), frameRateOverride , brightnessMinimum 0.0, brightnessMaximum 0.0, brightnessDefault 0.0, FLAG_PRIVATE, FLAG_NEVER_BLANK, FLAG_OWN_CONTENT_ONLY}
12-30 03:11:04.381  1151  1172 V WindowManager: Display 119 state is now (1), so update layer mirroring?
12-30 03:11:04.383  1151  1174 I DisplayDeviceRepository: Display device changed: DisplayDeviceInfo{"com.oculus.android_panel_app.AndroidPanelLayer-toast": uniqueId="virtual:com.oculus.systemux,10037,com.oculus.android_panel_app.AndroidPanelLayer-toast,0", 460 x 89, modeId 250, defaultModeId 250, supportedModes [{id=250, width=460, height=89, fps=60.0, alternativeRefreshRates=[]}], colorMode 0, supportedColorModes [0], hdrCapabilities null, allmSupported false, gameContentTypeSupported false, density 200, 200.0 x 200.0 dpi, appVsyncOff 0, presDeadline 16666666, touch NONE, rotation 0, type VIRTUAL, deviceProductInfo null, state OFF, owner com.oculus.systemux (uid 10037), frameRateOverride , brightnessMinimum 0.0, brightnessMaximum 0.0, brightnessDefault 0.0, FLAG_PRIVATE, FLAG_NEVER_BLANK, FLAG_OWN_CONTENT_ONLY}
12-30 03:11:04.386  1151  1172 I WindowManager: Override config changes=20000c00 {0.0 ?mcc?mnc ?localeList ?layoutDir sw71dp w368dp h71dp 200dpi smll land ?uimode ?night -touch -keyb/v/h -nav/h winConfig={ mBounds=Rect(0, 0 - 460, 89) mAppBounds=Rect(0, 0 - 460, 89) mMaxBounds=Rect(0, 0 - 460, 89) mWindowingMode=fullscreen mDisplayWindowingMode=fullscreen mActivityType=undefined mAlwaysOnTop=undefined mRotation=ROTATION_0} ?fontWeightAdjustment} for displayId=119
12-30 03:11:04.387  1151  1172 V WindowManager: Display 119 state is now (1), so update layer mirroring?
12-30 03:11:04.387  1151  1172 V WindowManager: Display 119 state is now (1), so update layer mirroring?
12-30 03:11:04.400  1151  1174 I DisplayDeviceRepository: Display device changed: DisplayDeviceInfo{"com.oculus.android_panel_app.AndroidPanelLayer-toast": uniqueId="virtual:com.oculus.systemux,10037,com.oculus.android_panel_app.AndroidPanelLayer-toast,0", 460 x 89, modeId 250, defaultModeId 250, supportedModes [{id=250, width=460, height=89, fps=60.0, alternativeRefreshRates=[]}], colorMode 0, supportedColorModes [0], hdrCapabilities null, allmSupported false, gameContentTypeSupported false, density 200, 200.0 x 200.0 dpi, appVsyncOff 0, presDeadline 16666666, touch NONE, rotation 0, type VIRTUAL, deviceProductInfo null, state OFF, owner com.oculus.systemux (uid 10037), frameRateOverride , brightnessMinimum 0.0, brightnessMaximum 0.0, brightnessDefault 0.0, FLAG_PRIVATE, FLAG_NEVER_BLANK, FLAG_OWN_CONTENT_ONLY}
12-30 03:11:04.401  1151  1174 I DisplayDeviceRepository: Display device changed: DisplayDeviceInfo{"com.oculus.android_panel_app.AndroidPanelLayer-toast": uniqueId="virtual:com.oculus.systemux,10037,com.oculus.android_panel_app.AndroidPanelLayer-toast,0", 460 x 89, modeId 250, defaultModeId 250, supportedModes [{id=250, width=460, height=89, fps=60.0, alternativeRefreshRates=[]}], colorMode 0, supportedColorModes [0], hdrCapabilities null, allmSupported false, gameContentTypeSupported false, density 200, 200.0 x 200.0 dpi, appVsyncOff 0, presDeadline 16666666, touch NONE, rotation 0, type VIRTUAL, deviceProductInfo null, state ON, owner com.oculus.systemux (uid 10037), frameRateOverride , brightnessMinimum 0.0, brightnessMaximum 0.0, brightnessDefault 0.0, FLAG_PRIVATE, FLAG_NEVER_BLANK, FLAG_OWN_CONTENT_ONLY}
12-30 03:11:04.420  1151  1172 V WindowManager: Display 119 state is now (2), so update layer mirroring?
12-30 03:11:04.889     0     0 E         : [drm:sde_encoder_lineptr_callback:4406] late lineptr, headroom -54
12-30 03:11:05.358  1661  3912 D OVRRemoteService: RemoteService::recordControllerStatusUpdate: device d3d05f47e2487092: status: CONNECTED_ACTIVE tracking: ORIENTATION, errors: --
12-30 03:11:05.919  1661  3912 D OVRRemoteService: RemoteService::recordControllerStatusUpdate: device d3d05f47e2487092: status: CONNECTED_ACTIVE tracking: POSITION, errors: --
12-30 03:11:05.880     0     0 W healthd : battery l=100 v=4272 t=21.0 h=2 st=5 c=-784179 fc=3749000 cc=3 chg=a
12-30 03:11:06.234  1661  3912 D OVRRemoteService: RemoteService::recordControllerStatusUpdate: device d3d05f47e2487092: status: CONNECTED_ACTIVE tracking: ORIENTATION, errors: --
12-30 03:11:06.239     0     0 W healthd : battery l=100 v=4272 t=21.0 h=2 st=4 c=-784179 fc=3749000 cc=3 chg=a
12-30 03:11:06.249     0     0 W healthd : battery l=99 v=4272 t=21.0 h=2 st=4 c=-784179 fc=3749000 cc=3 chg=a
12-30 03:11:07.083  1661  3912 D OVRRemoteService: RemoteService::recordControllerStatusUpdate: device d3d05f47e2487092: status: CONNECTED_ACTIVE tracking: POSITION, errors: --
12-30 03:11:07.006     0     0 E         : [drm:sde_encoder_lineptr_callback:4406] late lineptr, headroom -35
12-30 03:11:09.521  1151  9160 I DisplayDeviceRepository: Display device removed: DisplayDeviceInfo{"com.oculus.android_panel_app.AndroidPanelLayer-toast": uniqueId="virtual:com.oculus.systemux,10037,com.oculus.android_panel_app.AndroidPanelLayer-toast,0", 460 x 89, modeId 250, defaultModeId 250, supportedModes [{id=250, width=460, height=89, fps=60.0, alternativeRefreshRates=[]}], colorMode 0, supportedColorModes [0], hdrCapabilities null, allmSupported false, gameContentTypeSupported false, density 200, 200.0 x 200.0 dpi, appVsyncOff 0, presDeadline 16666666, touch NONE, rotation 0, type VIRTUAL, deviceProductInfo null, state ON, owner com.oculus.systemux (uid 10037), frameRateOverride , brightnessMinimum 0.0, brightnessMaximum 0.0, brightnessDefault 0.0, FLAG_PRIVATE, FLAG_NEVER_BLANK, FLAG_OWN_CONTENT_ONLY}
12-30 03:11:09.522  1151  9160 I LogicalDisplayMapper: Removing display: 119
12-30 03:11:09.564   952 12739 D TrackingService: haptic socket already exists
12-30 03:11:09.564   952 12739 D TrackingService: getSocket: com.oculus.vrshell
12-30 03:11:09.564   952 12739 I TrackingService: Unregistering client by ITrackingService.unregisterClient
12-30 03:11:09.565   952 12739 I TrackingService: Failed to unregister client because client not found in registered list
12-30 03:11:09.565   952 12739 I TrackingService: Unregistering client by ITrackingService.unregisterClient
12-30 03:11:09.565   952 12739 I TrackingService: Failed to unregister client because client not found in registered list
12-30 03:11:09.565   952 12739 I TrackingService: Unregistering client by ITrackingService.unregisterClient
12-30 03:11:09.565   952 12739 I TrackingService: Failed to unregister client because client not found in registered list
12-30 03:11:09.565   952 12739 I TrackingService: Unregistering client by ITrackingService.unregisterClient
12-30 03:11:09.565   952 12739 I TrackingService: Unregistering client by ITrackingService.unregisterClient
12-30 03:11:09.565   952 12739 I TrackingService: Failed to unregister client because client not found in registered list
12-30 03:11:09.565   952 12739 I TrackingService: Failed to unregister client because client not found in registered list
12-30 03:11:09.565   952 12739 I TrackingService: Failed to unregister client because client not found in registered list
12-30 03:11:09.565   952 12739 I TrackingService: Failed to unregister client because client not found in registered list
12-30 03:11:09.565   952 12739 I TrackingService: Failed to unregister client because client not found in registered list
12-30 03:11:09.565   952 12739 I TrackingService: Failed to unregister client because client not found in registered list
12-30 03:11:09.565   952 12739 I TrackingService: Failed to unregister client because client not found in registered list
12-30 03:11:09.565   952 12739 I TrackingService: Unregistering client by ITrackingService.unregisterClient
12-30 03:11:09.565   952 12739 I TrackingService: Failed to unregister client because client not found in registered list
12-30 03:11:09.565   952 12739 I TrackingService: Unregistering client by ITrackingService.unregisterClient
12-30 03:11:09.565   952 12739 I TrackingService: Failed to unregister client because client not found in registered list
12-30 03:11:09.565   952 12739 D TrackingService: unregister: com.oculus.vrshell
12-30 03:11:09.571   787  3906 E SyncBossHAL: [error  ] syncboss_hal_data_handlers.c(170): s:13 Invalid command call_status received: status: 0, sequence_id: 0, count: 1624
12-30 03:11:11.434   787  1051 E SyncBossHAL: [error  ] syncboss_hal_impl_input.c(1148): Pulsar connected devices state change: 2, host current time: 1703887871434ms
12-30 03:11:11.495   787  1053 I SyncBossHAL: [info   ] pulsar_manager.c(511): 9d17e7cexxxxxxxx: Configuring IR LED to ontime = 34, period = 40000, delay = -17
12-30 03:11:11.502   787  1053 I SyncBossHAL: [info   ] pulsar_manager.c(456): Finished getting cache data for controller
12-30 03:11:11.502   787  1053 I SyncBossHAL:     id            : 9d17e7cexxxxxxxx
12-30 03:11:11.502   787  1053 I SyncBossHAL:     pulsar_type   : 0x09001401
12-30 03:11:11.502   787  1053 I SyncBossHAL:     connection id : 0x2
12-30 03:11:11.502   787  1053 I SyncBossHAL:     fw ver        : 1.9.0
12-30 03:11:11.502   787  1053 I SyncBossHAL:     spl ver       : 1.5.1
12-30 03:11:11.502   787  1053 I SyncBossHAL:     serial        : 1WMHCL11FD2436
12-30 03:11:11.502   787  1053 I SyncBossHAL:     handedness    : left
12-30 03:11:11.502   787  1053 I SyncBossHAL:     battery state : 60%
12-30 03:11:11.502   787  1053 I SyncBossHAL: [info   ] pulsar_manager.c(473): Jedi-specific cache data:
12-30 03:11:11.502   787  1053 I SyncBossHAL:     captouch ver  : 1.9.0
12-30 03:11:11.506   787  3905 D SensorService: Syncboss input 9d17e7ce194bc1ec hardware type 4, subtype 1, revision 0x09
12-30 03:11:11.506   787  3905 I SensorService: preparePairedControllerInfo is adding device with valid 1
12-30 03:11:11.506   787  3905 D SensorService: Syncboss input d3d05f47e2487092 hardware type 4, subtype 2, revision 0x09
12-30 03:11:11.506   787  3905 I SensorService: preparePairedControllerInfo is adding device with valid 1
12-30 03:11:11.507   787  3905 D SensorService: stateChangeNotifierFunc(): Reporting controller info. Change token: 43, paired=2 connected=2
12-30 03:11:11.507  1661  3912 D OVRRemoteService: processStateChange([PairedControllerInfo JEDI 9d17e7ce194bc1ec connected mcnt=0])
12-30 03:11:11.509  1661  3912 D OVRRemoteService: RemoteService::recordControllerStatusUpdate: device 9d17e7ce194bc1ec: status: CONNECTED_ACTIVE tracking: NONE, errors: --
12-30 03:11:11.509  1661  3912 D OVRRemoteService: processStateChange([PairedControllerInfo JEDI d3d05f47e2487092 connected mcnt=0])
12-30 03:11:11.525   787  1102 D SensorService: Found paired controllers: 2
12-30 03:11:11.525   787  1102 D SensorService: Syncboss input 9d17e7ce194bc1ec hardware type 4, subtype 1, revision 0x09
12-30 03:11:11.525   787  1102 I SensorService: preparePairedControllerInfo is adding device with valid 1
12-30 03:11:11.525   787  1102 D SensorService: Syncboss input d3d05f47e2487092 hardware type 4, subtype 2, revision 0x09
12-30 03:11:11.525   787  1102 I SensorService: preparePairedControllerInfo is adding device with valid 1
12-30 03:11:11.526   952  3947 D TrackingService: Creating RemoteConstellationTrackedDevice
12-30 03:11:11.527   952  3947 I TrackingService: Registering primary controller 9d17e7ce194bc1ec in slot 1
12-30 03:11:11.527  1661  3912 D OVRRemoteService: RemoteService::recordControllerStatusUpdate: device 9d17e7ce194bc1ec: status: CONNECTED_ACTIVE tracking: NONE, errors: --
12-30 03:11:11.354     0     0 I input   : Device 0x9D17E7CE194BC1EC as /devices/virtual/input/input22
12-30 03:11:11.529   952  3947 D TrackingService: TrackingDataPostProcessor: Hand autotransition v2 GK enabled: 1
12-30 03:11:11.529   952  3947 D TrackingService: registerRemote: 9d17e7ce194bc1ec
12-30 03:11:11.533  1151  1172 V WindowManager: Display 118 state is now (2), so update layer mirroring?
12-30 03:11:11.539   787  3906 I SyncBossHAL: [info   ] syncboss_hal_input_controller.c(184): Controller 9d17e7cexxxxxxxx battery level changed: 0% -> 60%
12-30 03:11:11.544   787  3905 D SensorService: Syncboss input 9d17e7ce194bc1ec hardware type 4, subtype 1, revision 0x09
12-30 03:11:11.544   787  3905 I SensorService: preparePairedControllerInfo is adding device with valid 1
12-30 03:11:11.544   787  3905 D SensorService: Syncboss input d3d05f47e2487092 hardware type 4, subtype 2, revision 0x09
12-30 03:11:11.544   787  3905 I SensorService: preparePairedControllerInfo is adding device with valid 1
12-30 03:11:11.544   787  3905 D SensorService: stateChangeNotifierFunc(): Reporting controller info. Change token: 44, paired=2 connected=2
12-30 03:11:11.545  1661  3912 D OVRRemoteService: processStateChange([PairedControllerInfo JEDI 9d17e7ce194bc1ec connected mcnt=0])
12-30 03:11:11.545  1661  3912 D OVRRemoteService: processStateChange([PairedControllerInfo JEDI d3d05f47e2487092 connected mcnt=0])
12-30 03:11:11.546   952  3947 W TrackingService: Attempted to control leds, but gatekeeper is disabled. Skipping operation.
12-30 03:11:11.549  1661  3912 D OVRRemoteService: RemoteService::recordControllerStatusUpdate: device 9d17e7ce194bc1ec: status: CONNECTED_ACTIVE tracking: NONE, errors: --
12-30 03:11:11.559   787  3906 I SyncBossInput: [info   ] [jedi ( left) 9d17e7cexxxxxxxx]:       2 [info   ] {LOG }: Build Date: Feb 11 2022 Time: 16:54:08
12-30 03:11:11.590   952  3947 D TrackingService: 9d17e7ce194bc1ec: isControllerInHand(21326.58s): 1 ctEnabled: 1 btnPress: 1 btnOrTpdTouch(21326.58s): 1 btnOrTpdProx(21326.58s): 1 static(21326.58s): 1 thbstkOffCenter: 1 
12-30 03:11:11.590   952  3947 D TrackingService: [HANDTRACKING] Controller 9d17e7ce194bc1ec in hand: Y, valid: Y
12-30 03:11:11.597   787  3906 I SyncBossInput: [info   ] [jedi ( left) 9d17e7cexxxxxxxx]:       2 [info   ] {LOG }: Build flavor: USER
12-30 03:11:11.603  1661  3912 D OVRRemoteService: RemoteService::recordControllerStatusUpdate: device 9d17e7ce194bc1ec: status: CONNECTED_ACTIVE tracking: ORIENTATION, errors: --
12-30 03:11:11.635   787  3906 I SyncBossInput: [info   ] [jedi ( left) 9d17e7cexxxxxxxx]:       2 [info   ] {LOG }: RESET_REASON:
12-30 03:11:11.669   787  3906 I SyncBossInput: [info   ] [jedi ( left) 9d17e7cexxxxxxxx]:       2 [info   ] {LOG }:  --> SYSTEM_OFF
12-30 03:11:11.711   787  3906 I SyncBossInput: [info   ] [jedi ( left) 9d17e7cexxxxxxxx]:       2 [info   ] {LOG }: Lock state: locked
12-30 03:11:11.759   787  3906 I SyncBossInput: [info   ] [jedi ( left) 9d17e7cexxxxxxxx]:       3 [info   ] {WRLS}: Device paired with: 0x7718E38F
12-30 03:11:11.807   787  3906 I SyncBossInput: [info   ] [jedi ( left) 9d17e7cexxxxxxxx]:       3 [info   ] {TSDY}: Read user cal successfully
12-30 03:11:11.836  1661  3912 D OVRRemoteService: RemoteService::recordControllerStatusUpdate: device 9d17e7ce194bc1ec: status: CONNECTED_ACTIVE tracking: NONE, errors: --
12-30 03:11:11.842  1661  3912 D OVRRemoteService: RemoteService::recordControllerStatusUpdate: device 9d17e7ce194bc1ec: status: CONNECTED_ACTIVE tracking: ORIENTATION, errors: --
12-30 03:11:11.847   787  3906 I SyncBossInput: [info   ] [jedi ( left) 9d17e7cexxxxxxxx]:       3 [info   ] {TSDY}: updates: 0, flash writes: 1
12-30 03:11:11.880  1661  3912 D OVRRemoteService: RemoteService::recordControllerStatusUpdate: device 9d17e7ce194bc1ec: status: CONNECTED_ACTIVE tracking: POSITION, errors: --
12-30 03:11:11.905   787  3906 I SyncBossInput: [info   ] [jedi ( left) 9d17e7cexxxxxxxx]:       3 [info   ] {TSDY}: range:x_min:3270 x_max:11931 y_min:4139 y_max:13126
12-30 03:11:11.951   787  3906 I SyncBossInput: [info   ] [jedi ( left) 9d17e7cexxxxxxxx]:       3 [info   ] {TSDY}: db percent: inner:18, outer:6
12-30 03:11:12.015   787  3906 I SyncBossInput: [info   ] [jedi ( left) 9d17e7cexxxxxxxx]:       3 [info   ] {TS  }: recenter:xmin:3643,xmax:12303,ymin:3865,ymax:12851
12-30 03:11:12.063   787  3906 I SyncBossInput: [info   ] [jedi ( left) 9d17e7cexxxxxxxx]:       3 [info   ] {TRG }: Forward trigger range: 597 11970
12-30 03:11:12.113   787  3906 I SyncBossInput: [info   ] [jedi ( left) 9d17e7cexxxxxxxx]:       3 [info   ] {TRG }: Grip trigger range: 2958 13637
12-30 03:11:12.155   787  3906 I SyncBossInput: [info   ] [jedi ( left) 9d17e7cexxxxxxxx]:     103 [info   ] {CAPT}: Cap touch init
12-30 03:11:12.197   787  3906 I SyncBossInput: [info   ] [jedi ( left) 9d17e7cexxxxxxxx]:     105 [info   ] {IMU }: IMU model: ICM42686
12-30 03:11:12.241   787  3906 I SyncBossInput: [info   ] [jedi ( left) 9d17e7cexxxxxxxx]:     155 [info   ] {THDG}: UNSET -> active_seek
12-30 03:11:12.277   787  3906 I SyncBossInput: [info   ] [jedi ( left) 9d17e7cexxxxxxxx]:     155 [info   ] {APP }: Init complete
12-30 03:11:12.305   787  3906 I SyncBossInput: [info   ] [jedi ( left) 9d17e7cexxxxxxxx]:     179 [info   ] {APP }: Connected
12-30 03:11:12.349   787  3906 I SyncBossInput: [info   ] [jedi ( left) 9d17e7cexxxxxxxx]:     180 [info   ] {THDG}: active_seek -> active_connected
12-30 03:11:12.391   787  3906 I SyncBossInput: [info   ] [jedi ( left) 9d17e7cexxxxxxxx]:     797 [info   ] {HPTH}: Set haptics frequency to 0x2238
12-30 03:11:14.392     0     0 W healthd : battery l=100 v=4261 t=21.2 h=2 st=4 c=-846679 fc=3749000 cc=3 chg=a
12-30 03:11:14.607   787  3950 E FrameSetDispatcher: [HEADSET] Client pid=952 (IOT): Failed to read from receive FMQ for 6 packets in 5000ms.
12-30 03:11:14.607   787  3950 E FrameSetDispatcher: This probably means this client is taking more than 33 ms to process the frame.
12-30 03:11:14.607   787  3950 E FrameSetDispatcher: Retrying.
12-30 03:11:15.889     0     0 W healthd : battery l=100 v=4282 t=21.2 h=2 st=4 c=-645995 fc=3749000 cc=3 chg=a
12-30 03:11:16.444     0     0 W healthd : battery l=100 v=4282 t=21.2 h=2 st=4 c=-645995 fc=3749000 cc=3 chg=a
12-30 03:11:18.283     0     0 E         : [drm:sde_encoder_lineptr_callback:4406] late lineptr, headroom 29
12-30 03:11:22.540     0     0 W healthd : battery l=100 v=4269 t=21.5 h=2 st=4 c=-747069 fc=3749000 cc=3 chg=a
12-30 03:11:23.296     0     0 W healthd : battery l=100 v=4267 t=21.5 h=2 st=4 c=-752441 fc=3749000 cc=3 chg=a
12-30 03:11:24.452     0     0 E         : [drm:sde_encoder_lineptr_callback:4406] late lineptr, headroom 32
12-30 03:11:25.903     0     0 W healthd : battery l=100 v=4265 t=21.5 h=2 st=4 c=-792968 fc=3749000 cc=3 chg=a
12-30 03:11:28.008  1151  2522 W ProcessStats: Tracking association SourceState{edbec73 com.oculus.socialplatform/10064 BTopFgs #21213} whose proc state 2 is better than process ProcessState{5256945 com.oculus.qplservice/10043 pkg=com.oculus.qplservice} proc state 3 (139 skipped)
12-30 03:11:28.067  1151  9160 W ActivityManager: Package for pid 944: no process record found
12-30 03:11:28.069   952 12739 D TrackingService: getSharedMemory: com.oculus.vrshell#2710, HeadTracker
12-30 03:11:28.074   952 12739 D TrackingService: getSharedMemory: com.oculus.vrshell, Controller
12-30 03:11:28.611  1151  9160 I DisplayDeviceRepository: Display device added: DisplayDeviceInfo{"com.oculus.android_panel_app.AndroidPanelLayer-#main": uniqueId="virtual:com.oculus.systemux,10037,com.oculus.android_panel_app.AndroidPanelLayer-#main,1", 1280 x 800, modeId 251, defaultModeId 251, supportedModes [{id=251, width=1280, height=800, fps=60.0, alternativeRefreshRates=[]}], colorMode 0, supportedColorModes [0], hdrCapabilities null, allmSupported false, gameContentTypeSupported false, density 200, 200.0 x 200.0 dpi, appVsyncOff 0, presDeadline 16666666, touch NONE, rotation 0, type VIRTUAL, deviceProductInfo null, state OFF, owner com.oculus.systemux (uid 10037), frameRateOverride , brightnessMinimum 0.0, brightnessMaximum 0.0, brightnessDefault 0.0, FLAG_PRIVATE, FLAG_NEVER_BLANK, FLAG_OWN_CONTENT_ONLY}
12-30 03:11:28.612  1151  9160 I LogicalDisplayMapper: Applying layout: [{addr: {port=129, model=0x40446d9218dcf4}, dispId: 0(ON)}], Previous layout: [{addr: {port=129, model=0x40446d9218dcf4}, dispId: 0(ON)}]
