12-31 02:25:37.068  2710  2710 I [OAO] PanelAppConnection: verifyFirstPartyUID(Debug Signatures=false, uid=10037) => apkSignatureResult=SigCertInfo(isTrusted=true, packageNames=[com.oculus.systemux], fingerprint sha1=98a1809f3c3e79170e5df8135b500ecfa39df1be, fingerprint sha256=012f8165c191efe8fb0d6d4606aa4abac14d77d1d97d5340860c9f81045aa157, signature=308205cf308203b7a0030201020204097e91c1300d06092a864886f70d01010b0500308197310b3009060355040613025553311330110603550408130a43616c69666f726e6961311330110603550407130a4d656e6c6f205061726b31233021060355040a131a46616365626f6f6b20546563686e6f6c6f676965732c204c4c4331233021060355040b131a46616365626f6f6b20546563686e6f6c6f676965732c204c4c43311430120603550403130b4f63756c75732041707073301e170d3139303730343131333935315a170d3436313131393131333935315a308197310b3009060355040613025553311330110603550408130a43616c69666f726e6961311330110603550407130a4d656e6c6f205061726b31233021060355040a131a46616365626f6f6b20546563686e6f6c6f676965732c204c4c4331233021060355040b131a46616365626f6f6b20546563686e6f6c6f676965732c204c4c43311430120603550403130b4f63756c7573204170707330820222300d06092a864886f70d01010105000382020f003082020a0282020100b815642a5c201c8da044905dafbb06c05fddb75449cc75a716a0434da0493a52a4d60643532c237e76cb41d2c32a5e4474f12b37f632a809b5a5ceb8c6289ecf828e736b4ec452b1c2757bd0b5ed13eff5a7a47ab2ef6cdf60a8d749e9e8603f30d12b5db8f734c57578a2a4ce5ff5737c1f02c629d2dcb4f82726674663a699de94463ff370fa9eb48158831bf0b68bd6ec84293182d52e860bdd81bb9ce9cdd6a77fea0df25004da34d3cce7a31069646aa4628fba9ccb0952163793be9a4edf49a53f83179c2f44d8c87d6c129e8d590af0f3fced26201ee43b31fccd93b497cd198c5cd1f98d64c4f7ad79ca47278c02652d5dc072a99807e22f473f7bae4da2bafcae48cd49ad55a764b8d39f329f6175eac9074307deff48b1c4a6e19b748766617768c31a17feae8478eb7f9ebfb61af2b9f5a692b636342d7ebc53d7146626b51801b5a0a102e281475decdefb8683d0ca2843dc7aaeb6759bcab0dcba38db44f5d7f797a1c9c02dd159c0e3c72b14dc882d31c24ad8abee4ce0f7f0205e05efef551e2551a61e96636ed5dfd7435d3d24f5a130a12f10452cc954aa770d5d95e3e0cb9d7b05c5506a7947f8ff3437b3d82274fdaa156d85bfb7fbcb4fa5557080fedab86520b71d3d533e7bb3e7e3ebe9712b68e755d700b0afbf7595ffa80a6b3d90bfe599769138ee6515df415e32c0abed2b8e4aea1f47351f490203010001a321301f301d0603551d0e04160414a3c939e6b71c43bc9193f773c0351be1aff311f9300d06092a864886f70d01010b050003820201004e4c865231f2a3583c6af9488ecf9aa96b1ee84e2d7bfad00581537dc70c54ecfcf360e563d018efa4cdd77bf6fc4c9f1a20ebd4215cf1538686d4089bdcc8adb6ae4497ead14b0c18efd52ce93357019973e94e16b3326c60885b1bdc5f9cad1098f16732935876d8d19bda3ceeaaa69a83c4e2231710c6735f88abdfffe3dfa2be3f18f894923441b4e4a9c9664ed6294c16d7c073547063bfdbbefad184a001f1dce2feffdc96d10eb16a3bfbcd382cd297ca3b4edb7ebacd1a9931a1368a5157ceaebbca5b39bd5db5461a340db8ec076d38a94bcdd042bfb51388158ba97a49b631c1762fa746c7bb36eaf15cae23fa993cfb052e824f2ae173ea27b50a6cca91eb955f4faf131514757e5a3ecae9df6d23771279b7742f28fb9ce394eb9e03926f550716f1312355a5efdc479d8347b516cff55cb14307c81280142cacf2fd6562a2baacbfc97869272b1c51abf79121de8bab227e001313d4115eb9b33a332ebb34e290f14b5352ef1038f7a5f3740c9d1136b3526de4331deb4fa529c36a17c04c3e64d4f6ebda73d6e6e18281e3948fd11e685eab6611be1bc62839bce5962715e7f6537e6c083bcd3538d17407b26c850cd6b3f5e2149fdef027a6cfb7ed0f93c928aca14927b10c6a3f104ba1b10413af8b1868b84a004e5ddd065fff26a7bb3c818bb5a2d69aedf9441ef9033efae3ef52282a96f66d4b4ff3f2)
12-31 02:25:37.068  3209  3596 I MRSVC   : MIXEDREALITY: MrServiceController: VrFocusManager::Top Activity Changed, topActivity now is: 'com.oculus.os.clearactivity', immersiveApp now is: 'com.android.networkstack.inprocess'.
12-31 02:25:37.069  9166  9179 I PanelVerifier: verifyVrShellUID(Debug Signatures=false, uid=10025) => apkSignatureResult=SigCertInfo(isTrusted=true, packageNames=[com.oculus.vrshell], fingerprint sha1=331660b6dd3bd582f3dfd3cbae4546724668a021, fingerprint sha256=dc2f834e3c1942378b14f076c82cd1ab59ea6566bff4730b2047e98efc9f9daf, signature=3082038d30820275a00302010202041303858a300d06092a864886f70d01010b05003077310b3009060355040613025553310b3009060355040813024341311330110603550407130a4d656e6c6f205061726b31173015060355040a130e4f63756c75732056522c204c4c4331173015060355040b130e4f63756c75732056522c204c4c43311430120603550403130b4f63756c75732041707073301e170d3134313033303231343032315a170d3432303331373231343032315a3077310b3009060355040613025553310b3009060355040813024341311330110603550407130a4d656e6c6f205061726b31173015060355040a130e4f63756c75732056522c204c4c4331173015060355040b130e4f63756c75732056522c204c4c43311430120603550403130b4f63756c7573204170707330820122300d06092a864886f70d01010105000382010f003082010a0282010100a34c7fbd96dea95d811f21a0d760cabca85f2df5dbe19b62aca7a3e3e0b6e48f7e173345f2753c458d639cc2e222eeee4cfb5e89ac1c5060044414056709a43a7f1a6f1e4f2c3d708c48912634be08ad6da1fff92d9c0d4b85e4bc8a8b1c27de84c04eb1e6577c10693500af46beaf7bd2ce72a06a46f4e565859f242cecbef1a431ae8096db712cebe73840bacc64de6b99077ba1ca8c20e5d0b4870bd161f087abbf568dfef58e604068ca6f7cdea183c8681c306bc30cb223e7c5ce3a2fcf00d13e158475b3700ef62dcca46c57baecca4d91052e20b861a1a085d5fc8e99aed8c4a9cfd550d01e54ef5062133befcf7f9ea6a5a1d1575a72cd82279f34030203010001a321301f301d0603551d0e04160414ec7ccdaf8ccdc6dd1b87d4b561582ad8ec397b80300d06092a864886f70d01010b0500038201010014c557ecddc17ba8b979618036e7093b8e7307f624644532c31239f4dc83fd9424267ca7670fa9f78689cbc5bfd8a6312fdc214bd159d614a8753ceec0f2b2d9166217895b13c992e1d10ca625a3153dacfa51dbdb7fde139bd59510f5add29f88be3826b445ce7386dcf06577be72fbdf118fa81179091fad275981409e02d40422d8e86df5827a2c496a4b905b4825c3f1ba0af4cf509bf9b0d4d608cf0b4320ac60d1a8cbcc384de24f11a4c93c0fc5b887cbd6855871af1b1ef729c51a8a123efc6a627b6494e81a264587443b9156ad17772863c2f9685fae9c72a552b333f8ef2822bce5d4d178e45b3a8dd4e321924f6a5ba43f732971a9e74cbf0433), time=0 ms
12-31 02:25:37.069  9166  9166 D PanelAppClient: BEGIN: Initializing panel application via MSG_CREATE_PANEL_APP.
12-31 02:25:37.071  9166  9166 I AndroidPanelApp: Created
12-31 02:25:37.071  9166  9166 V LifecycleAwareViewModelStore: LifecycleAwareViewModelStore created
12-31 02:25:37.071  9166  9166 V LifecycleAwarePanelApp: PanelApp initial lifecycle started and moved from state INITIALIZED to state RESUMED
12-31 02:25:37.072  3209  3274 W PhaseSync: [PS_Ver_1_0] DiscardFrame is triggered, frame->Stage 2 FrameBeginIndex 128465 
12-31 02:25:37.072  3209  3274 I MRSVC   : MIXEDREALITY: OpenXrSupport: OpenXR qualified success: xrBeginFrame(clientState_.session, &beginFrameDesc): XR_FRAME_DISCARDED
12-31 02:25:37.072  3209  3274 I MRSVC   : MIXEDREALITY: MrServiceView: renderIteration: Hibernating the rendering thread since ID is off and no active PT layers.
12-31 02:25:37.072  3209  3274 I MRSVC   : MIXEDREALITY: MrServiceModelBase: Hibernating caller (most likely rendering thread) due to commandQueue being empty.
12-31 02:25:37.076  3180  3193 E AnalyticsEvent: could not set key=selection_args value=null
12-31 02:25:37.077  3180  3193 D CapabilitiesProvider: Capabilities Content Provider called content://com.oculus.identitymanagement.capabilities.contentprovider/account/activeuser/capabilities/com.oculus.capability.social.all, selection= null, selectionArgs=null, sortOrder= null
12-31 02:25:37.078  9166  9166 I [SUI] ConsumerConfiguration: Setting SystemUX Configuration and Policy Settings.
12-31 02:25:37.080  9166  9166 D [SUI] ActivityManagerUtilsHelper: Enabling the activity listener capability with initial foreground package com.oculus.os.clearactivity
12-31 02:25:37.080  9166  9166 I [SUI] AnytimeUIPanelApp: Creating AUI PanelApp, isInOverlay: true, instanceCount: 1
12-31 02:25:37.081  9166  9166 E QplClient: com.oculus.systemux: init() called multiple times.
12-31 02:25:37.081  9166  9166 I PresenceAPK(ServiceApiManager): Trying to bind to com.oculus.presence.services.presence.PresenceService service inside com.oculus.presence package.
12-31 02:25:37.082  9166  9166 D PresenceAPK(PresenceClient): setEventListener id=AnchoredHomeGroup
12-31 02:25:37.082  9166  9166 I PresenceAPK(GroupManager): addListener for id AnchoredHomeGroup
12-31 02:25:37.085  9166  9166 D [SUI] SystemUXBroadcastReceiver: requestCaptureState being sent
12-31 02:25:37.086  2020  2709 I OVRMediaService: onStartCommand Received message type: com.oculus.horizon.GET_CAPTURE_STATE_ACTION, caller package: no_app_identity, app identify: null
12-31 02:25:37.088  9166  9166 D [SUI] PinnedAppsModel: Initializing pinned apps
12-31 02:25:37.088  9166  9166 D [SUI] RecentAppsModel: Initializing recent apps
12-31 02:25:37.089  9166  9166 D [SUI] PanelAppBase: Acquiring viewModel DynamicAppsViewModel refCount: 1
12-31 02:25:37.089  9166  9166 D [SUI] RunningAppManager: Updated current destination - com.oculus.os.clearactivity
12-31 02:25:37.089  9166  9166 D [SUI] AppStateUtil: com.oculus.os.clearactivity is running= true
12-31 02:25:37.089  9166  9166 D [SUI] NuxAuiToast: Will not initialize NUX AUI Toast
12-31 02:25:37.089  9166  9166 D [SUI] NuxAuiToast: Setting has_seen_nux_aui_toast to true
12-31 02:25:37.089  9166  9166 I AndroidPanelApp: HideLayer(#main, shape: 1, shouldMinimizeLayer: false)
12-31 02:25:37.090  1151 12740 I DisplayDeviceRepository: Display device added: DisplayDeviceInfo{"com.oculus.android_panel_app.AndroidPanelLayer-#main": uniqueId="virtual:com.oculus.systemux,10037,com.oculus.android_panel_app.AndroidPanelLayer-#main,8", 1000 x 1250, modeId 759, defaultModeId 759, supportedModes [{id=759, width=1000, height=1250, fps=60.0, alternativeRefreshRates=[]}], colorMode 0, supportedColorModes [0], hdrCapabilities null, allmSupported false, gameContentTypeSupported false, density 200, 200.0 x 200.0 dpi, appVsyncOff 0, presDeadline 16666666, touch NONE, rotation 0, type VIRTUAL, deviceProductInfo null, state OFF, owner com.oculus.systemux (uid 10037), frameRateOverride , brightnessMinimum 0.0, brightnessMaximum 0.0, brightnessDefault 0.0, FLAG_PRIVATE, FLAG_NEVER_BLANK, FLAG_OWN_CONTENT_ONLY}
12-31 02:25:37.091  1151 12740 I LogicalDisplayMapper: Applying layout: [{addr: {port=129, model=0x40446d9218dcf4}, dispId: 0(ON)}], Previous layout: [{addr: {port=129, model=0x40446d9218dcf4}, dispId: 0(ON)}]
12-31 02:25:37.091  1151 12740 I LogicalDisplayMapper: Adding new display: 412: DisplayInfo{"com.oculus.android_panel_app.AndroidPanelLayer-#main", displayId 412", displayGroupId -1, FLAG_PRIVATE, real 1000 x 1250, largest app 1000 x 1250, smallest app 1000 x 1250, appVsyncOff 0, presDeadline 16666666, mode 759, defaultMode 759, modes [{id=759, width=1000, height=1250, fps=60.0, alternativeRefreshRates=[]}], hdrCapabilities null, userDisabledHdrTypes [], minimalPostProcessingSupported false, rotation 0, state OFF, type VIRTUAL, uniqueId "virtual:com.oculus.systemux,10037,com.oculus.android_panel_app.AndroidPanelLayer-#main,8", app 1000 x 1250, density 200 (200.0 x 200.0) dpi, layerStack 412, colorMode 0, supportedColorModes [0], deviceProductInfo null, owner com.oculus.systemux (uid 10037), removeMode 1, refreshRateOverride 0.0, brightnessMinimum 0.0, brightnessMaximum 0.0, brightnessDefault 0.0}
12-31 02:25:37.091  1151 12740 I LogicalDisplayMapper: Setting new display group 0 for display 412, from previous group: null
12-31 02:25:37.091  1151 12740 W DisplayPowerController[412]: Screen brightness nits configuration is unavailable; falling back
12-31 02:25:37.094  1151  1172 I InputDispatcher: Created monitor PointerEventDispatcher412 for display 412, gesture=false, pid=1151
12-31 02:25:37.097  9166 28213 D MediaCodecList: codecHandlesFormat: no format, so no extra checks
12-31 02:25:37.098  9166 28213 D MediaCodecList: codecHandlesFormat: no format, so no extra checks
12-31 02:25:37.099  1151  1172 I WindowManager: Override config changes=20005df8 {0.0 ?mcc?mnc ?localeList ?layoutDir sw800dp w800dp h1000dp 200dpi xlrg port ?uimode ?night -touch -keyb/v/h -nav/h winConfig={ mBounds=Rect(0, 0 - 1000, 1250) mAppBounds=Rect(0, 0 - 1000, 1250) mMaxBounds=Rect(0, 0 - 1000, 1250) mWindowingMode=fullscreen mDisplayWindowingMode=fullscreen mActivityType=undefined mAlwaysOnTop=undefined mRotation=ROTATION_0} ?fontWeightAdjustment} for displayId=412
12-31 02:25:37.100  9166 28217 D CCodec  : allocate(c2.android.vorbis.decoder)
12-31 02:25:37.105  9166 28217 I CCodec  : setting up 'default' as default (vendor) store
12-31 02:25:37.105  1151  1172 V WindowManager: Display 412 state is now (1), so update layer mirroring?
12-31 02:25:37.105   920   920 V C2Store : in init
12-31 02:25:37.105   920   920 V C2Store : loading dll
12-31 02:25:37.109  9166 28214 D MediaCodecList: codecHandlesFormat: no format, so no extra checks
12-31 02:25:37.109  9166 28217 I CCodec  : Created component [c2.android.vorbis.decoder]
12-31 02:25:37.110  9166 28214 D MediaCodecList: codecHandlesFormat: no format, so no extra checks
12-31 02:25:37.110  9166 28217 D CCodecConfig: read media type: audio/vorbis
12-31 02:25:37.110   952 27673 I Tracking: BOLT:HexagonTelemetry: Global DSP utilization: 5.23% (261 / 5002 ms), Scalar Util: 88.36%, HVX Util: 44.18%, HMX Util: 0.00%.
12-31 02:25:37.112  9166  9166 D [SUI] SurveyController: Constructing SurveyController
12-31 02:25:37.112  9166 28218 D CCodec  : allocate(c2.android.vorbis.decoder)
12-31 02:25:37.113  9166  9166 I [SUI] OVRAuthHelper: fetchAuthToken - start
12-31 02:25:37.114  9166 28216 W OVRLibrary: null cursor received for query content://com.oculus.ocms.library/apps/com.epicgames.AtomVR
12-31 02:25:37.114  9166 28218 I CCodec  : setting up 'default' as default (vendor) store
12-31 02:25:37.116  9166  9166 D [SUI] BarViewModel: Constructing BarViewModel
12-31 02:25:37.116  2710  2974 I [OAO] ShellAppBase: ResolveInteractionState: change from None to Rendering
12-31 02:25:37.116  2710  2974 I [OAO] ShellOverlayApp: EnterVrMode
12-31 02:25:37.116  2710  2974 I [OAO] VrPlatformOpenXr: Setting clock levels to cpu=2, gpu=4
12-31 02:25:37.116  2710  2974 I [OAO] VrPlatformOpenXr: Setting perf thread tids to main=2974, render=unset
12-31 02:25:37.116  2710  2974 I OpenXR  : ------------ xrBeginSession [start] -----------
12-31 02:25:37.116  2710  2974 I VrApi   : OVR::Stats thread Resume
12-31 02:25:37.116  2710  2974 I VrRuntimeClient: Tracing is disabled
12-31 02:25:37.116  2710  2974 I VrRuntimeClient: SysProp debug mode is disabled on Client side
12-31 02:25:37.116  2710  2974 I DRR     : Discrete Render Rotation is disabled
12-31 02:25:37.117  2710  2974 I VrRuntimeClient: DEVICE MODEL NUMBER = Quest 2
12-31 02:25:37.117  2710  2974 I VrRuntimeClient: DEVICE BUILD NAME = SQ3A.220605.009.A1
12-31 02:25:37.117  2710  2974 I VrRuntimeClient: DEVICE BUILD TYPE = user
12-31 02:25:37.117  2710  2974 I VrRuntimeClient: DEVICE OS VERSION = 12
12-31 02:25:37.117  2710  2974 I VrRuntimeClient: API LOADER VERSION = 1.0.29
12-31 02:25:37.117  2710  2974 I VrRuntimeClient: RUNTIME API VERSION = 1.0.29
12-31 02:25:37.117  2710  2974 I VrRuntimeClient: RUNTIME VERSION = 59.0.0.172.706 Nov  6 2023 00:25:46 RELEASE
12-31 02:25:37.117  2710  2974 I VrRuntimeClient: APP NAME = Oculus App Runtime
12-31 02:25:37.117  2710  2974 I VrRuntimeClient: APP VERSION = 59.0.0.172.706 versionCode 535797236 internalVersionName 59.0.0.172.706.64ce586c41bc 2023_11_09_18_27
12-31 02:25:37.117  2710  2974 I VrRuntimeClient: APP VR TYPE = vr_only
12-31 02:25:37.117  2710  2974 I VrRuntimeClient: APP MODE TYPE = VR
12-31 02:25:37.117  2710  2974 I VrRuntimeClient: APP PACKAGE NAME = com.oculus.vrshell
12-31 02:25:37.117  2710  2974 I VrRuntimeClient: APP ACTIVITY CLASS = com.oculus.vrshell.ShellApplication
12-31 02:25:37.117  2710  2974 I Sensor  : OSSDKTRACKING Initializing head tracking
12-31 02:25:37.117  2710  2974 D OsSdk   : TrackingServiceConnection ctor
12-31 02:25:37.117  2710  2974 I Sensor  : OSSDKTRACKING Head tracker != nullpointer 0x7d07ef3d38, 1
12-31 02:25:37.117  2710  2974 I Sensor  : OSSDKTRACKING Initializing controller tracking
12-31 02:25:37.117  2710  2974 I Sensor  : OSSDKTRACKING Controller tracker != nullpointer 0x7d29b45490, 1
12-31 02:25:37.121  2710  2974 I DeviceStatus: nativeHeadsetEvent(0)
12-31 02:25:37.121  9166 28217 D ReflectedParamUpdater: extent() != 1 for single value type: algo.buffers.max-count.values
12-31 02:25:37.122  2710  2974 I VrRuntimeClient: SetCompositorClientFeatureFlag ClientFeatureFlag 0 
12-31 02:25:37.122  2710  2974 I FaceEyeTrackingManagerHelpers: [FaceEyeTrackingManager] Audio FT GK: 0
12-31 02:25:37.122  2710  2974 I LogTimer: CPUTIME: VrRuntimeClient_BeginSession took 5.6501 ms
12-31 02:25:37.122  9166 28217 D ReflectedParamUpdater: extent() != 1 for single value type: output.subscribed-indices.values
12-31 02:25:37.123  2710  2974 I ClientInputSettings: HANDTRACKING: enabled input settings, setting hand mode control settings to ControllersOnly
12-31 02:25:37.123  2710  2974 I ClientInputInterface: DEADRECKONING SetControllerTrackingExtendedDeadreckoning 0
12-31 02:25:37.123  9166 28217 D ReflectedParamUpdater: extent() != 1 for single value type: input.buffers.allocator-ids.values
12-31 02:25:37.123  9166 28217 D ReflectedParamUpdater: extent() != 1 for single value type: output.buffers.allocator-ids.values
12-31 02:25:37.123  9166  9166 D UserAppScopedAuthHelper: Logging user in.
12-31 02:25:37.123  2732  3118 I VrRuntimeService: RuntimeServiceSDKServer::SetControllerTrackingExtendedDeadreckoning: 487993102
12-31 02:25:37.123  9166 28217 D ReflectedParamUpdater: extent() != 1 for single value type: algo.buffers.allocator-ids.values
12-31 02:25:37.123  2710  2974 I ClientInputSettings: HANDTRACKING package name is com.oculus.vrshell
12-31 02:25:37.123  9166  9166 D [SUI] PanelAppBase: Acquiring viewModel BarViewModel refCount: 1
12-31 02:25:37.123  9166  9166 D [SUI] StatusViewModel: Constructing ViewModel
12-31 02:25:37.123  9166  9220 D UserAppScopedAuthHelper: fetchUserInfo - start
12-31 02:25:37.123  9166  9220 I [SUI] OVRAuthHelper: fetchAuthToken - start
12-31 02:25:37.123  2710  2974 I ClientInputSettings: HANDTRACKING: Manifest Permission request for com.oculus.vrshell
12-31 02:25:37.123  2710  2974 I ClientInputSettings: HANDTRACKING:  'com.oculus.vrshell' Is hands or controller.
12-31 02:25:37.124  2710  2974 I ClientInputSettings: HANDTRACKING: feature flag set to 2
12-31 02:25:37.124  2710  2974 I ClientInputInterface: HANDTRACKING sethandmanifest 2
12-31 02:25:37.124  2710  2974 W InputHooksJava: Unable to enable input hooks on a non-Activity Context
12-31 02:25:37.124  2710  2974 I InputDeviceManager: ovrInputDeviceManager::Initialize
12-31 02:25:37.124  2710  2974 I HandPoseSampler: Setting samplerconfig enum 0
12-31 02:25:37.124  2710  2974 I HandPoseSampler: Setting samplerconfig enum 0
12-31 02:25:37.124  2710  2974 I HandPoseSampler: Setting samplerconfig enum 0
12-31 02:25:37.124  2710  2974 I HandPoseSampler: Setting samplerconfig enum 0
12-31 02:25:37.124  2710  2974 I HandPoseSampler: Setting samplerconfig enum 0
12-31 02:25:37.124  2710  2974 I InputDevice_Hand: BodyPoweredHands checkSysPropForBodyAPIOverride 0
12-31 02:25:37.124  2710  2974 I HandPoseSampler: Setting samplerconfig enum 0
12-31 02:25:37.124  2710  2974 I InputDevice_Hand: BodyPoweredHands checkSysPropForBodyAPIOverride 0
12-31 02:25:37.124  9166 28217 D ReflectedParamUpdater: extent() != 1 for single value type: output.buffers.pool-ids.values
12-31 02:25:37.124  9166 28218 I CCodec  : Created component [c2.android.vorbis.decoder]
12-31 02:25:37.126  9166 28217 D ReflectedParamUpdater: extent() != 1 for single value type: algo.buffers.pool-ids.values
12-31 02:25:37.126  9166  9220 D UserAppScopedAuthHelper: Successfully logged in.
12-31 02:25:37.126  2710  2974 D OsSdk   : TrackingServiceConnection registered
12-31 02:25:37.126  9166 28218 D CCodecConfig: read media type: audio/vorbis
12-31 02:25:37.128   952  1132 D TrackingService: getSharedMemory: com.oculus.vrshell, HeadTracker
12-31 02:25:37.128  2710  2974 I Distortion: Initializing Mesh Decenter Correction
12-31 02:25:37.129  9166  9166 I android_os_HwBinder: HwBinder: Starting thread pool for getting: vendor.oculus.hardware.battery@1.0::IBattery/default
12-31 02:25:37.131  9166 28217 I CCodecConfig: query failed after returning 7 values (BAD_INDEX)
12-31 02:25:37.131  9166 28217 D CCodecConfig: c2 config diff is Dict {
12-31 02:25:37.131  9166 28217 D CCodecConfig:   c2::u32 coded.bitrate.value = 64000
12-31 02:25:37.131  9166 28217 D CCodecConfig:   c2::u32 input.buffers.max-size.value = 32768
12-31 02:25:37.131  9166 28217 D CCodecConfig:   c2::u32 input.delay.value = 0
12-31 02:25:37.131  9166 28217 D CCodecConfig:   string input.media-type.value = "audio/vorbis"
12-31 02:25:37.131  9166 28217 D CCodecConfig:   string output.media-type.value = "audio/raw"
12-31 02:25:37.131  9166 28217 D CCodecConfig:   c2::u32 raw.channel-count.value = 1
12-31 02:25:37.131  9166 28217 D CCodecConfig:   c2::u32 raw.sample-rate.value = 48000
12-31 02:25:37.131  9166 28217 D CCodecConfig: }
12-31 02:25:37.131   952  1132 D TrackingService: getSharedMemory: com.oculus.vrshell, Controller
12-31 02:25:37.131  9166 28217 D MediaCodec: flushMediametrics
12-31 02:25:37.131  9166  9166 D [SUI] StatusViewModel: Initializing wifi status BroadcastReceiver
12-31 02:25:37.131  9166 28217 W mediametrics::Item: selfrecord: failed to record: {codec, (01-01 05:00:00.000), (, -1, -1), (android.media.mediacodec.codec=c2.android.vorbis.decoder, android.media.mediacodec.lifetimeMs=32, android.media.mediacodec.low-latency.first-frame=-1, android.media.mediacodec.low-latency.off=0, android.media.mediacodec.low-latency.on=0, android.media.mediacodec.mode=audio, android.media.mediacodec.secure=0)}
12-31 02:25:37.131  9166 28217 D CCodec  : [c2.android.vorbis.decoder] buffers are bound to CCodec for this session
12-31 02:25:37.131  9166 28217 D CCodecConfig: no c2 equivalents for durationUs
12-31 02:25:37.131  9166 28217 D CCodecConfig: no c2 equivalents for track-id
12-31 02:25:37.131  9166 28217 D CCodecConfig: no c2 equivalents for csd-1
12-31 02:25:37.131  9166 28217 D CCodecConfig: no c2 equivalents for channel-mask
12-31 02:25:37.131  9166 28217 D CCodecConfig: no c2 equivalents for flags
12-31 02:25:37.131  2710 28221 I InputDevice_TrackedRemote: REMOTE: Hand=1 IndexAnalog=0.00 GripAnalog=0.00 Buttons=0x00000000
12-31 02:25:37.131  2710 28221 I InputDevice_TrackedRemote: REMOTE: Hand=2 IndexAnalog=0.00 GripAnalog=0.00 Buttons=0x00000000
12-31 02:25:37.131  2710 28221 I InputDeviceManager: HANDTRACKING Pointer filter profile changed to: 0
12-31 02:25:37.131  2710 28221 I InputDeviceManager: HANDTRACKING Pointer filter profile changed to: 0
12-31 02:25:37.131  2710 28221 I InputDeviceManager: HANDTRACKING Root pose filter profile changed for freq to 5 from 0  inf: 1
12-31 02:25:37.131  2710 28221 I HandPoseSampler: Setting samplerconfig enum 5
12-31 02:25:37.131  2710 28221 I HandPoseSampler: Setting samplerconfig enum 5
12-31 02:25:37.132  9166  9166 D [SUI] StatusViewModel: Initialized wifi status BroadcastReceiver
12-31 02:25:37.132  9166  9166 D [SUI] StatusViewModel: Initializing bluetooth BroadcastReceiver
12-31 02:25:37.132   924  2990 I CalibrationStore: loading calibration file: calibration/display/screen_offset.json
12-31 02:25:37.133  2710  2974 I Distortion: SetLensPositions - iad=0.0629361, left offset=-9.24766e-05,-0.00144994, right offset=0.000372306,-0.00144805
12-31 02:25:37.133  2710  2974 I Distortion: Initializing Mesh Decenter Correction
12-31 02:25:37.133  9166  9166 D [SUI] StatusViewModel: Initialized bluetooth BroadcastReceiver
12-31 02:25:37.134  9166  9166 D [SUI] PanelAppBase: Acquiring viewModel StatusViewModel refCount: 1
12-31 02:25:37.134  9166  9166 D [SUI] ActiveCallBarViewModel: Constructing ActiveCallBarViewModel
12-31 02:25:37.134  9166  9166 I [SUI] PartiesCallBarViewModel: new ServicePresenceClient
12-31 02:25:37.134  9166  9166 E QplClient: com.oculus.systemux: init() called multiple times.
12-31 02:25:37.135  9166  9166 I PresenceAPK(ServiceApiManager): Trying to bind to com.oculus.presence.services.presence.PresenceService service inside com.oculus.presence package.
12-31 02:25:37.135   924  2990 I CalibrationStore: loading calibration file: calibration/display/screen_offset.json
12-31 02:25:37.135  9166 28217 D CCodecConfig: c2 config diff is   c2::u32 coded.bitrate.value = 120000
12-31 02:25:37.135  2710  2974 I Distortion: SetLensPositions - iad=0.0629361, left offset=-9.24766e-05,-0.00144994, right offset=0.000372306,-0.00144805
12-31 02:25:37.135  2710  2974 I PhaseSync: PhaseSync::PhaseSync PaddingLowerLimit 0.350000 StandardDeviations 2.000000 PaddingUpperLimit 0.750000 on instance 275
12-31 02:25:37.135  2710  2974 I VrRuntimeClient: PhaseSync Instance created
12-31 02:25:37.136  2732  3118 I VrRuntimeService: RuntimeServiceSDKServer::EnableRendering: 0x0, 0, com.oculus.vrshell:Overlay
12-31 02:25:37.136  2732  3118 I ClientMgr: EnableRendering2: invalid clientWindow, testing uid/pid
12-31 02:25:37.136  2732  3118 I ClientMgr: ClientMgr::EnableRendering 2710:com.oculus.vrshell : type 1 comp-id 2: enable
12-31 02:25:37.136  9166 28217 W Codec2Client: query -- param skipped: index = 1107298332.
12-31 02:25:37.136  2732  3118 I CompositorClientMgr: Enable client 2
12-31 02:25:37.136  2732  3118 I VrRuntimeServer: EnableCompositorClient client(2): layer placement(2147483775) flags(0) sm(0x7e56940010)
12-31 02:25:37.136  9166 28217 D CCodec  : setup formats input: AMessage(what = 0x00000000) = {
12-31 02:25:37.136  9166 28217 D CCodec  :   int32_t bitrate = 120000
12-31 02:25:37.136  9166 28217 D CCodec  :   int32_t channel-count = 1
12-31 02:25:37.136  9166 28217 D CCodec  :   int32_t max-input-size = 32768
12-31 02:25:37.136  9166 28217 D CCodec  :   string mime = "audio/vorbis"
12-31 02:25:37.136  9166 28217 D CCodec  :   int32_t sample-rate = 48000
12-31 02:25:37.136  9166 28217 D CCodec  : }
12-31 02:25:37.136  2732  3118 I CompositorVR: CheckDebuggerConnected: debugger 0
12-31 02:25:37.136  9166 28217 D CCodec  : setup formats output: AMessage(what = 0x00000000) = {
12-31 02:25:37.136  9166 28217 D CCodec  :   int32_t channel-count = 1
12-31 02:25:37.136  9166 28217 D CCodec  :   string mime = "audio/raw"
12-31 02:25:37.136  9166 28217 D CCodec  :   int32_t sample-rate = 48000
12-31 02:25:37.136  9166 28217 D CCodec  :   int32_t channel-mask = 1
12-31 02:25:37.136  9166 28217 D CCodec  : }
12-31 02:25:37.136  2732  3118 I VrRuntimeServer: SysProp debug mode is disabled on Server side
12-31 02:25:37.136  2732  3118 I UnifiedTelemetryWrapper: Started UT session render:com.oculus.vrshell:Overlay
12-31 02:25:37.136  9166 28217 I CCodecConfig: query failed after returning 7 values (BAD_INDEX)
12-31 02:25:37.136  9166  9166 D PresenceAPK(PresenceClient): setEventListener id=SystemCallGroup
12-31 02:25:37.136  9166  9166 I PresenceAPK(GroupManager): addListener for id SystemCallGroup
12-31 02:25:37.136  9166  9166 D [SUI] MessengerCallBarViewModel: constructing MessengerCallBarViewModel
12-31 02:25:37.136  9166  9166 D [SUI] MessengerCallViewModel: constructing MessengerCallViewModel, instance count:90
12-31 02:25:37.136  2710  2974 I VrApi   : OVR::Stats thread started
12-31 02:25:37.136  2710  2974 I XrRuntimeUtils: XrRuntimeUtils::BeginSession
12-31 02:25:37.136  2710  2974 I XrRuntimeSystem_Client: BeginSession
12-31 02:25:37.136  2710  2974 I [CT]    : MIXEDREALITY: TREX: Resuming Insight MR session.
12-31 02:25:37.137  9166  9166 D HyperspaceAidlClientJni: initInternal - start
12-31 02:25:37.137  9166  9166 D HyperspaceAidlClientJni: initInternal - finish
12-31 02:25:37.137  2710  2974 I OpenXR  : usesManifestForCpuBoost:0
12-31 02:25:37.137  2710  2974 I OpenXR  : ------------ xrBeginSession [end] -----------
12-31 02:25:37.137  2710  2974 I OpenXR_Passthrough: ------------ xrPassthroughStartFB -----------
12-31 02:25:37.137  2732  3056 I VrRuntimeServer: UpdateCompositorClientApertureMask client(2)
12-31 02:25:37.137  2732  3056 I VrRuntimeServer: UpdateCompositorClientLayerPlacement client(2): layer placement(2147483775)
12-31 02:25:37.137  2732  3056 I VrRuntimeServer: UpdateCompositorClientApertureMask client(5)
12-31 02:25:37.137  2144 27495 I VrApi   : FPS=2/0,Prd=0ms,Tear=0,Early=0,Stale=0,Stale2/5/10/max=0/0/0/0,VSnc=0,Lat=-1,Fov=0,CPU4/GPU=5/3,1478/490MHz,OC=FF,TA=0/F/0,SP=N/N/N,Mem=1353MHz,Free=2617MB,PLS=0,Temp=30.2C/0.0C,TW=1.06ms,App=-47.57ms,GD=0.00ms,CPU&GPU=0.00ms,LCnt=1(DR0,LM0),GPU%=0.12,CPU%=0.14(W0.15),DSF=1.00,CFL=11.93/17.75,ICFLp95=15.37,LD=0,SF=0.00,LP=0,DVFS=0
12-31 02:25:37.137  2732  3056 I VrRuntimeServer: UpdateCompositorClientLayerPlacement client(5): layer placement(4294967293)
12-31 02:25:37.137  2732  3056 I VrRuntimeServer: UpdateCompositorClientApertureMask client(39)
12-31 02:25:37.137  2732  3056 I VrRuntimeServer: UpdateCompositorClientLayerPlacement client(39): layer placement(128)
12-31 02:25:37.137  2732  3056 I VrRuntimeServer: UpdateCompositorClientApertureMask client(4)
12-31 02:25:37.137  2732  3056 I VrRuntimeServer: UpdateCompositorClientLayerPlacement client(4): layer placement(129)
12-31 02:25:37.137  9166  9166 I PresenceAPK(HyperspaceNativeServiceApiManager): Trying to bind to com.oculus.presence.services.persistent.PresencePersistentService service inside com.oculus.presence package.
12-31 02:25:37.137  2732  3056 I VrRuntimeServer: UpdateCompositorClientApertureMask client(3)
12-31 02:25:37.137  2732  3056 I VrRuntimeServer: UpdateCompositorClientLayerPlacement client(3): layer placement(128)
12-31 02:25:37.138  3209  3330 I MRSVC   : MIXEDREALITY: MrFeatureStatus: Passthrough: Client 487993102 status changed from Paused to Started.
12-31 02:25:37.138  3209  3330 I MRSVC   : MIXEDREALITY: MrFeatureStatus: Passthrough: Target status Started, CurrentStatus: Paused
12-31 02:25:37.138  3209  3330 I MRSVC   : MIXEDREALITY: MrFeatureStatus: Operation chain: Start
12-31 02:25:37.138  3209  3330 I MRSVC   : MIXEDREALITY: MrFeatureStatus: Passthrough: Global status changed from Paused to Started.
12-31 02:25:37.138  3209  3330 I MRSVC   : MIXEDREALITY: MrServiceController: Queuing command linked to operation Start for feature 0, client 487993102
12-31 02:25:37.138  2710  2974 I [OAO] ShellTransitionState: Logging ShellTransitionState to dumpsys: {"state":"Foregrounding","timeMillis":"75400197"}
12-31 02:25:37.138  2710  2974 I [OAO] VrPlatformOpenXr: VrPlatformOpenXr::SetPropInhibitHandleHomeKey inhibit:1
12-31 02:25:37.138  2710  2974 I OpenXR_DeviceSettings: ------------ xrSetDeviceSettingBooleanFB -----------
12-31 02:25:37.138  2710  2974 I ClientInputSettings: SetInhibitHandleHomeKey = true for com.oculus.vrshell
12-31 02:25:37.138  2710  2974 I ClientInputInterface: SetInhibitHandleHomeKey 1 for process com.oculus.vrshell 2710
12-31 02:25:37.138  2710  2974 I [OAO] VrPlatformOpenXr: VrPlatformOpenXr::SetPropInhibitHandleHomeKey result = 0
12-31 02:25:37.138  2710  2974 I [OAO] Compositor: EnterVrMode with eye buffer: 1024x1024 : 2
12-31 02:25:37.138  2710  2974 I [OAO] AudioMixer: Enabling AudioPlayer.
12-31 02:25:37.138  2710  2974 I [OAO] AudioEngine: virtual void AudioLibrary::AudioEngine::EnablePlayer()
12-31 02:25:37.139  9166  9166 D [SUI] MessengerCallViewModel: hyperspace client created
12-31 02:25:37.139  2732 27750 I CompositorVR: LatchWarpClients: Multiple Primary Clients detected. Skipping frames for 3
12-31 02:25:37.139  9166  9166 D [SUI] PanelAppBase: Acquiring viewModel MessengerCallViewModel refCount: 1
12-31 02:25:37.139  9166  9166 D [SUI] MessengerCallViewModel: registerObserver
12-31 02:25:37.139  9166  9166 D [SUI] AndroidCallBarViewModel: constructing AndroidCallBarViewModel
12-31 02:25:37.139  9166  9166 D [SUI] PanelAppBase: Acquiring viewModel ActiveCallBarViewModel refCount: 1
12-31 02:25:37.139  2710  2974 I [OAO] LocalSpace: EnterVrMode: Setting local pose state.
12-31 02:25:37.139  2710  2974 I [OAO] ShellTransitionState: Logging ShellTransitionState to dumpsys: {"state":"Resuming frame loop","timeMillis":"75400198"}
12-31 02:25:37.140  2710 28223 I JniUtils: ovr_GetCurrentPackageSignature 
12-31 02:25:37.140  2710 28223 I Metrics : device name = Oculus Quest 2
12-31 02:25:37.140  9166  9166 D [SUI] SystemStatusView: Initializing System Status
12-31 02:25:37.142  9166  9166 D [SUI] SocialViewModel: Constructing ViewModel
12-31 02:25:37.142  9166  9166 D [SUI] PanelAppBase: Acquiring viewModel SocialViewModel refCount: 1
12-31 02:25:37.142  9166  9166 D [SUI] StatusViewModel: Constructing ViewModel
12-31 02:25:37.143  9166 28217 W Codec2Client: query -- param skipped: index = 1342179345.
12-31 02:25:37.143  9166 28217 W Codec2Client: query -- param skipped: index = 2415921170.
12-31 02:25:37.145  9166  9166 I android_os_HwBinder: HwBinder: Starting thread pool for getting: vendor.oculus.hardware.battery@1.0::IBattery/default
12-31 02:25:37.145   920 21997 D BufferPoolAccessor2.0: bufferpool2 0xb4000075eea5d428 : 0(0 size) total buffers - 0(0 size) used buffers - 45/49 (recycle/alloc) - 4/48 (fetch/transfer)
12-31 02:25:37.145   920  2977 D BufferPoolAccessor2.0: bufferpool2 0xb4000075eea6b228 : 0(0 size) total buffers - 0(0 size) used buffers - 73/80 (recycle/alloc) - 8/79 (fetch/transfer)
12-31 02:25:37.146   920 21997 D BufferPoolAccessor2.0: Destruction - bufferpool2 0xb4000075eea5d428 cached: 0/0M, 0/0% in use; allocs: 49, 92% recycled; transfers: 48, 92% unfetched
12-31 02:25:37.146  9166 28217 D CCodecBufferChannel: [c2.android.vorbis.decoder#94] Created input block pool with allocatorID 16 => poolID 373 - OK (0)
12-31 02:25:37.146   920 21997 D BufferPoolAccessor2.0: bufferpool2 0xb4000075eea6b628 : 0(0 size) total buffers - 0(0 size) used buffers - 80/85 (recycle/alloc) - 7/84 (fetch/transfer)
12-31 02:25:37.146   920  8866 D BufferPoolAccessor2.0: bufferpool2 0xb4000075eea6ba28 : 0(0 size) total buffers - 0(0 size) used buffers - 81/85 (recycle/alloc) - 7/84 (fetch/transfer)
12-31 02:25:37.146   920  8866 D BufferPoolAccessor2.0: Destruction - bufferpool2 0xb4000075eea6ba28 cached: 0/0M, 0/0% in use; allocs: 85, 95% recycled; transfers: 84, 92% unfetched
12-31 02:25:37.147   920  2977 D BufferPoolAccessor2.0: Destruction - bufferpool2 0xb4000075eea6b228 cached: 0/0M, 0/0% in use; allocs: 80, 91% recycled; transfers: 79, 90% unfetched
12-31 02:25:37.147  9166  9166 D [SUI] StatusViewModel: Initializing wifi status BroadcastReceiver
12-31 02:25:37.148  9166  9166 D [SUI] StatusViewModel: Initialized wifi status BroadcastReceiver
12-31 02:25:37.148  9166  9166 D [SUI] StatusViewModel: Initializing bluetooth BroadcastReceiver
12-31 02:25:37.148  9166  9166 D [SUI] StatusViewModel: Initialized bluetooth BroadcastReceiver
12-31 02:25:37.149  9166 28217 I CCodecBufferChannel: [c2.android.vorbis.decoder#94] Created output block pool with allocatorID 16 => poolID 878 - OK
12-31 02:25:37.149  9166 28217 D CCodecBufferChannel: [c2.android.vorbis.decoder#94] Configured output block pool ids 878 => OK
12-31 02:25:37.150  9166  9166 D [SUI] PanelAppBase: Acquiring viewModel SystemStatusViewModel refCount: 1
12-31 02:25:37.150  9166 28218 D ReflectedParamUpdater: extent() != 1 for single value type: algo.buffers.max-count.values
12-31 02:25:37.150   884 24020 D BufferPoolAccessor2.0: bufferpool2 0xed4e9e18 : 0(0 size) total buffers - 0(0 size) used buffers - 9/17 (recycle/alloc) - 8/30 (fetch/transfer)
12-31 02:25:37.150   884 24020 D BufferPoolAccessor2.0: Destruction - bufferpool2 0xed4e9e18 cached: 0/0M, 0/0% in use; allocs: 17, 53% recycled; transfers: 30, 73% unfetched
12-31 02:25:37.150  9166  9166 D [SUI] SocialViewModel: registerObserver(): SystemStatusView$$ExternalSyntheticLambda9
12-31 02:25:37.150   920  8866 D BufferPoolAccessor2.0: bufferpool2 0xb4000075eea6b828 : 0(0 size) total buffers - 0(0 size) used buffers - 74/80 (recycle/alloc) - 7/79 (fetch/transfer)
12-31 02:25:37.150  9166  9166 D [SUI] SystemStatusView: Initialized System Status
12-31 02:25:37.151  9166  9166 D [SUI] PanelAppBase: Acquiring viewModel DynamicAppsViewModel refCount: 2
12-31 02:25:37.151  9166  9166 D [SUI] DynamicAppsView: Initializing DynamicAppsView on AUI bar
12-31 02:25:37.151  9166  9166 D [SUI] BarView: Initialized parties call bar
12-31 02:25:37.151  9166  9166 D [SUI] MessengerCallViewModel: registerObserver
12-31 02:25:37.151  9166  9166 D [SUI] BarView: Initialized messenger call bar
12-31 02:25:37.151  9166  9166 D [SUI] BarView: Initialized android call bar
12-31 02:25:37.151  9166  9166 V [SUI] BarView: Subscribing to notifications badge live data
12-31 02:25:37.151  9166  9166 D NotificationsBadgeLiveData: Initialized NotificationsBadgeLiveData
12-31 02:25:37.151  9166  9166 V [SUI] BarView: Notifs badge count: 0, Messenger badge count 0
12-31 02:25:37.151  9166  9166 V [SUI] BarView: Subscribing to online friend badge live data
12-31 02:25:37.151  9166  9166 D FollowUserOnlineRepo: Online follow user check for the badge has been started
12-31 02:25:37.151  9166  9166 D [SUI] SurveyController: Constructing SurveyController
12-31 02:25:37.151  9166 28218 D ReflectedParamUpdater: extent() != 1 for single value type: output.subscribed-indices.values
12-31 02:25:37.150  2321  2321 D [SEO] ShellControlBroadcastReceiver: onReceive with VR Client native pointer 540211571584, action com.oculus.systemactivities.CAPTURE_STATE_UPDATE
12-31 02:25:37.152   920  8866 D BufferPoolAccessor2.0: Destruction - bufferpool2 0xb4000075eea6b828 cached: 0/0M, 0/0% in use; allocs: 80, 93% recycled; transfers: 79, 91% unfetched
12-31 02:25:37.152  9166  9166 I [SUI] OVRAuthHelper: fetchAuthToken - start
12-31 02:25:37.152   920 15317 D BufferPoolAccessor2.0: bufferpool2 0xb4000075eea7b228 : 0(0 size) total buffers - 0(0 size) used buffers - 47/51 (recycle/alloc) - 4/50 (fetch/transfer)
12-31 02:25:37.146   920   920 D BufferPoolAccessor2.0: bufferpool2 0xb4000075eea7b828 : 0(0 size) total buffers - 0(0 size) used buffers - 47/51 (recycle/alloc) - 4/50 (fetch/transfer)
12-31 02:25:37.152   920 15317 D BufferPoolAccessor2.0: Destruction - bufferpool2 0xb4000075eea7b228 cached: 0/0M, 0/0% in use; allocs: 51, 92% recycled; transfers: 50, 92% unfetched
12-31 02:25:37.153  2710  2974 I [OAO] DisplayStatePreservationController: Applied preserved state by adapter: taskBarPositionAdapter
12-31 02:25:37.153   920 28219 D SimpleC2Component: Using output block pool with poolID 878 => got 878 - 0
12-31 02:25:37.153   920   920 D BufferPoolAccessor2.0: Destruction - bufferpool2 0xb4000075eea7b828 cached: 0/0M, 0/0% in use; allocs: 51, 92% recycled; transfers: 50, 92% unfetched
12-31 02:25:37.153  9166 28218 D ReflectedParamUpdater: extent() != 1 for single value type: input.buffers.allocator-ids.values
12-31 02:25:37.153  2710  2974 I [OAO] InputManager: Adding hand deviceId = 4
12-31 02:25:37.153  2710  2974 I [OAO] InputManager: Adding hand deviceId = 3
12-31 02:25:37.153  2710  2974 I [OAO] InputManager: Adding controller deviceId = 2
12-31 02:25:37.153  9166  9166 D [SUI] BarView: Initialized BarView
12-31 02:25:37.153  2710  2974 I [OAO] InputManager: Adding controller deviceId = 1
12-31 02:25:37.154  9166  9166 D OCPanelBackgroundDrawable: updateBorderRadius with type: All, value: 25
12-31 02:25:37.154  2710  2974 I ClientInputTrackedKeyboardManager: TRACKEDKEYBOARD created PTKServiceClient
12-31 02:25:37.154  2710  2974 I PTKService: PTKServiceClient Init
12-31 02:25:37.154  1151 27411 I RuntimeIpcHelperService: Going to start ComponentInfo{com.oculus.vrshell/com.oculus.vrshell.ShellOverlayService} as background
12-31 02:25:37.154  9166 28218 D ReflectedParamUpdater: extent() != 1 for single value type: output.buffers.allocator-ids.values
12-31 02:25:37.155  2710  2710 I [OAO] ShellOverlayService: onStartCommand(): Intent { cmp=com.oculus.vrshell/.ShellOverlayService }
12-31 02:25:37.155  2710  2974 I RuntimeIPCClient [RUNTIMEIPC]: ConnectToServer: SUCCESS: Client: com.oculus.vrshell:com.oculus.vrshell:Overlay:2710, Server: com.oculus.vrshell:com.oculus.vrshell:Overlay (ptkserviceserver)
12-31 02:25:37.155  9166 28218 D ReflectedParamUpdater: extent() != 1 for single value type: algo.buffers.allocator-ids.values
12-31 02:25:37.156  9166 28218 D ReflectedParamUpdater: extent() != 1 for single value type: output.buffers.pool-ids.values
12-31 02:25:37.156   920 15317 D BufferPoolAccessor2.0: bufferpool2 0xb4000075eea6b428 : 0(0 size) total buffers - 0(0 size) used buffers - 46/49 (recycle/alloc) - 3/48 (fetch/transfer)
12-31 02:25:37.156   920 15317 D BufferPoolAccessor2.0: Destruction - bufferpool2 0xb4000075eea6b428 cached: 0/0M, 0/0% in use; allocs: 49, 94% recycled; transfers: 48, 94% unfetched
12-31 02:25:37.156  2710  2974 I [OAO] InputManager: Switching primary device (id -1 to 2).
12-31 02:25:37.156  2710  2974 I [OAO] InputManager: Switching secondary device (id to 1).
12-31 02:25:37.156   920 21997 D BufferPoolAccessor2.0: Destruction - bufferpool2 0xb4000075eea6b628 cached: 0/0M, 0/0% in use; allocs: 85, 94% recycled; transfers: 84, 92% unfetched
12-31 02:25:37.157  9166 28218 D ReflectedParamUpdater: extent() != 1 for single value type: algo.buffers.pool-ids.values
12-31 02:25:37.158  2710 28226 I FenceChecker: FenceChecker::MainLoop - started
12-31 02:25:37.159  3209  3274 W PhaseSync: [PS_Ver_1_0] DiscardFrame is triggered, frame->Stage 2 FrameBeginIndex 128466 
12-31 02:25:37.160  9166 28218 I CCodecConfig: query failed after returning 7 values (BAD_INDEX)
12-31 02:25:37.160  9166 28218 D CCodecConfig: c2 config diff is Dict {
12-31 02:25:37.160  9166 28218 D CCodecConfig:   c2::u32 coded.bitrate.value = 64000
12-31 02:25:37.160  9166 28218 D CCodecConfig:   c2::u32 input.buffers.max-size.value = 32768
12-31 02:25:37.160  9166 28218 D CCodecConfig:   c2::u32 input.delay.value = 0
12-31 02:25:37.160  9166 28218 D CCodecConfig:   string input.media-type.value = "audio/vorbis"
12-31 02:25:37.160  9166 28218 D CCodecConfig:   string output.media-type.value = "audio/raw"
12-31 02:25:37.160  9166 28218 D CCodecConfig:   c2::u32 raw.channel-count.value = 1
12-31 02:25:37.160  9166 28218 D CCodecConfig:   c2::u32 raw.sample-rate.value = 48000
12-31 02:25:37.160  9166 28218 D CCodecConfig: }
12-31 02:25:37.160  2710  2974 I OpenXR  : PostSessionStateChange: XR_SESSION_STATE_READY -> XR_SESSION_STATE_SYNCHRONIZED
12-31 02:25:37.160  2710  2974 I Deque   : AddEventToQueue called. eventInfo.type: 18, eventInfo.next: 1
12-31 02:25:37.160  2710  2974 I [OAO] VrPlatformOpenXr: xrPollEvent: received XR_TYPE_EVENT_DATA_SESSION_STATE_CHANGED: 3 for session 0x200000000000002 at time 75400.219424
12-31 02:25:37.160  2710  2974 I [OAO] VrPlatformOpenXr: Session state changed XR_SESSION_STATE_SYNCHRONIZED
12-31 02:25:37.160  2710  2974 I OpenXR  : PostSessionStateChange: XR_SESSION_STATE_SYNCHRONIZED -> XR_SESSION_STATE_VISIBLE
12-31 02:25:37.160  2710  2974 I Deque   : AddEventToQueue called. eventInfo.type: 18, eventInfo.next: 1
12-31 02:25:37.160  2710  2974 I OpenXR  : PostSessionStateChange: XR_SESSION_STATE_VISIBLE -> XR_SESSION_STATE_FOCUSED
12-31 02:25:37.160  2710  2974 I Deque   : AddEventToQueue called. eventInfo.type: 18, eventInfo.next: 1
12-31 02:25:37.160  9166 28218 D MediaCodec: flushMediametrics
12-31 02:25:37.160  2710  2974 I [OAO] VrPlatformOpenXr: xrPollEvent: received XR_TYPE_EVENT_DATA_SESSION_STATE_CHANGED: 4 for session 0x200000000000002 at time 75400.219494
12-31 02:25:37.160  2710  2974 I [OAO] VrPlatformOpenXr: Session state changed XR_SESSION_STATE_VISIBLE
12-31 02:25:37.160  9166 28218 W mediametrics::Item: selfrecord: failed to record: {codec, (01-01 05:00:00.000), (, -1, -1), (android.media.mediacodec.codec=c2.android.vorbis.decoder, android.media.mediacodec.lifetimeMs=50, android.media.mediacodec.low-latency.first-frame=-1, android.media.mediacodec.low-latency.off=0, android.media.mediacodec.low-latency.on=0, android.media.mediacodec.mode=audio, android.media.mediacodec.secure=0)}
12-31 02:25:37.160  2710  2974 I [OAO] VrPlatformOpenXr: xrPollEvent: received XR_TYPE_EVENT_DATA_SESSION_STATE_CHANGED: 5 for session 0x200000000000002 at time 75400.219509
12-31 02:25:37.160  2710  2974 I [OAO] VrPlatformOpenXr: Session state changed XR_SESSION_STATE_FOCUSED
12-31 02:25:37.160  9166 28218 D CCodec  : [c2.android.vorbis.decoder] buffers are bound to CCodec for this session
12-31 02:25:37.160  9166 28218 D CCodecConfig: no c2 equivalents for durationUs
12-31 02:25:37.160  9166 28218 D CCodecConfig: no c2 equivalents for track-id
12-31 02:25:37.160  9166 28218 D CCodecConfig: no c2 equivalents for csd-1
12-31 02:25:37.160  9166 28218 D CCodecConfig: no c2 equivalents for channel-mask
12-31 02:25:37.160  9166 28218 D CCodecConfig: no c2 equivalents for flags
12-31 02:25:37.161  9166 28218 D CCodecConfig: c2 config diff is   c2::u32 coded.bitrate.value = 120000
12-31 02:25:37.161  9166 28218 W Codec2Client: query -- param skipped: index = 1107298332.
12-31 02:25:37.161  9166 28218 D CCodec  : setup formats input: AMessage(what = 0x00000000) = {
12-31 02:25:37.161  9166 28218 D CCodec  :   int32_t bitrate = 120000
12-31 02:25:37.161  9166 28218 D CCodec  :   int32_t channel-count = 1
12-31 02:25:37.161  9166 28218 D CCodec  :   int32_t max-input-size = 32768
12-31 02:25:37.161  9166 28218 D CCodec  :   string mime = "audio/vorbis"
12-31 02:25:37.161  9166 28218 D CCodec  :   int32_t sample-rate = 48000
12-31 02:25:37.161  9166 28218 D CCodec  : }
12-31 02:25:37.161  9166 28218 D CCodec  : setup formats output: AMessage(what = 0x00000000) = {
12-31 02:25:37.161  9166 28218 D CCodec  :   int32_t channel-count = 1
12-31 02:25:37.161  9166 28218 D CCodec  :   string mime = "audio/raw"
12-31 02:25:37.161  9166 28218 D CCodec  :   int32_t sample-rate = 48000
12-31 02:25:37.161  9166 28218 D CCodec  :   int32_t channel-mask = 1
12-31 02:25:37.161  9166 28218 D CCodec  : }
12-31 02:25:37.161  9166 28218 I CCodecConfig: query failed after returning 7 values (BAD_INDEX)
12-31 02:25:37.162  3209  3274 I MRSVC   : MIXEDREALITY: OpenXrSupport: OpenXR qualified success: xrBeginFrame(clientState_.session, &beginFrameDesc): XR_FRAME_DISCARDED
12-31 02:25:37.162  2710  2974 I [OAO] DisplayStatePreservationController: Applied preserved state by adapter: taskBarPositionAdapter
12-31 02:25:37.162  3209  3274 I MRSVC   : MIXEDREALITY: MrServiceView: renderIteration: Hibernating the rendering thread since ID is off and no active PT layers.
12-31 02:25:37.162  3209  3274 I MRSVC   : MIXEDREALITY: MrServiceController: Executing passthroughStart on model for client 487993102
12-31 02:25:37.162  3209  3274 I MRSVC   : MIXEDREALITY: MrServiceModel: passthroughStart()
12-31 02:25:37.162  3209  3274 I MRSVC   : MIXEDREALITY: MrServiceModel: passthroughStart: Started Passthrough
12-31 02:25:37.162  9166 28218 W Codec2Client: query -- param skipped: index = 1342179345.
12-31 02:25:37.162  9166 28218 W Codec2Client: query -- param skipped: index = 2415921170.
12-31 02:25:37.163  9166 28218 D CCodecBufferChannel: [c2.android.vorbis.decoder#406] Created input block pool with allocatorID 16 => poolID 374 - OK (0)
12-31 02:25:37.164  9166 28218 I CCodecBufferChannel: [c2.android.vorbis.decoder#406] Created output block pool with allocatorID 16 => poolID 879 - OK
12-31 02:25:37.165  9166 28218 D CCodecBufferChannel: [c2.android.vorbis.decoder#406] Configured output block pool ids 879 => OK
12-31 02:25:37.166  9166  9166 D [SUI] DynamicAppTileDragItem: Initialized DynamicAppDragItem for: com.oculus.explore
12-31 02:25:37.168   920 28220 D SimpleC2Component: Using output block pool with poolID 879 => got 879 - 0
12-31 02:25:37.169  9166  9166 D [SUI] DynamicAppTileDragItem: Initialized DynamicAppDragItem for: com.oculus.store
12-31 02:25:37.170  2321  2321 D DeviceHelper: isScreenOn = true
12-31 02:25:37.170  2321  2321 D [SEO] ShellControlBroadcastReceiver: isLaunchAction = false, isTrustedAppLaunch = false
12-31 02:25:37.171  1151  1174 I DisplayDeviceRepository: Display device changed: DisplayDeviceInfo{"com.oculus.android_panel_app.AndroidPanelLayer-#main": uniqueId="virtual:com.oculus.systemux,10037,com.oculus.android_panel_app.AndroidPanelLayer-#main,8", 1000 x 80, modeId 760, defaultModeId 760, supportedModes [{id=760, width=1000, height=80, fps=60.0, alternativeRefreshRates=[]}], colorMode 0, supportedColorModes [0], hdrCapabilities null, allmSupported false, gameContentTypeSupported false, density 200, 200.0 x 200.0 dpi, appVsyncOff 0, presDeadline 16666666, touch NONE, rotation 0, type VIRTUAL, deviceProductInfo null, state OFF, owner com.oculus.systemux (uid 10037), frameRateOverride , brightnessMinimum 0.0, brightnessMaximum 0.0, brightnessDefault 0.0, FLAG_PRIVATE, FLAG_NEVER_BLANK, FLAG_OWN_CONTENT_ONLY}
12-31 02:25:37.171  2321  2321 D [SEO] ShellControlBroadcastReceiver: IsCaptureStateUpdateAction
12-31 02:25:37.173  9166  9166 I [SUI] AnytimeUIPanelApp: handleRoundedCornersEvent - {"bottomLeft":25,"bottomRight":25,"topLeft":25,"topRight":25}
12-31 02:25:37.173  9166  9166 D OCPanelBackgroundDrawable: updateBorderRadius with type: All, value: 25
12-31 02:25:37.174  9166 28228 D [SUI] SettingsAssistantJsonBuilder: Registering legacy settings
12-31 02:25:37.174  9166 28228 D [SUI] SettingsAssistantJsonBuilder: Not registering settings service settings. Blocked by GK
12-31 02:25:37.174  1151  1172 I WindowManager: Override config changes=20000d80 {0.0 ?mcc?mnc ?localeList ?layoutDir sw64dp w800dp h64dp 200dpi nrml long land ?uimode ?night -touch -keyb/v/h -nav/h winConfig={ mBounds=Rect(0, 0 - 1000, 80) mAppBounds=Rect(0, 0 - 1000, 80) mMaxBounds=Rect(0, 0 - 1000, 80) mWindowingMode=fullscreen mDisplayWindowingMode=fullscreen mActivityType=undefined mAlwaysOnTop=undefined mRotation=ROTATION_0} ?fontWeightAdjustment} for displayId=412
12-31 02:25:37.174  9166  9166 V [SUI] AnytimeUIPanelApp: Setting notifs badge
12-31 02:25:37.174  9166  9166 V [SUI] BarView: Subscribing to notifications badge live data
12-31 02:25:37.175  9166  9166 V [SUI] BarView: Notifs badge count: 0, Messenger badge count 0
12-31 02:25:37.175  9166  9166 V [SUI] BarView: Subscribing to online friend badge live data
