12-28 05:49:05.799  1152  2377 W ActivityManager: Permission Denial: Accessing service com.oculus.vrshell/.ShellOverlayService from pid=31322, uid=10108 requires com.oculus.vrshell.OVERLAY_HOST
12-28 05:49:07.573   945  1100 D TrackingService: getSharedMemory: com.epicgames.AtomVR#31322, HeadTracker
12-28 05:49:07.783  1152  2377 D ActivityManager: Is background playback GK enabled: false Is background playback enabled for all apps: false
12-28 05:49:07.841  1152  4075 I DisplayDeviceRepository: Display device removed: DisplayDeviceInfo{"com.oculus.android_panel_app.AndroidPanelLayer-#main": uniqueId="virtual:com.oculus.systemux,10037,com.oculus.android_panel_app.AndroidPanelLayer-#main,0", 1000 x 80, modeId 1498, defaultModeId 1498, supportedModes [{id=1498, width=1000, height=80, fps=60.0, alternativeRefreshRates=[]}], colorMode 0, supportedColorModes [0], hdrCapabilities null, allmSupported false, gameContentTypeSupported false, density 200, 200.0 x 200.0 dpi, appVsyncOff 0, presDeadline 16666666, touch NONE, rotation 0, type VIRTUAL, deviceProductInfo null, state ON, owner com.oculus.systemux (uid 10037), frameRateOverride , brightnessMinimum 0.0, brightnessMaximum 0.0, brightnessDefault 0.0, FLAG_PRIVATE, FLAG_NEVER_BLANK, FLAG_OWN_CONTENT_ONLY}
12-28 05:49:07.843  1152  4075 I LogicalDisplayMapper: Removing display: 929
12-28 05:49:07.890  1152  2589 I DisplayDeviceRepository: Display device added: DisplayDeviceInfo{"com.oculus.android_panel_app.AndroidPanelLayer-#main": uniqueId="virtual:com.oculus.systemux,10037,com.oculus.android_panel_app.AndroidPanelLayer-#main,0", 1000 x 1250, modeId 1499, defaultModeId 1499, supportedModes [{id=1499, width=1000, height=1250, fps=60.0, alternativeRefreshRates=[]}], colorMode 0, supportedColorModes [0], hdrCapabilities null, allmSupported false, gameContentTypeSupported false, density 200, 200.0 x 200.0 dpi, appVsyncOff 0, presDeadline 16666666, touch NONE, rotation 0, type VIRTUAL, deviceProductInfo null, state OFF, owner com.oculus.systemux (uid 10037), frameRateOverride , brightnessMinimum 0.0, brightnessMaximum 0.0, brightnessDefault 0.0, FLAG_PRIVATE, FLAG_NEVER_BLANK, FLAG_OWN_CONTENT_ONLY}
12-28 05:49:07.891  1152  2589 I LogicalDisplayMapper: Applying layout: [{addr: {port=129, model=0x40446d9218dcf4}, dispId: 0(ON)}], Previous layout: [{addr: {port=129, model=0x40446d9218dcf4}, dispId: 0(ON)}]
12-28 05:49:07.891  1152  2589 I LogicalDisplayMapper: Adding new display: 930: DisplayInfo{"com.oculus.android_panel_app.AndroidPanelLayer-#main", displayId 930", displayGroupId -1, FLAG_PRIVATE, real 1000 x 1250, largest app 1000 x 1250, smallest app 1000 x 1250, appVsyncOff 0, presDeadline 16666666, mode 1499, defaultMode 1499, modes [{id=1499, width=1000, height=1250, fps=60.0, alternativeRefreshRates=[]}], hdrCapabilities null, userDisabledHdrTypes [], minimalPostProcessingSupported false, rotation 0, state OFF, type VIRTUAL, uniqueId "virtual:com.oculus.systemux,10037,com.oculus.android_panel_app.AndroidPanelLayer-#main,0", app 1000 x 1250, density 200 (200.0 x 200.0) dpi, layerStack 930, colorMode 0, supportedColorModes [0], deviceProductInfo null, owner com.oculus.systemux (uid 10037), removeMode 1, refreshRateOverride 0.0, brightnessMinimum 0.0, brightnessMaximum 0.0, brightnessDefault 0.0}
12-28 05:49:07.891  1152  2589 I LogicalDisplayMapper: Setting new display group 0 for display 930, from previous group: null
12-28 05:49:07.892  1152  2589 W DisplayPowerController[930]: Screen brightness nits configuration is unavailable; falling back
12-28 05:49:07.915  1152  1168 I WindowManager: Override config changes=20005df8 {0.0 ?mcc?mnc ?localeList ?layoutDir sw800dp w800dp h1000dp 200dpi xlrg port ?uimode ?night -touch -keyb/v/h -nav/h winConfig={ mBounds=Rect(0, 0 - 1000, 1250) mAppBounds=Rect(0, 0 - 1000, 1250) mMaxBounds=Rect(0, 0 - 1000, 1250) mWindowingMode=fullscreen mDisplayWindowingMode=fullscreen mActivityType=undefined mAlwaysOnTop=undefined mRotation=ROTATION_0} ?fontWeightAdjustment} for displayId=930
12-28 05:49:07.923  1152  1168 V WindowManager: Display 930 state is now (1), so update layer mirroring?
12-28 05:49:07.932   945  1100 D TrackingService: getSharedMemory: com.oculus.vrshell, HeadTracker
12-28 05:49:08.019  1152  1170 I DisplayDeviceRepository: Display device changed: DisplayDeviceInfo{"com.oculus.android_panel_app.AndroidPanelLayer-#main": uniqueId="virtual:com.oculus.systemux,10037,com.oculus.android_panel_app.AndroidPanelLayer-#main,0", 1000 x 80, modeId 1500, defaultModeId 1500, supportedModes [{id=1500, width=1000, height=80, fps=60.0, alternativeRefreshRates=[]}], colorMode 0, supportedColorModes [0], hdrCapabilities null, allmSupported false, gameContentTypeSupported false, density 200, 200.0 x 200.0 dpi, appVsyncOff 0, presDeadline 16666666, touch NONE, rotation 0, type VIRTUAL, deviceProductInfo null, state OFF, owner com.oculus.systemux (uid 10037), frameRateOverride , brightnessMinimum 0.0, brightnessMaximum 0.0, brightnessDefault 0.0, FLAG_PRIVATE, FLAG_NEVER_BLANK, FLAG_OWN_CONTENT_ONLY}
12-28 05:49:08.021  1152  1168 I WindowManager: Override config changes=20000d80 {0.0 ?mcc?mnc ?localeList ?layoutDir sw64dp w800dp h64dp 200dpi nrml long land ?uimode ?night -touch -keyb/v/h -nav/h winConfig={ mBounds=Rect(0, 0 - 1000, 80) mAppBounds=Rect(0, 0 - 1000, 80) mMaxBounds=Rect(0, 0 - 1000, 80) mWindowingMode=fullscreen mDisplayWindowingMode=fullscreen mActivityType=undefined mAlwaysOnTop=undefined mRotation=ROTATION_0} ?fontWeightAdjustment} for displayId=930
12-28 05:49:08.026  1152  1168 V WindowManager: Display 930 state is now (1), so update layer mirroring?
12-28 05:49:08.027  1152  1168 V WindowManager: Display 930 state is now (1), so update layer mirroring?
12-28 05:49:08.378  1152  1170 I DisplayDeviceRepository: Display device changed: DisplayDeviceInfo{"com.oculus.android_panel_app.AndroidPanelLayer-#main": uniqueId="virtual:com.oculus.systemux,10037,com.oculus.android_panel_app.AndroidPanelLayer-#main,0", 1000 x 80, modeId 1500, defaultModeId 1500, supportedModes [{id=1500, width=1000, height=80, fps=60.0, alternativeRefreshRates=[]}], colorMode 0, supportedColorModes [0], hdrCapabilities null, allmSupported false, gameContentTypeSupported false, density 200, 200.0 x 200.0 dpi, appVsyncOff 0, presDeadline 16666666, touch NONE, rotation 0, type VIRTUAL, deviceProductInfo null, state OFF, owner com.oculus.systemux (uid 10037), frameRateOverride , brightnessMinimum 0.0, brightnessMaximum 0.0, brightnessDefault 0.0, FLAG_PRIVATE, FLAG_NEVER_BLANK, FLAG_OWN_CONTENT_ONLY}
12-28 05:49:08.380  1152  1170 I DisplayDeviceRepository: Display device changed: DisplayDeviceInfo{"com.oculus.android_panel_app.AndroidPanelLayer-#main": uniqueId="virtual:com.oculus.systemux,10037,com.oculus.android_panel_app.AndroidPanelLayer-#main,0", 1000 x 80, modeId 1500, defaultModeId 1500, supportedModes [{id=1500, width=1000, height=80, fps=60.0, alternativeRefreshRates=[]}], colorMode 0, supportedColorModes [0], hdrCapabilities null, allmSupported false, gameContentTypeSupported false, density 200, 200.0 x 200.0 dpi, appVsyncOff 0, presDeadline 16666666, touch NONE, rotation 0, type VIRTUAL, deviceProductInfo null, state ON, owner com.oculus.systemux (uid 10037), frameRateOverride , brightnessMinimum 0.0, brightnessMaximum 0.0, brightnessDefault 0.0, FLAG_PRIVATE, FLAG_NEVER_BLANK, FLAG_OWN_CONTENT_ONLY}
12-28 05:49:08.395  1152  1168 V WindowManager: Display 930 state is now (2), so update layer mirroring?
12-28 05:49:08.913   787  1042 E SyncBossHAL: [error  ] syncboss_hal_impl_input.c(1148): Pulsar connected devices state change: 15, host current time: 1703724548913ms
12-28 05:49:08.965   787  1042 E SyncBossHAL: [error  ] syncboss_hal_impl_input.c(1148): Pulsar connected devices state change: 16, host current time: 1703724548965ms
12-28 05:49:08.974   787  1045 I SyncBossHAL: [info   ] pulsar_manager.c(511): d3d05f47xxxxxxxx: Configuring IR LED to ontime = 34, period = 40000, delay = -17
12-28 05:49:08.981   787  1045 I SyncBossHAL: [info   ] pulsar_manager.c(456): Finished getting cache data for controller
12-28 05:49:08.981   787  1045 I SyncBossHAL:     id            : d3d05f47xxxxxxxx
12-28 05:49:08.981   787  1045 I SyncBossHAL:     pulsar_type   : 0x09011401
12-28 05:49:08.981   787  1045 I SyncBossHAL:     connection id : 0xf
12-28 05:49:08.981   787  1045 I SyncBossHAL:     fw ver        : 1.9.0
12-28 05:49:08.981   787  1045 I SyncBossHAL:     spl ver       : 1.5.1
12-28 05:49:08.981   787  1045 I SyncBossHAL:     serial        : 1WMHCR31DV2435
12-28 05:49:08.981   787  1045 I SyncBossHAL:     handedness    : right
12-28 05:49:08.981   787  1045 I SyncBossHAL:     battery state : 40%
12-28 05:49:08.981   787  1045 I SyncBossHAL: [info   ] pulsar_manager.c(473): Jedi-specific cache data:
12-28 05:49:08.981   787  1045 I SyncBossHAL:     captouch ver  : 1.9.0
12-28 05:49:08.985   787 31660 D SensorService: Syncboss input d3d05f47e2487092 hardware type 4, subtype 2, revision 0x09
12-28 05:49:08.986   787 31660 I SensorService: preparePairedControllerInfo is adding device with valid 1
12-28 05:49:08.986   787 31660 D SensorService: Syncboss input 9d17e7ce194bc1ec hardware type 4, subtype 1, revision 
12-28 05:49:08.986   787 31660 I SensorService: preparePairedControllerInfo is adding device with valid 1
12-28 05:49:08.986   787 31660 D SensorService: stateChangeNotifierFunc(): Reporting controller info. Change token: 310, paired=2 connected=1
12-28 05:49:08.986  1658 31667 D OVRRemoteService: processStateChange([PairedControllerInfo JEDI d3d05f47e2487092 connected mcnt=0])
12-28 05:49:08.987  1658 31667 D OVRRemoteService: RemoteService::recordControllerStatusUpdate: device d3d05f47e2487092: status: CONNECTED_ACTIVE tracking: ORIENTATION, errors: --
12-28 05:49:08.987  1658 31667 D OVRRemoteService: processStateChange([PairedControllerInfo JEDI 9d17e7ce194bc1ec disconnected update-required mcnt=0])
12-28 05:49:09.001   787   787 D SensorService: Found paired controllers: 2
12-28 05:49:09.001   787   787 D SensorService: Syncboss input d3d05f47e2487092 hardware type 4, subtype 2, revision 0x09
12-28 05:49:09.001   787   787 I SensorService: preparePairedControllerInfo is adding device with valid 1
12-28 05:49:09.001   787   787 D SensorService: Syncboss input 9d17e7ce194bc1ec hardware type 4, subtype 1, revision 
12-28 05:49:09.001   787   787 I SensorService: preparePairedControllerInfo is adding device with valid 1
12-28 05:49:09.002   945 31700 D TrackingService: Creating RemoteConstellationTrackedDevice
12-28 05:49:08.982     0     0 I input   : Device 0xD3D05F47E2487092 as /devices/virtual/input/input141
12-28 05:49:09.003   945 31700 I TrackingService: Registering primary controller d3d05f47e2487092 in slot 0
12-28 05:49:09.010  1658 31667 D OVRRemoteService: RemoteService::recordControllerStatusUpdate: device d3d05f47e2487092: status: CONNECTED_ACTIVE tracking: ORIENTATION, errors: --
12-28 05:49:09.010   945 31700 D TrackingService: TrackingDataPostProcessor: Hand autotransition v2 GK enabled: 1
12-28 05:49:09.010   945 31700 D TrackingService: registerRemote: d3d05f47e2487092
12-28 05:49:09.016   945  1100 D TrackingService: getSharedMemory: com.oculus.vrshell, Controller
12-28 05:49:09.019  1152  1168 V WindowManager: Display 930 state is now (2), so update layer mirroring?
12-28 05:49:09.024   945  1104 D TrackingService: getSharedMemory: com.epicgames.AtomVR, Controller
12-28 05:49:09.028   945 31700 W TrackingService: Attempted to control leds, but gatekeeper is disabled. Skipping operation.
12-28 05:49:09.029  1658 31667 D OVRRemoteService: RemoteService::recordControllerStatusUpdate: device d3d05f47e2487092: status: CONNECTED_ACTIVE tracking: ORIENTATION, errors: --
12-28 05:49:09.049   787  1045 I SyncBossHAL: [info   ] pulsar_manager.c(511): 9d17e7cexxxxxxxx: Configuring IR LED to ontime = 34, period = 40000, delay = -17
12-28 05:49:09.054   787  1045 I SyncBossHAL: [info   ] pulsar_manager.c(456): Finished getting cache data for controller
12-28 05:49:09.054   787  1045 I SyncBossHAL:     id            : 9d17e7cexxxxxxxx
12-28 05:49:09.054   787  1045 I SyncBossHAL:     pulsar_type   : 0x09001401
12-28 05:49:09.054   787  1045 I SyncBossHAL:     connection id : 0x10
12-28 05:49:09.054   787  1045 I SyncBossHAL:     fw ver        : 1.9.0
12-28 05:49:09.054   787  1045 I SyncBossHAL:     spl ver       : 1.5.1
12-28 05:49:09.054   787  1045 I SyncBossHAL:     serial        : 1WMHCL11FD2436
12-28 05:49:09.054   787  1045 I SyncBossHAL:     handedness    : left
12-28 05:49:09.054   787  1045 I SyncBossHAL:     battery state : 60%
12-28 05:49:09.054   787  1045 I SyncBossHAL: [info   ] pulsar_manager.c(473): Jedi-specific cache data:
12-28 05:49:09.054   787  1045 I SyncBossHAL:     captouch ver  : 1.9.0
12-28 05:49:09.060   787 31660 D SensorService: Syncboss input 9d17e7ce194bc1ec hardware type 4, subtype 1, revision 0x09
12-28 05:49:09.060   787 31660 I SensorService: preparePairedControllerInfo is adding device with valid 1
12-28 05:49:09.060   787 31660 D SensorService: Syncboss input d3d05f47e2487092 hardware type 4, subtype 2, revision 0x09
12-28 05:49:09.060   787 31660 I SensorService: preparePairedControllerInfo is adding device with valid 1
12-28 05:49:09.060   787 31660 D SensorService: stateChangeNotifierFunc(): Reporting controller info. Change token: 311, paired=2 connected=2
12-28 05:49:09.061   787 31661 I SyncBossInput: [info   ] [jedi (right) d3d05f47xxxxxxxx]: 9209875 [info   ] {THDG}: active_seek -> inactive_seek
12-28 05:49:09.061  1658 31667 D OVRRemoteService: processStateChange([PairedControllerInfo JEDI 9d17e7ce194bc1ec connected mcnt=0])
12-28 05:49:09.061  1658 31667 D OVRRemoteService: RemoteService::recordControllerStatusUpdate: device 9d17e7ce194bc1ec: status: CONNECTED_ACTIVE tracking: ORIENTATION, errors: --
12-28 05:49:09.061  1658 31667 D OVRRemoteService: processStateChange([PairedControllerInfo JEDI d3d05f47e2487092 connected mcnt=0])
12-28 05:49:09.070   787   787 D SensorService: Found paired controllers: 2
12-28 05:49:09.070   787   787 D SensorService: Syncboss input 9d17e7ce194bc1ec hardware type 4, subtype 1, revision 0x09
12-28 05:49:09.070   787   787 I SensorService: preparePairedControllerInfo is adding device with valid 1
12-28 05:49:09.070   787   787 D SensorService: Syncboss input d3d05f47e2487092 hardware type 4, subtype 2, revision 0x09
12-28 05:49:09.070   787   787 I SensorService: preparePairedControllerInfo is adding device with valid 1
12-28 05:49:09.071   945 31700 D TrackingService: Creating RemoteConstellationTrackedDevice
12-28 05:49:09.072   945 31700 I TrackingService: Registering primary controller 9d17e7ce194bc1ec in slot 1
12-28 05:49:09.072  1658 31667 D OVRRemoteService: RemoteService::recordControllerStatusUpdate: device 9d17e7ce194bc1ec: status: CONNECTED_ACTIVE tracking: ORIENTATION, errors: --
12-28 05:49:09.049     0     0 I input   : Device 0x9D17E7CE194BC1EC as /devices/virtual/input/input142
12-28 05:49:09.074   945 31700 D TrackingService: TrackingDataPostProcessor: Hand autotransition v2 GK enabled: 1
12-28 05:49:09.074   945 31700 D TrackingService: registerRemote: 9d17e7ce194bc1ec
12-28 05:49:09.088   787 31661 I SyncBossInput: [info   ] [jedi (right) d3d05f47xxxxxxxx]: 10660369 [info   ] {APP }: Connected
12-28 05:49:09.090   945 31700 W TrackingService: Attempted to control leds, but gatekeeper is disabled. Skipping operation.
12-28 05:49:09.091   945 31700 D TrackingService: d3d05f47e2487092: isControllerInHand(182319.41s): 1 ctEnabled: 1 btnPress: 1 btnOrTpdTouch(182319.41s): 1 btnOrTpdProx(182319.41s): 1 static(182319.41s): 1 thbstkOffCenter: 1 
12-28 05:49:09.091   945 31700 D TrackingService: [HANDTRACKING] Controller d3d05f47e2487092 in hand: Y, valid: Y
12-28 05:49:09.091  1658 31667 D OVRRemoteService: RemoteService::recordControllerStatusUpdate: device 9d17e7ce194bc1ec: status: CONNECTED_ACTIVE tracking: ORIENTATION, errors: --
12-28 05:49:09.101  1658 31667 D OVRRemoteService: RemoteService::recordControllerStatusUpdate: device d3d05f47e2487092: status: CONNECTED_ACTIVE tracking: NONE, errors: --
12-28 05:49:09.113   787 31661 I SyncBossInput: [info   ] [jedi ( left) 9d17e7cexxxxxxxx]: 1669664 [info   ] {THDG}: active_seek -> inactive_seek
12-28 05:49:09.124   945 31700 D TrackingService: 9d17e7ce194bc1ec: isControllerInHand(182319.44s): 1 ctEnabled: 1 btnPress: 1 btnOrTpdTouch(182319.44s): 1 btnOrTpdProx(182319.44s): 1 static(182319.44s): 1 thbstkOffCenter: 1 
12-28 05:49:09.124   945 31700 D TrackingService: [HANDTRACKING] Controller 9d17e7ce194bc1ec in hand: Y, valid: Y
12-28 05:49:09.124  1658 31667 D OVRRemoteService: RemoteService::recordControllerStatusUpdate: device 9d17e7ce194bc1ec: status: CONNECTED_ACTIVE tracking: NONE, errors: --
12-28 05:49:09.139   787 31661 I SyncBossInput: [info   ] [jedi (right) d3d05f47xxxxxxxx]: 10660370 [info   ] {THDG}: inactive_seek -> active_connected
12-28 05:49:09.143   787 31661 I SyncBossInput: [info   ] [jedi ( left) 9d17e7cexxxxxxxx]: 3120200 [info   ] {APP }: Connected
12-28 05:49:09.193   787 31661 I SyncBossInput: [info   ] [jedi ( left) 9d17e7cexxxxxxxx]: 3120201 [info   ] {THDG}: inactive_seek -> active_connected
12-28 05:49:09.333   787 31661 I SyncBossHAL: [info   ] syncboss_hal_input_controller.c(184): Controller d3d05f47xxxxxxxx battery level changed: 0% -> 40%
12-28 05:49:09.338   787 31660 D SensorService: Syncboss input 9d17e7ce194bc1ec hardware type 4, subtype 1, revision 0x09
12-28 05:49:09.338   787 31660 I SensorService: preparePairedControllerInfo is adding device with valid 1
12-28 05:49:09.338   787 31660 D SensorService: Syncboss input d3d05f47e2487092 hardware type 4, subtype 2, revision 0x09
12-28 05:49:09.338   787 31660 I SensorService: preparePairedControllerInfo is adding device with valid 1
12-28 05:49:09.339   787 31660 D SensorService: stateChangeNotifierFunc(): Reporting controller info. Change token: 312, paired=2 connected=2
12-28 05:49:09.339  1658 31667 D OVRRemoteService: processStateChange([PairedControllerInfo JEDI 9d17e7ce194bc1ec connected mcnt=0])
12-28 05:49:09.339  1658 31667 D OVRRemoteService: processStateChange([PairedControllerInfo JEDI d3d05f47e2487092 connected mcnt=0])
12-28 05:49:09.419     0     0 W healthd : battery l=100 v=4312 t=27.7 h=2 st=4 c=-754882 fc=3749000 cc=3 chg=a
12-28 05:49:09.513  1658 31667 D OVRRemoteService: RemoteService::recordControllerStatusUpdate: device d3d05f47e2487092: status: CONNECTED_ACTIVE tracking: ORIENTATION, errors: --
12-28 05:49:09.499     0     0 I CAM_ERR : CAM-CRM: __cam_req_mgr_process_sof_freeze: 1806 SOF freeze for session 5964288 link 0xad0103
12-28 05:49:09.549  1658 31667 D OVRRemoteService: RemoteService::recordControllerStatusUpdate: device d3d05f47e2487092: status: CONNECTED_ACTIVE tracking: POSITION, errors: --
12-28 05:49:09.571   787 31661 I SyncBossInput: [info   ] [jedi (right) d3d05f47xxxxxxxx]: 10660983 [info   ] {HPTH}: Set haptics frequency to 0x221D
12-28 05:49:09.592   787 31661 I SyncBossHAL: [info   ] syncboss_hal_input_controller.c(184): Controller 9d17e7cexxxxxxxx battery level changed: 0% -> 60%
12-28 05:49:09.598   787 31660 D SensorService: Syncboss input 9d17e7ce194bc1ec hardware type 4, subtype 1, revision 0x09
12-28 05:49:09.598   787 31660 I SensorService: preparePairedControllerInfo is adding device with valid 1
12-28 05:49:09.598   787 31660 D SensorService: Syncboss input d3d05f47e2487092 hardware type 4, subtype 2, revision 0x09
12-28 05:49:09.598   787 31660 I SensorService: preparePairedControllerInfo is adding device with valid 1
12-28 05:49:09.598   787 31660 D SensorService: stateChangeNotifierFunc(): Reporting controller info. Change token: 313, paired=2 connected=2
12-28 05:49:09.598  1658 31667 D OVRRemoteService: processStateChange([PairedControllerInfo JEDI 9d17e7ce194bc1ec connected mcnt=0])
12-28 05:49:09.598  1658 31667 D OVRRemoteService: processStateChange([PairedControllerInfo JEDI d3d05f47e2487092 connected mcnt=0])
12-28 05:49:09.579     0     0 I CAM_ERR : CAM-CRM: __cam_req_mgr_process_sof_freeze: 1806 SOF freeze for session 5964288 link 0xc6010f
12-28 05:49:09.579     0     0 I CAM_ERR : CAM-CRM: __cam_req_mgr_process_sof_freeze: 1806 SOF freeze for session 5964288 link 0x3d010b
12-28 05:49:09.579     0     0 I CAM_ERR : CAM-CRM: __cam_req_mgr_process_sof_freeze: 1806 SOF freeze for session 5964288 link 0xdc0107
12-28 05:49:09.629   787 31661 I SyncBossInput: [info   ] [jedi ( left) 9d17e7cexxxxxxxx]: 3120823 [info   ] {HPTH}: Set haptics frequency to 0x223F
12-28 05:49:09.736  1658 31667 D OVRRemoteService: RemoteService::recordControllerStatusUpdate: device 9d17e7ce194bc1ec: status: CONNECTED_ACTIVE tracking: ORIENTATION, errors: --
12-28 05:49:09.777  1658 31667 D OVRRemoteService: RemoteService::recordControllerStatusUpdate: device 9d17e7ce194bc1ec: status: CONNECTED_ACTIVE tracking: POSITION, errors: --
12-28 05:49:10.109     0     0 W healthd : battery l=100 v=4312 t=27.7 h=2 st=4 c=-754882 fc=3749000 cc=3 chg=a
12-28 05:49:11.501     0     0 E         : [drm:sde_encoder_lineptr_callback:4406] late lineptr, headroom -33
12-28 05:49:11.807     0     0 E         : [drm:sde_encoder_lineptr_callback:4406] late lineptr, headroom -45
12-28 05:49:12.476     0     0 E         : [drm:sde_encoder_lineptr_callback:4406] late lineptr, headroom 22
12-28 05:49:12.782     0     0 E         : [drm:sde_encoder_lineptr_callback:4406] late lineptr, headroom -13
12-28 05:49:12.848   945  1104 D TrackingService: haptic socket already exists
12-28 05:49:12.848   945  1104 D TrackingService: getSocket: com.oculus.vrshell
12-28 05:49:12.849   945  1104 I TrackingService: Unregistering client by ITrackingService.unregisterClient
12-28 05:49:12.849   945  1104 I TrackingService: Failed to unregister client because client not found in registered list
12-28 05:49:12.849   945  1104 I TrackingService: Unregistering client by ITrackingService.unregisterClient
12-28 05:49:12.849   945  1104 I TrackingService: Failed to unregister client because client not found in registered list
12-28 05:49:12.849   945  1104 I TrackingService: Unregistering client by ITrackingService.unregisterClient
12-28 05:49:12.849   945  1104 I TrackingService: Failed to unregister client because client not found in registered list
12-28 05:49:12.849   945  1104 I TrackingService: Unregistering client by ITrackingService.unregisterClient
12-28 05:49:12.849   945  1104 I TrackingService: Unregistering client by ITrackingService.unregisterClient
12-28 05:49:12.849   945  1104 I TrackingService: Failed to unregister client because client not found in registered list
12-28 05:49:12.849   945  1104 I TrackingService: Failed to unregister client because client not found in registered list
12-28 05:49:12.849   945  1104 I TrackingService: Failed to unregister client because client not found in registered list
12-28 05:49:12.849   945  1104 I TrackingService: Failed to unregister client because client not found in registered list
12-28 05:49:12.849   945  1104 I TrackingService: Failed to unregister client because client not found in registered list
12-28 05:49:12.849   945  1104 I TrackingService: Failed to unregister client because client not found in registered list
12-28 05:49:12.849   945  1104 I TrackingService: Failed to unregister client because client not found in registered list
12-28 05:49:12.849   945  1104 I TrackingService: Unregistering client by ITrackingService.unregisterClient
12-28 05:49:12.849   945  1104 I TrackingService: Failed to unregister client because client not found in registered list
12-28 05:49:12.849   945  1104 I TrackingService: Unregistering client by ITrackingService.unregisterClient
12-28 05:49:12.849   945  1104 I TrackingService: Failed to unregister client because client not found in registered list
12-28 05:49:12.849   945  1104 D TrackingService: unregister: com.oculus.vrshell
12-28 05:49:12.852   787 31661 E SyncBossHAL: [error  ] syncboss_hal_data_handlers.c(170): s:13 Invalid command call_status received: status: 0, sequence_id: 0, count: 3890
12-28 05:49:14.815     0     0 E         : [drm:sde_encoder_lineptr_callback:4406] late lineptr, headroom -34
12-28 05:49:17.568     0     0 W healthd : battery l=100 v=4292 t=28.0 h=2 st=4 c=-945800 fc=3749000 cc=3 chg=a
12-28 05:49:17.794     0     0 E         : [drm:sde_encoder_lineptr_callback:4406] late lineptr, headroom 30
12-28 05:49:18.621     0     0 W healthd : battery l=100 v=4314 t=28.0 h=2 st=4 c=-669921 fc=3749000 cc=3 chg=a
12-28 05:49:20.100     0     0 W healthd : battery l=100 v=4299 t=28.2 h=2 st=4 c=-829589 fc=3749000 cc=3 chg=a
12-28 05:49:23.767     0     0 E         : [drm:sde_encoder_lineptr_callback:4406] late lineptr, headroom 13
12-28 05:49:25.048     0     0 E         : [drm:sde_encoder_lineptr_callback:4406] late lineptr, headroom 22
12-28 05:49:25.716     0     0 W healthd : battery l=100 v=4311 t=28.2 h=2 st=4 c=-659179 fc=3749000 cc=3 chg=a
12-28 05:49:28.279     0     0 E         : [drm:sde_encoder_lineptr_callback:4406] late lineptr, headroom 32
12-28 05:49:30.110     0     0 W healthd : battery l=100 v=4305 t=28.2 h=2 st=4 c=-729003 fc=3749000 cc=3 chg=a
12-28 05:49:31.397     0     0 E         : [drm:sde_encoder_lineptr_callback:4406] late lineptr, headroom 22
12-28 05:49:33.864     0     0 W healthd : battery l=100 v=4307 t=28.2 h=2 st=4 c=-650878 fc=3749000 cc=3 chg=a
12-28 05:49:34.224     0     0 W healthd : battery l=100 v=4311 t=28.2 h=2 st=4 c=-615722 fc=3749000 cc=3 chg=a
12-28 05:49:37.301     0     0 E         : [drm:sde_encoder_lineptr_callback:4406] late lineptr, headroom -13
12-28 05:49:37.649     0     0 E         : [drm:sde_encoder_lineptr_callback:4406] late lineptr, headroom 18
12-28 05:49:38.707     0     0 E         : [drm:sde_encoder_lineptr_callback:4406] late lineptr, headroom -5
12-28 05:49:39.286  1152  1251 E AlarmManager: Attempt to decrement existing alarm count 0 by 1 for uid 1000
12-28 05:49:39.288  1152  1178 I DropBoxManagerService: add tag=system_server_wtf isTagEnabled=true flags=0x2
12-28 05:49:40.131     0     0 W healthd : battery l=100 v=4302 t=28.2 h=2 st=4 c=-720702 fc=3749000 cc=3 chg=a
12-28 05:49:41.136  1658 31667 D OVRRemoteService: RemoteService::recordControllerStatusUpdate: device 9d17e7ce194bc1ec: status: CONNECTED_ACTIVE tracking: ORIENTATION, errors: --
12-28 05:49:42.015     0     0 W healthd : battery l=100 v=4300 t=28.2 h=2 st=4 c=-749023 fc=3749000 cc=3 chg=a
12-28 05:49:42.383     0     0 E         : [drm:sde_encoder_lineptr_callback:4406] late lineptr, headroom -9
12-28 05:49:42.584  1658 31667 D OVRRemoteService: RemoteService::recordControllerStatusUpdate: device 9d17e7ce194bc1ec: status: CONNECTED_ACTIVE tracking: POSITION, errors: --
12-28 05:49:43.218     0     0 E         : [drm:sde_encoder_lineptr_callback:4406] late lineptr, headroom 36
12-28 05:49:43.581     0     0 E         : [drm:sde_encoder_lineptr_callback:4406] late lineptr, headroom -47
12-28 05:49:44.012     0     0 E         : [drm:sde_encoder_lineptr_callback:4406] late lineptr, headroom 9
12-28 05:49:44.277     0     0 E         : [drm:sde_encoder_lineptr_callback:4406] late lineptr, headroom -23
12-28 05:49:44.917     0     0 E         : [drm:sde_encoder_lineptr_callback:4406] late lineptr, headroom 22
12-28 05:49:45.989     0     0 E         : [drm:sde_encoder_lineptr_callback:4406] late lineptr, headroom 38
12-28 05:49:47.145     0     0 E         : [drm:sde_encoder_lineptr_callback:4406] late lineptr, headroom 30
12-28 05:49:47.535     0     0 E         : [drm:sde_encoder_lineptr_callback:4406] late lineptr, headroom -33
12-28 05:49:48.626     0     0 W healthd : battery l=100 v=4304 t=28.5 h=2 st=4 c=-685546 fc=3749000 cc=3 chg=a
12-28 05:49:48.800   787 31661 W SensorService: Arrival timestamp too late
12-28 05:49:48.838   787 31661 W SensorService: Arrival timestamp too early
12-28 05:49:49.568   787 31661 W SyncBossHAL: [warning] syncboss_hal_data_handlers.c(149): s:0 Long processing time detected for streaming packet type 80 (1188us)
12-28 05:49:49.569   787 31661 E SensorService: HMD IMU samples delayed: 4.007ms between sample arrivals (expected 1.000ms)
12-28 05:49:49.665     0     0 E         : [drm:sde_encoder_lineptr_callback:4406] late lineptr, headroom -14
12-28 05:49:49.679     0     0 E         : [drm:sde_encoder_lineptr_callback:4406] late lineptr, headroom -9
12-28 05:49:49.846     0     0 E         : [drm:sde_encoder_lineptr_callback:4406] late lineptr, headroom 23
12-28 05:49:50.130     0     0 W healthd : battery l=100 v=4300 t=28.5 h=2 st=4 c=-731444 fc=3749000 cc=3 chg=a
12-28 05:49:50.155     0     0 W healthd : battery l=100 v=4300 t=28.5 h=2 st=4 c=-731444 fc=3749000 cc=3 chg=a
12-28 05:49:52.881     0     0 E         : [drm:sde_encoder_lineptr_callback:4406] late lineptr, headroom 15
12-28 05:49:53.118     0     0 E         : [drm:sde_encoder_lineptr_callback:4406] late lineptr, headroom -20
12-28 05:49:54.120     0     0 E         : [drm:sde_encoder_lineptr_callback:4406] late lineptr, headroom 19
12-28 05:49:55.861     0     0 E         : [drm:sde_encoder_lineptr_callback:4406] late lineptr, headroom -36
12-28 05:49:56.251     0     0 E         : [drm:sde_encoder_lineptr_callback:4406] late lineptr, headroom 16
12-28 05:49:57.546     0     0 E         : [drm:sde_encoder_lineptr_callback:4406] late lineptr, headroom 27
12-28 05:49:58.298     0     0 W healthd : battery l=100 v=4300 t=28.5 h=2 st=4 c=-739745 fc=3749000 cc=3 chg=a
12-28 05:50:00.142     0     0 W healthd : battery l=100 v=4298 t=28.5 h=2 st=4 c=-776366 fc=3749000 cc=3 chg=a
12-28 05:50:00.163     0     0 E         : [drm:sde_encoder_lineptr_callback:4406] late lineptr, headroom -50
12-28 05:50:02.530     0     0 E         : [drm:sde_encoder_lineptr_callback:4406] late lineptr, headroom 30
12-28 05:50:03.547     0     0 E         : [drm:sde_encoder_lineptr_callback:4406] late lineptr, headroom -46
12-28 05:50:06.444     0     0 W healthd : battery l=100 v=4298 t=28.5 h=2 st=4 c=-756347 fc=3749000 cc=3 chg=a
12-28 05:50:06.930     0     0 E         : [drm:sde_encoder_lineptr_callback:4406] late lineptr, headroom 39
12-28 05:50:07.250     0     0 E         : [drm:sde_encoder_lineptr_callback:4406] late lineptr, headroom 16
12-28 05:50:08.142     0     0 W healthd : battery l=100 v=4306 t=28.5 h=2 st=4 c=-611327 fc=3749000 cc=3 chg=a
12-28 05:50:09.951   787 31661 E SyncBossHAL: [error  ] syncboss_hal_jedi.c(101): Failed to send telemetry event for module jedi with error -22
12-28 05:50:09.999   787 31661 E SyncBossHAL: [error  ] syncboss_hal_jedi.c(101): Failed to send telemetry event for module jedi with error -22
12-28 05:50:10.177     0     0 W healthd : battery l=100 v=4301 t=28.5 h=2 st=4 c=-713378 fc=3749000 cc=3 chg=a
12-28 05:50:10.467     0     0 E         : [drm:sde_encoder_lineptr_callback:4406] late lineptr, headroom -11
12-28 05:50:11.385     0     0 E         : [drm:sde_encoder_lineptr_callback:4406] late lineptr, headroom 38
12-28 05:50:11.664     0     0 E         : [drm:sde_encoder_lineptr_callback:4406] late lineptr, headroom 18
12-28 05:50:13.585     0     0 E FG      : fg_psy_get_property: unsupported property 8
12-28 05:50:13.975     0     0 E         : [drm:sde_encoder_lineptr_callback:4406] late lineptr, headroom 31
12-28 05:50:14.592     0     0 W healthd : battery l=100 v=4306 t=28.7 h=2 st=4 c=-639648 fc=3749000 cc=3 chg=a
12-28 05:50:19.726     0     0 E         : [drm:sde_encoder_lineptr_callback:4406] late lineptr, headroom -22
12-28 05:50:20.163     0     0 W healthd : battery l=99 v=4301 t=28.7 h=2 st=4 c=-677734 fc=3749000 cc=3 chg=a
12-28 05:50:21.197     0     0 W healthd : battery l=99 v=4300 t=28.7 h=2 st=4 c=-693359 fc=3749000 cc=3 chg=a
12-28 05:50:21.828     0     0 E         : [drm:sde_encoder_lineptr_callback:4406] late lineptr, headroom 22
12-28 05:50:22.736     0     0 W healthd : battery l=99 v=4303 t=28.7 h=2 st=4 c=-669433 fc=3749000 cc=3 chg=a
12-28 05:50:24.334     0     0 E         : [drm:sde_encoder_lineptr_callback:4406] late lineptr, headroom 21
12-28 05:50:24.766     0     0 E         : [drm:sde_encoder_lineptr_callback:4406] late lineptr, headroom -24
12-28 05:50:24.947     0     0 E         : [drm:sde_encoder_lineptr_callback:4406] late lineptr, headroom -18
12-28 05:50:27.244     0     0 E         : [drm:sde_encoder_lineptr_callback:4406] late lineptr, headroom 23
12-28 05:50:29.054     0     0 E         : [drm:sde_encoder_lineptr_callback:4406] late lineptr, headroom 23
12-28 05:50:30.173     0     0 W healthd : battery l=99 v=4297 t=28.7 h=2 st=4 c=-704101 fc=3749000 cc=3 chg=a
12-28 05:50:30.877     0     0 W healthd : battery l=99 v=4297 t=28.7 h=2 st=4 c=-707030 fc=3749000 cc=3 chg=a
12-28 05:50:31.742     0     0 E         : [drm:sde_encoder_lineptr_callback:4406] late lineptr, headroom -29
12-28 05:50:32.161   787 31661 W SensorService: Arrival timestamp too late
12-28 05:50:32.199   787 31661 W SensorService: Arrival timestamp too early
12-28 05:50:32.527  1658 31667 D OVRRemoteService: RemoteService::recordControllerStatusUpdate: device 9d17e7ce194bc1ec: status: CONNECTED_ACTIVE tracking: ORIENTATION, errors: --
12-28 05:50:33.378  1658 31667 D OVRRemoteService: RemoteService::recordControllerStatusUpdate: device 9d17e7ce194bc1ec: status: CONNECTED_ACTIVE tracking: POSITION, errors: --
12-28 05:50:33.928     0     0 E         : [drm:sde_encoder_lineptr_callback:4406] late lineptr, headroom -23
12-28 05:50:34.235     0     0 W healthd : battery l=99 v=4300 t=28.7 h=2 st=4 c=-659667 fc=3749000 cc=3 chg=a
12-28 05:50:34.438   787 31661 W SyncBossHAL: [warning] syncboss_hal_data_handlers.c(149): s:0 Long processing time detected for streaming packet type 143 (1040us)
12-28 05:50:38.132     0     0 E         : [drm:sde_encoder_lineptr_callback:4406] late lineptr, headroom 26
12-28 05:50:38.146     0     0 E         : [drm:sde_encoder_lineptr_callback:4406] late lineptr, headroom 30
12-28 05:50:39.021     0     0 W healthd : battery l=99 v=4300 t=28.7 h=2 st=4 c=-665527 fc=3749000 cc=3 chg=a
12-28 05:50:39.316     0     0 E         : [drm:sde_encoder_lineptr_callback:4406] late lineptr, headroom 1
--------- beginning of main
12-28 05:50:39.340   945 31668 I Tracking: BOLT:HexagonTelemetry: Global DSP utilization: 13.40% (670 / 5003 ms), Scalar Util: 73.28%, HVX Util: 43.52%, HMX Util: 0.00%.
12-28 05:50:39.340  2875 31739 I Vsync   : Vsync 6823:  1 x 14.47 ms (71.83 Hz, at 182409.659)
12-28 05:50:39.354  2875 31739 I Vsync   : Vsync 6824:  1 x 13.38 ms (71.83 Hz, at 182409.673)
12-28 05:50:39.568   945  1423 I Tracking: RELOC_TIMER: Running localization in background with throttling - It's 94.2 seconds since first attempt, background timeout after 3600 seconds
12-28 05:50:39.570   945  1423 I Tracking: LocalizationStateMachine: Not scheduling fine localization since last fine reloc is < 1s old.
12-28 05:50:39.570   945  1423 I Tracking: VEGA_MAPPER: Did not schedule localization because in cooldown.
12-28 05:50:39.570   945  1423 I Tracking: RELOC_TIMER: Running localization in background with throttling - It's 94.2 seconds since first attempt, background timeout after 3600 seconds
12-28 05:50:39.797   945 31712 I Tracking: boltlib: DSP utilization: 15.49 % (774 / 5001 ms)
12-28 05:50:39.806   945  1423 I Tracking: RELOC_TIMER: Running localization in background with throttling - It's 94.44 seconds since first attempt, background timeout after 3600 seconds
12-28 05:50:39.806   945  1423 I Tracking: LocalizationStateMachine: Not scheduling fine localization since last fine reloc is < 1s old.
12-28 05:50:39.807   945  1423 I Tracking: VEGA_MAPPER: Did not schedule localization because in cooldown.
12-28 05:50:39.807   945  1423 I Tracking: RELOC_TIMER: Running localization in background with throttling - It's 94.44 seconds since first attempt, background timeout after 3600 seconds
12-28 05:50:40.021 31322 31933 I VrApi   : FPS=63/72,Prd=53ms,Tear=0,Early=2,Stale=13,Stale2/5/10/max=3/0/0/4,VSnc=0,Lat=-1,Fov=0,CPU4/GPU=5/4,1862/525MHz,OC=FF,TA=0/0/0,SP=N/N/N,Mem=2092MHz,Free=2285MB,PLS=0,Temp=28.7C/0.0C,TW=1.77ms,App=14.90ms,GD=0.00ms,CPU&GPU=35.99ms,LCnt=1(DR72,LM0),GPU%=0.98,CPU%=0.56(W0.59),DSF=1.00,CFL=14.23/19.87,ICFLp95=17.82,LD=0,SF=1.00,LP=0,DVFS=0
12-28 05:50:40.047   945  1423 I Tracking: RELOC_TIMER: Running localization in background with throttling - It's 94.68 seconds since first attempt, background timeout after 3600 seconds
12-28 05:50:40.047   945  1423 I Tracking: LocalizationStateMachine: LocalizationStateMachine updated from NoAction to CoarseAndFineLocalization
12-28 05:50:40.052   945  1423 I Tracking: VEGA_MAPPER: Scheduling coarse localization.
12-28 05:50:40.052   945  1423 I Tracking: VEGA_MAPPER: Scheduling localization on root nodes 3c06380f-0958-3898-3af7-75699c3213b3.
12-28 05:50:40.053   945  1423 I Tracking: RELOC_TIMER: Running localization in background with throttling - It's 94.68 seconds since first attempt, background timeout after 3600 seconds
12-28 05:50:40.054   945  1429 E Tracking: FusedSubmapListProvider: fusion logic INTERSECTION_RANKED
12-28 05:50:40.054   945  1429 I Tracking: WifiSubmapListProvider: Using wifi distance model
12-28 05:50:40.057   945  1425 I Tracking: VIPER:DEEP_DESCRIPTOR: Computing Deep Descriptors using gravity orientation.
12-28 05:50:40.067   945  1429 W Tracking: PlaceRecognitionSubmapListProvider: Requested to extract top 20 submaps but we only have 4 in disk.
12-28 05:50:40.071   945 31712 W Tracking: TIMESTAMPCHECKER: Nominal rate wrong. Estimated data rate: 25, Nominal is 30
12-28 05:50:40.110   945  1423 I Tracking: VEGA_LOCALIZER: Fallback descriptor ratio in index 0.487248957157135 is lower than threshold 0.7, skipping fallback matching
12-28 05:50:40.117   945  1423 I Tracking: VEGA_LOCALIZER: Obtained 35 matches from 921 keypoints using udeep descriptors
12-28 05:50:40.117   945  1423 I Tracking: VEGA_LOCALIZER: Obtained 35 total matches from 921 total keypoints
12-28 05:50:40.118   945  1425 I Tracking: LOCALIZATION_POSE_ESTIMATOR: No pose scoring method was provided, not doing pose scoring
12-28 05:50:40.120   945  1425 I Tracking: LOCALIZATION_POSE_ESTIMATOR: Clustered estimation results from: 1 to : 1
12-28 05:50:40.120   945  1425 I Tracking: LOCALIZATION_POSE_ESTIMATOR: Post-RANSAC iterative minimization converged? false, number of successful features: 0, number of inlier observations: 0
12-28 05:50:40.121   945  1425 I Tracking: LOCALIZATION_POSE_ESTIMATOR: Keeping RANSAC pose estimate, iterative-minimization result ignored.
12-28 05:50:40.121   945  1425 I Tracking: LOCALIZATION_POSE_ESTIMATOR: Removed 2 duplicate inliers from the localization result (before: 5, after: 3).
12-28 05:50:40.121   945  1425 I Tracking: LOCALIZATION_POSE_ESTIMATOR: removing duplicate inliers
12-28 05:50:40.121   945  1425 W Tracking: VEGA_LOCALIZER: RANSAC failure: didn't find enough inliers for next step. Needs at least 4, got 3.
12-28 05:50:40.192     0     0 W healthd : battery l=99 v=4304 t=29.0 h=2 st=4 c=-627929 fc=3749000 cc=3 chg=a
12-28 05:50:40.223 31322 31322 D UE      : [GameActivity] Battery: status = 4, rawlevel = 99, scale = 100
12-28 05:50:40.224 31322 31322 D UE      : nativeBatteryEvent(stat = 4, lvl = 99  temp = 29.00 C)
12-28 05:50:40.286   945  1423 I Tracking: RELOC_TIMER: Running localization in background with throttling - It's 94.92 seconds since first attempt, background timeout after 3600 seconds
12-28 05:50:40.286   945  1423 I Tracking: LocalizationStateMachine: Not scheduling fine localization since last fine reloc is < 1s old.
12-28 05:50:40.286   945  1423 I Tracking: LocalizationStateMachine: All 1 submap set to load (and no more) are already in memory
12-28 05:50:40.286   945  1423 I Tracking: LocalizationStateMachine: Ignoring submap sets to be loaded since they are already all in memory.
12-28 05:50:40.286   945  1423 I Tracking: LocalizationStateMachine: Not scheduling coarse localization since last coarse reloc is < 1s old.
12-28 05:50:40.287   945  1423 I Tracking: LocalizationStateMachine: LocalizationStateMachine updated from CoarseAndFineLocalization to NoAction
12-28 05:50:40.287   945  1423 I Tracking: VEGA_MAPPER: Did not schedule localization because in cooldown.
12-28 05:50:40.287   945  1423 I Tracking: RELOC_TIMER: Running localization in background with throttling - It's 94.92 seconds since first attempt, background timeout after 3600 seconds
12-28 05:50:40.346     0     0 E         : [drm:sde_encoder_lineptr_callback:4406] late lineptr, headroom -15
12-28 05:50:40.370  2875 31739 I Vsync   : Vsync 6897:  1 x 14.51 ms (71.82 Hz, at 182410.689)
12-28 05:50:40.385  2875 31739 I Vsync   : Vsync 6898:  1 x 13.34 ms (71.82 Hz, at 182410.704)
12-28 05:50:40.526   945  1423 I Tracking: RELOC_TIMER: Running localization in background with throttling - It's 95.16 seconds since first attempt, background timeout after 3600 seconds
12-28 05:50:40.526   945  1423 I Tracking: LocalizationStateMachine: Not scheduling fine localization since last fine reloc is < 1s old.
12-28 05:50:40.526   945  1423 I Tracking: VEGA_MAPPER: Did not schedule localization because in cooldown.
12-28 05:50:40.526   945  1423 I Tracking: RELOC_TIMER: Running localization in background with throttling - It's 95.16 seconds since first attempt, background timeout after 3600 seconds
12-28 05:50:40.766   945  1423 I Tracking: RELOC_TIMER: Running localization in background with throttling - It's 95.4 seconds since first attempt, background timeout after 3600 seconds
12-28 05:50:40.767   945  1423 I Tracking: LocalizationStateMachine: Not scheduling fine localization since last fine reloc is < 1s old.
12-28 05:50:40.767   945  1423 I Tracking: VEGA_MAPPER: Did not schedule localization because in cooldown.
12-28 05:50:40.767   945  1423 I Tracking: RELOC_TIMER: Running localization in background with throttling - It's 95.4 seconds since first attempt, background timeout after 3600 seconds
12-28 05:50:41.007   945  1423 I Tracking: RELOC_TIMER: Running localization in background with throttling - It's 95.64 seconds since first attempt, background timeout after 3600 seconds
12-28 05:50:41.007   945  1423 I Tracking: LocalizationStateMachine: Not scheduling fine localization since last fine reloc is < 1s old.
12-28 05:50:41.007   945  1423 I Tracking: VEGA_MAPPER: Did not schedule localization because in cooldown.
12-28 05:50:41.007   945  1423 I Tracking: RELOC_TIMER: Running localization in background with throttling - It's 95.64 seconds since first attempt, background timeout after 3600 seconds
12-28 05:50:41.021 31322 31933 I VrApi   : FPS=63/72,Prd=53ms,Tear=0,Early=3,Stale=16,Stale2/5/10/max=4/0/0/4,VSnc=0,Lat=-1,Fov=0,CPU4/GPU=5/4,1862/525MHz,OC=FF,TA=0/0/0,SP=N/N/N,Mem=2092MHz,Free=2285MB,PLS=0,Temp=29.0C/0.0C,TW=1.78ms,App=14.51ms,GD=0.00ms,CPU&GPU=37.79ms,LCnt=1(DR72,LM0),GPU%=0.98,CPU%=0.63(W0.65),DSF=1.00,CFL=14.42/20.92,ICFLp95=17.98,LD=0,SF=1.00,LP=0,DVFS=0
12-28 05:50:41.180  3217  3532 I ClientSharedTelemetryStats: App memory usage: PSS=20 MiB, PrivateDirty=15 MiB, PrivateClean=1 MiB, GPU=3.6/3.8 MiB (96% allocated)
12-28 05:50:41.245   945  1423 I Tracking: RELOC_TIMER: Running localization in background with throttling - It's 95.88 seconds since first attempt, background timeout after 3600 seconds
12-28 05:50:41.245   945  1423 I Tracking: LocalizationStateMachine: LocalizationStateMachine updated from NoAction to CoarseAndFineLocalization
12-28 05:50:41.246   945  1423 I Tracking: VEGA_MAPPER: Scheduling coarse localization.
12-28 05:50:41.246   945  1423 I Tracking: VEGA_MAPPER: Scheduling localization on root nodes 3c06380f-0958-3898-3af7-75699c3213b3.
12-28 05:50:41.246   945  1429 E Tracking: FusedSubmapListProvider: fusion logic INTERSECTION_RANKED
12-28 05:50:41.246   945  1429 I Tracking: WifiSubmapListProvider: Using wifi distance model
12-28 05:50:41.246   945  1423 I Tracking: RELOC_TIMER: Running localization in background with throttling - It's 95.88 seconds since first attempt, background timeout after 3600 seconds
12-28 05:50:41.251   945  1425 I Tracking: VIPER:DEEP_DESCRIPTOR: Computing Deep Descriptors using gravity orientation.
12-28 05:50:41.261   945  1429 W Tracking: PlaceRecognitionSubmapListProvider: Requested to extract top 20 submaps but we only have 4 in disk.
12-28 05:50:41.311   945  1423 I Tracking: VEGA_LOCALIZER: Fallback descriptor ratio in index 0.487248957157135 is lower than threshold 0.7, skipping fallback matching
12-28 05:50:41.315   945  1423 I Tracking: VEGA_LOCALIZER: Obtained 26 matches from 995 keypoints using udeep descriptors
12-28 05:50:41.315   945  1423 I Tracking: VEGA_LOCALIZER: Obtained 26 total matches from 995 total keypoints
12-28 05:50:41.316   945  1425 I Tracking: LOCALIZATION_POSE_ESTIMATOR: No pose scoring method was provided, not doing pose scoring
12-28 05:50:41.317   945  1425 I Tracking: LOCALIZATION_POSE_ESTIMATOR: Clustered estimation results from: 1 to : 1
12-28 05:50:41.317   945  1425 I Tracking: LOCALIZATION_POSE_ESTIMATOR: Post-RANSAC iterative minimization converged? false, number of successful features: 0, number of inlier observations: 0
12-28 05:50:41.317   945  1425 I Tracking: LOCALIZATION_POSE_ESTIMATOR: Keeping RANSAC pose estimate, iterative-minimization result ignored.
12-28 05:50:41.317   945  1425 I Tracking: LOCALIZATION_POSE_ESTIMATOR: Removed 2 duplicate inliers from the localization result (before: 5, after: 3).
12-28 05:50:41.317   945  1425 I Tracking: LOCALIZATION_POSE_ESTIMATOR: removing duplicate inliers
12-28 05:50:41.317   945  1425 W Tracking: VEGA_LOCALIZER: RANSAC failure: didn't find enough inliers for next step. Needs at least 4, got 3.
12-28 05:50:41.460     0     0 E         : [drm:sde_encoder_lineptr_callback:4406] late lineptr, headroom -19
12-28 05:50:41.484  2875 31739 I Vsync   : Vsync 6977:  1 x 14.52 ms (71.82 Hz, at 182411.803)
12-28 05:50:41.489   945  1423 I Tracking: RELOC_TIMER: Running localization in background with throttling - It's 96.12 seconds since first attempt, background timeout after 3600 seconds
12-28 05:50:41.489   945  1423 I Tracking: LocalizationStateMachine: Not scheduling fine localization since last fine reloc is < 1s old.
12-28 05:50:41.489   945  1423 I Tracking: LocalizationStateMachine: All 1 submap set to load (and no more) are already in memory
12-28 05:50:41.489   945  1423 I Tracking: LocalizationStateMachine: Ignoring submap sets to be loaded since they are already all in memory.
12-28 05:50:41.489   945  1423 I Tracking: LocalizationStateMachine: Not scheduling coarse localization since last coarse reloc is < 1s old.
12-28 05:50:41.489   945  1423 I Tracking: LocalizationStateMachine: LocalizationStateMachine updated from CoarseAndFineLocalization to NoAction
12-28 05:50:41.489   945  1423 I Tracking: VEGA_MAPPER: Did not schedule localization because in cooldown.
12-28 05:50:41.489   945  1423 I Tracking: RELOC_TIMER: Running localization in background with throttling - It's 96.12 seconds since first attempt, background timeout after 3600 seconds
12-28 05:50:41.500  2875 31739 I Vsync   : Vsync 6978:  1 x 13.33 ms (71.82 Hz, at 182411.818)
12-28 05:50:41.724   945  1423 W Tracking: VEGA_MAP_BUILDER: Resolved a potential TrackToMapPointAssosiation conflict between tracks 3670189 (index = 56, version = 173) and 6881933 (index = 105, version = 653). Point handle: h[450, 101].
12-28 05:50:41.725   945  1423 I Tracking: RELOC_TIMER: Running localization in background with throttling - It's 96.36 seconds since first attempt, background timeout after 3600 seconds
12-28 05:50:41.725   945  1423 I Tracking: LocalizationStateMachine: Not scheduling fine localization since last fine reloc is < 1s old.
12-28 05:50:41.725   945  1423 I Tracking: VEGA_MAPPER: Did not schedule localization because in cooldown.
12-28 05:50:41.725   945  1423 I Tracking: RELOC_TIMER: Running localization in background with throttling - It's 96.36 seconds since first attempt, background timeout after 3600 seconds
12-28 05:50:41.725     0     0 E         : [drm:sde_encoder_lineptr_callback:4406] late lineptr, headroom -4
12-28 05:50:41.749  2875 31739 I Vsync   : Vsync 6996:  1 x 14.47 ms (71.81 Hz, at 182412.067)
12-28 05:50:41.765  2875 31739 I Vsync   : Vsync 6997:  1 x 13.37 ms (71.81 Hz, at 182412.083)
12-28 05:50:41.772 31322 31367 V UE      : [NetworkChangedManager] Network Capabilities changed, has Internet: true
12-28 05:50:41.774 19087 19164 V UE      : [NetworkChangedManager] Network Capabilities changed, has Internet: true
12-28 05:50:41.779 19087   942 V UE      : [NetworkChangedManager] Verifying internet connection with host: https://example.com/
12-28 05:50:41.779  7958  8057 V UE      : [NetworkChangedManager] Network Capabilities changed, has Internet: true
12-28 05:50:41.780 31322   940 V UE      : [NetworkChangedManager] Verifying internet connection with host: https://example.com/
12-28 05:50:41.780  3265  3265 D MetaCam (DeviceLifecycleManager): onCapabilitiesChanged(...). Has NET_CAPABILITY_VALIDATED.
12-28 05:50:41.781 19053 19070 V UE      : [NetworkChangedManager] Network Capabilities changed, has Internet: true
12-28 05:50:41.782 19146 19183 V UE      : [NetworkChangedManager] Network Capabilities changed, has Internet: true
12-28 05:50:41.784  7958   943 V UE      : [NetworkChangedManager] Verifying internet connection with host: https://example.com/
12-28 05:50:41.785 19146   949 V UE      : [NetworkChangedManager] Verifying internet connection with host: https://example.com/
12-28 05:50:41.787  1658  1789 D ControllerManagement: P2p group not formed. No need to switch band.
12-28 05:50:41.789 19053   952 V UE      : [NetworkChangedManager] Verifying internet connection with host: https://example.com/
