12-29 03:55:53.690   973  1528 D SensorClientUtils: Executing transition from STANDBY to RUNNING
12-29 03:55:53.690   973  1528 D TrackingService: Enqueued transition to (targetPowerState, targetMuxName): (RUNNING, --) - transition timeout: 1000000000 ns
12-29 03:55:53.690   973  1150 I TrackingService: [                  vision_manager] Power transition: STANDBY -> RUNNING transition time: 0 ms
12-29 03:55:53.691   616   616 I libiad  : Enabling IAD polling
12-29 03:55:53.691   973  1150 I TrackingService: [                             iad] Power transition: STANDBY -> RUNNING transition time: 0 ms
12-29 03:55:53.691   973  1150 I TrackingService: [                            bolt] Power transition: STANDBY -> RUNNING transition time: 0 ms
12-29 03:55:53.691   973  1150 D TrackingService: IOT standby to running started
12-29 03:55:53.691   799   859 D CameraStream: Client 973: Attempting StreamControl: 0
12-29 03:55:53.691   799   859 D CameraClientManager: [HEADSET] Attempting starting camera client.
12-29 03:55:53.691   799   859 D CameraClientManager: [HEADSET] Successfully found client (973) to start in CameraClientManager list.
12-29 03:55:53.688     0     0 W healthd : battery l=100 v=4397 t=25.5 h=2 st=4 c=132812 fc=3749000 cc=3 chg=u
12-29 03:55:53.692   929 29893 D SimpleC2Component: Using output block pool with poolID 275 => got 275 - 0
12-29 03:55:53.692   799 13108 D SensorService: ControllerProvider: acquiring StreamingClient impl; approx # alive: 2
12-29 03:55:53.692   799 13108 D libsensorscommon: ControllerProvider: acquiring StreamingClient hidl
12-29 03:55:53.692  1697 29873 D OVRRemoteService: processStateChange([PairedControllerInfo JEDI 9d17e7ce194bc1ec disconnected update-required mcnt=0])
12-29 03:55:53.693  1697 29873 D OVRRemoteService: processStateChange([PairedControllerInfo JEDI d3d05f47e2487092 disconnected update-required mcnt=0])
12-29 03:55:53.694   799   859 I FrameSetDispatcher: [HEADSET] Client pid=973 (IOT): Client thread started
12-29 03:55:53.694   799   859 I CameraClientManager: [HEADSET] Added client (973)(IOT)
12-29 03:55:53.694   799   859 D CameraClientManager: [HEADSET] Attempting to start stream
12-29 03:55:53.694   799   859 I CameraClientManager: [HEADSET] Started clients: 1
12-29 03:55:53.694   799   859 I CameraClientManager: [HEADSET] Starting stream
12-29 03:55:53.694   799   859 I CameraHalOculus: CameraHalLog:  vendor/oculus/camera/fastpath/camerahal/src/MonoCameraOculus.cpp:EnableCamera:116 Enabling MonoCamera 0
12-29 03:55:53.694  1697  6592 D RemoteService: RemoteService - Registering status callback
12-29 03:55:53.695   973 29910 I Tracking: BOLT:HexagonShim: HTP clock GKs are both false: setting clock to turbo
12-29 03:55:53.695   973 29910 I Tracking: BoltSdkFramework: TorchDelegate: RMgr ref count changed from 9 to 10
12-29 03:55:53.693     0     0 W healthd : battery l=100 v=4397 t=25.5 h=2 st=4 c=132812 fc=3749000 cc=3 chg=u
12-29 03:55:53.696     0     0 I qcom,camera ac4f000.qcom,cci: qcom,cam-sensor0: Linked as a consumer to regulator.46
12-29 03:55:53.698     0     0 I qcom,camera ac4f000.qcom,cci: qcom,cam-sensor0: Linked as a consumer to regulator.7
12-29 03:55:53.698     0     0 I qcom,camera ac4f000.qcom,cci: qcom,cam-sensor0: Linked as a consumer to regulator.71
12-29 03:55:53.703   808   808 D AudioFlinger: Client defaulted notificationFrames to 12000 for frameCount 24000
12-29 03:55:53.704   808   808 D AF::TrackHandle: OpPlayAudio: not muting track:198 flags 0x840 have FLAG_BYPASS_INTERRUPTION_POLICY
12-29 03:55:53.706   786  1691 D audio_hw_primary: start_output_stream: enter: stream(0xe7cfb000)usecase(1: low-latency-playback) devices(0x2) is_haptic_usecase(0)
12-29 03:55:53.706   786  1691 D audio_hw_primary: select_devices for use case (low-latency-playback)
12-29 03:55:53.706   786  1691 I msm8974_platform: platform_check_and_set_codec_backend_cfg:becf: afe: bitwidth 16, samplerate 48000 channels 2, backend_idx 0 usecase = 1 device (speaker)
12-29 03:55:53.706   786  1691 D msm8974_platform: platform_split_snd_device: snd_device(2) num devices(1) new_snd_devices(0)
12-29 03:55:53.706   786  1691 I msm8974_platform: platform_check_and_set_codec_backend_cfg: new_snd_devices[0] is 2
12-29 03:55:53.706   786  1691 I msm8974_platform: platform_check_codec_backend_cfg:becf: afe: bitwidth 16, samplerate 48000 channels 2, backend_idx 0 usecase = 1 device (speaker)
12-29 03:55:53.707   786  1691 D audio_hw_extn: audio_extn_enable_hifi_filter: mixer_value set 0
12-29 03:55:53.707   786  1691 D msm8974_platform: platform_check_codec_backend_cfg:becf: updated afe: bitwidth 16, samplerate 48000 channels 2,backend_idx 0 usecase = 1 device (speaker)
12-29 03:55:53.707   786  1691 D msm8974_platform: platform_check_codec_backend_cfg:becf: afe: playback on codec device not supporting native playback set default Sample Rate(48k)
12-29 03:55:53.707   786  1691 I msm8974_platform: platform_check_codec_backend_cfg:becf: afe: Codec selected backend: 0 updated bit width: 16 and sample rate: 48000
12-29 03:55:53.707   786  1691 D audio_hw_primary: check_usecases_codec_backend:becf: force routing 0
12-29 03:55:53.707   786  1691 E msm8974_platform: platform_check_backends_match: Invalid snd_device = 
12-29 03:55:53.707   786  1691 D audio_hw_primary: check_usecases_codec_backend:becf: (78) check_usecases curr device: speaker, usecase device: backends match 0
12-29 03:55:53.707   786  1691 D audio_hw_primary: check_usecases_codec_backend:becf: check_usecases num.of Usecases to switch 0
12-29 03:55:53.707   786  1691 D hardware_info: hw_info_append_hw_type : device_name = speaker
12-29 03:55:53.707   786  1691 D msm8974_platform: platform_split_snd_device: snd_device(2) num devices(0) new_snd_devices(0)
12-29 03:55:53.707   786  1691 D audio_hw_primary: enable_snd_device: snd_device(2: speaker)
12-29 03:55:53.707   786  1691 D msm8974_platform: platform_get_island_cfg_on_device:island cfg status on snd_device = (speaker 0)
12-29 03:55:53.707   786  1691 D audio_route: Apply path: speaker
12-29 03:55:53.711   906 29892 D CCodecBufferChannel: [c2.android.vorbis.decoder#88] buffers after EOS ignored (0 us)
12-29 03:55:53.712   973 29910 I Tracking: boltlib: Initialized model MultiScaleTCNQuantizable with 0 HTA subgraph(s)
12-29 03:55:53.712   786  1691 I audio_hw_utils: audio_extn_utils_update_stream_output_app_type_cfg Allowing 24 and above bits playback on speaker ONLY at default sampling rate
12-29 03:55:53.712   786  1691 D audio_hw_utils: audio_extn_utils_send_app_type_cfg: usecase->out_snd_device speaker
12-29 03:55:53.712   786  1691 D msm8974_platform: platform_split_snd_device: snd_device(2) num devices(0) new_snd_devices(0)
12-29 03:55:53.712   786  1691 D audio_hw_utils: audio_extn_btsco_get_sample_rate:Not a BT SCO device, need not update sampling rate
12-29 03:55:53.712   786  1691 I audio_hw_utils: send_app_type_cfg_for_device PLAYBACK app_type 69943, acdb_dev_id 15, sample_rate 48000, snd_device_be_idx 43
12-29 03:55:53.712   973 29910 I Tracking: NN:backends: Using network spec 1/4.
12-29 03:55:53.713   786  1691 D msm8974_platform: platform_split_snd_device: snd_device(2) num devices(1) new_snd_devices(0)
12-29 03:55:53.713   786  1691 D audio_hw_utils: audio_extn_btsco_get_sample_rate:Not a BT SCO device, need not update sampling rate
12-29 03:55:53.713   786  1691 D ACDB-LOADER: ACDB -> send_audio_cal, acdb_id = 15, path = 0, app id = 0x11137, sample rate = 48000, afe_sample_rate = 48000
12-29 03:55:53.713   786  1691 D ACDB-LOADER: ACDB -> send_asm_topology
12-29 03:55:53.713   786  1691 D ACDB-LOADER: ACDB -> ACDB_CMD_GET_AUDPROC_STREAM_TOPOLOGY_ID
12-29 03:55:53.713   786  1691 D ACDB-LOADER: ACDB -> send_adm_topology
12-29 03:55:53.713   973 29910 I Tracking: NN:backends: Not using network spec 2/4: No valid TorchScript model found at absolute or relative path htp/qnn_model.ptl..
12-29 03:55:53.713   786  1691 D ACDB-LOADER: ACDB -> ACDB_CMD_GET_AUDPROC_COMMON_TOPOLOGY_ID
12-29 03:55:53.713   786  1691 D ACDB-LOADER: ACDB -> send_audtable
12-29 03:55:53.713   786  1691 D ACDB-LOADER: ACDB -> ACDB_CMD_GET_AUDPROC_INSTANCE_COMMON_TABLE_SIZE
12-29 03:55:53.713   786  1691 D ACDB-LOADER: ACDB -> ACDB_CMD_GET_AUDPROC_INSTANCE_COMMON_TABLE
12-29 03:55:53.713   786  1691 D ACDB-LOADER: ACDB -> AUDIO_SET_AUDPROC_CAL cal_type[11] acdb_id[15] app_type[69943]
12-29 03:55:53.713   786  1691 D ACDB-LOADER: ACDB -> send_audvoltable
12-29 03:55:53.713   786  1691 D ACDB-LOADER: ACDB -> ACDB_CMD_GET_AUDPROC_INSTANCE_GAIN_DEP_STEP_TABLE_SIZE
12-29 03:55:53.713   973 29910 I Tracking: NN:backends: Not using network spec 3/4: No valid TorchScript model found at absolute or relative path cpu/model.pt..
12-29 03:55:53.713   786  1691 D android.hardware.audio.service: Failed to fetch the lookup information of the device 0000000F 
12-29 03:55:53.713   786  1691 D ACDB-LOADER: Error: ACDB_CMD_GET_AUDPROC_INSTANCE_GAIN_DEP_STEP_TABLE_SIZE Returned = -19
12-29 03:55:53.713   786  1691 D ACDB-LOADER: ACDB -> ACDB_CMD_GET_AUDPROC_INSTANCE_GAIN_DEP_STEP_TABLE, vol index 0
12-29 03:55:53.713   786  1691 D android.hardware.audio.service: Failed to fetch the lookup information of the device 0000000F 
12-29 03:55:53.708     0     0 I cm710x 1-002c: cm710x_playback_in_enum_ext_get select PlaybackFrom = 1
12-29 03:55:53.713   786  1691 D ACDB-LOADER: Error: ACDB AudProc vol returned = -19
12-29 03:55:53.713   786  1691 D ACDB-LOADER: ACDB -> AUDIO_SET_VOL_CAL cal type = 12
12-29 03:55:53.713   786  1691 D ACDB-LOADER: ACDB -> ACDB_CMD_GET_AUDPROC_INSTANCE_STREAM_TABLE_SIZE
12-29 03:55:53.713   786  1691 D ACDB-LOADER: ACDB -> send_audstrmtable
12-29 03:55:53.713   786  1691 D ACDB-LOADER: ACDB -> ACDB_CMD_GET_AUDPROC_INSTANCE_STREAM_TABLE
12-29 03:55:53.713   786  1691 D ACDB-LOADER: ACDB -> audstrm_cal->cal_type.cal_data.cal_size = 20
12-29 03:55:53.713   786  1691 D ACDB-LOADER: ACDB -> send_afe_topology
12-29 03:55:53.713   786  1691 D ACDB-LOADER: ACDB -> ACDB_CMD_GET_AFE_TOPOLOGY_ID
12-29 03:55:53.713   786  1691 D ACDB-LOADER: ACDB -> GET_AFE_TOPOLOGY_ID for adcd_id 15, Topology Id 112fc
12-29 03:55:53.713   786  1691 D ACDB-LOADER: ACDB -> send_afe_cal
12-29 03:55:53.713   973 29910 I Tracking: NN:backends: Not using network spec 4/4: No valid TorchScript model found at absolute or relative path cpu/model.pt..
12-29 03:55:53.713   786  1691 D ACDB-LOADER: ACDB -> ACDB_CMD_GET_AFE_INSTANCE_COMMON_TABLE_SIZE
12-29 03:55:53.713   786  1691 D android.hardware.audio.service: Failed to fetch the lookup information of the device 0000000F 
12-29 03:55:53.713   786  1691 D ACDB-LOADER: Error: ACDB_CMD_GET_AFE_INSTANCE_COMMON_TABLE_SIZE Returned = -19
12-29 03:55:53.713   786  1691 D ACDB-LOADER: ACDB -> ACDB_CMD_GET_AFE_INSTANCE_COMMON_TABLE
12-29 03:55:53.713   786  1691 D android.hardware.audio.service: Failed to fetch the lookup information of the device 0000000F 
12-29 03:55:53.713   786  1691 D ACDB-LOADER: Error: ACDB AFE returned = -19
12-29 03:55:53.713   786  1691 D ACDB-LOADER: ACDB -> AUDIO_SET_AFE_CAL cal_type[16] acdb_id[15]
12-29 03:55:53.713   786  1691 D ACDB-LOADER: ACDB -> send_hw_delay : acdb_id = 15 path = 0
12-29 03:55:53.713   786  1691 D ACDB-LOADER: ACDB -> ACDB_AVSYNC_INFO: ACDB_CMD_GET_DEVICE_PROPERTY
12-29 03:55:53.713   786  1691 D msm8974_platform: platform_split_snd_device: snd_device(2) num devices(0) new_snd_devices(0)
12-29 03:55:53.713   786  1691 I msm8974_platform: platform_get_custom_mtmx_params: no matching param with id 0 ip_ch 2 op_ch 2 uc_id 1 snd_dev 2
12-29 03:55:53.713   786  1691 D audio_hw_primary: enable_audio_route: apply mixer and update path: low-latency-playback
12-29 03:55:53.713   786  1691 D audio_route: Apply path: low-latency-playback
12-29 03:55:53.713   786  1691 D audio_hw_primary: select_devices: done
12-29 03:55:53.715   973 29910 I Tracking: FaceTracking: Configuring active pipeline, model_name: 
12-29 03:55:53.715   973 29910 I Tracking: FaceTracking: Init face tracking with model 
12-29 03:55:53.715   973 29910 I Tracking: FaceTracking: FTPipeline configuration:
12-29 03:55:53.715   973 29910 I Tracking: FTPipelineE2E
12-29 03:55:53.715   973 29910 I Tracking: FaceTracking: Started. Took 26.7969ms.
12-29 03:55:53.715   973 29910 I Tracking: AudioFaceTrackingCapabilityImpl: Started. Took 26.8135ms.
12-29 03:55:53.715   906 29888 D AudioTrack: stop(172): called with 11233 frames delivered
12-29 03:55:53.720   799   859 I CameraHalOculus: CameraHalLog:  vendor/oculus/camera/fastpath/camerahal/src/MonoCameraOculus.cpp:EnableCamera:116 Enabling MonoCamera 1
12-29 03:55:53.717     0     0 I __afe_port_start: port id: 0x1000
12-29 03:55:53.717     0     0 I afe_find_cal_topo_id_by_port: port id: 0x1000, dev_acdb_id: 15
12-29 03:55:53.717     0     0 I afe_find_cal_topo_id_by_port: top_id:112fc acdb_id:15 afe_port_id:0x1000
12-29 03:55:53.717     0     0 I afe_get_cal_topology_id: port_id = 0x1000 acdb_id = 15 topology_id = 0x112fc cal_type_index=8 ret=0
12-29 03:55:53.717     0     0 I afe_send_port_topology_id: AFE set topology id 0x112fc  enable for port 0x1000 ret 0
12-29 03:55:53.717     0     0 I send_afe_cal_type: cal_index is 0
12-29 03:55:53.717     0     0 I send_afe_cal_type: dev_acdb_id[40] is 15
12-29 03:55:53.717     0     0 I afe_find_cal: cal_index 0 port_id 0x1000 port_index 40
12-29 03:55:53.717     0     0 I afe_find_cal: acdb_id 15 dev_acdb_id 15 sample_rate 48000 afe_sample_rates 48000
12-29 03:55:53.717     0     0 I afe_find_cal: cal block is a match, size is 0
12-29 03:55:53.717     0     0 I send_afe_cal_type: Sending cal_index cal 0
12-29 03:55:53.717     0     0 E send_afe_cal_type: No cal sent for cal_index 0, port_id = 0x1000! ret -22
12-29 03:55:53.717     0     0 I afe_send_hw_delay: port_id 0x1000 rate 48000 delay_usec 474 status 0
12-29 03:55:53.721     0     0 I qcom,camera ac4f000.qcom,cci: qcom,cam-sensor1: Linked as a consumer to regulator.46
12-29 03:55:53.722   799 29870 W SensorService: Data for sensor type HMD_IMU dropped because of failure to update clock drift from vsync. 1 drops in the last 0s.
12-29 03:55:53.723   603   629 W SyncBossFW: 9963167 [warning] {SPTH}: [rate_lim=1000] Big IMU diff (32086857us)
12-29 03:55:53.723     0     0 I qcom,camera ac4f000.qcom,cci: qcom,cam-sensor1: Linked as a consumer to regulator.7
12-29 03:55:53.724     0     0 I qcom,camera ac4f000.qcom,cci: qcom,cam-sensor1: Linked as a consumer to regulator.71
12-29 03:55:53.735   786  1691 D msm8974_platform: platform_set_channel_map mixer_ctl_name:Playback Channel Map9
12-29 03:55:53.735   786  1691 D msm8974_platform: platform_set_channel_map: set mapping(1 2 0 0 0 0 0 0) for channel:2
12-29 03:55:53.736   786  1691 D audio_hw_primary: start_output_stream: exit
12-29 03:55:53.736   786  1691 D audio_hw_primary: out_write: retry previous failed cal level set
12-29 03:55:53.736   786  1691 D msm8974_platform: platform_split_snd_device: snd_device(2) num devices(1) new_snd_devices(0)
12-29 03:55:53.745   799   859 I CameraHalOculus: CameraHalLog:  vendor/oculus/camera/fastpath/camerahal/src/MonoCameraOculus.cpp:EnableCamera:116 Enabling MonoCamera 2
12-29 03:55:53.747     0     0 I qcom,camera ac50000.qcom,cci: qcom,cam-sensor2: Linked as a consumer to regulator.46
12-29 03:55:53.749     0     0 I qcom,camera ac50000.qcom,cci: qcom,cam-sensor2: Linked as a consumer to regulator.7
12-29 03:55:53.749     0     0 I qcom,camera ac50000.qcom,cci: qcom,cam-sensor2: Linked as a consumer to regulator.71
12-29 03:55:53.771   799   859 I CameraHalOculus: CameraHalLog:  vendor/oculus/camera/fastpath/camerahal/src/MonoCameraOculus.cpp:EnableCamera:116 Enabling MonoCamera 3
12-29 03:55:53.773     0     0 I qcom,camera ac50000.qcom,cci: qcom,cam-sensor3: Linked as a consumer to regulator.46
12-29 03:55:53.775     0     0 I qcom,camera ac50000.qcom,cci: qcom,cam-sensor3: Linked as a consumer to regulator.7
12-29 03:55:53.775     0     0 I qcom,camera ac50000.qcom,cci: qcom,cam-sensor3: Linked as a consumer to regulator.71
12-29 03:55:53.796   799   859 D SensorService: SyncbossEventHandler: Enabling sensor HMD_FSIN
12-29 03:55:53.796   799   859 D SensorService: SyncbossEventHandler: Active sensors: synthetic[HMD_DOUBLETAP,EXTERNAL_TIMING,ZAP] non-synth[HMD_MAG,HMD_IMU,HMD_FSIN,PULSAR]
12-29 03:55:53.796   799   859 D SensorService: SyncbossEventHandler: acquiring session; approx # alive: 4
12-29 03:55:53.800   603   629 I SyncBossFW: 9963245 [info   ] {APPI}: Stopping camera streaming
12-29 03:55:53.839   603   629 I SyncBossFW: 9963283 [info   ] {BCAM}: OV7251 sensors found - 0xf
12-29 03:55:53.863  3111  3210 I GuardianPassthroughMgr: GuardianPassthroughMgr::UpdateTransition - Guardian driven passthrough animation enabled
12-29 03:55:53.863  3111  3210 I StateMachine: StateMachine::HandleEvent GuardianInitialization: mountEvent -> MountedTransition_Black
12-29 03:55:53.863  3111  3210 I StateMachine: StateMachine::HandleEvent HmdMovementTelemetry: hmdTelemetryMountEvent -> HmdTelemetry_Mounted
12-29 03:55:53.863  3111  3210 I GuardianTelemetry: [ovrStatsThreadGuardian::SendGuardianStateChangeTelemetry] Sending state change event DON, dialog 
12-29 03:55:53.863  3111  3210 I Deque   : AddEventToQueue called. eventInfo.type: 1000101000, eventInfo.next: 1
12-29 03:55:53.864   603   629 I SyncBossFW: 9963308 [info   ] {APPI}: Camera probe, found: 0xf
12-29 03:55:53.877   799   859 I DiceCameraSystem: Set cameras to 10 bpp (format 0x00000007)
12-29 03:55:53.880   799   859 I libsensorscommon: [HEADSET FSC] started at 9965.40
12-29 03:55:53.880   799  1046 I SyncBossHAL: [info   ] pulsar_manager.c(960): No IRLED tracked controllers connected/ready
12-29 03:55:53.880   799   859 I CameraHalOculus: CameraHalLog:  vendor/oculus/camera/fastpath/camerahal/src/MonoCameraOculus.cpp:StartCamera:177 Starting MonoCamera 0
12-29 03:55:53.889   799   859 I CameraHalOculus: CameraHalLog:  vendor/oculus/camera/fastpath/camerahal/src/MonoCameraOculus.cpp:StartCamera:177 Starting MonoCamera 1
12-29 03:55:53.898   799   859 I CameraHalOculus: CameraHalLog:  vendor/oculus/camera/fastpath/camerahal/src/MonoCameraOculus.cpp:StartCamera:177 Starting MonoCamera 2
12-29 03:55:53.906   799   859 I CameraHalOculus: CameraHalLog:  vendor/oculus/camera/fastpath/camerahal/src/MonoCameraOculus.cpp:StartCamera:177 Starting MonoCamera 3
12-29 03:55:53.916   863   863 D SurfaceFlinger: setCacPowerMode: mode=2
12-29 03:55:53.916   863   863 I SurfaceFlinger: Enabling HAL virtual displays
12-29 03:55:53.918   799   859 D CameraStream: Client 973: Finished StreamControl: 0
12-29 03:55:53.919   862   862 I SDM     : HWCVirtualDisplayFactory::Create: Created DPU based virtual display
12-29 03:55:53.920   862   862 W SDM     : HWDeviceDRM::PopulateDisplayAttributes: Driver doesn't report panel physical width and height - defaulting to 320dpi
12-29 03:55:53.920   862   862 W SDM     : HWDeviceDRM::PopulateDisplayAttributes: Driver doesn't report panel physical width and height - defaulting to 320dpi
12-29 03:55:53.920   862   862 W SDM     : HWDeviceDRM::PopulateDisplayAttributes: Driver doesn't report panel physical width and height - defaulting to 320dpi
12-29 03:55:53.920   862   862 W SDM     : HWDeviceDRM::PopulateDisplayAttributes: Driver doesn't report panel physical width and height - defaulting to 320dpi
12-29 03:55:53.920   862   862 W SDM     : HWDeviceDRM::PopulateDisplayAttributes: Driver doesn't report panel physical width and height - defaulting to 320dpi
12-29 03:55:53.920   862   862 W SDM     : HWDeviceDRM::PopulateDisplayAttributes: Driver doesn't report panel physical width and height - defaulting to 320dpi
12-29 03:55:53.920   862   862 W SDM     : HWDeviceDRM::PopulateDisplayAttributes: Driver doesn't report panel physical width and height - defaulting to 320dpi
12-29 03:55:53.920   862   862 W SDM     : HWDeviceDRM::PopulateDisplayAttributes: Driver doesn't report panel physical width and height - defaulting to 320dpi
12-29 03:55:53.920   862   862 W SDM     : HWDeviceDRM::PopulateDisplayAttributes: Driver doesn't report panel physical width and height - defaulting to 320dpi
12-29 03:55:53.920   862   862 W SDM     : HWDeviceDRM::PopulateDisplayAttributes: Driver doesn't report panel physical width and height - defaulting to 320dpi
12-29 03:55:53.920   862   862 W SDM     : HWDeviceDRM::PopulateDisplayAttributes: Driver doesn't report panel physical width and height - defaulting to 320dpi
12-29 03:55:53.920   862   862 W SDM     : HWDeviceDRM::PopulateDisplayAttributes: Driver doesn't report panel physical width and height - defaulting to 320dpi
12-29 03:55:53.920   862   862 W SDM     : HWDeviceDRM::PopulateDisplayAttributes: Driver doesn't report panel physical width and height - defaulting to 320dpi
12-29 03:55:53.920   862   862 W SDM     : HWDeviceDRM::PopulateDisplayAttributes: Driver doesn't report panel physical width and height - defaulting to 320dpi
12-29 03:55:53.920   862   862 W SDM     : HWDeviceDRM::PopulateDisplayAttributes: Driver doesn't report panel physical width and height - defaulting to 320dpi
12-29 03:55:53.920   862   862 W SDM     : HWDeviceDRM::PopulateDisplayAttributes: Driver doesn't report panel physical width and height - defaulting to 320dpi
12-29 03:55:53.920   862   862 W SDM     : HWDeviceDRM::PopulateDisplayAttributes: Driver doesn't report panel physical width and height - defaulting to 320dpi
12-29 03:55:53.920   862   862 W SDM     : HWDeviceDRM::PopulateDisplayAttributes: Driver doesn't report panel physical width and height - defaulting to 320dpi
12-29 03:55:53.920   862   862 W SDM     : HWDeviceDRM::PopulateDisplayAttributes: Driver doesn't report panel physical width and height - defaulting to 320dpi
12-29 03:55:53.920   862   862 W SDM     : HWDeviceDRM::PopulateDisplayAttributes: Driver doesn't report panel physical width and height - defaulting to 320dpi
12-29 03:55:53.920   862   862 W SDM     : HWDeviceDRM::PopulateDisplayAttributes: Driver doesn't report panel physical width and height - defaulting to 320dpi
12-29 03:55:53.920   862   862 W SDM     : HWDeviceDRM::PopulateDisplayAttributes: Driver doesn't report panel physical width and height - defaulting to 320dpi
12-29 03:55:53.920   862   862 W SDM     : HWDeviceDRM::PopulateDisplayAttributes: Driver doesn't report panel physical width and height - defaulting to 320dpi
12-29 03:55:53.920   862   862 W SDM     : HWDeviceDRM::PopulateDisplayAttributes: Driver doesn't report panel physical width and height - defaulting to 320dpi
12-29 03:55:53.920   862   862 W SDM     : HWDeviceDRM::PopulateDisplayAttributes: Driver doesn't report panel physical width and height - defaulting to 320dpi
12-29 03:55:53.920   862   862 W SDM     : HWDeviceDRM::PopulateDisplayAttributes: Driver doesn't report panel physical width and height - defaulting to 320dpi
12-29 03:55:53.920   862   862 W SDM     : HWDeviceDRM::PopulateDisplayAttributes: Driver doesn't report panel physical width and height - defaulting to 320dpi
12-29 03:55:53.920   862   862 W SDM     : HWDeviceDRM::PopulateDisplayAttributes: Driver doesn't report panel physical width and height - defaulting to 320dpi
12-29 03:55:53.920   862   862 W SDM     : HWDeviceDRM::PopulateDisplayAttributes: Driver doesn't report panel physical width and height - defaulting to 320dpi
12-29 03:55:53.920   862   862 W SDM     : HWDeviceDRM::PopulateDisplayAttributes: Driver doesn't report panel physical width and height - defaulting to 320dpi
12-29 03:55:53.920   862   862 W SDM     : HWDeviceDRM::PopulateDisplayAttributes: Driver doesn't report panel physical width and height - defaulting to 320dpi
12-29 03:55:53.920   862   862 W SDM     : HWDeviceDRM::PopulateDisplayAttributes: Driver doesn't report panel physical width and height - defaulting to 320dpi
12-29 03:55:53.920   862   862 W SDM     : HWDeviceDRM::PopulateDisplayAttributes: Driver doesn't report panel physical width and height - defaulting to 320dpi
12-29 03:55:53.920  1169  1416 I AutomationTest: ResumeFromSuspendTimeTests: system wakeup
12-29 03:55:53.920   862   862 W SDM     : HWDeviceDRM::PopulateDisplayAttributes: Driver doesn't report panel physical width and height - defaulting to 320dpi
12-29 03:55:53.920   862   862 W SDM     : HWDeviceDRM::PopulateDisplayAttributes: Driver doesn't report panel physical width and height - defaulting to 320dpi
12-29 03:55:53.920   862   862 W SDM     : HWDeviceDRM::PopulateDisplayAttributes: Driver doesn't report panel physical width and height - defaulting to 320dpi
12-29 03:55:53.920   862   862 I SDM     : HWDeviceDRM::UpdateMixerAttributes: Mixer WxH 4096x2160-1 for Virtual
12-29 03:55:53.921   862   862 I SDM     : HWCDisplay::UpdateConfigs: num_configs = 1
12-29 03:55:53.921   862   862 I SDM     : HWCDisplay::Init: Display created with id: 1, game_supported_: 0
12-29 03:55:53.921   862   862 I SDM     : HWDeviceDRM::UpdateMixerAttributes: Mixer WxH 1920x3664-1 for Virtual
12-29 03:55:53.921   862   862 I SDM     : HWVirtualDRM::SetDisplayAttributes: New WB Resolution: 1920x3664 cur_mode_index 2
12-29 03:55:53.921  2104  2104 I PlatformPluginManager: setHeadsetMountState: true
12-29 03:55:53.921  2104  2104 I PlatformPluginManager: setHeadsetMountState forcing isDocked=true
12-29 03:55:53.921  2104  2104 I PlatformPluginManager: Empty clients, initing
12-29 03:55:53.921  2104  2104 D PlatformPlugin: [PlatformPluginManager] Acquiring lock: nativeInit
12-29 03:55:53.921  2104  2104 D PlatformPlugin: [PlatformPluginManager] Successfully acquired lock: nativeInit
12-29 03:55:53.921  2104  2104 I PlatformPlugin: [PlatformPluginManager] Init
12-29 03:55:53.922   862   862 I SDM     : InitHDRinterface():127 HDR init done
12-29 03:55:53.922   973  1150 I Tracking: InsideOutTrackingCapabilityTranslation: onResume
12-29 03:55:53.922   973  1150 I Tracking: TELEMETRY_COLLECTOR: Starting periodic telemetry polling...
12-29 03:55:53.922   862   862 I SDM     : HDRIntfClient::GetParameter: Version info is: 2.0
12-29 03:55:53.922   862   862 I SDM     : StrategyImpl::InitializeHdrInfo: HDRLib version = 2.0
12-29 03:55:53.922   862   862 I SDM     : Deinit():195 HDR De-init done
12-29 03:55:53.923   862   862 I SDM     : ResourceImpl::RegisterDisplay: Registering display 49-2 with hw_block 49-4
12-29 03:55:53.923   862   862 I SDM     : InitHDRinterface():127 HDR init done
12-29 03:55:53.923   973  1150 I Tracking: VIPER:TELEMETRY: Calcated needed IMU telemetry buffer size as 528 measurements.
12-29 03:55:53.923   862   862 I SDM     : HDRIntfClient::GetParameter: Version info is: 2.0
12-29 03:55:53.923   862   862 I SDM     : panel_HDMI_sink_load():30 panel's peak brightness isn't unreasonably, should be in unit of nits. Default val is used!
12-29 03:55:53.924   603   629 I SyncBossFW: 9963367 [info   ] {APPI}: Starting camera streaming
12-29 03:55:53.924   603   629 I SyncBossFW: 9963367 [info   ] {BCAM}: Camera streaming started
12-29 03:55:53.924   862   862 I SDM     : ColorIntfClient::Init: Init successful
12-29 03:55:53.924   862   862 I SDM     : DisplayVirtual::SetActiveConfig: Virtual display resolution changed to[1920x3664]
12-29 03:55:53.924   862   862 I SDM     : DisplayBase::SetDisplayState: Set state = 1, display 49-2, teardown = 0
12-29 03:55:53.924   862   862 I SDM     : DisplayBase::SetFrameBufferConfig: New framebuffer resolution (1920x3664)
12-29 03:55:53.924   862   862 I SDM     : HWCDisplay::SetFrameBufferConfig: New framebuffer resolution (1920x3664)
12-29 03:55:53.924   862   862 I SDM     : HWCVirtualDisplayFactory::Create: Creating virtual display: w: 1920 h:3664 format:0x1
12-29 03:55:53.924   862   862 I SDM     : HWCDisplay::GetHdrCapabilities: HDR is not supported
12-29 03:55:53.924   862   862 I SDM     : HWCSession::CreateVirtualDisplayObj: Created virtual display id:1 with res: 1920x3664
12-29 03:55:53.924   862   862 I SDM     : HWCSession::CreateVirtualDisplay: Created virtual display id:1, res: 1920x3664
12-29 03:55:53.925 29429 29470 I AdrenoGLES-0: QUALCOMM build                   : fa5d856e9e, I160a5475da
12-29 03:55:53.925 29429 29470 I AdrenoGLES-0: Build Date                       : 07/24/23
12-29 03:55:53.925 29429 29470 I AdrenoGLES-0: OpenGL ES Shader Compiler Version: E031.42.07.00
12-29 03:55:53.925 29429 29470 I AdrenoGLES-0: Local Branch                     : 
12-29 03:55:53.925 29429 29470 I AdrenoGLES-0: Remote Branch                    : 
12-29 03:55:53.925 29429 29470 I AdrenoGLES-0: Remote Branch                    : 
12-29 03:55:53.925 29429 29470 I AdrenoGLES-0: Reconstruct Branch               : 
12-29 03:55:53.925 29429 29470 I AdrenoGLES-0: Build Config                     : S P 10.0.7 AArch64
12-29 03:55:53.925 29429 29470 I AdrenoGLES-0: Driver Path                      : /vendor/lib64/egl/libGLESv2_adreno.so
12-29 03:55:53.925 29429 29470 I AdrenoGLES-0: Driver Version                   : 0728.0
12-29 03:55:53.925 29429 29470 I AdrenoGLES-0: Process Name                     : com.epicgames.AtomVR
12-29 03:55:53.925  2104  2104 I OVRPlatform: [Context] ConfigOption DisableFbns =>  1
12-29 03:55:53.926  2104  2104 I OVRPlatform: [Context] Didn't find config(DisableP2pNetworking), returning default(0)
12-29 03:55:53.926  2104  2104 I OVRPlatform: [Context] Didn't find config(EnableCowatching), returning default(0)
12-29 03:55:53.926   973 29907 I Tracking: TIMESTAMPCHECKER: Received first IMU-IOHM capture timestamp: 9963.372146000 [sec]
12-29 03:55:53.927   973 29907 W Tracking: VIPER: dropping gyro data, because accelerometer cannot be interpolated.
12-29 03:55:53.927   973 29907 W Tracking: VIPER: dropping gyro data, because accelerometer cannot be interpolated.
12-29 03:55:53.928   973 29907 I Tracking: VisionInterface: HMD Tracking switching to 3dof (from disabled) - Engine State: Standby
12-29 03:55:53.928  1169  1169 W Looper  : Slow dispatch took 268ms main h=com.android.server.job.JobSchedulerService$JobHandler c=null m=1
12-29 03:55:53.930  2715  2998 I DeviceStatus: nativeHeadsetEvent(0)
12-29 03:55:53.931  2104  2104 I OVRPlatform: [AndroidPlatformIntegration] SetThreadCPUAffinity thread 0, cpu mask 0x0000007f
12-29 03:55:53.931 21797 21797 D ResourceDownloadHMDMountReceiver: Got HMD Mounted event, going to warm up assistant
12-29 03:55:53.931 21797 21797 W ResourceDownloadHMDMountReceiver: This user doesn't use Assistant at all. Not warming up Assistant.
12-29 03:55:53.932 21797 21797 D AuthServiceClient: onServiceConnected
12-29 03:55:53.932   988  4668 D VrDeviceManagerService: refresh-rate changed to 72Hz
12-29 03:55:53.933   973 29907 I Tracking: TIMESTAMPCHECKER: Received first Magnetometer-IOHM capture timestamp: 9963.378057000 [sec]
12-29 03:55:53.933   863   863 E DisplayDevice: Composition Display did not validate!
12-29 03:55:53.933   863   863 D SurfaceFlinger: Finished setting power mode 2 on display 4630946791093499009
12-29 03:55:53.933  1169  1392 D SurfaceControl: Excessive delay in setPowerMode()
12-29 03:55:53.933 29429 29470 I AdrenoGLES-0: PFP: 0x016dd112, ME: 0x00000000
12-29 03:55:53.933  2786  2786 I Vsync   : Opened /sys/class/drm/sde-crtc-0/lineptr_event
12-29 03:55:53.933  2786  2786 I CompositorTiming: ---------------- CompositorTiming::Init ----------------
12-29 03:55:53.933  2786  2786 I CompositorVR_EGL: EGLSurfaceInit: createSurface( vr_compositor, 3664, 1920 )
12-29 03:55:53.934  1169  1392 E DisplayDeviceConfig: requesting nits when no mapping exists.
12-29 03:55:53.934  1169  1392 E DisplayDeviceConfig: requesting nits when no mapping exists.
12-29 03:55:53.935  2104 29933 I libjingle: [9912:055] [29933] (RenderFrameCapturerImpl.cpp:351): InitializeAndroid
12-29 03:55:53.935  2104 29933 D JVM     : JVM::Initialize@[tid=29933]
12-29 03:55:53.935  2104 29933 D JVM     : JVM::JVM@[tid=29933]
12-29 03:55:53.936  2786  2786 I CompositorVR_EGL: EGLSurfaceInit: frontBufferWidth = 3664
12-29 03:55:53.936  2786  2786 I CompositorVR_EGL: EGLSurfaceInit: frontBufferHeight = 1920
12-29 03:55:53.936  2786  2786 I CompositorVR_EGLProtected: EGLProtectedSurfaceInit: createSurface( vr_compositor, 3664, 1920 )
12-29 03:55:53.936  2715  2998 I VrRuntimeClient: SetCompositorClientFeatureFlag ClientFeatureFlag 0 
12-29 03:55:53.936   862  1059 W SDM     : HWCDisplay::SetClientTarget: New Dataspace = 142671872 not matching Dataspace from color mode = 0
12-29 03:55:53.936  2715  2998 I FaceEyeTrackingManagerHelpers: [FaceEyeTrackingManager] Audio FT GK: 0
12-29 03:55:53.936  2715  2998 I LogTimer: CPUTIME: VrRuntimeClient_BeginSession took 273.7982 ms
12-29 03:55:53.936  1169  1206 W PowerManagerService: Screen on took 362 ms
12-29 03:55:53.936   863   863 W HwcComposer: command 0x2010000 generated error 4
12-29 03:55:53.936  2715  2998 I ClientInputSettings: HANDTRACKING: enabled input settings, setting hand mode control settings to ControllersOnly
12-29 03:55:53.936  2715  2998 I ClientInputInterface: DEADRECKONING SetControllerTrackingExtendedDeadreckoning 0
12-29 03:55:53.937   973  1150 I Tracking: FaceTracking:PeriodicTelemetry: Starting FaceTrackingTelemetryAggregator. Timestamp: 9965.440396250 [sec]
12-29 03:55:53.937   973  1150 I Tracking: FaceTracking:PeriodicTelemetry: Starting FT Telemetry Event at: 9965.455119739 [sec]
12-29 03:55:53.937   973  1150 I Tracking: FaceTracking:PeriodicTelemetry: Starting FT Lipsync Telemetry Event at: 9965.455119739 [sec]
12-29 03:55:53.937  2104 29933 I org.webrtc.Logging: MediaCodecVideoEncoder: Found target encoder for mime video/x-vnd.on2.vp8 : OMX.qcom.video.encoder.vp8. Color: 0x15
12-29 03:55:53.937  2786  3135 I VrRuntimeService: RuntimeServiceSDKServer::SetControllerTrackingExtendedDeadreckoning: 3103074261
12-29 03:55:53.937  1169  1169 W Looper  : Slow delivery took 253ms main h=android.os.Handler c=com.android.server.BatteryService$$ExternalSyntheticLambda4@8189c2b m=0
12-29 03:55:53.937  2104 29933 I MediaCodecVideoEncoder: [9912:057] [29933] MediaCodecVideoEncoder: VP8 HW Encoder supported.
12-29 03:55:53.937  2104 29933 I org.webrtc.Logging: MediaCodecVideoEncoder: Found target encoder for mime video/avc : OMX.qcom.video.encoder.avc. Color: 0x15
12-29 03:55:53.937  2104 29933 I MediaCodecVideoEncoder: [9912:057] [29933] MediaCodecVideoEncoder: H.264 HW Encoder supported.
12-29 03:55:53.937   973  1150 I Tracking: VisionInterface: Resuming IOT Engine
12-29 03:55:53.938   973  1150 I Tracking: ANCHOR_MANAGER: Clearing state of vega anchor manager.
12-29 03:55:53.938   973  1150 E Tracking: AnchorCacheHelpers: Nearby anchor does not exist in shared memory!
12-29 03:55:53.938   973  1150 I Tracking: ANCHOR_MANAGER: AnchorManager::onResume Updating latestDonTimestamp with 9965.456176770 [sec]
12-29 03:55:53.938   973  1150 I Tracking: MapperOperationsRuntimeIPCServer: Triggering cancel segmented uploads event: eventUid=ef733f78-d844-4227-d947-bbfc9f23ae68
12-29 03:55:53.938   973  1150 I Tracking: InternalAnchorApiServerCapabilityImpl: onResume
12-29 03:55:53.938   973  1150 I Tracking: SlamAnchorRuntimeIpcServer: Starting Thread to Notify Post-Processing and Preemption Events
12-29 03:55:53.938   973 29907 I Tracking: TIMESTAMPCHECKER: Identified IMU-IOHM sampling rate: 1013.17 Hz
12-29 03:55:53.938  2786  2786 I CompositorVR_EGLProtected: EGLProtectedSurfaceInit: frontBufferIsProtected = 1
12-29 03:55:53.938   973  1150 I Tracking: SlamAnchorRuntimeIpcServer: Discarding Existing Post-Processing Events and Enqueueing Post-Processing Preemption Event
12-29 03:55:53.938   973  1150 D TrackingService: IOT standby to running completed
12-29 03:55:53.939 29429 29610 D UE      : Case APP_CMD_INIT_WINDOW
12-29 03:55:53.939 29429 29610 D UE      : LogAndroidEvents::EnqueueAppEvent : 0, [width=3664, height=1920], tid = 29610, APP_EVENT_STATE_WINDOW_CREATED
12-29 03:55:53.939   973  1150 I TrackingService: [                             iot] Power transition: STANDBY -> RUNNING transition time: 247 ms
12-29 03:55:53.939 29429 29610 D UE      : LogAndroidEvents::EnqueueAppEvent : 14, [width=-1, height=-1], tid = 29610, APP_EVENT_STATE_APP_ACTIVATED
12-29 03:55:53.939 29429 29610 D UE      : LogAndroidEvents::EnqueueAppEvent : 15, [width=-1, height=-1], tid = 29610, APP_EVENT_RUN_CALLBACK
12-29 03:55:53.939   973 29938 I Tracking: SlamAnchorRuntimeIpcServer: Post-Processing Thread Running
12-29 03:55:53.939   973 29938 I Tracking: SlamAnchorRuntimeIpcServer: Initializing IPC
12-29 03:55:53.939   973 29938 I Tracking: SlamAnchorRuntimeIpcServer: Ensuring SPS Started
12-29 03:55:53.939   973 29938 I BrokerMethodsAndroid [RUNTIMEIPC]: EnsureServiceStarted: SPS userMode is already IPC_USER_CURRENT
12-29 03:55:53.941 29429 29610 D UE      : LogAndroidEvents::EnqueueAppEvent : 1, [width=3664, height=1920], tid = 29610, APP_EVENT_STATE_WINDOW_RESIZED
12-29 03:55:53.941 29429 29610 D UE      : LogAndroidEvents::EnqueueAppEvent : 4, [width=-1, height=-1], tid = 29610, APP_EVENT_STATE_WINDOW_REDRAW_NEEDED
12-29 03:55:53.941   799   859 D CameraStream: Client 973: Attempting StreamControl: 0
12-29 03:55:53.941   799   859 D CameraClientManager: [CONTROLLER] Attempting starting camera client.
12-29 03:55:53.941   799   859 D CameraClientManager: [CONTROLLER] Successfully found client (973) to start in CameraClientManager list.
12-29 03:55:53.942  1169  3502 I RuntimeIpcHelperService: Going to start ComponentInfo{com.facebook.spatial_persistence_service/com.facebook.spatial_persistence_service.AnchorPersistenceService} as foreground
12-29 03:55:53.942   862   862 W SDM     : HWCDisplay::SetClientTarget: New Dataspace = 142671872 not matching Dataspace from color mode = 0
12-29 03:55:53.942   863   863 W HwcComposer: command 0x2010000 generated error 4
12-29 03:55:53.943  3286 22278 I MRSVC   : MIXEDREALITY: MrServiceController: VrFocusManager::Top Activity Changed, topActivity now is: 'com.epicgames.AtomVR', immersiveApp now is: ''.
12-29 03:55:53.943 21879 21879 D [SUI] ActivityManagerUtilsHelper: onFocusedWindowChanged: Instance: com.oculus.common.activitymanager.ActivityManagerUtilsHelper@60b1b54, topWindowUid: 10111, focusedApp: com.epicgames.AtomVR, previousApp: com.oculus.vrshell
12-29 03:55:53.943 21879 21879 D [SUI] AnytimeUIPanelApp: Received ActivityStateChanges - com.epicgames.AtomVR
12-29 03:55:53.944 21879 21879 D [SUI] ActivityManagerUtilsHelper: onFocusedWindowChanged: Instance: com.oculus.common.activitymanager.ActivityManagerUtilsHelper@65313bc, topWindowUid: 10111, focusedApp: com.epicgames.AtomVR, previousApp: com.oculus.vrshell
12-29 03:55:53.944   799   859 I FrameSetDispatcher: [CONTROLLER] Client pid=973 (Cnst): Client thread started
12-29 03:55:53.944   799   859 I CameraClientManager: [CONTROLLER] Added client (973)(Cnst)
12-29 03:55:53.944   799   859 D CameraClientManager: [CONTROLLER] Attempting to start stream
12-29 03:55:53.944   799   859 I CameraClientManager: [CONTROLLER] Started clients: 1
12-29 03:55:53.944   799   859 I CameraClientManager: [CONTROLLER] Starting stream
12-29 03:55:53.944   799   859 I libsensorscommon: [CONTROLLER FSC] started at 9965.46
12-29 03:55:53.944   799   859 D CameraStream: Client 973: Finished StreamControl: 0
12-29 03:55:53.944   973  1150 I Tracking: ConstellationTrackingCapabilityTranslation: onResume
12-29 03:55:53.944  3286  3388 I Deque   : AddEventToQueue called. eventInfo.type: 1000101000, eventInfo.next: 1
12-29 03:55:53.945  3286  3388 I MRSVC   : MIXEDREALITY: MrRuntimeImpl: onDisplayRefreshRateChanged: Display rate changed from 90 to 72.
12-29 03:55:53.945   862   862 I SDM     : HWCDisplay::GetColorModeCount: Supported color mode count = 1
12-29 03:55:53.945   973  1150 I TrackingService: ConstellationTrackingGlue: setEnableExtendedDeadreckoning to false
12-29 03:55:53.945   862   862 I SDM     : HWCDisplay::GetColorModes: Color mode = 0 is supported
12-29 03:55:53.945   973  1150 I TrackingService: [                   constellation] Power transition: STANDBY -> RUNNING transition time: 6 ms
12-29 03:55:53.945  2104 29933 I MediaCodecVideoEncoder: [9912:065] [29933] MediaCodecVideoEncoder: MediaCodecVideoEncoderFactory::SetEGLContext
12-29 03:55:53.945  2104 29933 I MediaCodecVideoDecoder: [9912:065] [29933] MediaCodecVideoDecoder: MediaCodecVideoDecoderFactory ctor
12-29 03:55:53.945  2104 29933 I org.webrtc.Logging: MediaCodecVideoDecoder: Trying to find HW decoder for mime video/x-vnd.on2.vp8
12-29 03:55:53.945  3279  3279 V MetaCam (ForegroundAppChecker): Current foreground package is com.epicgames.AtomVR.
12-29 03:55:53.945  2104 29933 I org.webrtc.Logging: MediaCodecVideoDecoder: Found candidate decoder OMX.qcom.video.decoder.vp8
12-29 03:55:53.946   973  1150 I Tracking: SelftrackedHeadsetSide: onResume
12-29 03:55:53.946   973  1150 I TrackingService: [              selftracked_client] Power transition: STANDBY -> RUNNING transition time: 0 ms
12-29 03:55:53.946  2104 29933 I org.webrtc.Logging: MediaCodecVideoDecoder: Found target decoder OMX.qcom.video.decoder.vp8. Color: 0x13
12-29 03:55:53.946  2104 29933 I MediaCodecVideoDecoder: [9912:065] [29933] MediaCodecVideoDecoder: VP8 HW Decoder supported.
12-29 03:55:53.946  2104 29933 I org.webrtc.Logging: MediaCodecVideoDecoder: Trying to find HW decoder for mime video/x-vnd.on2.vp9
12-29 03:55:53.946  2104 29933 I org.webrtc.Logging: MediaCodecVideoDecoder: Found candidate decoder OMX.qcom.video.decoder.vp9
12-29 03:55:53.946   973  1150 I TrackingService: [                            hand] Power transition: STANDBY -> RUNNING transition time: 0 ms
12-29 03:55:53.947   973  1150 I TrackingService: [                            face] Power transition: STANDBY -> RUNNING transition time: 0 ms
12-29 03:55:53.947   799   859 D CameraStream: Client 973: Attempting StreamControl: 0
12-29 03:55:53.947   799   859 D CameraClientManager: [HEADSET] Attempting starting camera client.
12-29 03:55:53.947   799   859 D CameraClientManager: [HEADSET] Successfully found client (973) to start in CameraClientManager list.
12-29 03:55:53.948  3279  3279 D FileCapture: Async on app switch
12-29 03:55:53.949  3279 10121 D MetaCam (MediaCapabilityChecker): checkMediaHasRecordingCapabilities packageName: com.epicgames.AtomVR
12-29 03:55:53.949  3286  3388 W PhaseSync: [PS_Ver_1_0] DiscardFrame is triggered, frame->Stage 2 FrameBeginIndex 5591 
12-29 03:55:53.950  3286  3388 I MRSVC   : MIXEDREALITY: OpenXrSupport: OpenXR qualified success: xrBeginFrame(clientState_.session, &beginFrameDesc): XR_FRAME_DISCARDED
12-29 03:55:53.950  3286  3388 I MRSVC   : MIXEDREALITY: MrServiceView: renderIteration: Hibernating the rendering thread since ID is off and no active PT layers.
12-29 03:55:53.950  3286  3388 I MRSVC   : MIXEDREALITY: MrServiceModelBase: Hibernating caller (most likely rendering thread) due to commandQueue being empty.
12-29 03:55:53.950  2104 29933 I org.webrtc.Logging: MediaCodecVideoDecoder: Found target decoder OMX.qcom.video.decoder.vp9. Color: 0x13
12-29 03:55:53.950   799   859 I FrameSetDispatcher: [HEADSET] Client pid=973 (Obj): Client thread started
12-29 03:55:53.950   799   859 I CameraClientManager: [HEADSET] Added client (973)(Obj)
12-29 03:55:53.950  2104 29933 I MediaCodecVideoDecoder: [9912:070] [29933] MediaCodecVideoDecoder: VP9 HW Decoder supported.
12-29 03:55:53.950   799   859 D CameraClientManager: [HEADSET] Attempting to start stream
12-29 03:55:53.950   799   859 I CameraClientManager: [HEADSET] Started clients: 2
12-29 03:55:53.950   799   859 D CameraStream: Client 973: Finished StreamControl: 0
12-29 03:55:53.950  2104 29933 I org.webrtc.Logging: MediaCodecVideoDecoder: Trying to find HW decoder for mime video/avc
12-29 03:55:53.950  2104 29933 I org.webrtc.Logging: MediaCodecVideoDecoder: Found candidate decoder OMX.qcom.video.decoder.avc
12-29 03:55:53.950  2104 29933 I org.webrtc.Logging: MediaCodecVideoDecoder: Found target decoder OMX.qcom.video.decoder.avc. Color: 0x13
12-29 03:55:53.950   973  1150 I Tracking: ObjectTrackingCapabilityTranslation: onResume
12-29 03:55:53.951   973  1150 I TrackingService: [                          object] Power transition: STANDBY -> RUNNING transition time: 3 ms
12-29 03:55:53.951  2104 29933 I MediaCodecVideoDecoder: [9912:070] [29933] MediaCodecVideoDecoder: H264 HW Decoder supported.
12-29 03:55:53.951   973  1150 I TrackingService: [                      controller] Power transition: STANDBY -> RUNNING transition time: 0 ms
12-29 03:55:53.934   973   973 W ObjectTrackingT: type=1400 audit(0.0:524): avc: denied { getattr } for path="/dev/cpuset/object_tracking/tasks" dev="cgroup" ino=187 scontext=u:r:trackingserver:s0 tcontext=u:object_r:cgroup:s0 tclass=file permissive=0
12-29 03:55:53.953  2786  2786 I RuntimeIPCServerMgr [RUNTIMEIPC]: RegisterServer: SUCCESS: com.oculus.systemdriver:com.oculus.vrruntimeservice (DDCDataServer)
12-29 03:55:53.955   862  1059 W SDM     : HWCDisplay::SetClientTarget: New Dataspace = 142671872 not matching Dataspace from color mode = 0
12-29 03:55:53.956   863   863 W HwcComposer: command 0x2010000 generated error 4
12-29 03:55:53.958  1169  1416 E MediaPlayerNative: internal/external state mismatch corrected
12-29 03:55:53.960  1169  1416 V MediaPlayer: resetDrmState:  mDrmInfo=null mDrmProvisioningThread=null mPrepareDrmInProgress=false mActiveDrmScheme=false
12-29 03:55:53.960  1169  1416 V MediaPlayer: cleanDrmObj: mDrmObj=null mDrmSessionId=null
12-29 03:55:53.961   973 29938 I Tracking: SlamAnchorRuntimeIpcServer: Successfully Started SPS
12-29 03:55:53.961   973 29938 I Tracking: SlamAnchorRuntimeIpcServer: Notifying Post-Processing Preemption Event: 90e378dd-d68c-cdea-924c-921d47538ddb
12-29 03:55:53.962  2786 29945 I CompositorVR: WarpThreadInit()
12-29 03:55:53.962  2786 29945 I CompositorVR: WarpThreadInit: gettid
12-29 03:55:53.962  2786 29945 I CompositorVR: WarpThreadInit: attaching...
12-29 03:55:53.961  2858  2858 I AnchorPersistenceService: onStartCommand()
12-29 03:55:53.963  2858 29904 I [CT]    : SP:IA:SPSPostProcessor: Received PostProcessingEvent: 90e378dd-d68c-cdea-924c-921d47538ddb, isPreemptionEvent: true, anchorCount: 0
12-29 03:55:53.963  2786 29945 I CompositorVR: WarpThreadInit: setting UID high priority context.
12-29 03:55:53.963   973 29902 I Tracking: SlamAnchorRuntimeIpcServer: Client: 3201564155 Received Post Processing Event: 90e378dd-d68c-cdea-924c-921d47538ddb
12-29 03:55:53.964  2858 29904 I [CT]    : SP:IA:SPSPostProcessor: Post-processing event queue size: 0. Clearing queue.
12-29 03:55:53.965   906  2809 D NuPlayerDriver: reset(0xeb1d1640) at state 6
12-29 03:55:53.968   862   936 I libdisplayconfigqti: Register client name: vendor.oculus.hardware.graphics.composer988 device client: 0xb400007681166040
12-29 03:55:53.969  2715  2715 D KeyboardInputMethodService: onFinishInput
12-29 03:55:53.975   906 29892 I hw-BpHwBinder: onLastStrongRef automatically unlinking death recipients
12-29 03:55:53.975   799  1043 E SyncBossHAL: [error  ] syncboss_hal_impl_input.c(1148): Pulsar connected devices state change: 21, host current time: 1703804153975ms
12-29 03:55:53.975   799   799 D CameraStream: Client 973: Attempting StreamControl: 0
12-29 03:55:53.975   799   799 D CameraClientManager: [HEADSET] Attempting starting camera client.
12-29 03:55:53.975   799   799 D CameraClientManager: [HEADSET] Successfully found client (973) to start in CameraClientManager list.
12-29 03:55:53.976   929  5582 I hw-BpHwBinder: onLastStrongRef automatically unlinking death recipients
12-29 03:55:53.976   929  5582 V C2Store : in ~ComponentModule
12-29 03:55:53.976   929  5582 V C2Store : unloading dll
12-29 03:55:53.977   799   799 I FrameSetDispatcher: [HEADSET] Client pid=973 (ExpCtl): Client thread started
12-29 03:55:53.977   862  1059 W SDM     : HWCDisplay::SetClientTarget: New Dataspace = 142671872 not matching Dataspace from color mode = 0
12-29 03:55:53.978   799   799 I CameraClientManager: [HEADSET] Added client (973)(ExpCtl)
12-29 03:55:53.978   863   863 W HwcComposer: command 0x2010000 generated error 4
12-29 03:55:53.978   799   799 D CameraClientManager: [HEADSET] Attempting to start stream
12-29 03:55:53.978   799   799 I CameraClientManager: [HEADSET] Started clients: 3
12-29 03:55:53.978   799   799 D CameraStream: Client 973: Finished StreamControl: 0
12-29 03:55:53.978   799   799 D CameraStream: Client 973: Attempting StreamControl: 0
12-29 03:55:53.978   799   799 D CameraClientManager: [CONTROLLER] Attempting starting camera client.
12-29 03:55:53.978   799   799 D CameraClientManager: [CONTROLLER] Successfully found client (973) to start in CameraClientManager list.
12-29 03:55:53.981   799   799 I FrameSetDispatcher: [CONTROLLER] Client pid=973 (ExpCtl): Client thread started
12-29 03:55:53.981   799   799 I CameraClientManager: [CONTROLLER] Added client (973)(ExpCtl)
12-29 03:55:53.981   799   799 D CameraClientManager: [CONTROLLER] Attempting to start stream
12-29 03:55:53.981   799   799 I CameraClientManager: [CONTROLLER] Started clients: 2
12-29 03:55:53.981   799   799 D CameraStream: Client 973: Finished StreamControl: 0
12-29 03:55:53.981   603   629 E SyncBossFW: 9963421 [error  ] {WIHO}: Pulsar dev connected d3d05f47e2487092 t: 9963421ms, (type: 9011401, connection id: 0x15)
12-29 03:55:53.981   603   629 I SyncBossFW: 9963424 [info   ] {WIHI}: Found 1 connected pulsar devices
12-29 03:55:53.981   973  1150 I Tracking: ExposureControlCapabilityImpl: onResume
12-29 03:55:53.981   973  1150 I TrackingService: [                 ExposureControl] Power transition: STANDBY -> RUNNING transition time: 30 ms
12-29 03:55:53.981   973  1528 D TrackingService: Transition completed for (null)
12-29 03:55:53.981   973  1528 D TrackingService: setPowerState: RUNNING
12-29 03:55:53.985   906 29891 D MediaCodec: flushMediametrics
12-29 03:55:53.985  2786 29945 I CompositorVR: WarpThreadInit: setting TID max priority context.
