01-01 01:37:00.340  2778  3024 I [OAO] GuardianController: SETUP STATE1 ACTIVE: GUARDIAN_SYSTEM_GUARDIAN_VALID
01-01 01:37:00.340  2778  3024 I [OAO] GuardianController: SETUP STATE2 ACTIVE: GUARDIAN_SYSTEM_2_DIRECTIONAL_PASSTHROUGH_ENABLED
01-01 01:37:00.340  2778  3024 I [OAO] GuardianController: SETUP STATE2 ACTIVE: GUARDIAN_SYSTEM_2_SHOULD_PUSH_BLACK
01-01 01:37:00.340  2778  3024 I [OAO] DialogController: Reset resetReason:2
01-01 01:37:00.340  2778  3024 I OpenXR  : PostSessionStateChange: XR_SESSION_STATE_READY -> XR_SESSION_STATE_SYNCHRONIZED
01-01 01:37:00.340  2778  3024 I Deque   : AddEventToQueue called. eventInfo.type: 18, eventInfo.next: 1
01-01 01:37:00.340  2778  3024 I OpenXR  : PostSessionStateChange: XR_SESSION_STATE_SYNCHRONIZED -> XR_SESSION_STATE_VISIBLE
01-01 01:37:00.340  2778  3024 I Deque   : AddEventToQueue called. eventInfo.type: 18, eventInfo.next: 1
01-01 01:37:00.340  2778  3024 I OpenXR  : PostSessionStateChange: XR_SESSION_STATE_VISIBLE -> XR_SESSION_STATE_FOCUSED
01-01 01:37:00.340  2778  3024 I Deque   : AddEventToQueue called. eventInfo.type: 18, eventInfo.next: 1
01-01 01:37:00.340  2778  3024 I [OAO] VrPlatformOpenXr: xrPollEvent: received XR_TYPE_EVENT_DATA_SESSION_STATE_CHANGED: 3 for session 0x200000000000002 at time 8277.883997
01-01 01:37:00.340  2778  3024 I [OAO] VrPlatformOpenXr: Session state changed XR_SESSION_STATE_SYNCHRONIZED
01-01 01:37:00.340  2778  3024 I [OAO] VrPlatformOpenXr: xrPollEvent: received XR_TYPE_EVENT_DATA_SESSION_STATE_CHANGED: 4 for session 0x200000000000002 at time 8277.884061
01-01 01:37:00.340  2778  3024 I [OAO] VrPlatformOpenXr: Session state changed XR_SESSION_STATE_VISIBLE
01-01 01:37:00.340  2778  3024 I [OAO] VrPlatformOpenXr: xrPollEvent: received XR_TYPE_EVENT_DATA_SESSION_STATE_CHANGED: 5 for session 0x200000000000002 at time 8277.884080
01-01 01:37:00.340  2778  3024 I [OAO] VrPlatformOpenXr: Session state changed XR_SESSION_STATE_FOCUSED
01-01 01:37:00.344   966 29053 I Tracking: TIMESTAMPCHECKER: Identified Camera-Constellation sampling rate: 25.00 Hz
01-01 01:37:00.344   966 29040 I Tracking: InitBAFeatures: Constraints: 312 Tried: 185, Failed: 33, Map features: 0, Above Huber: 18, Low-parallax: 7, Soft-constraint: 0
01-01 01:37:00.344   966 29040 I Tracking: InitializationBA: Iteration number: 3. Cost: 532.9806518554688, Correction norm: 0.001806308631785214
01-01 01:37:00.344   966 29040 I Tracking: VioInitialization: Initialization Complete!
01-01 01:37:00.344  2233  2425 I Deque   : AddEventToQueue called. eventInfo.type: 1000101000, eventInfo.next: 1
01-01 01:37:00.344  2233  2425 I [SEO] VrPlatformOpenXr: xrPollEvent: received XR_TYPE_EVENT_DATA_DISPLAY_REFRESH_RATE_CHANGED_FB event: fromRate 90.000000 -> toRate 72.000000
01-01 01:37:00.344   966 29040 I Tracking: InitializationBA: Computing calibration jacobians: true, Bootstrap iteration: false
01-01 01:37:00.345  3057  3342 I GuardianFocusListener: [GuardianFocusListener::onTopActivityChanged] updated TopActivityChangeEvent - topActivityName: com.oculus.os.clearactivity, immersiveAppPackageName: nullopt, isImmersiveAppTopActivity: false
01-01 01:37:00.345   966 29040 I Tracking: InitBAFeatures: Constraints: 243 Tried: 113, Failed: 0, Map features: 0, Above Huber: 17, Low-parallax: 3, Soft-constraint: 0
01-01 01:37:00.346  3057  3207 I VrGuardianService: GuardianSDKServer::ClearPassthroughFlag 8
01-01 01:37:00.346  3188 16447 I MRSVC   : MIXEDREALITY: MrServiceController: VrFocusManager::Top Activity Changed, topActivity now is: 'com.oculus.os.clearactivity', immersiveApp now is: ''.
01-01 01:37:00.346   802   802 D AF::TrackHandle: OpPlayAudio: track:188 uid:1000 pkg:android usage:13 not muted
01-01 01:37:00.346   802   802 D AF::TrackHandle: OpPlayAudio: track:188 uid:1000 pkg:android usage:13 not muted
01-01 01:37:00.346   802  5019 D AF::TrackHandle: OpPlayAudio: track:56 uid:10016 pkg:com.oculus.shellenv usage:1 muted
01-01 01:37:00.347  2778  3024 I [OAO] DisplayStatePreservationController: Applied preserved state by adapter: taskBarPositionAdapter
01-01 01:37:00.350   966 29040 W Tracking: VIO_HAS_TRACKING: Bad tracking: too few inliers. num_inliers = 0 < 4
01-01 01:37:00.350   966 29040 W Tracking: VEGA:HM:MAP_TRACKING: [Throttled count=8] Map tracking did not run.
01-01 01:37:00.350   966 29040 W Tracking: VIO_HAS_TRACKING: Bad tracking: too few inliers. num_inliers = 0 < 5
01-01 01:37:00.350   966 29040 W Tracking: VEGA:HM:PERCEPTUAL: [8275.779 [sec]] Bad tracking: tracker health is bad
01-01 01:37:00.350   966 29040 I Tracking: VEGA:HM:PERCEPTUAL: [8275.779 [sec]] Perceptual tracking state transition from UNKNOWN to 3DoF.
01-01 01:37:00.351   966 29040 I Tracking: VegaTracker: [Throttled count=8] VegaTracker::track returned 224 track measurement(s) 0 track-to-landmark association(s) and 65 closed track ID(s) while reporting poor tracking quality. (isTrackerHealthy = false, isMapTrackingHealthy = false)
01-01 01:37:00.351   966 29040 I Tracking: VIPER: Tracking initialization complete.
01-01 01:37:00.351  2788 29058 I CompositorProgs: Using GLES Version 310
01-01 01:37:00.351   966 29040 W Tracking: VIPER: Frame Tracking (0.069374428 [sec]) exceeded camera sampling time (0.033333333 [sec]).
01-01 01:37:00.351  2026 29123 I OVRPlatform: [SequencedRunner] SequencedRunner::InitializeCurrentThread() = 0x6e9a4ffb18
01-01 01:37:00.353  2026 29123 I OVRPlatform: [SequencedRunner] SetThreadName of 0x6e9a4ffb18 to SeqRunner
01-01 01:37:00.354  2788 29058 I CompositorProgs: loaded binary layerProgram :0x200000000040083:0x in 2.9 ms
01-01 01:37:00.359  2026  2026 I OVRPlatform: [AndroidPlatformIntegration] OS supports Oculus mic sharing, using native APIs for ovr_Microphone
01-01 01:37:00.359  2026  2026 I OboeAudio: openStream() INPUT -------- OboeVersion1.7.0 --------
01-01 01:37:00.359  2026  2026 I AAudio  : AAudioStreamBuilder_openStream() called ----------------------------------------
01-01 01:37:00.359  2026  2026 I AudioStreamBuilder: rate   =  48000, channels  = 1, channelMask = 0x80000001, format   = 1, sharing = SH, dir = INPUT
01-01 01:37:00.359  2026  2026 I AudioStreamBuilder: device =      0, sessionId = -1, perfMode = 10, callback: OFF with frames = 0
01-01 01:37:00.359  2026  2026 I AudioStreamBuilder: usage  =      1, contentType = 2, inputPreset = 1, allowedCapturePolicy = 0
01-01 01:37:00.359  2026  2026 I AudioStreamBuilder: privacy sensitive = false
01-01 01:37:00.359  2026  2026 I AudioStreamBuilder: opPackageName = (null)
01-01 01:37:00.359  2026  2026 I AudioStreamBuilder: attributionTag = (null)
01-01 01:37:00.359  2026  2026 D AudioStreamBuilder: build() MMAP not used because AAUDIO_PERFORMANCE_MODE_LOW_LATENCY not requested.
01-01 01:37:00.359  2026  2026 D .oculus.horizo: PlayerBase::PlayerBase()
01-01 01:37:00.362   966 29040 I Tracking: TIMESTAMPCHECKER: Identified Camera-IOHM sampling rate: 25.00 Hz
01-01 01:37:00.363   966 29040 W Tracking: TIMESTAMPCHECKER: Nominal rate wrong. Estimated data rate: 25, Nominal is 30
01-01 01:37:00.364  1155  1171 I ActivityTaskManager: Displayed com.oculus.os.clearactivity/.ClearActivity: +74ms
01-01 01:37:00.368  3188  3250 W PhaseSync: [PS_Ver_1_0] DiscardFrame is triggered, frame->Stage 2 FrameBeginIndex 12349 
01-01 01:37:00.368  3188  3250 I MRSVC   : MIXEDREALITY: OpenXrSupport: OpenXR qualified success: xrBeginFrame(clientState_.session, &beginFrameDesc): XR_FRAME_DISCARDED
01-01 01:37:00.368  3188  3250 I MRSVC   : MIXEDREALITY: MrServiceView: renderIteration: Hibernating the rendering thread since ID is off and no active PT layers.
01-01 01:37:00.368  3188  3250 I MRSVC   : MIXEDREALITY: MrServiceModelBase: Hibernating caller (most likely rendering thread) due to commandQueue being empty.
01-01 01:37:00.385   783   852 D audio_hw_primary: adev_open_input_stream: enter: sample_rate(48000) channel_mask(0x10) devices(0x80000004)        stream_handle(0xe6f7a000) io_handle(102) source(1) format 5
01-01 01:37:00.385   783   852 D audio_hw_primary: adev_open_input_stream: enter: sample_rate(48000) channel_mask(0x10) devices(0x80000004)        stream_handle(0xe6f7a000) io_handle(102) source(1) format 1
01-01 01:37:00.385   783   852 D audio_hw_primary: io_streams_map_insert: Added stream in io_streams_map with handle 102
01-01 01:37:00.385   783   852 E device_utils: update_device_list: Invalid device: 0
01-01 01:37:00.388   802 29125 I AudioFlinger: AudioFlinger's thread 0xb400007535be05c0 tid=29125 ready to run
01-01 01:37:00.388   783  8230 D audio_hw_primary: in_standby: enter: stream (0xe6f7a000) usecase(23: audio-record)
01-01 01:37:00.391   783   852 D audio_hw_primary: in_standby: enter: stream (0xe6f7a000) usecase(23: audio-record)
01-01 01:37:00.393   783   852 I EffectsFactory: EffectCreate() create_effect
01-01 01:37:00.394   783   852 W EffectHAL: Effect 0xe6fabc50 command SET_CONFIG returned status: Invalid argument
01-01 01:37:00.394   783   852 W EffectHAL: Effect 0xe6fabc50 command SET_CONFIG returned status: Invalid argument
01-01 01:37:00.395   783   852 I EffectsFactory: EffectCreate() create_effect
01-01 01:37:00.396   783  8230 W EffectHAL: Effect 0xe6fabca0 command SET_CONFIG returned status: Invalid argument
01-01 01:37:00.396   783   852 W EffectHAL: Effect 0xe6fabc50 command SET_CONFIG returned status: Invalid argument
01-01 01:37:00.397   783   852 W EffectHAL: Effect 0xe6fabca0 command SET_CONFIG returned status: Invalid argument
01-01 01:37:00.399   802  8192 D AF::RecordHandle: OpRecordAudio: track:212 uid:10051 pkg:com.oculus.horizon usage:0 source:1 not muted
01-01 01:37:00.400  2026  2026 D AAudioStream: setState(s#33) from 0 to 2
01-01 01:37:00.400  2026  2026 I AAudio  : AAudioStreamBuilder_openStream() returns 0 = AAUDIO_OK for s#33 ----------------
01-01 01:37:00.400  2026  2026 I miclib (OboeMicrophone): Successfully opened Oboe stream
01-01 01:37:00.401  2026 29127 I OVRPlatform: [SequencedRunner] SequencedRunner::InitializeCurrentThread() = 0x6fd3fb1de0
01-01 01:37:00.401  2026 29127 I OVRPlatform: [SequencedRunner] SetThreadName of 0x6fd3fb1de0 to SeqRunner
01-01 01:37:00.403  2026  2026 I libjingle: [8265:314] [2026] (WebRtcPeerConnectionFactory.cpp:119): WebRtcPeerConnectionFactory::WebRtcPeerConnectionFactory
01-01 01:37:00.408  2026 29128 I libjingle: [8265:320] [29128] (WebRtcPeerConnectionFactory.cpp:100): SetThreadCPUAffinity thread 0, cpu mask 127
01-01 01:37:00.410  2026 29129 I libjingle: [8265:321] [29129] (WebRtcPeerConnectionFactory.cpp:100): SetThreadCPUAffinity thread 0, cpu mask 127
01-01 01:37:00.410  2026  2026 I libjingle: [8265:321] [2026] (WebRtcPeerConnectionFactory.cpp:164): WebRtcPeerConnectionFactory::WebRtcPeerConnectionFactory enc 0x6fd4167ae0 dec 0x6fd4167ed0
01-01 01:37:00.411  2026 29129 D JVM     : AttachCurrentThreadIfNeeded::ctor@[tid=29129]
01-01 01:37:00.411  2026 29129 D JVM     : Attaching thread to JVM
01-01 01:37:00.411  2026 29129 D JVM     : JVM::environment@[tid=29129]
01-01 01:37:00.411  2026 29129 D JVM     : JNIEnvironment::ctor@[tid=29129]
01-01 01:37:00.411  2026 29129 D AudioManager: ctor@[tid=29129]
01-01 01:37:00.411  2026 29129 D JVM     : JNIEnvironment::RegisterNatives(org/webrtc/voiceengine/WebRtcAudioManager)
01-01 01:37:00.411  2026 29129 D JVM     : NativeRegistration::ctor@[tid=29129]
01-01 01:37:00.411  2026 29129 D JVM     : NativeRegistration::NewObject@[tid=29129]
01-01 01:37:00.412  2026 29129 I org.webrtc.Logging: WebRtcAudioManager: ctor@[name=Thread-140, id=3645]
01-01 01:37:00.412  2026 29129 I org.webrtc.Logging: WebRtcAudioManager: Sample rate is set to 48000 Hz
01-01 01:37:00.413  3635 28999 W OVRLibrary: null cursor received for query content://com.oculus.ocms.library/apps/com.oculus.os.clearactivity
01-01 01:37:00.414  2026 29129 D AudioManager: OnCacheAudioParameters@[tid=29129]
01-01 01:37:00.414  2026 29129 D AudioManager: hardware_aec: 1
01-01 01:37:00.414  2026 29129 D AudioManager: hardware_agc: 0
01-01 01:37:00.414  2026 29129 D AudioManager: hardware_ns: 1
01-01 01:37:00.414  2026 29129 D AudioManager: low_latency_output: 1
01-01 01:37:00.414  2026 29129 D AudioManager: sample_rate: 48000
01-01 01:37:00.414  2026 29129 D AudioManager: channels: 1
01-01 01:37:00.414  2026 29129 D AudioManager: output_buffer_size: 192
01-01 01:37:00.414  2026 29129 D AudioManager: input_buffer_size: 1920
01-01 01:37:00.414  2026 29129 D JVM     : GlobalRef::ctor@[tid=29129]
01-01 01:37:00.414  2026 29129 D AudioManager: JavaAudioManager::ctor@[tid=29129]
01-01 01:37:00.414  2026 29129 D JVM     : AttachCurrentThreadIfNeeded::ctor@[tid=29129]
01-01 01:37:00.414  2026 29129 D JVM     : JVM::environment@[tid=29129]
01-01 01:37:00.414  2026 29129 D JVM     : JNIEnvironment::ctor@[tid=29129]
01-01 01:37:00.414  2026 29129 D AudioTrackJni: ctor@[tid=29129]
01-01 01:37:00.414  2026 29129 D JVM     : JNIEnvironment::RegisterNatives(org/webrtc/voiceengine/WebRtcAudioTrack)
01-01 01:37:00.414  2026 29129 D JVM     : NativeRegistration::ctor@[tid=29129]
01-01 01:37:00.414  2026 29129 D JVM     : NativeRegistration::NewObject@[tid=29129]
01-01 01:37:00.414  2026 29129 I org.webrtc.Logging: WebRtcAudioTrack: ctor@[name=Thread-140, id=3645]
01-01 01:37:00.414  2026 29129 D JVM     : GlobalRef::ctor@[tid=29129]
01-01 01:37:00.414  2026 29129 D AudioManager: SetActiveAudioLayer(5)@[tid=29129]
01-01 01:37:00.414  2026 29129 D AudioManager: delay_estimate_in_milliseconds: 150
01-01 01:37:00.414  2026 29129 D AudioTrackJni: AttachAudioBuffer@[tid=29129]
01-01 01:37:00.414  2026 29129 D AudioTrackJni: SetPlayoutSampleRate(48000)
01-01 01:37:00.414  2026 29129 D AudioTrackJni: SetPlayoutChannels(1)
01-01 01:37:00.414  2026 29129 I libjingle: [8265:326] [29129] (AudioRecordWrapper.cpp:53): Attached an audio buffer to AudioRecordWrapper
01-01 01:37:00.420  3635 28824 W OVRLibrary: null cursor received for query content://com.oculus.ocms.library/apps/com.oculus.os.clearactivity
01-01 01:37:00.422  3635 28821 W OVRLibrary: null cursor received for query content://com.oculus.ocms.library/apps/com.oculus.os.clearactivity
01-01 01:37:00.423   966 29053 I Tracking: CONSTELLATION: left: Successfully reinitialized 6DoF filter. Keep Cov and Calib States = N. Keep velocity state and covariance = N,Covariance of meas: 4.32283e-06 8.37504e-06 1.02537e-05  0.00500587  0.00328501  0.00164628
01-01 01:37:00.424  1707 28998 D OVRRemoteService: RemoteService::recordControllerStatusUpdate: device 9d17e7ce194bc1ec: status: CONNECTED_ACTIVE tracking: ORIENTATION, errors: --
01-01 01:37:00.424  2026 29129 I libjingle: [8265:335] [29129] (webrtcvoiceengine.cc:246): WebRtc VoiceEngine codecs:
01-01 01:37:00.424  2026 29129 I libjingle: [8265:336] [29129] (webrtcvoiceengine.cc:273): ISAC/16000/1 (103)
01-01 01:37:00.424  2026 29129 I libjingle: [8265:336] [29129] (webrtcvoiceengine.cc:273): ISAC/32000/1 (104)
01-01 01:37:00.424  2026 29129 I libjingle: [8265:336] [29129] (webrtcvoiceengine.cc:273): PCMU/8000/1 (0)
01-01 01:37:00.424  2026 29129 I libjingle: [8265:336] [29129] (webrtcvoiceengine.cc:273): PCMA/8000/1 (8)
01-01 01:37:00.424  2026 29129 W libjingle: [8265:336] [29129] (webrtcvoiceengine.cc:297): Unexpected codec: PCMU/8000/2 (110)
01-01 01:37:00.425  2026 29129 W libjingle: [8265:336] [29129] (webrtcvoiceengine.cc:297): Unexpected codec: PCMA/8000/2 (118)
01-01 01:37:00.425  2026 29129 I libjingle: [8265:336] [29129] (webrtcvoiceengine.cc:273): ILBC/8000/1 (102)
01-01 01:37:00.425  2026 29129 I libjingle: [8265:336] [29129] (webrtcvoiceengine.cc:273): G722/8000/1 (9)
01-01 01:37:00.425  2026 29129 W libjingle: [8265:336] [29129] (webrtcvoiceengine.cc:297): Unexpected codec: G722/8000/2 (119)
01-01 01:37:00.425  2026 29129 I libjingle: [8265:336] [29129] (webrtcvoiceengine.cc:273): opus/48000/2 (111)
01-01 01:37:00.425  2026 29129 I libjingle: [8265:336] [29129] (webrtcvoiceengine.cc:273): CN/8000/1 (13)
01-01 01:37:00.425  2026 29129 I libjingle: [8265:336] [29129] (webrtcvoiceengine.cc:273): CN/16000/1 (105)
01-01 01:37:00.425  2026 29129 I libjingle: [8265:336] [29129] (webrtcvoiceengine.cc:273): CN/32000/1 (106)
01-01 01:37:00.425  2026 29129 I libjingle: [8265:336] [29129] (webrtcvoiceengine.cc:273): telephone-event/8000/1 (126)
01-01 01:37:00.425  2026 29129 I libjingle: [8265:336] [29129] (webrtcvoiceengine.cc:273): red/8000/1 (127)
01-01 01:37:00.425  2026 29129 I libjingle: [8265:336] [29129] (webrtcvideoengine2.cc:497): WebRtcVideoEngine2::WebRtcVideoEngine2()
01-01 01:37:00.426  3635 28820 W OVRLibrary: null cursor received for query content://com.oculus.ocms.library/apps/com.oculus.os.clearactivity
01-01 01:37:00.427  2026 29129 I libjingle: [8265:339] [29129] (webrtcvoiceengine.cc:551): WebRtcVoiceEngine::Init
01-01 01:37:00.427  2026 29129 I libjingle: [8265:339] [29129] (webrtcvoiceengine.cc:575): VoiceEngine 4.1.0
01-01 01:37:00.427  2026 29129 I libjingle: [8265:339] [29129] (voe_base_impl.cc:244): Init: An external ADM implementation will be used in VoiceEngine
01-01 01:37:00.427  2026 29129 D AudioManager: Init@[tid=29129]
01-01 01:37:00.428  2026 29129 I org.webrtc.Logging: WebRtcAudioManager: init@[name=Thread-140, id=3645]
01-01 01:37:00.428  2026 29129 I org.webrtc.Logging: WebRtcAudioManager: audio mode is: MODE_NORMAL
01-01 01:37:00.428  2026 29129 D AudioTrackJni: Init@[tid=29129]
01-01 01:37:00.428  2026 29129 I libjingle: [8265:339] [29129] (webrtcvoiceengine.cc:1066): webrtc: output: available=0
01-01 01:37:00.428  2026 29129 E libjingle: [8265:339] [29129] (webrtcvoiceengine.cc:1066): webrtc: stereo playout is not supported
01-01 01:37:00.428  2026 29129 W libjingle: [8265:339] [29129] (webrtcvoiceengine.cc:1066): webrtc: Init() failed to set mono/stereo playout mode (error=8090)
01-01 01:37:00.428  2026 29129 I libjingle: [8265:340] [29129] (webrtcvoiceengine.cc:1066): webrtc: output: available=0
01-01 01:37:00.428  2026 29129 E libjingle: [8265:340] [29129] (webrtcvoiceengine.cc:1066): webrtc: recording in stereo is not supported
01-01 01:37:00.428  2026 29129 W libjingle: [8265:340] [29129] (webrtcvoiceengine.cc:1066): webrtc: Init() failed to set mono/stereo recording mode (error=8090)
01-01 01:37:00.428  2778  3024 I [OAO] InputManager: Adding controller deviceId = 1
01-01 01:37:00.428  2778  3024 I [OAO] TrackedHand: Hand lost, disconnecting. 3
01-01 01:37:00.428  2778  3024 I [OAO] InputManager: Removing device 3
01-01 01:37:00.428  2026 29129 I libjingle: [8265:340] [29129] (webrtcvoiceengine.cc:1066): webrtc: TransmitMixer::SetAudioProcessingModule(audioProcessingModule=0xac360c00)
01-01 01:37:00.429  2026 29129 I libjingle: [8265:340] [29129] (webrtcvoiceengine.cc:1066): webrtc: OutputMixer::SetAudioProcessingModule(audioProcessingModule=0xac360c00)
01-01 01:37:00.429  2778  3024 I [OAO] ModelCache: Load controller model
01-01 01:37:00.429  2026 29129 E libjingle: [8265:340] [29129] (voe_base_impl.cc:371): Init: Failed to set agc to enabled: 0
01-01 01:37:00.429  2026 29129 I libjingle: [8265:340] [29129] (webrtcvoiceengine.cc:648): ApplyOptions: AudioOptions {aec: true, agc: true, ns: true, hf: true, swap: false, audio_jitter_buffer_max_packets: 50, audio_jitter_buffer_fast_accelerate: false, typing: true, agc_delta: 0, experimental_agc: false, extended_filter_aec: false, delay_agnostic_aec: false, experimental_ns: false, }
01-01 01:37:00.429  2026 29129 I OVRPlatform: [SharedMicrophoneAudioRecord] EnableBuiltInEffect(): called to enable effect 0
01-01 01:37:00.429  2026 29129 I libjingle: [8265:340] [29129] (webrtcvoiceengine.cc:722): Disabling EC since built-in EC will be used instead
01-01 01:37:00.429  2026 29129 I libjingle: [8265:340] [29129] (webrtcvoiceengine.cc:729): Echo control set to 0 with mode 4
01-01 01:37:00.429  2026 29129 I libjingle: [8265:340] [29129] (webrtcvoiceengine.cc:764): Auto gain set to 0 with mode 4
01-01 01:37:00.429  2026 29129 I OVRPlatform: [SharedMicrophoneAudioRecord] EnableBuiltInEffect(): called to enable effect 2
01-01 01:37:00.429  2026 29129 I libjingle: [8265:340] [29129] (webrtcvoiceengine.cc:804): Disabling NS since built-in NS will be used instead
01-01 01:37:00.429  2026 29129 I libjingle: [8265:340] [29129] (webrtcvoiceengine.cc:811): Noise suppression set to 0 with mode 5
01-01 01:37:00.429  2778  3024 I [OAO] InputManager: Switching primary device (id -1 to 1).
01-01 01:37:00.429  2026 29129 I libjingle: [8265:340] [29129] (webrtcvoiceengine.cc:817): High pass filter enabled? 0
01-01 01:37:00.429  2026 29129 I libjingle: [8265:340] [29129] (webrtcvoiceengine.cc:825): Stereo swapping enabled? 0
01-01 01:37:00.429  2026 29129 I libjingle: [8265:340] [29129] (webrtcvoiceengine.cc:834): NetEq capacity is 50
01-01 01:37:00.429  2026 29129 I libjingle: [8265:340] [29129] (webrtcvoiceengine.cc:842): NetEq fast mode? 0
01-01 01:37:00.429  2026 29129 I libjingle: [8265:340] [29129] (webrtcvoiceengine.cc:850): Typing detection is enabled? 0
01-01 01:37:00.429  2026 29129 E libjingle: [8265:340] [29129] (voe_audio_processing_impl.cc:955): SetTypingDetectionStatus: not supported
01-01 01:37:00.429  2026 29129 W libjingle: [8265:340] [29129] (webrtcvoiceengine.cc:854): SetTypingDetectionStatus(0) failed, err=8003
01-01 01:37:00.429  2026 29129 I libjingle: [8265:341] [29129] (webrtcvoiceengine.cc:859): Adjust agc delta is 0
01-01 01:37:00.429  2026 29129 I libjingle: [8265:341] [29129] (webrtcvoiceengine.cc:1091): Adjusting AGC level from default -3dB to -3dB
01-01 01:37:00.429  2026 29129 I libjingle: [8265:341] [29129] (webrtcvoiceengine.cc:870): Delay agnostic aec is enabled? 0
01-01 01:37:00.436  2026 29129 I libjingle: [8265:341] [29129] (webrtcvoiceengine.cc:879): Extended filter aec is enabled? 0
01-01 01:37:00.436  2026 29129 I libjingle: [8265:347] [29129] (webrtcvoiceengine.cc:888): Experimental ns is enabled? 0
01-01 01:37:00.436  2026 29129 I libjingle: [8265:347] [29129] (webrtcvoiceengine.cc:611): WebRtc VoiceEngine codecs:
01-01 01:37:00.436  2026 29129 I libjingle: [8265:347] [29129] (webrtcvoiceengine.cc:613): opus/48000/2 (111)
01-01 01:37:00.436  2026 29129 I libjingle: [8265:347] [29129] (webrtcvoiceengine.cc:613): ISAC/16000/1 (103)
01-01 01:37:00.436  2026 29129 I libjingle: [8265:347] [29129] (webrtcvoiceengine.cc:613): ISAC/32000/1 (104)
01-01 01:37:00.436  2026 29129 I libjingle: [8265:347] [29129] (webrtcvoiceengine.cc:613): G722/8000/1 (9)
01-01 01:37:00.436  2026 29129 I libjingle: [8265:347] [29129] (webrtcvoiceengine.cc:613): ILBC/8000/1 (102)
01-01 01:37:00.436  2026 29129 I libjingle: [8265:348] [29129] (webrtcvoiceengine.cc:613): PCMU/8000/1 (0)
01-01 01:37:00.436  2026 29129 I libjingle: [8265:348] [29129] (webrtcvoiceengine.cc:613): PCMA/8000/1 (8)
01-01 01:37:00.436  2026 29129 I libjingle: [8265:348] [29129] (webrtcvoiceengine.cc:613): CN/32000/1 (106)
01-01 01:37:00.436  2026 29129 I libjingle: [8265:348] [29129] (webrtcvoiceengine.cc:613): CN/16000/1 (105)
01-01 01:37:00.436  2026 29129 I libjingle: [8265:348] [29129] (webrtcvoiceengine.cc:613): CN/8000/1 (13)
01-01 01:37:00.436  2026 29129 I libjingle: [8265:348] [29129] (webrtcvoiceengine.cc:613): red/8000/1 (127)
01-01 01:37:00.436  2026 29129 I libjingle: [8265:348] [29129] (webrtcvoiceengine.cc:613): telephone-event/8000/1 (126)
01-01 01:37:00.437  2026 29129 I libjingle: [8265:348] [29129] (webrtcvoiceengine.cc:961): Setting microphone to (id=0) and speaker to (id=0)
01-01 01:37:00.437  2026 29129 W libjingle: [8265:348] [29129] (webrtcvoiceengine.cc:1066): webrtc: SetRecordingChannel() unable to set the recording channel (error=10028)
01-01 01:37:00.437  2026 29129 E libjingle: [8265:348] [29129] (webrtcvoiceengine.cc:1066): webrtc: recording in stereo is not supported
01-01 01:37:00.437  2026 29129 W libjingle: [8265:348] [29129] (webrtcvoiceengine.cc:1066): webrtc: SetRecordingDevice() failed to set mono recording mode (error=8090)
01-01 01:37:00.437  2026 29129 E libjingle: [8265:348] [29129] (webrtcvoiceengine.cc:1066): webrtc: stereo playout is not supported
01-01 01:37:00.437  2026 29129 W libjingle: [8265:348] [29129] (webrtcvoiceengine.cc:1066): webrtc: SetPlayoutDevice() failed to set stereo playout mode (error=8090)
01-01 01:37:00.437  2026 29129 I libjingle: [8265:348] [29129] (webrtcvoiceengine.cc:981): Set microphone to (id=0) and speaker to (id=0)
01-01 01:37:00.437  2026 29129 I libjingle: [8265:348] [29129] (webrtcvoiceengine.cc:554): WebRtcVoiceEngine::Init Done!
01-01 01:37:00.437  2026 29129 I libjingle: [8265:348] [29129] (webrtcvideoengine2.cc:506): WebRtcVideoEngine2::Init
01-01 01:37:00.438  2026 29129 I libjingle: [8265:349] [29129] (dtlsidentitystore.cc:53): Generating identity, using keytype 0
01-01 01:37:00.438  2026 29129 I libjingle: [8265:349] [29129] (opensslidentity.cc:41): Making key pair
01-01 01:37:00.443  2778  3024 I [OAO] InputManager: Adding hand deviceId = 3
01-01 01:37:00.465   966 29053 I Tracking: CONSTELLATION: [Throttled count=3] left: : Pushing zero velocity update
01-01 01:37:00.469  3188  3250 W PhaseSync: [PS_Ver_1_0] DiscardFrame is triggered, frame->Stage 2 FrameBeginIndex 12350 
01-01 01:37:00.469  3188  3250 I MRSVC   : MIXEDREALITY: OpenXrSupport: OpenXR qualified success: xrBeginFrame(clientState_.session, &beginFrameDesc): XR_FRAME_DISCARDED
01-01 01:37:00.469  3188  3250 I MRSVC   : MIXEDREALITY: MrServiceView: renderIteration: Hibernating the rendering thread since ID is off and no active PT layers.
01-01 01:37:00.469  3188  3250 I MRSVC   : MIXEDREALITY: MrServiceModelBase: Hibernating caller (most likely rendering thread) due to commandQueue being empty.
01-01 01:37:00.493  2026 29129 I libjingle: [8265:404] [29129] (opensslidentity.cc:82): Returning key pair
01-01 01:37:00.493  2026 29129 I libjingle: [8265:404] [29129] (opensslidentity.cc:89): Making certificate for WebRTC
01-01 01:37:00.494   966  1406 I Tracking: VEGA_MAPPER: == Initializing a new Map Context ==
01-01 01:37:00.494   966  1406 W Tracking: MAP_TELEMETRY: Map UUID mismatch. 00000000-0000-0000-0000-000000000000 stored in periodic, 302f39ac-b7ee-5d7d-cf57-770d82332aa0 on context switch
01-01 01:37:00.496   966  1406 I Tracking: MAP_TELEMETRY: Flush map telemetry and reset!
01-01 01:37:00.496   966  1406 W Tracking: TrackerReceiverUtil: [Throttled count=1] Cannot find trackParent from VIO submaps: 0
01-01 01:37:00.496   966  1406 W Tracking: TrackerReceiverUtil: Cannot find new parent from recentCreatedKrs. All recent created keyrigs and parent are invalid or non-primary, need reset!
01-01 01:37:00.496   966  1406 I Tracking: Vega:MapBuilderBase: Created keyRig with frameID 15 and uid ecc4ae78
01-01 01:37:00.496   966  1406 W Tracking: Vega:MapBuilderBase: Cannot run Cklam due to last KR invalid. This frameID 15
01-01 01:37:00.497   966  1406 I Tracking: Perception:MapBuilderUtil: New keyRig created with new L1 of uid bac88985
01-01 01:37:00.497   966  1406 I Tracking: Vega:MapMetaDataUtils: Initialize metaTopNode to L2: d1b30a60
01-01 01:37:00.498  2026 29129 I libjingle: [8265:409] [29129] (opensslidentity.cc:137): Returning certificate
01-01 01:37:00.499   966  1406 I Tracking: LocalizationStateMachine: Not scheduling coarse localization since no reloc trials have been registered yet.
01-01 01:37:00.499   966  1406 I Tracking: LocalizationStateMachine: Submaps NOT stale, num failed trials is 0 which is lower than the threshlod 1
01-01 01:37:00.500   966  1406 I Tracking: LocalizationStateMachine: LocalizationStateMachine updated from NoAction to FineLocalizationOnly
01-01 01:37:00.500   966  1406 W Tracking: VEGA_MAPPER: [Throttled count=1] No submap for tracked pose, cannot add anchor data to AdditionalFramesetFeatureData
01-01 01:37:00.500   966  1406 W Tracking: DEVICE_TO_MAP_LANDMARKS_CALC: DeviceToMapLandmarksBuilder::withNearbyAnchors - can't determine rootNode because trackedPose_.parent isn't populated
01-01 01:37:00.500   966  1406 W Tracking: DEVICE_TO_MAP_LANDMARKS_CALC: DeviceToMapLandmarksBuilder::withKeyrigs - can't determine rootNode because trackedPose_.parent isn't populated
01-01 01:37:00.500   966  1406 W Tracking: KEYPOINT_CACHE: No newest() KC element. Size of buffer: 0.
01-01 01:37:00.501  1155  6443 I WifiService: startScan uid=10087
01-01 01:37:00.502   966  1406 I Tracking: KEYPOINT_CACHE: New keyrig added has 157 corners and 140 tracks to immature points @ frameID=15, processingTs=8278.037947466 [sec]
01-01 01:37:00.502   966  1406 I Tracking: VEGA_MAPPER: Scheduling localization on root nodes 302f39ac-b7ee-5d7d-cf57-770d82332aa0.
01-01 01:37:00.504   966  1406 I Tracking: VEGA_MAPPER: ts = 8275.979532. clear AnchorManager internal states due to mismatching or invalid frontend session uuid
01-01 01:37:00.505   966  1406 I Tracking: ANCHOR_MANAGER: Clearing state of vega anchor manager.
01-01 01:37:00.505   966  1406 E Tracking: AnchorCacheHelpers: Nearby anchor does not exist in shared memory!
01-01 01:37:00.505   966  1406 I Tracking: VEGA_MAPPER: Reset Foreground reloc timer for new frontend session and start relocalizing.
01-01 01:37:00.505   966  1406 I Tracking: AnchorCache: inserted L1 bac88985-e96d-d60c-e023-46d235910955
01-01 01:37:00.505   966  1406 W Tracking: Vega:SubmapPublisher: Tracked frame no parent + No reloc -> Do not publish
01-01 01:37:00.505   966  1406 W Tracking: Vega:SubmapPublisher: Zero candidates meets requirement, does not send new neighboring submaps
01-01 01:37:00.507   966  1406 I Tracking: VegaBAOptimize: Num points adjusted: 77 fixed: 0 Num residuals in-in: 157 in-out: 0 out-in: 0 fixed (out-out): 0 outside ROI: 0 total: 157
01-01 01:37:00.507   966  1406 I Tracking: VegaBAOptimize: Total: neighbor 1 L1s, adjust 1 L1s. KRs 1, Points 77, Cameras 4, FixedKr (small bubble) 1 (0), AdjustKR 0, Imus 0
01-01 01:37:00.508  2026 29137 I OVRPlatform: [SequencedRunner] SequencedRunner::InitializeCurrentThread() = 0x6ed38e81a0
01-01 01:37:00.508  2026 29137 I OVRPlatform: [SequencedRunner] SetThreadName of 0x6ed38e81a0 to SeqRunner
01-01 01:37:00.508   966  1406 I Tracking: VegaBAOptimize: resRemoved = 13, pntRemoved = 5
01-01 01:37:00.509  2026 29138 I OVRPlatform: [SequencedRunner] SequencedRunner::InitializeCurrentThread() = 0x6e99d7f1f8
01-01 01:37:00.509  2026 29138 I OVRPlatform: [SequencedRunner] SetThreadName of 0x6e99d7f1f8 to SeqRunner
01-01 01:37:00.509  2026 29137 I OVRPlatform: [SequencedRunner] SetThreadName of 0x6ed38e81a0 to Verts-SeqRun
01-01 01:37:00.509  2026 29138 I OVRPlatform: [SequencedRunner] SetThreadName of 0x6e99d7f1f8 to Verts-CbRun
01-01 01:37:00.509   966  1408 I Tracking: VIPER:DEEP_DESCRIPTOR: Computing Deep Descriptors using gravity orientation.
01-01 01:37:00.510  2026  2026 I OVRPlatform: [P2PNetworkTransport] oculus_parties_enable_aui_mic_switcher_controls gk is OFF, mic_switcher_controls is disabled
01-01 01:37:00.510  2026  2026 I OVRPlatform: [RequestStopwatch] AndroidFinishInitialization took 254.2180 milliseconds
01-01 01:37:00.511  2026  2026 I OVRPlatform: [RequestStopwatch] AndroidSynchronousInitialize took 261.1270 milliseconds
01-01 01:37:00.511  2026  2026 I PlatformPlugin: [PlatformPluginManager] Successfully initialized Platform
01-01 01:37:00.511  2026  2026 D PlatformPlugin: [PlatformPluginManager] Releasing lock: nativeInit
01-01 01:37:00.513  2026  2026 I PlatformPluginManager: onHeadphonesStateChange: false
01-01 01:37:00.513  2026  2026 I OVRPlatform: [AudioManager] SetHeadphoneStatus: DISCONNECTED
01-01 01:37:00.513  2026  2026 I OVRPlatform: [AudioManager] Current headsetMounted_ true
01-01 01:37:00.513  2026  2026 I OVRPlatform: [AudioManager] Current headphoneStatus_: DISCONNECTED
01-01 01:37:00.513  2026  2026 I PlatformPluginManager: Starting up connection reaper
01-01 01:37:00.513  2026  2026 I PlatformPluginManager: Adding client com.oculus.horizon.service_media.OVRMediaServiceManager@3530679
01-01 01:37:00.513  2026  2026 I OVRPlatform: [AudioManager] SetHeadsetMounted: true
01-01 01:37:00.513  2026  2026 I OVRPlatform: [AudioManager] Current headsetMounted_ true
01-01 01:37:00.513  2026  2026 I OVRPlatform: [AudioManager] Current headphoneStatus_: DISCONNECTED
01-01 01:37:00.516  2026  2327 E AppSwitchManager: No package name set
01-01 01:37:00.516  2026  2573 W OVRLibrary: null cursor received for query content://com.oculus.ocms.library/apps/com.oculus.vrshell
01-01 01:37:00.528   966 29029 I Tracking: CONSTELLATION: left: Detected static IMU, no button event and has tracked position => Applying constant controller pose.
01-01 01:37:00.555   966  1407 I Tracking: VegaMapIO: VegaMapIO::saveKeypoints called for keyrigUid = ecc4ae78-1210-f3e2-715a-d213fb50c732
01-01 01:37:00.568   966  1406 I Tracking: VEGA_LOCALIZER: Fallback descriptor ratio in index 0.5048602223396301 is lower than threshold 0.7, skipping fallback matching
01-01 01:37:00.568   966  1408 I Tracking: VEGA_LOCALIZER: Computed 999 orb descriptors that will be used for PBR or Orphans descriptor
01-01 01:37:00.568   966  1408 I Tracking: VEGA_LOCALIZER: Computed 1059 udeep descriptors that will be used for PBR or Orphans descriptor
01-01 01:37:00.607   966  1406 I Tracking: VEGA_LOCALIZER: Obtained 403 matches from 1210 keypoints using udeep descriptors
01-01 01:37:00.607   966  1406 I Tracking: VEGA_LOCALIZER: Obtained 403 total matches from 1210 total keypoints
01-01 01:37:00.608   966  1408 I Tracking: LOCALIZATION_POSE_ESTIMATOR: No pose scoring method was provided, not doing pose scoring
01-01 01:37:00.610   966  1406 I Tracking: VEGA_LOCALIZER: Added 131/144 orb descriptors to the index. It has 31086 descriptors for 1314 points, with stdev: 0.43 and max: 3.18.
01-01 01:37:00.613   966  1406 I Tracking: VEGA_LOCALIZER: Added place descriptor to keyrig h[17, 22]. PBR meta: type: vlad, descriptor: orb, version: 1, num_words: 256
01-01 01:37:00.617   966  1406 I Tracking: VEGA_LOCALIZER: Added 130/151 udeep descriptors to the index. It has 30489 descriptors for 1314 points, with stdev: 0.69 and max: 5.93.
01-01 01:37:00.620   966  1406 I Tracking: VEGA_LOCALIZER: Added place descriptor to keyrig h[17, 22]. PBR meta: type: vlad, descriptor: udeep, version: 1, num_words: 256
01-01 01:37:00.620   966  1406 I Tracking: VEGA_LOCALIZER: New descriptors added - Regular: 261, Immature: 0, Resampled by OrphanDescriptors: 0. # Total descriptors: 31086 fallback and 30489 primary.
01-01 01:37:00.620   966  1406 W Tracking: TrackerReceiverUtil: Find new parent from mapBuilder recent keyrig!
01-01 01:37:00.620   966  1406 W Tracking: AnchorCache: Failed to find world origin anchor for root d1b30a60-55e7-9853-f84b-0865c51d6d81
01-01 01:37:00.621   966  1406 I Tracking: LocalizationStateMachine: Not scheduling coarse localization since no reloc trials have been registered yet.
01-01 01:37:00.621   966  1406 I Tracking: LocalizationStateMachine: Submaps NOT stale, num failed trials is 0 which is lower than the threshlod 1
01-01 01:37:00.621   966  1406 W Tracking: KEYPOINT_CACHE: Currently completing work dependent on previously extracted frameset. Dropping current frame 18 @ t=8276.099532000 [sec]
01-01 01:37:00.621   966  1406 I Tracking: VEGA_MAPPER: Scheduling localization on root nodes 302f39ac-b7ee-5d7d-cf57-770d82332aa0.
01-01 01:37:00.621   966  1408 I Tracking: LOCALIZATION_POSE_ESTIMATOR: Clustered estimation results from: 1 to : 1
01-01 01:37:00.621   966  1406 W Tracking: ObjectPool: Empty object pool - cannot allocate
01-01 01:37:00.621   966  1406 E Tracking: VEGA_LOCALIZER: LocalizeTask pool is out of slots (capacity is 1)
01-01 01:37:00.621   966  1406 I Tracking: Vega:SubmapPublisher: Tracking parent changed from 00000000-0000-0000-0000-000000000000 to ecc4ae78-1210-f3e2-715a-d213fb50c732 -> Publish
01-01 01:37:00.621   966  1406 W Tracking: Vega:SubmapPublisherUtils: Reference cannot be found when constructing relative submap transformation, this means not candidate submap is in VIO states, are you moving very fast or sending too few submaps to VIO?
01-01 01:37:00.622   966  1408 I Tracking: LOCALIZATION_POSE_ESTIMATOR: Post-RANSAC iterative minimization converged? true, number of successful features: 75, number of inlier observations: 104
01-01 01:37:00.622   966  1408 I Tracking: LOCALIZATION_POSE_ESTIMATOR: Overwriting RANSAC pose and inlier estimates with iterative-minimization result
01-01 01:37:00.624   966  1406 I Tracking: AnchorManagerHelpers: Placing new World Origin Anchor Uid 68f889ef-0a9a-37f7-ec17-93d6456bec6e in Context d1b30a60-55e7-9853-f84b-0865c51d6d81
01-01 01:37:00.624   966  1406 I Tracking: VEGA_LOCALIZER: Localized into L1 submap 7daed572-0305-0fa1-2d32-bd982fd6f0c0 of root 302f39ac-b7ee-5d7d-cf57-770d82332aa0 with 94 inliers (75 unique)
01-01 01:37:00.626   966  1407 I Tracking: AnchorCache: Removed 0 L1s from cache.
01-01 01:37:00.632   966  1406 I Tracking: VEGA_LOCALIZER: Adding submap Submap id = 1, version = 1248874232, counter 93
01-01 01:37:00.639  3057  3118 I StateMachine: StateMachine::HandleEvent TrackingLost: lost -> Lost
01-01 01:37:00.643   966 29040 I Tracking: VegaTrackTracker: Starting map tracking on map. SubmapId Submap id = 0, version = 939448848 Active contexts: 0
01-01 01:37:00.644  2551  3936 I PublicLibraryProvider: Using legacy entitlement framework to get App data
01-01 01:37:00.645  2551  3936 W PublicLibraryProvider: Cannot find entitlement for com.epicgames.AtomVR
01-01 01:37:00.646   966  1407 I Tracking: AnchorCacheHelpers: Wrote Anchor Cache To Disk: 7 anchors 2 anchor loc edges 0 l1 loc edges
01-01 01:37:00.646  3057  3118 I GuardianTelemetry: [ovrStatsThreadGuardian::SendGuardianStateChangeTelemetry] Sending state change event TRACKING_LOST, dialog TRACKING_LOST_CONTINUE
01-01 01:37:00.657   966 29040 I Tracking: VEGA:HM:PERCEPTUAL: [8276.139 [sec]] Perceptually good tracking while exposing 3DoF. Delaying switch to 6DoF to gain confidence for 0.333333333 more seconds.
01-01 01:37:00.681   793 28989 I SyncBossHAL: [info   ] syncboss_hal_input_controller.c(184): Controller 9d17e7cexxxxxxxx battery level changed: 0% -> 40%
01-01 01:37:00.685   793 28988 D SensorService: Syncboss input 9d17e7ce194bc1ec hardware type 4, subtype 1, revision 0x09
01-01 01:37:00.685   793 28988 I SensorService: preparePairedControllerInfo is adding device with valid 1
01-01 01:37:00.685   793 28988 D SensorService: Syncboss input d3d05f47e2487092 hardware type 4, subtype 2, revision 
01-01 01:37:00.685   793 28988 I SensorService: preparePairedControllerInfo is adding device with valid 1
01-01 01:37:00.686   793 28988 D SensorService: stateChangeNotifierFunc(): Reporting controller info. Change token: 60, paired=2 connected=1
01-01 01:37:00.686  1707 28998 D OVRRemoteService: processStateChange([PairedControllerInfo JEDI 9d17e7ce194bc1ec connected mcnt=0])
01-01 01:37:00.686  1707 28998 D OVRRemoteService: processStateChange([PairedControllerInfo JEDI d3d05f47e2487092 disconnected update-required mcnt=0])
01-01 01:37:00.693   966 29040 I Tracking: VEGA:HM:PERCEPTUAL: [8276.179 [sec]] Perceptually good tracking while exposing 3DoF. Delaying switch to 6DoF to gain confidence for 0.29333333300000003 more seconds.
01-01 01:37:00.696   966 29053 I Tracking: CONSTELLATION: Map UUID switched from 302f39ac-b7ee-5d7d-cf57-770d82332aa0 to d1b30a60-55e7-9853-f84b-0865c51d6d81, reset Constellation...
01-01 01:37:00.696   966 29053 I Tracking: CONSTELLATION: left: ControllerStateBuffer: RESET
01-01 01:37:00.696   966 29053 I Tracking: INPUT_TRACKING:MotionModel:Blackboard: reset
01-01 01:37:00.696   966 29053 I Tracking: INPUT_TRACKING:MotionModel:Blackboard: reset
01-01 01:37:00.698  1707 28998 D OVRRemoteService: RemoteService::recordControllerStatusUpdate: device 9d17e7ce194bc1ec: status: CONNECTED_ACTIVE tracking: NONE, errors: --
01-01 01:37:00.709  2778  3024 I [OAO] TrackedController: Controller lost, disconnecting.
01-01 01:37:00.709  2778  3024 I [OAO] InputManager: Removing device 1
01-01 01:37:00.733   966 29040 I Tracking: VEGA:HM:MAP_TRACKING: Submap Submap id = 0, version = 939448848 valid. succeeded after 0.08 seconds of good frames. Switching from Validating to Tracking.
01-01 01:37:00.733   966 29040 I Tracking: VEGA:HM:PERCEPTUAL: [8276.219 [sec]] Perceptually good tracking while exposing 3DoF. Delaying switch to 6DoF to gain confidence for 0.253333333 more seconds.
01-01 01:37:00.773   966 29040 I Tracking: VEGA:HM:PERCEPTUAL: [8276.259 [sec]] Perceptually good tracking while exposing 3DoF. Delaying switch to 6DoF to gain confidence for 0.213333333 more seconds.
01-01 01:37:00.805   966 29029 W Tracking: CONSTELLATION_Left: [Throttled count=363] Could not retrieve 3dof fallback pose.
01-01 01:37:00.813   966 29040 I Tracking: VEGA:HM:PERCEPTUAL: [8276.299 [sec]] Perceptually good tracking while exposing 3DoF. Delaying switch to 6DoF to gain confidence for 0.173333333 more seconds.
01-01 01:37:00.854   966 29040 I Tracking: VEGA:HM:PERCEPTUAL: [8276.339 [sec]] Perceptually good tracking while exposing 3DoF. Delaying switch to 6DoF to gain confidence for 0.133333333 more seconds.
01-01 01:37:00.856   966 29053 W Tracking: CONSTELLATION: left: In GetVisionPrediction: No attitude buffer entries for prediction available. Muting log for 1 sec.
01-01 01:37:00.857   966  1406 I Tracking: LocalizationStateMachine: Not scheduling coarse localization since there is 1 successful reloc trial and mapper is probably still in ViT.
01-01 01:37:00.857   966  1406 I Tracking: LocalizationStateMachine: Submaps NOT stale, num failed trials is 0 which is lower than the threshlod 1
01-01 01:37:00.858   966  1406 I Tracking: VEGA_MAPPER: Scheduling localization on root nodes 302f39ac-b7ee-5d7d-cf57-770d82332aa0.
01-01 01:37:00.859   966  1406 W Tracking: AnchorCacheHelpers: World origin anchor handle is invalid.
01-01 01:37:00.859   966  1406 I Tracking: Vega: Sending Event Based Telemetry for internal_anchor_events.
01-01 01:37:00.859   966  1406 I Tracking: AnchorManagerHelpers: Gained map tracking. placeAnchor() will now work.
01-01 01:37:00.859   966  1406 I Tracking: VIPER: InternalAnchorHealthMonitor: Anchors: 2 | Persistent anchors: 0 | Anchors never observed: 0
01-01 01:37:00.859   966  1406 I Tracking:   (min/avg/max) Anchor landmarks: (-1|-1|-1) | Covisible keyframes: (-1|-1|-1) | Times since observation: (0|0|0)
01-01 01:37:00.882   966 29040 I Tracking: VegaTracker: ViT submap Submap id = 1, version = 1248874232 detected.
01-01 01:37:00.882   966 29040 I Tracking: VioSubmapHelpers: Adding new submapId to filter from reloc. SubmapId: Submap id = 1, version = 1248874232
01-01 01:37:00.884   966 29040 I Tracking: VegaTrackTracker: Starting map tracking on map. SubmapId Submap id = 1, version = 1248874232 Active contexts: 1
01-01 01:37:00.899   966 29040 I Tracking: VEGA:HM:PERCEPTUAL: [8276.379 [sec]] Perceptually good tracking while exposing 3DoF. Delaying switch to 6DoF to gain confidence for 0.09333333300000002 more seconds.
01-01 01:37:00.910   966  1406 I Tracking: VEGA_LOCALIZER: Fallback descriptor ratio in index 0.5048477649688721 is lower than threshold 0.7, skipping fallback matching
01-01 01:37:00.934   966  1406 I Tracking: VEGA_LOCALIZER: Obtained 341 matches from 912 keypoints using udeep descriptors
01-01 01:37:00.935   966  1406 I Tracking: VEGA_LOCALIZER: Obtained 341 total matches from 912 total keypoints
01-01 01:37:00.936   966  1408 I Tracking: LOCALIZATION_POSE_ESTIMATOR: No pose scoring method was provided, not doing pose scoring
01-01 01:37:00.936   966 29040 I Tracking: VEGA:HM:PERCEPTUAL: [8276.419 [sec]] Perceptually good tracking while exposing 3DoF. Delaying switch to 6DoF to gain confidence for 0.05333333299999998 more seconds.
01-01 01:37:00.942   966  1408 I Tracking: LOCALIZATION_POSE_ESTIMATOR: Clustered estimation results from: 1 to : 1
01-01 01:37:00.943   966  1408 I Tracking: LOCALIZATION_POSE_ESTIMATOR: Post-RANSAC iterative minimization converged? true, number of successful features: 100, number of inlier observations: 123
01-01 01:37:00.944   966  1408 I Tracking: LOCALIZATION_POSE_ESTIMATOR: Overwriting RANSAC pose and inlier estimates with iterative-minimization result
01-01 01:37:00.944   966  1406 I Tracking: VEGA_LOCALIZER: Localized into L1 submap 7daed572-0305-0fa1-2d32-bd982fd6f0c0 of root 302f39ac-b7ee-5d7d-cf57-770d82332aa0 with 116 inliers (100 unique)
01-01 01:37:00.951   966  1406 I Tracking: VEGA_LOCALIZER: Adding submap Submap id = 2, version = 1072340245, counter 95
01-01 01:37:00.975   966 29040 I Tracking: VEGA:HM:MAP_TRACKING: Submap Submap id = 1, version = 1248874232 valid. succeeded after 0.08 seconds of good frames. Switching from Validating to Tracking.
01-01 01:37:00.975   966 29040 I Tracking: VEGA:HM:PERCEPTUAL: [8276.459 [sec]] Perceptually good tracking while exposing 3DoF. Delaying switch to 6DoF to gain confidence for 0.013333333000000003 more seconds.
01-01 01:37:00.975   966 29040 I Tracking: VegaTracker: ViT completed successfully
01-01 01:37:01.016   966 29040 I Tracking: VEGA:HM:PERCEPTUAL: [8276.499 [sec]] Perceptually good tracking. Transition to 6DoF.
01-01 01:37:01.016   966 29040 I Tracking: Vega: Sending Event Based Telemetry for iot_tracking_init.
01-01 01:37:01.017   966 29024 I Tracking: VisionInterface: HMD Tracking switching to 6dof (from 3dof) - Engine State: Running
01-01 01:37:01.056   966 29053 I Tracking: CONSTELLATION: left: ControllerStateBuffer: RESET
01-01 01:37:01.056   966 29053 W Tracking: CONSTELLATION: Transitioning from 3 DoF mode to 6 DoF Mode. Resetting deviceId 11319771060792705516 sensor fusion wrapper.
01-01 01:37:01.058  1707 28998 D OVRRemoteService: RemoteService::recordControllerStatusUpdate: device 9d17e7ce194bc1ec: status: CONNECTED_ACTIVE tracking: NONE, errors: --
01-01 01:37:01.060  1435  1435 V MediaPlayerList: mPackageChangedBroadcastReceiver: action: android.intent.action.PACKAGE_CHANGED
01-01 01:37:01.060  1435  1435 D MediaPlayerList: Name of package changed: com.oculus.fitnesstracker
01-01 01:37:01.063  1155  1262 I InputReader: Reconfiguring input devices, changes=KEYBOARD_LAYOUTS | 
01-01 01:37:01.067  1155  1155 I Telecom : DefaultDialerCache: Refreshing default dialer for user 0: now null: DDC.oR@ALE
01-01 01:37:01.069  1593  5012 I PermissionControllerServiceImpl: Updating user sensitive for uid 10041
01-01 01:37:01.078  1155  1181 W Searchables: No global search activity found
01-01 01:37:01.080  1155  1181 W VoiceInteractionManager: no available voice recognition services found for user 0
01-01 01:37:01.094   966  1406 I Tracking: VEGA_MAPPER: Found trialCounter 93 for Submap id = 1, version = 1248874232 RelocRequest (=3)
01-01 01:37:01.095   966  1406 I Tracking: LOCALIZER_KPI_TELEMETRY_LOGGER: Relocalization + ViT succeeded on submap 7daed572-0305-0fa1-2d32-bd982fd6f0c0. We are now successfully tracking root node 302f39ac-b7ee-5d7d-cf57-770d82332aa0.
01-01 01:37:01.095   966  1406 I Tracking: LOCALIZER_KPI_TELEMETRY_LOGGER: Sending a localization event to the telemetry aggregator: loc_success = true, frameBeforeValidation = 24, num_frames_to_loc = 15, num_frames_to_loc_filtered = 15, descriptorTypes = orb,udeep.
01-01 01:37:01.095   966  1406 W Tracking: RELOC:TELEMETRY: Localization trial stats not completed for frame: 15
01-01 01:37:01.095   966  1406 W Tracking: RELOC:TELEMETRY: Localization trial stats not completed for frame: 4294967295
01-01 01:37:01.095   966  1406 W Tracking: RELOC:TELEMETRY: Localization trial stats not completed for frame: 24
01-01 01:37:01.096   966  1406 I Tracking: RELOC_EVENT_TELEMETRY: Sending telemetry for reloc event.
01-01 01:37:01.096   966  1406 W Tracking: COARSE_LOCALIZATION_TELEMETRY: No coarse localization attempts started, not sending telemetry.
01-01 01:37:01.096   966  1406 I Tracking: VEGA_MAPPER: == Switching Map Context from d1b30a60 to 302f39ac ==
01-01 01:37:01.096   966  1406 I Tracking: AnchorCacheHelpers: Removing previous world origin anchor fd29293f-6562-f4c3-b5a4-18022e1a422f
01-01 01:37:01.096   966  1406 I Tracking: AnchorCacheHelpers: We have moved the transient anchor 68f889ef-0a9a-37f7-ec17-93d6456bec6e into the persistent map to accommodate QuickBoot
01-01 01:37:01.097   966  1406 I Tracking: MAP_TELEMETRY: Flush map telemetry and reset!
01-01 01:37:01.097   966  1406 I Tracking: SubmapRecords: The promoted relocSubmap Submap id = 1, version = 1248874232 triggers invalidating Submap id = 0, version = 939448848
01-01 01:37:01.097   966  1406 I Tracking: SubmapRecords: The promoted relocSubmap Submap id = 1, version = 1248874232 triggers invalidating Submap id = 2, version = 1072340245
01-01 01:37:01.097   966  1406 I Tracking: VEGA_MAPPER:SubmapTrackingValidator: Relocalized into new context with: 250 track-to-map point associations, starting mapper validation.
01-01 01:37:01.099   966  1406 I Tracking: VEGA_MAP_CULLING: processing L2 node d1b30a60
01-01 01:37:01.099   966  1406 I Tracking: VEGA_MAP_CULLING: processing L1 node bac88985
01-01 01:37:01.099   966  1406 I Tracking: VEGA_MAP_CULLING: Delete high level Nodes level 2 uid d1b30a60 
01-01 01:37:01.099   966  1406 I Tracking: VEGA_MAP_CULLING: deleteSubtree deletes 1 L1 nodes
01-01 01:37:01.099   966  1406 I Tracking: MAPPER_HELPER: evictInactiveMapContexts evicted 1/2 map contexts. FreeSlotNum GraphNodeSoA 14, KeyRigSoA 285
01-01 01:37:01.099   966  1406 I Tracking: MapDB: VegaMapStorageInterfaceWrapper::deleteKeypoints - deleting ecc4ae78-1210-f3e2-715a-d213fb50c732
01-01 01:37:01.100   966  1406 I Tracking: VEGA_MAPPER: After context switching, evicted 1 maps from context storage
01-01 01:37:01.100   966  1406 W Tracking: MAPPER_HELPER: poseMsg contains an invalid submapId Submap id = 0, version = 939448848
01-01 01:37:01.100   966  1406 I Tracking: LocalizationStateMachine: LocalizationStateMachine updated from FineLocalizationOnly to NoAction
01-01 01:37:01.100   966  1406 I Tracking: AnchorCacheHelpers: Removed 1 anchors from shared memory.
01-01 01:37:01.100   966  1406 E Tracking: AnchorCacheHelpers: Nearby anchor does not exist in shared memory!
