12-27 17:56:09.821 11894 11894 W picgames.AtomV: Attempt to remove non-JNI local reference, dumping thread
12-27 17:56:09.823 11894 12083 D UE      : [2023.12.27-12.56.09:823][930]LogAndroidEvents: Display: LogAndroidEvents::DequeueAppEvent : 10, [width=-1, height=-1], APP_EVENT_STATE_WINDOW_LOST_FOCUS
12-27 17:56:09.826 11894 12083 D UE      : FAppEventManager::Tick processing, 10
12-27 17:56:09.826 11894 12083 D UE      : [2023.12.27-12.56.09:826][930]LogAndroidEvents: Display: LogAndroidEvents::DequeueAppEvent : 6, [width=-1, height=-1], APP_EVENT_STATE_ON_PAUSE
12-27 17:56:09.827 11894 12083 D UE      : FAppEventManager::Tick processing, 6
12-27 17:56:09.831 11894 12083 D UE      : [2023.12.27-12.56.09:831][930]LogVulkanRHI: Display: FVulkanPipelineStateCacheManager: Saved device pipeline cache file '../../../AtomVR/Saved/VulkanPSO.cache.5143.6050002', 449368 bytes
12-27 17:56:09.831 11894 12083 D UE      : [2023.12.27-12.56.09:831][930]LogAndroidEvents: Display: LogAndroidEvents::DequeueAppEvent : 15, [width=-1, height=-1], APP_EVENT_RUN_CALLBACK
12-27 17:56:09.831 11894 12083 D UE      : FAppEventManager::Tick processing, 15
12-27 17:56:09.831 11894 12083 D UE      : [2023.12.27-12.56.09:831][930]LogAndroidEvents: Display: Event thread callback running.
12-27 17:56:09.831 11894 12083 D UE      : [2023.12.27-12.56.09:831][930]LogAndroid: performing app backgrounding callback. 0x7479766620
12-27 17:56:09.834  1985  2764 I Clay    : BaseApp: Hibernate transition Unhibernate
12-27 17:56:09.834  1985  2764 I Clay    : SoundSystem: setPaused(false), m_paused=true
12-27 17:56:09.834  1985  2764 D AAudio  : AAudioStream_requestStart(s#2) called --------------
12-27 17:56:09.834  1985  2764 D AAudioStream: setState(s#2) from 9 to 3
12-27 17:56:09.842   777  1209 I EffectsFactory: EffectCreate() create_effect
12-27 17:56:09.843 28792 12463 D NotificationsBadgeLiveData: MessageBadgeData, pullAndCheckNotifs, old data source notif count: 0, messaging count: 0
12-27 17:56:09.844  1985  2764 D AAudio  : AAudioStream_requestStart(s#2) returned 0 ---------
12-27 17:56:09.844  1985  2764 I TBAudioEngine: [start] aaudio player request result: OK [0]
12-27 17:56:09.845  1985  2764 I Clay    : EnvironmentSystem: computed visibility changed from Unload to Visible (reason: <none>)
12-27 17:56:09.845  1985  2764 I Clay    : EnvironmentSystem: layerRenderingInstanceId=2728571920
12-27 17:56:09.845  2802  3044 I [OAO] SwapChainApiOpenXr: Destroying SwapChain:0x74987d1680
12-27 17:56:09.845  1985  2764 I Clay    : HyperspaceClientSystem: localavatar not ready
12-27 17:56:09.845  1985  2764 E Clay    : [1P] CoAvatar2::_enqueueHasAvatar(): ovrAvatar2_HasAvatar failed [MissingAccessToken]
12-27 17:56:09.845  1985  2764 I Deque   : AddEventToQueue called. eventInfo.type: 1000101000, eventInfo.next: 1
12-27 17:56:09.845  1985  2764 I OpenXR  : PostSessionStateChange: XR_SESSION_STATE_IDLE -> XR_SESSION_STATE_READY
12-27 17:56:09.845 28792 28792 D [SUI] AnytimeUIPanelApp: Received appStatus from VrShell: [{"name":"com.oculus.systemux\/com.oculus.panelapp.destinationui.DestinationUiPanelService","panels":[{"panelId":131,"state":"Focused"}]}]
12-27 17:56:09.845 28792 28792 D [SUI] AppStateUtil: com.epicgames.AtomVR is running= false
12-27 17:56:09.845 28792 28792 D [SUI] AppStateUtil: paused_app is running= true
12-27 17:56:09.845  1985  2764 I Deque   : AddEventToQueue called. eventInfo.type: 18, eventInfo.next: 1
12-27 17:56:09.845 28792 28792 D [SUI] RunningAppManager: Updated panel data from appStatus
12-27 17:56:09.846  1985  2764 I Clay    : xrPollEvent: DISPLAY_REFRESH_RATE_CHANGED_FB: 90.000000 -> 72.000000
12-27 17:56:09.846  2875  3134 I VrRuntimeService: DestroySwapChain: swapchain=1516
12-27 17:56:09.846  1985  2764 I Clay    : xrPollEvent: SESSION_STATE_CHANGED: READY
12-27 17:56:09.846  1985  2764 I Clay    : Entering VR mode: cpu=-1, gpu=-1, perf threads: main=2764, gpu=unset
12-27 17:56:09.846  1985  2764 I OpenXR  : ------------ xrBeginSession [start] -----------
12-27 17:56:09.846  1985  2764 I VrApi   : OVR::Stats thread Resume
12-27 17:56:09.846  1985  2764 I VrRuntimeClient: Tracing is disabled
12-27 17:56:09.846  1985  2764 I VrRuntimeClient: SysProp debug mode is disabled on Client side
12-27 17:56:09.846  1985  2764 I DRR     : Discrete Render Rotation is enabled
12-27 17:56:09.846  2802  3044 I [OAO] SwapChainApiOpenXr: Destroying SwapChain:0x749fe60080
12-27 17:56:09.846  2875  3134 I VrRuntimeService: DestroySwapChain: swapchain=1509
12-27 17:56:09.847  1985  2764 I VrRuntimeClient: DEVICE MODEL NUMBER = Quest 2
12-27 17:56:09.847  1985  2764 I VrRuntimeClient: DEVICE BUILD NAME = SQ3A.220605.009.A1
12-27 17:56:09.847  1985  2764 I VrRuntimeClient: DEVICE BUILD TYPE = user
12-27 17:56:09.847  1985  2764 I VrRuntimeClient: DEVICE OS VERSION = 12
12-27 17:56:09.847  1985  2764 I VrRuntimeClient: API LOADER VERSION = 1.0.29
12-27 17:56:09.847  1985  2764 I VrRuntimeClient: RUNTIME API VERSION = 1.0.29
12-27 17:56:09.847  1985  2764 I VrRuntimeClient: RUNTIME VERSION = 59.0.0.172.706 Nov  6 2023 00:25:46 RELEASE
12-27 17:56:09.847  1985  2764 I VrRuntimeClient: APP NAME = ShellEnv
12-27 17:56:09.847  1985  2764 I VrRuntimeClient: APP VERSION = 59.0.0.171.706 versionCode 535795568 internalVersionName 59.0.0.171.706.64ce586c41bc 2023_11_09_18_41
12-27 17:56:09.847  1985  2764 I VrRuntimeClient: APP VR TYPE = vr_only
12-27 17:56:09.847  1985  2764 I VrRuntimeClient: APP MODE TYPE = VR
12-27 17:56:09.847  1985  2764 I VrRuntimeClient: APP PACKAGE NAME = com.oculus.shellenv
12-27 17:56:09.847  1985  2764 I VrRuntimeClient: APP ACTIVITY CLASS = com.oculus.shellenv.ShellEnvActivity
12-27 17:56:09.847  1985  2764 I Sensor  : OSSDKTRACKING Initializing head tracking
12-27 17:56:09.847  1985  2764 D OsSdk   : TrackingServiceConnection ctor
12-27 17:56:09.847  1985  2764 I Sensor  : OSSDKTRACKING Head tracker != nullpointer 0x74825fe5f8, 1
12-27 17:56:09.847  1985  2764 I Sensor  : OSSDKTRACKING Initializing controller tracking
12-27 17:56:09.847  1985  2764 I Sensor  : OSSDKTRACKING Controller tracker != nullpointer 0x747ffdf4c0, 1
12-27 17:56:09.848 28792 28792 I [SUI] AnytimeUIPanelApp: Bar visibility changed to false
12-27 17:56:09.851  2802  3044 I [OAO] SwapChainApiOpenXr: Destroying SwapChain:0x74a0090e80
12-27 17:56:09.852  2875  3134 I VrRuntimeService: DestroySwapChain: swapchain=1514
12-27 17:56:09.853  1985  5866 D AudioStreamLegacy: onAudioDeviceUpdate(deviceId = 2)
12-27 17:56:09.853  3141  3206 I VrGuardianService: GuardianSDKServer::SetGuardianHitDialog 0
12-27 17:56:09.856  1985  3355 D AAudioStream: setState(s#2) from 3 to 4
12-27 17:56:09.860 28792 28792 D [SUI] AnytimeUIPanelApp: Received appStatus from VrShell: []
12-27 17:56:09.860 28792 28792 D [SUI] AppStateUtil: paused_app is running= false
12-27 17:56:09.860 28792 28792 D [SUI] RunningAppManager: Updated panel data from appStatus
12-27 17:56:09.860  1985  2764 I DeviceStatus: nativeHeadsetEvent(0)
12-27 17:56:09.861   945  1423 I Tracking: RELOC_TIMER: Running localization in background with throttling - It's 44.28 seconds since first attempt, background timeout after 3600 seconds
12-27 17:56:09.861 28792 12454 W OVRLibrary: null cursor received for query content://com.oculus.ocms.library/apps/paused_app
12-27 17:56:09.861   945  1423 I Tracking: LocalizationStateMachine: Not scheduling coarse localization since there is 1 successful reloc trial and mapper is probably still in ViT.
12-27 17:56:09.861   945  1423 I Tracking: LocalizationStateMachine: LocalizationStateMachine updated from NoAction to FineLocalizationOnly
12-27 17:56:09.861  1985  2764 I VrRuntimeClient: SetCompositorClientFeatureFlag ClientFeatureFlag 0 
12-27 17:56:09.861  1985  2764 I FaceEyeTrackingManagerHelpers: [FaceEyeTrackingManager] Audio FT GK: 0
12-27 17:56:09.861  1985  2764 I LogTimer: CPUTIME: VrRuntimeClient_BeginSession took 15.7009 ms
12-27 17:56:09.862   945  1423 I Tracking: VEGA_MAPPER: Scheduling localization on root nodes 3c06380f-0958-3898-3af7-75699c3213b3.
12-27 17:56:09.862   945  1423 I Tracking: RELOC_TIMER: Running localization in background with throttling - It's 44.28 seconds since first attempt, background timeout after 3600 seconds
12-27 17:56:09.862  1985  2764 I ClientInputSettings: HANDTRACKING: enabled input settings, setting hand mode control settings to ControllersOnly
12-27 17:56:09.862  1985  2764 I ClientInputInterface: DEADRECKONING SetControllerTrackingExtendedDeadreckoning 0
12-27 17:56:09.862  2875  3160 I VrRuntimeService: RuntimeServiceSDKServer::SetControllerTrackingExtendedDeadreckoning: 41386587
12-27 17:56:09.862  1985  2764 I ClientInputSettings: HANDTRACKING package name is com.oculus.shellenv
12-27 17:56:09.862  1985  2764 I ClientInputSettings: HANDTRACKING: Manifest Permission request for com.oculus.shellenv
12-27 17:56:09.862  1985  2764 I ClientInputSettings: HANDTRACKING:  'com.oculus.shellenv' Is hands or controller.
12-27 17:56:09.862  1985  2764 I ClientInputSettings: HANDTRACKING: feature flag set to 2
12-27 17:56:09.862  1985  2764 I ClientInputInterface: HANDTRACKING sethandmanifest 2
12-27 17:56:09.862  1985  2764 I InputHooks_Internal: Enabling Native Input Hooks
12-27 17:56:09.863  1985  2764 I InputDeviceManager: ovrInputDeviceManager::Initialize
12-27 17:56:09.863  1985  2764 I HandPoseSampler: Setting samplerconfig enum 0
12-27 17:56:09.863  1985  2764 I HandPoseSampler: Setting samplerconfig enum 0
12-27 17:56:09.863  1985  2764 I HandPoseSampler: Setting samplerconfig enum 0
12-27 17:56:09.863  1985  2764 I HandPoseSampler: Setting samplerconfig enum 0
12-27 17:56:09.863  1985  2764 I HandPoseSampler: Setting samplerconfig enum 0
12-27 17:56:09.863  1985  2764 I InputDevice_Hand: BodyPoweredHands checkSysPropForBodyAPIOverride 0
12-27 17:56:09.863  1985  2764 I HandPoseSampler: Setting samplerconfig enum 0
12-27 17:56:09.863  1985  2764 I InputDevice_Hand: BodyPoweredHands checkSysPropForBodyAPIOverride 0
12-27 17:56:09.863  1985  2764 E TREX    : Interface version 3 was not found. Check debug build for more information.
12-27 17:56:09.865  1985  2764 D OsSdk   : TrackingServiceConnection registered
12-27 17:56:09.866  2875  2875 I ClientMgr: FocusedWindowChanged: uid = 10016 pid = 1985
12-27 17:56:09.866  2875  2875 I ClientMgr: FocusedClient changed.
12-27 17:56:09.866  2875  2875 W ClientMgr: ClientMgr::SetFocusedClient: No focused client
12-27 17:56:09.866  2875  2875 I ClientMgr: Releasing clocks.
12-27 17:56:09.866  2875  2875 I ClientMgr: SetFocusedPackageName - packageName  processName  clientId 0 clientPid 0
12-27 17:56:09.867  3217  3278 W PhaseSync: [PS_Ver_1_0] DiscardFrame is triggered, frame->Stage 2 FrameBeginIndex 1939 
12-27 17:56:09.868   945  1597 D TrackingService: getSharedMemory: com.oculus.shellenv#1985, HeadTracker
12-27 17:56:09.869  1985  2764 I Distortion: Initializing Mesh Decenter Correction
12-27 17:56:09.870   918 23879 I CalibrationStore: loading calibration file: calibration/display/screen_offset.json
12-27 17:56:09.870  1985  2764 I Distortion: SetLensPositions - iad=0.062927, left offset=-9.69991e-05,-0.00144994, right offset=0.000376828,-0.00144805
12-27 17:56:09.870  1985  2764 I Distortion: Initializing Mesh Decenter Correction
12-27 17:56:09.871 28792 28792 D [SUI] ActivityManagerUtilsHelper: onFocusedWindowChanged: Instance: com.oculus.common.activitymanager.ActivityManagerUtilsHelper@fb63e41, topWindowUid: 10016, focusedApp: com.oculus.shellenv, previousApp: com.oculus.vrshell
12-27 17:56:09.871 28792 28792 D [SUI] AnytimeUIPanelApp: Received ActivityStateChanges - com.oculus.shellenv
12-27 17:56:09.871   918 23879 I CalibrationStore: loading calibration file: calibration/display/screen_offset.json
12-27 17:56:09.872  3217  3278 I MRSVC   : MIXEDREALITY: OpenXrSupport: OpenXR qualified success: xrBeginFrame(clientState_.session, &beginFrameDesc): XR_FRAME_DISCARDED
12-27 17:56:09.872  1985  2764 I Distortion: SetLensPositions - iad=0.062927, left offset=-9.69991e-05,-0.00144994, right offset=0.000376828,-0.00144805
12-27 17:56:09.872   945  1425 I Tracking: VIPER:DEEP_DESCRIPTOR: Computing Deep Descriptors using gravity orientation.
12-27 17:56:09.872  3217  3612 I MRSVC   : MIXEDREALITY: MrServiceController: VrFocusManager::Top Activity Changed, topActivity now is: 'com.oculus.shellenv', immersiveApp now is: 'com.epicgames.AtomVR'.
12-27 17:56:09.872  3217  3278 I MRSVC   : MIXEDREALITY: MrServiceView: renderIteration: Hibernating the rendering thread since ID is off and no active PT layers.
12-27 17:56:09.873   945  9887 D TrackingService: getSharedMemory: com.oculus.shellenv, Controller
12-27 17:56:09.873  3217  3278 I MRSVC   : MIXEDREALITY: MrServiceModelBase: Hibernating caller (most likely rendering thread) due to commandQueue being empty.
12-27 17:56:09.873  1985  2764 I InputDevice_TrackedRemote: REMOTE: Hand=2 IndexAnalog=0.00 GripAnalog=0.00 Buttons=0x00000000
12-27 17:56:09.873  1985  2764 I InputDevice_TrackedRemote: REMOTE: Hand=1 IndexAnalog=0.00 GripAnalog=0.00 Buttons=0x00000000
12-27 17:56:09.873  1985  2764 I InputDeviceManager: HANDTRACKING Pointer filter profile changed to: 0
12-27 17:56:09.873  1985  2764 I InputDeviceManager: HANDTRACKING Pointer filter profile changed to: 0
12-27 17:56:09.873  1985  2764 I InputDeviceManager: HANDTRACKING Root pose filter profile changed for freq to 3 from 0  inf: 1
12-27 17:56:09.873  1985  2764 I HandPoseSampler: Setting samplerconfig enum 3
12-27 17:56:09.873  1985  2764 I HandPoseSampler: Setting samplerconfig enum 3
12-27 17:56:09.874  1985  2764 I PhaseSync: PhaseSync::PhaseSync PaddingLowerLimit 0.350000 StandardDeviations 2.000000 PaddingUpperLimit 0.750000 on instance 163
12-27 17:56:09.874  1985  2764 I VrRuntimeClient: PhaseSync Instance created
12-27 17:56:09.875  3141  3141 I VrGuardianService: nativeSetCurrentUser userid = 0
12-27 17:56:09.875  3141  3141 I GuardianSystem: [GuardianSystem::SetCurrentUser] User ID from 0 to 0
12-27 17:56:09.875  2875  3160 I VrRuntimeService: RuntimeServiceSDKServer::EnableRendering: 0x74dcfcf070, 2, com.oculus.shellenv
12-27 17:56:09.876  2875  3160 I ClientMgr: EnableRendering2: Calling SetFocusedClient: 41386587
12-27 17:56:09.876  2875  3160 I ClientMgr: FocusedClient changed.
12-27 17:56:09.876  2875  3160 I ClientMgr: ClientMgr::SetFocusedClient: 1985:com.oculus.shellenv type 0
12-27 17:56:09.876  2875  3160 I ClientMgr: SetFocusedPackageName - packageName com.oculus.shellenv processName com.oculus.shellenv clientId 41386587 clientPid 1985
12-27 17:56:09.876  2875  3160 I ServiceInputManager: ServiceInputManager::SetFocusedPackageName 'com.oculus.shellenv'
12-27 17:56:09.876  2875  3160 I VrRuntimeService: RuntimeIPC: SendFocusChangeEventToAllClients: PostClientEvent SUCCESS: com.oculus.guardian:com.oculus.vrguardianservice:3141, com.oculus.shellenv, com.oculus.shellenv
12-27 17:56:09.876  2875  3160 I VrRuntimeService: RuntimeIPC: SendFocusChangeEventToAllClients: PostClientEvent SUCCESS: com.oculus.vrshell:com.oculus.vrshell:Overlay:2802, com.oculus.shellenv, com.oculus.shellenv
12-27 17:56:09.876  2875  3160 I VrRuntimeService: RuntimeIPC: SendFocusChangeEventToAllClients: PostClientEvent SUCCESS: com.oculus.vrshell:com.oculus.vrshell:2202, com.oculus.shellenv, com.oculus.shellenv
12-27 17:56:09.876  2875  3160 W REFLECT [RUNTIMEIPC]: ipc_PostClientEvent FAILED: FocusChangeEvent
12-27 17:56:09.876  2875  3160 W VrRuntimeService: RuntimeIPC: SendFocusChangeEventToAllClients: PostClientEvent FAILED: com.oculus.shellenv:com.oculus.shellenv:1985, com.oculus.shellenv, com.oculus.shellenv
12-27 17:56:09.876  2875  3160 I VrRuntimeService: RuntimeIPC: SendFocusChangeEventToAllClients: PostClientEvent SUCCESS: com.epicgames.AtomVR:com.epicgames.AtomVR:11894, com.oculus.shellenv, com.oculus.shellenv
12-27 17:56:09.876  2875  3160 W REFLECT [RUNTIMEIPC]: ipc_PostClientEvent FAILED: FocusChangeEvent
12-27 17:56:09.876  2875  3160 W VrRuntimeService: RuntimeIPC: SendFocusChangeEventToAllClients: PostClientEvent FAILED: com.oculus.mrservice:com.oculus.mrservice:3217, com.oculus.shellenv, com.oculus.shellenv
12-27 17:56:09.876  2875  3160 I ClientMgr: ClientMgr::EnableRendering 1985:com.oculus.shellenv : type 0 comp-id 2: enable
12-27 17:56:09.876  2875  3160 I CompositorVR: CheckDebuggerConnected: debugger 0
12-27 17:56:09.876  2875  3160 I VrRuntimeServer: SysProp debug mode is disabled on Server side
12-27 17:56:09.876  2875  3160 I UnifiedTelemetryWrapper: Started UT session render:com.oculus.shellenv
12-27 17:56:09.878  2078  2346 I OVRMediaService: onStartCommand Received message type: set_package_name, caller package: no_app_identity, app identify: null
12-27 17:56:09.878  3265  3265 V MetaCam (ForegroundAppChecker): Current foreground package is com.oculus.shellenv.
12-27 17:56:09.878  2078  2346 I OVRMediaService: Got package name intent (com.oculus.shellenv)
12-27 17:56:09.878  1985  2764 I VrApi   : OVR::Stats thread started
12-27 17:56:09.878  1985  2764 I XrRuntimeUtils: XrRuntimeUtils::BeginSession
12-27 17:56:09.878  1985  2764 I XrRuntimeSystem_Client: BeginSession
12-27 17:56:09.878  1985  2764 I OpenXR  : usesManifestForCpuBoost:0
12-27 17:56:09.878  1985  2764 I OpenXR  : ------------ xrBeginSession [end] -----------
12-27 17:56:09.878  1985  2764 I Clay    : Setting CPU/GPU levels= 25/75
12-27 17:56:09.878  1985  2764 I VrRuntimeClient: UpdateEvents: HMT was mounted
12-27 17:56:09.878  1985  2764 I Deque   : AddEventToQueue called. eventInfo.type: 1000075000, eventInfo.next: 1
12-27 17:56:09.878  1985  2764 I Clay    : xrPollEvent: MOUNT_STATE_CHANGED_FB: isMounted 1
12-27 17:56:09.879  2078  2798 I VRLifecycleSessionManager: Stored session info.
12-27 17:56:09.879  2875  3106 I ClientMgr: Non-overlay clients rendering status has changed: prev=493, curr=494, enabled=2
12-27 17:56:09.879  1985 13014 I JniUtils: ovr_GetCurrentPackageSignature 
12-27 17:56:09.879  3265  3265 D FileCapture: Async on app switch
12-27 17:56:09.879  2875  3106 I ClientMgr: GetForegroundClientId: Found foreground uid 10108.
12-27 17:56:09.879  2875  3106 I ClientMgr: Primary client determined to be foreground client: com.epicgames.AtomVR.
12-27 17:56:09.879  1985 13014 I Metrics : device name = Oculus Quest 2
12-27 17:56:09.880  2875  3106 I PerformanceManager_ZSF: SetClockLevels: Force releasing clocks
12-27 17:56:09.880  2875  3106 I PerformanceManager_ZSF: perfmgr: SetClockLevels: Apply pending clock request change: 5,4 -> -1,-1
12-27 17:56:09.880  2875  3106 I VrRuntimeServer: UpdateCompositorClientApertureMask client(55)
12-27 17:56:09.880  2875  3106 I VrRuntimeServer: UpdateCompositorClientLayerPlacement client(55): layer placement(128)
12-27 17:56:09.880  2875  3106 I VrRuntimeServer: UpdateCompositorClientApertureMask client(4)
12-27 17:56:09.880  2875  3106 I VrRuntimeServer: UpdateCompositorClientLayerPlacement client(4): layer placement(129)
12-27 17:56:09.880  2875  3106 W CompositorClientMgr: Client 2 disabled
12-27 17:56:09.880  2875  3106 I VrRuntimeServer: UpdateCompositorClientApertureMask client(2)
12-27 17:56:09.880  2875  3106 W ClientMgr: compositor client com.oculus.shellenv update attempt: failed, enable mask = 0
12-27 17:56:09.880  2875  3106 I VrRuntimeServer: UpdateCompositorClientApertureMask client(5)
12-27 17:56:09.880  2875  3106 I VrRuntimeServer: UpdateCompositorClientLayerPlacement client(5): layer placement(4294967293)
12-27 17:56:09.880  2875  3106 I VrRuntimeServer: UpdateCompositorClientApertureMask client(1)
12-27 17:56:09.880  2875  3106 I VrRuntimeServer: UpdateCompositorClientLayerPlacement client(1): layer placement(2147483775)
12-27 17:56:09.880  2875  3101 I Clocks  : ReleaseClocks - start
12-27 17:56:09.881  3265  5253 D MetaCam (MediaCapabilityChecker): checkMediaHasRecordingCapabilities packageName: com.oculus.shellenv
12-27 17:56:09.881  2875  3101 I Clocks  : ReleaseClocks - end (0.6 ms)
12-27 17:56:09.881  2078  2608 W OVRLibrary: null cursor received for query content://com.oculus.ocms.library/apps/com.epicgames.AtomVR
12-27 17:56:09.882  2078  2608 E OVRMediaServiceManager: LivestreamingManager Not initialized
12-27 17:56:09.883  2078  2346 E OVRMediaServiceManager: LivestreamingManager Not initialized
12-27 17:56:09.886  1985 13016 I FenceChecker: FenceChecker::MainLoop - started
12-27 17:56:09.889   945 12183 W Tracking: TIMESTAMPCHECKER: Nominal rate wrong. Estimated data rate: 25, Nominal is 30
12-27 17:56:09.889  1985  2764 I Clay    : copresence: microphone state transition, unpaused
12-27 17:56:09.889  1985  2764 I Clay    : HyperspaceClientSystem: localavatar not ready
12-27 17:56:09.890  2875 12231 I Vsync   : Vsync 3231:  2 x 13.92 ms (71.83 Hz, at 141773.350)
12-27 17:56:09.890  1985  2764 I OpenXR  : PostSessionStateChange: XR_SESSION_STATE_READY -> XR_SESSION_STATE_SYNCHRONIZED
12-27 17:56:09.890  1985  2764 I Deque   : AddEventToQueue called. eventInfo.type: 18, eventInfo.next: 1
12-27 17:56:09.890  1985  2764 I Clay    : xrPollEvent: SESSION_STATE_CHANGED: SYNCHRONIZED
12-27 17:56:09.890  1985  2764 I OpenXR  : PostSessionStateChange: XR_SESSION_STATE_SYNCHRONIZED -> XR_SESSION_STATE_VISIBLE
12-27 17:56:09.892  1985  2764 I Deque   : AddEventToQueue called. eventInfo.type: 18, eventInfo.next: 1
12-27 17:56:09.892  1985  2764 I OpenXR  : PostSessionStateChange: XR_SESSION_STATE_VISIBLE -> XR_SESSION_STATE_FOCUSED
12-27 17:56:09.892  1985  2764 I Deque   : AddEventToQueue called. eventInfo.type: 18, eventInfo.next: 1
12-27 17:56:09.892  1985  2764 I Clay    : xrPollEvent: SESSION_STATE_CHANGED: VISIBLE
12-27 17:56:09.892  1985  2764 I Clay    : xrPollEvent: SESSION_STATE_CHANGED: FOCUSED
12-27 17:56:09.898  2875  3106 I PerformanceManager_ZSF: perfmgr: SetClockLevels: Apply pending clock request change: -1,-1 -> 2,3
12-27 17:56:09.898  2875  3106 W CompositorClientMgr: Client 2 disabled
12-27 17:56:09.898  2875  3106 I VrRuntimeServer: UpdateCompositorClientApertureMask client(2)
12-27 17:56:09.898  2875  3106 W ClientMgr: compositor client com.oculus.shellenv update attempt: failed, enable mask = 0
12-27 17:56:09.898  2875  3101 I Clocks  : LockClocks( cpu=2, gpu=3 ) - start
12-27 17:56:09.900  2875  3101 I Clocks  : CPU levels [0, 8]
12-27 17:56:09.900  1985  2764 I Clay    : HyperspaceClientSystem: localavatar not ready
12-27 17:56:09.900  2875  3101 I Clocks  : GPU levels [0, 7]
12-27 17:56:09.902  2875  3101 I Clocks  : LockClocks( cpu=2, gpu=3 ) - end (3.7 ms)
12-27 17:56:09.902  2802  2802 D KeyboardInputMethodService: onFinishInput
12-27 17:56:09.904  2875 12231 I SwapChain: Clearing Reusable SwapChain and destroying
12-27 17:56:09.904  2875 12231 I SwapChain: DestroyAndroidSurfaceSwapChain: 0x74dce54000: Destroying SurfaceTexture 0x1c62 Surface 0x1c52
12-27 17:56:09.904  2875 12231 I SwapChain: Clearing Reusable SwapChain and destroying
12-27 17:56:09.904  2875 12231 I SwapChain: DestroyAndroidSurfaceSwapChain: 0x74dce56800: Destroying SurfaceTexture 0x1c2a Surface 0x1c12
12-27 17:56:09.904  2875 12231 I SwapChain: Clearing Reusable SwapChain and destroying
12-27 17:56:09.904  2875 12231 I SwapChain: DestroyAndroidSurfaceSwapChain: 0x74dce6c000: Destroying SurfaceTexture 0x1bea Surface 0x1bda
12-27 17:56:09.904  2875 12231 I SwapChain: Clearing Reusable SwapChain and destroying
12-27 17:56:09.904  2875 12231 I SwapChain: DestroyAndroidSurfaceSwapChain: 0x74dce6e800: Destroying SurfaceTexture 0x1baa Surface 0x1b96
12-27 17:56:09.909   945  1597 W TrackingService: attachClient: found client in attached list
12-27 17:56:09.909   945  1597 D TrackingService: getSharedMemory: com.oculus.shellenv, HeadTracker
12-27 17:56:09.911   945  1104 W TrackingService: attachClient: found client in attached list
12-27 17:56:09.912   945  1104 D TrackingService: getSharedMemory: com.oculus.systemdriver, HeadTracker
12-27 17:56:09.913  2875  3106 I PerformanceManager_ZSF: perfmgr: SetClockLevels: Apply pending clock request change: 2,3 -> 2,4
12-27 17:56:09.913  2875  3106 W CompositorClientMgr: Client 2 disabled
12-27 17:56:09.914  2875  3106 I VrRuntimeServer: UpdateCompositorClientApertureMask client(2)
12-27 17:56:09.914  2875  3106 W ClientMgr: compositor client com.oculus.shellenv update attempt: failed, enable mask = 0
12-27 17:56:09.914  2875  3101 I Clocks  : LockClocks( cpu=2, gpu=4 ) - start
12-27 17:56:09.914  2875  3101 I Clocks  : CPU levels [0, 8]
12-27 17:56:09.914  2875  3101 I Clocks  : GPU levels [0, 7]
12-27 17:56:09.915  2875  3101 I Clocks  : LockClocks( cpu=2, gpu=4 ) - end (1.2 ms)
12-27 17:56:09.916  2202  2202 D [SEO] ShellEnvOverlayService: Message Handler: onResume
12-27 17:56:09.916  3217  3612 I MRSVC   : MIXEDREALITY: MrServiceController: VrFocusManager::Top Activity Changed, topActivity now is: 'com.oculus.shellenv', immersiveApp now is: 'com.epicgames.AtomVR'.
12-27 17:56:09.916  3217  3612 I MRSVC   : MIXEDREALITY: MrServiceController: VrFocusManager::Top Activity Changed, topActivity now is: 'com.oculus.shellenv', immersiveApp now is: 'com.oculus.shellenv'.
12-27 17:56:09.916  3217  3612 I MRSVC   : MIXEDREALITY: MrServiceController: VrFocusManager::Top Activity Changed, topActivity now is: 'com.oculus.shellenv', immersiveApp now is: 'com.oculus.shellenv'.
12-27 17:56:09.916  2202  2429 I [SEO] ShellApp: ---------- ShellApp::EnterVrMode() ----------
12-27 17:56:09.916  2202  2429 D [SEO] ShellApplication: setOverlayInputFocus: inputFocus=true
12-27 17:56:09.916  2202  2429 D [SEO] BaseOverlayService: setOverlayInputFocus : entrypoint - inputFocus=true
12-27 17:56:09.916  2202  2429 D [SEO] BaseOverlayService: Installing global InputFilter
12-27 17:56:09.917   945  1104 W TrackingService: attachClient: found client in attached list
12-27 17:56:09.917  2202  2429 I [SEO] SystemAssistant: OnModeChanged from ImmersiveAppFocused to Paused
12-27 17:56:09.917  3141  3322 I GuardianFocusListener: [GuardianFocusListener::onTopActivityChanged] updated TopActivityChangeEvent - topActivityName: com.oculus.shellenv, immersiveAppPackageName: com.oculus.shellenv, isImmersiveAppTopActivity: true
12-27 17:56:09.917  3141  3322 I GuardianFocusListener: [GuardianFocusListener::UpdateImmersiveAppState] Pending immersive app updated from com.epicgames.AtomVR to com.oculus.shellenv
12-27 17:56:09.917  2202  2202 D [SEO] BaseOverlayService: attachServiceWindowView 
12-27 17:56:09.917  2202 22972 D [SEO] ShellInputFilter: onInstalled
12-27 17:56:09.918   945  1104 D TrackingService: getSharedMemory: com.oculus.vrshell, HeadTracker
12-27 17:56:09.919  2202  2429 D [SEO] ShellApplication: notify OS to set com.oculus.vrshell/com.oculus.vrshell.ShellEnvOverlayService to FOREGROUND
12-27 17:56:09.921  2202  2429 I [SEO] ShellTransitionState: Logging ShellTransitionState to dumpsys: {"state":"Foregrounding","timeMillis":"141773380"}
12-27 17:56:09.921  2202  2429 I [SEO] VrPlatformOpenXr: Setting clock levels to cpu=2, gpu=4
12-27 17:56:09.921  2202  2429 I [SEO] VrPlatformOpenXr: Setting perf thread tids to main=2429, render=unset
12-27 17:56:09.921  2202  2429 I OpenXR  : ------------ xrBeginSession [start] -----------
12-27 17:56:09.921  2202  2429 I VrApi   : OVR::Stats thread Resume
12-27 17:56:09.921  2202  2429 I VrRuntimeClient: Tracing is disabled
12-27 17:56:09.921  2202  2429 I VrRuntimeClient: SysProp debug mode is disabled on Client side
12-27 17:56:09.921  2202  2429 I DRR     : Discrete Render Rotation is disabled
12-27 17:56:09.922  2202  2429 I VrRuntimeClient: DEVICE MODEL NUMBER = Quest 2
12-27 17:56:09.922  2202  2429 I VrRuntimeClient: DEVICE BUILD NAME = SQ3A.220605.009.A1
12-27 17:56:09.922  2202  2429 I VrRuntimeClient: DEVICE BUILD TYPE = user
12-27 17:56:09.922  2202  2429 I VrRuntimeClient: DEVICE OS VERSION = 12
12-27 17:56:09.922  2202  2429 I VrRuntimeClient: API LOADER VERSION = 1.0.29
12-27 17:56:09.922  2202  2429 I VrRuntimeClient: RUNTIME API VERSION = 1.0.29
12-27 17:56:09.922  2202  2429 I VrRuntimeClient: RUNTIME VERSION = 59.0.0.172.706 Nov  6 2023 00:25:46 RELEASE
12-27 17:56:09.922  2202  2429 I VrRuntimeClient: APP NAME = Oculus App Runtime
12-27 17:56:09.922  2202  2429 I VrRuntimeClient: APP VERSION = 59.0.0.172.706 versionCode 535797236 internalVersionName 59.0.0.172.706.64ce586c41bc 2023_11_09_18_27
12-27 17:56:09.922  2202  2429 I VrRuntimeClient: APP VR TYPE = vr_only
12-27 17:56:09.922  2202  2429 I VrRuntimeClient: APP MODE TYPE = VR
12-27 17:56:09.922  2202  2429 I VrRuntimeClient: APP PACKAGE NAME = com.oculus.vrshell
12-27 17:56:09.922  2202  2429 I VrRuntimeClient: APP ACTIVITY CLASS = com.oculus.vrshell.ShellApplication
12-27 17:56:09.922  2202  2429 I Sensor  : OSSDKTRACKING Initializing head tracking
12-27 17:56:09.922  2202  2429 D OsSdk   : TrackingServiceConnection ctor
12-27 17:56:09.922  2202  2429 I Sensor  : OSSDKTRACKING Head tracker != nullpointer 0x74a8e32fd8, 1
12-27 17:56:09.922  2202  2429 I Sensor  : OSSDKTRACKING Initializing controller tracking
12-27 17:56:09.922  2202  2429 I Sensor  : OSSDKTRACKING Controller tracker != nullpointer 0x754ef30390, 1
12-27 17:56:09.924  3217  3612 I MRSVC   : MIXEDREALITY: MrServiceController: VrFocusManager::Top Activity Changed, topActivity now is: 'com.oculus.shellenv', immersiveApp now is: 'com.oculus.shellenv'.
12-27 17:56:09.925  2202  2429 I DeviceStatus: nativeHeadsetEvent(0)
12-27 17:56:09.926  2202  2429 I VrRuntimeClient: SetCompositorClientFeatureFlag ClientFeatureFlag 0 
12-27 17:56:09.926  2202  2429 I FaceEyeTrackingManagerHelpers: [FaceEyeTrackingManager] Audio FT GK: 0
12-27 17:56:09.926  2202  2429 I LogTimer: CPUTIME: VrRuntimeClient_BeginSession took 4.8607 ms
12-27 17:56:09.926  2875  3106 W CompositorClientMgr: Client 2 disabled
12-27 17:56:09.926  2875  3106 I VrRuntimeServer: UpdateCompositorClientApertureMask client(2)
12-27 17:56:09.926  2875  3106 W ClientMgr: compositor client com.oculus.shellenv update attempt: failed, enable mask = 0
12-27 17:56:09.927  2202  2429 I ClientInputSettings: HANDTRACKING: enabled input settings, setting hand mode control settings to ControllersOnly
12-27 17:56:09.927  2202  2429 I ClientInputInterface: DEADRECKONING SetControllerTrackingExtendedDeadreckoning 0
12-27 17:56:09.927  2875  3179 I VrRuntimeService: RuntimeServiceSDKServer::SetControllerTrackingExtendedDeadreckoning: 2604395118
12-27 17:56:09.927  2202  2429 I ClientInputSettings: HANDTRACKING package name is com.oculus.vrshell
12-27 17:56:09.927  2202  2429 I ClientInputSettings: HANDTRACKING: Manifest Permission request for com.oculus.vrshell
12-27 17:56:09.927  2202  2429 I ClientInputSettings: HANDTRACKING:  'com.oculus.vrshell' Is hands or controller.
12-27 17:56:09.927  2202  2429 I ClientInputSettings: HANDTRACKING: feature flag set to 2
12-27 17:56:09.927  2202  2429 I ClientInputInterface: HANDTRACKING sethandmanifest 2
12-27 17:56:09.927  2202  2429 W InputHooksJava: Unable to enable input hooks on a non-Activity Context
12-27 17:56:09.927  2202  2202 D [SEO] BaseOverlayService: setOverlayInputFocus : completed - inputFocus=true actionTaken:true
12-27 17:56:09.927  2202  2429 I InputDeviceManager: ovrInputDeviceManager::Initialize
12-27 17:56:09.928  2202  2429 I HandPoseSampler: Setting samplerconfig enum 0
12-27 17:56:09.928  2202  2429 I HandPoseSampler: Setting samplerconfig enum 0
12-27 17:56:09.928  2202  2429 I HandPoseSampler: Setting samplerconfig enum 0
12-27 17:56:09.928  2202  2429 I HandPoseSampler: Setting samplerconfig enum 0
12-27 17:56:09.928  2202  2429 I HandPoseSampler: Setting samplerconfig enum 0
12-27 17:56:09.928  2202  2429 I InputDevice_Hand: BodyPoweredHands checkSysPropForBodyAPIOverride 0
12-27 17:56:09.928  2202  2429 I HandPoseSampler: Setting samplerconfig enum 0
12-27 17:56:09.928  2202  2429 I InputDevice_Hand: BodyPoweredHands checkSysPropForBodyAPIOverride 0
12-27 17:56:09.928  2202  2429 E TREX    : Interface version 3 was not found. Check debug build for more information.
12-27 17:56:09.929  2202  2429 D OsSdk   : TrackingServiceConnection registered
12-27 17:56:09.931   945  1597 D TrackingService: getSharedMemory: com.oculus.vrshell#2202, HeadTracker
12-27 17:56:09.931  2202  2429 I Distortion: Initializing Mesh Decenter Correction
12-27 17:56:09.931  2078  3201 I OVRMediaService: onStartCommand Received message type: overlay_input_focus_change, caller package: com.oculus.vrshell, app identify: AppIdentity{uid=10025, packageNames=[com.oculus.vrshell], sha2=3C-DTjwZQjeLFPB2yCzRq1nqZWa_9HMLIEfpjvyfna8, version=null, domain=null}
12-27 17:56:09.932   918   918 I CalibrationStore: loading calibration file: calibration/display/screen_offset.json
12-27 17:56:09.932  2202  2429 I Distortion: SetLensPositions - iad=0.062927, left offset=-9.69991e-05,-0.00144994, right offset=0.000376828,-0.00144805
12-27 17:56:09.932  2202  2429 I Distortion: Initializing Mesh Decenter Correction
12-27 17:56:09.933   918  1137 I CalibrationStore: loading calibration file: calibration/display/screen_offset.json
12-27 17:56:09.933  2202  2429 I Distortion: SetLensPositions - iad=0.062927, left offset=-9.69991e-05,-0.00144994, right offset=0.000376828,-0.00144805
12-27 17:56:09.933   945  1104 D TrackingService: getSharedMemory: com.oculus.vrshell, Controller
12-27 17:56:09.934  2202 13022 I InputDevice_TrackedRemote: REMOTE: Hand=2 IndexAnalog=0.00 GripAnalog=0.00 Buttons=0x00000000
12-27 17:56:09.934  2202 13022 I InputDevice_TrackedRemote: REMOTE: Hand=1 IndexAnalog=0.00 GripAnalog=0.00 Buttons=0x00000000
12-27 17:56:09.934  2202 13022 I InputDeviceManager: HANDTRACKING Pointer filter profile changed to: 0
12-27 17:56:09.934  2202 13022 I InputDeviceManager: HANDTRACKING Pointer filter profile changed to: 0
12-27 17:56:09.934  2202 13022 I InputDeviceManager: HANDTRACKING Root pose filter profile changed for freq to 3 from 0  inf: 1
12-27 17:56:09.934  2202 13022 I HandPoseSampler: Setting samplerconfig enum 3
12-27 17:56:09.934  2202 13022 I HandPoseSampler: Setting samplerconfig enum 3
12-27 17:56:09.934  2202  2429 I PhaseSync: PhaseSync::PhaseSync PaddingLowerLimit 0.350000 StandardDeviations 2.000000 PaddingUpperLimit 0.750000 on instance 181
12-27 17:56:09.934  2202  2429 I VrRuntimeClient: PhaseSync Instance created
12-27 17:56:09.934  2875  3179 I VrRuntimeService: RuntimeServiceSDKServer::EnableRendering: 0x0, 0, com.oculus.vrshell
12-27 17:56:09.934  2875  3179 I ClientMgr: EnableRendering2: invalid clientWindow, testing uid/pid
12-27 17:56:09.934  2875  3179 I ClientMgr: ClientMgr::EnableRendering 2202:com.oculus.vrshell : type 1 comp-id 3: enable
12-27 17:56:09.934  2875  3179 I CompositorClientMgr: Enable client 3
12-27 17:56:09.934  2875  3179 I VrRuntimeServer: EnableCompositorClient client(3): layer placement(2147483775) flags(0) sm(0x75fb79e010)
12-27 17:56:09.934  2875  3179 I CompositorVR: CheckDebuggerConnected: debugger 0
12-27 17:56:09.934  2875  3179 I VrRuntimeServer: SysProp debug mode is disabled on Server side
12-27 17:56:09.934  2875  3179 I UnifiedTelemetryWrapper: Started UT session render:com.oculus.vrshell
12-27 17:56:09.935  2078  3201 I OVRMediaService: Received OVERLAY_INPUT_FOCUS_CHANGE. is focused: true
12-27 17:56:09.935  2202  2429 I VrApi   : OVR::Stats thread started
12-27 17:56:09.935  2202  2429 I XrRuntimeUtils: XrRuntimeUtils::BeginSession
12-27 17:56:09.935  2202  2429 I XrRuntimeSystem_Client: BeginSession
12-27 17:56:09.935  2202  2429 I [CT]    : MIXEDREALITY: TREX: Resuming Insight MR session.
12-27 17:56:09.936  2202 13023 I JniUtils: ovr_GetCurrentPackageSignature 
12-27 17:56:09.936  2202 13023 I Metrics : device name = Oculus Quest 2
12-27 17:56:09.937  2202  2429 I OpenXR  : usesManifestForCpuBoost:0
12-27 17:56:09.937  2202  2429 I OpenXR  : ------------ xrBeginSession [end] -----------
12-27 17:56:09.937  2202  2429 I OpenXR_Passthrough: ------------ xrPassthroughStartFB -----------
12-27 17:56:09.938  1985  2764 W FrameQueue: MakeNonblockingRequest: request for frame 281982 is still invalid for com.oculus.shellenv after 25 tries.
12-27 17:56:09.938  1985  2764 W VrRuntimeClient: WarpSwap: MakeRequest failed
12-27 17:56:09.938  1985  2764 I OpenXR  : xrEndFrame FrameTransaction failure detected, might due to compositor frame blocking, swapchains not marked as used-in-frame 281982 
12-27 17:56:09.938  1985  2764 I Clay    : HyperspaceClientSystem: localavatar not ready
12-27 17:56:09.939  3217  3338 I MRSVC   : MIXEDREALITY: MrFeatureStatus: Passthrough: Client 2604395118 status changed from Paused to Started.
12-27 17:56:09.939  3217  3338 I MRSVC   : MIXEDREALITY: MrFeatureStatus: Passthrough: Target status Started, CurrentStatus: Started
12-27 17:56:09.939  2202  2429 I [SEO] VrPlatformOpenXr: VrPlatformOpenXr::SetPropInhibitHandleHomeKey inhibit:1
12-27 17:56:09.939  2202  2429 I OpenXR_DeviceSettings: ------------ xrSetDeviceSettingBooleanFB -----------
12-27 17:56:09.939  2202  2429 I ClientInputSettings: SetInhibitHandleHomeKey = true for com.oculus.vrshell
12-27 17:56:09.939  2202  2429 I ClientInputInterface: SetInhibitHandleHomeKey 1 for process com.oculus.vrshell 2202
12-27 17:56:09.939  2202  2429 I [SEO] VrPlatformOpenXr: VrPlatformOpenXr::SetPropInhibitHandleHomeKey result = 0
12-27 17:56:09.939  2202  2429 I [SEO] ShellApp: PerformOneTimeInit
12-27 17:56:09.939  2202  2429 I [SEO] Compositor: EnterVrMode with eye buffer: 1440x1584 : 3
12-27 17:56:09.939  2202  2429 I [SEO] AudioMixer: Enabling AudioPlayer.
12-27 17:56:09.939  2202  2429 I [SEO] AudioEngine: virtual void AudioLibrary::AudioEngine::EnablePlayer()
12-27 17:56:09.939  2202  2429 D [SEO] ShellApplication: requestAudioFocus, transientFocus=false
12-27 17:56:09.939  2202  2429 W AudioManager: Use of stream types is deprecated for operations other than volume control
12-27 17:56:09.939  2202  2429 W AudioManager: See the documentation of requestAudioFocus() for what to use instead with android.media.AudioAttributes to qualify your playback use case
12-27 17:56:09.939  1152  1165 I MediaFocusControl: requestAudioFocus() from uid/pid 10025/2202 AA=USAGE_MEDIA/CONTENT_TYPE_MUSIC clientId=android.media.AudioManager@62a5ffacom.oculus.vrshell.ShellAudioFocusHandler@ea539ab callingPack=com.oculus.vrshell req=1 flags=0x0 sdk=29 usage=USAGE_MEDIA
12-27 17:56:09.940  2875  3106 W CompositorClientMgr: Client 2 disabled
12-27 17:56:09.940  2875  3106 I VrRuntimeServer: UpdateCompositorClientApertureMask client(2)
12-27 17:56:09.940  2875  3106 W ClientMgr: compositor client com.oculus.shellenv update attempt: failed, enable mask = 0
12-27 17:56:09.940  2875  3106 I VrRuntimeServer: UpdateCompositorClientApertureMask client(55)
12-27 17:56:09.940  2875  3106 I VrRuntimeServer: UpdateCompositorClientLayerPlacement client(55): layer placement(128)
12-27 17:56:09.940  2875  3106 I VrRuntimeServer: UpdateCompositorClientApertureMask client(4)
12-27 17:56:09.940  1152  1165 I AudioService.FadeOutManager: unfadeOutUid() uid:10025
12-27 17:56:09.940  2875  3106 I VrRuntimeServer: UpdateCompositorClientLayerPlacement client(4): layer placement(129)
12-27 17:56:09.940  2875  3106 W CompositorClientMgr: Client 2 disabled
12-27 17:56:09.940  2875  3106 I VrRuntimeServer: UpdateCompositorClientApertureMask client(2)
12-27 17:56:09.940  2875  3106 W ClientMgr: compositor client com.oculus.shellenv update attempt: failed, enable mask = 0
12-27 17:56:09.940  2875  3106 I VrRuntimeServer: UpdateCompositorClientApertureMask client(3)
12-27 17:56:09.940  2202  2429 I [SEO] AudioSystem: Got audio focus : 1
12-27 17:56:09.940  2875  3106 I VrRuntimeServer: UpdateCompositorClientLayerPlacement client(3): layer placement(2147483775)
12-27 17:56:09.940  2875  3106 I VrRuntimeServer: UpdateCompositorClientApertureMask client(5)
12-27 17:56:09.940  2875  3106 I VrRuntimeServer: UpdateCompositorClientLayerPlacement client(5): layer placement(4294967293)
12-27 17:56:09.940  2875  3106 I VrRuntimeServer: UpdateCompositorClientApertureMask client(1)
12-27 17:56:09.940  2875  3106 I VrRuntimeServer: UpdateCompositorClientLayerPlacement client(1): layer placement(2147483775)
12-27 17:56:09.940  2202  2429 I [SEO] LocalSpace: ResetNextFrame
12-27 17:56:09.940  2202  2429 I [SEO] SystemAssistant: OnModeChanged from Paused to FullShell
12-27 17:56:09.940  2202  2429 I [SEO] LocalSpace: EnterVrMode: Setting local pose state.
12-27 17:56:09.940  2202  2429 I [SEO] SystemQuickActionsMenu: QAM OnEnterVrMode - Restarting Panel App for Shell
12-27 17:56:09.940  2202  2429 I [SEO] PanelAppLaunchInfo: PanelAppLaunchInfo componentString:com.oculus.vrshell/com.oculus.panelapp.qam.QuickActionsMenuPanelService packageName:com.oculus.vrshell serviceName:com.oculus.panelapp.qam.QuickActionsMenuPanelService componentName:com.oculus.vrshell/com.oculus.panelapp.qam.QuickActionsMenuPanelService
12-27 17:56:09.940  2202  2429 I [SEO] HostPlatform: Retrieving component launch information for package (com.oculus.vrshell) and service (com.oculus.panelapp.qam.QuickActionsMenuPanelService)
12-27 17:56:09.940  2202  2429 I [SEO] HostPlatform: Is valid panel service component for package (com.oculus.vrshell) and service (com.oculus.panelapp.qam.QuickActionsMenuPanelService) - true
12-27 17:56:09.940  2202  2429 I [SEO] ShellAppBase: CreatePanelApp( com.oculus.vrshell/com.oculus.panelapp.qam.QuickActionsMenuPanelService )
12-27 17:56:09.940  2202  2429 I [SEO] ShellAppBase: Environment:
12-27 17:56:09.940  2202  2429 I [SEO] PanelAppHost: PanelAppHost constructor, panel 369 (com.oculus.vrshell/com.oculus.panelapp.qam.QuickActionsMenuPanelService)
12-27 17:56:09.940  2202  2429 I [SEO] PanelAppHost: Panel app 369 (com.oculus.vrshell/com.oculus.panelapp.qam.QuickActionsMenuPanelService) changing state from startup to foreground
12-27 17:56:09.941  2202  2429 I [SEO] PanelAppHost: Calling sendPanelLaunchIntent for panel app 369 (com.oculus.vrshell/com.oculus.panelapp.qam.QuickActionsMenuPanelService)
12-27 17:56:09.941  2202  2429 I [SEO] HostPlatform: Passing env var _oc_analytics_session_id = 06168bae-9d99-4916-b7db-eddb240ba340
12-27 17:56:09.941  2202  2429 I [SEO] HostPlatform: Passing env var _oc_userid = 104092326040843
12-27 17:56:09.941  2202  2429 I [SEO] HostPlatform: Passing env var _oc_shell_version_name = 59.0.0.172.706
12-27 17:56:09.941  2202  2429 I [SEO] HostPlatform: Passing env var _oc_shell_version_code = 535797236
12-27 17:56:09.941  2202  2429 I [SEO] HostPlatform: Passing env var _oc_shell_automation_enabled = false
12-27 17:56:09.941  2202  2429 I [SEO] HostPlatform: Passing env var _oc_shell_view_id_debugging_enabled = false
12-27 17:56:09.941  2202  2429 I [SEO] HostPlatform: Passing env var _oc_shell_pixel_density = 20
12-27 17:56:09.941  2202  2429 I [SEO] HostPlatform: Passing env var _oc_shell_render_scale = 1.250000
12-27 17:56:09.941  2202  2429 I [SEO] HostPlatform: Passing env var _oc_shell_ux_policy = {"panelBackgroundLayerOriginDepths":{"far":0.2,"mid":0.1,"near":0.015}}
12-27 17:56:09.941  2202  2429 I [SEO] HostPlatform: Passing env var _oc_shell_panel_session_id = 06168bae-9d99-4916-b7db-eddb240ba340-369
12-27 17:56:09.941  2202  2429 I [SEO] HostPlatform: Passing env var _oc_shell_valid_panel_session_ids = ["06168bae-9d99-4916-b7db-eddb240ba340-369"]
12-27 17:56:09.941  2202  2429 I [SEO] HostPlatform: Passing env var _oc_shell_back_navigation_enabled = false
12-27 17:56:09.941  2202  2429 I [SEO] HostPlatform: Passing env var _oc_shell_feature_sets = appmenu-v1,appmenu-v2,cooperativeState-v2,destinationUi-v2,dragDrop-v1,dragToDesktop-v1,layerClipping-v1,layerClipping-v2,layerOptions-v1,layerParent-v1,launchTargetNotSelf-v1,layerTranslate-v1,multiapp-v1,multiapp-v2,multiapp-v3,multitasking-v1,shellExperimentalAudio-v1,shellPanelAdaptability-v1,systemActionBackgroundPanels-v1,systemThemeSetting-v1,system-reauth-v1,system-ux-file-picker-v1,systemThemeSetting-v2,controlBar-v1,overlayDragAndDrop-v1,vrNotificationsBootLoad-v1,theaterScreen,theaterScreen-v2,recoverInstances-v1,systemThemeSetting-v3,androidOverscroll-v1,copresence-v1,copresenceVersion-v1,vrLibraryAppLock-v1,contextualModality-v1,unified-passthrough
12-27 17:56:09.941  2202  2429 I [SEO] HostPlatform: Passing env var _oc_launch_timestamp = 141773400
12-27 17:56:09.941  2202  2429 I [SEO] HostPlatform: Passing env var _oc_shell_host = vrshell
12-27 17:56:09.941  2202  2429 I [SEO] HostPlatform: Passing env var _oc_shell_panel_id = 369
12-27 17:56:09.941  2202  2429 D [SEO] ShellApplication: sendApkPanelLaunchIntent: packageName=com.oculus.vrshell, serviceClassName=com.oculus.panelapp.qam.QuickActionsMenuPanelService
12-27 17:56:09.941  2202  2429 D [SEO] PanelAppConnection: getSystemProcessUidForCurrentUser: 'android' systemUid = 1000
12-27 17:56:09.941  2202  2429 D [SEO] ShellApplication: bindService Intent { cmp=com.oculus.vrshell/com.oculus.panelapp.qam.QuickActionsMenuPanelService }
12-27 17:56:09.942  2202  2429 D [SEO] ShellApplication: notify OS to set com.oculus.vrshell/com.oculus.panelapp.qam.QuickActionsMenuPanelService to FOREGROUND
12-27 17:56:09.944  2202  2429 I [SEO] SystemQuickActionsMenu: QAM Panel App initialized
12-27 17:56:09.944  2202  2429 I [SEO] ShellTransitionState: Logging ShellTransitionState to dumpsys: {"state":"Resuming frame loop","timeMillis":"141773403"}
12-27 17:56:09.944  2202  2429 I [SEO] LocalSpace: Reset - initialRawFromLocalPose: quat(-0.143874, 0.049943, -0.017205, 0.988185), translation(-0.037422, -0.013268, 0.070527)
12-27 17:56:09.944  2202  2429 I [SEO] LocalSpace: Applying VRAPI Reorient, the reorient reason is 3
12-27 17:56:09.944   945  1423 I Tracking: VEGA_LOCALIZER: Fallback descriptor ratio in index 0.4882553815841675 is lower than threshold 0.7, skipping fallback matching
12-27 17:56:09.945  2875  3179 I VrRuntimeService: RuntimeServiceSDKServer::RecenterLocalSpace
12-27 17:56:09.945  2875  3179 I VrRuntimeService: RuntimeServiceSDKServer::RecenterLocalSpace_Internal
12-27 17:56:09.945  2875  3179 I VrRuntimeServer: UpdateLocalSpace: Src: 2, Version: 408, VersionUser: 1, RawFloorHeightOld: -1.675000, RawFloorHeightNew: -1.675000
12-27 17:56:09.947  2202  2202 D [SEO] PanelServiceConnection: onSeviceConnected - component name (ComponentInfo{com.oculus.vrshell/com.oculus.panelapp.qam.QuickActionsMenuPanelService}), panel app id (369)
12-27 17:56:09.947  2202  2202 D [SEO] ShellApplication: notify OS to set com.oculus.vrshell/com.oculus.panelapp.qam.QuickActionsMenuPanelService to FOREGROUND
12-27 17:56:09.948  2202  2202 I [SEO] PanelAppConnection: verifyFirstPartyUID(Debug Signatures=false, uid=10025) => apkSignatureResult=SigCertInfo(isTrusted=true, packageNames=[com.oculus.vrshell], fingerprint sha1=331660b6dd3bd582f3dfd3cbae4546724668a021, fingerprint sha256=dc2f834e3c1942378b14f076c82cd1ab59ea6566bff4730b2047e98efc9f9daf, signature=3082038d30820275a00302010202041303858a300d06092a864886f70d01010b05003077310b3009060355040613025553310b3009060355040813024341311330110603550407130a4d656e6c6f205061726b31173015060355040a130e4f63756c75732056522c204c4c4331173015060355040b130e4f63756c75732056522c204c4c43311430120603550403130b4f63756c75732041707073301e170d3134313033303231343032315a170d3432303331373231343032315a3077310b3009060355040613025553310b3009060355040813024341311330110603550407130a4d656e6c6f205061726b31173015060355040a130e4f63756c75732056522c204c4c4331173015060355040b130e4f63756c75732056522c204c4c43311430120603550403130b4f63756c7573204170707330820122300d06092a864886f70d01010105000382010f003082010a0282010100a34c7fbd96dea95d811f21a0d760cabca85f2df5dbe19b62aca7a3e3e0b6e48f7e173345f2753c458d639cc2e222eeee4cfb5e89ac1c5060044414056709a43a7f1a6f1e4f2c3d708c48912634be08ad6da1fff92d9c0d4b85e4bc8a8b1c27de84c04eb1e6577c10693500af46beaf7bd2ce72a06a46f4e565859f242cecbef1a431ae8096db712cebe73840bacc64de6b99077ba1ca8c20e5d0b4870bd161f087abbf568dfef58e604068ca6f7cdea183c8681c306bc30cb223e7c5ce3a2fcf00d13e158475b3700ef62dcca46c57baecca4d91052e20b861a1a085d5fc8e99aed8c4a9cfd550d01e54ef5062133befcf7f9ea6a5a1d1575a72cd82279f34030203010001a321301f301d0603551d0e04160414ec7ccdaf8ccdc6dd1b87d4b561582ad8ec397b80300d06092a864886f70d01010b0500038201010014c557ecddc17ba8b979618036e7093b8e7307f624644532c31239f4dc83fd9424267ca7670fa9f78689cbc5bfd8a6312fdc214bd159d614a8753ceec0f2b2d9166217895b13c992e1d10ca625a3153dacfa51dbdb7fde139bd59510f5add29f88be3826b445ce7386dcf06577be72fbdf118fa81179091fad275981409e02d40422d8e86df5827a2c496a4b905b4825c3f1ba0af4cf509bf9b0d4d608cf0b4320ac60d1a8cbcc384de24f11a4c93c0fc5b887cbd6855871af1b1ef729c51a8a123efc6a627b6494e81a264587443b9156ad17772863c2f9685fae9c72a552b333f8ef2822bce5d4d178e45b3a8dd4e321924f6a5ba43f732971a9e74cbf0433)
12-27 17:56:09.948 28792 28792 D [SUI] ActivityManagerUtilsHelper: onFocusedWindowChanged: Instance: com.oculus.common.activitymanager.ActivityManagerUtilsHelper@fb63e41, topWindowUid: 10025, focusedApp: com.oculus.vrshell, previousApp: com.oculus.shellenv
12-27 17:56:09.948 28792 28792 D [SUI] AnytimeUIPanelApp: Received ActivityStateChanges - com.oculus.shellenv
12-27 17:56:09.951  3141  3330 I VrGuardianService: GuardianSDKServer::OnShellVrModeChangeReq: enterVrMode: 1, isShell: 1
12-27 17:56:09.951   945  1423 I Tracking: VEGA_LOCALIZER: Obtained 50 matches from 997 keypoints using udeep descriptors
12-27 17:56:09.951   945  1423 I Tracking: VEGA_LOCALIZER: Obtained 50 total matches from 997 total keypoints
12-27 17:56:09.952  2875  2875 I ClientMgr: FocusedWindowChanged: uid = 10025 pid = 2202
12-27 17:56:09.952  2875  2875 I ClientMgr: FocusedWindowChanged: found matching overlay client: 2604395118
12-27 17:56:09.952  2875  2875 I ClientMgr: FocusedClient changed.
12-27 17:56:09.952  2875  2875 I ClientMgr: ClientMgr::SetFocusedClient: 2202:com.oculus.vrshell type 1
12-27 17:56:09.952  2875  2875 I ClientMgr: SetFocusedPackageName - packageName com.oculus.vrshell processName com.oculus.vrshell clientId 2604395118 clientPid 2202
12-27 17:56:09.952  2875  2875 I ServiceInputManager: ServiceInputManager::SetFocusedPackageName 'com.oculus.vrshell'
