--------- beginning of kernel
12-27 17:55:18.936     0     0 I binder  : 12073:12073 ioctl 40046210 7ff86aee84 returned -22
--------- beginning of system
12-27 17:55:18.945  1152 11369 I ActivityTaskManager: START u0 {flg=0x10000000 cmp=com.epicgames.AtomVR/com.epicgames.unreal.GameActivity (has extras)} from uid 2000
12-27 17:55:18.946  1152 11369 W ActivityTaskManager: Can't find TaskDisplayArea to determine support for multi window. Task id=1964 attached=false
12-27 17:55:18.949  1152 11369 W ActivityTaskManager: Tried to set launchTime (0) < mLastActivityLaunchTime (141669239)
12-27 17:55:19.011     0     0 I binder  : 11894:11894 ioctl 40046210 7fc99b47c4 returned -22
12-27 17:55:19.023     0     0 I binder  : 11894:11894 ioctl 40046210 7fc99b65e4 returned -22
12-27 17:55:19.202  1152  1332 W WindowManager: Failed looking up window session=Session{2e8a895 11894:u0a10108} callers=com.android.server.wm.WindowManagerService.windowForClientLocked:5848 com.android.server.wm.Session.updateRequestedVisibilities:640 android.view.IWindowSession$Stub.onTransact:1175 
12-27 17:55:21.005     0     0 I logd    : logdr: UID=2000 GID=2000 PID=12089 b tail=0 logMask=10099 pid=0 start=0ns deadline=0ns
12-27 17:55:22.023  1152  1965 E TaskPersister: File error accessing recents directory (directory doesn't exist?).
12-27 17:55:22.169     0     0 W healthd : battery l=100 v=4341 t=25.2 h=2 st=2 c=-226074 fc=3749000 cc=3 chg=u
--------- beginning of tracking
12-27 17:55:24.538   787  1059 I SyncBossHAL: [info   ] syncboss_hal_powerstate.c(52): Reporting powerstate event: PROX_ON
12-27 17:55:24.539   787  1059 D SensorService: Received Powerstate PROX_ON
12-27 17:55:24.540   945  4746 I TrackingService: ActivityMonitor: prox_on event received
12-27 17:55:24.540  1152  1362 I PowerManagerService: Powering on display group fromAsleep (groupId=0, uid=1000, reason=WAKE_REASON_UNKNOWN, details=VrPwMng:leave-standby)...
12-27 17:55:24.540  1152  1362 I PowerManagerService: Waking up from Asleep (uid=1000, reason=WAKE_REASON_UNKNOWN, details=VrPwMng:leave-standby)...
12-27 17:55:24.544   924   924 D SensorClientUtils: Cancelling delayed transition to SLEEP
12-27 17:55:24.544  1152  1152 D ActivityManager: Is background playback GK enabled: false Is background playback enabled for all apps: false
12-27 17:55:24.544   924   924 D SensorClientUtils: Received transition request from SLEEP to RUNNING
12-27 17:55:24.544   945  1104 D SensorClientUtils: Cancelling delayed transition to SLEEP
12-27 17:55:24.544  1152  1189 I DisplayPowerController[0]: Blocking screen on until initial contents have been drawn.
12-27 17:55:24.544  1152  1189 D ActivityTaskManager: Top Process State changed to PROCESS_STATE_TOP
12-27 17:55:24.545   945  1104 D SensorClientUtils: Received transition request from SLEEP to RUNNING
12-27 17:55:24.547  1658  1676 D SensorClientUtils: Cancelling delayed transition to SLEEP
12-27 17:55:24.547  1152  1152 D ActivityManager: Is background playback GK enabled: false Is background playback enabled for all apps: false
12-27 17:55:24.547  1658  1676 D SensorClientUtils: Received transition request from SLEEP to RUNNING
12-27 17:55:24.549  1152  1185 E KernelCpuUidActiveTimeReader: Negative delta from active time for uid: 10069, delta: -7
12-27 17:55:24.549  1152  1185 E KernelCpuUidActiveTimeReader: Negative delta from active time for uid: 10022, delta: -24
12-27 17:55:24.549  1152  1185 E KernelCpuUidActiveTimeReader: Negative delta from active time for uid: 10028, delta: -6
12-27 17:55:24.549  1152  1185 E KernelCpuUidActiveTimeReader: Negative delta from active time for uid: 10045, delta: -580
12-27 17:55:24.550  1152  1185 E KernelCpuUidClusterTimeReader: Negative delta from cluster time for uid: 10014, delta: -10
12-27 17:55:24.550  1152  1185 E KernelCpuUidClusterTimeReader: Negative delta from cluster time for uid: 10069, delta: -9
12-27 17:55:24.550  1152  1185 E KernelCpuUidClusterTimeReader: Negative delta from cluster time for uid: 10022, delta: -29
12-27 17:55:24.550  1152  1185 E KernelCpuUidClusterTimeReader: Negative delta from cluster time for uid: 10043, delta: -11
12-27 17:55:24.550  1152  1185 E KernelCpuUidClusterTimeReader: Negative delta from cluster time for uid: 10030, delta: -18
12-27 17:55:24.550  1152  1185 E KernelCpuUidClusterTimeReader: Negative delta from cluster time for uid: 10085, delta: -2
12-27 17:55:24.550  1152  1185 E KernelCpuUidClusterTimeReader: Negative delta from cluster time for uid: 1066, delta: -6
12-27 17:55:24.550  1152  1185 E KernelCpuUidClusterTimeReader: Negative delta from cluster time for uid: 10025, delta: -4
12-27 17:55:24.550  1152  1185 E KernelCpuUidClusterTimeReader: Negative delta from cluster time for uid: 1040, delta: -5
12-27 17:55:24.550  1152  1185 E KernelCpuUidClusterTimeReader: Negative delta from cluster time for uid: 1069, delta: -5
12-27 17:55:24.550  1152  1185 E KernelCpuUidClusterTimeReader: Negative delta from cluster time for uid: 10062, delta: -25
12-27 17:55:24.550  1152 22547 E AppOps  : package system not found, can't check for attributionTag null
12-27 17:55:24.550  1152 22547 E AppOps  : startOperation
12-27 17:55:24.550  1152 22547 E AppOps  : java.lang.SecurityException: Specified package system under uid 1000 but it is not
12-27 17:55:24.550  1152 22547 E AppOps  : 	at com.android.server.appop.AppOpsService.verifyAndGetBypass(AppOpsService.java:4627)
12-27 17:55:24.550  1152 22547 E AppOps  : 	at com.android.server.appop.AppOpsService.startOperationUnchecked(AppOpsService.java:3950)
12-27 17:55:24.550  1152 22547 E AppOps  : 	at com.android.server.appop.AppOpsService.startOperationImpl(AppOpsService.java:3841)
12-27 17:55:24.550  1152 22547 E AppOps  : 	at com.android.server.appop.AppOpsService.access$4100(AppOpsService.java:215)
12-27 17:55:24.550  1152 22547 E AppOps  : 	at com.android.server.appop.AppOpsService$CheckOpsDelegateDispatcher.lambda$startOperation$8(AppOpsService.java:7627)
12-27 17:55:24.550  1152 22547 E AppOps  : 	at com.android.server.appop.AppOpsService$CheckOpsDelegateDispatcher$$ExternalSyntheticLambda23.apply(Unknown Source:53)
12-27 17:55:24.550  1152 22547 E AppOps  : 	at com.android.server.policy.AppOpsPolicy.startOperation(AppOpsPolicy.java:251)
12-27 17:55:24.550  1152 22547 E AppOps  : 	at com.android.server.appop.AppOpsService$CheckOpsDelegateDispatcher.startOperation(AppOpsService.java:7624)
12-27 17:55:24.550  1152 22547 E AppOps  : 	at com.android.server.appop.AppOpsService.startOperation(AppOpsService.java:3810)
12-27 17:55:24.550  1152 22547 E AppOps  : 	at android.app.AppOpsManager.startOpNoThrow(AppOpsManager.java:8888)
12-27 17:55:24.550  1152 22547 E AppOps  : 	at android.app.AppOpsManager.startOpNoThrow(AppOpsManager.java:8864)
12-27 17:55:24.550  1152 22547 E AppOps  : 	at android.app.AppOpsManager.startOpNoThrow(AppOpsManager.java:8853)
12-27 17:55:24.550  1152 22547 E AppOps  : 	at android.app.AppOpsManager.startOpNoThrow(AppOpsManager.java:8822)
12-27 17:55:24.550  1152 22547 E AppOps  : 	at com.android.server.power.Notifier.onWakeLockAcquired(Notifier.java:239)
12-27 17:55:24.550  1152 22547 E AppOps  : 	at com.android.server.power.PowerManagerService.notifyWakeLockAcquiredLocked(PowerManagerService.java:1610)
12-27 17:55:24.550  1152 22547 E AppOps  : 	at com.android.server.power.PowerManagerService.acquireWakeLockInternal(PowerManagerService.java:1439)
12-27 17:55:24.550  1152 22547 E AppOps  : 	at com.android.server.power.PowerManagerService.access$4600(PowerManagerService.java:143)
12-27 17:55:24.550  1152 22547 E AppOps  : 	at com.android.server.power.PowerManagerService$BinderService.acquireWakeLock(PowerManagerService.java:5198)
12-27 17:55:24.550  1152 22547 E AppOps  : 	at android.os.IPowerManager$Stub.onTransact(IPowerManager.java:473)
12-27 17:55:24.550  1152 22547 E AppOps  : 	at android.os.Binder.execTransactInternal(Binder.java:1184)
12-27 17:55:24.550  1152 22547 E AppOps  : 	at android.os.Binder.execTransact(Binder.java:1143)
12-27 17:55:24.551   924   924 D SensorClientUtils: Executing transition from SLEEP to STANDBY
12-27 17:55:24.551   924   924 D MrSystemService: AOSP setPowerState: STANDBY.
12-27 17:55:24.551   924   924 D SensorClientUtils: Executing transition from STANDBY to RUNNING
12-27 17:55:24.551   924   924 D MrSystemService: AOSP setPowerState: RUNNING.
12-27 17:55:24.551  1152  1185 E KernelCpuUidClusterTimeReader: Negative delta from cluster time for uid: 10028, delta: -11
12-27 17:55:24.551  1152  1185 E KernelCpuUidClusterTimeReader: Negative delta from cluster time for uid: 10015, delta: -9
12-27 17:55:24.551  1152  1185 E KernelCpuUidClusterTimeReader: Negative delta from cluster time for uid: 10002, delta: -5
12-27 17:55:24.551  1152  1185 E KernelCpuUidClusterTimeReader: Negative delta from cluster time for uid: 1017, delta: -1
12-27 17:55:24.551  1152  1185 E KernelCpuUidClusterTimeReader: Negative delta from cluster time for uid: 10099, delta: -4
12-27 17:55:24.551   945  1104 D SensorClientUtils: Executing transition from SLEEP to STANDBY
12-27 17:55:24.551  1152  1185 E KernelCpuUidClusterTimeReader: Negative delta from cluster time for uid: 10010, delta: -4
12-27 17:55:24.551  1152  1185 E KernelCpuUidClusterTimeReader: Negative delta from cluster time for uid: 10031, delta: -48
12-27 17:55:24.551  1152  1185 E KernelCpuUidClusterTimeReader: Negative delta from cluster time for uid: 10018, delta: -12
12-27 17:55:24.551  1152  1185 E KernelCpuUidClusterTimeReader: Negative delta from cluster time for uid: 10026, delta: -8
12-27 17:55:24.551  1152  1185 E KernelCpuUidClusterTimeReader: Negative delta from cluster time for uid: 1041, delta: -215
12-27 17:55:24.551  1152  1185 E KernelCpuUidClusterTimeReader: Negative delta from cluster time for uid: 10034, delta: -67
12-27 17:55:24.551  1152  1185 E KernelCpuUidClusterTimeReader: Negative delta from cluster time for uid: 10089, delta: -25
12-27 17:55:24.551  1152  1185 E KernelCpuUidClusterTimeReader: Negative delta from cluster time for uid: 1036, delta: -7
12-27 17:55:24.551  1152  1185 E KernelCpuUidClusterTimeReader: Negative delta from cluster time for uid: 10084, delta: -3
12-27 17:55:24.551  1152  1185 E KernelCpuUidClusterTimeReader: Negative delta from cluster time for uid: 10024, delta: -2
12-27 17:55:24.551  1152  1185 E KernelCpuUidClusterTimeReader: Negative delta from cluster time for uid: 10045, delta: -1156
12-27 17:55:24.551  1152  1185 E KernelCpuUidClusterTimeReader: Negative delta from cluster time for uid: 10032, delta: -8
12-27 17:55:24.551  1152  1185 E KernelCpuUidClusterTimeReader: Negative delta from cluster time for uid: 10087, delta: -13
12-27 17:55:24.551  1152  1185 E KernelCpuUidClusterTimeReader: Negative delta from cluster time for uid: 10019, delta: -11
12-27 17:55:24.551  1152  1185 E KernelCpuUidClusterTimeReader: Negative delta from cluster time for uid: 2906, delta: -1
12-27 17:55:24.551   945  1104 D TrackingService: Enqueued transition to (targetPowerState, targetMuxName): (STANDBY, --) - transition timeout: 1000000000 ns
12-27 17:55:24.551  1658  1676 D SensorClientUtils: Executing transition from SLEEP to STANDBY
12-27 17:55:24.552  1658  1676 D OVRRemoteService: [controller] SLEEP -> STANDBY
12-27 17:55:24.552  1658  1676 D OVRRemoteService: ControllerGlue: setting expected mode to Streaming
12-27 17:55:24.552  1658  1676 D OVRRemoteService: ControllerGlue: Setting current mode to Streaming
12-27 17:55:24.552  1658  1676 D OVRRemoteService: ControllerGlue: leave mode Disabled
12-27 17:55:24.552  1658  1676 D OVRRemoteService: ControllerGlue: Setting mode to Streaming
12-27 17:55:24.552  1658  1676 D OVRRemoteService: ControllerGlue: enter mode Streaming
12-27 17:55:24.552   787   837 D SensorService: ControllerProvider: acquiring StreamingSession
12-27 17:55:24.552  1152  1152 D ActivityManager: Is background playback GK enabled: false Is background playback enabled for all apps: false
12-27 17:55:24.552   787   837 D SensorService: SyncbossEventHandler: Enabling sensor PULSAR
12-27 17:55:24.552   787   837 D SensorService: SyncbossEventHandler: Active sensors: synthetic[EXTERNAL_TIMING,ZAP] non-synth[PULSAR]
12-27 17:55:24.553   787   837 D SensorService: SyncbossEventHandler: starting all streams
12-27 17:55:24.553   787   837 D SensorService: SyncbossEventHandler: acquiring session; approx # alive: 1
12-27 17:55:24.553   787 12132 D SensorService: SyncbossEventHandler::producerThreadFunc() start
12-27 17:55:24.555  1152  1189 I DisplayPowerController[0]: Unblocked screen on after 11 ms
12-27 17:55:24.556   945  1105 I TrackingService: [                  vision_manager] Power transition: SLEEP -> STANDBY transition time: 4 ms
12-27 17:55:24.556   787   837 I SyncBossHAL: [info   ] syncboss_hal_impl_input.c(277): No pulsar frequency blocklist set
12-27 17:55:24.556   787   837 I SyncBossHAL: [info   ] syncboss_hal_impl_input.c(304): No AFH behavior specified, enabled by default
12-27 17:55:24.557   945  1105 I TrackingService: [                             iad] Power transition: SLEEP -> STANDBY transition time: 1 ms
12-27 17:55:24.559  1152  1152 D ActivityManager: Is background playback GK enabled: false Is background playback enabled for all apps: false
12-27 17:55:24.546     0     0 I         : powerstate_mgr_open succeeded, refcount=1. (pid 837)
12-27 17:55:24.547     0     0 I [drm:dsi_display_set_mode] [msm-dsi-info]: mdp_transfer_time_us=0 us
12-27 17:55:24.547     0     0 I [drm:dsi_display_set_mode] [msm-dsi-info]: hactive= 1920,vactive= 3664,fps=90
12-27 17:55:24.547     0     0 I [drm:dsi_ctrl_isr_configure] [msm-dsi-info]: dsi-ctrl-0: IRQ 394 registered
12-27 17:55:24.547     0     0 I [drm:dsi_ctrl_isr_configure] [msm-dsi-info]: dsi-ctrl-1: IRQ 395 registered
12-27 17:55:24.560   787   837 D SensorService: ControllerProvider: acquiring StreamingClient impl; approx # alive: 1
12-27 17:55:24.560   787   837 D libsensorscommon: ControllerProvider: acquiring StreamingClient hidl
12-27 17:55:24.561  1658  1676 D OVRRemoteService: RemoteService::recordControllerStatusUpdate: device d3d05f47e2487092: status: SEARCHING tracking: POSITION, errors: --
12-27 17:55:24.561  1152  1152 D ActivityManager: Is background playback GK enabled: false Is background playback enabled for all apps: false
12-27 17:55:24.561  1658  1676 D OVRRemoteService: RemoteService::recordControllerStatusUpdate: device 9d17e7ce194bc1ec: status: SEARCHING tracking: ORIENTATION, errors: --
12-27 17:55:24.562  1152  1152 D ActivityManager: Is background playback GK enabled: false Is background playback enabled for all apps: false
12-27 17:55:24.562  1152  1152 D ActivityManager: Is background playback GK enabled: false Is background playback enabled for all apps: false
12-27 17:55:24.562  1152  1152 D ActivityManager: Is background playback GK enabled: false Is background playback enabled for all apps: false
12-27 17:55:24.563  1658 12139 D OVRRemoteService: processStateChange([PairedControllerInfo JEDI 9d17e7ce194bc1ec disconnected mcnt=0])
12-27 17:55:24.563  1658  1676 D SensorClientUtils: Executing transition from STANDBY to RUNNING
12-27 17:55:24.563  1658 12139 D OVRRemoteService: processStateChange([PairedControllerInfo JEDI d3d05f47e2487092 disconnected mcnt=0])
12-27 17:55:24.563  1658  1676 D OVRRemoteService: [controller] STANDBY -> RUNNING
12-27 17:55:24.563  1152  1152 D ActivityManager: Is background playback GK enabled: false Is background playback enabled for all apps: false
12-27 17:55:24.564   787 12131 D SensorService: Syncboss input 9d17e7ce194bc1ec hardware type 4, subtype 1, revision 
12-27 17:55:24.564   787 12131 I SensorService: preparePairedControllerInfo is adding device with valid 1
12-27 17:55:24.564   787 12131 D SensorService: Syncboss input d3d05f47e2487092 hardware type 4, subtype 2, revision 
12-27 17:55:24.564   787 12131 I SensorService: preparePairedControllerInfo is adding device with valid 1
12-27 17:55:24.564  1152  1152 D ActivityManager: Is background playback GK enabled: false Is background playback enabled for all apps: false
12-27 17:55:24.564   787 12131 D SensorService: stateChangeNotifierFunc(): Reporting controller info. Change token: 218, paired=2 connected=0
12-27 17:55:24.564  1658 12139 D OVRRemoteService: processStateChange([PairedControllerInfo JEDI 9d17e7ce194bc1ec disconnected update-required mcnt=0])
12-27 17:55:24.564  1658 12139 D OVRRemoteService: processStateChange([PairedControllerInfo JEDI d3d05f47e2487092 disconnected update-required mcnt=0])
12-27 17:55:24.565  1152  1152 D ActivityManager: Is background playback GK enabled: false Is background playback enabled for all apps: false
12-27 17:55:24.565  1152  1152 D ActivityManager: Is background playback GK enabled: false Is background playback enabled for all apps: false
12-27 17:55:24.566  1152  1152 D ActivityManager: Is background playback GK enabled: false Is background playback enabled for all apps: false
12-27 17:55:24.566  1152  1152 D ActivityManager: Is background playback GK enabled: false Is background playback enabled for all apps: false
12-27 17:55:24.566  1152  1152 D ActivityManager: Is background playback GK enabled: false Is background playback enabled for all apps: false
12-27 17:55:24.567  1152  1152 D ActivityManager: Is background playback GK enabled: false Is background playback enabled for all apps: false
12-27 17:55:24.567  1152  1152 D ActivityManager: Is background playback GK enabled: false Is background playback enabled for all apps: false
12-27 17:55:24.568  1152  1152 D ActivityManager: Is background playback GK enabled: false Is background playback enabled for all apps: false
12-27 17:55:24.568   945  1105 I TrackingService: [                            bolt] Power transition: SLEEP -> STANDBY transition time: 10 ms
12-27 17:55:24.568   945  1105 D TrackingService: IOT sleep to standby started
12-27 17:55:24.569  1152  1152 D ActivityManager: Is background playback GK enabled: false Is background playback enabled for all apps: false
12-27 17:55:24.569  1152  1152 D ActivityManager: Is background playback GK enabled: false Is background playback enabled for all apps: false
12-27 17:55:24.570  1152  1152 D ActivityManager: Is background playback GK enabled: false Is background playback enabled for all apps: false
12-27 17:55:24.571  1152  1152 D ActivityManager: Is background playback GK enabled: false Is background playback enabled for all apps: false
12-27 17:55:24.572  1152  1152 D ActivityManager: Is background playback GK enabled: false Is background playback enabled for all apps: false
12-27 17:55:24.572  1152  1152 D ActivityManager: Is background playback GK enabled: false Is background playback enabled for all apps: false
12-27 17:55:24.573  1152  1152 D ActivityManager: Is background playback GK enabled: false Is background playback enabled for all apps: false
12-27 17:55:24.573  1152  1152 D ActivityManager: Is background playback GK enabled: false Is background playback enabled for all apps: false
12-27 17:55:24.574  1152  1152 D ActivityManager: Is background playback GK enabled: false Is background playback enabled for all apps: false
12-27 17:55:24.574  1152  1152 D ActivityManager: Is background playback GK enabled: false Is background playback enabled for all apps: false
12-27 17:55:24.575  1152  1152 D ActivityManager: Is background playback GK enabled: false Is background playback enabled for all apps: false
12-27 17:55:24.575  1152  1152 D ActivityManager: Is background playback GK enabled: false Is background playback enabled for all apps: false
12-27 17:55:24.575  1152  1152 D ActivityManager: Is background playback GK enabled: false Is background playback enabled for all apps: false
12-27 17:55:24.576  1152  1152 D ActivityManager: Is background playback GK enabled: false Is background playback enabled for all apps: false
12-27 17:55:24.576  1152  1152 D ActivityManager: Is background playback GK enabled: false Is background playback enabled for all apps: false
12-27 17:55:24.577  1152  1152 D ActivityManager: Is background playback GK enabled: false Is background playback enabled for all apps: false
12-27 17:55:24.577  1152  1152 D ActivityManager: Is background playback GK enabled: false Is background playback enabled for all apps: false
12-27 17:55:24.577  1152  1152 D ActivityManager: Is background playback GK enabled: false Is background playback enabled for all apps: false
12-27 17:55:24.578  1152  1152 D ActivityManager: Is background playback GK enabled: false Is background playback enabled for all apps: false
12-27 17:55:24.578  1152  1152 D ActivityManager: Is background playback GK enabled: false Is background playback enabled for all apps: false
12-27 17:55:24.578  1152  1152 D ActivityManager: Is background playback GK enabled: false Is background playback enabled for all apps: false
12-27 17:55:24.579  1152  1152 D ActivityManager: Is background playback GK enabled: false Is background playback enabled for all apps: false
12-27 17:55:24.579  1152  1152 D ActivityManager: Is background playback GK enabled: false Is background playback enabled for all apps: false
12-27 17:55:24.579  1152  1152 D ActivityManager: Is background playback GK enabled: false Is background playback enabled for all apps: false
12-27 17:55:24.580  1152  1152 D ActivityManager: Is background playback GK enabled: false Is background playback enabled for all apps: false
12-27 17:55:24.582  1152  1170 I DisplayDeviceRepository: Display device changed state: "Built-in Screen", ON
12-27 17:55:24.585  1152  1814 I Telecom : CallAudioRouteStateMachine: Message received: MUTE_EXTERNALLY_CHANGED=3004, arg1=0: CARSM.mCR->CARSM.pM_MUTE_EXTERNALLY_CHANGED@AkQ
12-27 17:55:24.585  1152  1814 I Telecom : QuiescentSpeakerRoute: Processing message MUTE_EXTERNALLY_CHANGED: CARSM.mCR->CARSM.pM_MUTE_EXTERNALLY_CHANGED@AkQ
12-27 17:55:24.600     0     0 I init    : processing action (ro.vendor.drm.irq=* && sys.hmt.mounted=1) from (/vendor/etc/init/hw/init.hollywood.rc:104)
12-27 17:55:24.600     0     0 I init    : processing action (sys.hmt.mounted=1) from (/vendor/etc/init/hw/init.hollywood.rc:107)
12-27 17:55:24.601     0     0 I init    : processing action (sys.hmt.mounted=1) from (/vendor/etc/init/hw/init.kona.rc:400)
12-27 17:55:24.601     0     0 E FG      : fg_psy_get_property: unsupported property 4
12-27 17:55:24.612     0     0 W healthd : battery l=100 v=4344 t=25.2 h=2 st=4 c=-181152 fc=3749000 cc=3 chg=u
12-27 17:55:24.618     0     0 W healthd : battery l=100 v=4344 t=25.2 h=2 st=4 c=-181152 fc=3749000 cc=3 chg=u
12-27 17:55:24.626   787   837 D SensorService: SyncbossEventHandler: Enabling sensor HMD_IMU
12-27 17:55:24.626   787   837 D SensorService: SyncbossEventHandler: Active sensors: synthetic[EXTERNAL_TIMING,ZAP] non-synth[HMD_IMU,PULSAR]
12-27 17:55:24.626   787   837 D SensorService: SyncbossEventHandler: acquiring session; approx # alive: 2
12-27 17:55:24.630   787   837 D SensorService: SyncbossEventHandler: Enabling sensor HMD_MAG
12-27 17:55:24.630   787   837 D SensorService: SyncbossEventHandler: Active sensors: synthetic[EXTERNAL_TIMING,ZAP] non-synth[HMD_MAG,HMD_IMU,PULSAR]
12-27 17:55:24.630   787   837 D SensorService: SyncbossEventHandler: acquiring session; approx # alive: 3
12-27 17:55:24.634   945  1105 D TrackingService: IOT sleep to standby completed
12-27 17:55:24.634   945  1105 I TrackingService: [                             iot] Power transition: SLEEP -> STANDBY transition time: 65 ms
12-27 17:55:24.634   945 12169 D TrackingService: starting IOT motion thread, imu batch dispatch enabled=false
12-27 17:55:24.636   945  1105 I TrackingService: ConstellationTrackingGlue: setEnableExtendedDeadreckoning to false
12-27 17:55:24.636   945  1105 I TrackingService: [                   constellation] Power transition: SLEEP -> STANDBY transition time: 2 ms
12-27 17:55:24.637   945  1105 I TrackingService: [              selftracked_client] Power transition: SLEEP -> STANDBY transition time: 1 ms
12-27 17:55:24.637   945  1105 I TrackingService: [                            hand] Power transition: SLEEP -> STANDBY transition time: 0 ms
12-27 17:55:24.638   945  1105 I TrackingService: [                            face] Power transition: SLEEP -> STANDBY transition time: 0 ms
12-27 17:55:24.639   945  1105 I TrackingService: [                          object] Power transition: SLEEP -> STANDBY transition time: 1 ms
12-27 17:55:24.639   945  1105 I TrackingService: [                      controller] Power transition: SLEEP -> STANDBY transition time: 0 ms
12-27 17:55:24.639   945  1105 I TrackingService: [                 ExposureControl] Power transition: SLEEP -> STANDBY transition time: 0 ms
12-27 17:55:24.639   787   837 D SensorService: ControllerProvider: acquiring StreamingClient impl; approx # alive: 2
12-27 17:55:24.640   787   837 D libsensorscommon: ControllerProvider: acquiring StreamingClient hidl
12-27 17:55:24.640  1658 12139 D OVRRemoteService: processStateChange([PairedControllerInfo JEDI 9d17e7ce194bc1ec disconnected update-required mcnt=0])
12-27 17:55:24.640  1658 12139 D OVRRemoteService: processStateChange([PairedControllerInfo JEDI d3d05f47e2487092 disconnected update-required mcnt=0])
12-27 17:55:24.640   945  1104 D TrackingService: Transition completed for (null)
12-27 17:55:24.640   945  1104 D TrackingService: setPowerState: STANDBY
12-27 17:55:24.640   945  1104 D SensorClientUtils: Executing transition from STANDBY to RUNNING
12-27 17:55:24.640   945  1104 D TrackingService: Enqueued transition to (targetPowerState, targetMuxName): (RUNNING, --) - transition timeout: 1000000000 ns
12-27 17:55:24.640   945  1105 I TrackingService: [                  vision_manager] Power transition: STANDBY -> RUNNING transition time: 0 ms
12-27 17:55:24.629     0     0 W healthd : battery l=100 v=4344 t=25.2 h=2 st=4 c=-181152 fc=3749000 cc=3 chg=u
12-27 17:55:24.640   945  1105 I TrackingService: [                             iad] Power transition: STANDBY -> RUNNING transition time: 0 ms
12-27 17:55:24.641   945  1105 I TrackingService: [                            bolt] Power transition: STANDBY -> RUNNING transition time: 0 ms
12-27 17:55:24.641   945  1105 D TrackingService: IOT standby to running started
12-27 17:55:24.641   787   837 D CameraStream: Client 945: Attempting StreamControl: 0
12-27 17:55:24.641   787   837 D CameraClientManager: [HEADSET] Attempting starting camera client.
12-27 17:55:24.641   787   837 D CameraClientManager: [HEADSET] Successfully found client (945) to start in CameraClientManager list.
12-27 17:55:24.641  1658  1676 D RemoteService: RemoteService - Registering status callback
12-27 17:55:24.643   787   837 I FrameSetDispatcher: [HEADSET] Client pid=945 (IOT): Client thread started
12-27 17:55:24.643   787   837 I CameraClientManager: [HEADSET] Added client (945)(IOT)
12-27 17:55:24.643   787   837 D CameraClientManager: [HEADSET] Attempting to start stream
12-27 17:55:24.643   787   837 I CameraClientManager: [HEADSET] Started clients: 1
12-27 17:55:24.643   787   837 I CameraClientManager: [HEADSET] Starting stream
12-27 17:55:24.639     0     0 I qcom,camera ac4f000.qcom,cci: qcom,cam-sensor0: Linked as a consumer to regulator.46
12-27 17:55:24.641     0     0 I qcom,camera ac4f000.qcom,cci: qcom,cam-sensor0: Linked as a consumer to regulator.7
12-27 17:55:24.641     0     0 I qcom,camera ac4f000.qcom,cci: qcom,cam-sensor0: Linked as a consumer to regulator.71
12-27 17:55:24.648     0     0 I cm710x 1-002c: cm710x_playback_in_enum_ext_get select PlaybackFrom = 1
12-27 17:55:24.657     0     0 I __afe_port_start: port id: 0x1000
12-27 17:55:24.657     0     0 I afe_find_cal_topo_id_by_port: port id: 0x1000, dev_acdb_id: 15
12-27 17:55:24.657     0     0 I afe_find_cal_topo_id_by_port: top_id:112fc acdb_id:15 afe_port_id:0x1000
12-27 17:55:24.657     0     0 I afe_get_cal_topology_id: port_id = 0x1000 acdb_id = 15 topology_id = 0x112fc cal_type_index=8 ret=0
12-27 17:55:24.657     0     0 I afe_send_port_topology_id: AFE set topology id 0x112fc  enable for port 0x1000 ret 0
12-27 17:55:24.657     0     0 I send_afe_cal_type: cal_index is 0
12-27 17:55:24.657     0     0 I send_afe_cal_type: dev_acdb_id[40] is 15
12-27 17:55:24.657     0     0 I afe_find_cal: cal_index 0 port_id 0x1000 port_index 40
12-27 17:55:24.657     0     0 I afe_find_cal: acdb_id 15 dev_acdb_id 15 sample_rate 48000 afe_sample_rates 48000
12-27 17:55:24.657     0     0 I afe_find_cal: cal block is a match, size is 0
12-27 17:55:24.657     0     0 I send_afe_cal_type: Sending cal_index cal 0
12-27 17:55:24.657     0     0 E send_afe_cal_type: No cal sent for cal_index 0, port_id = 0x1000! ret -22
12-27 17:55:24.657     0     0 I afe_send_hw_delay: port_id 0x1000 rate 48000 delay_usec 474 status 0
12-27 17:55:24.671   787 12132 W SensorService: Data for sensor type HMD_IMU dropped because of failure to update clock drift from vsync. 1 drops in the last 0s.
12-27 17:55:24.666     0     0 I qcom,camera ac4f000.qcom,cci: qcom,cam-sensor1: Linked as a consumer to regulator.46
12-27 17:55:24.679   787 12132 W SensorService: Data for sensor type HMD_MAG dropped because of failure to update clock drift from vsync. 1 drops in the last 0s.
12-27 17:55:24.668     0     0 I qcom,camera ac4f000.qcom,cci: qcom,cam-sensor1: Linked as a consumer to regulator.7
12-27 17:55:24.668     0     0 I qcom,camera ac4f000.qcom,cci: qcom,cam-sensor1: Linked as a consumer to regulator.71
12-27 17:55:24.692     0     0 I qcom,camera ac50000.qcom,cci: qcom,cam-sensor2: Linked as a consumer to regulator.46
12-27 17:55:24.694     0     0 I qcom,camera ac50000.qcom,cci: qcom,cam-sensor2: Linked as a consumer to regulator.7
12-27 17:55:24.694     0     0 I qcom,camera ac50000.qcom,cci: qcom,cam-sensor2: Linked as a consumer to regulator.71
12-27 17:55:24.718     0     0 I qcom,camera ac50000.qcom,cci: qcom,cam-sensor3: Linked as a consumer to regulator.46
12-27 17:55:24.720     0     0 I qcom,camera ac50000.qcom,cci: qcom,cam-sensor3: Linked as a consumer to regulator.7
12-27 17:55:24.720     0     0 I qcom,camera ac50000.qcom,cci: qcom,cam-sensor3: Linked as a consumer to regulator.71
12-27 17:55:24.747   787   837 D SensorService: SyncbossEventHandler: Enabling sensor HMD_FSIN
12-27 17:55:24.747   787   837 D SensorService: SyncbossEventHandler: Active sensors: synthetic[EXTERNAL_TIMING,ZAP] non-synth[HMD_MAG,HMD_IMU,HMD_FSIN,PULSAR]
12-27 17:55:24.747   787   837 D SensorService: SyncbossEventHandler: acquiring session; approx # alive: 4
12-27 17:55:24.827   787   837 I DiceCameraSystem: Set cameras to 10 bpp (format 0x00000007)
12-27 17:55:24.830   787   837 I libsensorscommon: [HEADSET FSC] started at 141728.29
12-27 17:55:24.831   787  1045 I SyncBossHAL: [info   ] pulsar_manager.c(960): No IRLED tracked controllers connected/ready
12-27 17:55:24.868   787   837 D CameraStream: Client 945: Finished StreamControl: 0
12-27 17:55:24.881   945  1105 D TrackingService: IOT standby to running completed
12-27 17:55:24.881   945  1105 I TrackingService: [                             iot] Power transition: STANDBY -> RUNNING transition time: 240 ms
12-27 17:55:24.881   787   837 D CameraStream: Client 945: Attempting StreamControl: 0
12-27 17:55:24.881   787   837 D CameraClientManager: [CONTROLLER] Attempting starting camera client.
12-27 17:55:24.881   787   837 D CameraClientManager: [CONTROLLER] Successfully found client (945) to start in CameraClientManager list.
12-27 17:55:24.882   787   837 I FrameSetDispatcher: [CONTROLLER] Client pid=945 (Cnst): Client thread started
12-27 17:55:24.882   787   837 I CameraClientManager: [CONTROLLER] Added client (945)(Cnst)
12-27 17:55:24.882   787   837 D CameraClientManager: [CONTROLLER] Attempting to start stream
12-27 17:55:24.882   787   837 I CameraClientManager: [CONTROLLER] Started clients: 1
12-27 17:55:24.882   787   837 I CameraClientManager: [CONTROLLER] Starting stream
12-27 17:55:24.882   787   837 I libsensorscommon: [CONTROLLER FSC] started at 141728.34
12-27 17:55:24.882   787   837 D CameraStream: Client 945: Finished StreamControl: 0
12-27 17:55:24.883   945  1105 I TrackingService: ConstellationTrackingGlue: setEnableExtendedDeadreckoning to false
12-27 17:55:24.883   945  1105 I TrackingService: [                   constellation] Power transition: STANDBY -> RUNNING transition time: 2 ms
12-27 17:55:24.883   945  1105 I TrackingService: [              selftracked_client] Power transition: STANDBY -> RUNNING transition time: 0 ms
12-27 17:55:24.884   945  1105 I TrackingService: [                            hand] Power transition: STANDBY -> RUNNING transition time: 0 ms
12-27 17:55:24.884   945  1105 I TrackingService: [                            face] Power transition: STANDBY -> RUNNING transition time: 0 ms
12-27 17:55:24.884   787   837 D CameraStream: Client 945: Attempting StreamControl: 0
12-27 17:55:24.884   787   837 D CameraClientManager: [HEADSET] Attempting starting camera client.
12-27 17:55:24.884   787   837 D CameraClientManager: [HEADSET] Successfully found client (945) to start in CameraClientManager list.
12-27 17:55:24.885   787   837 I FrameSetDispatcher: [HEADSET] Client pid=945 (Obj): Client thread started
12-27 17:55:24.885   787   837 I CameraClientManager: [HEADSET] Added client (945)(Obj)
12-27 17:55:24.885   787   837 D CameraClientManager: [HEADSET] Attempting to start stream
12-27 17:55:24.885   787   837 I CameraClientManager: [HEADSET] Started clients: 2
12-27 17:55:24.885   787   837 D CameraStream: Client 945: Finished StreamControl: 0
12-27 17:55:24.885   945  1105 I TrackingService: [                          object] Power transition: STANDBY -> RUNNING transition time: 1 ms
12-27 17:55:24.885   945  1105 I TrackingService: [                      controller] Power transition: STANDBY -> RUNNING transition time: 0 ms
12-27 17:55:24.895  1152  1152 W Looper  : Slow dispatch took 306ms main h=com.android.server.job.JobSchedulerService$JobHandler c=null m=1
12-27 17:55:24.902  1152  1152 W Looper  : Slow delivery took 308ms main h=com.android.server.alarm.AlarmManagerService$AlarmHandler c=android.app.PendingIntent$FinishedDispatcher@23855e8 m=0
12-27 17:55:24.905  1152  1152 W Looper  : Drained
12-27 17:55:24.907  1152  1333 E DisplayDeviceConfig: requesting nits when no mapping exists.
12-27 17:55:24.907  1152  1333 E DisplayDeviceConfig: requesting nits when no mapping exists.
12-27 17:55:24.908  1152  1189 W PowerManagerService: Screen on took 368 ms
12-27 17:55:24.912   787   837 D CameraStream: Client 945: Attempting StreamControl: 0
12-27 17:55:24.912   787   837 D CameraClientManager: [HEADSET] Attempting starting camera client.
12-27 17:55:24.912   787   837 D CameraClientManager: [HEADSET] Successfully found client (945) to start in CameraClientManager list.
12-27 17:55:24.913  1152  1178 I DropBoxManagerService: add tag=system_server_wtf isTagEnabled=true flags=0x2
12-27 17:55:24.916   787   837 I FrameSetDispatcher: [HEADSET] Client pid=945 (ExpCtl): Client thread started
12-27 17:55:24.916   787   837 I CameraClientManager: [HEADSET] Added client (945)(ExpCtl)
12-27 17:55:24.916   787   837 D CameraClientManager: [HEADSET] Attempting to start stream
12-27 17:55:24.916   787   837 I CameraClientManager: [HEADSET] Started clients: 3
12-27 17:55:24.916  1152  1178 I DropBoxManagerService: add tag=system_server_wtf isTagEnabled=true flags=0x2
12-27 17:55:24.916   787   837 D CameraStream: Client 945: Finished StreamControl: 0
12-27 17:55:24.916   787   837 D CameraStream: Client 945: Attempting StreamControl: 0
12-27 17:55:24.916   787   837 D CameraClientManager: [CONTROLLER] Attempting starting camera client.
12-27 17:55:24.917   787   837 D CameraClientManager: [CONTROLLER] Successfully found client (945) to start in CameraClientManager list.
12-27 17:55:24.918   787   837 I FrameSetDispatcher: [CONTROLLER] Client pid=945 (ExpCtl): Client thread started
12-27 17:55:24.918   787   837 I CameraClientManager: [CONTROLLER] Added client (945)(ExpCtl)
12-27 17:55:24.918   787   837 D CameraClientManager: [CONTROLLER] Attempting to start stream
12-27 17:55:24.918   787   837 I CameraClientManager: [CONTROLLER] Started clients: 2
12-27 17:55:24.918   787   837 D CameraStream: Client 945: Finished StreamControl: 0
12-27 17:55:24.919   945  1105 I TrackingService: [                 ExposureControl] Power transition: STANDBY -> RUNNING transition time: 33 ms
12-27 17:55:24.919   945  1104 D TrackingService: Transition completed for (null)
12-27 17:55:24.919   945  1104 D TrackingService: setPowerState: RUNNING
12-27 17:55:24.926  1152 25629 W ProcessStats: Tracking association SourceState{a589a9a com.oculus.ocms/10011 BTopFgs #97431} whose proc state 2 is better than process ProcessState{943c4fa com.oculus.qplservice/10043 pkg=com.oculus.qplservice} proc state 3 (0 skipped)
12-27 17:55:24.965   787 12179 E libsensorscommon: [HEADSET FSC] 1 FrameSets had unexpected timestamps. Ex: (slot 1) prev 0.000ms->cur 140936619.532ms (ts diff of -140936579.532ms vs expected period of 40.000ms)
12-27 17:55:24.979   787  1042 E SyncBossHAL: [error  ] syncboss_hal_impl_input.c(1148): Pulsar connected devices state change: 97, host current time: 1703681724979ms
12-27 17:55:24.982   787 12180 E libsensorscommon: [CONTROLLER FSC] 1 FrameSets had unexpected timestamps. Ex: (slot 2) prev 0.000ms->cur 140936640.000ms (ts diff of -140936600.000ms vs expected period of 40.000ms)
12-27 17:55:25.014   787  1042 E SyncBossHAL: [error  ] syncboss_hal_impl_input.c(1148): Pulsar connected devices state change: 98, host current time: 1703681725014ms
12-27 17:55:25.019     0     0 I [drm:dsi_display_set_mode] [msm-dsi-info]: mdp_transfer_time_us=0 us
12-27 17:55:25.019     0     0 I [drm:dsi_display_set_mode] [msm-dsi-info]: hactive= 1920,vactive= 3664,fps=72
12-27 17:55:25.038   787  1045 I SyncBossHAL: [info   ] pulsar_manager.c(511): 9d17e7cexxxxxxxx: Configuring IR LED to ontime = 34, period = 40000, delay = -17
12-27 17:55:25.044   787  1045 I SyncBossHAL: [info   ] pulsar_manager.c(456): Finished getting cache data for controller
12-27 17:55:25.044   787  1045 I SyncBossHAL:     id            : 9d17e7cexxxxxxxx
12-27 17:55:25.044   787  1045 I SyncBossHAL:     pulsar_type   : 0x09001401
12-27 17:55:25.044   787  1045 I SyncBossHAL:     connection id : 0x61
12-27 17:55:25.044   787  1045 I SyncBossHAL:     fw ver        : 1.9.0
12-27 17:55:25.044   787  1045 I SyncBossHAL:     spl ver       : 1.5.1
12-27 17:55:25.044   787  1045 I SyncBossHAL:     serial        : 1WMHCL11FD2436
12-27 17:55:25.044   787  1045 I SyncBossHAL:     handedness    : left
12-27 17:55:25.044   787  1045 I SyncBossHAL:     battery state : 70%
12-27 17:55:25.045   787  1045 I SyncBossHAL: [info   ] pulsar_manager.c(473): Jedi-specific cache data:
12-27 17:55:25.045   787  1045 I SyncBossHAL:     captouch ver  : 1.9.0
12-27 17:55:25.048   787 12131 D SensorService: Syncboss input 9d17e7ce194bc1ec hardware type 4, subtype 1, revision 0x09
12-27 17:55:25.048   787 12131 I SensorService: preparePairedControllerInfo is adding device with valid 1
12-27 17:55:25.048   787 12131 D SensorService: Syncboss input d3d05f47e2487092 hardware type 4, subtype 2, revision 
12-27 17:55:25.048   787 12131 I SensorService: preparePairedControllerInfo is adding device with valid 1
12-27 17:55:25.049   787 12131 D SensorService: stateChangeNotifierFunc(): Reporting controller info. Change token: 219, paired=2 connected=1
12-27 17:55:25.049  1658 12139 D OVRRemoteService: processStateChange([PairedControllerInfo JEDI 9d17e7ce194bc1ec connected mcnt=0])
12-27 17:55:25.049  1658 12139 D OVRRemoteService: RemoteService::recordControllerStatusUpdate: device 9d17e7ce194bc1ec: status: CONNECTED_ACTIVE tracking: ORIENTATION, errors: --
12-27 17:55:25.049  1658 12139 D OVRRemoteService: processStateChange([PairedControllerInfo JEDI d3d05f47e2487092 disconnected update-required mcnt=0])
12-27 17:55:25.050   787  1045 I SyncBossHAL: [info   ] pulsar_manager.c(511): 9d17e7cexxxxxxxx: Configuring IR LED to ontime = 34, period = 40000, delay = -17
12-27 17:55:25.052   945  9887 D TrackingService: getSharedMemory: com.oculus.vrshell#2802, HeadTracker
12-27 17:55:25.060   787   837 D SensorService: Found paired controllers: 2
12-27 17:55:25.060   787   837 D SensorService: Syncboss input 9d17e7ce194bc1ec hardware type 4, subtype 1, revision 0x09
12-27 17:55:25.060   787   837 I SensorService: preparePairedControllerInfo is adding device with valid 1
12-27 17:55:25.060   787   837 D SensorService: Syncboss input d3d05f47e2487092 hardware type 4, subtype 2, revision 
12-27 17:55:25.060   787   837 I SensorService: preparePairedControllerInfo is adding device with valid 1
12-27 17:55:25.061   945 12173 D TrackingService: Creating RemoteConstellationTrackedDevice
12-27 17:55:25.062   945 12173 I TrackingService: Registering primary controller 9d17e7ce194bc1ec in slot 0
12-27 17:55:25.056     0     0 I input   : Device 0x9D17E7CE194BC1EC as /devices/virtual/input/input101
12-27 17:55:25.063   945 12173 D TrackingService: TrackingDataPostProcessor: Hand autotransition v2 GK enabled: 1
12-27 17:55:25.063   945 12173 D TrackingService: registerRemote: 9d17e7ce194bc1ec
12-27 17:55:25.063   787   837 E SyncBossHAL: [error  ] syncboss_hal_input_helpers.c(177): Failure reading cache data when attempting to check if input is awake
12-27 17:55:25.080   945 12173 W TrackingService: Attempted to control leds, but gatekeeper is disabled. Skipping operation.
12-27 17:55:25.082  1658 12139 D OVRRemoteService: RemoteService::recordControllerStatusUpdate: device 9d17e7ce194bc1ec: status: CONNECTED_ACTIVE tracking: ORIENTATION, errors: --
12-27 17:55:25.082  1658 12139 D OVRRemoteService: RemoteService::recordControllerStatusUpdate: device 9d17e7ce194bc1ec: status: CONNECTED_ACTIVE tracking: ORIENTATION, errors: --
12-27 17:55:25.086   945  9887 D TrackingService: getSharedMemory: com.oculus.vrshell, Controller
12-27 17:55:25.123   787  1045 I SyncBossHAL: [info   ] pulsar_manager.c(511): d3d05f47xxxxxxxx: Configuring IR LED to ontime = 34, period = 40000, delay = -17
12-27 17:55:25.127   787 12132 I SyncBossInput: [info   ] [jedi ( left) 9d17e7cexxxxxxxx]:  203391 [info   ] {THDG}: active_seek -> inactive_seek
12-27 17:55:25.130   787  1045 I SyncBossHAL: [info   ] pulsar_manager.c(456): Finished getting cache data for controller
12-27 17:55:25.130   787  1045 I SyncBossHAL:     id            : d3d05f47xxxxxxxx
12-27 17:55:25.130   787  1045 I SyncBossHAL:     pulsar_type   : 0x09011401
12-27 17:55:25.130   787  1045 I SyncBossHAL:     connection id : 0x62
12-27 17:55:25.130   787  1045 I SyncBossHAL:     fw ver        : 1.9.0
12-27 17:55:25.130   787  1045 I SyncBossHAL:     spl ver       : 1.5.1
12-27 17:55:25.130   787  1045 I SyncBossHAL:     serial        : 1WMHCR31DV2435
12-27 17:55:25.130   787  1045 I SyncBossHAL:     handedness    : right
12-27 17:55:25.130   787  1045 I SyncBossHAL:     battery state : 50%
12-27 17:55:25.130   787  1045 I SyncBossHAL: [info   ] pulsar_manager.c(473): Jedi-specific cache data:
12-27 17:55:25.130   787  1045 I SyncBossHAL:     captouch ver  : 1.9.0
12-27 17:55:25.133   787 12131 D SensorService: Syncboss input 9d17e7ce194bc1ec hardware type 4, subtype 1, revision 0x09
12-27 17:55:25.133   787 12131 I SensorService: preparePairedControllerInfo is adding device with valid 1
12-27 17:55:25.133   787 12131 D SensorService: Syncboss input d3d05f47e2487092 hardware type 4, subtype 2, revision 0x09
12-27 17:55:25.133   787 12131 I SensorService: preparePairedControllerInfo is adding device with valid 1
12-27 17:55:25.133   945 12173 D TrackingService: 9d17e7ce194bc1ec: isControllerInHand(141728.59s): 1 ctEnabled: 1 btnPress: 1 btnOrTpdTouch: 1 btnOrTpdProx: 1 static(141728.59s): 1 thbstkOffCenter: 1 
12-27 17:55:25.133   945 12173 D TrackingService: [HANDTRACKING] Controller 9d17e7ce194bc1ec in hand: Y, valid: Y
12-27 17:55:25.134   787 12131 D SensorService: stateChangeNotifierFunc(): Reporting controller info. Change token: 220, paired=2 connected=2
12-27 17:55:25.134  1658 12139 D OVRRemoteService: processStateChange([PairedControllerInfo JEDI 9d17e7ce194bc1ec connected mcnt=0])
12-27 17:55:25.134  1658 12139 D OVRRemoteService: processStateChange([PairedControllerInfo JEDI d3d05f47e2487092 connected mcnt=0])
12-27 17:55:25.134  1658 12139 D OVRRemoteService: RemoteService::recordControllerStatusUpdate: device d3d05f47e2487092: status: CONNECTED_ACTIVE tracking: POSITION, errors: --
12-27 17:55:25.134  1658 12139 D OVRRemoteService: RemoteService::recordControllerStatusUpdate: device d3d05f47e2487092: status: CONNECTED_ACTIVE tracking: POSITION, errors: --
12-27 17:55:25.134  1658 12139 D OVRRemoteService: RemoteService::recordControllerStatusUpdate: device 9d17e7ce194bc1ec: status: CONNECTED_ACTIVE tracking: NONE, errors: --
12-27 17:55:25.141   787   837 D SensorService: Found paired controllers: 2
12-27 17:55:25.141   787   837 D SensorService: Syncboss input 9d17e7ce194bc1ec hardware type 4, subtype 1, revision 0x09
12-27 17:55:25.141   787   837 I SensorService: preparePairedControllerInfo is adding device with valid 1
12-27 17:55:25.141   787   837 D SensorService: Syncboss input d3d05f47e2487092 hardware type 4, subtype 2, revision 0x09
12-27 17:55:25.141   787   837 I SensorService: preparePairedControllerInfo is adding device with valid 1
12-27 17:55:25.142   945 12173 D TrackingService: Creating RemoteConstellationTrackedDevice
12-27 17:55:25.143   945 12173 I TrackingService: Registering primary controller d3d05f47e2487092 in slot 1
12-27 17:55:25.138     0     0 I input   : Device 0xD3D05F47E2487092 as /devices/virtual/input/input102
12-27 17:55:25.155   787 12132 I SyncBossInput: [info   ] [jedi ( left) 9d17e7cexxxxxxxx]:  357148 [info   ] {APP }: Connected
12-27 17:55:25.156   945 12173 D TrackingService: TrackingDataPostProcessor: Hand autotransition v2 GK enabled: 1
12-27 17:55:25.156   945 12173 D TrackingService: registerRemote: d3d05f47e2487092
12-27 17:55:25.161   787 12176 E FrameSetDispatcher: [HEADSET] Client pid=945 (IOT): Failed to read from receive FMQ for 1 packets in 5000ms.
12-27 17:55:25.161   787 12176 E FrameSetDispatcher: This probably means this client is taking more than 33 ms to process the frame.
12-27 17:55:25.161   787 12176 E FrameSetDispatcher: Retrying.
12-27 17:55:25.172   945 12173 W TrackingService: Attempted to control leds, but gatekeeper is disabled. Skipping operation.
12-27 17:55:25.173  1658 12139 D OVRRemoteService: RemoteService::recordControllerStatusUpdate: device d3d05f47e2487092: status: CONNECTED_ACTIVE tracking: POSITION, errors: --
12-27 17:55:25.174   945 12173 D TrackingService: d3d05f47e2487092: isControllerInHand(141728.63s): 1 ctEnabled: 1 btnPress: 1 btnOrTpdTouch: 1 btnOrTpdProx: 1 static(141728.63s): 1 thbstkOffCenter: 1 
12-27 17:55:25.174   945 12173 D TrackingService: [HANDTRACKING] Controller d3d05f47e2487092 in hand: Y, valid: Y
12-27 17:55:25.175  1658 12139 D OVRRemoteService: RemoteService::recordControllerStatusUpdate: device d3d05f47e2487092: status: CONNECTED_ACTIVE tracking: NONE, errors: --
12-27 17:55:25.189   787 12132 I SyncBossInput: [info   ] [jedi (right) d3d05f47xxxxxxxx]:  356689 [info   ] {APP }: Connected
12-27 17:55:25.191  1152  4294 I DisplayDeviceRepository: Display device added: DisplayDeviceInfo{"com.oculus.android_panel_app.AndroidPanelLayer-#main": uniqueId="virtual:com.oculus.systemux,10037,com.oculus.android_panel_app.AndroidPanelLayer-#main,0", 1000 x 1250, modeId 911, defaultModeId 911, supportedModes [{id=911, width=1000, height=1250, fps=60.0, alternativeRefreshRates=[]}], colorMode 0, supportedColorModes [0], hdrCapabilities null, allmSupported false, gameContentTypeSupported false, density 200, 200.0 x 200.0 dpi, appVsyncOff 0, presDeadline 16666666, touch NONE, rotation 0, type VIRTUAL, deviceProductInfo null, state OFF, owner com.oculus.systemux (uid 10037), frameRateOverride , brightnessMinimum 0.0, brightnessMaximum 0.0, brightnessDefault 0.0, FLAG_PRIVATE, FLAG_NEVER_BLANK, FLAG_OWN_CONTENT_ONLY}
12-27 17:55:25.192  1152  4294 I LogicalDisplayMapper: Applying layout: [{addr: {port=129, model=0x40446d9218dcf4}, dispId: 0(ON)}], Previous layout: [{addr: {port=129, model=0x40446d9218dcf4}, dispId: 0(ON)}]
12-27 17:55:25.192  1152  4294 I LogicalDisplayMapper: Adding new display: 566: DisplayInfo{"com.oculus.android_panel_app.AndroidPanelLayer-#main", displayId 566", displayGroupId -1, FLAG_PRIVATE, real 1000 x 1250, largest app 1000 x 1250, smallest app 1000 x 1250, appVsyncOff 0, presDeadline 16666666, mode 911, defaultMode 911, modes [{id=911, width=1000, height=1250, fps=60.0, alternativeRefreshRates=[]}], hdrCapabilities null, userDisabledHdrTypes [], minimalPostProcessingSupported false, rotation 0, state OFF, type VIRTUAL, uniqueId "virtual:com.oculus.systemux,10037,com.oculus.android_panel_app.AndroidPanelLayer-#main,0", app 1000 x 1250, density 200 (200.0 x 200.0) dpi, layerStack 566, colorMode 0, supportedColorModes [0], deviceProductInfo null, owner com.oculus.systemux (uid 10037), removeMode 1, refreshRateOverride 0.0, brightnessMinimum 0.0, brightnessMaximum 0.0, brightnessDefault 0.0}
12-27 17:55:25.192  1152  4294 I LogicalDisplayMapper: Setting new display group 0 for display 566, from previous group: null
12-27 17:55:25.192  1152  4294 W DisplayPowerController[566]: Screen brightness nits configuration is unavailable; falling back
