12-28 23:34:42.886 30432 30560 E OsSdk   : error getting shared memory region, memory type: HeadTracker, failed with Status(-1, EX_SECURITY): 'request throttled'
12-28 23:34:42.914  1155  2013 E TaskPersister: File error accessing recents directory (directory doesn't exist?).
12-28 23:34:42.929 30432 30560 E OsSdk   : error getting shared memory region, memory type: HeadTracker, failed with Status(-1, EX_SECURITY): 'request throttled'
12-28 23:34:42.967   933  1362 I Tracking: VEGA_MAPPER:SubmapTrackingValidator: Pausing map building until validation is complete. 26.84 seconds remaining
12-28 23:34:42.969 30432 30560 E OsSdk   : error getting shared memory region, memory type: AnchorTracker, failed with Status(-1, EX_SECURITY): 'request throttled'
12-28 23:34:42.975   933  1364 I Tracking: VIPER:DEEP_DESCRIPTOR: Computing Deep Descriptors using gravity orientation.
12-28 23:34:43.056  1691  1691 D ControllerNotifications: Enabling notifications
12-28 23:34:43.056  1691  1691 I ControllerNotifications: Updating input notifications based on state ConnectedBatteryNormal
12-28 23:34:43.058 32514 32666 D UE      : [2023.12.28-18.34.43:058][  0]LogAndroid: backgrounding callback, not responded in timely manner.
12-28 23:34:43.058 32514 32666 D UE      : [2023.12.28-18.34.43:058][  0]LogAndroid: Blocking renderer on invalid window.
12-28 23:34:43.058 32514 32666 D UE      : [2023.12.28-18.34.43:058][  0]LogAndroid: Waiting for game thread to release EGL context/surface.
12-28 23:34:43.106  1155  1608 D SntpClient: request time failed: java.net.SocketTimeoutException: Poll timed out
12-28 23:34:43.106  1155  1608 D SntpClient: request time failed
12-28 23:34:43.136   894  1730 D BufferPoolAccessor2.0: bufferpool2 0xf391b918 : 0(0 size) total buffers - 0(0 size) used buffers - 10/18 (recycle/alloc) - 8/30 (fetch/transfer)
12-28 23:34:43.136   894  1730 D BufferPoolAccessor2.0: evictor expired: 1, evicted: 1
12-28 23:34:43.138  3629  3907 D BufferPoolAccessor2.0: evictor expired: 3, evicted: 0
12-28 23:34:43.138   924  1434 D BufferPoolAccessor2.0: bufferpool2 0xb400007cc0a5d628 : 0(0 size) total buffers - 0(0 size) used buffers - 10/13 (recycle/alloc) - 3/12 (fetch/transfer)
12-28 23:34:43.138   924  1434 D BufferPoolAccessor2.0: evictor expired: 2, evicted: 1
12-28 23:34:43.216   933  1080 W TrackingService: attachClient: found client in attached list
12-28 23:34:43.217 30432 30560 E OsSdk   : error getting shared memory region, memory type: AnchorTracker, failed with Status(-1, EX_SECURITY): 'requested shared memory region when not registered/focused'
12-28 23:34:43.217 30432 30560 W MRSTREAM: SlamAnchorMemoryRuntimeIpcServer: [Throttled count=4] getAnchorStates failed
12-28 23:34:43.217 30432 30560 W MRSTREAM: SlamAnchorMemoryRuntimeIpcServerThread: [Throttled count=4] AnchorStates update failure.
12-28 23:34:43.219  3080  3128 W [CT]    : Anchor:SlamAnchorMemoryOSSDKClient: [Throttled count=597] Skipping invalid anchorHandle when attempting to cache AnchorStates
12-28 23:34:43.255     0     0 I CAM_ERR : CAM-CRM: __cam_req_mgr_process_sof_freeze: 1806 SOF freeze for session 5243392 link 0x830107
12-28 23:34:43.255     0     0 I CAM_ERR : CAM-CRM: __cam_req_mgr_process_sof_freeze: 1806 SOF freeze for session 5243392 link 0x4f0103
12-28 23:34:43.255     0     0 I CAM_ERR : CAM-CRM: __cam_req_mgr_process_sof_freeze: 1806 SOF freeze for session 5243392 link 0x13010b
12-28 23:34:43.255     0     0 I CAM_ERR : CAM-CRM: __cam_req_mgr_process_sof_freeze: 1806 SOF freeze for session 5243392 link 0xa0010f
12-28 23:34:43.419  2510  2835 W ForegroundAppHandler: App change event for (ForegroundAppChangeEvent(packageName=, timestamp=1703788478414, attempts=3)) has hit maximum retries! Discarding message!
12-28 23:34:43.472 30432 30560 W MRSTREAM: SlamAnchorMemoryRuntimeIpcServer: [Throttled count=118] HeadTracker::getState called when tracking is not running.
12-28 23:34:43.472   933  1080 W TrackingService: attachClient: found client in attached list
12-28 23:34:43.473 30432 30560 E OsSdk   : error getting shared memory region, memory type: AnchorTracker, failed with Status(-1, EX_SECURITY): 'requested shared memory region when not registered/focused'
12-28 23:34:43.515   933 30056 I Tracking: boltlib: DSP utilization: 7.54 % (379 / 5029 ms)
12-28 23:34:43.559   933  1080 W TrackingService: attachClient: found client in attached list
12-28 23:34:43.560 30432 30560 E OsSdk   : error getting shared memory region, memory type: HeadTracker, failed with Status(-1, EX_SECURITY): 'requested shared memory region when not registered/focused'
12-28 23:34:43.560 30432 30560 W MRSTREAM: SlamAnchorMemoryRuntimeIpcServerThread: [Throttled count=23] RigidBodyStates update failure.
12-28 23:34:43.604   933  1080 W TrackingService: attachClient: found client in attached list
12-28 23:34:43.605 30432 30560 E OsSdk   : error getting shared memory region, memory type: HeadTracker, failed with Status(-1, EX_SECURITY): 'requested shared memory region when not registered/focused'
12-28 23:34:43.634   933   673 I Tracking: VIPER: Environment brightness changed from 2 to 0
12-28 23:34:43.637  3080  3128 I GuardianSystem: [GuardianSystem::CheckEnvironmentStatus] Environment Status changed: 34 to 33
12-28 23:34:43.650 30432 30560 E OsSdk   : error getting shared memory region, memory type: HeadTracker, failed with Status(-1, EX_SECURITY): 'request throttled'
12-28 23:34:43.688 30432 30560 E OsSdk   : error getting shared memory region, memory type: HeadTracker, failed with Status(-1, EX_SECURITY): 'request throttled'
12-28 23:34:43.733 30432 30560 E OsSdk   : error getting shared memory region, memory type: HeadTracker, failed with Status(-1, EX_SECURITY): 'request throttled'
12-28 23:34:43.733 30432 30560 E OsSdk   : error getting shared memory region, memory type: AnchorTracker, failed with Status(-1, EX_SECURITY): 'request throttled'
12-28 23:34:43.747 30432 30560 E OsSdk   : error getting shared memory region, memory type: HeadTracker, failed with Status(-1, EX_SECURITY): 'request throttled'
12-28 23:34:43.787 30432 30560 E OsSdk   : error getting shared memory region, memory type: HeadTracker, failed with Status(-1, EX_SECURITY): 'request throttled'
12-28 23:34:43.829 30432 30560 E OsSdk   : error getting shared memory region, memory type: HeadTracker, failed with Status(-1, EX_SECURITY): 'request throttled'
12-28 23:34:43.874  3080  3128 I SpatialAnchorPipeline: Guardian needs anchor search = 0, 1 && (1, 0, 0)
12-28 23:34:43.875 30432 30560 E OsSdk   : error getting shared memory region, memory type: HeadTracker, failed with Status(-1, EX_SECURITY): 'request throttled'
12-28 23:34:43.885 30432 30560 E OsSdk   : error getting shared memory region, memory type: HeadTracker, failed with Status(-1, EX_SECURITY): 'request throttled'
12-28 23:34:43.926 30432 30560 E OsSdk   : error getting shared memory region, memory type: AnchorTracker, failed with Status(-1, EX_SECURITY): 'request throttled'
12-28 23:34:43.985  2510  2835 W ForegroundAppHandler: App change event for (ForegroundAppChangeEvent(packageName=, timestamp=1703788478980, attempts=3)) has hit maximum retries! Discarding message!
12-28 23:34:43.986  2510  2835 W ForegroundAppHandler: App change event for (ForegroundAppChangeEvent(packageName=, timestamp=1703788478980, attempts=3)) has hit maximum retries! Discarding message!
12-28 23:34:43.987  2510  2835 W ForegroundAppHandler: App change event for (ForegroundAppChangeEvent(packageName=, timestamp=1703788478980, attempts=3)) has hit maximum retries! Discarding message!
12-28 23:34:44.081  2510  2835 W ForegroundAppHandler: App change event for (ForegroundAppChangeEvent(packageName=, timestamp=1703788479079, attempts=3)) has hit maximum retries! Discarding message!
12-28 23:34:44.094  2728  3090 I [OAO] FlowController: UpdateActiveFlow from NonModalFlow to (none)
12-28 23:34:44.094  2728  3090 I [OAO] NonModalFlow: Deactivated
12-28 23:34:44.099  2728  3090 I [OAO] ShellAppBase: ResolveInteractionState: change from Rendering to None
12-28 23:34:44.099  2728  3090 I [OAO] ShellAppBase: LeaveVrMode: Interaction state from Rendering to None
12-28 23:34:44.099  2728  3090 I [OAO] ShellTransitionState: Logging ShellTransitionState to dumpsys: {"state":"Backgrounding","timeMillis":"33358653"}
12-28 23:34:44.099  2728  3090 I [OAO] ShellAppBase: EmptyFrame: Pushing an empty frame
12-28 23:34:44.107  2728  3090 I [OAO] VrPlatformOpenXr: VrPlatformOpenXr::SetPropInhibitHandleHomeKey inhibit:0
12-28 23:34:44.107  2728  3090 I OpenXR_DeviceSettings: ------------ xrSetDeviceSettingBooleanFB -----------
12-28 23:34:44.108  2728  3090 I ClientInputSettings: SetInhibitHandleHomeKey = false for com.oculus.vrshell
12-28 23:34:44.108  2728  3090 I ClientInputInterface: SetInhibitHandleHomeKey 0 for process com.oculus.vrshell 2728
12-28 23:34:44.108  2728  3090 I [OAO] VrPlatformOpenXr: VrPlatformOpenXr::SetPropInhibitHandleHomeKey result = 0
12-28 23:34:44.108  2728  3090 I [OAO] DesktopPanelControllerAnalytics: DesktopPanelControllerAnalytics flushing telemetry
12-28 23:34:44.108  2728  3090 I [OAO] DesktopPanelControllerAnalytics: FlushPendingDesktopMetrics Tablet
12-28 23:34:44.108  2728  3090 I [OAO] VrPlatformOpenXr: RequestEndSession state XR_SESSION_STATE_FOCUSED    focused:1
12-28 23:34:44.108  2728  3090 D [OAO] ShellApplication: setOverlayInputFocus: inputFocus=false
12-28 23:34:44.108  2728  3090 D [OAO] BaseOverlayService: setOverlayInputFocus : entrypoint - inputFocus=false
12-28 23:34:44.108  2728  3090 I OpenXR  : ------------ RequestExitSession [start] -----------
12-28 23:34:44.108  2728  3090 I OpenXR  : ------------ RequestExitSession [end] -----------
12-28 23:34:44.108  2728  3090 I OpenXR  : PostSessionStateChange: XR_SESSION_STATE_FOCUSED -> XR_SESSION_STATE_VISIBLE
12-28 23:34:44.108  2728  3090 I Deque   : AddEventToQueue called. eventInfo.type: 18, eventInfo.next: 1
12-28 23:34:44.108  2728  3090 I [OAO] VrPlatformOpenXr: xrPollEvent: received XR_TYPE_EVENT_DATA_SESSION_STATE_CHANGED: 4 for session 0x200000000000002 at time 33358.663082
12-28 23:34:44.108  2728  3090 I [OAO] VrPlatformOpenXr: Session state changed XR_SESSION_STATE_VISIBLE
12-28 23:34:44.108  2728  3090 I OpenXR  : PostSessionStateChange: XR_SESSION_STATE_VISIBLE -> XR_SESSION_STATE_SYNCHRONIZED
12-28 23:34:44.108  2728  3090 I Deque   : AddEventToQueue called. eventInfo.type: 18, eventInfo.next: 1
12-28 23:34:44.108  2728  3090 I [OAO] VrPlatformOpenXr: xrPollEvent: received XR_TYPE_EVENT_DATA_SESSION_STATE_CHANGED: 3 for session 0x200000000000002 at time 33358.663189
12-28 23:34:44.108  2728  3090 I [OAO] VrPlatformOpenXr: Session state changed XR_SESSION_STATE_SYNCHRONIZED
12-28 23:34:44.109  2728  3090 I OpenXR  : PostSessionStateChange: XR_SESSION_STATE_SYNCHRONIZED -> XR_SESSION_STATE_STOPPING
12-28 23:34:44.109  2728  3090 I Deque   : AddEventToQueue called. eventInfo.type: 18, eventInfo.next: 1
12-28 23:34:44.109  2728  3090 I [OAO] VrPlatformOpenXr: xrPollEvent: received XR_TYPE_EVENT_DATA_SESSION_STATE_CHANGED: 6 for session 0x200000000000002 at time 33358.663283
12-28 23:34:44.109  2728  3090 I [OAO] VrPlatformOpenXr: Session state changed XR_SESSION_STATE_STOPPING
12-28 23:34:44.109  2728  3090 I [OAO] VrPlatformOpenXr: EndSession state XR_SESSION_STATE_STOPPING    focused:0
12-28 23:34:44.109  2728  3090 I [OAO] VrPlatformOpenXr: EndSession calling MrServiceClient EndSession
12-28 23:34:44.109  2728  3090 I OpenXR_Passthrough: ------------ xrPassthroughPauseFB -----------
12-28 23:34:44.109  3282  3484 I MRSVC   : MIXEDREALITY: MrFeatureStatus: Passthrough: Client 3033801969 status changed from Started to Paused.
12-28 23:34:44.109  3282  3484 I MRSVC   : MIXEDREALITY: MrFeatureStatus: Passthrough: Target status Paused, CurrentStatus: Started
12-28 23:34:44.109  3282  3484 I MRSVC   : MIXEDREALITY: MrFeatureStatus: Operation chain: Pause
12-28 23:34:44.109  3282  3484 I MRSVC   : MIXEDREALITY: MrFeatureStatus: Passthrough: Global status changed from Started to Paused.
12-28 23:34:44.109  3282  3484 I MRSVC   : MIXEDREALITY: MrServiceController: Queuing command linked to operation Pause for feature 0, client 3033801969
12-28 23:34:44.109  3282  3407 I MRSVC   : MIXEDREALITY: MrServiceController: Executing passthroughPause on model for client 3033801969
12-28 23:34:44.109  3282  3407 I MRSVC   : MIXEDREALITY: MrServiceModel: passthroughPause()
12-28 23:34:44.109  2728  3090 I [OAO] VrPlatformOpenXr: EndSession MrServiceClient EndSession passed
12-28 23:34:44.109  3282  3407 I MRSVC   : MIXEDREALITY: MrServiceModel: passthroughPause: Paused Passthrough
12-28 23:34:44.109  2728  3090 I [OAO] VrPlatformOpenXr: EndSession calling xrEndSession
12-28 23:34:44.109  2728  3090 I OpenXR  : ------------ xrEndSession [start] -----------
12-28 23:34:44.109  2728  3090 I VrApi   : OVR::Stats thread Suspend
12-28 23:34:44.109  2728  3090 I XrRuntimeUtils: XrRuntimeUtils::EndSession
12-28 23:34:44.109  3282  3407 I MRSVC   : MIXEDREALITY: MrRuntimeImpl: onPause: Capability Passthrough on device 2.
12-28 23:34:44.109  2728  3090 I [CT]    : MIXEDREALITY: TREX: Suspending Insight MR session.
12-28 23:34:44.110   928  3377 I MRSS    : MIXEDREALITY: MrSystemServiceIPCServer: ChangeMrCapabilityStatus: client 3220059697, capability Passthrough, command 0.
12-28 23:34:44.111  2728  3090 I VrRuntimeClient: DEVICE MODEL NUMBER = Quest 2
12-28 23:34:44.112  2728  3090 I VrRuntimeClient: DEVICE BUILD NAME = SQ3A.220605.009.A1
12-28 23:34:44.112  2728  3090 I VrRuntimeClient: DEVICE BUILD TYPE = user
12-28 23:34:44.112  2728  3090 I VrRuntimeClient: DEVICE OS VERSION = 12
12-28 23:34:44.112  2728  3090 I VrRuntimeClient: API LOADER VERSION = 1.0.29
12-28 23:34:44.112  2728  3090 I VrRuntimeClient: RUNTIME API VERSION = 1.0.29
12-28 23:34:44.112  2728  3090 I VrRuntimeClient: RUNTIME VERSION = 59.0.0.172.706 Nov  6 2023 00:25:46 RELEASE
12-28 23:34:44.112  2728  3090 I VrRuntimeClient: APP NAME = Oculus App Runtime
12-28 23:34:44.112  2728  3090 I VrRuntimeClient: APP VERSION = 59.0.0.172.706 versionCode 535797236 internalVersionName 59.0.0.172.706.64ce586c41bc 2023_11_09_18_27
12-28 23:34:44.112  2728  3090 I VrRuntimeClient: APP VR TYPE = vr_only
12-28 23:34:44.112  2728  3090 I VrRuntimeClient: APP MODE TYPE = VR
12-28 23:34:44.112  2728  3090 I VrRuntimeClient: APP PACKAGE NAME = com.oculus.vrshell
12-28 23:34:44.112  2728  3090 I VrRuntimeClient: APP ACTIVITY CLASS = com.oculus.vrshell.ShellApplication
12-28 23:34:44.112  3282  3407 I MRSVC   : MIXEDREALITY: MrRuntimeImpl: onPause: Capability Playspace on device 2.
12-28 23:34:44.112   928  3377 I MRSS    : MIXEDREALITY: MrSystemServiceIPCServer: ChangeMrCapabilityStatus: client 3220059697, capability Playspace, command 0.
12-28 23:34:44.112  3282  3407 W PhaseSync: [PS_Ver_1_0] DiscardFrame is triggered, frame->Stage 2 FrameBeginIndex 303269 
12-28 23:34:44.112  3282  3407 I MRSVC   : MIXEDREALITY: OpenXrSupport: OpenXR qualified success: xrBeginFrame(clientState_.session, &beginFrameDesc): XR_FRAME_DISCARDED
12-28 23:34:44.112  2728  3090 I Sensor  : OSSDKTRACKING Shutdown tracking
12-28 23:34:44.112  3282  3407 I MRSVC   : MIXEDREALITY: MrServiceView: renderIteration: Hibernating the rendering thread since ID is off and no active PT layers.
12-28 23:34:44.112  3282  3407 I MRSVC   : MIXEDREALITY: MrServiceModelBase: Hibernating caller (most likely rendering thread) due to commandQueue being empty.
12-28 23:34:44.112  2728  3090 I FaceEyeTrackingManagerHelpers: [FaceEyeTrackingManager] Audio FT GK: 0
12-28 23:34:44.112  2728  3090 I LogTimer: CPUTIME: VrRuntimeClient_EndSession took 2.8319 ms
12-28 23:34:44.113  2728  3090 I VrApi   : OVR::Stats thread stopped
12-28 23:34:44.113  2728  3090 I InputDeviceManager: ovrInputDeviceManager::~ovrInputDeviceManager
12-28 23:34:44.113   933  1080 D TrackingService: haptic socket already exists
12-28 23:34:44.113   933  1080 D TrackingService: getSocket: com.oculus.vrshell
12-28 23:34:44.113  2728  3090 I InputDevice_TrackedRemote: OSSDKTRACKING shutting down Haptics
12-28 23:34:44.114  2728  3090 I InputDevice_TrackedRemote: OSSDKTRACKING shutting down Haptics
12-28 23:34:44.114  2728  3090 I InputDevice_TrackedRemote: OSSDKTRACKING shutting down Haptics
12-28 23:34:44.114  2728  3090 I InputDevice_TrackedRemote: OSSDKTRACKING shutting down Haptics
12-28 23:34:44.114  2728  3090 I OSHandDataQuerier: OSSDKTRACKING shutting down HandsTracker
12-28 23:34:44.114  2728  3090 I OSHandDataQuerier: OSSDKTRACKING shutting down HandsTracker
12-28 23:34:44.114  2728  3090 D OsSdk   : TrackingServiceConnection dtor
12-28 23:34:44.115   933  1080 I TrackingService: Unregistering client by ITrackingService.unregisterClient
12-28 23:34:44.115   933  1080 I TrackingService: Failed to unregister client because client not found in registered list
12-28 23:34:44.115   933  1080 I TrackingService: Unregistering client by ITrackingService.unregisterClient
12-28 23:34:44.115   933  1080 I TrackingService: Failed to unregister client because client not found in registered list
12-28 23:34:44.115   933  1080 I TrackingService: Unregistering client by ITrackingService.unregisterClient
12-28 23:34:44.115   933  1080 I TrackingService: Failed to unregister client because client not found in registered list
12-28 23:34:44.115   933  1080 I TrackingService: Unregistering client by ITrackingService.unregisterClient
12-28 23:34:44.115   933  1080 I TrackingService: Unregistering client by ITrackingService.unregisterClient
12-28 23:34:44.115   933  1080 I TrackingService: Failed to unregister client because client not found in registered list
12-28 23:34:44.115   933  1080 I TrackingService: Failed to unregister client because client not found in registered list
12-28 23:34:44.115   933  1080 I TrackingService: Failed to unregister client because client not found in registered list
12-28 23:34:44.115   933  1080 I TrackingService: Failed to unregister client because client not found in registered list
12-28 23:34:44.115   933  1080 I TrackingService: Failed to unregister client because client not found in registered list
12-28 23:34:44.115   933  1080 I TrackingService: Failed to unregister client because client not found in registered list
12-28 23:34:44.115   933  1080 I TrackingService: Failed to unregister client because client not found in registered list
12-28 23:34:44.115   933  1080 I TrackingService: Unregistering client by ITrackingService.unregisterClient
12-28 23:34:44.115   933  1080 I TrackingService: Failed to unregister client because client not found in registered list
12-28 23:34:44.115   933  1080 I TrackingService: Unregistering client by ITrackingService.unregisterClient
12-28 23:34:44.115   933  1080 I TrackingService: Failed to unregister client because client not found in registered list
12-28 23:34:44.115   933  1080 D TrackingService: unregister: com.oculus.vrshell
12-28 23:34:44.115  2728  3090 D OsSdk   : TrackingServiceConnection unregistered
12-28 23:34:44.116  2728   980 I ClientInputThread_Internal: InputThreadRun ShutdownRequest received
12-28 23:34:44.116  2728  3090 I ClientInputTrackedKeyboardManager: TRACKEDKEYBOARD ClearTrackedObjectManager called on client
12-28 23:34:44.116  2728  3090 W REFLECT [RUNTIMEIPC]: Most likely you forgot to call Shutdown before destroying your client. Calling Shutdown now...
12-28 23:34:44.116  2728  3090 I RuntimeIPCClient [RUNTIMEIPC]: Shutdown: 4, Client: com.oculus.vrshell:com.oculus.vrshell:Overlay:2728, Server: com.oculus.vrshell:com.oculus.vrshell:Overlay (ptkserviceserver)
12-28 23:34:44.116  2728  3090 I RuntimeIPCClient [RUNTIMEIPC]: ReleaseRef: Remaining refs: 3, Client: com.oculus.vrshell:com.oculus.vrshell:Overlay:2728, Server: com.oculus.vrshell:com.oculus.vrshell:Overlay (ptkserviceserver)
12-28 23:34:44.116  2784  3189 I VrRuntimeService: RuntimeServiceSDKServer::EnableRendering: 0x0, 0, com.oculus.vrshell:Overlay
12-28 23:34:44.116  2784  3189 I ClientMgr: ClientMgr::EnableRendering 2728:com.oculus.vrshell : type 1 comp-id 3: disable
12-28 23:34:44.116  2784  3189 I VrRuntimeServer: DisableCompositorClient: 3
12-28 23:34:44.116  2784  3189 I CompositorClientMgr: Disable client 3
12-28 23:34:44.116  2784  3189 I CompositorClient: DisableClient: frame flush required: 1
12-28 23:34:44.121  2784  3189 I UnifiedTelemetryWrapper: Stopped UT session render:com.oculus.vrshell:Overlay
12-28 23:34:44.122  2728  1006 I FenceChecker: FenceChecker::MainLoop - ended
12-28 23:34:44.122  2728  3090 I VrRuntimeClient: PhaseSync Instance deleted
12-28 23:34:44.122  2728  3090 I OpenXR  : PostSessionStateChange: XR_SESSION_STATE_STOPPING -> XR_SESSION_STATE_IDLE
12-28 23:34:44.122  2728  3090 I Deque   : AddEventToQueue called. eventInfo.type: 18, eventInfo.next: 1
12-28 23:34:44.122  2728  3090 I OpenXR  : ------------ xrEndSession [end] -----------
12-28 23:34:44.122  2728  3090 I [OAO] VrPlatformOpenXr: EndSession xrEndSession passed
12-28 23:34:44.122  2728  3090 I [OAO] VrPlatformOpenXr: xrPollEvent: received XR_TYPE_EVENT_DATA_SESSION_STATE_CHANGED: 1 for session 0x200000000000002 at time 33358.676593
12-28 23:34:44.122  2728  3090 I [OAO] VrPlatformOpenXr: Session state changed XR_SESSION_STATE_IDLE
12-28 23:34:44.122  2728  3090 I OpenXR  : PostSessionStateChange: XR_SESSION_STATE_IDLE -> XR_SESSION_STATE_READY
12-28 23:34:44.122  2728  3090 I Deque   : AddEventToQueue called. eventInfo.type: 18, eventInfo.next: 1
12-28 23:34:44.122  2728  3090 I [OAO] VrPlatformOpenXr: xrPollEvent: received XR_TYPE_EVENT_DATA_SESSION_STATE_CHANGED: 2 for session 0x200000000000002 at time 33358.676782
12-28 23:34:44.122  2728  3090 I [OAO] VrPlatformOpenXr: Session state changed XR_SESSION_STATE_READY
12-28 23:34:44.129  2784  3058 I VrRuntimeServer: UpdateCompositorClientApertureMask client(5)
12-28 23:34:44.129  2784  3058 I VrRuntimeServer: UpdateCompositorClientLayerPlacement client(5): layer placement(129)
12-28 23:34:44.129  2784  3058 I VrRuntimeServer: UpdateCompositorClientApertureMask client(4)
12-28 23:34:44.129  2784  3058 I VrRuntimeServer: UpdateCompositorClientLayerPlacement client(4): layer placement(4294967293)
12-28 23:34:44.132  2728  3090 I [OAO] VrPlatformOpenXr: EndSession passed message polling. count:1  count<maxRetryCount:1  sessionState:2
12-28 23:34:44.132  2728  3090 I [OAO] VrPlatformOpenXr: EndSession end
12-28 23:34:44.138  3629  3907 D BufferPoolAccessor2.0: evictor expired: 1, evicted: 0
12-28 23:34:44.143  2728  3090 I [OAO] AudioMixer: Disabling AudioPlayer.
12-28 23:34:44.169 30432 30560 E OsSdk   : error getting shared memory region, memory type: AnchorTracker, failed with Status(-1, EX_SECURITY): 'request throttled'
12-28 23:34:44.172   933  1364 I Tracking: VIPER:DEEP_DESCRIPTOR: Computing Deep Descriptors using gravity orientation.
12-28 23:34:44.250  3080  3128 W [CT]    : Anchor:SlamAnchorMemoryOSSDKClient: [Throttled count=597] Skipping invalid anchorHandle when attempting to cache AnchorStates
12-28 23:34:44.334  3080  3128 I StateMachine: StateMachine::HandleEvent ForceShow: stopForceShow -> ForceShowOff
12-28 23:34:44.348  2784  3127 I VrRuntimeService: RuntimeServiceSDKServer::SetGuardianSystemState: 2332255418
12-28 23:34:44.348  3080  3128 I GuardianSystem: GuardianSDKServerStateSnapshot::Sync: Flags changed: 1581056, 1572864, SYSTEM_GUARDIAN_VISIBLE,SYSTEM_GUARDIAN_VALID,SYSTEM_PLAYSPACE_SCAN_WARNING to SYSTEM_GUARDIAN_VALID,SYSTEM_PLAYSPACE_SCAN_WARNING
12-28 23:34:44.396   933  1080 W TrackingService: attachClient: found client in attached list
12-28 23:34:44.397 30432 30560 E OsSdk   : error getting shared memory region, memory type: AnchorTracker, failed with Status(-1, EX_SECURITY): 'requested shared memory region when not registered/focused'
12-28 23:34:44.397 30432 30560 W MRSTREAM: SlamAnchorMemoryRuntimeIpcServer: [Throttled count=4] getAnchorStates failed
12-28 23:34:44.397 30432 30560 W MRSTREAM: SlamAnchorMemoryRuntimeIpcServerThread: [Throttled count=4] AnchorStates update failure.
12-28 23:34:44.493  2784   738 I CompositorUtil: SetSchedFifo( tid=3128, pol=2, pri=0 ) succeeded
12-28 23:34:44.493  2784   738 I CompositorUtil: SetSchedFifo( tid=3621, pol=2, pri=0 ) succeeded
12-28 23:34:44.493  2784   738 I CompositorUtil: SetSchedFifo( tid=3820, pol=2, pri=0 ) succeeded
12-28 23:34:44.514   933   673 W Tracking: TIMESTAMPCHECKER: Nominal rate wrong. Estimated data rate: 25, Nominal is 30
12-28 23:34:44.565   933  1080 W TrackingService: attachClient: found client in attached list
12-28 23:34:44.567 30432 30560 E OsSdk   : error getting shared memory region, memory type: HeadTracker, failed with Status(-1, EX_SECURITY): 'requested shared memory region when not registered/focused'
12-28 23:34:44.567 30432 30560 W MRSTREAM: SlamAnchorMemoryRuntimeIpcServerThread: [Throttled count=25] RigidBodyStates update failure.
12-28 23:34:44.604  2044  2900 I OvrMqtt : Mosquitto MQTT client state change: CONNECTING
12-28 23:34:44.606   933  1080 W TrackingService: attachClient: found client in attached list
12-28 23:34:44.607 30432 30560 E OsSdk   : error getting shared memory region, memory type: HeadTracker, failed with Status(-1, EX_SECURITY): 'requested shared memory region when not registered/focused'
12-28 23:34:44.638 30432 30560 E OsSdk   : error getting shared memory region, memory type: HeadTracker, failed with Status(-1, EX_SECURITY): 'request throttled'
12-28 23:34:44.638   933  1080 W TrackingService: attachClient: found client in attached list
12-28 23:34:44.639 30432 30560 E OsSdk   : error getting shared memory region, memory type: AnchorTracker, failed with Status(-1, EX_SECURITY): 'requested shared memory region when not registered/focused'
12-28 23:34:44.672 30432 30560 E OsSdk   : error getting shared memory region, memory type: HeadTracker, failed with Status(-1, EX_SECURITY): 'request throttled'
12-28 23:34:44.717 30432 30560 E OsSdk   : error getting shared memory region, memory type: HeadTracker, failed with Status(-1, EX_SECURITY): 'request throttled'
12-28 23:34:44.757 30432 30560 E OsSdk   : error getting shared memory region, memory type: HeadTracker, failed with Status(-1, EX_SECURITY): 'request throttled'
12-28 23:34:44.769 30432 30560 E OsSdk   : error getting shared memory region, memory type: HeadTracker, failed with Status(-1, EX_SECURITY): 'request throttled'
12-28 23:34:44.812 30432 30560 E OsSdk   : error getting shared memory region, memory type: HeadTracker, failed with Status(-1, EX_SECURITY): 'request throttled'
12-28 23:34:44.854 30432 30560 E OsSdk   : error getting shared memory region, memory type: HeadTracker, failed with Status(-1, EX_SECURITY): 'request throttled'
12-28 23:34:44.854 30432 30560 E OsSdk   : error getting shared memory region, memory type: AnchorTracker, failed with Status(-1, EX_SECURITY): 'request throttled'
12-28 23:34:44.896  2510  2835 W ForegroundAppHandler: App change event for (ForegroundAppChangeEvent(packageName=, timestamp=1703788479891, attempts=3)) has hit maximum retries! Discarding message!
12-28 23:34:44.897 30432 30560 E OsSdk   : error getting shared memory region, memory type: HeadTracker, failed with Status(-1, EX_SECURITY): 'request throttled'
12-28 23:34:44.932  1155  1262 W InputDispatcher: Window 3548564 com.epicgames.AtomVR/com.epicgames.unreal.GameActivity (server) is unresponsive: 3548564 com.epicgames.AtomVR/com.epicgames.unreal.GameActivity (server) is not responding. Waited 5000ms for FocusEvent(hasFocus=true)
12-28 23:34:44.933  1155  1262 W InputDispatcher: Canceling events for 3548564 com.epicgames.AtomVR/com.epicgames.unreal.GameActivity (server) because it is unresponsive
12-28 23:34:44.933  1155  1262 I WindowManager: ANR in Window{3548564 u0 com.epicgames.AtomVR/com.epicgames.unreal.GameActivity}. Reason:3548564 com.epicgames.AtomVR/com.epicgames.unreal.GameActivity (server) is not responding. Waited 5000ms for FocusEvent(hasFocus=true)
12-28 23:34:44.933  3080  3128 I SpatialAnchorPipeline: Guardian needs anchor search = 0, 1 && (1, 0, 0)
12-28 23:34:44.939  2510  2835 W ForegroundAppHandler: App change event for (ForegroundAppChangeEvent(packageName=, timestamp=1703788479936, attempts=3)) has hit maximum retries! Discarding message!
12-28 23:34:44.940  2510  2835 W ForegroundAppHandler: App change event for (ForegroundAppChangeEvent(packageName=, timestamp=1703788479936, attempts=3)) has hit maximum retries! Discarding message!
12-28 23:34:44.987  1155  1251 I ActivityManager: dumpStackTraces pids={1516=true, 1609=true, 2035=true, 2044=true, 2051=true, 2078=true, 2133=true, 2158=true, 2187=true, 2216=true, 2252=true, 2318=true, 2357=true, 2510=true, 2728=true, 2784=true, 2853=true, 3080=true, 3185=true, 3245=true, 3282=true, 3629=true, 3649=true, 3885=true, 4643=true, 4822=true, 5056=true, 19531=true, 22609=true, 24250=true, 24279=true, 24328=true, 24368=true, 26375=true, 27193=true, 27471=true, 27945=true, 28660=true, 29847=true, 30013=true, 30432=true, 30476=true} nativepids=[580, 609, 774, 775, 811, 857, 875, 889, 894, 917, 924, 1516]
12-28 23:34:45.086 30432 30560 E OsSdk   : error getting shared memory region, memory type: AnchorTracker, failed with Status(-1, EX_SECURITY): 'request throttled'
12-28 23:34:45.142  3080  3366 I [CT]    : SlamAnchorRebaseHandler: Kicked off bulk re-registration of 1 slam anchors.
12-28 23:34:45.183  1155  1169 W System  : A resource failed to call release. 
12-28 23:34:45.184  1155  1169 W System  : A resource failed to call release. 
12-28 23:34:45.282  3080  3128 W [CT]    : Anchor:SlamAnchorMemoryOSSDKClient: [Throttled count=367] Skipping invalid anchorHandle when attempting to cache AnchorStates
12-28 23:34:45.286 30432 30560 E OsSdk   : error getting shared memory region, memory type: AnchorTracker, failed with Status(-1, EX_SECURITY): 'request throttled'
12-28 23:34:45.366   933  1362 I Tracking: VEGA_MAPPER:SubmapTrackingValidator: Pausing map building until validation is complete. 24.44 seconds remaining
12-28 23:34:45.377   933  1364 I Tracking: VIPER:DEEP_DESCRIPTOR: Computing Deep Descriptors using gravity orientation.
12-28 23:34:45.415   928  1119 I MRSS    : BOLTDEPTH: BoltDepthSystem: onPause: starting asynchronous core deactivation. Active client ids: 'NONE'
12-28 23:34:45.415   928  1119 I MRSS    : MIXEDREALITY: DepthComputeCapability: onStop.
12-28 23:34:45.415   928  1271 I MRSS    : BOLTDEPTH: BoltDepthSystemCoreImpl: Core deactivated
12-28 23:34:45.448  1155  1251 I ActivityManager: Skipping next CPU consuming process, not a java proc: 1155
12-28 23:34:45.448  1155  1251 I ActivityManager: Skipping next CPU consuming process, not a java proc: 933
12-28 23:34:45.448  1155  1251 I ActivityManager: Skipping next CPU consuming process, not a java proc: 857
12-28 23:34:45.448  1155  1251 I ActivityManager: Skipping next CPU consuming process, not a java proc: 799
12-28 23:34:45.448  1155  1251 I ActivityManager: Skipping next CPU consuming process, not a java proc: 856
12-28 23:34:45.448  1155  1251 I ActivityManager: Skipping next CPU consuming process, not a java proc: 988
12-28 23:34:45.448  1155  1251 I ActivityManager: Skipping next CPU consuming process, not a java proc: 281
12-28 23:34:45.448  1155  1251 I ActivityManager: Skipping next CPU consuming process, not a java proc: 406
12-28 23:34:45.448  1155  1251 I ActivityManager: Skipping next CPU consuming process, not a java proc: 408
12-28 23:34:45.448  1155  1251 I ActivityManager: Skipping next CPU consuming process, not a java proc: 791
12-28 23:34:45.448  1155  1251 I ActivityManager: Skipping next CPU consuming process, not a java proc: 1691
12-28 23:34:45.448  1155  1251 I ActivityManager: Skipping next CPU consuming process, not a java proc: 27534
12-28 23:34:45.449  1155  1251 I ActivityManager: Skipping next CPU consuming process, not a java proc: 30332
12-28 23:34:45.449  1155  1251 I ActivityManager: Dumping to /data/anr/anr_2023-12-28-23-34-45-449
12-28 23:34:45.449  1155  1251 I ActivityManager: Collecting stacks for pid 32514
12-28 23:34:45.450  1155  1251 I system_server: libdebuggerd_client: started dumping process 32514
12-28 23:34:45.451   728   728 I tombstoned: registered intercept for pid 32514 and type kDebuggerdJavaBacktrace
12-28 23:34:45.451 32514 32523 I picgames.AtomV: Thread[5,tid=32523,WaitingInMainSignalCatcherLoop,Thread*=0x6f05113800,peer=0x131c06d8,"Signal Catcher"]: reacting to signal 3
12-28 23:34:45.451 32514 32523 I picgames.AtomV: 
12-28 23:34:45.468  3080  3318 I RuntimeIPCClient [RUNTIMEIPC]: Shutdown: 1, Client: com.oculus.guardian:com.oculus.vrguardianservice:3080, Server: com.facebook.spatial_persistence_service:com.facebook.spatial_persistence_service (anchor_persistence_server)
12-28 23:34:45.468  3080  3318 I RuntimeIPCClient [RUNTIMEIPC]: ReleaseRef: Remaining refs: 0, Client: com.oculus.guardian:com.oculus.vrguardianservice:3080, Server: com.facebook.spatial_persistence_service:com.facebook.spatial_persistence_service (anchor_persistence_server)
12-28 23:34:45.469  3080  3318 I RuntimeIPCClient [RUNTIMEIPC]: DisconnectFromServer: 0, Client: com.oculus.guardian:com.oculus.vrguardianservice:3080, Server: com.facebook.spatial_persistence_service:com.facebook.spatial_persistence_service (anchor_persistence_server)
12-28 23:34:45.469  2853  3943 I RPCServer [RUNTIMEIPC]: HandleClientDisconnect: Client: com.oculus.guardian:com.oculus.vrguardianservice:3080:, Server: com.facebook.spatial_persistence_service:com.facebook.spatial_persistence_service (anchor_persistence_server)
12-28 23:34:45.479   933  1080 W TrackingService: attachClient: found client in attached list
12-28 23:34:45.480 30432 30560 E OsSdk   : error getting shared memory region, memory type: AnchorTracker, failed with Status(-1, EX_SECURITY): 'requested shared memory region when not registered/focused'
12-28 23:34:45.480 30432 30560 W MRSTREAM: SlamAnchorMemoryRuntimeIpcServer: [Throttled count=4] getAnchorStates failed
12-28 23:34:45.480 30432 30560 W MRSTREAM: SlamAnchorMemoryRuntimeIpcServerThread: [Throttled count=4] AnchorStates update failure.
12-28 23:34:45.583   933  1080 W TrackingService: attachClient: found client in attached list
12-28 23:34:45.584 30432 30560 E OsSdk   : error getting shared memory region, memory type: HeadTracker, failed with Status(-1, EX_SECURITY): 'requested shared memory region when not registered/focused'
12-28 23:34:45.584 30432 30560 W MRSTREAM: SlamAnchorMemoryRuntimeIpcServerThread: [Throttled count=28] RigidBodyStates update failure.
12-28 23:34:45.614   933  1080 W TrackingService: attachClient: found client in attached list
12-28 23:34:45.616 30432 30560 E OsSdk   : error getting shared memory region, memory type: HeadTracker, failed with Status(-1, EX_SECURITY): 'requested shared memory region when not registered/focused'
12-28 23:34:45.643  2728  3090 W [OAO] AudioMixer: Exiting from long playing sound. Couldn't shutdown properly.
12-28 23:34:45.643  2728  3090 I [OAO] AudioEngine: virtual void AudioLibrary::AudioEngine::DisablePlayer()
12-28 23:34:45.643  2728  3090 I [OAO] AudioEngine: Setting ShuttingDown.
12-28 23:34:45.659 30432 30560 E OsSdk   : error getting shared memory region, memory type: HeadTracker, failed with Status(-1, EX_SECURITY): 'request throttled'
12-28 23:34:45.702 30432 30560 E OsSdk   : error getting shared memory region, memory type: HeadTracker, failed with Status(-1, EX_SECURITY): 'request throttled'
12-28 23:34:45.702   933  1080 W TrackingService: attachClient: found client in attached list
12-28 23:34:45.703 30432 30560 E OsSdk   : error getting shared memory region, memory type: AnchorTracker, failed with Status(-1, EX_SECURITY): 'requested shared memory region when not registered/focused'
12-28 23:34:45.736 30432 30560 E OsSdk   : error getting shared memory region, memory type: HeadTracker, failed with Status(-1, EX_SECURITY): 'request throttled'
12-28 23:34:45.770 30432 30560 E OsSdk   : error getting shared memory region, memory type: HeadTracker, failed with Status(-1, EX_SECURITY): 'request throttled'
12-28 23:34:45.795 30432 30560 E OsSdk   : error getting shared memory region, memory type: HeadTracker, failed with Status(-1, EX_SECURITY): 'request throttled'
12-28 23:34:45.836 30432 30560 E OsSdk   : error getting shared memory region, memory type: HeadTracker, failed with Status(-1, EX_SECURITY): 'request throttled'
12-28 23:34:45.855 19531 19531 D CheckShortcode: Checking if shortcode has been redeemed...
12-28 23:34:45.881 30432 30560 E OsSdk   : error getting shared memory region, memory type: HeadTracker, failed with Status(-1, EX_SECURITY): 'request throttled'
12-28 23:34:45.909 30432 30560 E OsSdk   : error getting shared memory region, memory type: HeadTracker, failed with Status(-1, EX_SECURITY): 'request throttled'
12-28 23:34:45.910 30432 30560 E OsSdk   : error getting shared memory region, memory type: AnchorTracker, failed with Status(-1, EX_SECURITY): 'request throttled'
12-28 23:34:45.979  3080  3128 I SpatialAnchorPipeline: Guardian needs anchor search = 0, 1 && (1, 0, 0)
12-28 23:34:46.096 30432 30560 E OsSdk   : error getting shared memory region, memory type: AnchorTracker, failed with Status(-1, EX_SECURITY): 'request throttled'
12-28 23:34:46.187   933 30059 I Tracking: BOLT:HexagonTelemetry: Global DSP utilization: 4.76% (237 / 5002 ms), Scalar Util: 90.44%, HVX Util: 43.32%, HMX Util: 0.00%.
12-28 23:34:46.328  3080  3128 W [CT]    : Anchor:SlamAnchorMemoryOSSDKClient: [Throttled count=344] Skipping invalid anchorHandle when attempting to cache AnchorStates
12-28 23:34:46.346 30432 30560 E OsSdk   : error getting shared memory region, memory type: AnchorTracker, failed with Status(-1, EX_SECURITY): 'request throttled'
12-28 23:34:46.514   933   673 W Tracking: TIMESTAMPCHECKER: Nominal rate wrong. Estimated data rate: 25, Nominal is 30
12-28 23:34:46.573   933  1364 I Tracking: VIPER:DEEP_DESCRIPTOR: Computing Deep Descriptors using gravity orientation.
12-28 23:34:46.579   933  1080 W TrackingService: attachClient: found client in attached list
12-28 23:34:46.581 30432 30560 E OsSdk   : error getting shared memory region, memory type: AnchorTracker, failed with Status(-1, EX_SECURITY): 'requested shared memory region when not registered/focused'
12-28 23:34:46.581 30432 30560 W MRSTREAM: SlamAnchorMemoryRuntimeIpcServer: [Throttled count=4] getAnchorStates failed
12-28 23:34:46.581 30432 30560 W MRSTREAM: SlamAnchorMemoryRuntimeIpcServerThread: [Throttled count=4] AnchorStates update failure.
12-28 23:34:46.622   933  1080 W TrackingService: attachClient: found client in attached list
12-28 23:34:46.622 30432 30560 E OsSdk   : error getting shared memory region, memory type: HeadTracker, failed with Status(-1, EX_SECURITY): 'requested shared memory region when not registered/focused'
12-28 23:34:46.622 30432 30560 W MRSTREAM: SlamAnchorMemoryRuntimeIpcServerThread: [Throttled count=27] RigidBodyStates update failure.
12-28 23:34:46.636   933  1080 W TrackingService: attachClient: found client in attached list
12-28 23:34:46.638 30432 30560 E OsSdk   : error getting shared memory region, memory type: HeadTracker, failed with Status(-1, EX_SECURITY): 'requested shared memory region when not registered/focused'
12-28 23:34:46.681 30432 30560 E OsSdk   : error getting shared memory region, memory type: HeadTracker, failed with Status(-1, EX_SECURITY): 'request throttled'
12-28 23:34:46.724 30432 30560 E OsSdk   : error getting shared memory region, memory type: HeadTracker, failed with Status(-1, EX_SECURITY): 'request throttled'
12-28 23:34:46.757 30432 30560 E OsSdk   : error getting shared memory region, memory type: HeadTracker, failed with Status(-1, EX_SECURITY): 'request throttled'
12-28 23:34:46.797 30432 30560 E OsSdk   : error getting shared memory region, memory type: HeadTracker, failed with Status(-1, EX_SECURITY): 'request throttled'
12-28 23:34:46.797   933  1080 W TrackingService: attachClient: found client in attached list
12-28 23:34:46.798 30432 30560 E OsSdk   : error getting shared memory region, memory type: AnchorTracker, failed with Status(-1, EX_SECURITY): 'requested shared memory region when not registered/focused'
12-28 23:34:46.829   799 30051 E SyncBossHAL: [error  ] syncboss_hal_jedi.c(101): Failed to send telemetry event for module jedi with error -22
12-28 23:34:46.840 30432 30560 E OsSdk   : error getting shared memory region, memory type: HeadTracker, failed with Status(-1, EX_SECURITY): 'request throttled'
12-28 23:34:46.881 30432 30560 E OsSdk   : error getting shared memory region, memory type: HeadTracker, failed with Status(-1, EX_SECURITY): 'request throttled'
12-28 23:34:46.926 30432 30560 E OsSdk   : error getting shared memory region, memory type: HeadTracker, failed with Status(-1, EX_SECURITY): 'request throttled'
12-28 23:34:46.966 30432 30560 E OsSdk   : error getting shared memory region, memory type: HeadTracker, failed with Status(-1, EX_SECURITY): 'request throttled'
12-28 23:34:46.958     0     0 W healthd : battery l=100 v=4341 t=29.5 h=2 st=4 c=-333495 fc=3749000 cc=3 chg=u
12-28 23:34:47.020 30432 30560 E OsSdk   : error getting shared memory region, memory type: AnchorTracker, failed with Status(-1, EX_SECURITY): 'request throttled'
12-28 23:34:47.027  3080  3128 I SpatialAnchorPipeline: Guardian needs anchor search = 0, 1 && (1, 0, 0)
12-28 23:34:47.143  2728  3090 W [OAO] AudioEngine: Couldn't disable audio player after waiting for 1500 milliseconds.Proceeding with shutdown.
12-28 23:34:47.143  2728  3090 I [OAO] AudioEngine: Stopping player
12-28 23:34:47.145  2728  3090 I [OAO] ShellAppBase: Start sleep timeout. Now:33361.699486, Timeout:33363.699486
12-28 23:34:47.283 30432 30560 E OsSdk   : error getting shared memory region, memory type: AnchorTracker, failed with Status(-1, EX_SECURITY): 'request throttled'
12-28 23:34:47.376  3080  3128 W [CT]    : Anchor:SlamAnchorMemoryOSSDKClient: [Throttled count=344] Skipping invalid anchorHandle when attempting to cache AnchorStates
12-28 23:34:47.493 30432 30560 E OsSdk   : error getting shared memory region, memory type: AnchorTracker, failed with Status(-1, EX_SECURITY): 'request throttled'
12-28 23:34:47.651   933  1080 W TrackingService: attachClient: found client in attached list
12-28 23:34:47.652 30432 30560 E OsSdk   : error getting shared memory region, memory type: HeadTracker, failed with Status(-1, EX_SECURITY): 'requested shared memory region when not registered/focused'
12-28 23:34:47.652 30432 30560 W MRSTREAM: SlamAnchorMemoryRuntimeIpcServerThread: [Throttled count=26] RigidBodyStates update failure.
12-28 23:34:47.665   933  1080 W TrackingService: attachClient: found client in attached list
12-28 23:34:47.666 30432 30560 E OsSdk   : error getting shared memory region, memory type: HeadTracker, failed with Status(-1, EX_SECURITY): 'requested shared memory region when not registered/focused'
12-28 23:34:47.708 30432 30560 E OsSdk   : error getting shared memory region, memory type: HeadTracker, failed with Status(-1, EX_SECURITY): 'request throttled'
12-28 23:34:47.709   933  1080 W TrackingService: attachClient: found client in attached list
12-28 23:34:47.709 30432 30560 E OsSdk   : error getting shared memory region, memory type: AnchorTracker, failed with Status(-1, EX_SECURITY): 'requested shared memory region when not registered/focused'
12-28 23:34:47.709 30432 30560 W MRSTREAM: SlamAnchorMemoryRuntimeIpcServer: [Throttled count=4] getAnchorStates failed
12-28 23:34:47.709 30432 30560 W MRSTREAM: SlamAnchorMemoryRuntimeIpcServerThread: [Throttled count=4] AnchorStates update failure.
12-28 23:34:47.750 30432 30560 E OsSdk   : error getting shared memory region, memory type: HeadTracker, failed with Status(-1, EX_SECURITY): 'request throttled'
12-28 23:34:47.766   933  1362 I Tracking: VEGA_MAPPER:SubmapTrackingValidator: Pausing map building until validation is complete. 22.04 seconds remaining
12-28 23:34:47.773   933  1364 I Tracking: VIPER:DEEP_DESCRIPTOR: Computing Deep Descriptors using gravity orientation.
12-28 23:34:47.795 30432 30560 E OsSdk   : error getting shared memory region, memory type: HeadTracker, failed with Status(-1, EX_SECURITY): 'request throttled'
12-28 23:34:47.820 30432 30560 E OsSdk   : error getting shared memory region, memory type: HeadTracker, failed with Status(-1, EX_SECURITY): 'request throttled'
12-28 23:34:47.849 30432 30560 E OsSdk   : error getting shared memory region, memory type: HeadTracker, failed with Status(-1, EX_SECURITY): 'request throttled'
12-28 23:34:47.889 30432 30560 E OsSdk   : error getting shared memory region, memory type: HeadTracker, failed with Status(-1, EX_SECURITY): 'request throttled'
12-28 23:34:47.935 30432 30560 E OsSdk   : error getting shared memory region, memory type: HeadTracker, failed with Status(-1, EX_SECURITY): 'request throttled'
12-28 23:34:47.935   933   933 W TrackingService: attachClient: found client in attached list
12-28 23:34:47.936 30432 30560 E OsSdk   : error getting shared memory region, memory type: AnchorTracker, failed with Status(-1, EX_SECURITY): 'requested shared memory region when not registered/focused'
12-28 23:34:47.979 30432 30560 E OsSdk   : error getting shared memory region, memory type: HeadTracker, failed with Status(-1, EX_SECURITY): 'request throttled'
12-28 23:34:48.026   799 30051 E SyncBossHAL: [error  ] syncboss_hal_jedi.c(101): Failed to send telemetry event for module jedi with error -22
12-28 23:34:48.075  3080  3128 I SpatialAnchorPipeline: Guardian needs anchor search = 0, 1 && (1, 0, 0)
12-28 23:34:48.160 30432 30560 E OsSdk   : error getting shared memory region, memory type: AnchorTracker, failed with Status(-1, EX_SECURITY): 'request throttled'
12-28 23:34:48.382 30432 30560 E OsSdk   : error getting shared memory region, memory type: AnchorTracker, failed with Status(-1, EX_SECURITY): 'request throttled'
12-28 23:34:48.424  3080  3128 W [CT]    : Anchor:SlamAnchorMemoryOSSDKClient: [Throttled count=344] Skipping invalid anchorHandle when attempting to cache AnchorStates
12-28 23:34:48.452   933   679 I Tracking: CONSTELLATION:VISION_STATUS: d3d05f47e2487092 (R): BlobDetection:[#BlobsDetected=(28.14, 9.52)]Matching:[MatchSuccess=0.804, MatchCost=(0.00175, 0.00000), #MatchedBlobs=(7.85, 15.15), #MatchedLeds=(4.63, 5.56), RematchM=0.028, SkipRefine=0.000] MatchMethod:[Prox=0.768, ConstBrute=0.048, UnconstBrute=0.000] MatchResets[AnomBlobSize=0.004, SharedMatch=0.008, DenseReacq=0.000] | Fusion:[FusionError=0.000, ImuFromCamMs=(11.491, 41.941), RematchF=0.008] FusionUpdates:[Successful=0.020, Reliable=0.012, TightFusion=0.004, FullPose=0.008, StaticPrior=0.780, StaticForHandTrans=0.876, PoseUpdateMD=(89.0559, 15333.2051)] FusionResets[6DoFReset=0.160, ResetSuccess=0.008] FusionStatus[HasPosition=0.848, HasVelocity=0.836] 
12-28 23:34:48.453   933   679 I Tracking: CONSTELLATION:VISION_STATUS: 9d17e7ce194bc1ec (L): BlobDetection:[#BlobsDetected=(28.14, 9.52)]Matching:[MatchSuccess=0.788, MatchCost=(0.00174, 0.00000), #MatchedBlobs=(8.40, 19.28), #MatchedLeds=(4.59, 5.71), RematchM=0.012, SkipRefine=0.008] MatchMethod:[Prox=0.764, ConstBrute=0.028, UnconstBrute=0.000] MatchResets[AnomBlobSize=0.004, SharedMatch=0.000, DenseReacq=0.000] | Fusion:[FusionError=0.000, ImuFromCamMs=(11.375, 41.678), RematchF=0.008] FusionUpdates:[Successful=0.008, Reliable=0.000, TightFusion=0.000, FullPose=0.000, StaticPrior=0.792, StaticForHandTrans=0.924, PoseUpdateMD=(0.0000, 0.0000)] FusionResets[6DoFReset=0.164, ResetSuccess=0.008] FusionStatus[HasPosition=0.844, HasVelocity=0.836] 
12-28 23:34:48.499 30432 30560 W MRSTREAM: SlamAnchorMemoryRuntimeIpcServer: [Throttled count=134] HeadTracker::getState called when tracking is not running.
12-28 23:34:48.514   933   673 W Tracking: TIMESTAMPCHECKER: Nominal rate wrong. Estimated data rate: 25, Nominal is 30
12-28 23:34:48.555   933 30056 I Tracking: boltlib: DSP utilization: 5.10 % (257 / 5040 ms)
12-28 23:34:48.593  2784  3058 E TREX    : Interface version 1 was not found. Check debug build for more information.
12-28 23:34:48.615 30432 30560 E OsSdk   : error getting shared memory region, memory type: AnchorTracker, failed with Status(-1, EX_SECURITY): 'request throttled'
12-28 23:34:48.619     0     0 W healthd : battery l=100 v=4338 t=29.5 h=2 st=4 c=-354492 fc=3749000 cc=3 chg=u
12-28 23:34:48.659   933   933 W TrackingService: attachClient: found client in attached list
12-28 23:34:48.660 30432 30560 E OsSdk   : error getting shared memory region, memory type: HeadTracker, failed with Status(-1, EX_SECURITY): 'requested shared memory region when not registered/focused'
12-28 23:34:48.661 30432 30560 W MRSTREAM: SlamAnchorMemoryRuntimeIpcServerThread: [Throttled count=26] RigidBodyStates update failure.
12-28 23:34:48.705   933   933 W TrackingService: attachClient: found client in attached list
12-28 23:34:48.706 30432 30560 E OsSdk   : error getting shared memory region, memory type: HeadTracker, failed with Status(-1, EX_SECURITY): 'requested shared memory region when not registered/focused'
12-28 23:34:48.731  2078  2567 E AnalyticsService: Unable to create output stream
12-28 23:34:48.731  2078  2567 E AnalyticsService: java.net.SocketTimeoutException: failed to connect to graph.facebook.com/94.230.128.233 (port 443) from /192.168.0.119 (port 43266) after 10000ms
12-28 23:34:48.731  2078  2567 E AnalyticsService: 	at libcore.io.IoBridge.connectErrno(IoBridge.java:236)
12-28 23:34:48.731  2078  2567 E AnalyticsService: 	at libcore.io.IoBridge.connect(IoBridge.java:180)
12-28 23:34:48.731  2078  2567 E AnalyticsService: 	at java.net.PlainSocketImpl.socketConnect(PlainSocketImpl.java:142)
12-28 23:34:48.731  2078  2567 E AnalyticsService: 	at java.net.AbstractPlainSocketImpl.doConnect(AbstractPlainSocketImpl.java:390)
