12-29 03:55:54.385 21879 30011 V [SUI] RawSettingsItem: editableFetcher is empty for id: bluetooth_device_details_name
12-29 03:55:54.385  3111  3210 I GuardianSystem: [GuardianSystem::CheckEnvironmentStatus] Environment Status changed: 97 to 33
12-29 03:55:54.385   973 29921 I Tracking: MatchOutlierRejection: Matches: 120, Stereo matches: 1, Inlier ratio: 0.28333333134651184
12-29 03:55:54.385  3111  3210 I GuardianSystem: [GuardianSystem::SetGuardianDialogAndDefinition] pendingDialogDefinition = -1
12-29 03:55:54.386 21879 30011 V [SUI] RawSettingsItem: valueFetcher is empty for id: environment_custom_background
12-29 03:55:54.386 21879 30011 V [SUI] RawSettingsItem: editableFetcher is empty for id: environment_custom_background
12-29 03:55:54.386 21879 30011 V [SUI] RawSettingsItem: visibilityFetcher is empty for id: personalization_virtual_environment_section
12-29 03:55:54.386 21879 30011 V [SUI] RawSettingsItem: valueFetcher is empty for id: personalization_virtual_environment_section
12-29 03:55:54.386 21879 30011 V [SUI] RawSettingsItem: editableFetcher is empty for id: personalization_virtual_environment_section
12-29 03:55:54.387 21879 30011 V [SUI] RawSettingsItem: editableFetcher is empty for id: wifi_refresh
12-29 03:55:54.387  2104  2104 I VRLifecycleManager: onReceive screen on
12-29 03:55:54.387  2104  2104 W VRLifecycleManager: onVRSessionStarted
12-29 03:55:54.387  2104  2104 I PlatformPluginManager: Setting headsetIsDocked: true
12-29 03:55:54.387 21879 30011 V [SUI] RawSettingsItem: visibilityFetcher is empty for id: about_terms_of_service
12-29 03:55:54.387 21879 30011 V [SUI] RawSettingsItem: valueFetcher is empty for id: about_terms_of_service
12-29 03:55:54.387 21879 30011 V [SUI] RawSettingsItem: editableFetcher is empty for id: about_terms_of_service
12-29 03:55:54.387 21879 30011 V [SUI] RawSettingsItem: valueFetcher is empty for id: mobility_steady_hands
12-29 03:55:54.387 21879 30011 V [SUI] RawSettingsItem: editableFetcher is empty for id: mobility_steady_hands
12-29 03:55:54.388 21879 30011 V [SUI] RawSettingsItem: valueFetcher is empty for id: accessibility_display_contrast
12-29 03:55:54.388 21879 30011 V [SUI] RawSettingsItem: editableFetcher is empty for id: accessibility_display_contrast
12-29 03:55:54.389   973 29921 W Tracking: VegaTracker: Returning without further processing frame. See previous logs for details.
12-29 03:55:54.393  2340  2340 D [SEO] ShellControlBroadcastReceiver: onReceive with VR Client native pointer 539364322176, action com.oculus.systemactivities.CAPTURE_STATE_UPDATE
12-29 03:55:54.393  3234 17231 E AnalyticsEvent: could not set key=selection_args value=null
12-29 03:55:54.394  2340  2340 D DeviceHelper: isScreenOn = true
12-29 03:55:54.394  2104  2581 E LoggingErrorHandler: Retrofit error, url: [https://graph.oculus.com/graphql?doc_id=5475470739195385&variables=%7B%22data%22%3A%7B%22is_primary_user%22%3Atrue%2C%22version_name%22%3A%2259.0.0.171.706%22%2C%22device_serial%22%3A%221WMHHA62F32441%22%2C%22client_mutation_id%22%3A%2220e14203-8759-4a67-8c54-488487fddbfd%22%7D%7D], kind: [NETWORK], status: [0 - ], headers: , body: []
12-29 03:55:54.394  2340  2340 D [SEO] ShellControlBroadcastReceiver: isLaunchAction = false, isTrustedAppLaunch = false
12-29 03:55:54.394 29429 29609 I OpenXR  : PGK Status: exp = 0, hor = false, dc = false
12-29 03:55:54.394  2340  2340 D [SEO] ShellControlBroadcastReceiver: IsCaptureStateUpdateAction
12-29 03:55:54.395  3111  3210 I GuardianSystem: [GuardianSystem::UpdateSystem] Responding to local space version number change.
12-29 03:55:54.395  2786  3208 I VrRuntimeService: RuntimeServiceSDKServer::SetGuardianSystemState: 3558094719
12-29 03:55:54.395  3234 17231 D CapabilitiesProvider: Capabilities Content Provider called content://com.oculus.identitymanagement.capabilities.contentprovider/account/activeuser/capabilities/com.oculus.capability.social.all, selection= null, selectionArgs=null, sortOrder= null
12-29 03:55:54.397  2104  2581 E AuthLogger: Action failed: PING_SESSION, callingPackage: com.oculus.horizon, accountType: null, tokenType: null, extras: {outcome=error}, duration: 66ms
12-29 03:55:54.397  2104  2581 E AuthLogger: Action failed: PING_SESSION, callingPackage: com.oculus.horizon, accountType: null, tokenType: null, extras: {outcome=error}, duration: 66ms
12-29 03:55:54.398  2715  2715 D DeviceHelper: isScreenOn = true
12-29 03:55:54.399  2715  2715 D [OAO] ShellOverlayBroadcastReceiver: onReceive with ShellOverlayService native pointer 538833309248, action com.oculus.systemactivities.CAPTURE_STATE_UPDATE
12-29 03:55:54.400  2104 30009 I AuthLogger: Action succeeded: OBTAIN_TOKEN, callingPackage: com.oculus.systemux, accountType: null, tokenType: null, extras: {is_relogin=false}, duration: 0ms
12-29 03:55:54.401 21879 21879 I [SUI] OVRAuthHelper: fetchAuthToken - completed, result: -1
12-29 03:55:54.401 21879 21879 D UserAppScopedAuthHelper: fetchUserInfo - completed
12-29 03:55:54.401 21879 21879 D UserAppScopedAuthHelper: fetchUserInfo - fetching app scoped access token
12-29 03:55:54.401  3111  3210 I GuardianSystem: GuardianSDKServerStateSnapshot::Sync: Flags changed: 1581056, 1589248, SYSTEM_GUARDIAN_VISIBLE,SYSTEM_GUARDIAN_VALID,SYSTEM_PLAYSPACE_SCAN_WARNING to SYSTEM_TRACKING_LOST,SYSTEM_GUARDIAN_VALID,SYSTEM_PLAYSPACE_SCAN_WARNING
12-29 03:55:54.403 21879 30035 E UserAppScopedAuthHelper: Error requesting app scoped access token
12-29 03:55:54.403 21879 30035 E UserAppScopedAuthHelper: Failed to log in
12-29 03:55:54.403 21879 21879 E [SUI] GraphQLExecutor: Exception thrown while getting OC access token
12-29 03:55:54.404 21879 29998 D CCodecBufferChannel: [c2.android.vorbis.decoder#49] MediaCodec discarded an unknown buffer
12-29 03:55:54.404 21879 29998 D CCodecBufferChannel: [c2.android.vorbis.decoder#49] MediaCodec discarded an unknown buffer
12-29 03:55:54.405 21879 30038 I hw-BpHwBinder: onLastStrongRef automatically unlinking death recipients
12-29 03:55:54.405 21879 29993 D MediaCodec: flushMediametrics
12-29 03:55:54.406 21879 29993 W mediametrics::Item: selfrecord: failed to record: {codec, (01-01 05:00:00.000), (, -1, -1), (android.media.mediacodec.channelCount=1, android.media.mediacodec.codec=c2.android.vorbis.decoder, android.media.mediacodec.encoder=0, android.media.mediacodec.latency.avg=6726, android.media.mediacodec.latency.max=27600, android.media.mediacodec.latency.min=1207, android.media.mediacodec.latency.n=47, android.media.mediacodec.latency.unknown=2, android.media.mediacodec.lifetimeMs=183, android.media.mediacodec.log-session-id=, android.media.mediacodec.low-latency.first-frame=-1, android.media.mediacodec.low-latency.off=0, android.media.mediacodec.low-latency.on=0, android.media.mediacodec.mime=audio/vorbis, android.media.mediacodec.mode=audio, android.media.mediacodec.sampleRate=48000)}
12-29 03:55:54.406  2104  2335 I FileCapture: broadcast capture state to AUI running = false, with mode -1
12-29 03:55:54.407   900  1923 W mediametrics::Item: selfrecord: failed to record: {extractor, (01-01 05:00:00.000), (, -1, 10037), (android.media.mediaextractor.entry=ndk-with-jvm, android.media.mediaextractor.fmt=OggExtractor, android.media.mediaextractor.mime=audio/ogg, android.media.mediaextractor.ntrk=1)}
12-29 03:55:54.408  3111  3757 I VrRuntimeClient: UpdateEvents: HMT was mounted
12-29 03:55:54.409  2786  3208 I VrRuntimeService: RuntimeServiceSDKServer::SetGuardianSystemState: 3558094719
12-29 03:55:54.412  3111  3210 I GuardianSystem: GuardianSDKServerStateSnapshot::Sync: Flags changed: 1589248, 1589252, SYSTEM_TRACKING_LOST,SYSTEM_GUARDIAN_VALID,SYSTEM_PLAYSPACE_SCAN_WARNING to SYSTEM_EXITED_BOUNDS,SYSTEM_TRACKING_LOST,SYSTEM_GUARDIAN_VALID,SYSTEM_PLAYSPACE_SCAN_WARNING
12-29 03:55:54.412  3111  3210 I GuardianSystem: GuardianSDKServerStateSnapshot::Sync: Flags2 changed: 1, 32, SYSTEM_2_DIRECTIONAL_PASSTHROUGH_ENABLED to SYSTEM_2_SHOULD_PUSH_BLACK
12-29 03:55:54.412  3111  3210 I Deque   : AddEventToQueue called. eventInfo.type: 1000075000, eventInfo.next: 1
12-29 03:55:54.413 21879 30011 I [SUI] ConsumerConfiguration: Setting SystemUX Configuration and Policy Settings.
12-29 03:55:54.413 21879 30011 V [SUI] RawSettingsItem: valueFetcher is empty for id: video_capture_image_stabilization
12-29 03:55:54.413 21879 30011 V [SUI] RawSettingsItem: editableFetcher is empty for id: video_capture_image_stabilization
12-29 03:55:54.413 21879 30011 V [SUI] RawSettingsItem: editableFetcher is empty for id: auto_time
12-29 03:55:54.413 21879 30011 V [SUI] RawSettingsItem: valueFetcher is empty for id: environment_type_selector
12-29 03:55:54.413 21879 30011 V [SUI] RawSettingsItem: editableFetcher is empty for id: environment_type_selector
12-29 03:55:54.414 21879 30011 V [SUI] RawSettingsItem: visibilityFetcher is empty for id: passthrough_turn_on
12-29 03:55:54.414 21879 30011 V [SUI] RawSettingsItem: valueFetcher is empty for id: passthrough_turn_on
12-29 03:55:54.414 21879 30011 V [SUI] RawSettingsItem: editableFetcher is empty for id: passthrough_turn_on
12-29 03:55:54.414 21879 30011 V [SUI] RawSettingsItem: editableFetcher is empty for id: local_dimming
12-29 03:55:54.416 21879 29993 D MediaCodecList: codecHandlesFormat: no format, so no extra checks
12-29 03:55:54.416  3234 17231 E AnalyticsEvent: could not set key=selection_args value=null
12-29 03:55:54.417 21879 29993 D MediaCodecList: codecHandlesFormat: no format, so no extra checks
12-29 03:55:54.417  3234 17231 D CapabilitiesProvider: Capabilities Content Provider called content://com.oculus.identitymanagement.capabilities.contentprovider/account/activeuser/capabilities/com.oculus.capability.social.all, selection= null, selectionArgs=null, sortOrder= null
12-29 03:55:54.418 21879 30040 D CCodec  : allocate(c2.android.vorbis.decoder)
12-29 03:55:54.420 21879 30040 I CCodec  : setting up 'default' as default (vendor) store
12-29 03:55:54.421  3111  3210 I StateMachine: StateMachine::HandleEvent LeftBounds: exitPlayArea -> OutOfBounds
12-29 03:55:54.421  3111  3210 I GuardianSystem: [GuardianSystem::UpdateGuardianSystemState] Sending a wake up call to the shell overlay
12-29 03:55:54.421  3111  3210 I GuardianSystem: [GuardianSystem::BroadcastInfoToShell] GuardianSystem::BroadcastInfoToShell com.oculus.vrshell.intent.action.GUARDIAN systemux://guardian/update_state  
12-29 03:55:54.422 29429 29609 I OpenXR  : Extension status: P
12-29 03:55:54.422  2786 29945 I CompositorUtil: SetSchedFifo( tid=3210, pol=5, pri=1 ) succeeded
12-29 03:55:54.423  2786 29945 I CompositorUtil: SetSchedFifo( tid=3757, pol=5, pri=1 ) succeeded
12-29 03:55:54.423  2786 29945 I CompositorUtil: SetSchedFifo( tid=4771, pol=5, pri=1 ) succeeded
12-29 03:55:54.423 29429 29609 I OpenXR  : IsFirstParty 0
12-29 03:55:54.423 29429 29609 I DeviceProperties: ovrDeviceProperties::Initialize
12-29 03:55:54.424 21879 30040 I CCodec  : Created component [c2.android.vorbis.decoder]
12-29 03:55:54.424  2340  2340 D [SEO] ShellControlBroadcastReceiver: onReceive with VR Client native pointer 539364322176, action com.oculus.vrshell.intent.action.GUARDIAN
12-29 03:55:54.424   988  2966 E VrDeviceManagerService: Permission denied: process 29429 (uid 10111) doesn't have the required permission: com.oculus.permission.SET_VR_DEVICE_PARAMS
12-29 03:55:54.424   988  2966 E VrDeviceManagerService: Permission denied: process 29429 (uid 10111) doesn't have the required permission: com.oculus.permission.READ_VR_DEVICE_PARAMS
12-29 03:55:54.424   988  2966 W VrDeviceManagerService: getDeviceProperty: Ignoring com.oculus.permission.SET_VR_DEVICE_PARAMS/com.oculus.permission.READ_VR_DEVICE_PARAMS permission!
12-29 03:55:54.424 29429 29609 I DeviceProperties: Device Region: 'US'
12-29 03:55:54.425   988  2966 E VrDeviceManagerService: Permission denied: process 29429 (uid 10111) doesn't have the required permission: com.oculus.permission.SET_VR_DEVICE_PARAMS
12-29 03:55:54.425   988  2966 E VrDeviceManagerService: Permission denied: process 29429 (uid 10111) doesn't have the required permission: com.oculus.permission.READ_VR_DEVICE_PARAMS
12-29 03:55:54.425   988  2966 W VrDeviceManagerService: getDeviceProperty: Ignoring com.oculus.permission.SET_VR_DEVICE_PARAMS/com.oculus.permission.READ_VR_DEVICE_PARAMS permission!
12-29 03:55:54.425  2340  2340 D DeviceHelper: isScreenOn = true
12-29 03:55:54.425 29429 29609 I DeviceProperties: GPU Type: 'ADRENO_650'
12-29 03:55:54.425  2340  2340 D [SEO] ShellControlBroadcastReceiver: isLaunchAction = true, isTrustedAppLaunch = false
12-29 03:55:54.425  2340  2340 D [SEO] NavigationRouter: Data URI is systemux://guardian/update_state
12-29 03:55:54.425  2340  2340 D [SEO] NavigationRouter: Data URI is systemux://guardian/update_state
12-29 03:55:54.425  2340  2340 D [SEO] NavigationRouter: shouldLaunchAsOverlay == true
12-29 03:55:54.425  2340  2340 D [SEO] ShellControlBroadcastReceiver: Launch intent that should start overlay.
12-29 03:55:54.425   988  2966 E VrDeviceManagerService: Permission denied: process 29429 (uid 10111) doesn't have the required permission: com.oculus.permission.SET_VR_DEVICE_PARAMS
12-29 03:55:54.425  2340  2340 D [SEO] NavigationRouter: Data URI is systemux://guardian/update_state
12-29 03:55:54.425   988  2966 E VrDeviceManagerService: Permission denied: process 29429 (uid 10111) doesn't have the required permission: com.oculus.permission.READ_VR_DEVICE_PARAMS
12-29 03:55:54.425  2340  2340 D [SEO] NavigationRouter: systemUxRouteString = systemux://guardian/update_state
12-29 03:55:54.425   988  2966 W VrDeviceManagerService: getDeviceProperty: Ignoring com.oculus.permission.SET_VR_DEVICE_PARAMS/com.oculus.permission.READ_VR_DEVICE_PARAMS permission!
12-29 03:55:54.425  2340  2340 D [SEO] NavigationRouter: Invalid SystemUxRoute
12-29 03:55:54.425   988  2966 E VrDeviceManagerService: Permission denied: process 29429 (uid 10111) doesn't have the required permission: com.oculus.permission.SET_VR_DEVICE_PARAMS
12-29 03:55:54.425   988  2966 E VrDeviceManagerService: Permission denied: process 29429 (uid 10111) doesn't have the required permission: com.oculus.permission.READ_VR_DEVICE_PARAMS
12-29 03:55:54.425   988  2966 W VrDeviceManagerService: getDeviceProperty: Ignoring com.oculus.permission.SET_VR_DEVICE_PARAMS/com.oculus.permission.READ_VR_DEVICE_PARAMS permission!
12-29 03:55:54.425 21879 30040 D CCodecConfig: read media type: audio/vorbis
12-29 03:55:54.426   988  2966 E VrDeviceManagerService: Permission denied: process 29429 (uid 10111) doesn't have the required permission: com.oculus.permission.SET_VR_DEVICE_PARAMS
12-29 03:55:54.426   988  2966 E VrDeviceManagerService: Permission denied: process 29429 (uid 10111) doesn't have the required permission: com.oculus.permission.READ_VR_DEVICE_PARAMS
12-29 03:55:54.426   988  2966 W VrDeviceManagerService: getSupportedDisplayRefreshRates: Ignoring com.oculus.permission.SET_VR_DEVICE_PARAMS/com.oculus.permission.READ_VR_DEVICE_PARAMS permission!
12-29 03:55:54.426 29429 29609 I DeviceProperties: Num Refresh Rates Supported 61
12-29 03:55:54.426 29429 29609 I DeviceProperties: Refresh Rate (0): 120.000000Hz
12-29 03:55:54.426 29429 29609 I DeviceProperties: Refresh Rate (1): 119.000000Hz
12-29 03:55:54.426 29429 29609 I DeviceProperties: Refresh Rate (2): 118.000000Hz
12-29 03:55:54.426 29429 29609 I DeviceProperties: Refresh Rate (3): 117.000000Hz
12-29 03:55:54.426 29429 29609 I DeviceProperties: Refresh Rate (4): 116.000000Hz
12-29 03:55:54.426 29429 29609 I DeviceProperties: Refresh Rate (5): 115.000000Hz
12-29 03:55:54.426 29429 29609 I DeviceProperties: Refresh Rate (6): 114.000000Hz
12-29 03:55:54.426 29429 29609 I DeviceProperties: Refresh Rate (7): 113.000000Hz
12-29 03:55:54.426 29429 29609 I DeviceProperties: Refresh Rate (8): 112.000000Hz
12-29 03:55:54.426 29429 29609 I DeviceProperties: Refresh Rate (9): 111.000000Hz
12-29 03:55:54.426 29429 29609 I DeviceProperties: Refresh Rate (10): 110.000000Hz
12-29 03:55:54.426 29429 29609 I DeviceProperties: Refresh Rate (11): 109.000000Hz
12-29 03:55:54.426 29429 29609 I DeviceProperties: Refresh Rate (12): 108.000000Hz
12-29 03:55:54.426 29429 29609 I DeviceProperties: Refresh Rate (13): 107.000000Hz
12-29 03:55:54.426 29429 29609 I DeviceProperties: Refresh Rate (14): 106.000000Hz
12-29 03:55:54.426 29429 29609 I DeviceProperties: Refresh Rate (15): 105.000000Hz
12-29 03:55:54.426 29429 29609 I DeviceProperties: Refresh Rate (16): 104.000000Hz
12-29 03:55:54.426 29429 29609 I DeviceProperties: Refresh Rate (17): 103.000000Hz
12-29 03:55:54.426 29429 29609 I DeviceProperties: Refresh Rate (18): 102.000000Hz
12-29 03:55:54.426 29429 29609 I DeviceProperties: Refresh Rate (19): 101.000000Hz
12-29 03:55:54.426 29429 29609 I DeviceProperties: Refresh Rate (20): 100.000000Hz
12-29 03:55:54.426 29429 29609 I DeviceProperties: Refresh Rate (21): 99.000000Hz
12-29 03:55:54.426 29429 29609 I DeviceProperties: Refresh Rate (22): 98.000000Hz
12-29 03:55:54.426 29429 29609 I DeviceProperties: Refresh Rate (23): 97.000000Hz
12-29 03:55:54.426 29429 29609 I DeviceProperties: Refresh Rate (24): 96.000000Hz
12-29 03:55:54.426 29429 29609 I DeviceProperties: Refresh Rate (25): 95.000000Hz
12-29 03:55:54.426 29429 29609 I DeviceProperties: Refresh Rate (26): 94.000000Hz
12-29 03:55:54.426 29429 29609 I DeviceProperties: Refresh Rate (27): 93.000000Hz
12-29 03:55:54.426 29429 29609 I DeviceProperties: Refresh Rate (28): 92.000000Hz
12-29 03:55:54.426 29429 29609 I DeviceProperties: Refresh Rate (29): 91.000000Hz
12-29 03:55:54.426 29429 29609 I DeviceProperties: Refresh Rate (30): 90.000000Hz
12-29 03:55:54.426 29429 29609 I DeviceProperties: Refresh Rate (31): 89.000000Hz
12-29 03:55:54.426 29429 29609 I DeviceProperties: Refresh Rate (32): 88.000000Hz
12-29 03:55:54.426 29429 29609 I DeviceProperties: Refresh Rate (33): 87.000000Hz
12-29 03:55:54.426 29429 29609 I DeviceProperties: Refresh Rate (34): 86.000000Hz
12-29 03:55:54.426 29429 29609 I DeviceProperties: Refresh Rate (35): 85.000000Hz
12-29 03:55:54.426 29429 29609 I DeviceProperties: Refresh Rate (36): 84.000000Hz
12-29 03:55:54.426 29429 29609 I DeviceProperties: Refresh Rate (37): 83.000000Hz
12-29 03:55:54.426 29429 29609 I DeviceProperties: Refresh Rate (38): 82.000000Hz
12-29 03:55:54.426 29429 29609 I DeviceProperties: Refresh Rate (39): 81.000000Hz
12-29 03:55:54.426 29429 29609 I DeviceProperties: Refresh Rate (40): 80.000000Hz
12-29 03:55:54.426 29429 29609 I DeviceProperties: Refresh Rate (41): 79.000000Hz
12-29 03:55:54.426 29429 29609 I DeviceProperties: Refresh Rate (42): 78.000000Hz
12-29 03:55:54.426 29429 29609 I DeviceProperties: Refresh Rate (43): 77.000000Hz
12-29 03:55:54.426 29429 29609 I DeviceProperties: Refresh Rate (44): 76.000000Hz
12-29 03:55:54.426 29429 29609 I DeviceProperties: Refresh Rate (45): 75.000000Hz
12-29 03:55:54.426 29429 29609 I DeviceProperties: Refresh Rate (46): 74.000000Hz
12-29 03:55:54.426 29429 29609 I DeviceProperties: Refresh Rate (47): 73.000000Hz
12-29 03:55:54.426 29429 29609 I DeviceProperties: Refresh Rate (48): 72.000000Hz
12-29 03:55:54.426 29429 29609 I DeviceProperties: Refresh Rate (49): 71.000000Hz
12-29 03:55:54.426 29429 29609 I DeviceProperties: Refresh Rate (50): 70.000000Hz
12-29 03:55:54.426 29429 29609 I DeviceProperties: Refresh Rate (51): 69.000000Hz
12-29 03:55:54.426 29429 29609 I DeviceProperties: Refresh Rate (52): 68.000000Hz
12-29 03:55:54.426 29429 29609 I DeviceProperties: Refresh Rate (53): 67.000000Hz
12-29 03:55:54.426 29429 29609 I DeviceProperties: Refresh Rate (54): 66.000000Hz
12-29 03:55:54.426 29429 29609 I DeviceProperties: Refresh Rate (55): 65.000000Hz
12-29 03:55:54.426 29429 29609 I DeviceProperties: Refresh Rate (56): 64.000000Hz
12-29 03:55:54.427 29429 29609 I DeviceProperties: Refresh Rate (57): 63.000000Hz
12-29 03:55:54.427 29429 29609 I DeviceProperties: Refresh Rate (58): 62.000000Hz
12-29 03:55:54.427 29429 29609 I DeviceProperties: Refresh Rate (59): 61.000000Hz
12-29 03:55:54.427 29429 29609 I DeviceProperties: Refresh Rate (60): 60.000000Hz
12-29 03:55:54.428   931  1160 I CalibrationStore: loading calibration file: SYSTEM_SN
12-29 03:55:54.428  2715  2715 I [OAO] ShellOverlayService: onStartCommand(): Intent { act=com.oculus.vrshell.intent.action.GUARDIAN flg=0x10010 pkg=com.oculus.vrshell cmp=com.oculus.vrshell/.ShellOverlayService (has extras) }
12-29 03:55:54.428   988  2966 E VrDeviceManagerService: Permission denied: process 29429 (uid 10111) doesn't have the required permission: com.oculus.permission.SET_VR_DEVICE_PARAMS
12-29 03:55:54.428   988  2966 E VrDeviceManagerService: Permission denied: process 29429 (uid 10111) doesn't have the required permission: com.oculus.permission.READ_VR_DEVICE_PARAMS
12-29 03:55:54.428   988  2966 W VrDeviceManagerService: getDisplayParams: Ignoring com.oculus.permission.SET_VR_DEVICE_PARAMS/com.oculus.permission.READ_VR_DEVICE_PARAMS permission!
12-29 03:55:54.428 29429 29609 I DeviceProperties: DisplayParms.ScanoutDirection = 1
12-29 03:55:54.428 29429 29609 I DeviceProperties: DisplayParms.ShutterType = 1
12-29 03:55:54.428  2715  2715 W [OAO] IntentParser: Got intent with null or empty value for key "intent_cmd"
12-29 03:55:54.414 29429 29429 W GameThread: type=1400 audit(0.0:525): avc: denied { read } for name="u:object_r:vendor_board_init_prop:s0" dev="tmpfs" ino=12452 scontext=u:r:untrusted_app_27:s0:c512,c768 tcontext=u:object_r:vendor_board_init_prop:s0 tclass=file permissive=0 app=com.epicgames.AtomVR
12-29 03:55:54.429 29429 29609 I DeviceProperties: getDisplayDimensions returned: 3664, 1920
12-29 03:55:54.429 29429 29609 I DeviceProperties: ovrDeviceProperties: OVR_DEVICE_CAPABILITY_POSITIONAL_TRACKING_BIT
12-29 03:55:54.429 29429 29609 I DeviceProperties: ovrDeviceProperties: OVR_DEVICE_CAPABILITY_PASSTHROUGH_CAMERA_BIT
12-29 03:55:54.430 29429 29609 I DeviceProperties: ovrDeviceProperties: OVR_DEVICE_CAPABILITY_DYNAMIC_DISPLAY_REFRESH_RATE_BIT
12-29 03:55:54.430 29429 29609 I DeviceProperties: ovrDeviceProperties: OVR_DEVICE_CAPABILITY_MEMORY_EXPORT_BIT
12-29 03:55:54.430 29429 29609 I DeviceProperties: ovrDeviceProperties: OVR_DEVICE_CAPABILITY_FIXED_FOVEATED_RENDERING_BIT
12-29 03:55:54.430 29429 29609 I DeviceProperties: ovrDeviceProperties: OVR_DEVICE_CAPABILITY_SUBSAMPLED_LAYOUT_BIT
12-29 03:55:54.430 29429 29609 I DeviceProperties: ovrDeviceProperties: OVR_DEVICE_CAPABILITY_KEYBOARD_TRACKING_BIT
12-29 03:55:54.430 29429 29609 W OpenXR  : xrEnumerateInstanceExtensionProperties: skipping extension=`XR_FB_body_tracking` due to: missing uses-feature string `com.oculus.software.body_tracking` from AndroidManifest
12-29 03:55:54.430 29429 29609 W OpenXR  : xrEnumerateInstanceExtensionProperties: skipping extension=`XR_FB_keyboard_tracking` due to: missing uses-feature string `oculus.software.trackedkeyboard` from AndroidManifest
12-29 03:55:54.430 29429 29609 W OpenXR  : xrEnumerateInstanceExtensionProperties: skipping extension=`XR_FBX1_spatial_entity` due to: Tier=40 extState=P deviceIsExpEnabled=false expManifestSet=false isFirstPartyApp=false isSystemApp=false
12-29 03:55:54.430 29429 29609 W OpenXR  : xrEnumerateInstanceExtensionProperties: skipping extension=`XR_FBX2_spatial_entity` due to: Tier=40 extState=P deviceIsExpEnabled=false expManifestSet=false isFirstPartyApp=false isSystemApp=false
12-29 03:55:54.431 29429 29609 W OpenXR  : xrEnumerateInstanceExtensionProperties: skipping extension=`XR_FB_spatial_entity` due to: missing uses-permission string `com.oculus.permission.USE_ANCHOR_API` from AndroidManifest
12-29 03:55:54.431 29429 29609 W OpenXR  : xrEnumerateInstanceExtensionProperties: skipping extension=`XR_FB_triangle_mesh` due to: missing uses-feature string `com.oculus.feature.PASSTHROUGH` from AndroidManifest
12-29 03:55:54.431 29429 29609 W OpenXR  : xrEnumerateInstanceExtensionProperties: skipping extension=`XR_FB_passthrough` due to: missing uses-feature string `com.oculus.feature.PASSTHROUGH` from AndroidManifest
12-29 03:55:54.431 29429 29609 W OpenXR  : xrEnumerateInstanceExtensionProperties: skipping extension=`XR_METAX1_passthrough_color_lut` due to: Tier=40 extState=P deviceIsExpEnabled=false expManifestSet=false isFirstPartyApp=false isSystemApp=false
12-29 03:55:54.431 29429 29609 W OpenXR  : xrEnumerateInstanceExtensionProperties: skipping extension=`XR_META_passthrough_color_lut` due to: missing uses-feature string `com.oculus.feature.PASSTHROUGH` from AndroidManifest
12-29 03:55:54.433 21879 30040 D ReflectedParamUpdater: extent() != 1 for single value type: algo.buffers.max-count.values
12-29 03:55:54.433 21879 30040 D ReflectedParamUpdater: extent() != 1 for single value type: output.subscribed-indices.values
12-29 03:55:54.433 21879 30040 D ReflectedParamUpdater: extent() != 1 for single value type: input.buffers.allocator-ids.values
12-29 03:55:54.435 21879 30040 D ReflectedParamUpdater: extent() != 1 for single value type: output.buffers.allocator-ids.values
12-29 03:55:54.435  3286  3388 W PhaseSync: [PS_Ver_1_0] DiscardFrame is triggered, frame->Stage 2 FrameBeginIndex 5596 
12-29 03:55:54.435  3286  3388 I MRSVC   : MIXEDREALITY: OpenXrSupport: OpenXR qualified success: xrBeginFrame(clientState_.session, &beginFrameDesc): XR_FRAME_DISCARDED
12-29 03:55:54.435  3286  3388 I MRSVC   : MIXEDREALITY: MrServiceView: renderIteration: Hibernating the rendering thread since ID is off and no active PT layers.
12-29 03:55:54.435  3286  3388 I MRSVC   : MIXEDREALITY: MrServiceModelBase: Hibernating caller (most likely rendering thread) due to commandQueue being empty.
12-29 03:55:54.435 21879 30040 D ReflectedParamUpdater: extent() != 1 for single value type: algo.buffers.allocator-ids.values
12-29 03:55:54.435 21879 30040 D ReflectedParamUpdater: extent() != 1 for single value type: output.buffers.pool-ids.values
12-29 03:55:54.435 21879 30040 D ReflectedParamUpdater: extent() != 1 for single value type: algo.buffers.pool-ids.values
12-29 03:55:54.436  1013  1013 E adbd    : failed to connect to socket 'tcp:6666': Connection refused
12-29 03:55:54.437 21879 21879 D [SUI] SystemUXBroadcastReceiver: action: com.oculus.systemactivities.LOCAL_STREAM_STATE_UPDATE
12-29 03:55:54.437 21879 30040 I CCodecConfig: query failed after returning 7 values (BAD_INDEX)
12-29 03:55:54.437 21879 30040 D CCodecConfig: c2 config diff is Dict {
12-29 03:55:54.437 21879 30040 D CCodecConfig:   c2::u32 coded.bitrate.value = 64000
12-29 03:55:54.437 21879 30040 D CCodecConfig:   c2::u32 input.buffers.max-size.value = 32768
12-29 03:55:54.437 21879 30040 D CCodecConfig:   c2::u32 input.delay.value = 0
12-29 03:55:54.437 21879 30040 D CCodecConfig:   string input.media-type.value = "audio/vorbis"
12-29 03:55:54.437 21879 30040 D CCodecConfig:   string output.media-type.value = "audio/raw"
12-29 03:55:54.437 21879 30040 D CCodecConfig:   c2::u32 raw.channel-count.value = 1
12-29 03:55:54.437 21879 30040 D CCodecConfig:   c2::u32 raw.sample-rate.value = 48000
12-29 03:55:54.437 21879 30040 D CCodecConfig: }
12-29 03:55:54.437 21879 30000 D CCodecBufferChannel: [c2.android.vorbis.decoder#161] MediaCodec discarded an unknown buffer
12-29 03:55:54.437 21879 30000 D CCodecBufferChannel: [c2.android.vorbis.decoder#161] MediaCodec discarded an unknown buffer
12-29 03:55:54.437 21879 30040 D MediaCodec: flushMediametrics
12-29 03:55:54.437 21879 30040 W mediametrics::Item: selfrecord: failed to record: {codec, (01-01 05:00:00.000), (, -1, -1), (android.media.mediacodec.codec=c2.android.vorbis.decoder, android.media.mediacodec.lifetimeMs=20, android.media.mediacodec.low-latency.first-frame=-1, android.media.mediacodec.low-latency.off=0, android.media.mediacodec.low-latency.on=0, android.media.mediacodec.mode=audio, android.media.mediacodec.secure=0)}
12-29 03:55:54.437 21879 30040 D CCodec  : [c2.android.vorbis.decoder] buffers are bound to CCodec for this session
12-29 03:55:54.437 21879 30040 D CCodecConfig: no c2 equivalents for durationUs
12-29 03:55:54.437 21879 30040 D CCodecConfig: no c2 equivalents for track-id
12-29 03:55:54.437 21879 30040 D CCodecConfig: no c2 equivalents for csd-1
12-29 03:55:54.437 21879 30040 D CCodecConfig: no c2 equivalents for channel-mask
12-29 03:55:54.437 21879 30040 D CCodecConfig: no c2 equivalents for flags
12-29 03:55:54.438 21879 30000 I hw-BpHwBinder: onLastStrongRef automatically unlinking death recipients
12-29 03:55:54.439 21879 29994 D MediaCodec: flushMediametrics
12-29 03:55:54.439 21879 29994 W mediametrics::Item: selfrecord: failed to record: {codec, (01-01 05:00:00.000), (, -1, -1), (android.media.mediacodec.channelCount=1, android.media.mediacodec.codec=c2.android.vorbis.decoder, android.media.mediacodec.encoder=0, android.media.mediacodec.latency.avg=5173, android.media.mediacodec.latency.max=19891, android.media.mediacodec.latency.min=1895, android.media.mediacodec.latency.n=83, android.media.mediacodec.latency.unknown=2, android.media.mediacodec.lifetimeMs=214, android.media.mediacodec.log-session-id=, android.media.mediacodec.low-latency.first-frame=-1, android.media.mediacodec.low-latency.off=0, android.media.mediacodec.low-latency.on=0, android.media.mediacodec.mime=audio/vorbis, android.media.mediacodec.mode=audio, android.media.mediacodec.sampleRate=48000)}
12-29 03:55:54.439 21879 30040 D CCodecConfig: c2 config diff is   c2::u32 coded.bitrate.value = 120000
12-29 03:55:54.440 21879 30040 W Codec2Client: query -- param skipped: index = 1107298332.
12-29 03:55:54.440 21879 30040 D CCodec  : setup formats input: AMessage(what = 0x00000000) = {
12-29 03:55:54.440 21879 30040 D CCodec  :   int32_t bitrate = 120000
12-29 03:55:54.440 21879 30040 D CCodec  :   int32_t channel-count = 1
12-29 03:55:54.440 21879 30040 D CCodec  :   int32_t max-input-size = 32768
12-29 03:55:54.440 21879 30040 D CCodec  :   string mime = "audio/vorbis"
12-29 03:55:54.440 21879 30040 D CCodec  :   int32_t sample-rate = 48000
12-29 03:55:54.440 21879 30040 D CCodec  : }
12-29 03:55:54.440   900   900 W mediametrics::Item: selfrecord: failed to record: {extractor, (01-01 05:00:00.000), (, -1, 10037), (android.media.mediaextractor.entry=ndk-with-jvm, android.media.mediaextractor.fmt=OggExtractor, android.media.mediaextractor.mime=audio/ogg, android.media.mediaextractor.ntrk=1)}
12-29 03:55:54.440 21879 30040 D CCodec  : setup formats output: AMessage(what = 0x00000000) = {
12-29 03:55:54.440 21879 30040 D CCodec  :   int32_t channel-count = 1
12-29 03:55:54.440 21879 30040 D CCodec  :   string mime = "audio/raw"
12-29 03:55:54.440 21879 30040 D CCodec  :   int32_t sample-rate = 48000
12-29 03:55:54.440 21879 30040 D CCodec  :   int32_t channel-mask = 1
12-29 03:55:54.440 21879 30040 D CCodec  : }
12-29 03:55:54.440 21879 30040 I CCodecConfig: query failed after returning 7 values (BAD_INDEX)
12-29 03:55:54.441 21879 30011 I [SUI] ConsumerConfiguration: Setting SystemUX Configuration and Policy Settings.
12-29 03:55:54.441 21879 30011 V [SUI] RawSettingsItem: visibilityFetcher is empty for id: video_capture_indicator
12-29 03:55:54.441 21879 30011 V [SUI] RawSettingsItem: editableFetcher is empty for id: video_capture_indicator
12-29 03:55:54.441 21879 30011 V [SUI] RawSettingsItem: valueFetcher is empty for id: security_pattern_device_lock_enabled
12-29 03:55:54.441 21879 30011 V [SUI] RawSettingsItem: editableFetcher is empty for id: security_pattern_device_lock_enabled
12-29 03:55:54.441 21879 30011 V [SUI] RawSettingsItem: visibilityFetcher is empty for id: all_permissions_sidenav
12-29 03:55:54.441 21879 30011 V [SUI] RawSettingsItem: valueFetcher is empty for id: all_permissions_sidenav
12-29 03:55:54.441 21879 30011 V [SUI] RawSettingsItem: editableFetcher is empty for id: all_permissions_sidenav
12-29 03:55:54.441 21879 30011 V [SUI] RawSettingsItem: visibilityFetcher is empty for id: iphone-pairing
12-29 03:55:54.441 21879 30011 V [SUI] RawSettingsItem: valueFetcher is empty for id: iphone-pairing
12-29 03:55:54.441 21879 30011 V [SUI] RawSettingsItem: visibilityFetcher is empty for id: controllers_oculus_button_long_press
12-29 03:55:54.441 21879 30011 V [SUI] RawSettingsItem: valueFetcher is empty for id: controllers_oculus_button_long_press
12-29 03:55:54.441 21879 30011 V [SUI] RawSettingsItem: editableFetcher is empty for id: controllers_oculus_button_long_press
12-29 03:55:54.441 21879 30011 V [SUI] RawSettingsItem: visibilityFetcher is empty for id: permissions_system_level_location
12-29 03:55:54.441 21879 30011 V [SUI] RawSettingsItem: editableFetcher is empty for id: permissions_system_level_location
12-29 03:55:54.442 21879 30011 V [SUI] RawSettingsItem: valueFetcher is empty for id: wifi_connected_entry
12-29 03:55:54.442 21879 30011 V [SUI] RawSettingsItem: editableFetcher is empty for id: wifi_connected_entry
12-29 03:55:54.442 21879 30011 V [SUI] RawSettingsItem: valueFetcher is empty for id: wifi_ipv6_addresses
12-29 03:55:54.442 21879 30011 V [SUI] RawSettingsItem: editableFetcher is empty for id: wifi_ipv6_addresses
12-29 03:55:54.442 21879 30011 V [SUI] RawSettingsItem: visibilityFetcher is empty for id: physical_space_grid_tile
12-29 03:55:54.442 21879 30011 V [SUI] RawSettingsItem: valueFetcher is empty for id: physical_space_grid_tile
12-29 03:55:54.442 21879 30011 V [SUI] RawSettingsItem: editableFetcher is empty for id: physical_space_grid_tile
12-29 03:55:54.442 21879 30011 V [SUI] RawSettingsItem: visibilityFetcher is empty for id: sysux_version
12-29 03:55:54.442 21879 30011 V [SUI] RawSettingsItem: valueFetcher is empty for id: sysux_version
12-29 03:55:54.442 21879 30011 V [SUI] RawSettingsItem: editableFetcher is empty for id: sysux_version
12-29 03:55:54.446  3234 17231 E AnalyticsEvent: could not set key=selection_args value=null
12-29 03:55:54.447 29429 29609 I OpenXR  : PassesGKKillswitch 1
12-29 03:55:54.447  2104 30009 I AuthLogger: Action succeeded: OBTAIN_TOKEN, callingPackage: com.oculus.systemux, accountType: null, tokenType: null, extras: {is_relogin=false}, duration: 0ms
12-29 03:55:54.447 29429 29609 W OpenXR  : xrEnumerateInstanceExtensionProperties: skipping extension=`XR_FB_render_model` due to: missing uses-feature string `com.oculus.feature.RENDER_MODEL` from AndroidManifest
12-29 03:55:54.447 29429 29609 W OpenXR  : xrEnumerateInstanceExtensionProperties: skipping extension=`XR_FBX1_spatial_entity_query` due to: Tier=40 extState=P deviceIsExpEnabled=false expManifestSet=false isFirstPartyApp=false isSystemApp=false
12-29 03:55:54.447 29429 29609 W OpenXR  : xrEnumerateInstanceExtensionProperties: skipping extension=`XR_FBX2_spatial_entity_query` due to: Tier=40 extState=P deviceIsExpEnabled=false expManifestSet=false isFirstPartyApp=false isSystemApp=false
12-29 03:55:54.448 29429 29609 W OpenXR  : xrEnumerateInstanceExtensionProperties: skipping extension=`XR_FB_spatial_entity_query` due to: missing uses-permission string `com.oculus.permission.USE_ANCHOR_API` from AndroidManifest
12-29 03:55:54.448 29429 29609 W OpenXR  : xrEnumerateInstanceExtensionProperties: skipping extension=`XR_FBX1_touch_controller_extras` due to: Tier=40 extState=P deviceIsExpEnabled=false expManifestSet=false isFirstPartyApp=false isSystemApp=false
12-29 03:55:54.448 29429 29609 W OpenXR  : xrEnumerateInstanceExtensionProperties: skipping extension=`XR_FBX1_spatial_entity_storage` due to: Tier=40 extState=P deviceIsExpEnabled=false expManifestSet=false isFirstPartyApp=false isSystemApp=false
12-29 03:55:54.448 29429 29609 W OpenXR  : xrEnumerateInstanceExtensionProperties: skipping extension=`XR_FBX2_spatial_entity_storage` due to: Tier=40 extState=P deviceIsExpEnabled=false expManifestSet=false isFirstPartyApp=false isSystemApp=false
12-29 03:55:54.448 29429 29609 W OpenXR  : xrEnumerateInstanceExtensionProperties: skipping extension=`XR_FB_spatial_entity_storage` due to: missing uses-permission string `com.oculus.permission.USE_ANCHOR_API` from AndroidManifest
12-29 03:55:54.448 29429 29609 W OpenXR  : xrEnumerateInstanceExtensionProperties: skipping extension=`XR_FB_spatial_entity_storage_batch` due to: missing uses-permission string `com.oculus.permission.USE_ANCHOR_API` from AndroidManifest
12-29 03:55:54.448 29429 29609 W OpenXR  : xrEnumerateInstanceExtensionProperties: skipping extension=`XR_FB_spatial_entity_sharing` due to: missing uses-permission string `com.oculus.permission.IMPORT_EXPORT_IOT_MAP_DATA` from AndroidManifest
12-29 03:55:54.448 29429 29609 W OpenXR  : xrEnumerateInstanceExtensionProperties: skipping extension=`XR_FB_spatial_entity_container` due to: missing uses-permission string `com.oculus.permission.USE_ANCHOR_API` from AndroidManifest
12-29 03:55:54.448 29429 29609 W OpenXR  : xrEnumerateInstanceExtensionProperties: skipping extension=`XR_FB_scene` due to: missing uses-permission string `com.oculus.permission.USE_ANCHOR_API` from AndroidManifest
12-29 03:55:54.448 29429 29609 W OpenXR  : xrEnumerateInstanceExtensionProperties: skipping extension=`XR_FB_scene_capture` due to: missing uses-permission string `com.oculus.permission.USE_ANCHOR_API` from AndroidManifest
12-29 03:55:54.448 29429 29609 W OpenXR  : xrEnumerateInstanceExtensionProperties: skipping extension=`XR_META_spatial_entity_mesh` due to: missing uses-permission string `com.oculus.permission.USE_SCENE` from AndroidManifest
12-29 03:55:54.448 29429 29609 W OpenXR  : xrEnumerateInstanceExtensionProperties: skipping extension=`XR_FB_face_tracking` due to: missing uses-feature string `oculus.software.face_tracking` from AndroidManifest
12-29 03:55:54.448 29429 29609 I OpenXR  : xrEnumerateInstanceExtensionProperties: skipping extension 'XR_META_local_dimming' as device requirements requirements (16) are not met.
12-29 03:55:54.448 29429 29609 W OpenXR  : xrEnumerateInstanceExtensionProperties: skipping extension=`XR_META_foveation_eye_tracked` due to: missing uses-feature string `oculus.software.eye_tracking` from AndroidManifest
12-29 03:55:54.448 29429 29609 W OpenXR  : xrEnumerateInstanceExtensionProperties: skipping extension=`XR_FB_eye_tracking_social` due to: missing uses-feature string `oculus.software.eye_tracking` from AndroidManifest
12-29 03:55:54.448 29429 29609 W OpenXR  : xrEnumerateInstanceExtensionProperties: skipping extension=`XR_FB_passthrough_keyboard_hands` due to: missing uses-feature string `com.oculus.feature.PASSTHROUGH` from AndroidManifest
12-29 03:55:54.448 29429 29609 W OpenXR  : xrEnumerateInstanceExtensionProperties: skipping extension=`XR_FBX1_composition_layer_settings` due to: Tier=40 extState=P deviceIsExpEnabled=false expManifestSet=false isFirstPartyApp=false isSystemApp=false
12-29 03:55:54.448 29429 29609 W OpenXR  : xrEnumerateInstanceExtensionProperties: skipping extension=`XR_FBX1_composition_layer_depth_test` due to: Tier=40 extState=P deviceIsExpEnabled=false expManifestSet=false isFirstPartyApp=false isSystemApp=false
12-29 03:55:54.448 29429 29609 W OpenXR  : xrEnumerateInstanceExtensionProperties: skipping extension=`XR_EXT_eye_gaze_interaction` due to: missing uses-permission string `com.oculus.permission.EYE_TRACKING` from AndroidManifest
12-29 03:55:54.448 29429 29609 W OpenXR  : xrEnumerateInstanceExtensionProperties: skipping extension=`XR_EXTX1_hand_tracking_data_source` due to: Tier=40 extState=P deviceIsExpEnabled=false expManifestSet=false isFirstPartyApp=false isSystemApp=false
12-29 03:55:54.448 29429 29609 W OpenXR  : xrEnumerateInstanceExtensionProperties: skipping extension=`XR_METAX1_performance_metrics` due to: Tier=40 extState=P deviceIsExpEnabled=false expManifestSet=false isFirstPartyApp=false isSystemApp=false
12-29 03:55:54.448 29429 29609 W OpenXR  : xrEnumerateInstanceExtensionProperties: skipping extension=`XR_METAX1_virtual_keyboard` due to: Tier=40 extState=P deviceIsExpEnabled=false expManifestSet=false isFirstPartyApp=false isSystemApp=false
12-29 03:55:54.448 29429 29609 W OpenXR  : xrEnumerateInstanceExtensionProperties: skipping extension=`XR_METAX2_virtual_keyboard` due to: Tier=40 extState=P deviceIsExpEnabled=false expManifestSet=false isFirstPartyApp=false isSystemApp=false
12-29 03:55:54.448 29429 29609 W OpenXR  : xrEnumerateInstanceExtensionProperties: skipping extension=`XR_METAX2_detached_controllers` due to: Tier=40 extState=P deviceIsExpEnabled=false expManifestSet=false isFirstPartyApp=false isSystemApp=false
12-29 03:55:54.448 29429 29609 W OpenXR  : xrEnumerateInstanceExtensionProperties: skipping extension=`XR_EXTX1_event_channel` due to: Tier=40 extState=P deviceIsExpEnabled=false expManifestSet=false isFirstPartyApp=false isSystemApp=false
12-29 03:55:54.448 29429 29609 W OpenXR  : xrEnumerateInstanceExtensionProperties: skipping extension=`XR_METAX1_environment_depth` due to: Tier=40 extState=P deviceIsExpEnabled=false expManifestSet=false isFirstPartyApp=false isSystemApp=false
12-29 03:55:54.448 29429 29609 W OpenXR  : xrEnumerateInstanceExtensionProperties: skipping extension=`XR_METAX2_environment_depth` due to: Tier=40 extState=P deviceIsExpEnabled=false expManifestSet=false isFirstPartyApp=false isSystemApp=false
12-29 03:55:54.448 29429 29609 W OpenXR  : xrEnumerateInstanceExtensionProperties: skipping extension=`XR_EXT_active_action_set_priority` due to: Tier=40 extState=P deviceIsExpEnabled=false expManifestSet=false isFirstPartyApp=false isSystemApp=false
12-29 03:55:54.448 29429 29609 W OpenXR  : xrEnumerateInstanceExtensionProperties: skipping extension=`XR_EXT_palm_pose` due to: Tier=40 extState=P deviceIsExpEnabled=false expManifestSet=false isFirstPartyApp=false isSystemApp=false
12-29 03:55:54.448 29429 29609 W OpenXR  : xrEnumerateInstanceExtensionProperties: skipping extension=`XR_METAX1_simultaneous_hands_controllers_management` due to: Tier=40 extState=P deviceIsExpEnabled=false expManifestSet=false isFirstPartyApp=false isSystemApp=false
12-29 03:55:54.448 29429 29609 V OpenXR-Loader: Verbose [GENERAL | xrEnumerateInstanceExtensionProperties | OpenXR-Loader] : Completed loader trampoline
12-29 03:55:54.448 29429 29609 V OpenXR-Loader: Verbose [GENERAL | xrEnumerateInstanceExtensionProperties | OpenXR-Loader] : Entering loader trampoline
12-29 03:55:54.448  3234 17231 D CapabilitiesProvider: Capabilities Content Provider called content://com.oculus.identitymanagement.capabilities.contentprovider/account/activeuser/capabilities/com.oculus.capability.social.all, selection= null, selectionArgs=null, sortOrder= null
12-29 03:55:54.448 29429 29609 V OpenXR-Loader: Verbose [GENERAL | xrEnumerateInstanceExtensionProperties | OpenXR-Loader] : Completed loader trampoline
12-29 03:55:54.448 29429 29609 D UE      : LogHMD: OpenXR runtime supported extensions:
12-29 03:55:54.448 29429 29609 D UE      : LogHMD: 	XR_KHR_android_create_instance
12-29 03:55:54.449 29429 29609 D UE      : LogHMD: 	XR_KHR_android_surface_swapchain
12-29 03:55:54.449 29429 29609 D UE      : LogHMD: 	XR_KHR_android_thread_settings
12-29 03:55:54.449 29429 29609 D UE      : LogHMD: 	XR_FB_android_surface_swapchain_create
12-29 03:55:54.449 29429 29609 D UE      : LogHMD: 	XR_KHR_opengl_es_enable
12-29 03:55:54.449 29429 29609 D UE      : LogHMD: 	XR_KHR_vulkan_enable
12-29 03:55:54.449 29429 29609 D UE      : LogHMD: 	XR_KHR_vulkan_enable2
12-29 03:55:54.449 29429 29609 D UE      : LogHMD: 	XR_KHR_composition_layer_cube
12-29 03:55:54.449 29429 29609 D UE      : LogHMD: 	XR_KHR_composition_layer_cylinder
12-29 03:55:54.449 29429 29609 D UE      : LogHMD: 	XR_KHR_composition_layer_equirect2
12-29 03:55:54.449 29429 29609 D UE      : LogHMD: 	XR_KHR_composition_layer_color_scale_bias
12-29 03:55:54.449 29429 29609 D UE      : LogHMD: 	XR_KHR_composition_layer_depth
12-29 03:55:54.449 29429 29609 D UE      : LogHMD: 	XR_FB_color_space
12-29 03:55:54.449 29429 29609 D UE      : LogHMD: 	XR_EXT_performance_settings
12-29 03:55:54.449 29429 29609 D UE      : LogHMD: 	XR_EXT_hand_tracking
12-29 03:55:54.449 29429 29609 D UE      : LogHMD: 	XR_FB_display_refresh_rate
12-29 03:55:54.449 29429 29609 D UE      : LogHMD: 	XR_FB_swapchain_update_state
12-29 03:55:54.449 29429 29609 D UE      : LogHMD: 	XR_FB_swapchain_update_state_opengl_es
12-29 03:55:54.449 29429 29609 D UE      : LogHMD: 	XR_FB_swapchain_update_state_vulkan
12-29 03:55:54.449 29429 29609 D UE      : LogHMD: 	XR_FB_swapchain_update_state_android_surface
12-29 03:55:54.449 29429 29609 D UE      : LogHMD: 	XR_OCULUS_common_reference_spaces
12-29 03:55:54.449 29429 29609 D UE      : LogHMD: 	XR_FB_composition_layer_image_layout
12-29 03:55:54.449 29429 29609 D UE      : LogHMD: 	XR_FB_composition_layer_alpha_blend
12-29 03:55:54.449 29429 29609 D UE      : LogHMD: 	XR_FB_common_events
12-29 03:55:54.449 29429 29609 D UE      : LogHMD: 	XR_FB_hand_tracking_mesh
12-29 03:55:54.449 29429 29609 D UE      : LogHMD: 	XR_FB_hand_tracking_aim
12-29 03:55:54.449 29429 29609 D UE      : LogHMD: 	XR_FB_hand_tracking_capsules
12-29 03:55:54.449 29429 29609 D UE      : LogHMD: 	XR_FB_foveation
12-29 03:55:54.449 29429 29609 D UE      : LogHMD: 	XR_FB_foveation_configuration
12-29 03:55:54.449 29429 29609 D UE      : LogHMD: 	XR_FB_foveation_vulkan
12-29 03:55:54.449 29429 29609 D UE      : LogHMD: 	XR_FB_composition_layer_secure_content
12-29 03:55:54.449 29429 29609 D UE      : LogHMD: 	XR_KHR_convert_timespec_time
12-29 03:55:54.449 29429 29609 D UE      : LogHMD: 	XR_META_passthrough_preferences
12-29 03:55:54.449 29429 29609 D UE      : LogHMD: 	XR_FB_touch_controller_proximity
12-29 03:55:54.449 29429 29609 D UE      : LogHMD: 	XR_FB_touch_controller_pro
12-29 03:55:54.449 29429 29609 D UE      : LogHMD: 	XR_META_touch_controller_plus
12-29 03:55:54.449 29429 29609 D UE      : LogHMD: 	XR_FB_haptic_amplitude_envelope
12-29 03:55:54.449 29429 29609 D UE      : LogHMD: 	XR_FB_haptic_pcm
12-29 03:55:54.449 29429 29609 D UE      : LogHMD: 	XR_FB_spatial_entity_user
12-29 03:55:54.449 29429 29609 D UE      : LogHMD: 	XR_FB_space_warp
12-29 03:55:54.449 29429 29609 D UE      : LogHMD: 	XR_META_vulkan_swapchain_create_info
12-29 03:55:54.449 29429 29609 D UE      : LogHMD: 	XR_FB_composition_layer_settings
12-29 03:55:54.449 29429 29609 D UE      : LogHMD: 	XR_META_feature_fidelity
12-29 03:55:54.449 29429 29609 D UE      : LogHMD: 	XR_FB_composition_layer_depth_test
12-29 03:55:54.449 29429 29609 D UE      : LogHMD: 	XR_EXT_hand_joints_motion_range
12-29 03:55:54.449 29429 29609 D UE      : LogHMD: 	XR_EXT_hand_tracking_data_source
12-29 03:55:54.449 29429 29609 D UE      : LogHMD: 	XR_META_performance_metrics
12-29 03:55:54.449 29429 29609 D UE      : LogHMD: 	XR_META_virtual_keyboard
12-29 03:55:54.449 29429 29609 D UE      : LogHMD: 	XR_MSFT_hand_interaction
12-29 03:55:54.449 29429 29609 D UE      : LogHMD: 	XR_META_headset_id
12-29 03:55:54.449 29429 29609 D UE      : LogHMD: 	XR_META_recommended_layer_resolution
12-29 03:55:54.449 29429 29609 D UE      : LogHMD: 	XR_META_automatic_layer_filter
12-29 03:55:54.449 29429 29609 D UE      : LogHMD: 	XR_EXT_debug_utils
12-29 03:55:54.449 29429 29609 V OpenXR-Loader: Verbose [GENERAL | xrEnumerateApiLayerProperties | OpenXR-Loader] : Entering loader trampoline
12-29 03:55:54.449 29429 29609 V OpenXR-Loader: Verbose [GENERAL | FindLayerLibraries | OpenXR-Loader] : searching for layers in /data/app/~~UuC1H0dusyix-VztVYQrbA==/com.epicgames.AtomVR-E5yQAdg7l53SN9dr9E8WTg==/lib/arm64
12-29 03:55:54.449 29429 29609 D UE      : LogHMD: Optional extension XR_KHR_vulkan_swapchain_format_list is not available
12-29 03:55:54.449 29429 29609 D UE      : LogHMD: Optional extension XR_KHR_composition_layer_equirect is not available
12-29 03:55:54.449 29429 29609 D UE      : LogHMD: Optional extension XR_VARJO_quad_views is not available
12-29 03:55:54.449 29429 29609 D UE      : LogHMD: Optional extension XR_KHR_visibility_mask is not available
12-29 03:55:54.449 29429 29609 D UE      : LogHMD: Optional extension XR_KHR_binding_modification is not available
12-29 03:55:54.449 29429 29609 D UE      : LogHMD: Optional extension XR_EPIC_view_configuration_fov is not available
12-29 03:55:54.449 29429 29609 D UE      : LogHMD: Optional extension XR_EXT_dpad_binding is not available
12-29 03:55:54.449 29429 29609 D UE      : LogHMD: Optional extension XR_EXT_palm_pose is not available
12-29 03:55:54.449 29429 29609 D UE      : LogHMD: Optional extension XR_EXT_active_action_set_priority is not available
12-29 03:55:54.449 29429 29609 V OpenXR-Loader: Verbose [GENERAL | xrCreateInstance | OpenXR-Loader] : Entering loader trampoline
12-29 03:55:54.450 29429 29609 V OpenXR-Loader: Verbose [GENERAL | FindLayerLibraries | OpenXR-Loader] : searching for layers in /data/app/~~UuC1H0dusyix-VztVYQrbA==/com.epicgames.AtomVR-E5yQAdg7l53SN9dr9E8WTg==/lib/arm64
12-29 03:55:54.450 29429 29609 V OpenXR-Loader: Verbose [GENERAL | xrCreateInstance | OpenXR-Loader] : Entering LoaderInstance::CreateInstance
12-29 03:55:54.450 29429 29609 V OpenXR-Loader: Verbose [GENERAL | xrCreateInstance | OpenXR-Loader] : Entering loader terminator
12-29 03:55:54.450 29429 29609 I OpenXR  : ----------- xrCreateInstance [start] ----------
12-29 03:55:54.450 29429 29609 I OpenXR  : xrCreateInstance: Extension XR_KHR_android_create_instance enabled.
12-29 03:55:54.450 29429 29609 I OpenXR  : xrCreateInstance: Extension XR_KHR_opengl_es_enable enabled.
12-29 03:55:54.450 29429 29609 I OpenXR  : xrCreateInstance: Extension XR_KHR_vulkan_enable enabled.
12-29 03:55:54.450 29429 29609 I OpenXR  : xrCreateInstance: Extension XR_FB_foveation_vulkan enabled.
12-29 03:55:54.450 29429 29609 I OpenXR  : xrCreateInstance: Extension XR_KHR_composition_layer_depth enabled.
12-29 03:55:54.450 29429 29609 I OpenXR  : xrCreateInstance: Extension XR_KHR_composition_layer_cylinder enabled.
12-29 03:55:54.450 29429 29609 I OpenXR  : xrCreateInstance: Extension XR_FB_composition_layer_alpha_blend enabled.
12-29 03:55:54.450 29429 29609 I OpenXR  : xrCreateInstance: Extension XR_FB_foveation enabled.
