12-30 03:11:28.612  1151  9160 I LogicalDisplayMapper: Adding new display: 120: DisplayInfo{"com.oculus.android_panel_app.AndroidPanelLayer-#main", displayId 120", displayGroupId -1, FLAG_PRIVATE, real 1280 x 800, largest app 1280 x 800, smallest app 1280 x 800, appVsyncOff 0, presDeadline 16666666, mode 251, defaultMode 251, modes [{id=251, width=1280, height=800, fps=60.0, alternativeRefreshRates=[]}], hdrCapabilities null, userDisabledHdrTypes [], minimalPostProcessingSupported false, rotation 0, state OFF, type VIRTUAL, uniqueId "virtual:com.oculus.systemux,10037,com.oculus.android_panel_app.AndroidPanelLayer-#main,1", app 1280 x 800, density 200 (200.0 x 200.0) dpi, layerStack 120, colorMode 0, supportedColorModes [0], deviceProductInfo null, owner com.oculus.systemux (uid 10037), removeMode 1, refreshRateOverride 0.0, brightnessMinimum 0.0, brightnessMaximum 0.0, brightnessDefault 0.0}
12-30 03:11:28.613  1151  9160 I LogicalDisplayMapper: Setting new display group 0 for display 120, from previous group: null
12-30 03:11:28.613  1151  9160 W DisplayPowerController[120]: Screen brightness nits configuration is unavailable; falling back
12-30 03:11:28.629  1151  8881 I WindowManager: Override config changes=20005df8 {0.0 ?mcc?mnc ?localeList ?layoutDir sw640dp w1024dp h640dp 200dpi lrg land ?uimode ?night -touch -keyb/v/h -nav/h winConfig={ mBounds=Rect(0, 0 - 1280, 800) mAppBounds=Rect(0, 0 - 1280, 800) mMaxBounds=Rect(0, 0 - 1280, 800) mWindowingMode=fullscreen mDisplayWindowingMode=fullscreen mActivityType=undefined mAlwaysOnTop=undefined mRotation=ROTATION_0} ?fontWeightAdjustment} for displayId=120
12-30 03:11:28.645  1151  1172 V WindowManager: Display 120 state is now (1), so update layer mirroring?
12-30 03:11:28.706   952 12739 W TrackingService: attachClient: found client in attached list
12-30 03:11:28.707   952 12739 D TrackingService: getSharedMemory: com.oculus.vrshell, Controller
12-30 03:11:28.709   952  1132 W TrackingService: attachClient: found client in attached list
12-30 03:11:28.710   952  1132 D TrackingService: getSharedMemory: com.oculus.systemdriver#2732, Controller
12-30 03:11:28.717   952  1132 W TrackingService: attachClient: found client in attached list
12-30 03:11:28.718   952  1132 D TrackingService: getSharedMemory: com.oculus.guardian#3125, Controller
12-30 03:11:28.721   952  1132 W TrackingService: attachClient: found client in attached list
12-30 03:11:28.722   952  1132 D TrackingService: getSharedMemory: com.oculus.shellenv#2144, Controller
12-30 03:11:28.728  1151  1151 W NotificationHistory: Attempted to add notif for locked/gone/disabled user 0
12-30 03:11:28.793  1151  1903 I DisplayDeviceRepository: Display device added: DisplayDeviceInfo{"com.oculus.android_panel_app.AndroidPanelLayer-controlbar4": uniqueId="virtual:com.oculus.systemux,10037,com.oculus.android_panel_app.AndroidPanelLayer-controlbar4,0", 1250 x 50, modeId 252, defaultModeId 252, supportedModes [{id=252, width=1250, height=50, fps=60.0, alternativeRefreshRates=[]}], colorMode 0, supportedColorModes [0], hdrCapabilities null, allmSupported false, gameContentTypeSupported false, density 200, 200.0 x 200.0 dpi, appVsyncOff 0, presDeadline 16666666, touch NONE, rotation 0, type VIRTUAL, deviceProductInfo null, state OFF, owner com.oculus.systemux (uid 10037), frameRateOverride , brightnessMinimum 0.0, brightnessMaximum 0.0, brightnessDefault 0.0, FLAG_PRIVATE, FLAG_NEVER_BLANK, FLAG_OWN_CONTENT_ONLY}
12-30 03:11:28.795  1151  1903 I LogicalDisplayMapper: Applying layout: [{addr: {port=129, model=0x40446d9218dcf4}, dispId: 0(ON)}], Previous layout: [{addr: {port=129, model=0x40446d9218dcf4}, dispId: 0(ON)}]
12-30 03:11:28.795  1151  1903 I LogicalDisplayMapper: Adding new display: 121: DisplayInfo{"com.oculus.android_panel_app.AndroidPanelLayer-controlbar4", displayId 121", displayGroupId -1, FLAG_PRIVATE, real 1250 x 50, largest app 1250 x 50, smallest app 1250 x 50, appVsyncOff 0, presDeadline 16666666, mode 252, defaultMode 252, modes [{id=252, width=1250, height=50, fps=60.0, alternativeRefreshRates=[]}], hdrCapabilities null, userDisabledHdrTypes [], minimalPostProcessingSupported false, rotation 0, state OFF, type VIRTUAL, uniqueId "virtual:com.oculus.systemux,10037,com.oculus.android_panel_app.AndroidPanelLayer-controlbar4,0", app 1250 x 50, density 200 (200.0 x 200.0) dpi, layerStack 121, colorMode 0, supportedColorModes [0], deviceProductInfo null, owner com.oculus.systemux (uid 10037), removeMode 1, refreshRateOverride 0.0, brightnessMinimum 0.0, brightnessMaximum 0.0, brightnessDefault 0.0}
12-30 03:11:28.795  1151  1903 I LogicalDisplayMapper: Setting new display group 0 for display 121, from previous group: null
12-30 03:11:28.795  1151  1903 W DisplayPowerController[121]: Screen brightness nits configuration is unavailable; falling back
12-30 03:11:28.806  1151  1172 I WindowManager: Override config changes=20005df8 {0.0 ?mcc?mnc ?localeList ?layoutDir sw40dp w1000dp h40dp 200dpi nrml long land ?uimode ?night -touch -keyb/v/h -nav/h winConfig={ mBounds=Rect(0, 0 - 1250, 50) mAppBounds=Rect(0, 0 - 1250, 50) mMaxBounds=Rect(0, 0 - 1250, 50) mWindowingMode=fullscreen mDisplayWindowingMode=fullscreen mActivityType=undefined mAlwaysOnTop=undefined mRotation=ROTATION_0} ?fontWeightAdjustment} for displayId=121
12-30 03:11:28.811  1151  1172 V WindowManager: Display 121 state is now (1), so update layer mirroring?
12-30 03:11:28.812  1151  1172 V WindowManager: Display 121 state is now (1), so update layer mirroring?
12-30 03:11:28.820  1151  1174 I DisplayDeviceRepository: Display device changed: DisplayDeviceInfo{"com.oculus.android_panel_app.AndroidPanelLayer-controlbar4": uniqueId="virtual:com.oculus.systemux,10037,com.oculus.android_panel_app.AndroidPanelLayer-controlbar4,0", 1280 x 50, modeId 253, defaultModeId 253, supportedModes [{id=253, width=1280, height=50, fps=60.0, alternativeRefreshRates=[]}], colorMode 0, supportedColorModes [0], hdrCapabilities null, allmSupported false, gameContentTypeSupported false, density 200, 200.0 x 200.0 dpi, appVsyncOff 0, presDeadline 16666666, touch NONE, rotation 0, type VIRTUAL, deviceProductInfo null, state OFF, owner com.oculus.systemux (uid 10037), frameRateOverride , brightnessMinimum 0.0, brightnessMaximum 0.0, brightnessDefault 0.0, FLAG_PRIVATE, FLAG_NEVER_BLANK, FLAG_OWN_CONTENT_ONLY}
12-30 03:11:28.823  1151  1172 I WindowManager: Override config changes=20000400 {0.0 ?mcc?mnc ?localeList ?layoutDir sw40dp w1024dp h40dp 200dpi nrml long land ?uimode ?night -touch -keyb/v/h -nav/h winConfig={ mBounds=Rect(0, 0 - 1280, 50) mAppBounds=Rect(0, 0 - 1280, 50) mMaxBounds=Rect(0, 0 - 1280, 50) mWindowingMode=fullscreen mDisplayWindowingMode=fullscreen mActivityType=undefined mAlwaysOnTop=undefined mRotation=ROTATION_0} ?fontWeightAdjustment} for displayId=121
12-30 03:11:28.825  1151  1172 V WindowManager: Display 121 state is now (1), so update layer mirroring?
12-30 03:11:28.825  1151  1174 I DisplayDeviceRepository: Display device changed: DisplayDeviceInfo{"com.oculus.android_panel_app.AndroidPanelLayer-controlbar4": uniqueId="virtual:com.oculus.systemux,10037,com.oculus.android_panel_app.AndroidPanelLayer-controlbar4,0", 1280 x 50, modeId 253, defaultModeId 253, supportedModes [{id=253, width=1280, height=50, fps=60.0, alternativeRefreshRates=[]}], colorMode 0, supportedColorModes [0], hdrCapabilities null, allmSupported false, gameContentTypeSupported false, density 200, 200.0 x 200.0 dpi, appVsyncOff 0, presDeadline 16666666, touch NONE, rotation 0, type VIRTUAL, deviceProductInfo null, state ON, owner com.oculus.systemux (uid 10037), frameRateOverride , brightnessMinimum 0.0, brightnessMaximum 0.0, brightnessDefault 0.0, FLAG_PRIVATE, FLAG_NEVER_BLANK, FLAG_OWN_CONTENT_ONLY}
12-30 03:11:28.828  1151  1172 V WindowManager: Display 121 state is now (2), so update layer mirroring?
12-30 03:11:28.828  1151  1172 V WindowManager: Display 121 state is now (2), so update layer mirroring?
12-30 03:11:28.832  1151  1174 I DisplayDeviceRepository: Display device changed: DisplayDeviceInfo{"com.oculus.android_panel_app.AndroidPanelLayer-#main": uniqueId="virtual:com.oculus.systemux,10037,com.oculus.android_panel_app.AndroidPanelLayer-#main,1", 1280 x 800, modeId 251, defaultModeId 251, supportedModes [{id=251, width=1280, height=800, fps=60.0, alternativeRefreshRates=[]}], colorMode 0, supportedColorModes [0], hdrCapabilities null, allmSupported false, gameContentTypeSupported false, density 200, 200.0 x 200.0 dpi, appVsyncOff 0, presDeadline 16666666, touch NONE, rotation 0, type VIRTUAL, deviceProductInfo null, state OFF, owner com.oculus.systemux (uid 10037), frameRateOverride , brightnessMinimum 0.0, brightnessMaximum 0.0, brightnessDefault 0.0, FLAG_PRIVATE, FLAG_NEVER_BLANK, FLAG_OWN_CONTENT_ONLY}
12-30 03:11:28.833  1151  1174 I DisplayDeviceRepository: Display device changed: DisplayDeviceInfo{"com.oculus.android_panel_app.AndroidPanelLayer-#main": uniqueId="virtual:com.oculus.systemux,10037,com.oculus.android_panel_app.AndroidPanelLayer-#main,1", 1280 x 800, modeId 251, defaultModeId 251, supportedModes [{id=251, width=1280, height=800, fps=60.0, alternativeRefreshRates=[]}], colorMode 0, supportedColorModes [0], hdrCapabilities null, allmSupported false, gameContentTypeSupported false, density 200, 200.0 x 200.0 dpi, appVsyncOff 0, presDeadline 16666666, touch NONE, rotation 0, type VIRTUAL, deviceProductInfo null, state ON, owner com.oculus.systemux (uid 10037), frameRateOverride , brightnessMinimum 0.0, brightnessMaximum 0.0, brightnessDefault 0.0, FLAG_PRIVATE, FLAG_NEVER_BLANK, FLAG_OWN_CONTENT_ONLY}
12-30 03:11:28.838  1151  1172 V WindowManager: Display 120 state is now (2), so update layer mirroring?
12-30 03:11:28.855   952  3916 D TrackingService: ActivityMonitor: Reset IPowerstate backoff to: 0
12-30 03:11:30.674  1151  2522 I DisplayDeviceRepository: Display device added: DisplayDeviceInfo{"com.oculus.android_panel_app.AndroidPanelLayer-tooltip": uniqueId="virtual:com.oculus.systemux,10037,com.oculus.android_panel_app.AndroidPanelLayer-tooltip,0", 1250 x 1250, modeId 254, defaultModeId 254, supportedModes [{id=254, width=1250, height=1250, fps=60.0, alternativeRefreshRates=[]}], colorMode 0, supportedColorModes [0], hdrCapabilities null, allmSupported false, gameContentTypeSupported false, density 200, 200.0 x 200.0 dpi, appVsyncOff 0, presDeadline 16666666, touch NONE, rotation 0, type VIRTUAL, deviceProductInfo null, state OFF, owner com.oculus.systemux (uid 10037), frameRateOverride , brightnessMinimum 0.0, brightnessMaximum 0.0, brightnessDefault 0.0, FLAG_PRIVATE, FLAG_NEVER_BLANK, FLAG_OWN_CONTENT_ONLY}
12-30 03:11:30.676  1151  2522 I LogicalDisplayMapper: Applying layout: [{addr: {port=129, model=0x40446d9218dcf4}, dispId: 0(ON)}], Previous layout: [{addr: {port=129, model=0x40446d9218dcf4}, dispId: 0(ON)}]
12-30 03:11:30.676  1151  2522 I LogicalDisplayMapper: Adding new display: 122: DisplayInfo{"com.oculus.android_panel_app.AndroidPanelLayer-tooltip", displayId 122", displayGroupId -1, FLAG_PRIVATE, real 1250 x 1250, largest app 1250 x 1250, smallest app 1250 x 1250, appVsyncOff 0, presDeadline 16666666, mode 254, defaultMode 254, modes [{id=254, width=1250, height=1250, fps=60.0, alternativeRefreshRates=[]}], hdrCapabilities null, userDisabledHdrTypes [], minimalPostProcessingSupported false, rotation 0, state OFF, type VIRTUAL, uniqueId "virtual:com.oculus.systemux,10037,com.oculus.android_panel_app.AndroidPanelLayer-tooltip,0", app 1250 x 1250, density 200 (200.0 x 200.0) dpi, layerStack 122, colorMode 0, supportedColorModes [0], deviceProductInfo null, owner com.oculus.systemux (uid 10037), removeMode 1, refreshRateOverride 0.0, brightnessMinimum 0.0, brightnessMaximum 0.0, brightnessDefault 0.0}
12-30 03:11:30.676  1151  2522 I LogicalDisplayMapper: Setting new display group 0 for display 122, from previous group: null
12-30 03:11:30.677  1151  2522 W DisplayPowerController[122]: Screen brightness nits configuration is unavailable; falling back
12-30 03:11:30.694  1151  1172 I WindowManager: Override config changes=20005df8 {0.0 ?mcc?mnc ?localeList ?layoutDir sw1000dp w1000dp h1000dp 200dpi xlrg port ?uimode ?night -touch -keyb/v/h -nav/h winConfig={ mBounds=Rect(0, 0 - 1250, 1250) mAppBounds=Rect(0, 0 - 1250, 1250) mMaxBounds=Rect(0, 0 - 1250, 1250) mWindowingMode=fullscreen mDisplayWindowingMode=fullscreen mActivityType=undefined mAlwaysOnTop=undefined mRotation=ROTATION_0} ?fontWeightAdjustment} for displayId=122
12-30 03:11:30.705  1151  1172 V WindowManager: Display 122 state is now (1), so update layer mirroring?
12-30 03:11:30.712  1151  1174 I DisplayDeviceRepository: Display device changed: DisplayDeviceInfo{"com.oculus.android_panel_app.AndroidPanelLayer-tooltip": uniqueId="virtual:com.oculus.systemux,10037,com.oculus.android_panel_app.AndroidPanelLayer-tooltip,0", 144 x 65, modeId 255, defaultModeId 255, supportedModes [{id=255, width=144, height=65, fps=60.0, alternativeRefreshRates=[]}], colorMode 0, supportedColorModes [0], hdrCapabilities null, allmSupported false, gameContentTypeSupported false, density 200, 200.0 x 200.0 dpi, appVsyncOff 0, presDeadline 16666666, touch NONE, rotation 0, type VIRTUAL, deviceProductInfo null, state OFF, owner com.oculus.systemux (uid 10037), frameRateOverride , brightnessMinimum 0.0, brightnessMaximum 0.0, brightnessDefault 0.0, FLAG_PRIVATE, FLAG_NEVER_BLANK, FLAG_OWN_CONTENT_ONLY}
12-30 03:11:30.716  1151  1172 I WindowManager: Override config changes=20000d80 {0.0 ?mcc?mnc ?localeList ?layoutDir sw52dp w115dp h52dp 200dpi smll land ?uimode ?night -touch -keyb/v/h -nav/h winConfig={ mBounds=Rect(0, 0 - 144, 65) mAppBounds=Rect(0, 0 - 144, 65) mMaxBounds=Rect(0, 0 - 144, 65) mWindowingMode=fullscreen mDisplayWindowingMode=fullscreen mActivityType=undefined mAlwaysOnTop=undefined mRotation=ROTATION_0} ?fontWeightAdjustment} for displayId=122
12-30 03:11:30.719  1151  1172 V WindowManager: Display 122 state is now (1), so update layer mirroring?
12-30 03:11:30.719  1151  1172 V WindowManager: Display 122 state is now (1), so update layer mirroring?
12-30 03:11:30.737  1151  1174 I DisplayDeviceRepository: Display device changed: DisplayDeviceInfo{"com.oculus.android_panel_app.AndroidPanelLayer-tooltip": uniqueId="virtual:com.oculus.systemux,10037,com.oculus.android_panel_app.AndroidPanelLayer-tooltip,0", 144 x 65, modeId 255, defaultModeId 255, supportedModes [{id=255, width=144, height=65, fps=60.0, alternativeRefreshRates=[]}], colorMode 0, supportedColorModes [0], hdrCapabilities null, allmSupported false, gameContentTypeSupported false, density 200, 200.0 x 200.0 dpi, appVsyncOff 0, presDeadline 16666666, touch NONE, rotation 0, type VIRTUAL, deviceProductInfo null, state OFF, owner com.oculus.systemux (uid 10037), frameRateOverride , brightnessMinimum 0.0, brightnessMaximum 0.0, brightnessDefault 0.0, FLAG_PRIVATE, FLAG_NEVER_BLANK, FLAG_OWN_CONTENT_ONLY}
12-30 03:11:30.737  1151  1174 I DisplayDeviceRepository: Display device changed: DisplayDeviceInfo{"com.oculus.android_panel_app.AndroidPanelLayer-tooltip": uniqueId="virtual:com.oculus.systemux,10037,com.oculus.android_panel_app.AndroidPanelLayer-tooltip,0", 144 x 65, modeId 255, defaultModeId 255, supportedModes [{id=255, width=144, height=65, fps=60.0, alternativeRefreshRates=[]}], colorMode 0, supportedColorModes [0], hdrCapabilities null, allmSupported false, gameContentTypeSupported false, density 200, 200.0 x 200.0 dpi, appVsyncOff 0, presDeadline 16666666, touch NONE, rotation 0, type VIRTUAL, deviceProductInfo null, state ON, owner com.oculus.systemux (uid 10037), frameRateOverride , brightnessMinimum 0.0, brightnessMaximum 0.0, brightnessDefault 0.0, FLAG_PRIVATE, FLAG_NEVER_BLANK, FLAG_OWN_CONTENT_ONLY}
12-30 03:11:30.740  1151  1172 V WindowManager: Display 122 state is now (2), so update layer mirroring?
12-30 03:11:30.701     0     0 W healthd : battery l=100 v=4276 t=21.5 h=2 st=4 c=-652831 fc=3749000 cc=3 chg=a
12-30 03:11:30.855     0     0 W healthd : battery l=100 v=4276 t=21.5 h=2 st=4 c=-652831 fc=3749000 cc=3 chg=a
12-30 03:11:31.588  1151  2522 I DisplayDeviceRepository: Display device removed: DisplayDeviceInfo{"com.oculus.android_panel_app.AndroidPanelLayer-controlbar4": uniqueId="virtual:com.oculus.systemux,10037,com.oculus.android_panel_app.AndroidPanelLayer-controlbar4,0", 1280 x 50, modeId 253, defaultModeId 253, supportedModes [{id=253, width=1280, height=50, fps=60.0, alternativeRefreshRates=[]}], colorMode 0, supportedColorModes [0], hdrCapabilities null, allmSupported false, gameContentTypeSupported false, density 200, 200.0 x 200.0 dpi, appVsyncOff 0, presDeadline 16666666, touch NONE, rotation 0, type VIRTUAL, deviceProductInfo null, state ON, owner com.oculus.systemux (uid 10037), frameRateOverride , brightnessMinimum 0.0, brightnessMaximum 0.0, brightnessDefault 0.0, FLAG_PRIVATE, FLAG_NEVER_BLANK, FLAG_OWN_CONTENT_ONLY}
12-30 03:11:31.589  1151  2522 I LogicalDisplayMapper: Removing display: 121
12-30 03:11:31.592  1151  2522 I DisplayDeviceRepository: Display device added: DisplayDeviceInfo{"com.oculus.android_panel_app.AndroidPanelLayer-controlbar3": uniqueId="virtual:com.oculus.systemux,10037,com.oculus.android_panel_app.AndroidPanelLayer-controlbar3,0", 1250 x 50, modeId 256, defaultModeId 256, supportedModes [{id=256, width=1250, height=50, fps=60.0, alternativeRefreshRates=[]}], colorMode 0, supportedColorModes [0], hdrCapabilities null, allmSupported false, gameContentTypeSupported false, density 200, 200.0 x 200.0 dpi, appVsyncOff 0, presDeadline 16666666, touch NONE, rotation 0, type VIRTUAL, deviceProductInfo null, state OFF, owner com.oculus.systemux (uid 10037), frameRateOverride , brightnessMinimum 0.0, brightnessMaximum 0.0, brightnessDefault 0.0, FLAG_PRIVATE, FLAG_NEVER_BLANK, FLAG_OWN_CONTENT_ONLY}
12-30 03:11:31.593  1151  2522 I LogicalDisplayMapper: Applying layout: [{addr: {port=129, model=0x40446d9218dcf4}, dispId: 0(ON)}], Previous layout: [{addr: {port=129, model=0x40446d9218dcf4}, dispId: 0(ON)}]
12-30 03:11:31.593  1151  2522 I LogicalDisplayMapper: Adding new display: 123: DisplayInfo{"com.oculus.android_panel_app.AndroidPanelLayer-controlbar3", displayId 123", displayGroupId -1, FLAG_PRIVATE, real 1250 x 50, largest app 1250 x 50, smallest app 1250 x 50, appVsyncOff 0, presDeadline 16666666, mode 256, defaultMode 256, modes [{id=256, width=1250, height=50, fps=60.0, alternativeRefreshRates=[]}], hdrCapabilities null, userDisabledHdrTypes [], minimalPostProcessingSupported false, rotation 0, state OFF, type VIRTUAL, uniqueId "virtual:com.oculus.systemux,10037,com.oculus.android_panel_app.AndroidPanelLayer-controlbar3,0", app 1250 x 50, density 200 (200.0 x 200.0) dpi, layerStack 123, colorMode 0, supportedColorModes [0], deviceProductInfo null, owner com.oculus.systemux (uid 10037), removeMode 1, refreshRateOverride 0.0, brightnessMinimum 0.0, brightnessMaximum 0.0, brightnessDefault 0.0}
12-30 03:11:31.593  1151  2522 I LogicalDisplayMapper: Setting new display group 0 for display 123, from previous group: null
12-30 03:11:31.593  1151  2522 W DisplayPowerController[123]: Screen brightness nits configuration is unavailable; falling back
12-30 03:11:31.610  1151  1172 I WindowManager: Override config changes=20005df8 {0.0 ?mcc?mnc ?localeList ?layoutDir sw40dp w1000dp h40dp 200dpi nrml long land ?uimode ?night -touch -keyb/v/h -nav/h winConfig={ mBounds=Rect(0, 0 - 1250, 50) mAppBounds=Rect(0, 0 - 1250, 50) mMaxBounds=Rect(0, 0 - 1250, 50) mWindowingMode=fullscreen mDisplayWindowingMode=fullscreen mActivityType=undefined mAlwaysOnTop=undefined mRotation=ROTATION_0} ?fontWeightAdjustment} for displayId=123
12-30 03:11:31.613  1151  1172 V WindowManager: Display 123 state is now (1), so update layer mirroring?
12-30 03:11:31.614  1151  1172 V WindowManager: Display 123 state is now (1), so update layer mirroring?
12-30 03:11:31.619  1151  1174 I DisplayDeviceRepository: Display device changed: DisplayDeviceInfo{"com.oculus.android_panel_app.AndroidPanelLayer-controlbar3": uniqueId="virtual:com.oculus.systemux,10037,com.oculus.android_panel_app.AndroidPanelLayer-controlbar3,0", 1280 x 50, modeId 257, defaultModeId 257, supportedModes [{id=257, width=1280, height=50, fps=60.0, alternativeRefreshRates=[]}], colorMode 0, supportedColorModes [0], hdrCapabilities null, allmSupported false, gameContentTypeSupported false, density 200, 200.0 x 200.0 dpi, appVsyncOff 0, presDeadline 16666666, touch NONE, rotation 0, type VIRTUAL, deviceProductInfo null, state OFF, owner com.oculus.systemux (uid 10037), frameRateOverride , brightnessMinimum 0.0, brightnessMaximum 0.0, brightnessDefault 0.0, FLAG_PRIVATE, FLAG_NEVER_BLANK, FLAG_OWN_CONTENT_ONLY}
12-30 03:11:31.623  1151  1172 I WindowManager: Override config changes=20000400 {0.0 ?mcc?mnc ?localeList ?layoutDir sw40dp w1024dp h40dp 200dpi nrml long land ?uimode ?night -touch -keyb/v/h -nav/h winConfig={ mBounds=Rect(0, 0 - 1280, 50) mAppBounds=Rect(0, 0 - 1280, 50) mMaxBounds=Rect(0, 0 - 1280, 50) mWindowingMode=fullscreen mDisplayWindowingMode=fullscreen mActivityType=undefined mAlwaysOnTop=undefined mRotation=ROTATION_0} ?fontWeightAdjustment} for displayId=123
12-30 03:11:31.627  1151  1172 V WindowManager: Display 123 state is now (1), so update layer mirroring?
12-30 03:11:31.627  1151  1172 V WindowManager: Display 123 state is now (1), so update layer mirroring?
12-30 03:11:31.661  1151  1903 I DisplayDeviceRepository: Display device added: DisplayDeviceInfo{"com.oculus.android_panel_app.AndroidPanelLayer-#main": uniqueId="virtual:com.oculus.systemux,10037,com.oculus.android_panel_app.AndroidPanelLayer-#main,2", 1280 x 800, modeId 258, defaultModeId 258, supportedModes [{id=258, width=1280, height=800, fps=60.0, alternativeRefreshRates=[]}], colorMode 0, supportedColorModes [0], hdrCapabilities null, allmSupported false, gameContentTypeSupported false, density 200, 200.0 x 200.0 dpi, appVsyncOff 0, presDeadline 16666666, touch NONE, rotation 0, type VIRTUAL, deviceProductInfo null, state OFF, owner com.oculus.systemux (uid 10037), frameRateOverride , brightnessMinimum 0.0, brightnessMaximum 0.0, brightnessDefault 0.0, FLAG_PRIVATE, FLAG_NEVER_BLANK, FLAG_OWN_CONTENT_ONLY}
12-30 03:11:31.663  1151  1903 I LogicalDisplayMapper: Applying layout: [{addr: {port=129, model=0x40446d9218dcf4}, dispId: 0(ON)}], Previous layout: [{addr: {port=129, model=0x40446d9218dcf4}, dispId: 0(ON)}]
12-30 03:11:31.663  1151  1903 I LogicalDisplayMapper: Adding new display: 124: DisplayInfo{"com.oculus.android_panel_app.AndroidPanelLayer-#main", displayId 124", displayGroupId -1, FLAG_PRIVATE, real 1280 x 800, largest app 1280 x 800, smallest app 1280 x 800, appVsyncOff 0, presDeadline 16666666, mode 258, defaultMode 258, modes [{id=258, width=1280, height=800, fps=60.0, alternativeRefreshRates=[]}], hdrCapabilities null, userDisabledHdrTypes [], minimalPostProcessingSupported false, rotation 0, state OFF, type VIRTUAL, uniqueId "virtual:com.oculus.systemux,10037,com.oculus.android_panel_app.AndroidPanelLayer-#main,2", app 1280 x 800, density 200 (200.0 x 200.0) dpi, layerStack 124, colorMode 0, supportedColorModes [0], deviceProductInfo null, owner com.oculus.systemux (uid 10037), removeMode 1, refreshRateOverride 0.0, brightnessMinimum 0.0, brightnessMaximum 0.0, brightnessDefault 0.0}
12-30 03:11:31.663  1151  1903 I LogicalDisplayMapper: Setting new display group 0 for display 124, from previous group: null
12-30 03:11:31.664  1151  1903 W DisplayPowerController[124]: Screen brightness nits configuration is unavailable; falling back
12-30 03:11:31.680  1151  1172 I WindowManager: Override config changes=20005df8 {0.0 ?mcc?mnc ?localeList ?layoutDir sw640dp w1024dp h640dp 200dpi lrg land ?uimode ?night -touch -keyb/v/h -nav/h winConfig={ mBounds=Rect(0, 0 - 1280, 800) mAppBounds=Rect(0, 0 - 1280, 800) mMaxBounds=Rect(0, 0 - 1280, 800) mWindowingMode=fullscreen mDisplayWindowingMode=fullscreen mActivityType=undefined mAlwaysOnTop=undefined mRotation=ROTATION_0} ?fontWeightAdjustment} for displayId=124
12-30 03:11:31.688  1151  1172 V WindowManager: Display 124 state is now (1), so update layer mirroring?
12-30 03:11:31.787  1151  1174 I DisplayDeviceRepository: Display device changed: DisplayDeviceInfo{"com.oculus.android_panel_app.AndroidPanelLayer-controlbar3": uniqueId="virtual:com.oculus.systemux,10037,com.oculus.android_panel_app.AndroidPanelLayer-controlbar3,0", 1280 x 50, modeId 257, defaultModeId 257, supportedModes [{id=257, width=1280, height=50, fps=60.0, alternativeRefreshRates=[]}], colorMode 0, supportedColorModes [0], hdrCapabilities null, allmSupported false, gameContentTypeSupported false, density 200, 200.0 x 200.0 dpi, appVsyncOff 0, presDeadline 16666666, touch NONE, rotation 0, type VIRTUAL, deviceProductInfo null, state OFF, owner com.oculus.systemux (uid 10037), frameRateOverride , brightnessMinimum 0.0, brightnessMaximum 0.0, brightnessDefault 0.0, FLAG_PRIVATE, FLAG_NEVER_BLANK, FLAG_OWN_CONTENT_ONLY}
12-30 03:11:31.788  1151  1174 I DisplayDeviceRepository: Display device changed: DisplayDeviceInfo{"com.oculus.android_panel_app.AndroidPanelLayer-controlbar3": uniqueId="virtual:com.oculus.systemux,10037,com.oculus.android_panel_app.AndroidPanelLayer-controlbar3,0", 1280 x 50, modeId 257, defaultModeId 257, supportedModes [{id=257, width=1280, height=50, fps=60.0, alternativeRefreshRates=[]}], colorMode 0, supportedColorModes [0], hdrCapabilities null, allmSupported false, gameContentTypeSupported false, density 200, 200.0 x 200.0 dpi, appVsyncOff 0, presDeadline 16666666, touch NONE, rotation 0, type VIRTUAL, deviceProductInfo null, state ON, owner com.oculus.systemux (uid 10037), frameRateOverride , brightnessMinimum 0.0, brightnessMaximum 0.0, brightnessDefault 0.0, FLAG_PRIVATE, FLAG_NEVER_BLANK, FLAG_OWN_CONTENT_ONLY}
12-30 03:11:31.791  1151  1172 V WindowManager: Display 123 state is now (2), so update layer mirroring?
12-30 03:11:31.800  1151  1174 I DisplayDeviceRepository: Display device changed: DisplayDeviceInfo{"com.oculus.android_panel_app.AndroidPanelLayer-#main": uniqueId="virtual:com.oculus.systemux,10037,com.oculus.android_panel_app.AndroidPanelLayer-#main,2", 1280 x 800, modeId 258, defaultModeId 258, supportedModes [{id=258, width=1280, height=800, fps=60.0, alternativeRefreshRates=[]}], colorMode 0, supportedColorModes [0], hdrCapabilities null, allmSupported false, gameContentTypeSupported false, density 200, 200.0 x 200.0 dpi, appVsyncOff 0, presDeadline 16666666, touch NONE, rotation 0, type VIRTUAL, deviceProductInfo null, state OFF, owner com.oculus.systemux (uid 10037), frameRateOverride , brightnessMinimum 0.0, brightnessMaximum 0.0, brightnessDefault 0.0, FLAG_PRIVATE, FLAG_NEVER_BLANK, FLAG_OWN_CONTENT_ONLY}
12-30 03:11:31.800  1151  1174 I DisplayDeviceRepository: Display device changed: DisplayDeviceInfo{"com.oculus.android_panel_app.AndroidPanelLayer-#main": uniqueId="virtual:com.oculus.systemux,10037,com.oculus.android_panel_app.AndroidPanelLayer-#main,2", 1280 x 800, modeId 258, defaultModeId 258, supportedModes [{id=258, width=1280, height=800, fps=60.0, alternativeRefreshRates=[]}], colorMode 0, supportedColorModes [0], hdrCapabilities null, allmSupported false, gameContentTypeSupported false, density 200, 200.0 x 200.0 dpi, appVsyncOff 0, presDeadline 16666666, touch NONE, rotation 0, type VIRTUAL, deviceProductInfo null, state ON, owner com.oculus.systemux (uid 10037), frameRateOverride , brightnessMinimum 0.0, brightnessMaximum 0.0, brightnessDefault 0.0, FLAG_PRIVATE, FLAG_NEVER_BLANK, FLAG_OWN_CONTENT_ONLY}
12-30 03:11:31.804  1151  1172 V WindowManager: Display 124 state is now (2), so update layer mirroring?
12-30 03:11:31.917  1661 13469 D RemoteService: RemoteService - Registering status callback
12-30 03:11:32.014  1151  1903 I DisplayDeviceRepository: Display device removed: DisplayDeviceInfo{"com.oculus.android_panel_app.AndroidPanelLayer-tooltip": uniqueId="virtual:com.oculus.systemux,10037,com.oculus.android_panel_app.AndroidPanelLayer-tooltip,0", 144 x 65, modeId 255, defaultModeId 255, supportedModes [{id=255, width=144, height=65, fps=60.0, alternativeRefreshRates=[]}], colorMode 0, supportedColorModes [0], hdrCapabilities null, allmSupported false, gameContentTypeSupported false, density 200, 200.0 x 200.0 dpi, appVsyncOff 0, presDeadline 16666666, touch NONE, rotation 0, type VIRTUAL, deviceProductInfo null, state ON, owner com.oculus.systemux (uid 10037), frameRateOverride , brightnessMinimum 0.0, brightnessMaximum 0.0, brightnessDefault 0.0, FLAG_PRIVATE, FLAG_NEVER_BLANK, FLAG_OWN_CONTENT_ONLY}
12-30 03:11:32.015  1151  1903 I LogicalDisplayMapper: Removing display: 122
12-30 03:11:32.026     0     0 E         : [drm:sde_encoder_lineptr_callback:4406] late lineptr, headroom 12
12-30 03:11:33.489   787  3950 E FrameSetDispatcher: [HEADSET] Client pid=952 (IOT): Failed to read from receive FMQ for 1 packets in 5000ms.
12-30 03:11:33.489   787  3950 E FrameSetDispatcher: This probably means this client is taking more than 33 ms to process the frame.
12-30 03:11:33.489   787  3950 E FrameSetDispatcher: Retrying.
12-30 03:11:34.180   787  3906 W SyncBossHAL: [warning] syncboss_hal_data_handlers.c(149): s:0 Long processing time detected for streaming packet type 80 (1078us)
12-30 03:11:35.242  1151  1903 I DisplayDeviceRepository: Display device added: DisplayDeviceInfo{"com.oculus.android_panel_app.AndroidPanelLayer-tooltip": uniqueId="virtual:com.oculus.systemux,10037,com.oculus.android_panel_app.AndroidPanelLayer-tooltip,0", 1250 x 1250, modeId 259, defaultModeId 259, supportedModes [{id=259, width=1250, height=1250, fps=60.0, alternativeRefreshRates=[]}], colorMode 0, supportedColorModes [0], hdrCapabilities null, allmSupported false, gameContentTypeSupported false, density 200, 200.0 x 200.0 dpi, appVsyncOff 0, presDeadline 16666666, touch NONE, rotation 0, type VIRTUAL, deviceProductInfo null, state OFF, owner com.oculus.systemux (uid 10037), frameRateOverride , brightnessMinimum 0.0, brightnessMaximum 0.0, brightnessDefault 0.0, FLAG_PRIVATE, FLAG_NEVER_BLANK, FLAG_OWN_CONTENT_ONLY}
12-30 03:11:35.243  1151  1903 I LogicalDisplayMapper: Applying layout: [{addr: {port=129, model=0x40446d9218dcf4}, dispId: 0(ON)}], Previous layout: [{addr: {port=129, model=0x40446d9218dcf4}, dispId: 0(ON)}]
12-30 03:11:35.243  1151  1903 I LogicalDisplayMapper: Adding new display: 125: DisplayInfo{"com.oculus.android_panel_app.AndroidPanelLayer-tooltip", displayId 125", displayGroupId -1, FLAG_PRIVATE, real 1250 x 1250, largest app 1250 x 1250, smallest app 1250 x 1250, appVsyncOff 0, presDeadline 16666666, mode 259, defaultMode 259, modes [{id=259, width=1250, height=1250, fps=60.0, alternativeRefreshRates=[]}], hdrCapabilities null, userDisabledHdrTypes [], minimalPostProcessingSupported false, rotation 0, state OFF, type VIRTUAL, uniqueId "virtual:com.oculus.systemux,10037,com.oculus.android_panel_app.AndroidPanelLayer-tooltip,0", app 1250 x 1250, density 200 (200.0 x 200.0) dpi, layerStack 125, colorMode 0, supportedColorModes [0], deviceProductInfo null, owner com.oculus.systemux (uid 10037), removeMode 1, refreshRateOverride 0.0, brightnessMinimum 0.0, brightnessMaximum 0.0, brightnessDefault 0.0}
12-30 03:11:35.243  1151  1903 I LogicalDisplayMapper: Setting new display group 0 for display 125, from previous group: null
12-30 03:11:35.244  1151  1903 W DisplayPowerController[125]: Screen brightness nits configuration is unavailable; falling back
12-30 03:11:35.255  1151  1172 I WindowManager: Override config changes=20005df8 {0.0 ?mcc?mnc ?localeList ?layoutDir sw1000dp w1000dp h1000dp 200dpi xlrg port ?uimode ?night -touch -keyb/v/h -nav/h winConfig={ mBounds=Rect(0, 0 - 1250, 1250) mAppBounds=Rect(0, 0 - 1250, 1250) mMaxBounds=Rect(0, 0 - 1250, 1250) mWindowingMode=fullscreen mDisplayWindowingMode=fullscreen mActivityType=undefined mAlwaysOnTop=undefined mRotation=ROTATION_0} ?fontWeightAdjustment} for displayId=125
12-30 03:11:35.267  1151  1172 V WindowManager: Display 125 state is now (1), so update layer mirroring?
12-30 03:11:35.274  1151  1174 I DisplayDeviceRepository: Display device changed: DisplayDeviceInfo{"com.oculus.android_panel_app.AndroidPanelLayer-tooltip": uniqueId="virtual:com.oculus.systemux,10037,com.oculus.android_panel_app.AndroidPanelLayer-tooltip,0", 279 x 65, modeId 260, defaultModeId 260, supportedModes [{id=260, width=279, height=65, fps=60.0, alternativeRefreshRates=[]}], colorMode 0, supportedColorModes [0], hdrCapabilities null, allmSupported false, gameContentTypeSupported false, density 200, 200.0 x 200.0 dpi, appVsyncOff 0, presDeadline 16666666, touch NONE, rotation 0, type VIRTUAL, deviceProductInfo null, state OFF, owner com.oculus.systemux (uid 10037), frameRateOverride , brightnessMinimum 0.0, brightnessMaximum 0.0, brightnessDefault 0.0, FLAG_PRIVATE, FLAG_NEVER_BLANK, FLAG_OWN_CONTENT_ONLY}
12-30 03:11:35.286  1151  1172 I WindowManager: Override config changes=20000d80 {0.0 ?mcc?mnc ?localeList ?layoutDir sw52dp w223dp h52dp 200dpi smll land ?uimode ?night -touch -keyb/v/h -nav/h winConfig={ mBounds=Rect(0, 0 - 279, 65) mAppBounds=Rect(0, 0 - 279, 65) mMaxBounds=Rect(0, 0 - 279, 65) mWindowingMode=fullscreen mDisplayWindowingMode=fullscreen mActivityType=undefined mAlwaysOnTop=undefined mRotation=ROTATION_0} ?fontWeightAdjustment} for displayId=125
12-30 03:11:35.288  1151  1172 V WindowManager: Display 125 state is now (1), so update layer mirroring?
12-30 03:11:35.288  1151  1172 V WindowManager: Display 125 state is now (1), so update layer mirroring?
12-30 03:11:35.314  1151  1174 I DisplayDeviceRepository: Display device changed: DisplayDeviceInfo{"com.oculus.android_panel_app.AndroidPanelLayer-tooltip": uniqueId="virtual:com.oculus.systemux,10037,com.oculus.android_panel_app.AndroidPanelLayer-tooltip,0", 279 x 65, modeId 260, defaultModeId 260, supportedModes [{id=260, width=279, height=65, fps=60.0, alternativeRefreshRates=[]}], colorMode 0, supportedColorModes [0], hdrCapabilities null, allmSupported false, gameContentTypeSupported false, density 200, 200.0 x 200.0 dpi, appVsyncOff 0, presDeadline 16666666, touch NONE, rotation 0, type VIRTUAL, deviceProductInfo null, state OFF, owner com.oculus.systemux (uid 10037), frameRateOverride , brightnessMinimum 0.0, brightnessMaximum 0.0, brightnessDefault 0.0, FLAG_PRIVATE, FLAG_NEVER_BLANK, FLAG_OWN_CONTENT_ONLY}
12-30 03:11:35.316  1151  1174 I DisplayDeviceRepository: Display device changed: DisplayDeviceInfo{"com.oculus.android_panel_app.AndroidPanelLayer-tooltip": uniqueId="virtual:com.oculus.systemux,10037,com.oculus.android_panel_app.AndroidPanelLayer-tooltip,0", 279 x 65, modeId 260, defaultModeId 260, supportedModes [{id=260, width=279, height=65, fps=60.0, alternativeRefreshRates=[]}], colorMode 0, supportedColorModes [0], hdrCapabilities null, allmSupported false, gameContentTypeSupported false, density 200, 200.0 x 200.0 dpi, appVsyncOff 0, presDeadline 16666666, touch NONE, rotation 0, type VIRTUAL, deviceProductInfo null, state ON, owner com.oculus.systemux (uid 10037), frameRateOverride , brightnessMinimum 0.0, brightnessMaximum 0.0, brightnessDefault 0.0, FLAG_PRIVATE, FLAG_NEVER_BLANK, FLAG_OWN_CONTENT_ONLY}
12-30 03:11:35.325  1151  1172 V WindowManager: Display 125 state is now (2), so update layer mirroring?
12-30 03:11:35.387  1151  1903 I DisplayDeviceRepository: Display device removed: DisplayDeviceInfo{"com.oculus.android_panel_app.AndroidPanelLayer-tooltip": uniqueId="virtual:com.oculus.systemux,10037,com.oculus.android_panel_app.AndroidPanelLayer-tooltip,0", 279 x 65, modeId 260, defaultModeId 260, supportedModes [{id=260, width=279, height=65, fps=60.0, alternativeRefreshRates=[]}], colorMode 0, supportedColorModes [0], hdrCapabilities null, allmSupported false, gameContentTypeSupported false, density 200, 200.0 x 200.0 dpi, appVsyncOff 0, presDeadline 16666666, touch NONE, rotation 0, type VIRTUAL, deviceProductInfo null, state ON, owner com.oculus.systemux (uid 10037), frameRateOverride , brightnessMinimum 0.0, brightnessMaximum 0.0, brightnessDefault 0.0, FLAG_PRIVATE, FLAG_NEVER_BLANK, FLAG_OWN_CONTENT_ONLY}
12-30 03:11:35.388  1151  1903 I LogicalDisplayMapper: Removing display: 125
12-30 03:11:35.911     0     0 W healthd : battery l=100 v=4284 t=21.5 h=2 st=4 c=-603027 fc=3749000 cc=3 chg=a
12-30 03:11:36.275  1151  1903 I DisplayDeviceRepository: Display device added: DisplayDeviceInfo{"com.oculus.android_panel_app.AndroidPanelLayer-tooltip": uniqueId="virtual:com.oculus.systemux,10037,com.oculus.android_panel_app.AndroidPanelLayer-tooltip,0", 1250 x 1250, modeId 261, defaultModeId 261, supportedModes [{id=261, width=1250, height=1250, fps=60.0, alternativeRefreshRates=[]}], colorMode 0, supportedColorModes [0], hdrCapabilities null, allmSupported false, gameContentTypeSupported false, density 200, 200.0 x 200.0 dpi, appVsyncOff 0, presDeadline 16666666, touch NONE, rotation 0, type VIRTUAL, deviceProductInfo null, state OFF, owner com.oculus.systemux (uid 10037), frameRateOverride , brightnessMinimum 0.0, brightnessMaximum 0.0, brightnessDefault 0.0, FLAG_PRIVATE, FLAG_NEVER_BLANK, FLAG_OWN_CONTENT_ONLY}
12-30 03:11:36.276  1151  1903 I LogicalDisplayMapper: Applying layout: [{addr: {port=129, model=0x40446d9218dcf4}, dispId: 0(ON)}], Previous layout: [{addr: {port=129, model=0x40446d9218dcf4}, dispId: 0(ON)}]
12-30 03:11:36.276  1151  1903 I LogicalDisplayMapper: Adding new display: 126: DisplayInfo{"com.oculus.android_panel_app.AndroidPanelLayer-tooltip", displayId 126", displayGroupId -1, FLAG_PRIVATE, real 1250 x 1250, largest app 1250 x 1250, smallest app 1250 x 1250, appVsyncOff 0, presDeadline 16666666, mode 261, defaultMode 261, modes [{id=261, width=1250, height=1250, fps=60.0, alternativeRefreshRates=[]}], hdrCapabilities null, userDisabledHdrTypes [], minimalPostProcessingSupported false, rotation 0, state OFF, type VIRTUAL, uniqueId "virtual:com.oculus.systemux,10037,com.oculus.android_panel_app.AndroidPanelLayer-tooltip,0", app 1250 x 1250, density 200 (200.0 x 200.0) dpi, layerStack 126, colorMode 0, supportedColorModes [0], deviceProductInfo null, owner com.oculus.systemux (uid 10037), removeMode 1, refreshRateOverride 0.0, brightnessMinimum 0.0, brightnessMaximum 0.0, brightnessDefault 0.0}
12-30 03:11:36.277  1151  1903 I LogicalDisplayMapper: Setting new display group 0 for display 126, from previous group: null
12-30 03:11:36.277  1151  1903 W DisplayPowerController[126]: Screen brightness nits configuration is unavailable; falling back
12-30 03:11:36.295  1151  1172 I WindowManager: Override config changes=20005df8 {0.0 ?mcc?mnc ?localeList ?layoutDir sw1000dp w1000dp h1000dp 200dpi xlrg port ?uimode ?night -touch -keyb/v/h -nav/h winConfig={ mBounds=Rect(0, 0 - 1250, 1250) mAppBounds=Rect(0, 0 - 1250, 1250) mMaxBounds=Rect(0, 0 - 1250, 1250) mWindowingMode=fullscreen mDisplayWindowingMode=fullscreen mActivityType=undefined mAlwaysOnTop=undefined mRotation=ROTATION_0} ?fontWeightAdjustment} for displayId=126
12-30 03:11:36.301  1151  1172 V WindowManager: Display 126 state is now (1), so update layer mirroring?
12-30 03:11:36.303  1151  1172 V WindowManager: Display 126 state is now (1), so update layer mirroring?
12-30 03:11:36.310  1151  1174 I DisplayDeviceRepository: Display device changed: DisplayDeviceInfo{"com.oculus.android_panel_app.AndroidPanelLayer-tooltip": uniqueId="virtual:com.oculus.systemux,10037,com.oculus.android_panel_app.AndroidPanelLayer-tooltip,0", 303 x 90, modeId 262, defaultModeId 262, supportedModes [{id=262, width=303, height=90, fps=60.0, alternativeRefreshRates=[]}], colorMode 0, supportedColorModes [0], hdrCapabilities null, allmSupported false, gameContentTypeSupported false, density 200, 200.0 x 200.0 dpi, appVsyncOff 0, presDeadline 16666666, touch NONE, rotation 0, type VIRTUAL, deviceProductInfo null, state OFF, owner com.oculus.systemux (uid 10037), frameRateOverride , brightnessMinimum 0.0, brightnessMaximum 0.0, brightnessDefault 0.0, FLAG_PRIVATE, FLAG_NEVER_BLANK, FLAG_OWN_CONTENT_ONLY}
12-30 03:11:36.314  1151  1172 I WindowManager: Override config changes=20000d80 {0.0 ?mcc?mnc ?localeList ?layoutDir sw72dp w242dp h72dp 200dpi smll land ?uimode ?night -touch -keyb/v/h -nav/h winConfig={ mBounds=Rect(0, 0 - 303, 90) mAppBounds=Rect(0, 0 - 303, 90) mMaxBounds=Rect(0, 0 - 303, 90) mWindowingMode=fullscreen mDisplayWindowingMode=fullscreen mActivityType=undefined mAlwaysOnTop=undefined mRotation=ROTATION_0} ?fontWeightAdjustment} for displayId=126
12-30 03:11:36.317  1151  1172 V WindowManager: Display 126 state is now (1), so update layer mirroring?
12-30 03:11:36.321  1151  1172 V WindowManager: Display 126 state is now (1), so update layer mirroring?
12-30 03:11:36.378  1151  1174 I DisplayDeviceRepository: Display device changed: DisplayDeviceInfo{"com.oculus.android_panel_app.AndroidPanelLayer-tooltip": uniqueId="virtual:com.oculus.systemux,10037,com.oculus.android_panel_app.AndroidPanelLayer-tooltip,0", 303 x 90, modeId 262, defaultModeId 262, supportedModes [{id=262, width=303, height=90, fps=60.0, alternativeRefreshRates=[]}], colorMode 0, supportedColorModes [0], hdrCapabilities null, allmSupported false, gameContentTypeSupported false, density 200, 200.0 x 200.0 dpi, appVsyncOff 0, presDeadline 16666666, touch NONE, rotation 0, type VIRTUAL, deviceProductInfo null, state OFF, owner com.oculus.systemux (uid 10037), frameRateOverride , brightnessMinimum 0.0, brightnessMaximum 0.0, brightnessDefault 0.0, FLAG_PRIVATE, FLAG_NEVER_BLANK, FLAG_OWN_CONTENT_ONLY}
12-30 03:11:36.379  1151  1174 I DisplayDeviceRepository: Display device changed: DisplayDeviceInfo{"com.oculus.android_panel_app.AndroidPanelLayer-tooltip": uniqueId="virtual:com.oculus.systemux,10037,com.oculus.android_panel_app.AndroidPanelLayer-tooltip,0", 303 x 90, modeId 262, defaultModeId 262, supportedModes [{id=262, width=303, height=90, fps=60.0, alternativeRefreshRates=[]}], colorMode 0, supportedColorModes [0], hdrCapabilities null, allmSupported false, gameContentTypeSupported false, density 200, 200.0 x 200.0 dpi, appVsyncOff 0, presDeadline 16666666, touch NONE, rotation 0, type VIRTUAL, deviceProductInfo null, state ON, owner com.oculus.systemux (uid 10037), frameRateOverride , brightnessMinimum 0.0, brightnessMaximum 0.0, brightnessDefault 0.0, FLAG_PRIVATE, FLAG_NEVER_BLANK, FLAG_OWN_CONTENT_ONLY}
12-30 03:11:36.381  1151  1172 V WindowManager: Display 126 state is now (2), so update layer mirroring?
12-30 03:11:37.800  1151  5028 I DisplayDeviceRepository: Display device removed: DisplayDeviceInfo{"com.oculus.android_panel_app.AndroidPanelLayer-tooltip": uniqueId="virtual:com.oculus.systemux,10037,com.oculus.android_panel_app.AndroidPanelLayer-tooltip,0", 303 x 90, modeId 262, defaultModeId 262, supportedModes [{id=262, width=303, height=90, fps=60.0, alternativeRefreshRates=[]}], colorMode 0, supportedColorModes [0], hdrCapabilities null, allmSupported false, gameContentTypeSupported false, density 200, 200.0 x 200.0 dpi, appVsyncOff 0, presDeadline 16666666, touch NONE, rotation 0, type VIRTUAL, deviceProductInfo null, state ON, owner com.oculus.systemux (uid 10037), frameRateOverride , brightnessMinimum 0.0, brightnessMaximum 0.0, brightnessDefault 0.0, FLAG_PRIVATE, FLAG_NEVER_BLANK, FLAG_OWN_CONTENT_ONLY}
12-30 03:11:37.801  1151  5028 I LogicalDisplayMapper: Removing display: 126
12-30 03:11:38.814  1151  4321 W ProcessStats: Tracking association SourceState{a39c56c com.oculus.ocms/10011 BTopFgs #21294} whose proc state 2 is better than process ProcessState{5256945 com.oculus.qplservice/10043 pkg=com.oculus.qplservice} proc state 3 (87 skipped)
12-30 03:11:38.934  1151  4321 I DisplayDeviceRepository: Display device added: DisplayDeviceInfo{"com.oculus.android_panel_app.AndroidPanelLayer-#main": uniqueId="virtual:com.oculus.systemux,10037,com.oculus.android_panel_app.AndroidPanelLayer-#main,3", 1280 x 800, modeId 263, defaultModeId 263, supportedModes [{id=263, width=1280, height=800, fps=60.0, alternativeRefreshRates=[]}], colorMode 0, supportedColorModes [0], hdrCapabilities null, allmSupported false, gameContentTypeSupported false, density 200, 200.0 x 200.0 dpi, appVsyncOff 0, presDeadline 16666666, touch NONE, rotation 0, type VIRTUAL, deviceProductInfo null, state OFF, owner com.oculus.systemux (uid 10037), frameRateOverride , brightnessMinimum 0.0, brightnessMaximum 0.0, brightnessDefault 0.0, FLAG_PRIVATE, FLAG_NEVER_BLANK, FLAG_OWN_CONTENT_ONLY}
12-30 03:11:38.934  1151  4321 I LogicalDisplayMapper: Applying layout: [{addr: {port=129, model=0x40446d9218dcf4}, dispId: 0(ON)}], Previous layout: [{addr: {port=129, model=0x40446d9218dcf4}, dispId: 0(ON)}]
12-30 03:11:38.934  1151  4321 I LogicalDisplayMapper: Adding new display: 127: DisplayInfo{"com.oculus.android_panel_app.AndroidPanelLayer-#main", displayId 127", displayGroupId -1, FLAG_PRIVATE, real 1280 x 800, largest app 1280 x 800, smallest app 1280 x 800, appVsyncOff 0, presDeadline 16666666, mode 263, defaultMode 263, modes [{id=263, width=1280, height=800, fps=60.0, alternativeRefreshRates=[]}], hdrCapabilities null, userDisabledHdrTypes [], minimalPostProcessingSupported false, rotation 0, state OFF, type VIRTUAL, uniqueId "virtual:com.oculus.systemux,10037,com.oculus.android_panel_app.AndroidPanelLayer-#main,3", app 1280 x 800, density 200 (200.0 x 200.0) dpi, layerStack 127, colorMode 0, supportedColorModes [0], deviceProductInfo null, owner com.oculus.systemux (uid 10037), removeMode 1, refreshRateOverride 0.0, brightnessMinimum 0.0, brightnessMaximum 0.0, brightnessDefault 0.0}
12-30 03:11:38.935  1151  4321 I LogicalDisplayMapper: Setting new display group 0 for display 127, from previous group: null
12-30 03:11:38.935  1151  4321 W DisplayPowerController[127]: Screen brightness nits configuration is unavailable; falling back
12-30 03:11:38.964  1151  1172 I WindowManager: Override config changes=20005df8 {0.0 ?mcc?mnc ?localeList ?layoutDir sw640dp w1024dp h640dp 200dpi lrg land ?uimode ?night -touch -keyb/v/h -nav/h winConfig={ mBounds=Rect(0, 0 - 1280, 800) mAppBounds=Rect(0, 0 - 1280, 800) mMaxBounds=Rect(0, 0 - 1280, 800) mWindowingMode=fullscreen mDisplayWindowingMode=fullscreen mActivityType=undefined mAlwaysOnTop=undefined mRotation=ROTATION_0} ?fontWeightAdjustment} for displayId=127
12-30 03:11:38.986  1151  1172 V WindowManager: Display 127 state is now (1), so update layer mirroring?
12-30 03:11:38.840     0     0 W healthd : battery l=100 v=4286 t=21.7 h=2 st=4 c=-566405 fc=3749000 cc=3 chg=a
12-30 03:11:39.030  1151  5028 I DisplayDeviceRepository: Display device removed: DisplayDeviceInfo{"com.oculus.android_panel_app.AndroidPanelLayer-controlbar3": uniqueId="virtual:com.oculus.systemux,10037,com.oculus.android_panel_app.AndroidPanelLayer-controlbar3,0", 1280 x 50, modeId 257, defaultModeId 257, supportedModes [{id=257, width=1280, height=50, fps=60.0, alternativeRefreshRates=[]}], colorMode 0, supportedColorModes [0], hdrCapabilities null, allmSupported false, gameContentTypeSupported false, density 200, 200.0 x 200.0 dpi, appVsyncOff 0, presDeadline 16666666, touch NONE, rotation 0, type VIRTUAL, deviceProductInfo null, state ON, owner com.oculus.systemux (uid 10037), frameRateOverride , brightnessMinimum 0.0, brightnessMaximum 0.0, brightnessDefault 0.0, FLAG_PRIVATE, FLAG_NEVER_BLANK, FLAG_OWN_CONTENT_ONLY}
12-30 03:11:39.031  1151  5028 I LogicalDisplayMapper: Removing display: 123
12-30 03:11:39.035  1151  1336 I DisplayDeviceRepository: Display device added: DisplayDeviceInfo{"com.oculus.android_panel_app.AndroidPanelLayer-controlbar4": uniqueId="virtual:com.oculus.systemux,10037,com.oculus.android_panel_app.AndroidPanelLayer-controlbar4,0", 1250 x 50, modeId 264, defaultModeId 264, supportedModes [{id=264, width=1250, height=50, fps=60.0, alternativeRefreshRates=[]}], colorMode 0, supportedColorModes [0], hdrCapabilities null, allmSupported false, gameContentTypeSupported false, density 200, 200.0 x 200.0 dpi, appVsyncOff 0, presDeadline 16666666, touch NONE, rotation 0, type VIRTUAL, deviceProductInfo null, state OFF, owner com.oculus.systemux (uid 10037), frameRateOverride , brightnessMinimum 0.0, brightnessMaximum 0.0, brightnessDefault 0.0, FLAG_PRIVATE, FLAG_NEVER_BLANK, FLAG_OWN_CONTENT_ONLY}
12-30 03:11:39.035  1151  1336 I LogicalDisplayMapper: Applying layout: [{addr: {port=129, model=0x40446d9218dcf4}, dispId: 0(ON)}], Previous layout: [{addr: {port=129, model=0x40446d9218dcf4}, dispId: 0(ON)}]
12-30 03:11:39.035  1151  1336 I LogicalDisplayMapper: Adding new display: 128: DisplayInfo{"com.oculus.android_panel_app.AndroidPanelLayer-controlbar4", displayId 128", displayGroupId -1, FLAG_PRIVATE, real 1250 x 50, largest app 1250 x 50, smallest app 1250 x 50, appVsyncOff 0, presDeadline 16666666, mode 264, defaultMode 264, modes [{id=264, width=1250, height=50, fps=60.0, alternativeRefreshRates=[]}], hdrCapabilities null, userDisabledHdrTypes [], minimalPostProcessingSupported false, rotation 0, state OFF, type VIRTUAL, uniqueId "virtual:com.oculus.systemux,10037,com.oculus.android_panel_app.AndroidPanelLayer-controlbar4,0", app 1250 x 50, density 200 (200.0 x 200.0) dpi, layerStack 128, colorMode 0, supportedColorModes [0], deviceProductInfo null, owner com.oculus.systemux (uid 10037), removeMode 1, refreshRateOverride 0.0, brightnessMinimum 0.0, brightnessMaximum 0.0, brightnessDefault 0.0}
12-30 03:11:39.036  1151  1336 I LogicalDisplayMapper: Setting new display group 0 for display 128, from previous group: null
12-30 03:11:39.036  1151  1336 W DisplayPowerController[128]: Screen brightness nits configuration is unavailable; falling back
