--------- beginning of system
01-01 01:36:45.922  1155  1325 I ActivityTaskManager: START u0 {flg=0x10000000 cmp=com.epicgames.AtomVR/com.epicgames.unreal.GameActivity} from uid 2000
01-01 01:36:45.925  1155  1325 W ActivityTaskManager: Can't find TaskDisplayArea to determine support for multi window. Task id=3537 attached=false
--------- beginning of kernel
01-01 01:36:45.919     0     0 I binder  : 28815:28815 ioctl 40046210 7fd38fe834 returned -22
01-01 01:36:45.928  1155  1325 D CompatibilityChangeReporter: Compat change id reported: 174042980; UID 10132; state: DISABLED
01-01 01:36:45.928  1155  1325 D CompatibilityChangeReporter: Compat change id reported: 184838306; UID 10132; state: DISABLED
01-01 01:36:45.928  1155  1325 D CompatibilityChangeReporter: Compat change id reported: 185004937; UID 10132; state: DISABLED
01-01 01:36:45.929  1155  1325 D CompatibilityChangeReporter: Compat change id reported: 181136395; UID 10132; state: DISABLED
01-01 01:36:45.929  1155  1325 D CompatibilityChangeReporter: Compat change id reported: 174042936; UID 10132; state: DISABLED
01-01 01:36:45.930  1155  1325 D CompatibilityChangeReporter: Compat change id reported: 197654537; UID 10132; state: DISABLED
01-01 01:36:45.936  1155  1174 D CompatibilityChangeReporter: Compat change id reported: 135634846; UID 10132; state: DISABLED
01-01 01:36:45.936  1155  1174 D CompatibilityChangeReporter: Compat change id reported: 177438394; UID 10132; state: DISABLED
01-01 01:36:45.936  1155  1174 D CompatibilityChangeReporter: Compat change id reported: 135772972; UID 10132; state: DISABLED
01-01 01:36:45.937  1155  1174 D CompatibilityChangeReporter: Compat change id reported: 135754954; UID 10132; state: DISABLED
01-01 01:36:45.938  1155  1183 D CompatibilityChangeReporter: Compat change id reported: 143937733; UID 10132; state: DISABLED
--------- beginning of main
01-01 01:36:45.958   773   773 D Zygote  : Forked child process 28819
01-01 01:36:45.960  1155  1183 I ActivityManager: Start proc 28819:com.epicgames.AtomVR/u0a132 for top-activity {com.epicgames.AtomVR/com.epicgames.unreal.GameActivity}
01-01 01:36:45.960   802  5019 D AF::TrackHandle: OpPlayAudio: track:56 uid:10016 pkg:com.oculus.shellenv usage:1 muted
01-01 01:36:45.960   802  8192 D AF::TrackHandle: OpPlayAudio: track:188 uid:1000 pkg:android usage:13 not muted
01-01 01:36:45.962  1155  1182 W ProcessStats: Tracking association SourceState{2c6d6a1 com.oculus.systemux:SystemUX/10037 Fgs #24501} whose proc state 3 is better than process ProcessState{189fcc2 com.oculus.vrshell/10025 pkg=com.oculus.vrshell} proc state 13 (241 skipped)
01-01 01:36:45.964  3635  3635 D [SUI] ActivityManagerUtilsHelper: onForegroundActivitiesChanged: Instance: com.oculus.common.activitymanager.ActivityManagerUtilsHelper@413aede, Pid: 2044, Tid: 10016, foregroundActivities: false, foreground app: com.epicgames.AtomVR, previous app: com.oculus.shellenv
01-01 01:36:45.965 28819 28819 I libc    : SetHeapTaggingLevel: tag level set to 0
01-01 01:36:45.966  3635  3635 D [SUI] ActivityManagerUtilsHelper: onForegroundActivitiesChanged: Instance: com.oculus.common.activitymanager.ActivityManagerUtilsHelper@6adf713, Pid: 2044, Tid: 10016, foregroundActivities: false, foreground app: com.epicgames.AtomVR, previous app: com.oculus.shellenv
01-01 01:36:45.966  3635  3635 D [SUI] AnytimeUIPanelApp: Received ActivityStateChanges - com.epicgames.AtomVR
01-01 01:36:45.966  3635  3635 D [SUI] RunningAppManager: Updated current destination - com.epicgames.AtomVR
01-01 01:36:45.966  3635  3635 D [SUI] AppStateUtil: com.epicgames.AtomVR is running= true
01-01 01:36:45.966  3635  3635 D [SUI] AppStateUtil: com.oculus.shellenv is running= false
01-01 01:36:45.967  3635  3635 D [SUI] ActivityManagerUtilsHelper: onForegroundActivitiesChanged: Instance: com.oculus.common.activitymanager.ActivityManagerUtilsHelper@f9b6733, Pid: 2044, Tid: 10016, foregroundActivities: false, foreground app: com.epicgames.AtomVR, previous app: com.oculus.shellenv
01-01 01:36:45.968  3635  3635 D [SUI] AnytimeUIPanelApp: Received ActivityStateChanges - com.epicgames.AtomVR
01-01 01:36:45.968  3635  3635 D [SUI] RunningAppManager: Updated current destination - com.epicgames.AtomVR
01-01 01:36:45.968  3635  3635 D [SUI] AppStateUtil: com.epicgames.AtomVR is running= true
01-01 01:36:45.968  3635  3635 D [SUI] AppStateUtil: com.oculus.shellenv is running= false
01-01 01:36:45.970  3635  3635 D [SUI] ActivityManagerUtilsHelper: onForegroundActivitiesChanged: Instance: com.oculus.common.activitymanager.ActivityManagerUtilsHelper@4b1faf1, Pid: 2044, Tid: 10016, foregroundActivities: false, foreground app: com.epicgames.AtomVR, previous app: com.oculus.shellenv
01-01 01:36:45.970 28819 28819 I picgames.AtomV: Late-enabling -Xcheck:jni
01-01 01:36:45.972  1155  2976 W ActivityManager: Package for pid 956: no process record found
01-01 01:36:45.977  3057  3072 I GuardianFocusListener: [GuardianFocusListener::onTopActivityChanged] updated TopActivityChangeEvent - topActivityName: com.epicgames.AtomVR, immersiveAppPackageName: nullopt, isImmersiveAppTopActivity: false
01-01 01:36:45.977  2233  2425 I [SEO] ShellFrameAnalytics: ShellFrame frameFunction: 563244113us/563244113us, trace: 0us/20us, process commands: 0us/11503us, system update: 0us/17999us, render 0us/2589us, post render 0us/0us, input processing 0us/10093us, input dispatch 0us/17969us, stale frames: 1, refresh rate: 90
01-01 01:36:45.977  3057  3072 I GuardianFocusListener: [GuardianFocusListener::UpdateImmersiveAppState] Pending immersive app updated from com.oculus.shellenv to com.epicgames.AtomVR
01-01 01:36:45.977  2778  2778 I [OAO] ShellOverlayMain: WakeVrThread - notifying vr thread
01-01 01:36:45.978  2778  3024 I [OAO] ShellAppBase: WaitForWake: VrThread woke up
01-01 01:36:45.978  2778  3024 I [OAO] ShellAppBase: Start sleep timeout. Now:8263.521442, Timeout:8265.521442
01-01 01:36:45.978  3188  3203 I MRSVC   : MIXEDREALITY: MrServiceController: VrFocusManager::Top Activity Changed, topActivity now is: 'com.epicgames.AtomVR', immersiveApp now is: ''.
01-01 01:36:45.979  3188  3250 I MRSVC   : MIXEDREALITY: MrService: renderIteration: (every 10 seconds), screen is: OFF, PT is: OFF, ID is: OFF, Depth is: OFF
01-01 01:36:45.979  3188  3250 I MRSVC   : MIXEDREALITY: MrServiceModelBase: Hibernating caller (most likely rendering thread) due to screen being off.
01-01 01:36:45.981  1008  1034 I adbd    : jdwp connection from 28819
01-01 01:36:45.982     0     0 I binder  : 28819:28819 ioctl 40046210 7fc7b68e74 returned -22
01-01 01:36:45.996  3188  3203 I MRSVC   : MIXEDREALITY: MrServiceController: VrFocusManager::Top Activity Changed, topActivity now is: 'com.epicgames.AtomVR', immersiveApp now is: ''.
01-01 01:36:45.997  3188  3250 I MRSVC   : MIXEDREALITY: MrServiceModelBase: Hibernating caller (most likely rendering thread) due to screen being off.
01-01 01:36:45.998 28819 28819 D CompatibilityChangeReporter: Compat change id reported: 171979766; UID 10132; state: DISABLED
01-01 01:36:46.006  3635 28823 W OVRLibrary: null cursor received for query content://com.oculus.ocms.library/apps/com.epicgames.AtomVR
01-01 01:36:46.009  3635 28821 W OVRLibrary: null cursor received for query content://com.oculus.ocms.library/apps/com.epicgames.AtomVR
01-01 01:36:46.009  3635 28822 W OVRLibrary: null cursor received for query content://com.oculus.ocms.library/apps/com.epicgames.AtomVR
01-01 01:36:46.009  3635 28821 D [SUI] AppStateUtil: Notifying observers com.epicgames.AtomVR is in 'recents'= true
01-01 01:36:46.010  3635 28825 W OVRLibrary: null cursor received for query content://com.oculus.ocms.library/apps/com.epicgames.AtomVR
01-01 01:36:46.010  3635 28820 W OVRLibrary: null cursor received for query content://com.oculus.ocms.library/apps/com.epicgames.AtomVR
01-01 01:36:46.015 28819 28819 D ApplicationLoaders: Returning zygote-cached class loader: /system/framework/android.test.base.jar
01-01 01:36:46.039  3635  3635 D [SUI] DynamicAppTileDragItem: Initialized DynamicAppDragItem for: settings_system_app
01-01 01:36:46.046  3635 28822 W OVRLibrary: null cursor received for query content://com.oculus.ocms.library/apps/settings_system_app
01-01 01:36:46.050  3635  3635 D [SUI] DynamicAppTileDragItem: Initialized DynamicAppDragItem for: com.epicgames.AtomVR
01-01 01:36:46.057  3635 28822 W OVRLibrary: null cursor received for query content://com.oculus.ocms.library/apps/com.epicgames.AtomVR
01-01 01:36:46.064  1008  1008 E adbd    : failed to connect to socket 'tcp:6666': Connection refused
01-01 01:36:46.111  3635  3635 D [SUI] SystemUXFunnelLogServerLogger: Impression Event: oculus_impressions_tile_impressioned PersistableBundle[{duration=0, surface=AUI, rawclienttime=1704055006111, utl_uptime_ms=8263655, aui_section=recent, aui_position_in_section=0, content_id=com.epicgames.AtomVR, aui_immersive_content_id=com.epicgames.AtomVR, position=5, content_type=APP, utl_realtime_ms=8263655, aui_in_app=true, position_x=5, position_y=0}]
01-01 01:36:46.151  3057  3118 I GuardianLaunchCheckMgr: [GuardianLaunchCheckMgr::HandleImmersiveAppChange] Immersive App: com.oculus.shellenv -> com.epicgames.AtomVR
01-01 01:36:46.152  3057  3118 I GuardianLaunchCheckMgr: [GuardianLaunchCheckMgr::HandleImmersiveAppChange] Boundary requirement type: BoundaryRequired
01-01 01:36:46.152  3057  3118 I GuardianLifecycleMgr: [InternalSetIsGuardianlessModeEnable] isGuardianlessModeEnable: 0
01-01 01:36:46.153  3057  3118 I GuardianLifecycleMgr: [RequestIsGuardianlessModeEnable] isGuardianlessModeEnable: request 0, final 0
01-01 01:36:46.153  3057  3118 I GuardianLaunchCheckMgr: [GuardianLaunchCheckMgr::ExitLaunchCheck] launch check type: NONE
01-01 01:36:46.153  3057  3118 I GuardianFocusListener: [GuardianFocusListener::NotifyImmersiveAppChanged] From app: com.oculus.shellenv To App: com.epicgames.AtomVR
01-01 01:36:46.153  3057  3118 I GuardianFocusListener: [GuardianFocusListener::UpdateCurrentProcess] com.epicgames.AtomVR
01-01 01:36:46.153  3057  3118 I GuardianSystem: SetCurrentProcessName: com.epicgames.AtomVR, previous ProcessName: com.oculus.shellenv
01-01 01:36:46.172 28819 28819 V GraphicsEnvironment: Lazy GPU memory allocation for 'com.epicgames.AtomVR': false
01-01 01:36:46.173 28819 28819 V GraphicsEnvironment: ANGLE Developer option for 'com.epicgames.AtomVR' set to: 'default'
01-01 01:36:46.173 28819 28819 V GraphicsEnvironment: ANGLE GameManagerService for com.epicgames.AtomVR: false
01-01 01:36:46.173 28819 28819 V GraphicsEnvironment: Neither updatable production driver nor prerelease driver is supported.
01-01 01:36:46.175 28819 28819 D CompatibilityChangeReporter: Compat change id reported: 175409949; UID 10132; state: DISABLED
01-01 01:36:46.176 28819 28819 D CompatibilityChangeReporter: Compat change id reported: 175409951; UID 10132; state: ENABLED
01-01 01:36:46.178 28819 28819 D CompatibilityChangeReporter: Compat change id reported: 175409950; UID 10132; state: DISABLED
01-01 01:36:46.179 28819 28819 D NetworkSecurityConfig: No Network Security Config specified, using platform default
01-01 01:36:46.180 28819 28819 D NetworkSecurityConfig: No Network Security Config specified, using platform default
01-01 01:36:46.200  1155  1281 D ConnectivityService: NetReassign [no changes]
01-01 01:36:46.219 28819 28843 V UE      : [NetworkChangedManager] Network Available: 101
01-01 01:36:46.221 28819 28843 V UE      : [NetworkChangedManager] No network state set yet, setting naive network state checking connection fully.
01-01 01:36:46.222 28819 28843 V UE      : [NetworkChangedManager] Network connectivity changed. New connectivity state: CONNECTION_AVAILABLE
01-01 01:36:46.223 28819 28843 V UE      : [NetworkChangedManager] Network Capabilities changed, has Internet: true
01-01 01:36:46.224 28819 28847 V UE      : [NetworkChangedManager] Verifying internet connection with host: https://example.com/
01-01 01:36:46.311  3635  3635 D [SUI] SystemUXFunnelLogServerLogger: VPV Event: oculus_impressions_tile_vpved PersistableBundle[{duration=250, surface=AUI, rawclienttime=1704055006310, utl_uptime_ms=8263854, aui_section=recent, aui_position_in_section=0, content_id=com.epicgames.AtomVR, aui_immersive_content_id=com.epicgames.AtomVR, position=5, content_type=APP, utl_realtime_ms=8263854, aui_in_app=true, position_x=5, position_y=0}]
01-01 01:36:46.491  1155  1174 W ActivityTaskManager: Activity top resumed state loss timeout for ActivityRecord{f7e34a2 u0 com.epicgames.AtomVR/com.epicgames.unreal.GameActivity t3537}
01-01 01:36:46.491  1155  1174 W ActivityTaskManager: Activity pause timeout for ActivityRecord{f7e34a2 u0 com.epicgames.AtomVR/com.epicgames.unreal.GameActivity t3537}
01-01 01:36:46.588  1155  2976 W ServiceManager: Permission failure: android.permission.HIGH_SAMPLING_RATE_SENSORS from uid=10132 pid=28819
01-01 01:36:46.593 28819 28819 E PermissionHelper: GVRTransition2DActivity.getActivity() failed. Trying to get GameActivity.
01-01 01:36:46.597 28819 28819 D PermissionHelper: checkPermission: android.permission.CHANGE_WIFI_MULTICAST_STATE has not granted
01-01 01:36:46.598 28819 28819 D UE      : [GameActivity] Target SDK is 26.  This may cause issues if permissions are denied by the user.
01-01 01:36:46.613 28819 28819 I AdrenoGLES-0: QUALCOMM build                   : fa5d856e9e, I160a5475da
01-01 01:36:46.613 28819 28819 I AdrenoGLES-0: Build Date                       : 07/24/23
01-01 01:36:46.613 28819 28819 I AdrenoGLES-0: OpenGL ES Shader Compiler Version: E031.42.07.00
01-01 01:36:46.613 28819 28819 I AdrenoGLES-0: Local Branch                     : 
01-01 01:36:46.613 28819 28819 I AdrenoGLES-0: Remote Branch                    : 
01-01 01:36:46.613 28819 28819 I AdrenoGLES-0: Remote Branch                    : 
01-01 01:36:46.613 28819 28819 I AdrenoGLES-0: Reconstruct Branch               : 
01-01 01:36:46.613 28819 28819 I AdrenoGLES-0: Build Config                     : S P 10.0.7 AArch64
01-01 01:36:46.613 28819 28819 I AdrenoGLES-0: Driver Path                      : /vendor/lib64/egl/libGLESv2_adreno.so
01-01 01:36:46.613 28819 28819 I AdrenoGLES-0: Driver Version                   : 0728.0
01-01 01:36:46.613 28819 28819 I AdrenoGLES-0: Process Name                     : com.epicgames.AtomVR
01-01 01:36:46.613     0     0 I binder  : 28819:28819 ioctl 40046210 7fc7b62dd4 returned -22
01-01 01:36:46.620 28819 28819 I AdrenoGLES-0: PFP: 0x016dd112, ME: 0x00000000
01-01 01:36:46.625   571   571 I hwservicemanager: getTransport: Cannot find entry android.hardware.configstore@1.0::ISurfaceFlingerConfigs/default in either framework or device VINTF manifest.
01-01 01:36:46.625     0     0 I binder  : 28819:28819 ioctl 40046210 7fc7b64bf4 returned -22
01-01 01:36:46.846 28819 28819 D CompatibilityChangeReporter: Compat change id reported: 175409955; UID 10132; state: DISABLED
01-01 01:36:46.847 28819 28819 D CompatibilityChangeReporter: Compat change id reported: 175409954; UID 10132; state: DISABLED
01-01 01:36:46.857  1155  1325 W WindowManager: Failed looking up window session=Session{2701ec5 28819:u0a10132} callers=com.android.server.wm.WindowManagerService.windowForClientLocked:5848 com.android.server.wm.Session.updateRequestedVisibilities:640 android.view.IWindowSession$Stub.onTransact:1175 
01-01 01:36:47.140  2026  2531 E LoggingErrorHandler: Retrofit error, url: [https://graph.oculus.com/user_heartbeat?current_status=ONLINE], kind: [NETWORK], status: [0 - ], headers: , body: []
01-01 01:36:47.140  2026  2531 E PresenceManager: Heartbeat error.
01-01 01:36:47.986  2778  3024 I [OAO] ShellAppBase: Sleep timeout exceeded. Timeout:8265.521442, Now:8265.529398. Sleeping... 
01-01 01:36:47.986  2778  3024 I [OAO] ShellAppBase: WaitForWake: VrThread entering waiting state
01-01 01:36:47.998     0     0 I logd    : logdr: UID=2000 GID=2000 PID=28862 b tail=0 logMask=10099 pid=0 start=0ns deadline=0ns
01-01 01:36:48.067  1008  1008 E adbd    : failed to connect to socket 'tcp:6666': Connection refused
01-01 01:36:48.941  1155  2022 E TaskPersister: File error accessing recents directory (directory doesn't exist?).
01-01 01:36:49.733     0     0 W healthd : battery l=100 v=4381 t=26.5 h=2 st=5 c=488 fc=3749000 cc=3 chg=a
01-01 01:36:50.070  1008  1008 E adbd    : failed to connect to socket 'tcp:6666': Connection refused
01-01 01:36:51.231  2026  2966 W MobileConfigAccessor: Failed to update sessionless configs within timeout 40000 ms
01-01 01:36:51.231  2026  2966 W DeviceConfigTelemetryLogger: Mobile Config fetch sessionless config has failed on 3 retry in 15 ms
01-01 01:36:51.236  2026  2966 W MobileConfigAccessor: Failed to update sessionbased configs within timeout 40000 ms
01-01 01:36:51.236  2026  2966 W DeviceConfigTelemetryLogger: Mobile Config fetch sessionbased config has failed on 3 retry in 5 ms
01-01 01:36:51.236  2026  2966 E DeviceConfigTelemetryLogger: Mobile Config fetch has failed
01-01 01:36:52.073  1008  1008 E adbd    : failed to connect to socket 'tcp:6666': Connection refused
01-01 01:36:53.180  2026  5533 E LoggingErrorHandler: Retrofit error, url: [https://graph.oculus.com/authenticate_application], kind: [NETWORK], status: [0 - ], headers: , body: []
01-01 01:36:53.181  2026  5533 E ExternalPlatformNetwork: could not get access token from the server for 'com.oculus.shellenv'
01-01 01:36:53.181  2026  5533 E AppScopedAccessTokenResultBuilder: ResultBuilder error has been set to: Unable to resolve host "graph.oculus.com": No address associated with hostname
01-01 01:36:53.181  2026  5533 E com.oculus.platform.util.Util: operation failed
01-01 01:36:53.184  2044  2866 I OVRPlatform: [RequestStopwatch] AccessTokenRequest took 19.9610 milliseconds
01-01 01:36:53.231  2044  2728 E Clay    : Oculus Platform SDK failed to get access token with error 'Unable to resolve host "graph.oculus.com": No address associated with hostname'
01-01 01:36:53.646     0     0 W healthd : battery l=100 v=4381 t=26.5 h=2 st=5 c=488 fc=3749000 cc=3 chg=a
01-01 01:36:54.077  1008  1008 E adbd    : failed to connect to socket 'tcp:6666': Connection refused
01-01 01:36:54.943     0     0 W healthd : battery l=100 v=4381 t=26.5 h=2 st=5 c=488 fc=3749000 cc=3 chg=a
01-01 01:36:55.993  1155  1174 W ProcessStats: Tracking association SourceState{a015d4d com.oculus.vrshell:TheaterScreen/10025 Fgs #24518} whose proc state 3 is better than process ProcessState{189fcc2 com.oculus.vrshell/10025 pkg=com.oculus.vrshell} proc state 13 (45 skipped)
01-01 01:36:56.080  1008  1008 E adbd    : failed to connect to socket 'tcp:6666': Connection refused
01-01 01:36:58.075  3188  3680 I ClientSharedTelemetryStats: App memory usage: PSS=37 MiB, PrivateDirty=29 MiB, PrivateClean=3 MiB, GPU=5.2/5.4 MiB (97% allocated)
01-01 01:36:58.082  1008  1008 E adbd    : failed to connect to socket 'tcp:6666': Connection refused
01-01 01:36:58.482  3057  3714 I ClientSharedTelemetryStats: App memory usage: PSS=44 MiB, PrivateDirty=33 MiB, PrivateClean=6 MiB, GPU=3.0/4.2 MiB (73% allocated)
--------- beginning of tracking
01-01 01:36:59.400   793  1040 I SyncBossHAL: [info   ] syncboss_hal_powerstate.c(52): Reporting powerstate event: PROX_ON
01-01 01:36:59.401   793  1040 D SensorService: Received Powerstate PROX_ON
01-01 01:36:59.401   966  1086 I TrackingService: ActivityMonitor: prox_on event received
01-01 01:36:59.402  1155  1401 I VrPowerManagerService: transition from STANDBY to HEADSET_MOUNTED
01-01 01:36:59.402  1155  1401 I PowerManagerService: Powering on display group fromAsleep (groupId=0, uid=1000, reason=WAKE_REASON_UNKNOWN, details=VrPwMng:leave-standby)...
01-01 01:36:59.402  1155  1401 I PowerManagerService: Waking up from Asleep (uid=1000, reason=WAKE_REASON_UNKNOWN, details=VrPwMng:leave-standby)...
01-01 01:36:59.404   956  1377 D SensorClientUtils: Cancelling delayed transition to SLEEP
01-01 01:36:59.404  1155  1195 I DisplayPowerController[0]: Blocking screen on until initial contents have been drawn.
01-01 01:36:59.405   966  1085 D SensorClientUtils: Cancelling delayed transition to SLEEP
01-01 01:36:59.405  1155  1195 D ActivityTaskManager: Top Process State changed to PROCESS_STATE_TOP
01-01 01:36:59.405   956  1377 D SensorClientUtils: Received transition request from SLEEP to RUNNING
01-01 01:36:59.405   925 12519 D telemetry: Transitioning to session state: Active Session, Headset In Use (donned and screen on)
01-01 01:36:59.405   966  1085 D SensorClientUtils: Received transition request from SLEEP to RUNNING
01-01 01:36:59.406  1718  8667 D VrPowerManagerClient: Headset state: 1
01-01 01:36:59.406  1718  8667 V ControllerNotifications: Headset was mounted, requesting that notifications are enabled
01-01 01:36:59.406  1707 16842 D SensorClientUtils: Cancelling delayed transition to SLEEP
01-01 01:36:59.406  1718  8667 V ControllerNotifications: Queueing enable of notifications in 5000ms
01-01 01:36:59.406  1155  1325 D CompatibilityChangeReporter: Compat change id reported: 151105954; UID 1000; state: ENABLED
01-01 01:36:59.406  1155  1155 D ActivityManager: Is background playback GK enabled: false Is background playback enabled for all apps: false
01-01 01:36:59.407  1155  1325 D CompatibilityChangeReporter: Compat change id reported: 151105954; UID 1000; state: DISABLED
01-01 01:36:59.407  1707 16842 D SensorClientUtils: Received transition request from SLEEP to RUNNING
01-01 01:36:59.408  1155  1325 E AppOps  : package system not found, can't check for attributionTag null
01-01 01:36:59.409  1155  1325 E AppOps  : startOperation
01-01 01:36:59.409  1155  1325 E AppOps  : java.lang.SecurityException: Specified package system under uid 1000 but it is not
01-01 01:36:59.409  1155  1325 E AppOps  : 	at com.android.server.appop.AppOpsService.verifyAndGetBypass(AppOpsService.java:4627)
01-01 01:36:59.409  1155  1325 E AppOps  : 	at com.android.server.appop.AppOpsService.startOperationUnchecked(AppOpsService.java:3950)
01-01 01:36:59.409  1155  1325 E AppOps  : 	at com.android.server.appop.AppOpsService.startOperationImpl(AppOpsService.java:3841)
01-01 01:36:59.409  1155  1325 E AppOps  : 	at com.android.server.appop.AppOpsService.access$4100(AppOpsService.java:215)
01-01 01:36:59.409  1155  1325 E AppOps  : 	at com.android.server.appop.AppOpsService$CheckOpsDelegateDispatcher.lambda$startOperation$8(AppOpsService.java:7627)
01-01 01:36:59.409  1155  1325 E AppOps  : 	at com.android.server.appop.AppOpsService$CheckOpsDelegateDispatcher$$ExternalSyntheticLambda23.apply(Unknown Source:53)
01-01 01:36:59.409  1155  1325 E AppOps  : 	at com.android.server.policy.AppOpsPolicy.startOperation(AppOpsPolicy.java:251)
01-01 01:36:59.409  1155  1325 E AppOps  : 	at com.android.server.appop.AppOpsService$CheckOpsDelegateDispatcher.startOperation(AppOpsService.java:7624)
01-01 01:36:59.409  1155  1325 E AppOps  : 	at com.android.server.appop.AppOpsService.startOperation(AppOpsService.java:3810)
01-01 01:36:59.409  1155  1325 E AppOps  : 	at android.app.AppOpsManager.startOpNoThrow(AppOpsManager.java:8888)
01-01 01:36:59.409  1155  1325 E AppOps  : 	at android.app.AppOpsManager.startOpNoThrow(AppOpsManager.java:8864)
01-01 01:36:59.409  1155  1325 E AppOps  : 	at android.app.AppOpsManager.startOpNoThrow(AppOpsManager.java:8853)
01-01 01:36:59.409  1155  1325 E AppOps  : 	at android.app.AppOpsManager.startOpNoThrow(AppOpsManager.java:8822)
01-01 01:36:59.409  1155  1325 E AppOps  : 	at com.android.server.power.Notifier.onWakeLockAcquired(Notifier.java:239)
01-01 01:36:59.409  1155  1325 E AppOps  : 	at com.android.server.power.PowerManagerService.notifyWakeLockAcquiredLocked(PowerManagerService.java:1610)
01-01 01:36:59.409  1155  1325 E AppOps  : 	at com.android.server.power.PowerManagerService.acquireWakeLockInternal(PowerManagerService.java:1439)
01-01 01:36:59.409  1155  1325 E AppOps  : 	at com.android.server.power.PowerManagerService.access$4600(PowerManagerService.java:143)
01-01 01:36:59.409  1155  1325 E AppOps  : 	at com.android.server.power.PowerManagerService$BinderService.acquireWakeLock(PowerManagerService.java:5198)
01-01 01:36:59.409  1155  1325 E AppOps  : 	at android.os.IPowerManager$Stub.onTransact(IPowerManager.java:473)
01-01 01:36:59.409  1155  1325 E AppOps  : 	at android.os.Binder.execTransactInternal(Binder.java:1184)
01-01 01:36:59.409  1155  1325 E AppOps  : 	at android.os.Binder.execTransact(Binder.java:1143)
01-01 01:36:59.409   966  1085 D SensorClientUtils: Executing transition from SLEEP to STANDBY
01-01 01:36:59.409   966  1085 D TrackingService: Enqueued transition to (targetPowerState, targetMuxName): (STANDBY, --) - transition timeout: 1000000000 ns
01-01 01:36:59.409  1155  1195 D CompatibilityChangeReporter: Compat change id reported: 181136395; UID 10132; state: DISABLED
01-01 01:36:59.410  1707 16842 D SensorClientUtils: Executing transition from SLEEP to STANDBY
01-01 01:36:59.410  1707 16842 D OVRRemoteService: [controller] SLEEP -> STANDBY
01-01 01:36:59.410  1707 16842 D OVRRemoteService: ControllerGlue: setting expected mode to Streaming
01-01 01:36:59.410  1707 16842 D OVRRemoteService: ControllerGlue: Setting current mode to Streaming
01-01 01:36:59.410  1707 16842 D OVRRemoteService: ControllerGlue: leave mode Disabled
01-01 01:36:59.410  1707 16842 D OVRRemoteService: ControllerGlue: Setting mode to Streaming
01-01 01:36:59.410  1707 16842 D OVRRemoteService: ControllerGlue: enter mode Streaming
01-01 01:36:59.410  1155  1195 D CompatibilityChangeReporter: Compat change id reported: 174042936; UID 10132; state: DISABLED
01-01 01:36:59.410   956  1377 D SensorClientUtils: Executing transition from SLEEP to STANDBY
01-01 01:36:59.410   956  1377 D MrSystemService: AOSP setPowerState: STANDBY.
01-01 01:36:59.410   956  1377 I MRSS    : MIXEDREALITY: MrEngine: Received power state change from AOSP, new state: STANDBY.
01-01 01:36:59.410   956  1377 W MRSS    : MIXEDREALITY: MrEngine: screenStatus notification but no change
01-01 01:36:59.410   956  1377 D SensorClientUtils: Executing transition from STANDBY to RUNNING
01-01 01:36:59.410   956  1377 D MrSystemService: AOSP setPowerState: RUNNING.
01-01 01:36:59.410   956  1377 I MRSS    : MIXEDREALITY: MrEngine: Received power state change from AOSP, new state: RUNNING.
01-01 01:36:59.410   956  1414 I MRSS    : MIXEDREALITY: ServiceLogic: managePowerAndScreenStatus: Allowing start all capabilities
01-01 01:36:59.410   956  1414 I MRSS    : MIXEDREALITY: CapabilityController: Change fidelity Camera to 1.
01-01 01:36:59.410   793   842 D SensorService: ControllerProvider: acquiring StreamingSession
01-01 01:36:59.410   956  1414 I MRSS    : MIXEDREALITY: MrSystemServiceIPCServer: Got notification for Camera, fidelity level: 1, command: NONE
01-01 01:36:59.410   956  1414 I MRSS    : MIXEDREALITY: CapabilityController: Change fidelity Depth to 1.
01-01 01:36:59.410   956  1414 I MRSS    : MIXEDREALITY: MrSystemServiceIPCServer: Got notification for Depth, fidelity level: 1, command: NONE
01-01 01:36:59.410   956  1414 I MRSS    : MIXEDREALITY: CapabilityController: Change fidelity IntrusionDetection to 1.
01-01 01:36:59.410   956  1414 I MRSS    : MIXEDREALITY: MrSystemServiceIPCServer: Got notification for IntrusionDetection, fidelity level: 1, command: NONE
01-01 01:36:59.410   956  1414 I MRSS    : MIXEDREALITY: CapabilityController: Change fidelity Playspace to 1.
01-01 01:36:59.410   956  1414 I MRSS    : MIXEDREALITY: MrSystemServiceIPCServer: Got notification for Playspace, fidelity level: 1, command: NONE
01-01 01:36:59.410   956  1414 I MRSS    : MIXEDREALITY: CapabilityController: Change fidelity Passthrough to 1.
01-01 01:36:59.410   956  1414 I MRSS    : MIXEDREALITY: MrSystemServiceIPCServer: Got notification screen status is ON
01-01 01:36:59.410   793   842 D SensorService: SyncbossEventHandler: Enabling sensor PULSAR
01-01 01:36:59.410   793   842 D SensorService: SyncbossEventHandler: Active sensors: synthetic[HMD_DOUBLETAP,EXTERNAL_TIMING,ZAP] non-synth[PULSAR]
01-01 01:36:59.411   793   842 D SensorService: SyncbossEventHandler: starting all streams
01-01 01:36:59.411   793   842 D SensorService: SyncbossEventHandler: acquiring session; approx # alive: 1
01-01 01:36:59.411   793 28989 D SensorService: SyncbossEventHandler::producerThreadFunc() start
01-01 01:36:59.411   925 12519 D telemetry: Flush unrecorded events
01-01 01:36:59.411  3188  3245 I MRSVC   : MIXEDREALITY: MrService: ScreenStateChanged: true
01-01 01:36:59.411  3188  3245 I MRSVC   : MIXEDREALITY: MrService: onWakeup
01-01 01:36:59.411  3188  3250 I MRSVC   : MIXEDREALITY: MrService: renderIteration: (every 10 seconds), screen is: ON, PT is: OFF, ID is: OFF, Depth is: OFF
01-01 01:36:59.411  1155  1155 D ActivityManager: Is background playback GK enabled: false Is background playback enabled for all apps: false
01-01 01:36:59.411  3188  3250 I MRSVC   : MIXEDREALITY: MrServiceModelBase: commitLayerState: PassthroughMode: kNone.
01-01 01:36:59.411  3188  3250 I MRSVC   : MIXEDREALITY: MrRuntimeImpl: Changing mode to kNone
01-01 01:36:59.411  3188  3250 I MRSVC   : MIXEDREALITY: MrRuntimeImpl: onPause: Capability Passthrough on device 2.
01-01 01:36:59.411   956  3241 I MRSS    : MIXEDREALITY: MrSystemServiceIPCServer: ChangeMrCapabilityStatus: client 2653567036, capability Passthrough, command 0.
01-01 01:36:59.412  1155  1155 D ActivityManager: Is background playback GK enabled: false Is background playback enabled for all apps: false
01-01 01:36:59.412  3188  3250 W PhaseSync: [PS_Ver_1_0] DiscardFrame is triggered, frame->Stage 2 FrameBeginIndex 12343 
01-01 01:36:59.412  3188  3250 I MRSVC   : MIXEDREALITY: OpenXrSupport: OpenXR qualified success: xrBeginFrame(clientState_.session, &beginFrameDesc): XR_FRAME_DISCARDED
01-01 01:36:59.412  3188  3250 I MRSVC   : MIXEDREALITY: MrServiceView: passthroughLayersToSubmit stats No submitted layers - there was render or submit failure. (every 10 sec).
01-01 01:36:59.412  3188  3250 I MRSVC   : MIXEDREALITY: MrServiceView: renderIteration: Hibernating the rendering thread since ID is off and no active PT layers.
01-01 01:36:59.412  3188  3250 I MRSVC   : MIXEDREALITY: MrServiceModelBase: Hibernating caller (most likely rendering thread) due to commandQueue being empty.
01-01 01:36:59.413  1155  1189 D KernelCpuUidUserSysTimeReader: Removing uids 10131-10131
01-01 01:36:59.414   966  1089 I TrackingService: [                  vision_manager] Power transition: SLEEP -> STANDBY transition time: 5 ms
01-01 01:36:59.414   966  1089 I TrackingService: [                             iad] Power transition: SLEEP -> STANDBY transition time: 0 ms
01-01 01:36:59.414   966  1089 I Tracking: BoltMemoryAllocationCapabilityImpl: onStart
01-01 01:36:59.415   966  1089 I Tracking: BoltSDK::Soc-Hexagon: BoltMemoryAllocationCapability: Hexagon ref count changed from 0 to 1
01-01 01:36:59.415   966  1089 I Tracking: BoltSDK::Soc-Hexagon: Acquiring all Hexagon resources from Bolt SDK
01-01 01:36:59.415   966  1089 I Tracking: BOLT:HexagonShim: HexagonStart
01-01 01:36:59.415   856   856 D SurfaceFlinger: Setting power mode 2 on display 4630946791093499009
01-01 01:36:59.415   793   842 I SyncBossHAL: [info   ] syncboss_hal_impl_input.c(277): No pulsar frequency blocklist set
01-01 01:36:59.415   793   842 I SyncBossHAL: [info   ] syncboss_hal_impl_input.c(304): No AFH behavior specified, enabled by default
01-01 01:36:59.415   606   623 I SyncBossFW: 8274927 [info   ] {APPI}: Enabling display timestamping
01-01 01:36:59.415  1155  1195 I DisplayPowerController[0]: Unblocked screen on after 10 ms
01-01 01:36:59.416   966  1089 I Tracking: boltlib: Waited 0.001050885 for SFRPC invoker thread to start
01-01 01:36:59.416   855   910 I SDM     : DisplayBase::SetDisplayState: Set state = 1, display 29-0, teardown = 0
01-01 01:36:59.418  1155  1155 D ActivityManager: Is background playback GK enabled: false Is background playback enabled for all apps: false
01-01 01:36:59.418   802  8192 D AF::TrackHandle: OpPlayAudio: track:56 uid:10016 pkg:com.oculus.shellenv usage:1 muted
01-01 01:36:59.418   966  1089 I Tracking: boltlib: Waited 0.002067448 for all SFRPC worker threads
01-01 01:36:59.418   802 15291 D AF::TrackHandle: OpPlayAudio: track:188 uid:1000 pkg:android usage:13 not muted
01-01 01:36:59.418  1155  1155 D ActivityManager: Is background playback GK enabled: false Is background playback enabled for all apps: false
01-01 01:36:59.418   606   623 I SyncBossFW: 8274931 [info   ] {WIHI}: Starting input
01-01 01:36:59.419   793   842 D SensorService: ControllerProvider: acquiring StreamingClient impl; approx # alive: 1
01-01 01:36:59.419  1155  1155 D ActivityManager: Is background playback GK enabled: false Is background playback enabled for all apps: false
01-01 01:36:59.419   802  8192 D AF::TrackHandle: OpPlayAudio: track:188 uid:1000 pkg:android usage:13 not muted
01-01 01:36:59.419   793   842 D libsensorscommon: ControllerProvider: acquiring StreamingClient hidl
01-01 01:36:59.419   802 15291 D AF::TrackHandle: OpPlayAudio: track:56 uid:10016 pkg:com.oculus.shellenv usage:1 muted
01-01 01:36:59.419  1155  1155 D ActivityManager: Is background playback GK enabled: false Is background playback enabled for all apps: false
01-01 01:36:59.419  1707 16842 D OVRRemoteService: RemoteService::recordControllerStatusUpdate: device d3d05f47e2487092: status: SEARCHING tracking: POSITION, errors: --
01-01 01:36:59.419  1155  1155 D ActivityManager: Is background playback GK enabled: false Is background playback enabled for all apps: false
01-01 01:36:59.419   966  1089 I Tracking: BoltSDK::Soc-Hexagon: Acquiring memory pool resources from Bolt SDK
01-01 01:36:59.419  1707 16842 D OVRRemoteService: RemoteService::recordControllerStatusUpdate: device 9d17e7ce194bc1ec: status: SEARCHING tracking: POSITION, errors: --
01-01 01:36:59.420  1155  1155 D ActivityManager: Is background playback GK enabled: false Is background playback enabled for all apps: false
01-01 01:36:59.420   966  1089 I Tracking: HexagonMemMgr: Allocated addr 0x6fca24f000, with FD 17, and virtAddr 0x86800000
01-01 01:36:59.420  1155  1181 I AS.AudioService: Setting mMicMuteFromPrivacyToggle to false
01-01 01:36:59.420   802  8192 D AF::TrackHandle: OpPlayAudio: track:56 uid:10016 pkg:com.oculus.shellenv usage:1 muted
01-01 01:36:59.420  1155  1181 I AS.AudioService: Mic mute false, user=0
01-01 01:36:59.420  1155  1155 D ActivityManager: Is background playback GK enabled: false Is background playback enabled for all apps: false
01-01 01:36:59.420   966  1089 I Tracking: BOLT:HexagonShim: memtest is a success
01-01 01:36:59.420   966  1089 I Tracking: HexagonMemMgr: HexagonMemTest returned 0
01-01 01:36:59.420   966  1089 I Tracking: BoltSDK::Soc-Hexagon: Reserved RpcMemory bytes = 14942208
01-01 01:36:59.420   966  1089 I TrackingService: [                            bolt] Power transition: SLEEP -> STANDBY transition time: 5 ms
01-01 01:36:59.420   966  1089 D TrackingService: IOT sleep to standby started
01-01 01:36:59.420   966  1089 I Tracking: VisionInterface: Stopping IOTE PostProcessing
01-01 01:36:59.420   802 15291 D AF::TrackHandle: OpPlayAudio: track:188 uid:1000 pkg:android usage:13 not muted
01-01 01:36:59.420  1155  1155 D ActivityManager: Is background playback GK enabled: false Is background playback enabled for all apps: false
01-01 01:36:59.421  1707 16842 D SensorClientUtils: Executing transition from STANDBY to RUNNING
01-01 01:36:59.421  1707 16842 D OVRRemoteService: [controller] STANDBY -> RUNNING
01-01 01:36:59.421  1707 28998 D OVRRemoteService: processStateChange([PairedControllerInfo JEDI 9d17e7ce194bc1ec disconnected mcnt=0])
01-01 01:36:59.421  1707 28998 D OVRRemoteService: processStateChange([PairedControllerInfo JEDI d3d05f47e2487092 disconnected mcnt=0])
01-01 01:36:59.421   802 15291 D AF::RecordHandle: OpRecordAudio: track:55 uid:10016 pkg:com.oculus.shellenv usage:0 source:1 muted
01-01 01:36:59.421   802  8192 D AF::TrackHandle: OpPlayAudio: track:188 uid:1000 pkg:android usage:13 not muted
01-01 01:36:59.421  1718  2005 I MicService.Privacy: Setting mic sensor privacy to false. reason: POWER_STATE. mounted: true. setting: false
01-01 01:36:59.410     0     0 I         : powerstate_mgr_open succeeded, refcount=1. (pid 842)
01-01 01:36:59.417     0     0 I [drm:dsi_display_set_mode] [msm-dsi-info]: mdp_transfer_time_us=0 us
01-01 01:36:59.417     0     0 I [drm:dsi_display_set_mode] [msm-dsi-info]: hactive= 1920,vactive= 3664,fps=90
01-01 01:36:59.417     0     0 I [drm:dsi_ctrl_isr_configure] [msm-dsi-info]: dsi-ctrl-0: IRQ 394 registered
01-01 01:36:59.417     0     0 I [drm:dsi_ctrl_isr_configure] [msm-dsi-info]: dsi-ctrl-1: IRQ 395 registered
01-01 01:36:59.421   802  5019 D AF::TrackHandle: OpPlayAudio: track:56 uid:10016 pkg:com.oculus.shellenv usage:1 muted
01-01 01:36:59.422   966  1089 I Tracking: InsideOutTrackingCapabilityTranslation: onStart
01-01 01:36:59.422   966  1089 I Tracking: VisionInterface: Starting the IOT Engine
01-01 01:36:59.422   966  1089 I Tracking: IOT_GK_REGISTRY: Reading IoT GKs in onStart()
01-01 01:36:59.422  1155  1155 D ActivityManager: Is background playback GK enabled: false Is background playback enabled for all apps: false
01-01 01:36:59.422   966  1089 I Tracking: IOT_GK_REGISTRY: GK check: 'oculus_skip_corner_selection_specific_camera': false
01-01 01:36:59.422   793 28988 D SensorService: Syncboss input 9d17e7ce194bc1ec hardware type 4, subtype 1, revision 
01-01 01:36:59.422   966  1089 I Tracking: IOT_GK_REGISTRY: GK oculus_skip_corner_selection_specific_camera No Override, Config Var Start Value = false, Current Value = false
01-01 01:36:59.422   793 28988 I SensorService: preparePairedControllerInfo is adding device with valid 1
01-01 01:36:59.422   793 28988 D SensorService: Syncboss input d3d05f47e2487092 hardware type 4, subtype 2, revision 
01-01 01:36:59.422   793 28988 I SensorService: preparePairedControllerInfo is adding device with valid 1
01-01 01:36:59.423   802  5019 D AF::TrackHandle: OpPlayAudio: track:188 uid:1000 pkg:android usage:13 not muted
01-01 01:36:59.423   793 28988 D SensorService: stateChangeNotifierFunc(): Reporting controller info. Change token: 58, paired=2 connected=0
01-01 01:36:59.423  1707 28998 D OVRRemoteService: processStateChange([PairedControllerInfo JEDI 9d17e7ce194bc1ec disconnected update-required mcnt=0])
01-01 01:36:59.423  1707 28998 D OVRRemoteService: processStateChange([PairedControllerInfo JEDI d3d05f47e2487092 disconnected update-required mcnt=0])
01-01 01:36:59.423  1155  1155 D ActivityManager: Is background playback GK enabled: false Is background playback enabled for all apps: false
01-01 01:36:59.423   966  1089 I Tracking: IOT_GK_REGISTRY: GK check: 'oculus_enable_reloc_gravity_check': true
01-01 01:36:59.423   966  1089 I Tracking: IOT_GK_REGISTRY: GK oculus_enable_reloc_gravity_check No Override, Config Var Start Value = true, Current Value = true
01-01 01:36:59.423   802  8192 D AF::TrackHandle: OpPlayAudio: track:56 uid:10016 pkg:com.oculus.shellenv usage:1 muted
01-01 01:36:59.423  1155  1155 D ActivityManager: Is background playback GK enabled: false Is background playback enabled for all apps: false
01-01 01:36:59.423   966  1089 I Tracking: IOT_GK_REGISTRY: GK check: 'oculus_set_reloc_gravity_check_1_25_deg': false
01-01 01:36:59.423   966  1089 I Tracking: IOT_GK_REGISTRY: GK oculus_set_reloc_gravity_check_1_25_deg No Override, Config Var Start Value = false, Current Value = false
01-01 01:36:59.423   783  8230 D audio_hw_primary: adev_set_mic_mute state 0
01-01 01:36:59.424  1155  1155 D ActivityManager: Is background playback GK enabled: false Is background playback enabled for all apps: false
01-01 01:36:59.424   966  1089 I Tracking: IOT_GK_REGISTRY: GK check: 'oculus_set_reloc_gravity_check_1_5_deg': false
01-01 01:36:59.424   966  1089 I Tracking: IOT_GK_REGISTRY: GK oculus_set_reloc_gravity_check_1_5_deg No Override, Config Var Start Value = false, Current Value = false
01-01 01:36:59.424   802  8192 D AF::TrackHandle: OpPlayAudio: track:56 uid:10016 pkg:com.oculus.shellenv usage:1 muted
01-01 01:36:59.424  1155  1155 D ActivityManager: Is background playback GK enabled: false Is background playback enabled for all apps: false
01-01 01:36:59.424   966  1089 I Tracking: IOT_GK_REGISTRY: GK check: 'oculus_set_reloc_gravity_check_2_deg': true
01-01 01:36:59.424   802 15291 D AF::TrackHandle: OpPlayAudio: track:188 uid:1000 pkg:android usage:13 not muted
01-01 01:36:59.424   966  1089 I Tracking: IOT_GK_REGISTRY: GK oculus_set_reloc_gravity_check_2_deg No Override, Config Var Start Value = false, Current Value = true
01-01 01:36:59.424  1155  1155 D ActivityManager: Is background playback GK enabled: false Is background playback enabled for all apps: false
01-01 01:36:59.424   966  1089 I Tracking: IOT_GK_REGISTRY: GK check: 'oculus_enable_motion_sensitive_vim': false
01-01 01:36:59.424   966  1089 I Tracking: IOT_GK_REGISTRY: GK oculus_enable_motion_sensitive_vim No Override, Config Var Start Value = false, Current Value = false
01-01 01:36:59.424  1155  1155 D ActivityManager: Is background playback GK enabled: false Is background playback enabled for all apps: false
01-01 01:36:59.425  1155  1155 D ActivityManager: Is background playback GK enabled: false Is background playback enabled for all apps: false
01-01 01:36:59.425   966  1089 I Tracking: IOT_GK_REGISTRY: GK check: 'oculus_enable_reloc_patch_filtering': false
01-01 01:36:59.425   966  1089 I Tracking: IOT_GK_REGISTRY: GK oculus_enable_reloc_patch_filtering No Override, Config Var Start Value = false, Current Value = false
01-01 01:36:59.425  1155  1155 D ActivityManager: Is background playback GK enabled: false Is background playback enabled for all apps: false
01-01 01:36:59.426   966  1089 I Tracking: IOT_GK_REGISTRY: GK check: 'oculus_enable_deep_descriptor_nearest_neighbor_int': true
01-01 01:36:59.426   966  1089 I Tracking: IOT_GK_REGISTRY: GK oculus_enable_deep_descriptor_nearest_neighbor_int No Override, Config Var Start Value = true, Current Value = true
01-01 01:36:59.426   802   802 D AF::TrackHandle: OpPlayAudio: track:56 uid:10016 pkg:com.oculus.shellenv usage:1 muted
01-01 01:36:59.426   966  1089 I Tracking: IOT_GK_REGISTRY: GK check: 'oculus_avoid_building_new_context_if_missing_subma': false
01-01 01:36:59.426   966  1089 I Tracking: IOT_GK_REGISTRY: GK oculus_avoid_building_new_context_if_missing_subma No Override, Config Var Start Value = false, Current Value = false
01-01 01:36:59.426   802  5019 D AF::TrackHandle: OpPlayAudio: track:188 uid:1000 pkg:android usage:13 not muted
01-01 01:36:59.427   966  1089 I Tracking: IOT_GK_REGISTRY: GK check: 'oculus_enable_vps_multi_frame_feature_query': true
01-01 01:36:59.427   966  1089 I Tracking: IOT_GK_REGISTRY: GK oculus_enable_vps_multi_frame_feature_query No Override, Config Var Start Value = false, Current Value = true
01-01 01:36:59.427  1155  1155 D ActivityManager: Is background playback GK enabled: false Is background playback enabled for all apps: false
01-01 01:36:59.427   802   802 D AF::TrackHandle: OpPlayAudio: track:56 uid:10016 pkg:com.oculus.shellenv usage:1 muted
01-01 01:36:59.427   802  5019 D AF::TrackHandle: OpPlayAudio: track:188 uid:1000 pkg:android usage:13 not muted
01-01 01:36:59.427   966  1089 I Tracking: IOT_GK_REGISTRY: GK check: 'oculus_enable_vit_big_search': false
01-01 01:36:59.427   966  1089 I Tracking: IOT_GK_REGISTRY: GK oculus_enable_vit_big_search No Override, Config Var Start Value = false, Current Value = false
01-01 01:36:59.427   802 15291 D AF::TrackHandle: OpPlayAudio: track:56 uid:10016 pkg:com.oculus.shellenv usage:1 muted
01-01 01:36:59.427   966  1089 I Tracking: IOT_GK_REGISTRY: GK check: 'oculus_enable_angular_endpoint_filter': false
01-01 01:36:59.427   966  1089 I Tracking: IOT_GK_REGISTRY: GK oculus_enable_angular_endpoint_filter No Override, Config Var Start Value = false, Current Value = false
01-01 01:36:59.427  1155  1155 D ActivityManager: Is background playback GK enabled: false Is background playback enabled for all apps: false
01-01 01:36:59.428   966  1089 I Tracking: IOT_GK_REGISTRY: GK check: 'oculus_enable_reloc_timeout': false
01-01 01:36:59.428   802  5019 D AF::TrackHandle: OpPlayAudio: track:188 uid:1000 pkg:android usage:13 not muted
01-01 01:36:59.428   966  1089 I Tracking: IOT_GK_REGISTRY: GK oculus_enable_reloc_timeout No Override, Config Var Start Value = false, Current Value = false
01-01 01:36:59.428  1155  1155 D ActivityManager: Is background playback GK enabled: false Is background playback enabled for all apps: false
01-01 01:36:59.428   802 15291 D AF::TrackHandle: OpPlayAudio: track:56 uid:10016 pkg:com.oculus.shellenv usage:1 muted
01-01 01:36:59.428  1155  1155 D ActivityManager: Is background playback GK enabled: false Is background playback enabled for all apps: false
01-01 01:36:59.428   966  1089 I Tracking: IOT_GK_REGISTRY: GK check: 'oculus_enable_reloc_throttling_5s': false
01-01 01:36:59.428   966  1089 I Tracking: IOT_GK_REGISTRY: GK oculus_enable_reloc_throttling_5s No Override, Config Var Start Value = false, Current Value = false
01-01 01:36:59.428  1155  1155 D ActivityManager: Is background playback GK enabled: false Is background playback enabled for all apps: false
01-01 01:36:59.428   966  1089 I Tracking: IOT_GK_REGISTRY: GK check: 'oculus_enable_reloc_throttling_15s': false
01-01 01:36:59.428   966  1089 I Tracking: IOT_GK_REGISTRY: GK oculus_enable_reloc_throttling_15s No Override, Config Var Start Value = false, Current Value = false
01-01 01:36:59.428   802 15291 D AF::TrackHandle: OpPlayAudio: track:188 uid:1000 pkg:android usage:13 not muted
01-01 01:36:59.429   802  5019 D AF::TrackHandle: OpPlayAudio: track:56 uid:10016 pkg:com.oculus.shellenv usage:1 muted
01-01 01:36:59.429  1155  1155 D ActivityManager: Is background playback GK enabled: false Is background playback enabled for all apps: false
01-01 01:36:59.429   966  1089 I Tracking: IOT_GK_REGISTRY: GK check: 'oculus_enable_reloc_throttling_30s': true
01-01 01:36:59.429   966  1089 I Tracking: IOT_GK_REGISTRY: GK oculus_enable_reloc_throttling_30s No Override, Config Var Start Value = false, Current Value = true
01-01 01:36:59.429   802  5019 D AF::TrackHandle: OpPlayAudio: track:188 uid:1000 pkg:android usage:13 not muted
01-01 01:36:59.429  1155  1155 D ActivityManager: Is background playback GK enabled: false Is background playback enabled for all apps: false
01-01 01:36:59.429   966  1089 I Tracking: IOT_GK_REGISTRY: GK check: 'oculus_enable_reloc_throttling_60s': false
01-01 01:36:59.429   966  1089 I Tracking: IOT_GK_REGISTRY: GK oculus_enable_reloc_throttling_60s No Override, Config Var Start Value = false, Current Value = false
01-01 01:36:59.430  1155  1155 D ActivityManager: Is background playback GK enabled: false Is background playback enabled for all apps: false
01-01 01:36:59.430  1155  1155 D ActivityManager: Is background playback GK enabled: false Is background playback enabled for all apps: false
01-01 01:36:59.430   802  5019 D AF::TrackHandle: OpPlayAudio: track:188 uid:1000 pkg:android usage:13 not muted
01-01 01:36:59.430   966  1089 I Tracking: VisionInterface: GK check: 'oculus_enable_abort_on_over_memory2': false
01-01 01:36:59.430  1155  1155 D ActivityManager: Is background playback GK enabled: false Is background playback enabled for all apps: false
01-01 01:36:59.430   802   802 D AF::TrackHandle: OpPlayAudio: track:56 uid:10016 pkg:com.oculus.shellenv usage:1 muted
01-01 01:36:59.431  1155  1155 D ActivityManager: Is background playback GK enabled: false Is background playback enabled for all apps: false
01-01 01:36:59.431   966  1089 I Tracking: VisionInterface: IOT PreferencesManager: project_dubai: false
01-01 01:36:59.431  1155  1155 D ActivityManager: Is background playback GK enabled: false Is background playback enabled for all apps: false
01-01 01:36:59.431   802   802 D AF::TrackHandle: OpPlayAudio: track:188 uid:1000 pkg:android usage:13 not muted
01-01 01:36:59.431   802  5019 D AF::TrackHandle: OpPlayAudio: track:56 uid:10016 pkg:com.oculus.shellenv usage:1 muted
01-01 01:36:59.431  1155  1155 D ActivityManager: Is background playback GK enabled: false Is background playback enabled for all apps: false
01-01 01:36:59.431   802  5019 D AF::TrackHandle: OpPlayAudio: track:56 uid:10016 pkg:com.oculus.shellenv usage:1 muted
01-01 01:36:59.432   802   802 D AF::TrackHandle: OpPlayAudio: track:188 uid:1000 pkg:android usage:13 not muted
01-01 01:36:59.432   966  1089 I Tracking: VisionInterface: GK check: 'oculus_enable_always_on_half_rate_tracking': false
01-01 01:36:59.432  1155  1155 D ActivityManager: Is background playback GK enabled: false Is background playback enabled for all apps: false
01-01 01:36:59.432   966  1089 I Tracking: VisionInterface: GK check: 'oculus_enable_adaptive_third_rate_tracking': false
01-01 01:36:59.432   966  1089 I Tracking: VisionInterface: Enabling adaptive half rate tracking.
01-01 01:36:59.432  1155  1155 D ActivityManager: Is background playback GK enabled: false Is background playback enabled for all apps: false
01-01 01:36:59.432   966  1089 I Tracking: VisionInterface: GK check: 'oculus_linesearch_asad8_8x8sub': true
01-01 01:36:59.432   966  1089 I Tracking: VisionInterface: Using 8x8 Subpixel refinement for ASAD8 Linesearch mode
01-01 01:36:59.432  1155  1155 D ActivityManager: Is background playback GK enabled: false Is background playback enabled for all apps: false
01-01 01:36:59.433   966  1089 I Tracking: VisionInterface: GK check: 'oculus_enable_multiframe_localization_query': false
01-01 01:36:59.433   966  1089 I Tracking: VisionInterface: Localization throttling will start after 30s and will throttle to one trial per 1s, full timeout after: 3600s
