12-26 08:10:31.302   889 11289 D ReflectedParamUpdater: extent() != 1 for single value type: algo.buffers.max-count.values
12-26 08:10:31.302   945  1105 I Tracking: ConstellationTrackingCapabilityTranslation: onStart
12-26 08:10:31.302   945  1105 I Tracking: CONSTELLATION:TRACKING_ENGINE: Device d3d05f47e2487092 is not registered. Add tracked object.
12-26 08:10:31.302   945  1105 E Tracking: CONSTELLATION:TRACKING_ENGINE: Requested to deactivate device d3d05f47e2487092 when it isn't registered.
12-26 08:10:31.302   945  1105 I Tracking: CONSTELLATION:TRACKING_ENGINE: Device 9d17e7ce194bc1ec is not registered. Add tracked object.
12-26 08:10:31.302   889 11289 D ReflectedParamUpdater: extent() != 1 for single value type: output.subscribed-indices.values
12-26 08:10:31.302   945  1105 E Tracking: CONSTELLATION:TRACKING_ENGINE: Requested to deactivate device 9d17e7ce194bc1ec when it isn't registered.
12-26 08:10:31.302   945  1105 I Tracking: INPUT_TRACKING:MotionModel:Blackboard: reset
12-26 08:10:31.302   603   628 I SyncBossFW: 19446696 [info   ] {APPI}: Enabling magnetometer
12-26 08:10:31.303   603   628 I SyncBossFW: 19446696 [info   ] {APPI}: Enabling mag streaming.  Temperature comp enabled
12-26 08:10:31.303   889 11289 D ReflectedParamUpdater: extent() != 1 for single value type: input.buffers.allocator-ids.values
12-26 08:10:31.303   889 11289 D ReflectedParamUpdater: extent() != 1 for single value type: output.buffers.allocator-ids.values
12-26 08:10:31.303   889 11289 D ReflectedParamUpdater: extent() != 1 for single value type: algo.buffers.allocator-ids.values
12-26 08:10:31.303   889 11289 D ReflectedParamUpdater: extent() != 1 for single value type: output.buffers.pool-ids.values
12-26 08:10:31.303   889 11289 D ReflectedParamUpdater: extent() != 1 for single value type: algo.buffers.pool-ids.values
12-26 08:10:31.304   945  1105 I TrackingService: ConstellationTrackingGlue: setEnableExtendedDeadreckoning to false
12-26 08:10:31.304   945  1105 I TrackingService: [                   constellation] Power transition: SLEEP -> STANDBY transition time: 2 ms
12-26 08:10:31.304   945  1105 I Tracking: SelftrackedHeadsetSide: onStart
12-26 08:10:31.304   945  1105 I TrackingService: [              selftracked_client] Power transition: SLEEP -> STANDBY transition time: 0 ms
12-26 08:10:31.304   945  1105 I TrackingService: [                            hand] Power transition: SLEEP -> STANDBY transition time: 0 ms
12-26 08:10:31.304   945  1105 I Tracking: AudioFaceTrackingCapabilityImpl: onStart
12-26 08:10:31.305   945  1105 I TrackingService: [                            face] Power transition: SLEEP -> STANDBY transition time: 0 ms
12-26 08:10:31.305   945 11304 I Tracking: BoltSdkFramework: FaceTrackingEngineVisionInterface: RMgr ref count changed from 8 to 9
12-26 08:10:31.305   945 11304 I Tracking: FaceTracking: Histogram blendshape calibrator is disabled.
12-26 08:10:31.305   945 11304 I Tracking: FaceTracking: Creating audio-based pipeline.
12-26 08:10:31.305   945 11304 I Tracking: FaceTracking: Create LipSyncFaceTracking
12-26 08:10:31.306   889 11289 I CCodecConfig: query failed after returning 7 values (BAD_INDEX)
12-26 08:10:31.306   945  1105 I Tracking: ObjectTrackingCapabilityTranslation: onStart
12-26 08:10:31.306   945  1105 I Tracking: KEYBOARD: ObjectTrackingEngine::onStart() - Current State: Configured.
12-26 08:10:31.306   945  1105 I TrackingService: [                          object] Power transition: SLEEP -> STANDBY transition time: 1 ms
12-26 08:10:31.307   787   787 D SensorService: ControllerProvider: acquiring StreamingClient impl; approx # alive: 2
12-26 08:10:31.307   889 11289 D CCodecConfig: c2 config diff is Dict {
12-26 08:10:31.307   889 11289 D CCodecConfig:   c2::u32 coded.bitrate.value = 64000
12-26 08:10:31.307   889 11289 D CCodecConfig:   c2::u32 input.buffers.max-size.value = 32768
12-26 08:10:31.307   889 11289 D CCodecConfig:   c2::u32 input.delay.value = 0
12-26 08:10:31.307   889 11289 D CCodecConfig:   string input.media-type.value = "audio/vorbis"
12-26 08:10:31.307   889 11289 D CCodecConfig:   string output.media-type.value = "audio/raw"
12-26 08:10:31.307   889 11289 D CCodecConfig:   c2::u32 raw.channel-count.value = 1
12-26 08:10:31.307   889 11289 D CCodecConfig:   c2::u32 raw.sample-rate.value = 48000
12-26 08:10:31.307   889 11289 D CCodecConfig: }
12-26 08:10:31.307   787   787 D libsensorscommon: ControllerProvider: acquiring StreamingClient hidl
12-26 08:10:31.307   945  1105 I TrackingService: [                      controller] Power transition: SLEEP -> STANDBY transition time: 0 ms
12-26 08:10:31.307   945  1105 I Tracking: ExposureControlCapabilityImpl: onStart
12-26 08:10:31.307  1658 11276 D OVRRemoteService: processStateChange([PairedControllerInfo JEDI 9d17e7ce194bc1ec disconnected update-required mcnt=0])
12-26 08:10:31.307  1658 11276 D OVRRemoteService: processStateChange([PairedControllerInfo JEDI d3d05f47e2487092 disconnected update-required mcnt=0])
12-26 08:10:31.307   945  1105 I TrackingService: [                 ExposureControl] Power transition: SLEEP -> STANDBY transition time: 0 ms
12-26 08:10:31.307   945  1104 D TrackingService: Transition completed for (null)
12-26 08:10:31.307   945  1104 D TrackingService: setPowerState: STANDBY
12-26 08:10:31.308   945  1104 D SensorClientUtils: Executing transition from STANDBY to RUNNING
12-26 08:10:31.308   945  1104 D TrackingService: Enqueued transition to (targetPowerState, targetMuxName): (RUNNING, --) - transition timeout: 1000000000 ns
12-26 08:10:31.308   945  1105 I TrackingService: [                  vision_manager] Power transition: STANDBY -> RUNNING transition time: 0 ms
12-26 08:10:31.308   620   620 I libiad  : Enabling IAD polling
12-26 08:10:31.308   945  1105 I TrackingService: [                             iad] Power transition: STANDBY -> RUNNING transition time: 0 ms
12-26 08:10:31.308   945  1105 I TrackingService: [                            bolt] Power transition: STANDBY -> RUNNING transition time: 0 ms
12-26 08:10:31.308   945  1105 D TrackingService: IOT standby to running started
12-26 08:10:31.308   787   787 D CameraStream: Client 945: Attempting StreamControl: 0
12-26 08:10:31.308  1658  1676 D RemoteService: RemoteService - Registering status callback
12-26 08:10:31.308   787   787 D CameraClientManager: [HEADSET] Attempting starting camera client.
12-26 08:10:31.308   787   787 D CameraClientManager: [HEADSET] Successfully found client (945) to start in CameraClientManager list.
12-26 08:10:31.301     0     0 W healthd : battery l=100 v=4382 t=28.7 h=2 st=4 c=488 fc=3749000 cc=3 chg=u
12-26 08:10:31.310   787   787 I FrameSetDispatcher: [HEADSET] Client pid=945 (IOT): Client thread started
12-26 08:10:31.310   787   787 I CameraClientManager: [HEADSET] Added client (945)(IOT)
12-26 08:10:31.310   787   787 D CameraClientManager: [HEADSET] Attempting to start stream
12-26 08:10:31.310   787   787 I CameraClientManager: [HEADSET] Started clients: 1
12-26 08:10:31.310   787   787 I CameraClientManager: [HEADSET] Starting stream
12-26 08:10:31.310   787   787 I CameraHalOculus: CameraHalLog:  vendor/oculus/camera/fastpath/camerahal/src/MonoCameraOculus.cpp:EnableCamera:116 Enabling MonoCamera 0
12-26 08:10:31.311   945 11304 I Tracking: BOLT:HexagonShim: HTP clock GKs are both false: setting clock to turbo
12-26 08:10:31.311   945 11304 I Tracking: BoltSdkFramework: TorchDelegate: RMgr ref count changed from 9 to 10
12-26 08:10:31.314   889 11289 D MediaCodec: flushMediametrics
12-26 08:10:31.315   889 11289 W mediametrics::Item: selfrecord: failed to record: {codec, (01-01 05:00:00.000), (, -1, -1), (android.media.mediacodec.codec=c2.android.vorbis.decoder, android.media.mediacodec.lifetimeMs=24, android.media.mediacodec.low-latency.first-frame=-1, android.media.mediacodec.low-latency.off=0, android.media.mediacodec.low-latency.on=0, android.media.mediacodec.mode=audio, android.media.mediacodec.secure=0)}
12-26 08:10:31.315   889 11289 D CCodec  : [c2.android.vorbis.decoder] buffers are bound to CCodec for this session
12-26 08:10:31.315   889 11289 D CCodecConfig: no c2 equivalents for durationUs
12-26 08:10:31.315   889 11289 D CCodecConfig: no c2 equivalents for csd-1
12-26 08:10:31.315   889 11289 D CCodecConfig: no c2 equivalents for channel-mask
12-26 08:10:31.315   889 11289 D CCodecConfig: no c2 equivalents for flags
12-26 08:10:31.317   889 11289 D CCodecConfig: c2 config diff is   c2::u32 coded.bitrate.value = 128000
12-26 08:10:31.317   889 11289 D CCodecConfig:   c2::u32 raw.channel-count.value = 2
12-26 08:10:31.318   889 11289 W Codec2Client: query -- param skipped: index = 1107298332.
12-26 08:10:31.318   889 11289 D CCodec  : setup formats input: AMessage(what = 0x00000000) = {
12-26 08:10:31.318   889 11289 D CCodec  :   int32_t bitrate = 128000
12-26 08:10:31.318   889 11289 D CCodec  :   int32_t channel-count = 2
12-26 08:10:31.318   889 11289 D CCodec  :   int32_t max-input-size = 32768
12-26 08:10:31.318   889 11289 D CCodec  :   string mime = "audio/vorbis"
12-26 08:10:31.318   889 11289 D CCodec  :   int32_t sample-rate = 48000
12-26 08:10:31.318   889 11289 D CCodec  : }
12-26 08:10:31.318   889 11289 D CCodec  : setup formats output: AMessage(what = 0x00000000) = {
12-26 08:10:31.318   889 11289 D CCodec  :   int32_t channel-count = 2
12-26 08:10:31.318   889 11289 D CCodec  :   string mime = "audio/raw"
12-26 08:10:31.318   889 11289 D CCodec  :   int32_t sample-rate = 48000
12-26 08:10:31.318   889 11289 D CCodec  :   int32_t channel-mask = 3
12-26 08:10:31.318   889 11289 D CCodec  : }
12-26 08:10:31.319   889 11289 I CCodecConfig: query failed after returning 7 values (BAD_INDEX)
12-26 08:10:31.308     0     0 I qcom,camera ac4f000.qcom,cci: qcom,cam-sensor0: Linked as a consumer to regulator.46
12-26 08:10:31.310     0     0 I qcom,camera ac4f000.qcom,cci: qcom,cam-sensor0: Linked as a consumer to regulator.7
12-26 08:10:31.310     0     0 I qcom,camera ac4f000.qcom,cci: qcom,cam-sensor0: Linked as a consumer to regulator.71
12-26 08:10:31.313     0     0 W healthd : battery l=100 v=4382 t=28.7 h=2 st=4 c=488 fc=3749000 cc=3 chg=u
12-26 08:10:31.319   889 11289 I MediaCodec: MediaCodec will operate in async mode
12-26 08:10:31.320   889 11288 D MediaCodec: keep callback message for reclaim
12-26 08:10:31.320   889 11289 W Codec2Client: query -- param skipped: index = 1342179345.
12-26 08:10:31.320   889 11289 W Codec2Client: query -- param skipped: index = 2415921170.
12-26 08:10:31.322   889 11289 D CCodecBufferChannel: [c2.android.vorbis.decoder#405] Created input block pool with allocatorID 16 => poolID 39 - OK (0)
12-26 08:10:31.322   916  2761 D BufferPoolAccessor2.0: bufferpool2 0xb400007d19495028 : 0(0 size) total buffers - 0(0 size) used buffers - 10/13 (recycle/alloc) - 3/12 (fetch/transfer)
12-26 08:10:31.322   916  2761 D BufferPoolAccessor2.0: Destruction - bufferpool2 0xb400007d19495028 cached: 0/0M, 0/0% in use; allocs: 13, 77% recycled; transfers: 12, 75% unfetched
12-26 08:10:31.323   889  1404 D BufferPoolAccessor2.0: bufferpool2 0xe8656558 : 0(0 size) total buffers - 0(0 size) used buffers - 10/18 (recycle/alloc) - 8/30 (fetch/transfer)
12-26 08:10:31.323   889 11289 I CCodecBufferChannel: [c2.android.vorbis.decoder#405] Created output block pool with allocatorID 16 => poolID 195 - OK
12-26 08:10:31.323   889  1404 D BufferPoolAccessor2.0: Destruction - bufferpool2 0xe8656558 cached: 0/0M, 0/0% in use; allocs: 18, 56% recycled; transfers: 30, 73% unfetched
12-26 08:10:31.323   889 11289 D CCodecBufferChannel: [c2.android.vorbis.decoder#405] Configured output block pool ids 195 => OK
12-26 08:10:31.325   916 11297 D SimpleC2Component: Using output block pool with poolID 195 => got 195 - 0
12-26 08:10:31.320     0     0 W healthd : battery l=100 v=4382 t=28.7 h=2 st=4 c=488 fc=3749000 cc=3 chg=u
12-26 08:10:31.329   945 11304 I Tracking: boltlib: Initialized model MultiScaleTCNQuantizable with 0 HTA subgraph(s)
12-26 08:10:31.330   945 11304 I Tracking: NN:backends: Using network spec 1/4.
12-26 08:10:31.330   945 11304 I Tracking: NN:backends: Not using network spec 2/4: No valid TorchScript model found at absolute or relative path htp/qnn_model.ptl..
12-26 08:10:31.331   945 11304 I Tracking: NN:backends: Not using network spec 3/4: No valid TorchScript model found at absolute or relative path cpu/model.pt..
12-26 08:10:31.331   945 11304 I Tracking: NN:backends: Not using network spec 4/4: No valid TorchScript model found at absolute or relative path cpu/model.pt..
12-26 08:10:31.333   945 11304 I Tracking: FaceTracking: Configuring active pipeline, model_name: 
12-26 08:10:31.333   945 11304 I Tracking: FaceTracking: Init face tracking with model 
12-26 08:10:31.333   945 11304 I Tracking: FaceTracking: FTPipeline configuration:
12-26 08:10:31.333   945 11304 I Tracking: FTPipelineE2E
12-26 08:10:31.333   945 11304 I Tracking: FaceTracking: Started. Took 28.1283ms.
12-26 08:10:31.333   945 11304 I Tracking: AudioFaceTrackingCapabilityImpl: Started. Took 28.1454ms.
12-26 08:10:31.338   787 11269 W SensorService: Data for sensor type HMD_IMU dropped because of failure to update clock drift from vsync. 1 drops in the last 0s.
12-26 08:10:31.339   797  4464 D AudioFlinger: Client defaulted notificationFrames to 12000 for frameCount 24000
12-26 08:10:31.339   603   628 W SyncBossFW: 19446734 [warning] {SPTH}: [rate_lim=1000] Big IMU diff (500656726us)
12-26 08:10:31.339   787   787 I CameraHalOculus: CameraHalLog:  vendor/oculus/camera/fastpath/camerahal/src/MonoCameraOculus.cpp:EnableCamera:116 Enabling MonoCamera 1
12-26 08:10:31.339   797  4464 D AF::TrackHandle: OpPlayAudio: not muting track:180 flags 0x840 have FLAG_BYPASS_INTERRUPTION_POLICY
12-26 08:10:31.341  3141  3190 I GuardianPassthroughMgr: GuardianPassthroughMgr::UpdateTransition - Guardian driven passthrough animation enabled
12-26 08:10:31.342  3141  3190 I StateMachine: StateMachine::HandleEvent GuardianInitialization: mountEvent -> MountedTransition_Black
12-26 08:10:31.342  3141  3190 I StateMachine: StateMachine::HandleEvent HmdMovementTelemetry: hmdTelemetryMountEvent -> HmdTelemetry_Mounted
12-26 08:10:31.342  3141  3190 I GuardianTelemetry: [ovrStatsThreadGuardian::SendGuardianStateChangeTelemetry] Sending state change event DON, dialog 
12-26 08:10:31.346   787 11269 W SensorService: Data for sensor type HMD_MAG dropped because of failure to update clock drift from vsync. 1 drops in the last 0s.
12-26 08:10:31.335     0     0 I qcom,camera ac4f000.qcom,cci: qcom,cam-sensor1: Linked as a consumer to regulator.46
12-26 08:10:31.337     0     0 I qcom,camera ac4f000.qcom,cci: qcom,cam-sensor1: Linked as a consumer to regulator.7
12-26 08:10:31.337     0     0 I qcom,camera ac4f000.qcom,cci: qcom,cam-sensor1: Linked as a consumer to regulator.71
12-26 08:10:31.352   889 11289 D CCodecBufferChannel: [c2.android.vorbis.decoder#405] buffers after EOS ignored (0 us)
12-26 08:10:31.353   889 11286 D AudioTrack: stop(152): called with 11233 frames delivered
12-26 08:10:31.365   787   787 I CameraHalOculus: CameraHalLog:  vendor/oculus/camera/fastpath/camerahal/src/MonoCameraOculus.cpp:EnableCamera:116 Enabling MonoCamera 2
12-26 08:10:31.361     0     0 I qcom,camera ac50000.qcom,cci: qcom,cam-sensor2: Linked as a consumer to regulator.46
12-26 08:10:31.363     0     0 I qcom,camera ac50000.qcom,cci: qcom,cam-sensor2: Linked as a consumer to regulator.7
12-26 08:10:31.363     0     0 I qcom,camera ac50000.qcom,cci: qcom,cam-sensor2: Linked as a consumer to regulator.71
12-26 08:10:31.390   787   787 I CameraHalOculus: CameraHalLog:  vendor/oculus/camera/fastpath/camerahal/src/MonoCameraOculus.cpp:EnableCamera:116 Enabling MonoCamera 3
12-26 08:10:31.385     0     0 I qcom,camera ac50000.qcom,cci: qcom,cam-sensor3: Linked as a consumer to regulator.46
12-26 08:10:31.388     0     0 I qcom,camera ac50000.qcom,cci: qcom,cam-sensor3: Linked as a consumer to regulator.7
12-26 08:10:31.388     0     0 I qcom,camera ac50000.qcom,cci: qcom,cam-sensor3: Linked as a consumer to regulator.71
12-26 08:10:31.415   787   787 D SensorService: SyncbossEventHandler: Enabling sensor HMD_FSIN
12-26 08:10:31.415   787   787 D SensorService: SyncbossEventHandler: Active sensors: synthetic[EXTERNAL_TIMING,ZAP] non-synth[HMD_MAG,HMD_IMU,HMD_FSIN,PULSAR]
12-26 08:10:31.415   787   787 D SensorService: SyncbossEventHandler: acquiring session; approx # alive: 4
12-26 08:10:31.419   603   628 I SyncBossFW: 19446814 [info   ] {APPI}: Stopping camera streaming
12-26 08:10:31.458   603   628 I SyncBossFW: 19446853 [info   ] {BCAM}: OV7251 sensors found - 0xf
12-26 08:10:31.483   603   628 I SyncBossFW: 19446878 [info   ] {APPI}: Camera probe, found: 0xf
12-26 08:10:31.495   787   787 I DiceCameraSystem: Set cameras to 10 bpp (format 0x00000007)
12-26 08:10:31.499   787   787 I libsensorscommon: [HEADSET FSC] started at 20234.96
12-26 08:10:31.499   787  1045 I SyncBossHAL: [info   ] pulsar_manager.c(960): No IRLED tracked controllers connected/ready
12-26 08:10:31.499   787   787 I CameraHalOculus: CameraHalLog:  vendor/oculus/camera/fastpath/camerahal/src/MonoCameraOculus.cpp:StartCamera:177 Starting MonoCamera 0
12-26 08:10:31.508   787   787 I CameraHalOculus: CameraHalLog:  vendor/oculus/camera/fastpath/camerahal/src/MonoCameraOculus.cpp:StartCamera:177 Starting MonoCamera 1
12-26 08:10:31.517   787   787 I CameraHalOculus: CameraHalLog:  vendor/oculus/camera/fastpath/camerahal/src/MonoCameraOculus.cpp:StartCamera:177 Starting MonoCamera 2
12-26 08:10:31.526   787   787 I CameraHalOculus: CameraHalLog:  vendor/oculus/camera/fastpath/camerahal/src/MonoCameraOculus.cpp:StartCamera:177 Starting MonoCamera 3
12-26 08:10:31.538   787   787 D CameraStream: Client 945: Finished StreamControl: 0
12-26 08:10:31.538   945  1105 I Tracking: InsideOutTrackingCapabilityTranslation: onResume
12-26 08:10:31.538   945  1105 I Tracking: TELEMETRY_COLLECTOR: Starting periodic telemetry polling...
12-26 08:10:31.539   945  1105 I Tracking: VIPER:TELEMETRY: Calcated needed IMU telemetry buffer size as 528 measurements.
12-26 08:10:31.540   973   973 E adbd    : failed to connect to socket 'tcp:6666': Connection refused
12-26 08:10:31.541   945  1423 I Tracking: BackendReplayKpiLogger: No valid transforms found for context 886e0612-9427-9f60-5a8a-9a2a54c9e0e5.  Cannot calculate bound box and volume
12-26 08:10:31.543  3141  3190 I StateMachine: StateMachine::HandleEvent GuardianInitialization: inSuspendedStateEvent -> InSuspendedState
12-26 08:10:31.543   603   628 I SyncBossFW: 19446937 [info   ] {APPI}: Starting camera streaming
12-26 08:10:31.543   603   628 I SyncBossFW: 19446937 [info   ] {BCAM}: Camera streaming started
12-26 08:10:31.549   849   849 D SurfaceFlinger: setCacPowerMode: mode=2
12-26 08:10:31.549   849   849 I SurfaceFlinger: Enabling HAL virtual displays
12-26 08:10:31.550   945  1105 I Tracking: FaceTracking:PeriodicTelemetry: Starting FaceTrackingTelemetryAggregator. Timestamp: 20234.998015508 [sec]
12-26 08:10:31.550   945  1105 I Tracking: FaceTracking:PeriodicTelemetry: Starting FT Telemetry Event at: 20235.009858685 [sec]
12-26 08:10:31.550   945  1105 I Tracking: FaceTracking:PeriodicTelemetry: Starting FT Lipsync Telemetry Event at: 20235.009858685 [sec]
12-26 08:10:31.550   945  1105 I Tracking: VisionInterface: Resuming IOT Engine
12-26 08:10:31.550   945  1105 I Tracking: ANCHOR_MANAGER: Clearing state of vega anchor manager.
12-26 08:10:31.551   945  1105 E Tracking: AnchorCacheHelpers: Nearby anchor does not exist in shared memory!
12-26 08:10:31.551   945  1105 I Tracking: ANCHOR_MANAGER: AnchorManager::onResume Updating latestDonTimestamp with 20235.010448060 [sec]
12-26 08:10:31.551   945  1105 I Tracking: MapperOperationsRuntimeIPCServer: Triggering cancel segmented uploads event: eventUid=e8cf8867-eb96-b1b2-a9cf-a7019d1100f9
12-26 08:10:31.551   945  1105 I Tracking: InternalAnchorApiServerCapabilityImpl: onResume
12-26 08:10:31.551   945  1105 I Tracking: SlamAnchorRuntimeIpcServer: Starting Thread to Notify Post-Processing and Preemption Events
12-26 08:10:31.551   945  1105 I Tracking: SlamAnchorRuntimeIpcServer: Discarding Existing Post-Processing Events and Enqueueing Post-Processing Preemption Event
12-26 08:10:31.551   945  1105 D TrackingService: IOT standby to running completed
12-26 08:10:31.551   945  1105 I TrackingService: [                             iot] Power transition: STANDBY -> RUNNING transition time: 243 ms
12-26 08:10:31.551   848   848 I SDM     : HWCVirtualDisplayFactory::Create: Created DPU based virtual display
12-26 08:10:31.552   787   787 D CameraStream: Client 945: Attempting StreamControl: 0
12-26 08:10:31.552   787   787 D CameraClientManager: [CONTROLLER] Attempting starting camera client.
12-26 08:10:31.552   787   787 D CameraClientManager: [CONTROLLER] Successfully found client (945) to start in CameraClientManager list.
12-26 08:10:31.553   848   848 W SDM     : HWDeviceDRM::PopulateDisplayAttributes: Driver doesn't report panel physical width and height - defaulting to 320dpi
12-26 08:10:31.553   848   848 W SDM     : HWDeviceDRM::PopulateDisplayAttributes: Driver doesn't report panel physical width and height - defaulting to 320dpi
12-26 08:10:31.553   848   848 W SDM     : HWDeviceDRM::PopulateDisplayAttributes: Driver doesn't report panel physical width and height - defaulting to 320dpi
12-26 08:10:31.553   848   848 W SDM     : HWDeviceDRM::PopulateDisplayAttributes: Driver doesn't report panel physical width and height - defaulting to 320dpi
12-26 08:10:31.553   848   848 W SDM     : HWDeviceDRM::PopulateDisplayAttributes: Driver doesn't report panel physical width and height - defaulting to 320dpi
12-26 08:10:31.553   848   848 W SDM     : HWDeviceDRM::PopulateDisplayAttributes: Driver doesn't report panel physical width and height - defaulting to 320dpi
12-26 08:10:31.553   848   848 W SDM     : HWDeviceDRM::PopulateDisplayAttributes: Driver doesn't report panel physical width and height - defaulting to 320dpi
12-26 08:10:31.553   848   848 W SDM     : HWDeviceDRM::PopulateDisplayAttributes: Driver doesn't report panel physical width and height - defaulting to 320dpi
12-26 08:10:31.553   848   848 W SDM     : HWDeviceDRM::PopulateDisplayAttributes: Driver doesn't report panel physical width and height - defaulting to 320dpi
12-26 08:10:31.553   848   848 W SDM     : HWDeviceDRM::PopulateDisplayAttributes: Driver doesn't report panel physical width and height - defaulting to 320dpi
12-26 08:10:31.553   848   848 W SDM     : HWDeviceDRM::PopulateDisplayAttributes: Driver doesn't report panel physical width and height - defaulting to 320dpi
12-26 08:10:31.553   848   848 W SDM     : HWDeviceDRM::PopulateDisplayAttributes: Driver doesn't report panel physical width and height - defaulting to 320dpi
12-26 08:10:31.553   848   848 W SDM     : HWDeviceDRM::PopulateDisplayAttributes: Driver doesn't report panel physical width and height - defaulting to 320dpi
12-26 08:10:31.553   848   848 W SDM     : HWDeviceDRM::PopulateDisplayAttributes: Driver doesn't report panel physical width and height - defaulting to 320dpi
12-26 08:10:31.553   848   848 W SDM     : HWDeviceDRM::PopulateDisplayAttributes: Driver doesn't report panel physical width and height - defaulting to 320dpi
12-26 08:10:31.553   848   848 W SDM     : HWDeviceDRM::PopulateDisplayAttributes: Driver doesn't report panel physical width and height - defaulting to 320dpi
12-26 08:10:31.553   848   848 W SDM     : HWDeviceDRM::PopulateDisplayAttributes: Driver doesn't report panel physical width and height - defaulting to 320dpi
12-26 08:10:31.553   848   848 W SDM     : HWDeviceDRM::PopulateDisplayAttributes: Driver doesn't report panel physical width and height - defaulting to 320dpi
12-26 08:10:31.553   848   848 W SDM     : HWDeviceDRM::PopulateDisplayAttributes: Driver doesn't report panel physical width and height - defaulting to 320dpi
12-26 08:10:31.553   848   848 W SDM     : HWDeviceDRM::PopulateDisplayAttributes: Driver doesn't report panel physical width and height - defaulting to 320dpi
12-26 08:10:31.553   848   848 W SDM     : HWDeviceDRM::PopulateDisplayAttributes: Driver doesn't report panel physical width and height - defaulting to 320dpi
12-26 08:10:31.553   848   848 W SDM     : HWDeviceDRM::PopulateDisplayAttributes: Driver doesn't report panel physical width and height - defaulting to 320dpi
12-26 08:10:31.553   848   848 W SDM     : HWDeviceDRM::PopulateDisplayAttributes: Driver doesn't report panel physical width and height - defaulting to 320dpi
12-26 08:10:31.553   848   848 W SDM     : HWDeviceDRM::PopulateDisplayAttributes: Driver doesn't report panel physical width and height - defaulting to 320dpi
12-26 08:10:31.553   848   848 W SDM     : HWDeviceDRM::PopulateDisplayAttributes: Driver doesn't report panel physical width and height - defaulting to 320dpi
12-26 08:10:31.553   848   848 W SDM     : HWDeviceDRM::PopulateDisplayAttributes: Driver doesn't report panel physical width and height - defaulting to 320dpi
12-26 08:10:31.553   848   848 W SDM     : HWDeviceDRM::PopulateDisplayAttributes: Driver doesn't report panel physical width and height - defaulting to 320dpi
12-26 08:10:31.553   848   848 W SDM     : HWDeviceDRM::PopulateDisplayAttributes: Driver doesn't report panel physical width and height - defaulting to 320dpi
12-26 08:10:31.553   848   848 W SDM     : HWDeviceDRM::PopulateDisplayAttributes: Driver doesn't report panel physical width and height - defaulting to 320dpi
12-26 08:10:31.553   848   848 W SDM     : HWDeviceDRM::PopulateDisplayAttributes: Driver doesn't report panel physical width and height - defaulting to 320dpi
12-26 08:10:31.553   848   848 W SDM     : HWDeviceDRM::PopulateDisplayAttributes: Driver doesn't report panel physical width and height - defaulting to 320dpi
12-26 08:10:31.553   848   848 W SDM     : HWDeviceDRM::PopulateDisplayAttributes: Driver doesn't report panel physical width and height - defaulting to 320dpi
12-26 08:10:31.553   848   848 W SDM     : HWDeviceDRM::PopulateDisplayAttributes: Driver doesn't report panel physical width and height - defaulting to 320dpi
12-26 08:10:31.553   848   848 W SDM     : HWDeviceDRM::PopulateDisplayAttributes: Driver doesn't report panel physical width and height - defaulting to 320dpi
12-26 08:10:31.553   848   848 W SDM     : HWDeviceDRM::PopulateDisplayAttributes: Driver doesn't report panel physical width and height - defaulting to 320dpi
12-26 08:10:31.553   848   848 W SDM     : HWDeviceDRM::PopulateDisplayAttributes: Driver doesn't report panel physical width and height - defaulting to 320dpi
12-26 08:10:31.553   848   848 I SDM     : HWDeviceDRM::UpdateMixerAttributes: Mixer WxH 4096x2160-1 for Virtual
12-26 08:10:31.553   848   848 I SDM     : HWCDisplay::UpdateConfigs: num_configs = 1
12-26 08:10:31.553   848   848 I SDM     : HWCDisplay::Init: Display created with id: 1, game_supported_: 0
12-26 08:10:31.553   848   848 I SDM     : HWDeviceDRM::UpdateMixerAttributes: Mixer WxH 1920x3664-1 for Virtual
12-26 08:10:31.553   848   848 I SDM     : HWVirtualDRM::SetDisplayAttributes: New WB Resolution: 1920x3664 cur_mode_index 2
12-26 08:10:31.554   945 11321 I Tracking: SlamAnchorRuntimeIpcServer: Post-Processing Thread Running
12-26 08:10:31.554   848   848 I SDM     : InitHDRinterface():127 HDR init done
12-26 08:10:31.554   945 11321 I Tracking: SlamAnchorRuntimeIpcServer: Initializing IPC
12-26 08:10:31.554   945 11321 I Tracking: SlamAnchorRuntimeIpcServer: Ensuring SPS Started
12-26 08:10:31.554   945 11321 I BrokerMethodsAndroid [RUNTIMEIPC]: EnsureServiceStarted: SPS userMode is already IPC_USER_CURRENT
12-26 08:10:31.555   787   787 I FrameSetDispatcher: [CONTROLLER] Client pid=945 (Cnst): Client thread started
12-26 08:10:31.555   787   787 I CameraClientManager: [CONTROLLER] Added client (945)(Cnst)
12-26 08:10:31.555   787   787 D CameraClientManager: [CONTROLLER] Attempting to start stream
12-26 08:10:31.555   787   787 I CameraClientManager: [CONTROLLER] Started clients: 1
12-26 08:10:31.555   787   787 I CameraClientManager: [CONTROLLER] Starting stream
12-26 08:10:31.555   787   787 I libsensorscommon: [CONTROLLER FSC] started at 20235.01
12-26 08:10:31.555   787   787 D CameraStream: Client 945: Finished StreamControl: 0
12-26 08:10:31.555   848   848 I SDM     : HDRIntfClient::GetParameter: Version info is: 2.0
12-26 08:10:31.555   848   848 I SDM     : StrategyImpl::InitializeHdrInfo: HDRLib version = 2.0
12-26 08:10:31.555   848   848 I SDM     : Deinit():195 HDR De-init done
12-26 08:10:31.555   848   848 I SDM     : ResourceImpl::RegisterDisplay: Registering display 49-2 with hw_block 49-4
12-26 08:10:31.555   945  1105 I Tracking: ConstellationTrackingCapabilityTranslation: onResume
12-26 08:10:31.555  1152  1166 I RuntimeIpcHelperService: Going to start ComponentInfo{com.facebook.spatial_persistence_service/com.facebook.spatial_persistence_service.AnchorPersistenceService} as foreground
12-26 08:10:31.556   848   848 I SDM     : InitHDRinterface():127 HDR init done
12-26 08:10:31.556   945  1105 I TrackingService: ConstellationTrackingGlue: setEnableExtendedDeadreckoning to false
12-26 08:10:31.556   945  1105 I TrackingService: [                   constellation] Power transition: STANDBY -> RUNNING transition time: 4 ms
12-26 08:10:31.556   848   848 I SDM     : HDRIntfClient::GetParameter: Version info is: 2.0
12-26 08:10:31.556   848   848 I SDM     : panel_HDMI_sink_load():30 panel's peak brightness isn't unreasonably, should be in unit of nits. Default val is used!
12-26 08:10:31.556   945  1105 I Tracking: SelftrackedHeadsetSide: onResume
12-26 08:10:31.556   945  1105 I TrackingService: [              selftracked_client] Power transition: STANDBY -> RUNNING transition time: 0 ms
12-26 08:10:31.557   945  1105 I TrackingService: [                            hand] Power transition: STANDBY -> RUNNING transition time: 0 ms
12-26 08:10:31.557   848   848 I SDM     : ColorIntfClient::Init: Init successful
12-26 08:10:31.557   945  1105 I TrackingService: [                            face] Power transition: STANDBY -> RUNNING transition time: 0 ms
12-26 08:10:31.557 10986 11033 I AdrenoGLES-0: QUALCOMM build                   : fa5d856e9e, I160a5475da
12-26 08:10:31.557 10986 11033 I AdrenoGLES-0: Build Date                       : 07/24/23
12-26 08:10:31.557 10986 11033 I AdrenoGLES-0: OpenGL ES Shader Compiler Version: E031.42.07.00
12-26 08:10:31.557 10986 11033 I AdrenoGLES-0: Local Branch                     : 
12-26 08:10:31.557 10986 11033 I AdrenoGLES-0: Remote Branch                    : 
12-26 08:10:31.557 10986 11033 I AdrenoGLES-0: Remote Branch                    : 
12-26 08:10:31.557 10986 11033 I AdrenoGLES-0: Reconstruct Branch               : 
12-26 08:10:31.557 10986 11033 I AdrenoGLES-0: Build Config                     : S P 10.0.7 AArch64
12-26 08:10:31.557   848   848 I SDM     : DisplayVirtual::SetActiveConfig: Virtual display resolution changed to[1920x3664]
12-26 08:10:31.557   848   848 I SDM     : DisplayBase::SetDisplayState: Set state = 1, display 49-2, teardown = 0
12-26 08:10:31.557 10986 11033 I AdrenoGLES-0: Driver Path                      : /vendor/lib64/egl/libGLESv2_adreno.so
12-26 08:10:31.557 10986 11033 I AdrenoGLES-0: Driver Version                   : 0728.0
12-26 08:10:31.557 10986 11033 I AdrenoGLES-0: Process Name                     : com.epicgames.AtomVR
12-26 08:10:31.557   787   787 D CameraStream: Client 945: Attempting StreamControl: 0
12-26 08:10:31.557   848   848 I SDM     : DisplayBase::SetFrameBufferConfig: New framebuffer resolution (1920x3664)
12-26 08:10:31.557   787   787 D CameraClientManager: [HEADSET] Attempting starting camera client.
12-26 08:10:31.557   848   848 I SDM     : HWCDisplay::SetFrameBufferConfig: New framebuffer resolution (1920x3664)
12-26 08:10:31.557   787   787 D CameraClientManager: [HEADSET] Successfully found client (945) to start in CameraClientManager list.
12-26 08:10:31.557   848   848 I SDM     : HWCVirtualDisplayFactory::Create: Creating virtual display: w: 1920 h:3664 format:0x1
12-26 08:10:31.557   848   848 I SDM     : HWCDisplay::GetHdrCapabilities: HDR is not supported
12-26 08:10:31.557   848   848 I SDM     : HWCSession::CreateVirtualDisplayObj: Created virtual display id:1 with res: 1920x3664
12-26 08:10:31.557   848   848 I SDM     : HWCSession::CreateVirtualDisplay: Created virtual display id:1, res: 1920x3664
12-26 08:10:31.558   849   849 E DisplayDevice: Composition Display did not validate!
12-26 08:10:31.558   849   849 D SurfaceFlinger: Finished setting power mode 2 on display 4630946791093499009
12-26 08:10:31.558  1152  1333 D SurfaceControl: Excessive delay in setPowerMode()
12-26 08:10:31.559  1152  1333 E DisplayDeviceConfig: requesting nits when no mapping exists.
12-26 08:10:31.559  1152  1333 E DisplayDeviceConfig: requesting nits when no mapping exists.
12-26 08:10:31.559   945 11301 I Tracking: TIMESTAMPCHECKER: Received first IMU-IOHM capture timestamp: 19446.955274000 [sec]
12-26 08:10:31.560  2875  2875 I VrRuntimeService: nativeScreenStateChanged to on
12-26 08:10:31.560  2875  2875 I VrRuntimeService: Service entering RUNNING Mode
12-26 08:10:31.560  2875  2875 I VrRuntimeService: Resetting vsync state
12-26 08:10:31.560  2875  2875 I VrRuntimeServer: RuntimeServer: Resuming operation
12-26 08:10:31.560  2875  2875 I TelemetryServer: StartTelemetryServer start
12-26 08:10:31.560  2875  2875 I TelemetryServer: StartTelemetryServer end - 0.05ms
12-26 08:10:31.560  1152  1189 W PowerManagerService: Screen on took 347 ms
12-26 08:10:31.560  3653  3653 D [SUI] SystemUXBroadcastReceiver: action: com.oculus.intent.action.MOUNT_STATE_CHANGED
12-26 08:10:31.560   945 11301 W Tracking: VIPER: dropping gyro data, because accelerometer cannot be interpolated.
12-26 08:10:31.560   945 11301 W Tracking: VIPER: dropping gyro data, because accelerometer cannot be interpolated.
12-26 08:10:31.560   945 11301 I Tracking: VisionInterface: HMD Tracking switching to 3dof (from disabled) - Engine State: Running
12-26 08:10:31.561   848   848 W SDM     : HWCDisplay::SetClientTarget: New Dataspace = 142671872 not matching Dataspace from color mode = 0
12-26 08:10:31.561   849   849 W HwcComposer: command 0x2010000 generated error 4
12-26 08:10:31.562  2802  2802 D [OAO] BaseOverlayService: screenStateReceiver Received broadcast: com.oculus.intent.action.MOUNT_STATE_CHANGED
12-26 08:10:31.562  2802  2802 D [OAO] BaseOverlayService: onMountStateChanged: true
12-26 08:10:31.562  2802  2802 I [OAO] ShellApplicationJNI: NativeSendOverlayCommand
12-26 08:10:31.562  2802  2802 I [OAO] ShellOverlayMain: WakeVrThread - notifying vr thread
12-26 08:10:31.562  2802  3044 I [OAO] ShellAppBase: WaitForWake: VrThread woke up
12-26 08:10:31.562  2802  3044 I [OAO] ShellAppBase: 0x74db1342f8 msg: overlayCommand:
12-26 08:10:31.562  2802  3044 I [OAO] ShellAppBase: command = mountStateChanged
12-26 08:10:31.562  2802  3044 I [OAO] ShellAppBase: state = 1
12-26 08:10:31.562  2802  3044 I [OAO] ShellAppBase: Process_OverlayCommand command : mountStateChanged
12-26 08:10:31.562  2802  3044 I [OAO] ShellAppBase: mountStateChanged message received
12-26 08:10:31.562   787   787 I FrameSetDispatcher: [HEADSET] Client pid=945 (Obj): Client thread started
12-26 08:10:31.562   787   787 I CameraClientManager: [HEADSET] Added client (945)(Obj)
12-26 08:10:31.562   787   787 D CameraClientManager: [HEADSET] Attempting to start stream
12-26 08:10:31.562   787   787 I CameraClientManager: [HEADSET] Started clients: 2
12-26 08:10:31.562   787   787 D CameraStream: Client 945: Finished StreamControl: 0
12-26 08:10:31.563  2202  2202 D [SEO] BaseOverlayService: screenStateReceiver Received broadcast: com.oculus.intent.action.MOUNT_STATE_CHANGED
12-26 08:10:31.563  2202  2202 D [SEO] BaseOverlayService: onMountStateChanged: true
12-26 08:10:31.555   945   945 W ObjectTrackingT: type=1400 audit(0.0:358): avc: denied { getattr } for path="/dev/cpuset/object_tracking/tasks" dev="cgroup" ino=187 scontext=u:r:trackingserver:s0 tcontext=u:object_r:cgroup:s0 tclass=file permissive=0
12-26 08:10:31.564   848  1002 W SDM     : HWCDisplay::SetClientTarget: New Dataspace = 142671872 not matching Dataspace from color mode = 0
12-26 08:10:31.564   945  1105 I TrackingService: [                          object] Power transition: STANDBY -> RUNNING transition time: 7 ms
12-26 08:10:31.564   945  1105 I TrackingService: [                      controller] Power transition: STANDBY -> RUNNING transition time: 0 ms
12-26 08:10:31.564   849   849 W HwcComposer: command 0x2010000 generated error 4
12-26 08:10:31.565  1152  1178 I DropBoxManagerService: add tag=system_server_wtf isTagEnabled=true flags=0x2
12-26 08:10:31.566 10986 11183 D UE      : Case APP_CMD_INIT_WINDOW
12-26 08:10:31.567  2875  2875 W Distortion: Invalid headset type.  Configuring default Quest 1 distortion
12-26 08:10:31.567  2875  2875 I Distortion: SetLensPositions - iad=0.0635, left offset=-0.002986,-0.00272, right offset=0.002986,-0.00272
12-26 08:10:31.567  2875  2875 W Distortion: Invalid headset type.  Configuring default Quest 1 distortion
12-26 08:10:31.567  2875  2875 I Distortion: SetLensPositions - iad=0.0635, left offset=-0.002986,-0.00272, right offset=0.002986,-0.00272
12-26 08:10:31.567 10986 11183 D UE      : LogAndroidEvents::EnqueueAppEvent : 0, [width=3664, height=1920], tid = 11183, APP_EVENT_STATE_WINDOW_CREATED
12-26 08:10:31.567  2875  2875 I CompositorVR: ---------------- CompositorVR() ----------------
12-26 08:10:31.568  2875  2875 W BystanderAwarenessIndicatorController: Bystander Awareness Indicator feature is not supported on this device.
12-26 08:10:31.568  2875  2875 I CompositorVR: No Bystander Awareness Indicator controller.
12-26 08:10:31.568  3265  3265 V MetaCam (DeviceLifecycleManager): Mount state changed: isMounted = true
12-26 08:10:31.569  3265  3265 D MetaCamNative (device_lifecycle_observer): OnDeviceMountedStateChange(is_mounted = 1)
12-26 08:10:31.569  1152  1178 I DropBoxManagerService: add tag=system_server_wtf isTagEnabled=true flags=0x2
12-26 08:10:31.570  2802  3044 D [OAO] ShellApplication: ShellApplication isDeviceLocked
12-26 08:10:31.571  2875  2875 I CompositorVR: AbuseReportCaptureEnabled=0
12-26 08:10:31.571 10986 11183 D UE      : LogAndroidEvents::EnqueueAppEvent : 14, [width=-1, height=-1], tid = 11183, APP_EVENT_STATE_APP_ACTIVATED
12-26 08:10:31.571 10986 11183 D UE      : LogAndroidEvents::EnqueueAppEvent : 15, [width=-1, height=-1], tid = 11183, APP_EVENT_RUN_CALLBACK
12-26 08:10:31.571  2875  2875 I CompositorVR: ForceChroma on
12-26 08:10:31.571   945 11321 I Tracking: SlamAnchorRuntimeIpcServer: Successfully Started SPS
12-26 08:10:31.571  2875  2875 I CompositorVR: CheckDebuggerConnected: debugger 0
12-26 08:10:31.571  2875  2875 I CompositorVR: warpMeshClipMode = 1
12-26 08:10:31.571   945 11321 I Tracking: SlamAnchorRuntimeIpcServer: Notifying Post-Processing Preemption Event: 151d6f9f-eadf-8b1c-023f-b9d49198c8a9
12-26 08:10:31.571  2875  2875 I CompositorVR: colorScale: 1.000000 1.000000 1.000000
12-26 08:10:31.571  2356 11300 I [CT]    : SP:IA:SPSPostProcessor: Received PostProcessingEvent: 151d6f9f-eadf-8b1c-023f-b9d49198c8a9, isPreemptionEvent: true, anchorCount: 0
12-26 08:10:31.572 10986 11183 D UE      : LogAndroidEvents::EnqueueAppEvent : 1, [width=3664, height=1920], tid = 11183, APP_EVENT_STATE_WINDOW_RESIZED
12-26 08:10:31.572  2356  2356 I AnchorPersistenceService: onStartCommand()
12-26 08:10:31.572 10986 11183 D UE      : LogAndroidEvents::EnqueueAppEvent : 4, [width=-1, height=-1], tid = 11183, APP_EVENT_STATE_WINDOW_REDRAW_NEEDED
12-26 08:10:31.572   945 11301 I Tracking: TIMESTAMPCHECKER: Identified IMU-IOHM sampling rate: 1013.17 Hz
12-26 08:10:31.572   945 11296 I Tracking: SlamAnchorRuntimeIpcServer: Client: 3747179250 Received Post Processing Event: 151d6f9f-eadf-8b1c-023f-b9d49198c8a9
12-26 08:10:31.572  2875  2875 W CompositorVR: GetNightShiftWhitePoint: night_shift_activated is not set
12-26 08:10:31.572  2356 11300 I [CT]    : SP:IA:SPSPostProcessor: Post-processing event queue size: 0. Clearing queue.
12-26 08:10:31.573  2875  2875 I Vsync   : ---------------- Vsync::Init ----------------
12-26 08:10:31.573  2875  2875 I Vsync   : Adjusting vsync display refresh rate 72.000000 -> 72.000000
12-26 08:10:31.574  3265  5477 D MetaCam (EventBus): Publish the event MountStateEvent
12-26 08:10:31.574  2802  3044 D DeviceHelper: isDeviceLocked = false
12-26 08:10:31.574  2802  3044 I [OAO] ShellFrameHelpers: ResolveDeviceState: checking device lock status : 0
12-26 08:10:31.574  2802  3044 I [OAO] ShellAppBase: ResolveDeviceState: change from Sleep to Awake
12-26 08:10:31.574  2802  3044 I [OAO] ShellAppBase: ResolveDeviceState: isWakingOrUnlockingIntoWake : 1
12-26 08:10:31.574  2802  3044 I [OAO] ShellAppBase: ResolveDeviceState: interactionState : Rendering
12-26 08:10:31.574  2802  3044 I [OAO] ShellOverlayApp: EnterVrMode
12-26 08:10:31.574  2802  3044 W [OAO] ShellOverlayApp: EnterVrMode: Cancelling. Already in VrMode
12-26 08:10:31.575  2802  3044 I [OAO] ShellFrameAnalytics: ShellFrame frameFunction: 24286us/24286us, trace: 1us/1us, process commands: 148us/148us, system update: 3677us/3677us, render 4104us/4104us, post render 0us/0us, input processing 14558us/14558us, input dispatch 3675us/3675us, stale frames: 1, refresh rate: 90
12-26 08:10:31.575   848  1002 W SDM     : HWCDisplay::SetClientTarget: New Dataspace = 142671872 not matching Dataspace from color mode = 0
12-26 08:10:31.575   849   849 W HwcComposer: command 0x2010000 generated error 4
12-26 08:10:31.578  3217  3612 I MRSVC   : MIXEDREALITY: MrServiceController: VrFocusManager::Top Activity Changed, topActivity now is: 'com.epicgames.AtomVR', immersiveApp now is: ''.
12-26 08:10:31.578 10986 11033 I AdrenoGLES-0: PFP: 0x016dd112, ME: 0x00000000
12-26 08:10:31.579  3217  3278 I MRSVC   : MIXEDREALITY: MrService: renderIteration: (every 10 seconds), screen is: ON, PT is: ON, ID is: OFF, Depth is: OFF
12-26 08:10:31.579  3653  3653 D [SUI] ActivityManagerUtilsHelper: onFocusedWindowChanged: Instance: com.oculus.common.activitymanager.ActivityManagerUtilsHelper@b59fbb5, topWindowUid: 10108, focusedApp: com.epicgames.AtomVR, previousApp: com.oculus.vrshell
12-26 08:10:31.579  3217  3278 I Deque   : AddEventToQueue called. eventInfo.type: 1000101000, eventInfo.next: 1
12-26 08:10:31.579  3653  3653 D [SUI] AnytimeUIPanelApp: Received ActivityStateChanges - com.epicgames.AtomVR
12-26 08:10:31.579  3217  3278 I MRSVC   : MIXEDREALITY: MrRuntimeImpl: onDisplayRefreshRateChanged: Display rate changed from 90 to 72.
12-26 08:10:31.582   945 11301 I Tracking: TIMESTAMPCHECKER: Received first Magnetometer-IOHM capture timestamp: 19446.978044000 [sec]
12-26 08:10:31.584  3265  3265 V MetaCam (ForegroundAppChecker): Current foreground package is com.epicgames.AtomVR.
12-26 08:10:31.584   848   848 I SDM     : HWCDisplay::GetColorModeCount: Supported color mode count = 1
12-26 08:10:31.584   848   848 I SDM     : HWCDisplay::GetColorModes: Color mode = 0 is supported
12-26 08:10:31.585  3265  3265 D FileCapture: Async on app switch
12-26 08:10:31.586   848  1002 I libdisplayconfigqti: Register client name: vendor.oculus.hardware.graphics.composer953 device client: 0xb400007dfc566280
12-26 08:10:31.586  3265  5253 D MetaCam (MediaCapabilityChecker): checkMediaHasRecordingCapabilities packageName: com.epicgames.AtomVR
12-26 08:10:31.588  2802  3044 I [OAO] FlowController: UpdateActiveFlow from NonModalFlow to (none)
12-26 08:10:31.588   787   787 D CameraStream: Client 945: Attempting StreamControl: 0
12-26 08:10:31.588  2802  3044 I [OAO] NonModalFlow: Deactivated
12-26 08:10:31.588   787   787 D CameraClientManager: [HEADSET] Attempting starting camera client.
12-26 08:10:31.588   787   787 D CameraClientManager: [HEADSET] Successfully found client (945) to start in CameraClientManager list.
12-26 08:10:31.588  2802  3044 I [OAO] LocalSpace: New Space: quat(-0.155886, -0.000624, -0.003954, 0.987767), translation(0.000000, 1.663891, 0.000000) - Prior Space: quat(-0.155886, -0.000624, -0.003954, 0.987767), translation(0.000000, 1.663891, 0.000000)
12-26 08:10:31.588  2802  3044 I [OAO] LocalSpace: Local space version from 80 to 85, local space user version from 1 to 1.
12-26 08:10:31.588  2802  3044 I [OAO] SystemTaskBar: Create PanelApp
12-26 08:10:31.588  2802  3044 I [OAO] PanelAppLaunchInfo: PanelAppLaunchInfo componentString:com.oculus.systemux/com.oculus.panelapp.anytimeui.AnytimeUIPanelService packageName:com.oculus.systemux serviceName:com.oculus.panelapp.anytimeui.AnytimeUIPanelService componentName:com.oculus.systemux/com.oculus.panelapp.anytimeui.AnytimeUIPanelService
12-26 08:10:31.588  2802  3044 I [OAO] HostPlatform: Retrieving component launch information for package (com.oculus.systemux) and service (com.oculus.panelapp.anytimeui.AnytimeUIPanelService)
12-26 08:10:31.589  1152  1152 W Looper  : Slow dispatch took 319ms main h=com.android.server.job.JobSchedulerService$JobHandler c=null m=1
12-26 08:10:31.589  1152  1152 E SensorManager: sensor or listener is null
12-26 08:10:31.590  3217  3278 W PhaseSync: [PS_Ver_1_0] DiscardFrame is triggered, frame->Stage 2 FrameBeginIndex 461 
12-26 08:10:31.590  3217  3278 I MRSVC   : MIXEDREALITY: OpenXrSupport: OpenXR qualified success: xrBeginFrame(clientState_.session, &beginFrameDesc): XR_FRAME_DISCARDED
12-26 08:10:31.590  3217  3278 I MRSVC   : MIXEDREALITY: MrServiceView: renderIteration: Hibernating the rendering thread since ID is off and no active PT layers.
12-26 08:10:31.590  3217  3278 I MRSVC   : MIXEDREALITY: MrServiceModelBase: Hibernating caller (most likely rendering thread) due to commandQueue being empty.
12-26 08:10:31.590  1152  1152 W Looper  : Slow delivery took 320ms main h=android.app.ActivityThread$H c=android.app.LoadedApk$ReceiverDispatcher$Args$$ExternalSyntheticLambda0@fbaa684 m=0
12-26 08:10:31.592  1152  1362 V MediaPlayer: resetDrmState:  mDrmInfo=null mDrmProvisioningThread=null mPrepareDrmInProgress=false mActiveDrmScheme=false
12-26 08:10:31.592  1152  1362 V MediaPlayer: cleanDrmObj: mDrmObj=null mDrmSessionId=null
12-26 08:10:31.593   787   787 I FrameSetDispatcher: [HEADSET] Client pid=945 (ExpCtl): Client thread started
12-26 08:10:31.593   787   787 I CameraClientManager: [HEADSET] Added client (945)(ExpCtl)
12-26 08:10:31.593   787   787 D CameraClientManager: [HEADSET] Attempting to start stream
12-26 08:10:31.593   787   787 I CameraClientManager: [HEADSET] Started clients: 3
12-26 08:10:31.593   787   787 D CameraStream: Client 945: Finished StreamControl: 0
12-26 08:10:31.594   787   787 D CameraStream: Client 945: Attempting StreamControl: 0
12-26 08:10:31.594   787   787 D CameraClientManager: [CONTROLLER] Attempting starting camera client.
12-26 08:10:31.594   787   787 D CameraClientManager: [CONTROLLER] Successfully found client (945) to start in CameraClientManager list.
12-26 08:10:31.594  2202  2202 D [SEO] BaseOverlayService: screenStateReceiver Received broadcast: android.intent.action.USER_PRESENT
12-26 08:10:31.595  2202  2202 D [SEO] BaseOverlayService: onUserPresent
12-26 08:10:31.597  1152  1814 I Telecom : CallAudioRouteStateMachine: Message received: MUTE_EXTERNALLY_CHANGED=3004, arg1=0: CARSM.mCR->CARSM.pM_MUTE_EXTERNALLY_CHANGED@AHc
12-26 08:10:31.597  2802  2802 D [OAO] BaseOverlayService: screenStateReceiver Received broadcast: android.intent.action.USER_PRESENT
12-26 08:10:31.598  1152  1814 I Telecom : QuiescentSpeakerRoute: Processing message MUTE_EXTERNALLY_CHANGED: CARSM.mCR->CARSM.pM_MUTE_EXTERNALLY_CHANGED@AHc
12-26 08:10:31.598  2802  2802 D [OAO] BaseOverlayService: onUserPresent
12-26 08:10:31.598  1152  1882 W ProcessStats: Tracking association SourceState{a589a9a com.oculus.ocms/10011 BTopFgs #28090} whose proc state 2 is better than process ProcessState{943c4fa com.oculus.qplservice/10043 pkg=com.oculus.qplservice} proc state 3 (3 skipped)
12-26 08:10:31.599  2802  2802 D DeviceHelper: isDeviceLocked = false
12-26 08:10:31.599  2802  2802 I [OAO] ShellApplicationJNI: NativeSendOverlayCommand
12-26 08:10:31.599   889  1613 D NuPlayerDriver: reset(0xe8660640) at state 6
12-26 08:10:31.601  1985 11142 I VrApi   : FPS=3/0,Prd=0ms,Tear=0,Early=0,Stale=0,Stale2/5/10/max=0/0/0/0,VSnc=0,Lat=-1,Fov=0,CPU4/GPU=5/3,1478/490MHz,OC=FF,TA=0/F/0,SP=N/N/N,Mem=1353MHz,Free=3336MB,PLS=0,Temp=28.7C/0.0C,TW=1.06ms,App=-31.66ms,GD=0.00ms,CPU&GPU=0.00ms,LCnt=1(DR0,LM0),GPU%=0.12,CPU%=0.14(W0.14),DSF=1.00,CFL=11.95/17.56,ICFLp95=15.38,LD=0,SF=0.00,LP=0,DVFS=0
12-26 08:10:31.601   787   787 I FrameSetDispatcher: [CONTROLLER] Client pid=945 (ExpCtl): Client thread started
12-26 08:10:31.601   787   787 I CameraClientManager: [CONTROLLER] Added client (945)(ExpCtl)
12-26 08:10:31.601   787   787 D CameraClientManager: [CONTROLLER] Attempting to start stream
12-26 08:10:31.601   787   787 I CameraClientManager: [CONTROLLER] Started clients: 2
12-26 08:10:31.601   787   787 D CameraStream: Client 945: Finished StreamControl: 0
12-26 08:10:31.601   945  1105 I Tracking: ExposureControlCapabilityImpl: onResume
12-26 08:10:31.602   945  1105 I TrackingService: [                 ExposureControl] Power transition: STANDBY -> RUNNING transition time: 37 ms
12-26 08:10:31.602   945  1104 D TrackingService: Transition completed for (null)
12-26 08:10:31.602   945  1104 D TrackingService: setPowerState: RUNNING
12-26 08:10:31.604  3596  3607 W System  : A resource failed to call close. 
