--------- beginning of system
12-30 03:10:43.078  1151  8881 I ActivityTaskManager: START u0 {flg=0x10000000 cmp=com.epicgames.AtomVR/com.epicgames.unreal.GameActivity (has extras)} from uid 2000
12-30 03:10:43.079  1151  8881 W ActivityTaskManager: Can't find TaskDisplayArea to determine support for multi window. Task id=2952 attached=false
--------- beginning of kernel
12-30 03:10:42.901     0     0 I binder  : 3727:3727 ioctl 40046210 7fc80506a4 returned -22
12-30 03:10:43.084  1151  8881 W ActivityTaskManager: Tried to set launchTime (0) < mLastActivityLaunchTime (21238432)
12-30 03:10:43.092  1151  8881 W ProcessStats: Tracking association SourceState{a39c56c com.oculus.ocms/10011 BTopFgs #20959} whose proc state 2 is better than process ProcessState{5256945 com.oculus.qplservice/10043 pkg=com.oculus.qplservice} proc state 3 (0 skipped)
12-30 03:10:43.093  1151  1174 I ActivityManager: Killing 23998:com.oculus.store:graphqlprefetchjobservice/u0a53 (adj 999): empty for 5034s
12-30 03:10:42.987     0     0 I binder  : 3512:3512 ioctl 40046210 7fc64d6634 returned -22
12-30 03:10:42.999     0     0 I binder  : 3512:3512 ioctl 40046210 7fc64d8454 returned -22
12-30 03:10:43.340  1151  1264 W WindowManager: Failed looking up window session=Session{d793ce0 3512:u0a10110} callers=com.android.server.wm.WindowManagerService.windowForClientLocked:5848 com.android.server.wm.Session.updateRequestedVisibilities:640 android.view.IWindowSession$Stub.onTransact:1175 
12-30 03:10:44.972     0     0 I logd    : logdr: UID=2000 GID=2000 PID=3738 b tail=0 logMask=10099 pid=0 start=0ns deadline=0ns
12-30 03:10:45.864     0     0 W healthd : battery l=100 v=4364 t=21.0 h=2 st=5 c=488 fc=3749000 cc=3 chg=a
12-30 03:10:46.147  1151  2114 E TaskPersister: File error accessing recents directory (directory doesn't exist?).
12-30 03:10:49.930     0     0 W healthd : battery l=100 v=4364 t=21.0 h=2 st=5 c=0 fc=3749000 cc=3 chg=a
12-30 03:10:50.541  1151  1182 W ActivityManager: Stopping service due to app idle: u0a17 -1m9s921ms com.oculus.appsafety/.AppSafetyService
12-30 03:10:50.891  1151  1151 D CompatibilityChangeReporter: Compat change id reported: 168419799; UID 1000; state: DISABLED
12-30 03:10:50.898  1151  1151 I ActivityManager: Idle maintenance over +1m10s204ms low RAM for 0
12-30 03:10:50.900   576  3815 D vold    : idle maintenance started
12-30 03:10:50.904   576  3815 D vold    : Start GC on /sys/fs/f2fs/dm-12
12-30 03:10:55.875     0     0 W healthd : battery l=100 v=4363 t=21.0 h=2 st=5 c=976 fc=3749000 cc=3 chg=a
12-30 03:10:58.086     0     0 W healthd : battery l=100 v=4363 t=21.0 h=2 st=5 c=0 fc=3749000 cc=3 chg=a
--------- beginning of tracking
12-30 03:10:58.821   787  1058 I SyncBossHAL: [info   ] syncboss_hal_powerstate.c(52): Reporting powerstate event: PROX_ON
12-30 03:10:58.821   787  1058 D SensorService: Received Powerstate PROX_ON
12-30 03:10:58.822   952  1135 I TrackingService: ActivityMonitor: prox_on event received
12-30 03:10:58.822  1151  1394 I PowerManagerService: Powering on display group fromAsleep (groupId=0, uid=1000, reason=WAKE_REASON_UNKNOWN, details=VrPwMng:leave-standby)...
12-30 03:10:58.823  1151  1394 I PowerManagerService: Waking up from Asleep (uid=1000, reason=WAKE_REASON_UNKNOWN, details=VrPwMng:leave-standby)...
12-30 03:10:58.825   944  3268 D SensorClientUtils: Cancelling delayed transition to SLEEP
12-30 03:10:58.825  1151  1193 I DisplayPowerController[0]: Blocking screen on until initial contents have been drawn.
12-30 03:10:58.825  1151  1193 D ActivityTaskManager: Top Process State changed to PROCESS_STATE_TOP
12-30 03:10:58.825   952  1134 D SensorClientUtils: Cancelling delayed transition to SLEEP
12-30 03:10:58.826   944  3268 D SensorClientUtils: Received transition request from SLEEP to RUNNING
12-30 03:10:58.826  1151  1151 D ActivityManager: Is background playback GK enabled: false Is background playback enabled for all apps: false
12-30 03:10:58.826   952  1134 D SensorClientUtils: Received transition request from SLEEP to RUNNING
12-30 03:10:58.826  1661 13469 D SensorClientUtils: Cancelling delayed transition to SLEEP
12-30 03:10:58.827   944  3268 D SensorClientUtils: Executing transition from SLEEP to STANDBY
12-30 03:10:58.827   944  3268 D MrSystemService: AOSP setPowerState: STANDBY.
12-30 03:10:58.827   944  3268 D SensorClientUtils: Executing transition from STANDBY to RUNNING
12-30 03:10:58.827   944  3268 D MrSystemService: AOSP setPowerState: RUNNING.
12-30 03:10:58.827  1151  1336 D CompatibilityChangeReporter: Compat change id reported: 151105954; UID 1000; state: ENABLED
12-30 03:10:58.827  1661 13469 D SensorClientUtils: Received transition request from SLEEP to RUNNING
12-30 03:10:58.827  1151  1336 D CompatibilityChangeReporter: Compat change id reported: 151105954; UID 1000; state: DISABLED
12-30 03:10:58.827  1151  1151 D ActivityManager: Is background playback GK enabled: false Is background playback enabled for all apps: false
12-30 03:10:58.828  1151  1336 E AppOps  : package system not found, can't check for attributionTag null
12-30 03:10:58.829  1151  1151 D ActivityManager: Is background playback GK enabled: false Is background playback enabled for all apps: false
12-30 03:10:58.829  1151  1336 E AppOps  : startOperation
12-30 03:10:58.829  1151  1336 E AppOps  : java.lang.SecurityException: Specified package system under uid 1000 but it is not
12-30 03:10:58.829  1151  1336 E AppOps  : 	at com.android.server.appop.AppOpsService.verifyAndGetBypass(AppOpsService.java:4627)
12-30 03:10:58.829  1151  1336 E AppOps  : 	at com.android.server.appop.AppOpsService.startOperationUnchecked(AppOpsService.java:3950)
12-30 03:10:58.829  1151  1336 E AppOps  : 	at com.android.server.appop.AppOpsService.startOperationImpl(AppOpsService.java:3841)
12-30 03:10:58.829  1151  1336 E AppOps  : 	at com.android.server.appop.AppOpsService.access$4100(AppOpsService.java:215)
12-30 03:10:58.829  1151  1336 E AppOps  : 	at com.android.server.appop.AppOpsService$CheckOpsDelegateDispatcher.lambda$startOperation$8(AppOpsService.java:7627)
12-30 03:10:58.829  1151  1336 E AppOps  : 	at com.android.server.appop.AppOpsService$CheckOpsDelegateDispatcher$$ExternalSyntheticLambda23.apply(Unknown Source:53)
12-30 03:10:58.829  1151  1336 E AppOps  : 	at com.android.server.policy.AppOpsPolicy.startOperation(AppOpsPolicy.java:251)
12-30 03:10:58.829  1151  1336 E AppOps  : 	at com.android.server.appop.AppOpsService$CheckOpsDelegateDispatcher.startOperation(AppOpsService.java:7624)
12-30 03:10:58.829  1151  1336 E AppOps  : 	at com.android.server.appop.AppOpsService.startOperation(AppOpsService.java:3810)
12-30 03:10:58.829  1151  1336 E AppOps  : 	at android.app.AppOpsManager.startOpNoThrow(AppOpsManager.java:8888)
12-30 03:10:58.829  1151  1336 E AppOps  : 	at android.app.AppOpsManager.startOpNoThrow(AppOpsManager.java:8864)
12-30 03:10:58.829  1151  1336 E AppOps  : 	at android.app.AppOpsManager.startOpNoThrow(AppOpsManager.java:8853)
12-30 03:10:58.829  1151  1336 E AppOps  : 	at android.app.AppOpsManager.startOpNoThrow(AppOpsManager.java:8822)
12-30 03:10:58.829  1151  1336 E AppOps  : 	at com.android.server.power.Notifier.onWakeLockAcquired(Notifier.java:239)
12-30 03:10:58.829  1151  1336 E AppOps  : 	at com.android.server.power.PowerManagerService.notifyWakeLockAcquiredLocked(PowerManagerService.java:1610)
12-30 03:10:58.829  1151  1336 E AppOps  : 	at com.android.server.power.PowerManagerService.acquireWakeLockInternal(PowerManagerService.java:1439)
12-30 03:10:58.829  1151  1336 E AppOps  : 	at com.android.server.power.PowerManagerService.access$4600(PowerManagerService.java:143)
12-30 03:10:58.829  1151  1336 E AppOps  : 	at com.android.server.power.PowerManagerService$BinderService.acquireWakeLock(PowerManagerService.java:5198)
12-30 03:10:58.829  1151  1336 E AppOps  : 	at android.os.IPowerManager$Stub.onTransact(IPowerManager.java:473)
12-30 03:10:58.829  1151  1336 E AppOps  : 	at android.os.Binder.execTransactInternal(Binder.java:1184)
12-30 03:10:58.829  1151  1336 E AppOps  : 	at android.os.Binder.execTransact(Binder.java:1143)
12-30 03:10:58.829   952  1134 D SensorClientUtils: Executing transition from SLEEP to STANDBY
12-30 03:10:58.830   952  1134 D TrackingService: Enqueued transition to (targetPowerState, targetMuxName): (STANDBY, --) - transition timeout: 1000000000 ns
12-30 03:10:58.834  1151  1193 I DisplayPowerController[0]: Unblocked screen on after 9 ms
12-30 03:10:58.834  1661 13469 D SensorClientUtils: Executing transition from SLEEP to STANDBY
12-30 03:10:58.834  1661 13469 D OVRRemoteService: [controller] SLEEP -> STANDBY
12-30 03:10:58.834  1661 13469 D OVRRemoteService: ControllerGlue: setting expected mode to Streaming
12-30 03:10:58.835  1661 13469 D OVRRemoteService: ControllerGlue: Setting current mode to Streaming
12-30 03:10:58.835  1661 13469 D OVRRemoteService: ControllerGlue: leave mode Disabled
12-30 03:10:58.835  1661 13469 D OVRRemoteService: ControllerGlue: Setting mode to Streaming
12-30 03:10:58.835  1661 13469 D OVRRemoteService: ControllerGlue: enter mode Streaming
12-30 03:10:58.835   952  1136 I TrackingService: [                  vision_manager] Power transition: SLEEP -> STANDBY transition time: 5 ms
12-30 03:10:58.835   952  1136 I TrackingService: [                             iad] Power transition: SLEEP -> STANDBY transition time: 0 ms
12-30 03:10:58.835   787   787 D SensorService: ControllerProvider: acquiring StreamingSession
12-30 03:10:58.836   787   787 D SensorService: SyncbossEventHandler: Enabling sensor PULSAR
12-30 03:10:58.836   787   787 D SensorService: SyncbossEventHandler: Active sensors: synthetic[EXTERNAL_TIMING,ZAP] non-synth[PULSAR]
12-30 03:10:58.836   787   787 D SensorService: SyncbossEventHandler: starting all streams
12-30 03:10:58.836   787   787 D SensorService: SyncbossEventHandler: acquiring session; approx # alive: 1
12-30 03:10:58.836   787  3906 D SensorService: SyncbossEventHandler::producerThreadFunc() start
12-30 03:10:58.661     0     0 I         : powerstate_mgr_open succeeded, refcount=1. (pid 787)
12-30 03:10:58.662     0     0 I cm710x 1-002c: cm710x_playback_in_enum_ext_get select PlaybackFrom = 1
12-30 03:10:58.662     0     0 I [drm:dsi_display_set_mode] [msm-dsi-info]: mdp_transfer_time_us=0 us
12-30 03:10:58.662     0     0 I [drm:dsi_display_set_mode] [msm-dsi-info]: hactive= 1920,vactive= 3664,fps=90
12-30 03:10:58.662     0     0 I [drm:dsi_ctrl_isr_configure] [msm-dsi-info]: dsi-ctrl-0: IRQ 394 registered
12-30 03:10:58.662     0     0 I [drm:dsi_ctrl_isr_configure] [msm-dsi-info]: dsi-ctrl-1: IRQ 395 registered
12-30 03:10:58.839  1151  1151 D ActivityManager: Is background playback GK enabled: false Is background playback enabled for all apps: false
12-30 03:10:58.840   787   787 I SyncBossHAL: [info   ] syncboss_hal_impl_input.c(277): No pulsar frequency blocklist set
12-30 03:10:58.840   787   787 I SyncBossHAL: [info   ] syncboss_hal_impl_input.c(304): No AFH behavior specified, enabled by default
12-30 03:10:58.840  1151  1151 D ActivityManager: Is background playback GK enabled: false Is background playback enabled for all apps: false
12-30 03:10:58.840  1151  1189 E KernelCpuUidActiveTimeReader: Negative delta from active time for uid: 10069, delta: -3
12-30 03:10:58.840  1151  1189 E KernelCpuUidActiveTimeReader: Negative delta from active time for uid: 10022, delta: -18
12-30 03:10:58.840  1151  1189 E KernelCpuUidActiveTimeReader: Negative delta from active time for uid: 10020, delta: -14
12-30 03:10:58.840  1151  1189 E KernelCpuUidActiveTimeReader: Negative delta from active time for uid: 10028, delta: -146
12-30 03:10:58.841  1151  1151 D ActivityManager: Is background playback GK enabled: false Is background playback enabled for all apps: false
12-30 03:10:58.841  1151  1189 E KernelCpuUidActiveTimeReader: Negative delta from active time for uid: 10002, delta: -29
12-30 03:10:58.841  1151  1189 E KernelCpuUidActiveTimeReader: Negative delta from active time for uid: 10010, delta: -7
12-30 03:10:58.841  1151  1151 D ActivityManager: Is background playback GK enabled: false Is background playback enabled for all apps: false
12-30 03:10:58.841  1151  1189 E KernelCpuUidClusterTimeReader: Negative delta from cluster time for uid: 10014, delta: -8
12-30 03:10:58.841  1151  1189 E KernelCpuUidClusterTimeReader: Negative delta from cluster time for uid: 10069, delta: -3
12-30 03:10:58.841  1151  1189 E KernelCpuUidClusterTimeReader: Negative delta from cluster time for uid: 10022, delta: -12
12-30 03:10:58.842  1151  1189 E KernelCpuUidClusterTimeReader: Negative delta from cluster time for uid: 10043, delta: -2
12-30 03:10:58.842  1151  1189 E KernelCpuUidClusterTimeReader: Negative delta from cluster time for uid: 1003, delta: -8
12-30 03:10:58.842  1151  1189 E KernelCpuUidClusterTimeReader: Negative delta from cluster time for uid: 10030, delta: -12
12-30 03:10:58.842  1151  1189 E KernelCpuUidClusterTimeReader: Negative delta from cluster time for uid: 10085, delta: -2
12-30 03:10:58.842  1151  1189 E KernelCpuUidClusterTimeReader: Negative delta from cluster time for uid: 1066, delta: -14
12-30 03:10:58.842  1151  1189 E KernelCpuUidClusterTimeReader: Negative delta from cluster time for uid: 10004, delta: -22
12-30 03:10:58.842  1151  1189 E KernelCpuUidClusterTimeReader: Negative delta from cluster time for uid: 1040, delta: -3
12-30 03:10:58.842  1151  1189 E KernelCpuUidClusterTimeReader: Negative delta from cluster time for uid: 10020, delta: -15
12-30 03:10:58.842  1151  1189 E KernelCpuUidClusterTimeReader: Negative delta from cluster time for uid: 1069, delta: -9
12-30 03:10:58.842  1151  1189 E KernelCpuUidClusterTimeReader: Negative delta from cluster time for uid: 10062, delta: -9
12-30 03:10:58.842  1151  1189 E KernelCpuUidClusterTimeReader: Negative delta from cluster time for uid: 10028, delta: -130
12-30 03:10:58.842  1151  1189 E KernelCpuUidClusterTimeReader: Negative delta from cluster time for uid: 10015, delta: -2
12-30 03:10:58.842  1151  1189 E KernelCpuUidClusterTimeReader: Negative delta from cluster time for uid: 10002, delta: -28
12-30 03:10:58.842  1151  1189 E KernelCpuUidClusterTimeReader: Negative delta from cluster time for uid: 1072, delta: -2
12-30 03:10:58.842  1151  1189 E KernelCpuUidClusterTimeReader: Negative delta from cluster time for uid: 10099, delta: -17
12-30 03:10:58.842  1151  1189 E KernelCpuUidClusterTimeReader: Negative delta from cluster time for uid: 10010, delta: -5
12-30 03:10:58.842  1151  1189 E KernelCpuUidClusterTimeReader: Negative delta from cluster time for uid: 10031, delta: -46
12-30 03:10:58.842  1151  1189 E KernelCpuUidClusterTimeReader: Negative delta from cluster time for uid: 1046, delta: -6
12-30 03:10:58.842  1151  1189 E KernelCpuUidClusterTimeReader: Negative delta from cluster time for uid: 10026, delta: -16
12-30 03:10:58.842  1151  1189 E KernelCpuUidClusterTimeReader: Negative delta from cluster time for uid: 1041, delta: -219
12-30 03:10:58.842  1151  1189 E KernelCpuUidClusterTimeReader: Negative delta from cluster time for uid: 10089, delta: -24
12-30 03:10:58.843  1151  1189 E KernelCpuUidClusterTimeReader: Negative delta from cluster time for uid: 10008, delta: -41
12-30 03:10:58.843  1151  1189 E KernelCpuUidClusterTimeReader: Negative delta from cluster time for uid: 1036, delta: -45
12-30 03:10:58.843  1151  1151 D ActivityManager: Is background playback GK enabled: false Is background playback enabled for all apps: false
12-30 03:10:58.843  1151  1189 E KernelCpuUidClusterTimeReader: Negative delta from cluster time for uid: 10084, delta: -4
12-30 03:10:58.843  1151  1189 E KernelCpuUidClusterTimeReader: Negative delta from cluster time for uid: 10024, delta: -8
12-30 03:10:58.843  1151  1189 E KernelCpuUidClusterTimeReader: Negative delta from cluster time for uid: 10045, delta: -59
12-30 03:10:58.843  1151  1189 E KernelCpuUidClusterTimeReader: Negative delta from cluster time for uid: 10032, delta: -4
12-30 03:10:58.843  1151  1189 E KernelCpuUidClusterTimeReader: Negative delta from cluster time for uid: 10087, delta: -4
12-30 03:10:58.843  1151  1151 D ActivityManager: Is background playback GK enabled: false Is background playback enabled for all apps: false
12-30 03:10:58.843   787   787 D SensorService: ControllerProvider: acquiring StreamingClient impl; approx # alive: 1
12-30 03:10:58.844   787   787 D libsensorscommon: ControllerProvider: acquiring StreamingClient hidl
12-30 03:10:58.844  1151  1151 D ActivityManager: Is background playback GK enabled: false Is background playback enabled for all apps: false
12-30 03:10:58.844  1661 13469 D OVRRemoteService: RemoteService::recordControllerStatusUpdate: device d3d05f47e2487092: status: SEARCHING tracking: NONE, errors: --
12-30 03:10:58.844  1661 13469 D OVRRemoteService: RemoteService::recordControllerStatusUpdate: device 9d17e7ce194bc1ec: status: SEARCHING tracking: NONE, errors: --
12-30 03:10:58.845  1661  3912 D OVRRemoteService: processStateChange([PairedControllerInfo JEDI 9d17e7ce194bc1ec disconnected mcnt=0])
12-30 03:10:58.845  1661  3912 D OVRRemoteService: processStateChange([PairedControllerInfo JEDI d3d05f47e2487092 disconnected mcnt=0])
12-30 03:10:58.845  1661 13469 D SensorClientUtils: Executing transition from STANDBY to RUNNING
12-30 03:10:58.845  1661 13469 D OVRRemoteService: [controller] STANDBY -> RUNNING
12-30 03:10:58.847  1151  1151 D ActivityManager: Is background playback GK enabled: false Is background playback enabled for all apps: false
12-30 03:10:58.847  1151  1151 D ActivityManager: Is background playback GK enabled: false Is background playback enabled for all apps: false
12-30 03:10:58.847   787  3905 D SensorService: Syncboss input 9d17e7ce194bc1ec hardware type 4, subtype 1, revision 
12-30 03:10:58.847   787  3905 I SensorService: preparePairedControllerInfo is adding device with valid 1
12-30 03:10:58.847   787  3905 D SensorService: Syncboss input d3d05f47e2487092 hardware type 4, subtype 2, revision 
12-30 03:10:58.847   787  3905 I SensorService: preparePairedControllerInfo is adding device with valid 1
12-30 03:10:58.847  1151  1151 D ActivityManager: Is background playback GK enabled: false Is background playback enabled for all apps: false
12-30 03:10:58.848   787  3905 D SensorService: stateChangeNotifierFunc(): Reporting controller info. Change token: 39, paired=2 connected=0
12-30 03:10:58.848  1661  3912 D OVRRemoteService: processStateChange([PairedControllerInfo JEDI 9d17e7ce194bc1ec disconnected update-required mcnt=0])
12-30 03:10:58.848  1661  3912 D OVRRemoteService: processStateChange([PairedControllerInfo JEDI d3d05f47e2487092 disconnected update-required mcnt=0])
12-30 03:10:58.848  1151  1151 D ActivityManager: Is background playback GK enabled: false Is background playback enabled for all apps: false
12-30 03:10:58.848  1151  1151 D ActivityManager: Is background playback GK enabled: false Is background playback enabled for all apps: false
12-30 03:10:58.849  1151  1151 D ActivityManager: Is background playback GK enabled: false Is background playback enabled for all apps: false
12-30 03:10:58.849  1151  1151 D ActivityManager: Is background playback GK enabled: false Is background playback enabled for all apps: false
12-30 03:10:58.850  1151  1151 D ActivityManager: Is background playback GK enabled: false Is background playback enabled for all apps: false
12-30 03:10:58.850  1151  1151 D ActivityManager: Is background playback GK enabled: false Is background playback enabled for all apps: false
12-30 03:10:58.851  1151  1151 D ActivityManager: Is background playback GK enabled: false Is background playback enabled for all apps: false
12-30 03:10:58.852  1151  1151 D ActivityManager: Is background playback GK enabled: false Is background playback enabled for all apps: false
12-30 03:10:58.853  1151  1151 D ActivityManager: Is background playback GK enabled: false Is background playback enabled for all apps: false
12-30 03:10:58.854   952  1136 I TrackingService: [                            bolt] Power transition: SLEEP -> STANDBY transition time: 18 ms
12-30 03:10:58.854   952  1136 D TrackingService: IOT sleep to standby started
12-30 03:10:58.854   952  1136 D TrackingService: ActivityMonitor: Reset IPowerstate backoff in 30000ms
12-30 03:10:58.854  1151  1151 D ActivityManager: Is background playback GK enabled: false Is background playback enabled for all apps: false
12-30 03:10:58.672     0     0 I __afe_port_start: port id: 0x1000
12-30 03:10:58.672     0     0 I afe_find_cal_topo_id_by_port: port id: 0x1000, dev_acdb_id: 15
12-30 03:10:58.672     0     0 I afe_find_cal_topo_id_by_port: top_id:112fc acdb_id:15 afe_port_id:0x1000
12-30 03:10:58.672     0     0 I afe_get_cal_topology_id: port_id = 0x1000 acdb_id = 15 topology_id = 0x112fc cal_type_index=8 ret=0
12-30 03:10:58.673     0     0 I afe_send_port_topology_id: AFE set topology id 0x112fc  enable for port 0x1000 ret 0
12-30 03:10:58.673     0     0 I send_afe_cal_type: cal_index is 0
12-30 03:10:58.673     0     0 I send_afe_cal_type: dev_acdb_id[40] is 15
12-30 03:10:58.673     0     0 I afe_find_cal: cal_index 0 port_id 0x1000 port_index 40
12-30 03:10:58.673     0     0 I afe_find_cal: acdb_id 15 dev_acdb_id 15 sample_rate 48000 afe_sample_rates 48000
12-30 03:10:58.673     0     0 I afe_find_cal: cal block is a match, size is 0
12-30 03:10:58.673     0     0 I send_afe_cal_type: Sending cal_index cal 0
12-30 03:10:58.673     0     0 E send_afe_cal_type: No cal sent for cal_index 0, port_id = 0x1000! ret -22
12-30 03:10:58.673     0     0 I afe_send_hw_delay: port_id 0x1000 rate 48000 delay_usec 474 status 0
12-30 03:10:58.855  1151  1151 D ActivityManager: Is background playback GK enabled: false Is background playback enabled for all apps: false
12-30 03:10:58.855  1151  1151 D ActivityManager: Is background playback GK enabled: false Is background playback enabled for all apps: false
12-30 03:10:58.856  1151  1151 D ActivityManager: Is background playback GK enabled: false Is background playback enabled for all apps: false
12-30 03:10:58.856  1151  1151 D ActivityManager: Is background playback GK enabled: false Is background playback enabled for all apps: false
12-30 03:10:58.856  1151  1151 D ActivityManager: Is background playback GK enabled: false Is background playback enabled for all apps: false
12-30 03:10:58.857  1151  1151 D ActivityManager: Is background playback GK enabled: false Is background playback enabled for all apps: false
12-30 03:10:58.857  1151  1151 D ActivityManager: Is background playback GK enabled: false Is background playback enabled for all apps: false
12-30 03:10:58.858  1151  1151 D ActivityManager: Is background playback GK enabled: false Is background playback enabled for all apps: false
12-30 03:10:58.858  1151  1151 D ActivityManager: Is background playback GK enabled: false Is background playback enabled for all apps: false
12-30 03:10:58.859  1151  1151 D ActivityManager: Is background playback GK enabled: false Is background playback enabled for all apps: false
12-30 03:10:58.859  1151  1151 D ActivityManager: Is background playback GK enabled: false Is background playback enabled for all apps: false
12-30 03:10:58.859  1151  1151 D ActivityManager: Is background playback GK enabled: false Is background playback enabled for all apps: false
12-30 03:10:58.860  1151  1151 D ActivityManager: Is background playback GK enabled: false Is background playback enabled for all apps: false
12-30 03:10:58.861  1151  1151 D ActivityManager: Is background playback GK enabled: false Is background playback enabled for all apps: false
12-30 03:10:58.862  1151  1151 D ActivityManager: Is background playback GK enabled: false Is background playback enabled for all apps: false
12-30 03:10:58.863  1151  1151 D ActivityManager: Is background playback GK enabled: false Is background playback enabled for all apps: false
12-30 03:10:58.867  1151  1174 I DisplayDeviceRepository: Display device changed state: "Built-in Screen", ON
12-30 03:10:58.733     0     0 I init    : processing action (ro.vendor.drm.irq=* && sys.hmt.mounted=1) from (/vendor/etc/init/hw/init.hollywood.rc:104)
12-30 03:10:58.733     0     0 I init    : processing action (sys.hmt.mounted=1) from (/vendor/etc/init/hw/init.hollywood.rc:107)
12-30 03:10:58.733     0     0 I init    : processing action (sys.hmt.mounted=1) from (/vendor/etc/init/hw/init.kona.rc:400)
12-30 03:10:58.734     0     0 E FG      : fg_psy_get_property: unsupported property 4
12-30 03:10:58.919   787   787 D SensorService: SyncbossEventHandler: Enabling sensor HMD_IMU
12-30 03:10:58.919   787   787 D SensorService: SyncbossEventHandler: Active sensors: synthetic[EXTERNAL_TIMING,ZAP] non-synth[HMD_IMU,PULSAR]
12-30 03:10:58.919   787   787 D SensorService: SyncbossEventHandler: acquiring session; approx # alive: 2
12-30 03:10:58.923   787   787 D SensorService: SyncbossEventHandler: Enabling sensor HMD_MAG
12-30 03:10:58.923   787   787 D SensorService: SyncbossEventHandler: Active sensors: synthetic[EXTERNAL_TIMING,ZAP] non-synth[HMD_MAG,HMD_IMU,PULSAR]
12-30 03:10:58.923   787   787 D SensorService: SyncbossEventHandler: acquiring session; approx # alive: 3
12-30 03:10:58.750     0     0 W healthd : battery l=100 v=4363 t=21.0 h=2 st=5 c=0 fc=3749000 cc=3 chg=a
12-30 03:10:58.927   952  1136 D TrackingService: IOT sleep to standby completed
12-30 03:10:58.927   952  1136 I TrackingService: [                             iot] Power transition: SLEEP -> STANDBY transition time: 73 ms
12-30 03:10:58.928   952  3943 D TrackingService: starting IOT motion thread, imu batch dispatch enabled=false
12-30 03:10:58.755     0     0 W healthd : battery l=100 v=4363 t=21.0 h=2 st=5 c=0 fc=3749000 cc=3 chg=a
12-30 03:10:58.930   952  1136 I TrackingService: ConstellationTrackingGlue: setEnableExtendedDeadreckoning to false
12-30 03:10:58.930   952  1136 I TrackingService: [                   constellation] Power transition: SLEEP -> STANDBY transition time: 2 ms
12-30 03:10:58.931   952  1136 I TrackingService: [              selftracked_client] Power transition: SLEEP -> STANDBY transition time: 0 ms
12-30 03:10:58.931   952  1136 I TrackingService: [                            hand] Power transition: SLEEP -> STANDBY transition time: 0 ms
12-30 03:10:58.931   952  1136 I TrackingService: [                            face] Power transition: SLEEP -> STANDBY transition time: 0 ms
12-30 03:10:58.932   952  1136 I TrackingService: [                          object] Power transition: SLEEP -> STANDBY transition time: 1 ms
12-30 03:10:58.933   952  1136 I TrackingService: [                      controller] Power transition: SLEEP -> STANDBY transition time: 0 ms
12-30 03:10:58.933   952  1136 I TrackingService: [                 ExposureControl] Power transition: SLEEP -> STANDBY transition time: 0 ms
12-30 03:10:58.933   952  1134 D TrackingService: Transition completed for (null)
12-30 03:10:58.933   952  1134 D TrackingService: setPowerState: STANDBY
12-30 03:10:58.933   952  1134 D SensorClientUtils: Executing transition from STANDBY to RUNNING
12-30 03:10:58.933   952  1134 D TrackingService: Enqueued transition to (targetPowerState, targetMuxName): (RUNNING, --) - transition timeout: 1000000000 ns
12-30 03:10:58.933   787   787 D SensorService: ControllerProvider: acquiring StreamingClient impl; approx # alive: 2
12-30 03:10:58.933   787   787 D libsensorscommon: ControllerProvider: acquiring StreamingClient hidl
12-30 03:10:58.933  1661  3912 D OVRRemoteService: processStateChange([PairedControllerInfo JEDI 9d17e7ce194bc1ec disconnected update-required mcnt=0])
12-30 03:10:58.933  1661  3912 D OVRRemoteService: processStateChange([PairedControllerInfo JEDI d3d05f47e2487092 disconnected update-required mcnt=0])
12-30 03:10:58.933   952  1136 I TrackingService: [                  vision_manager] Power transition: STANDBY -> RUNNING transition time: 0 ms
12-30 03:10:58.934  1661 13469 D RemoteService: RemoteService - Registering status callback
12-30 03:10:58.934   952  1136 I TrackingService: [                             iad] Power transition: STANDBY -> RUNNING transition time: 0 ms
12-30 03:10:58.934   952  1136 I TrackingService: [                            bolt] Power transition: STANDBY -> RUNNING transition time: 0 ms
12-30 03:10:58.934   952  1136 D TrackingService: IOT standby to running started
12-30 03:10:58.934   787   787 D CameraStream: Client 952: Attempting StreamControl: 0
12-30 03:10:58.934   787   787 D CameraClientManager: [HEADSET] Attempting starting camera client.
12-30 03:10:58.934   787   787 D CameraClientManager: [HEADSET] Successfully found client (952) to start in CameraClientManager list.
12-30 03:10:58.936   787   787 I FrameSetDispatcher: [HEADSET] Client pid=952 (IOT): Client thread started
12-30 03:10:58.936   787   787 I CameraClientManager: [HEADSET] Added client (952)(IOT)
12-30 03:10:58.936   787   787 D CameraClientManager: [HEADSET] Attempting to start stream
12-30 03:10:58.936   787   787 I CameraClientManager: [HEADSET] Started clients: 1
12-30 03:10:58.936   787   787 I CameraClientManager: [HEADSET] Starting stream
12-30 03:10:58.764     0     0 I qcom,camera ac4f000.qcom,cci: qcom,cam-sensor0: Linked as a consumer to regulator.46
12-30 03:10:58.766     0     0 I qcom,camera ac4f000.qcom,cci: qcom,cam-sensor0: Linked as a consumer to regulator.7
12-30 03:10:58.766     0     0 I qcom,camera ac4f000.qcom,cci: qcom,cam-sensor0: Linked as a consumer to regulator.71
12-30 03:10:58.964   787  3906 W SensorService: Data for sensor type HMD_IMU dropped because of failure to update clock drift from vsync. 1 drops in the last 0s.
12-30 03:10:58.972   787  3906 W SensorService: Data for sensor type HMD_MAG dropped because of failure to update clock drift from vsync. 1 drops in the last 0s.
12-30 03:10:58.791     0     0 I qcom,camera ac4f000.qcom,cci: qcom,cam-sensor1: Linked as a consumer to regulator.46
12-30 03:10:58.793     0     0 I qcom,camera ac4f000.qcom,cci: qcom,cam-sensor1: Linked as a consumer to regulator.7
12-30 03:10:58.793     0     0 I qcom,camera ac4f000.qcom,cci: qcom,cam-sensor1: Linked as a consumer to regulator.71
12-30 03:10:58.816     0     0 I qcom,camera ac50000.qcom,cci: qcom,cam-sensor2: Linked as a consumer to regulator.46
12-30 03:10:58.818     0     0 I qcom,camera ac50000.qcom,cci: qcom,cam-sensor2: Linked as a consumer to regulator.7
12-30 03:10:58.818     0     0 I qcom,camera ac50000.qcom,cci: qcom,cam-sensor2: Linked as a consumer to regulator.71
12-30 03:10:58.842     0     0 I qcom,camera ac50000.qcom,cci: qcom,cam-sensor3: Linked as a consumer to regulator.46
12-30 03:10:58.843     0     0 I qcom,camera ac50000.qcom,cci: qcom,cam-sensor3: Linked as a consumer to regulator.7
12-30 03:10:58.843     0     0 I qcom,camera ac50000.qcom,cci: qcom,cam-sensor3: Linked as a consumer to regulator.71
12-30 03:10:59.039   787   787 D SensorService: SyncbossEventHandler: Enabling sensor HMD_FSIN
12-30 03:10:59.039   787   787 D SensorService: SyncbossEventHandler: Active sensors: synthetic[EXTERNAL_TIMING,ZAP] non-synth[HMD_MAG,HMD_IMU,HMD_FSIN,PULSAR]
12-30 03:10:59.039   787   787 D SensorService: SyncbossEventHandler: acquiring session; approx # alive: 4
12-30 03:10:59.136   787   787 I DiceCameraSystem: Set cameras to 10 bpp (format 0x00000007)
12-30 03:10:59.140   787   787 I libsensorscommon: [HEADSET FSC] started at 21314.13
12-30 03:10:59.140   787  1053 I SyncBossHAL: [info   ] pulsar_manager.c(960): No IRLED tracked controllers connected/ready
12-30 03:10:59.161  1151  1151 D CompatibilityChangeReporter: Compat change id reported: 168419799; UID 10017; state: DISABLED
12-30 03:10:59.162  1151  1151 W Looper  : Slow dispatch took 275ms main h=com.android.server.job.JobSchedulerService$JobHandler c=null m=1
12-30 03:10:59.168  1151  1182 D CompatibilityChangeReporter: Compat change id reported: 135634846; UID 10030; state: DISABLED
12-30 03:10:59.168  1151  1182 D CompatibilityChangeReporter: Compat change id reported: 177438394; UID 10030; state: DISABLED
12-30 03:10:59.168  1151  1182 D CompatibilityChangeReporter: Compat change id reported: 135772972; UID 10030; state: DISABLED
12-30 03:10:59.168  1151  1182 D CompatibilityChangeReporter: Compat change id reported: 135754954; UID 10030; state: DISABLED
12-30 03:10:59.168  1151  1183 D CompatibilityChangeReporter: Compat change id reported: 143937733; UID 10030; state: DISABLED
12-30 03:10:59.169  1151  1151 W Looper  : Slow delivery took 278ms main h=com.android.server.alarm.AlarmManagerService$AlarmHandler c=android.app.PendingIntent$FinishedDispatcher@7be839 m=0
12-30 03:10:59.170  1151  1151 W Looper  : Drained
12-30 03:10:59.175  1151  1335 E DisplayDeviceConfig: requesting nits when no mapping exists.
12-30 03:10:59.176  1151  1335 E DisplayDeviceConfig: requesting nits when no mapping exists.
12-30 03:10:59.177  1151  1193 W PowerManagerService: Screen on took 354 ms
12-30 03:10:59.179  1151  1182 I DropBoxManagerService: add tag=system_server_wtf isTagEnabled=true flags=0x2
12-30 03:10:59.184  1151  1182 I DropBoxManagerService: add tag=system_server_wtf isTagEnabled=true flags=0x2
12-30 03:10:59.188   787   787 D CameraStream: Client 952: Finished StreamControl: 0
12-30 03:10:59.211   952  1136 D TrackingService: IOT standby to running completed
12-30 03:10:59.212   952  1136 I TrackingService: [                             iot] Power transition: STANDBY -> RUNNING transition time: 277 ms
12-30 03:10:59.213   787   787 D CameraStream: Client 952: Attempting StreamControl: 0
12-30 03:10:59.213   787   787 D CameraClientManager: [CONTROLLER] Attempting starting camera client.
12-30 03:10:59.213   787   787 D CameraClientManager: [CONTROLLER] Successfully found client (952) to start in CameraClientManager list.
12-30 03:10:59.221  1151  1183 W ActivityManager: Slow operation: 54ms so far, now at startProcess: returned from zygote!
12-30 03:10:59.222  1151  1183 W ActivityManager: Slow operation: 54ms so far, now at startProcess: done updating battery stats
12-30 03:10:59.222  1151  1183 D ActivityManager: Is background playback GK enabled: false Is background playback enabled for all apps: false
12-30 03:10:59.222  1151  1183 W ActivityManager: Slow operation: 54ms so far, now at startProcess: building log message
12-30 03:10:59.222  1151  1183 I ActivityManager: Start proc 3987:com.oculus.assistant/u0a30 for broadcast {com.oculus.assistant/com.oculus.assistant.service.startup.WakeWordHMDMountReciever}
12-30 03:10:59.222  1151  1183 W ActivityManager: Slow operation: 54ms so far, now at startProcess: starting to update pids map
12-30 03:10:59.224  1151  1183 W ActivityManager: Slow operation: 57ms so far, now at startProcess: done updating pids map
12-30 03:10:59.227  1151  5028 W ProcessStats: Tracking association SourceState{a39c56c com.oculus.ocms/10011 BTopFgs #20996} whose proc state 2 is better than process ProcessState{5256945 com.oculus.qplservice/10043 pkg=com.oculus.qplservice} proc state 3 (6 skipped)
12-30 03:10:59.239   787   787 I FrameSetDispatcher: [CONTROLLER] Client pid=952 (Cnst): Client thread started
12-30 03:10:59.239   787   787 I CameraClientManager: [CONTROLLER] Added client (952)(Cnst)
12-30 03:10:59.239   787   787 D CameraClientManager: [CONTROLLER] Attempting to start stream
12-30 03:10:59.239   787   787 I CameraClientManager: [CONTROLLER] Started clients: 1
12-30 03:10:59.239   787   787 I CameraClientManager: [CONTROLLER] Starting stream
12-30 03:10:59.239   787   787 I libsensorscommon: [CONTROLLER FSC] started at 21314.23
12-30 03:10:59.239   787   787 D CameraStream: Client 952: Finished StreamControl: 0
12-30 03:10:59.240   952  1136 I TrackingService: ConstellationTrackingGlue: setEnableExtendedDeadreckoning to false
12-30 03:10:59.240   952  1136 I TrackingService: [                   constellation] Power transition: STANDBY -> RUNNING transition time: 28 ms
12-30 03:10:59.242   952  1136 I TrackingService: [              selftracked_client] Power transition: STANDBY -> RUNNING transition time: 1 ms
12-30 03:10:59.242   952  1136 I TrackingService: [                            hand] Power transition: STANDBY -> RUNNING transition time: 0 ms
12-30 03:10:59.243   952  1136 I TrackingService: [                            face] Power transition: STANDBY -> RUNNING transition time: 1 ms
12-30 03:10:59.244   787   787 D CameraStream: Client 952: Attempting StreamControl: 0
12-30 03:10:59.244   787   787 D CameraClientManager: [HEADSET] Attempting starting camera client.
12-30 03:10:59.244   787   787 D CameraClientManager: [HEADSET] Successfully found client (952) to start in CameraClientManager list.
12-30 03:10:59.253   787   787 I FrameSetDispatcher: [HEADSET] Client pid=952 (Obj): Client thread started
12-30 03:10:59.253   787   787 I CameraClientManager: [HEADSET] Added client (952)(Obj)
12-30 03:10:59.253   787   787 D CameraClientManager: [HEADSET] Attempting to start stream
12-30 03:10:59.253   787   787 I CameraClientManager: [HEADSET] Started clients: 2
12-30 03:10:59.253   787   787 D CameraStream: Client 952: Finished StreamControl: 0
12-30 03:10:59.253   952  1136 I TrackingService: [                          object] Power transition: STANDBY -> RUNNING transition time: 10 ms
12-30 03:10:59.253   952  1136 I TrackingService: [                      controller] Power transition: STANDBY -> RUNNING transition time: 0 ms
12-30 03:10:59.278   787  1102 D CameraStream: Client 952: Attempting StreamControl: 0
12-30 03:10:59.278   787  1102 D CameraClientManager: [HEADSET] Attempting starting camera client.
12-30 03:10:59.278   787  1102 D CameraClientManager: [HEADSET] Successfully found client (952) to start in CameraClientManager list.
12-30 03:10:59.279   787  1102 I FrameSetDispatcher: [HEADSET] Client pid=952 (ExpCtl): Client thread started
12-30 03:10:59.279   787  1102 I CameraClientManager: [HEADSET] Added client (952)(ExpCtl)
12-30 03:10:59.279   787  1102 D CameraClientManager: [HEADSET] Attempting to start stream
12-30 03:10:59.279   787  1102 I CameraClientManager: [HEADSET] Started clients: 3
12-30 03:10:59.279   787  1102 D CameraStream: Client 952: Finished StreamControl: 0
12-30 03:10:59.280   787  1102 D CameraStream: Client 952: Attempting StreamControl: 0
12-30 03:10:59.280   787  1102 D CameraClientManager: [CONTROLLER] Attempting starting camera client.
12-30 03:10:59.280   787  1102 D CameraClientManager: [CONTROLLER] Successfully found client (952) to start in CameraClientManager list.
12-30 03:10:59.281   787  1102 I FrameSetDispatcher: [CONTROLLER] Client pid=952 (ExpCtl): Client thread started
12-30 03:10:59.281   787  1102 I CameraClientManager: [CONTROLLER] Added client (952)(ExpCtl)
12-30 03:10:59.281   787  1102 D CameraClientManager: [CONTROLLER] Attempting to start stream
12-30 03:10:59.281   787  1102 I CameraClientManager: [CONTROLLER] Started clients: 2
12-30 03:10:59.281   787  1102 D CameraStream: Client 952: Finished StreamControl: 0
12-30 03:10:59.282   952  1136 I TrackingService: [                 ExposureControl] Power transition: STANDBY -> RUNNING transition time: 28 ms
12-30 03:10:59.282   952  1134 D TrackingService: Transition completed for (null)
12-30 03:10:59.282   952  1134 D TrackingService: setPowerState: RUNNING
12-30 03:10:59.109     0     0 I binder  : 3987:3987 ioctl 40046210 7fc64dcda4 returned -22
12-30 03:10:59.287   576  4017 D vold    : aborting idle maintenance
12-30 03:10:59.287   576  3815 D vold    : Stop GC on /sys/fs/f2fs/dm-12
12-30 03:10:59.287   576  3815 D vold    : idle maintenance completed
12-30 03:10:59.287   576  4017 D vold    : idle maintenance stopped
12-30 03:10:59.288  1151  1181 I MountServiceIdler: Got mount service completion callback
12-30 03:10:59.289  1151  1181 I MountServiceIdler: Got mount service completion callback
12-30 03:10:59.290  1151  1834 I Telecom : CallAudioRouteStateMachine: Message received: MUTE_EXTERNALLY_CHANGED=3004, arg1=0: CARSM.mCR->CARSM.pM_MUTE_EXTERNALLY_CHANGED@ANI
12-30 03:10:59.290  1151  1834 I Telecom : QuiescentSpeakerRoute: Processing message MUTE_EXTERNALLY_CHANGED: CARSM.mCR->CARSM.pM_MUTE_EXTERNALLY_CHANGED@ANI
12-30 03:10:59.294   787  3955 E libsensorscommon: [HEADSET FSC] 1 FrameSets had unexpected timestamps. Ex: (slot 1) prev 0.000ms->cur 11015779.532ms (ts diff of -11015739.532ms vs expected period of 40.000ms)
12-30 03:10:59.307   787  3957 E libsensorscommon: [CONTROLLER FSC] 1 FrameSets had unexpected timestamps. Ex: (slot 2) prev 0.000ms->cur 11015800.000ms (ts diff of -11015760.000ms vs expected period of 40.000ms)
12-30 03:10:59.214     0     0 I [drm:dsi_display_set_mode] [msm-dsi-info]: mdp_transfer_time_us=0 us
12-30 03:10:59.214     0     0 I [drm:dsi_display_set_mode] [msm-dsi-info]: hactive= 1920,vactive= 3664,fps=72
12-30 03:10:59.407   787  3950 E FrameSetDispatcher: [HEADSET] Client pid=952 (IOT): Failed to read from receive FMQ for 1 packets in 5000ms.
12-30 03:10:59.407   787  3950 E FrameSetDispatcher: This probably means this client is taking more than 33 ms to process the frame.
12-30 03:10:59.407   787  3950 E FrameSetDispatcher: Retrying.
12-30 03:10:59.418   952  1132 D TrackingService: haptic socket already exists
12-30 03:10:59.418   787  1102 W SyncBossHAL: [warning] pulsar_manager.c(860): No cache entry for device 9d17e7cexxxxxxxx with unknown type
12-30 03:10:59.418   952  1132 D TrackingService: getSocket: com.oculus.vrshell
12-30 03:10:59.419   787  1102 E SyncBossHAL: [error  ] syncboss_hal_input_helpers.c(177): Failure reading cache data when attempting to check if input is awake
12-30 03:10:59.420   787   787 W SyncBossHAL: [warning] pulsar_manager.c(860): No cache entry for device d3d05f47xxxxxxxx with unknown type
12-30 03:10:59.420   787   787 E SyncBossHAL: [error  ] syncboss_hal_input_helpers.c(177): Failure reading cache data when attempting to check if input is awake
12-30 03:10:59.421   787   787 W SyncBossHAL: [warning] pulsar_manager.c(860): No cache entry for device 9d17e7cexxxxxxxx with unknown type
12-30 03:10:59.428   787   787 E SyncBossHAL: [error  ] syncboss_hal_input_helpers.c(177): Failure reading cache data when attempting to check if input is awake
12-30 03:10:59.429   787   787 W SyncBossHAL: [warning] pulsar_manager.c(860): No cache entry for device d3d05f47xxxxxxxx with unknown type
12-30 03:10:59.429   787   787 E SyncBossHAL: [error  ] syncboss_hal_input_helpers.c(177): Failure reading cache data when attempting to check if input is awake
12-30 03:10:59.464  1151  5028 I DisplayDeviceRepository: Display device added: DisplayDeviceInfo{"com.oculus.android_panel_app.AndroidPanelLayer-#main": uniqueId="virtual:com.oculus.systemux,10037,com.oculus.android_panel_app.AndroidPanelLayer-#main,2", 1000 x 1250, modeId 244, defaultModeId 244, supportedModes [{id=244, width=1000, height=1250, fps=60.0, alternativeRefreshRates=[]}], colorMode 0, supportedColorModes [0], hdrCapabilities null, allmSupported false, gameContentTypeSupported false, density 200, 200.0 x 200.0 dpi, appVsyncOff 0, presDeadline 16666666, touch NONE, rotation 0, type VIRTUAL, deviceProductInfo null, state OFF, owner com.oculus.systemux (uid 10037), frameRateOverride , brightnessMinimum 0.0, brightnessMaximum 0.0, brightnessDefault 0.0, FLAG_PRIVATE, FLAG_NEVER_BLANK, FLAG_OWN_CONTENT_ONLY}
12-30 03:10:59.464  1151  5028 I LogicalDisplayMapper: Applying layout: [{addr: {port=129, model=0x40446d9218dcf4}, dispId: 0(ON)}], Previous layout: [{addr: {port=129, model=0x40446d9218dcf4}, dispId: 0(ON)}]
12-30 03:10:59.464  1151  5028 I LogicalDisplayMapper: Adding new display: 117: DisplayInfo{"com.oculus.android_panel_app.AndroidPanelLayer-#main", displayId 117", displayGroupId -1, FLAG_PRIVATE, real 1000 x 1250, largest app 1000 x 1250, smallest app 1000 x 1250, appVsyncOff 0, presDeadline 16666666, mode 244, defaultMode 244, modes [{id=244, width=1000, height=1250, fps=60.0, alternativeRefreshRates=[]}], hdrCapabilities null, userDisabledHdrTypes [], minimalPostProcessingSupported false, rotation 0, state OFF, type VIRTUAL, uniqueId "virtual:com.oculus.systemux,10037,com.oculus.android_panel_app.AndroidPanelLayer-#main,2", app 1000 x 1250, density 200 (200.0 x 200.0) dpi, layerStack 117, colorMode 0, supportedColorModes [0], deviceProductInfo null, owner com.oculus.systemux (uid 10037), removeMode 1, refreshRateOverride 0.0, brightnessMinimum 0.0, brightnessMaximum 0.0, brightnessDefault 0.0}
12-30 03:10:59.465  1151  5028 I LogicalDisplayMapper: Setting new display group 0 for display 117, from previous group: null
12-30 03:10:59.465  1151  5028 W DisplayPowerController[117]: Screen brightness nits configuration is unavailable; falling back
12-30 03:10:59.476  1151  1172 I WindowManager: Override config changes=20005df8 {0.0 ?mcc?mnc ?localeList ?layoutDir sw800dp w800dp h1000dp 200dpi xlrg port ?uimode ?night -touch -keyb/v/h -nav/h winConfig={ mBounds=Rect(0, 0 - 1000, 1250) mAppBounds=Rect(0, 0 - 1000, 1250) mMaxBounds=Rect(0, 0 - 1000, 1250) mWindowingMode=fullscreen mDisplayWindowingMode=fullscreen mActivityType=undefined mAlwaysOnTop=undefined mRotation=ROTATION_0} ?fontWeightAdjustment} for displayId=117
12-30 03:10:59.479  1151  1172 V WindowManager: Display 117 state is now (1), so update layer mirroring?
12-30 03:10:59.504   787  1102 W SyncBossHAL: [warning] pulsar_manager.c(860): No cache entry for device d3d05f47xxxxxxxx with unknown type
12-30 03:10:59.504   787  1102 E SyncBossHAL: [error  ] syncboss_hal_input_helpers.c(177): Failure reading cache data when attempting to check if input is awake
12-30 03:10:59.504   787  1102 W SyncBossHAL: [warning] pulsar_manager.c(860): No cache entry for device 9d17e7cexxxxxxxx with unknown type
12-30 03:10:59.504   787  1102 E SyncBossHAL: [error  ] syncboss_hal_input_helpers.c(177): Failure reading cache data when attempting to check if input is awake
12-30 03:10:59.505   952 12739 I TrackingService: Unregistering client by ITrackingService.unregisterClient
12-30 03:10:59.505   952 12739 I TrackingService: Failed to unregister client because client not found in registered list
12-30 03:10:59.505   952 12739 I TrackingService: Unregistering client by ITrackingService.unregisterClient
12-30 03:10:59.505   952 12739 I TrackingService: Failed to unregister client because client not found in registered list
12-30 03:10:59.505   952 12739 I TrackingService: Unregistering client by ITrackingService.unregisterClient
12-30 03:10:59.505   952 12739 I TrackingService: Failed to unregister client because client not found in registered list
12-30 03:10:59.505   952 12739 I TrackingService: Unregistering client by ITrackingService.unregisterClient
12-30 03:10:59.505   952 12739 I TrackingService: Unregistering client by ITrackingService.unregisterClient
12-30 03:10:59.505   952 12739 I TrackingService: Failed to unregister client because client not found in registered list
12-30 03:10:59.505   952 12739 I TrackingService: Failed to unregister client because client not found in registered list
12-30 03:10:59.505   952 12739 I TrackingService: Failed to unregister client because client not found in registered list
12-30 03:10:59.505   952 12739 I TrackingService: Failed to unregister client because client not found in registered list
12-30 03:10:59.505   952 12739 I TrackingService: Failed to unregister client because client not found in registered list
12-30 03:10:59.505   952 12739 I TrackingService: Failed to unregister client because client not found in registered list
12-30 03:10:59.505   952 12739 I TrackingService: Failed to unregister client because client not found in registered list
12-30 03:10:59.505   952 12739 I TrackingService: Unregistering client by ITrackingService.unregisterClient
12-30 03:10:59.505   952 12739 I TrackingService: Failed to unregister client because client not found in registered list
12-30 03:10:59.505   952 12739 I TrackingService: Unregistering client by ITrackingService.unregisterClient
12-30 03:10:59.505   952 12739 I TrackingService: Failed to unregister client because client not found in registered list
12-30 03:10:59.505   952 12739 D TrackingService: unregister: com.oculus.vrshell
12-30 03:10:59.337     0     0 I [drm:dsi_display_set_mode] [msm-dsi-info]: mdp_transfer_time_us=0 us
12-30 03:10:59.337     0     0 I [drm:dsi_display_set_mode] [msm-dsi-info]: hactive= 1920,vactive= 3664,fps=90
12-30 03:10:59.342     0     0 E         : [drm:sde_encoder_lineptr_callback:4406] late lineptr, headroom -985
12-30 03:10:59.517   787  1051 E SyncBossHAL: [error  ] syncboss_hal_impl_input.c(1148): Pulsar connected devices state change: 1, host current time: 1703887859517ms
12-30 03:10:59.574  1151  1174 I DisplayDeviceRepository: Display device changed: DisplayDeviceInfo{"com.oculus.android_panel_app.AndroidPanelLayer-#main": uniqueId="virtual:com.oculus.systemux,10037,com.oculus.android_panel_app.AndroidPanelLayer-#main,2", 1000 x 80, modeId 245, defaultModeId 245, supportedModes [{id=245, width=1000, height=80, fps=60.0, alternativeRefreshRates=[]}], colorMode 0, supportedColorModes [0], hdrCapabilities null, allmSupported false, gameContentTypeSupported false, density 200, 200.0 x 200.0 dpi, appVsyncOff 0, presDeadline 16666666, touch NONE, rotation 0, type VIRTUAL, deviceProductInfo null, state OFF, owner com.oculus.systemux (uid 10037), frameRateOverride , brightnessMinimum 0.0, brightnessMaximum 0.0, brightnessDefault 0.0, FLAG_PRIVATE, FLAG_NEVER_BLANK, FLAG_OWN_CONTENT_ONLY}
