12-29 03:28:57.480 21879 22000 W [SUI] DeviceConfigHelper: Try to get config param oculus_notifications:vr_pwa_notif_settings before Device Config has subscribed to the service.
12-29 03:28:57.480  3234 17231 E AnalyticsEvent: could not set key=selection_args value=null
12-29 03:28:57.480  3234 17231 D CapabilitiesProvider: Capabilities Content Provider called content://com.oculus.identitymanagement.capabilities.contentprovider/account/activeuser/capabilities/com.oculus.capability.social.all, selection= null, selectionArgs=null, sortOrder= null
12-29 03:28:57.481  3597  4068 E LoggingErrorHandler: Retrofit error, url: [https://graph.oculus.com/graphql?q=viewer%28%29+%7B++user+%7B++++name%2C++++alias%2C++++profile_name%2C++++profile_username%2C++++biography%2C++++horizon_profile_synced_platform_names%2C++++profile_photo.size%28240x240%29+%7B++++++uri%2C++++%7D%2C++++avatar_image.size%28360x360%29+%7B++++++uri%2C++++%7D%2C++++full_body_avatar_image.width%28200%29.height%28420%29+%7B++++++uri++++%7D%2C++++friends+%7B++++++count%2C++++%7D%2C++++presence%2C++++most_recent_presence+%7B++++++is_current%2C++++%7D%2C++++home_instance+%7B++++++square_image_for_deeplink_target.oc_size%28300x300%29+%7B++++++++uri%2C++++++%7D%2C++++%7D%2C++%7D%2C+%7D], kind: [NETWORK], status: [0 - ], headers: , body: []
12-29 03:28:57.481  3597  4068 E JavaBinder: *** Uncaught remote exception!  (Exceptions are not yet supported across processes.)
12-29 03:28:57.482 21879 21879 D [SUI] HorizonContentProviderHelper: FetchProfileContent failed with error: 
12-29 03:28:57.482 21879 21879 D [SUI] HorizonContentProviderHelper: java.lang.RuntimeException
12-29 03:28:57.482 21879 21879 D [SUI] HorizonContentProviderHelper: 	at com.oculus.horizoncontent.horizon.HorizonContentProviderHelper$FetchProfileContentAsyncQueryHandler.onQueryComplete(:12)
12-29 03:28:57.482 21879 21879 D [SUI] HorizonContentProviderHelper: 	at com.oculus.horizoncontent.horizon.HorizonContentProviderHelper$FetchProfileContentAsyncQueryHandler.onQueryComplete(:268435458)
12-29 03:28:57.482 21879 21879 D [SUI] HorizonContentProviderHelper: 	at com.oculus.horizoncontent.utils.AsyncQueryHandlerBase.onQueryComplete(:8)
12-29 03:28:57.482 21879 21879 D [SUI] HorizonContentProviderHelper: 	at android.content.AsyncQueryHandler.handleMessage(AsyncQueryHandler.java:344)
12-29 03:28:57.482 21879 21879 D [SUI] HorizonContentProviderHelper: 	at android.os.Handler.dispatchMessage(Handler.java:106)
12-29 03:28:57.482 21879 21879 D [SUI] HorizonContentProviderHelper: 	at android.os.Looper.loopOnce(Looper.java:214)
12-29 03:28:57.482 21879 21879 D [SUI] HorizonContentProviderHelper: 	at android.os.Looper.loop(Looper.java:304)
12-29 03:28:57.482 21879 21879 D [SUI] HorizonContentProviderHelper: 	at android.app.ActivityThread.main(ActivityThread.java:7905)
12-29 03:28:57.482 21879 21879 D [SUI] HorizonContentProviderHelper: 	at java.lang.reflect.Method.invoke(Native Method)
12-29 03:28:57.482 21879 21879 D [SUI] HorizonContentProviderHelper: 	at com.android.internal.os.RuntimeInit$MethodAndArgsCaller.run(RuntimeInit.java:548)
12-29 03:28:57.482 21879 21879 D [SUI] HorizonContentProviderHelper: 	at com.android.internal.os.ZygoteInit.main(ZygoteInit.java:1010)
12-29 03:28:57.482 21879 21879 E [SUI] AirlinkUtils: Failed to fetch profile content
12-29 03:28:57.482 21879 22000 W [SUI] DeviceConfigHelper: Try to get config param oculus_notifications:vr_pwa_notif_settings before Device Config has subscribed to the service.
12-29 03:28:57.483 21879 22000 W [SUI] DeviceConfigHelper: Try to get config param oculus_notifications:vr_pwa_notif_settings before Device Config has subscribed to the service.
12-29 03:28:57.484 21879 22000 W [SUI] DeviceConfigHelper: Try to get config param oculus_notifications:vr_pwa_notif_settings before Device Config has subscribed to the service.
12-29 03:28:57.486 21879 22000 W [SUI] DeviceConfigHelper: Try to get config param oculus_notifications:vr_pwa_notif_settings before Device Config has subscribed to the service.
12-29 03:28:57.487 21879 22000 W [SUI] DeviceConfigHelper: Try to get config param oculus_notifications:vr_pwa_notif_settings before Device Config has subscribed to the service.
12-29 03:28:57.489 21879 22012 W [SUI] DeviceConfigHelper: Try to get config param oculus_systemux:assistant_on_oculus before Device Config has subscribed to the service.
12-29 03:28:57.489 21879 22012 W [SUI] DeviceConfigHelper: Try to get config param oculus_systemux:oculus_sysux_aui_bar_customization before Device Config has subscribed to the service.
12-29 03:28:57.489 21879 22012 W [SUI] DeviceConfigHelper: Try to get config param oculus_systemux:oculus_sysux_aui_bar_customization before Device Config has subscribed to the service.
12-29 03:28:57.489 21879 22012 W [SUI] DeviceConfigHelper: Try to get config param oculus_shared_social:mivr_app_split before Device Config has subscribed to the service.
12-29 03:28:57.490 21879 22012 I [SUI] ConsumerConfiguration: Setting SystemUX Configuration and Policy Settings.
12-29 03:28:57.490 21879 22012 V [SUI] RawSettingsItem: valueFetcher is empty for id: video_capture_bitrate
12-29 03:28:57.490 21879 22012 V [SUI] RawSettingsItem: editableFetcher is empty for id: video_capture_bitrate
12-29 03:28:57.490 21879 22012 V [SUI] RawSettingsItem: visibilityFetcher is empty for id: hands_hand_tracking
12-29 03:28:57.490 21879 22012 V [SUI] RawSettingsItem: valueFetcher is empty for id: hands_hand_tracking
12-29 03:28:57.490 21879 22012 V [SUI] RawSettingsItem: editableFetcher is empty for id: hands_hand_tracking
12-29 03:28:57.491  2104  2118 I .oculus.horizo: Background young concurrent copying GC freed 46224(3667KB) AllocSpace objects, 116(2480KB) LOS objects, 42% free, 7476KB/12MB, paused 4.377ms,435us total 939.043ms
12-29 03:28:57.491 21879 22000 W [SUI] DeviceConfigHelper: Try to get config param oculus_notifications:vr_pwa_notif_settings before Device Config has subscribed to the service.
12-29 03:28:57.492  2181  1496 I VrApi   : FPS=3/0,Prd=0ms,Tear=0,Early=0,Stale=0,Stale2/5/10/max=0/0/0/0,VSnc=0,Lat=-1,Fov=0,CPU4/GPU=5/3,1171/490MHz,OC=FF,TA=0/F/0,SP=N/N/N,Mem=1555MHz,Free=3501MB,PLS=0,Temp=26.0C/0.0C,TW=1.08ms,App=-32.46ms,GD=0.00ms,CPU&GPU=0.00ms,LCnt=1(DR0,LM0),GPU%=0.11,CPU%=0.09(W0.17),DSF=1.00,CFL=11.74/17.34,ICFLp95=15.31,LD=0,SF=0.00,LP=0,DVFS=0
12-29 03:28:57.493 21879 22000 W [SUI] DeviceConfigHelper: Try to get config param oculus_notifications:vr_pwa_notif_settings before Device Config has subscribed to the service.
12-29 03:28:57.493 21879 21973 W OVRLibrary: null cursor received for query content://com.oculus.ocms.library/apps/messenger_system_app
12-29 03:28:57.494  3234 10147 E AnalyticsEvent: could not set key=selection_args value=null
12-29 03:28:57.495 21879 22000 W [SUI] DeviceConfigHelper: Try to get config param oculus_notifications:vr_pwa_notif_settings before Device Config has subscribed to the service.
12-29 03:28:57.495 21879 22000 D NotificationsBadgeLiveData: MessageBadgeData, pullAndCheckNotifs, old data source notif count: 3, messaging count: 0
12-29 03:28:57.495 21879 21879 V [SUI] BarView: Notifs badge count: 3, Messenger badge count 0
12-29 03:28:57.495 21879 21879 V [SUI] BarView: Notifs badge count: 3, Messenger badge count 0
12-29 03:28:57.496  3234 10147 D CapabilitiesProvider: Capabilities Content Provider called content://com.oculus.identitymanagement.capabilities.contentprovider/account/activeuser/capabilities/com.oculus.capability.social.all, selection= null, selectionArgs=null, sortOrder= null
12-29 03:28:57.501  3597  3609 I .socialplatfor: Background young concurrent copying GC freed 89235(3867KB) AllocSpace objects, 22(428KB) LOS objects, 13% free, 19MB/22MB, paused 6.644ms,59us total 644.317ms
12-29 03:28:57.501  2104 21963 I AuthLogger: Action succeeded: OBTAIN_TOKEN, callingPackage: com.oculus.socialplatform, accountType: null, tokenType: null, extras: {is_relogin=false}, duration: 0ms
12-29 03:28:57.504   973 21785 E Tracking: MapFeatureProviderBase: Ignoring map point id: 39936 received in submap: Submap id = 2, version = 1790304516 for track id: 1441798 (index = 22, version = 6) since already tracked in submap: Submap id = 1, version = 534172806
12-29 03:28:57.505   973 21785 E Tracking: MapFeatureProviderBase: Ignoring map point id: 36864 received in submap: Submap id = 2, version = 1790304516 for track id: 14548994 (index = 222, version = 2) since already tracked in submap: Submap id = 1, version = 534172806
12-29 03:28:57.505   973 21785 E Tracking: MapFeatureProviderBase: Ignoring map point id: 32768 received in submap: Submap id = 2, version = 1790304516 for track id: 15007746 (index = 229, version = 2) since already tracked in submap: Submap id = 1, version = 534172806
12-29 03:28:57.505   973 21785 E Tracking: MapFeatureProviderBase: Ignoring map point id: 36864 received in submap: Submap id = 2, version = 1790304516 for track id: 14548994 (index = 222, version = 2) since already tracked in submap: Submap id = 1, version = 534172806
12-29 03:28:57.505   973 21785 E Tracking: MapFeatureProviderBase: Ignoring map point id: 33792 received in submap: Submap id = 2, version = 1790304516 for track id: 17367042 (index = 265, version = 2) since already tracked in submap: Submap id = 1, version = 534172806
12-29 03:28:57.505   973 21785 E Tracking: MapFeatureProviderBase: Ignoring map point id: 32768 received in submap: Submap id = 2, version = 1790304516 for track id: 15007746 (index = 229, version = 2) since already tracked in submap: Submap id = 1, version = 534172806
12-29 03:28:57.506 21797 21903 D AssistantEventSanitizerProvider: Sanitizing event: assistant_client_interaction
12-29 03:28:57.506 21879 22012 W [SUI] DeviceConfigHelper: Try to get config param oculus_systemux:assistant_on_oculus before Device Config has subscribed to the service.
12-29 03:28:57.507 21879 22012 W [SUI] DeviceConfigHelper: Try to get config param oculus_systemux:oculus_sysux_aui_bar_customization before Device Config has subscribed to the service.
12-29 03:28:57.507 21879 22012 W [SUI] DeviceConfigHelper: Try to get config param oculus_systemux:oculus_sysux_aui_bar_customization before Device Config has subscribed to the service.
12-29 03:28:57.507 21879 22012 W [SUI] DeviceConfigHelper: Try to get config param oculus_shared_social:mivr_app_split before Device Config has subscribed to the service.
12-29 03:28:57.507 21879 22012 I [SUI] ConsumerConfiguration: Setting SystemUX Configuration and Policy Settings.
12-29 03:28:57.507 21879 22012 D [SUI] SettingsSectionUtil: Should Show Voice Commands Section SystemUXConfig is Voice Command UI Enabled: false
12-29 03:28:57.507 21879 22012 W [SUI] DeviceConfigHelper: Try to get config param oculus_systemux:oculus_settings_wifi_refresh before Device Config has subscribed to the service.
12-29 03:28:57.507 21879 22012 V [SUI] RawSettingsItem: valueFetcher is empty for id: wifi_type
12-29 03:28:57.507 21879 22012 V [SUI] RawSettingsItem: editableFetcher is empty for id: wifi_type
12-29 03:28:57.507  3597 22057 E UserAppScopedAuthHelper: Error requesting app scoped access token
12-29 03:28:57.507 21879 22012 V [SUI] RawSettingsItem: visibilityFetcher is empty for id: boundary_adjust_guardian
12-29 03:28:57.507 21879 22012 V [SUI] RawSettingsItem: valueFetcher is empty for id: boundary_adjust_guardian
12-29 03:28:57.507 21879 22012 V [SUI] RawSettingsItem: editableFetcher is empty for id: boundary_adjust_guardian
12-29 03:28:57.507 21879 22012 W [SUI] DeviceConfigHelper: Try to get config param oculus_systemux:oculus_ax_voice_controller_click_on_dwell before Device Config has subscribed to the service.
12-29 03:28:57.507  3597 22057 E UserAppScopedAuthHelper: Failed to log in
12-29 03:28:57.507 21879 22012 V [SUI] RawSettingsItem: valueFetcher is empty for id: accessibility_voice_controller_click_on_dwell
12-29 03:28:57.508 21879 22012 V [SUI] RawSettingsItem: editableFetcher is empty for id: accessibility_voice_controller_click_on_dwell
12-29 03:28:57.508 21879 22012 V [SUI] RawSettingsItem: visibilityFetcher is empty for id: devices_bluetooth_section
12-29 03:28:57.508 21879 22012 V [SUI] RawSettingsItem: valueFetcher is empty for id: devices_bluetooth_section
12-29 03:28:57.508 21879 22012 V [SUI] RawSettingsItem: editableFetcher is empty for id: devices_bluetooth_section
12-29 03:28:57.509  2858 22046 I [CT]    : SP:AP:AnchorPersistenceRuntimeIpcServer: Bypassing package integrity check for system process or guardian, package: com.oculus.guardian
12-29 03:28:57.511  3234 10147 E AnalyticsEvent: could not set key=selection_args value=null
12-29 03:28:57.511  3234 10147 D CapabilitiesProvider: Capabilities Content Provider called content://com.oculus.identitymanagement.capabilities.contentprovider/account/activeuser/capabilities/com.oculus.capability.social.all, selection= null, selectionArgs=null, sortOrder= null
12-29 03:28:57.512   973 21785 W Tracking: VEGA:HM:MAP_TRACKING: Validation failed after 0.04 seconds of bad frames. Switching from Validating to NoTracking on Submap id = 0, version = 881264588
12-29 03:28:57.512   973 21785 W Tracking: VEGA:HM:MAP_TRACKING: Validation failed after 0.04 seconds of bad frames. Switching from Validating to NoTracking on Submap id = 2, version = 1790304516
12-29 03:28:57.512 21797 21903 D UnifiedTelemetryLogger: UnifiedTelemetryLogger instance created
12-29 03:28:57.514  3597  3597 E [SP] GraphQLExecutor: Exception thrown while getting OC access token
12-29 03:28:57.516 21797 21903 D AssistantLogger: logEventInFlipper - 
12-29 03:28:57.516 21797 21903 D AssistantLogger: eventName: application_started
12-29 03:28:57.516 21797 21903 D AssistantLogger: data: 
12-29 03:28:57.516 21797 21903 D AssistantLogger: sensitive: false
12-29 03:28:57.516 21797 21903 D AssistantLogger: debugOnly: false
12-29 03:28:57.516  2104 21963 I AuthLogger: Action succeeded: OBTAIN_TOKEN, callingPackage: com.oculus.socialplatform, accountType: null, tokenType: null, extras: {is_relogin=false}, duration: 0ms
12-29 03:28:57.517 21797 21797 D BinderClient: Connected to TelemetryService
12-29 03:28:57.517 21879 22012 W [SUI] DeviceConfigHelper: Try to get config param oculus_systemux:assistant_on_oculus before Device Config has subscribed to the service.
12-29 03:28:57.518 21879 22012 W [SUI] DeviceConfigHelper: Try to get config param oculus_systemux:oculus_sysux_aui_bar_customization before Device Config has subscribed to the service.
12-29 03:28:57.518 21879 22012 W [SUI] DeviceConfigHelper: Try to get config param oculus_systemux:oculus_sysux_aui_bar_customization before Device Config has subscribed to the service.
12-29 03:28:57.518 21879 22012 W [SUI] DeviceConfigHelper: Try to get config param oculus_shared_social:mivr_app_split before Device Config has subscribed to the service.
12-29 03:28:57.518 21879 22012 I [SUI] ConsumerConfiguration: Setting SystemUX Configuration and Policy Settings.
12-29 03:28:57.518 21879 22012 D [SUI] SettingsSectionUtil: Should Show Voice Commands Section SystemUXConfig is Voice Command UI Enabled: false
12-29 03:28:57.518 21879 22012 V [SUI] RawSettingsItem: editableFetcher is empty for id: battery_chime
12-29 03:28:57.519 21879 22012 V [SUI] RawSettingsItem: visibilityFetcher is empty for id: boundary_controller_speed_sensitivity
12-29 03:28:57.519 21879 22012 V [SUI] RawSettingsItem: valueFetcher is empty for id: boundary_controller_speed_sensitivity
12-29 03:28:57.519 21879 22012 V [SUI] RawSettingsItem: editableFetcher is empty for id: boundary_controller_speed_sensitivity
12-29 03:28:57.519 21879 22012 V [SUI] RawSettingsItem: visibilityFetcher is empty for id: passthrough_double_tap
12-29 03:28:57.519 21879 22012 V [SUI] RawSettingsItem: valueFetcher is empty for id: passthrough_double_tap
12-29 03:28:57.519 21879 22012 V [SUI] RawSettingsItem: editableFetcher is empty for id: passthrough_double_tap
12-29 03:28:57.519 21879 22012 V [SUI] RawSettingsItem: visibilityFetcher is empty for id: system_tips_and_support_section
12-29 03:28:57.519 21879 22012 V [SUI] RawSettingsItem: valueFetcher is empty for id: system_tips_and_support_section
12-29 03:28:57.519 21879 22012 V [SUI] RawSettingsItem: editableFetcher is empty for id: system_tips_and_support_section
12-29 03:28:57.519 21879 22012 V [SUI] RawSettingsItem: visibilityFetcher is empty for id: bug_report_video_buffer
12-29 03:28:57.519 21879 22012 V [SUI] RawSettingsItem: valueFetcher is empty for id: bug_report_video_buffer
12-29 03:28:57.519 21879 22012 V [SUI] RawSettingsItem: editableFetcher is empty for id: bug_report_video_buffer
12-29 03:28:57.519  2858 27723 I [CT]    : SP:AP:AnchorLocalStorage: Called listAllAnchors
12-29 03:28:57.520  2858 27723 I [CT]    : SP:AP:AnchorLocalStorage: listAllAnchors loading 1nth anchors, /data/user/0/com.facebook.spatial_persistence_service/files/com.oculus.guardian/f6e38716-3d67-b8c0-1e55-74b94ca37735
12-29 03:28:57.520  2858 27723 I [CT]    : SP:AP:AnchorLocalStorage: listAllAnchors loading 2nth anchors, /data/user/0/com.facebook.spatial_persistence_service/files/com.oculus.guardian/03057edb-106e-f0fe-bfb5-339eead4e8e6
12-29 03:28:57.520  2858 27723 I [CT]    : SP:AP:AnchorLocalStorage: listAllAnchors loading 3nth anchors, /data/user/0/com.facebook.spatial_persistence_service/files/com.oculus.guardian/00e2a8b2-af2d-d101-db4c-0854ac25ce51
12-29 03:28:57.520  2858 27723 I [CT]    : SP:AP:AnchorLocalStorage: listAllAnchors loading 4nth anchors, /data/user/0/com.facebook.spatial_persistence_service/files/com.oculus.guardian/96b21b86-cd30-cc53-de8e-4526a8c89c10
12-29 03:28:57.520  2858 27723 I [CT]    : SP:AP:AnchorLocalStorage: listAllAnchors loading 5nth anchors, /data/user/0/com.facebook.spatial_persistence_service/files/com.oculus.guardian/a370a83f-8556-8bd0-8b53-e99f005480dd
12-29 03:28:57.520  2858 27723 I [CT]    : SP:AP:AnchorLocalStorage: listAllAnchors loading 6nth anchors, /data/user/0/com.facebook.spatial_persistence_service/files/com.oculus.guardian/28f62caa-a636-1966-cdb1-c35f66cfefb0
12-29 03:28:57.521  2858 27723 I [CT]    : SP:AP:AnchorLocalStorage: listAllAnchors loading 7nth anchors, /data/user/0/com.facebook.spatial_persistence_service/files/com.oculus.guardian/d605bddf-e7d7-2a05-2e2e-946cfa2f2db1
12-29 03:28:57.521  2858 27723 I [CT]    : SP:AP:AnchorLocalStorage: listAllAnchors loading 8nth anchors, /data/user/0/com.facebook.spatial_persistence_service/files/com.oculus.guardian/07fc7df3-637e-85cf-f7bd-13ed7117cee1
12-29 03:28:57.521  2858 27723 I [CT]    : SP:AP:AnchorLocalStorage: listAllAnchors loading 9nth anchors, /data/user/0/com.facebook.spatial_persistence_service/files/com.oculus.guardian/046cd23f-548b-c003-c103-a1c1bc0ee201
12-29 03:28:57.521  2858 27723 I [CT]    : SP:AP:AnchorLocalStorage: listAllAnchors loading 10nth anchors, /data/user/0/com.facebook.spatial_persistence_service/files/com.oculus.guardian/13900596-9eeb-ac63-e46a-397f22c2fe10
12-29 03:28:57.521  3234 17231 E AnalyticsEvent: could not set key=selection_args value=null
12-29 03:28:57.521  2858 27723 I [CT]    : SP:AP:AnchorLocalStorage: listAllAnchors loading 11nth anchors, /data/user/0/com.facebook.spatial_persistence_service/files/com.oculus.guardian/32964e8c-2f70-e733-3129-db88a6f6ca96
12-29 03:28:57.521  3234 17231 D CapabilitiesProvider: Capabilities Content Provider called content://com.oculus.identitymanagement.capabilities.contentprovider/account/activeuser/capabilities/com.oculus.capability.social.all, selection= null, selectionArgs=null, sortOrder= null
12-29 03:28:57.521  2858 27723 I [CT]    : SP:AP:AnchorLocalStorage: listAllAnchors loading 12nth anchors, /data/user/0/com.facebook.spatial_persistence_service/files/com.oculus.guardian/e088c74f-a07c-a606-bbdc-c4cea7a110b5
12-29 03:28:57.522  2858 27723 I [CT]    : SP:AP:AnchorLocalStorage: listAllAnchors loading 13nth anchors, /data/user/0/com.facebook.spatial_persistence_service/files/com.oculus.guardian/34d61e81-b71f-a457-03c2-d05cbad19b72
12-29 03:28:57.522  2858 27723 I [CT]    : SP:AP:AnchorLocalStorage: listAllAnchors loading 14nth anchors, /data/user/0/com.facebook.spatial_persistence_service/files/com.oculus.guardian/66023ae7-c5a5-a7d4-7cda-2b7e1a5b925a
12-29 03:28:57.525 21879 22012 W [SUI] DeviceConfigHelper: Try to get config param oculus_systemux:assistant_on_oculus before Device Config has subscribed to the service.
12-29 03:28:57.525 21879 22012 W [SUI] DeviceConfigHelper: Try to get config param oculus_systemux:oculus_sysux_aui_bar_customization before Device Config has subscribed to the service.
12-29 03:28:57.525 21879 22012 W [SUI] DeviceConfigHelper: Try to get config param oculus_systemux:oculus_sysux_aui_bar_customization before Device Config has subscribed to the service.
12-29 03:28:57.526 21879 22012 W [SUI] DeviceConfigHelper: Try to get config param oculus_shared_social:mivr_app_split before Device Config has subscribed to the service.
12-29 03:28:57.526 21879 22012 I [SUI] ConsumerConfiguration: Setting SystemUX Configuration and Policy Settings.
12-29 03:28:57.526 21879 22012 D [SUI] MultiUserManagerHelper: Is Multiuser Enabled SystemUXConfig is MultiUser Enabled: true, OculusManager is MultiUser Enabled: true
12-29 03:28:57.526 21879 22012 V [SUI] RawSettingsItem: visibilityFetcher is empty for id: device_account_section
12-29 03:28:57.526 21879 22012 V [SUI] RawSettingsItem: valueFetcher is empty for id: device_account_section
12-29 03:28:57.526 21879 22012 V [SUI] RawSettingsItem: editableFetcher is empty for id: device_account_section
12-29 03:28:57.526 21879 22012 W [SUI] DeviceConfigHelper: Try to get config param oculus_systemux:oculus_settings_wifi_refresh before Device Config has subscribed to the service.
12-29 03:28:57.526 21879 22012 V [SUI] RawSettingsItem: valueFetcher is empty for id: wifi_auto_join
12-29 03:28:57.526 21879 22012 V [SUI] RawSettingsItem: editableFetcher is empty for id: wifi_auto_join
12-29 03:28:57.526 21879 22012 V [SUI] RawSettingsItem: visibilityFetcher is empty for id: night_shift
12-29 03:28:57.527 21879 22012 V [SUI] RawSettingsItem: editableFetcher is empty for id: night_shift
12-29 03:28:57.527 21879 22012 V [SUI] RawSettingsItem: visibilityFetcher is empty for id: accessibility_grid_tile
12-29 03:28:57.527 21879 22012 V [SUI] RawSettingsItem: valueFetcher is empty for id: accessibility_grid_tile
12-29 03:28:57.527 21879 22012 V [SUI] RawSettingsItem: editableFetcher is empty for id: accessibility_grid_tile
12-29 03:28:57.527 21879 22012 V [SUI] RawSettingsItem: visibilityFetcher is empty for id: font_size
12-29 03:28:57.527 21879 22012 V [SUI] RawSettingsItem: valueFetcher is empty for id: font_size
12-29 03:28:57.527 21879 22012 V [SUI] RawSettingsItem: editableFetcher is empty for id: font_size
12-29 03:28:57.527 21879 22012 V [SUI] RawSettingsItem: valueFetcher is empty for id: launch_quest_link
12-29 03:28:57.527 21879 22012 V [SUI] RawSettingsItem: editableFetcher is empty for id: launch_quest_link
12-29 03:28:57.529  2858 22060 I [CT]    : SP:AP:AnchorPersistenceRuntimeIpcServer: checkRPC start: sessionUuid:5ada0452-3512-e1b1-c706-58f6c2f71d02, clientId:3558094719, givenPackageName:com.oculus.guardian
12-29 03:28:57.529  2858 22060 I [CT]    : SP:AP:AnchorPersistenceRuntimeIpcServer: checkRPC package name matches: sessionUuid:5ada0452-3512-e1b1-c706-58f6c2f71d02, clientId:3558094719, givenPackageName:com.oculus.guardian, detectedPackageName:com.oculus.guardian, clientIdTrustedStatus_.count:1
12-29 03:28:57.529  2858 22060 I [CT]    : SP:AP:AnchorPersistenceRuntimeIpcServer: checkStorageLocation sessionUuid:5ada0452-3512-e1b1-c706-58f6c2f71d02, clientId:3558094719, location:1
12-29 03:28:57.530  2858 22060 I [CT]    : SP:AP:AnchorPersistence: Status of feature 25 is 1
12-29 03:28:57.530  3234 17231 E AnalyticsEvent: could not set key=selection_args value=null
12-29 03:28:57.530  3234 17231 D CapabilitiesProvider: Capabilities Content Provider called content://com.oculus.identitymanagement.capabilities.contentprovider/account/activeuser/capabilities/com.oculus.capability.social.all, selection= null, selectionArgs=null, sortOrder= null
12-29 03:28:57.531  3597 22061 E UserAppScopedAuthHelper: Error requesting app scoped access token
12-29 03:28:57.531  3597 22061 E UserAppScopedAuthHelper: Failed to log in
12-29 03:28:57.532  3597  3597 E [SP] GraphQLExecutor: Exception thrown while getting OC access token
12-29 03:28:57.532  3597  4068 E LoggingErrorHandler: Retrofit error, url: [https://graph.oculus.com/graphql?q=viewer%28%29+%7B++user+%7B++++alias%2C++++profile_photo.size%2840x40%29+%7B++++++uri%2C++++%7D%2C++++avatar_image.size%28240x240%29+%7B++++++uri%2C++++%7D%2C++++user_nux_flags+%7B++++++has_seen_vr_invite_profile_nux%2C++++%7D%2C++%7D%2C+%7D], kind: [NETWORK], status: [0 - ], headers: , body: []
12-29 03:28:57.533  3597  4068 E JavaBinder: *** Uncaught remote exception!  (Exceptions are not yet supported across processes.)
12-29 03:28:57.533 21879 21879 E [SUI] SocialViewModel: Failed to fetch social viewer info, latency: 1264ms
12-29 03:28:57.533 21879 22012 W [SUI] DeviceConfigHelper: Try to get config param oculus_systemux:assistant_on_oculus before Device Config has subscribed to the service.
12-29 03:28:57.534 21879 22012 W [SUI] DeviceConfigHelper: Try to get config param oculus_systemux:oculus_sysux_aui_bar_customization before Device Config has subscribed to the service.
12-29 03:28:57.534 21879 22012 W [SUI] DeviceConfigHelper: Try to get config param oculus_systemux:oculus_sysux_aui_bar_customization before Device Config has subscribed to the service.
12-29 03:28:57.534 21879 22012 W [SUI] DeviceConfigHelper: Try to get config param oculus_shared_social:mivr_app_split before Device Config has subscribed to the service.
12-29 03:28:57.534 21879 22012 I [SUI] ConsumerConfiguration: Setting SystemUX Configuration and Policy Settings.
12-29 03:28:57.534 21879 22012 V [SUI] RawSettingsItem: valueFetcher is empty for id: video_capture_resolution
12-29 03:28:57.534 21879 22012 V [SUI] RawSettingsItem: editableFetcher is empty for id: video_capture_resolution
12-29 03:28:57.536  2858 22060 I [CT]    : SP:AP:AnchorPersistenceConfig: PreferencesManager: anchor_persistence_cloud_anchor_service_enabled: false
12-29 03:28:57.536  2858 22060 I [CT]    : SP:AP:AnchorPersistenceConfig: getCloudPermissionEnabled: Android scenario, cloudPermissionEnabledGK=1, cloudPermissionOverride=-1
12-29 03:28:57.536  2858 22060 I [CT]    : SP:AP:AnchorPersistenceConfig: getCloudPermissionEnabled: GK(oculus_spatial_anchor_cloud)=true, userPreference(anchor_persistence_cloud_anchor_service_enabled)=false
12-29 03:28:57.536  2858 22060 I [CT]    : SP:AP:AnchorPersistenceConfig: getSceneRuntimePermissionEnabled: USE_SCENE permission is enabled on this device
12-29 03:28:57.536  2858 22060 I [CT]    : SP:AP:AnchorPersistenceScenePermissions: hasClientGrantedScenePermission: USE_SCENE permission is enabled on this device, check client com.oculus.guardian, grant is true
12-29 03:28:57.537  3234 17231 E AnalyticsEvent: could not set key=selection_args value=null
12-29 03:28:57.537  3234 17231 D CapabilitiesProvider: Capabilities Content Provider called content://com.oculus.identitymanagement.capabilities.contentprovider/account/activeuser/capabilities/com.oculus.capability.social.all, selection= null, selectionArgs=null, sortOrder= null
12-29 03:28:57.545 21879 22012 W [SUI] DeviceConfigHelper: Try to get config param oculus_systemux:assistant_on_oculus before Device Config has subscribed to the service.
12-29 03:28:57.545 21879 22012 W [SUI] DeviceConfigHelper: Try to get config param oculus_systemux:oculus_sysux_aui_bar_customization before Device Config has subscribed to the service.
12-29 03:28:57.546 21879 22012 W [SUI] DeviceConfigHelper: Try to get config param oculus_systemux:oculus_sysux_aui_bar_customization before Device Config has subscribed to the service.
12-29 03:28:57.546 21879 22012 W [SUI] DeviceConfigHelper: Try to get config param oculus_shared_social:mivr_app_split before Device Config has subscribed to the service.
12-29 03:28:57.546 21879 22012 I [SUI] ConsumerConfiguration: Setting SystemUX Configuration and Policy Settings.
12-29 03:28:57.546 21879 22012 D [SUI] MultiUserManagerHelper: Is Multiuser Enabled SystemUXConfig is MultiUser Enabled: true, OculusManager is MultiUser Enabled: true
12-29 03:28:57.546 21879 22012 V [SUI] RawSettingsItem: valueFetcher is empty for id: library_sharing
12-29 03:28:57.546 21879 22012 V [SUI] RawSettingsItem: editableFetcher is empty for id: library_sharing
12-29 03:28:57.546 21879 22012 W [SUI] DeviceConfigHelper: Try to get config param oculus_systemux:oculus_ax_text_to_speech before Device Config has subscribed to the service.
12-29 03:28:57.546 21879 22012 V [SUI] RawSettingsItem: valueFetcher is empty for id: accessibility_text_to_speech
12-29 03:28:57.546 21879 22012 V [SUI] RawSettingsItem: editableFetcher is empty for id: accessibility_text_to_speech
12-29 03:28:57.546 21879 22012 W [SUI] DeviceConfigHelper: Try to get config param oculus_systemux:oculus_settings_wifi_refresh before Device Config has subscribed to the service.
12-29 03:28:57.547 21879 22012 V [SUI] RawSettingsItem: valueFetcher is empty for id: wifi_connect_disconnect
12-29 03:28:57.547 21879 22012 V [SUI] RawSettingsItem: editableFetcher is empty for id: wifi_connect_disconnect
12-29 03:28:57.548 21879 22012 V [SUI] RawSettingsItem: valueFetcher is empty for id: maintenance_boot
12-29 03:28:57.548 21879 22012 V [SUI] RawSettingsItem: editableFetcher is empty for id: maintenance_boot
12-29 03:28:57.548 21879 22012 V [SUI] RawSettingsItem: visibilityFetcher is empty for id: controller_section
12-29 03:28:57.548 21879 22012 V [SUI] RawSettingsItem: valueFetcher is empty for id: controller_section
12-29 03:28:57.548 21879 22012 V [SUI] RawSettingsItem: editableFetcher is empty for id: controller_section
12-29 03:28:57.548  2858 27723 I [CT]    : SP:SceneAnchorFilterUtil: filterSceneDataByPermission com.oculus.guardian has scene permission granted, keep scene data
12-29 03:28:57.548  2858 27723 I [CT]    : SP:AP:AnchorPersistence: notifyTrackedSpatialAnchor 66023ae7-c5a5-a7d4-7cda-2b7e1a5b925a
12-29 03:28:57.548 21879 22012 V [SUI] RawSettingsItem: editableFetcher is empty for id: night_shift_temperature
12-29 03:28:57.548 21879 22012 W [SUI] DeviceConfigHelper: Try to get config param oculus_systemux:oculus_settings_wifi_refresh before Device Config has subscribed to the service.
12-29 03:28:57.549 21879 22012 V [SUI] RawSettingsItem: valueFetcher is empty for id: wifi_ssid
12-29 03:28:57.549 21879 22012 V [SUI] RawSettingsItem: editableFetcher is empty for id: wifi_ssid
12-29 03:28:57.549 21879 22012 V [SUI] RawSettingsItem: visibilityFetcher is empty for id: personalization_grid_tile
12-29 03:28:57.549 21879 22012 V [SUI] RawSettingsItem: valueFetcher is empty for id: personalization_grid_tile
12-29 03:28:57.549 21879 22012 V [SUI] RawSettingsItem: editableFetcher is empty for id: personalization_grid_tile
12-29 03:28:57.549 21879 22012 V [SUI] RawSettingsItem: valueFetcher is empty for id: color+correction_filter
12-29 03:28:57.549 21879 22012 V [SUI] RawSettingsItem: editableFetcher is empty for id: color+correction_filter
12-29 03:28:57.551  3111  3583 I [CT]    : SP:AF:InsightAnchorApi: insight_QueryAnchorSpaces (task finish) returnCode: AnchorResultCode::SUCCESS(0), numSpacesFound: 1, spacesFoundUuids: [66023ae7-c5a5-a7d4-7cda-2b7e1a5b925a], duration: 0.000000000 [sec], flags: 12, location: 1, uuid: 00000000-0000-0000-0000-000000000000, method: 1, request: 16
12-29 03:28:57.552  3234 17231 E AnalyticsEvent: could not set key=selection_args value=null
12-29 03:28:57.552  3234 17231 D CapabilitiesProvider: Capabilities Content Provider called content://com.oculus.identitymanagement.capabilities.contentprovider/account/activeuser/capabilities/com.oculus.capability.social.all, selection= null, selectionArgs=null, sortOrder= null
12-29 03:28:57.560 21879 22012 W [SUI] DeviceConfigHelper: Try to get config param oculus_systemux:assistant_on_oculus before Device Config has subscribed to the service.
12-29 03:28:57.560 21879 22012 W [SUI] DeviceConfigHelper: Try to get config param oculus_systemux:oculus_sysux_aui_bar_customization before Device Config has subscribed to the service.
12-29 03:28:57.560 21879 22012 W [SUI] DeviceConfigHelper: Try to get config param oculus_systemux:oculus_sysux_aui_bar_customization before Device Config has subscribed to the service.
12-29 03:28:57.560 21879 22012 W [SUI] DeviceConfigHelper: Try to get config param oculus_shared_social:mivr_app_split before Device Config has subscribed to the service.
12-29 03:28:57.560 21879 22012 I [SUI] ConsumerConfiguration: Setting SystemUX Configuration and Policy Settings.
12-29 03:28:57.560 21879 22012 D [SUI] SettingsSectionUtil: Should Show Voice Commands Section SystemUXConfig is Voice Command UI Enabled: false
12-29 03:28:57.561 21879 22012 V [SUI] RawSettingsItem: visibilityFetcher is empty for id: bug_report
12-29 03:28:57.561 21879 22012 V [SUI] RawSettingsItem: valueFetcher is empty for id: bug_report
12-29 03:28:57.561 21879 22012 V [SUI] RawSettingsItem: editableFetcher is empty for id: bug_report
12-29 03:28:57.561  3111  3210 I TREX    : Spatial Persistence event: QuerySpacesFound
12-29 03:28:57.561 21879 22012 W [SUI] DeviceConfigHelper: Try to get config param oculus_systemux:oculus_mobile_hand2_override before Device Config has subscribed to the service.
12-29 03:28:57.561  3111  3210 I TREX    : Updating enabled data components from query results for entity type 1
12-29 03:28:57.561  3111  3210 I TREX    : Spatial Persistence event: QuerySpacesFinish
12-29 03:28:57.561  3111  3210 I Deque   : event 1000156103 not found in the event queue.
12-29 03:28:57.561  3111  3210 I Deque   : AddEventToQueue called. eventInfo.type: 1000156103, eventInfo.next: 1
12-29 03:28:57.561  3111  3210 I Deque   : AddEventToQueue called. eventInfo.type: 1000156104, eventInfo.next: 1
12-29 03:28:57.561 21879 22012 V [SUI] RawSettingsItem: valueFetcher is empty for id: hand_tracking_version_override
12-29 03:28:57.561 21879 22012 V [SUI] RawSettingsItem: editableFetcher is empty for id: hand_tracking_version_override
12-29 03:28:57.561 21879 22012 W [SUI] DeviceConfigHelper: Try to get config param oculus_systemux:vr_sysux_home_bluetooth_refresh_enabled before Device Config has subscribed to the service.
12-29 03:28:57.561  3111  3210 E [CT]    : Guardian: xrSetComponentEnabledPrivilegedFB(result.space, &newRequest, &locatableRequestId) returned error code: -1000113003
12-29 03:28:57.561  3111  3210 E [CT]    : Guardian: xrSetComponentEnabledPrivilegedFB(result.space, &requestInfo, &storableRequestId) returned error code: -1000113003
12-29 03:28:57.561  3111  3210 W [CT]    : MrTrackerMgr: Ignoring abandoned query result. request [335007449117] != current request [536758734976]
12-29 03:28:57.561 21879 22012 V [SUI] RawSettingsItem: valueFetcher is empty for id: bluetooth_previously_connected_devices
12-29 03:28:57.561 21879 22012 V [SUI] RawSettingsItem: editableFetcher is empty for id: bluetooth_previously_connected_devices
12-29 03:28:57.561  3111  3210 W [CT]    : MrTrackerMgr: Ignoring abandoned query complete event result. request [335007449117] != current request [536758734976]
12-29 03:28:57.562  3597  4068 E LoggingErrorHandler: Retrofit error, url: [https://graph.oculus.com/graphql?doc=query+GetCurrentPartyQuery+%7B++viewer+%7B++++user+%7B++++++current_party+%7B++++++++id%2C++++++++call_door+%7B++++++++++id++++++++%7D%2C++++++++anchored_home_instance+%7B++++++++++id++++++++%7D%2C++++++++only_quest_users%2C++++++++join_policy%2C++++++++party_type%2C++++++++has_active_link_sharing%2C++++++++max_size%2C++++++++party_leader+%7Bid%2Cname%2Calias%2Cpresence%2Cpresence_status%2Cfollow_status%2Cprofile_status%2Cprofile_photo%28size%3A+%22240x240%22%29+%7B++name%2C++uri%2C++width%2C++height%2C%7D%2Cfriend_status%2Cis_blocked_by_viewer%2Ccan_viewer_message%2Ccurrent_party+%7B++id%2C++join_policy%2C++max_size%2C++party_users+%7B++++count%2C++%7D%2C%7D%2Cis_presence_deeplink_joinable%2Cmost_recent_presence+%7B++last_active_description%2C++destination_api_name%2C++scoped_user_id%2C++deeplink_message_for_deeplink_target%2C++launch_params_as_json_string%2C++vr_apps_for_deeplink_target+%7B++++id%2C+++++vr_platform%2C++++package_name%2C+%7D%2C%7D%2C++++++++%7D%2C++++++++invited_users+%7B++++++++++count%2C++++++++++edges+%7B++++++++++++sender%2C++++++++++++node+%7Bid%2Cname%2Calias%2Cpresence%2Cpresence_status%2Cfollow_status%2Cprofile_status%2Cprofile_photo%28size%3A+%22240x240%22%29+%7B++name%2C++uri%2C++width%2C++height%2C%7D%2Cfriend_status%2Cis_blocked_by_viewer%2Ccan_viewer_message%2Ccurrent_party+%7B++id%2C++join_policy%2C++max_size%2C++party_users+%7B++++count%2C++%7D%2C%7D%2Cis_presence_deeplink_joinable%2Cmost_recent_presence+%7B++last_active_description%2C++destination_api_name%2C++scoped_user_id%2C++deeplink_message_for_deeplink_target%2C++launch_params_as_json_string%2C++vr_apps_for_deeplink_target+%7B++++id%2C+++++vr_platform%2C++++package_name%2C+%7D%2C%7D%2C++++++++++++%7D%2C++++++++++%7D%2C++++++++%7D%2C++++++++party_users+%7B++++++++++count%2C++++++++++edges+%7B++++++++++++microphone_channel_selection%2C++++++++++++node+%7Bid%2Cname%2Calias%2Cpresence%2Cpresence_status%2Cfollow_status%2Cprofile_status%2Cprofile_photo%28size%3A+%22240x240%22%29+%7B++name%2C++uri%2C++width%2C++height%2C%7D%2Cfriend_status%2Cis_blocked_by_viewer%2Ccan_viewer_message%2Ccurrent_party+%7B++id%2C++join_policy%2C++max_size%2C++party_users+%7B++++count%2C++%7D%2C%7D%2Cis_presence_deeplink_joinable%2Cmost_recent_presence+%7B++last_active_description%2C++destination_api_name%2C++scoped_user_id%2C++deeplink_message_for_deeplink_target%2C++launch_params_as_json_string%2C++vr_apps_for_deeplink_target+%7B++++id%2C+++++vr_platform%2C++++package_name%2C+%7D%2C%7D%2C++++++++++++%7D%2C++++++++++%7D++++++++%7D%2C++++++++party_blocked_users+%7B++++++++++nodes+%7B++++++++++++id%2C++++++++++++alias%2C++++++++++%7D%2C++++++++%7D%2C++++++++party_blocked_invited_users+%7B++++++++++nodes+%7B++++++++++++id%2C++++++++++++alias%2C++++++++++%7D%2C++++++++%7D%2C++++++++party_invite_activity+%7B++++++++++id%2C++++++++++does_activity_support_group_launch%2C++++++++++application+%7B++++++++++++id%2C++++++++++++display_name%2C++++++++++++package_name%2C++++++++++++max_group_launch_capacity%2C++++++++++++icon_image+%7B++++++++++++++uri%2C++++++++++++%7D%2C++++++++++%7D%2C++++++++++deeplink%2C++++++++++title%2C++++++++%7D%2C++++++++party_group_launch+%7B++++++++++id%2C++++++++++state%2C++++++++++only_quest_users%2C++++++++++creator+%7B++++++++++++id%2C++++++++++%7D++++++++++vr_deeplink_target+%7B++++++++++++vr_apps_for_deeplink_target+%7B++++++++++++++vr_icon_image+%7B++++++++++++++++uri%2C++++++++++++++%7D%2C++++++++++++++id%2C++++++++++++++display_name%2C++++++++++++++is_viewer_entitled%2C++++++++++++%7D%2C++++++++++++deeplink_message_for_deeplink_target%2C++++++++++++...+on+VRDeeplinkTargetWithDefaultWebLink+%7B++++++++++++++description_for_deeplink_target_website%2C++++++++++++++name_for_deeplink_target_website%2C++++++++++++++id%2C++++++++++++++icon_image_for_deeplink_target_website+%7B++++++++++++++++uri%2C++++++++++++++%7D%2C++++++++++++%7D%2C++++++++++++...+on+VRPresenceStatusDefinition+%7B++++++++++++++is_external_deeplinkable%2C+++++++++++
12-29 03:28:57.562  3597  4068 E JavaBinder: *** Uncaught remote exception!  (Exceptions are not yet supported across processes.)
12-29 03:28:57.562 21879 21879 D [SUI] HorizonContentProviderHelper: java.lang.RuntimeException
12-29 03:28:57.562 21879 21879 E [SUI] SocialViewModel: Failed to fetch current party data
12-29 03:28:57.564  3234 17231 E AnalyticsEvent: could not set key=selection_args value=null
12-29 03:28:57.564  3234 17231 D CapabilitiesProvider: Capabilities Content Provider called content://com.oculus.identitymanagement.capabilities.contentprovider/account/activeuser/capabilities/com.oculus.capability.social.all, selection= null, selectionArgs=null, sortOrder= null
12-29 03:28:57.568 21879 22012 W [SUI] DeviceConfigHelper: Try to get config param oculus_systemux:assistant_on_oculus before Device Config has subscribed to the service.
12-29 03:28:57.569 21879 22012 W [SUI] DeviceConfigHelper: Try to get config param oculus_systemux:oculus_sysux_aui_bar_customization before Device Config has subscribed to the service.
12-29 03:28:57.569 21879 22012 W [SUI] DeviceConfigHelper: Try to get config param oculus_systemux:oculus_sysux_aui_bar_customization before Device Config has subscribed to the service.
12-29 03:28:57.569 21879 22012 W [SUI] DeviceConfigHelper: Try to get config param oculus_shared_social:mivr_app_split before Device Config has subscribed to the service.
12-29 03:28:57.569 21879 22012 I [SUI] ConsumerConfiguration: Setting SystemUX Configuration and Policy Settings.
12-29 03:28:57.569 21879 22012 V [SUI] RawSettingsItem: visibilityFetcher is empty for id: system_capture_section
12-29 03:28:57.569 21879 22012 V [SUI] RawSettingsItem: valueFetcher is empty for id: system_capture_section
12-29 03:28:57.569 21879 22012 V [SUI] RawSettingsItem: editableFetcher is empty for id: system_capture_section
12-29 03:28:57.569 21879 22012 V [SUI] RawSettingsItem: visibilityFetcher is empty for id: device_permissions_sidenav
12-29 03:28:57.569 21879 22012 V [SUI] RawSettingsItem: valueFetcher is empty for id: device_permissions_sidenav
12-29 03:28:57.569 21879 22012 V [SUI] RawSettingsItem: editableFetcher is empty for id: device_permissions_sidenav
12-29 03:28:57.569 21879 22012 W [SUI] DeviceConfigHelper: Try to get config param oculus_systemux:oc_time_edit before Device Config has subscribed to the service.
12-29 03:28:57.569 21879 22012 V [SUI] RawSettingsItem: editableFetcher is empty for id: time_zone
12-29 03:28:57.570 21879 22012 V [SUI] RawSettingsItem: visibilityFetcher is empty for id: boundary_headset_speed_sensitivity
12-29 03:28:57.570 21879 22012 V [SUI] RawSettingsItem: valueFetcher is empty for id: boundary_headset_speed_sensitivity
12-29 03:28:57.570 21879 22012 V [SUI] RawSettingsItem: editableFetcher is empty for id: boundary_headset_speed_sensitivity
12-29 03:28:57.570 21879 22012 V [SUI] RawSettingsItem: visibilityFetcher is empty for id: notifications_grid_tile
12-29 03:28:57.570 21879 22012 V [SUI] RawSettingsItem: valueFetcher is empty for id: notifications_grid_tile
12-29 03:28:57.570 21879 22012 V [SUI] RawSettingsItem: editableFetcher is empty for id: notifications_grid_tile
12-29 03:28:57.570 21879 22012 V [SUI] RawSettingsItem: valueFetcher is empty for id: auto_os_normal_updates
12-29 03:28:57.570 21879 22012 V [SUI] RawSettingsItem: editableFetcher is empty for id: auto_os_normal_updates
12-29 03:28:57.570 21879 22012 V [SUI] RawSettingsItem: visibilityFetcher is empty for id: boundary_controller_distance_sensitivity
12-29 03:28:57.570 21879 22012 V [SUI] RawSettingsItem: valueFetcher is empty for id: boundary_controller_distance_sensitivity
12-29 03:28:57.570 21879 22012 V [SUI] RawSettingsItem: editableFetcher is empty for id: boundary_controller_distance_sensitivity
12-29 03:28:57.570 21879 22012 V [SUI] RawSettingsItem: visibilityFetcher is empty for id: personalization_text_section
12-29 03:28:57.570 21879 22012 V [SUI] RawSettingsItem: valueFetcher is empty for id: personalization_text_section
12-29 03:28:57.570 21879 22012 V [SUI] RawSettingsItem: editableFetcher is empty for id: personalization_text_section
12-29 03:28:57.570 21879 22012 V [SUI] RawSettingsItem: valueFetcher is empty for id: accessibility_captions_apps_subsection
12-29 03:28:57.570 21879 22012 V [SUI] RawSettingsItem: editableFetcher is empty for id: accessibility_captions_apps_subsection
12-29 03:28:57.570 21879 22012 V [SUI] RawSettingsItem: visibilityFetcher is empty for id: guardian_toggle
12-29 03:28:57.570 21879 22012 V [SUI] RawSettingsItem: valueFetcher is empty for id: guardian_toggle
12-29 03:28:57.570 21879 22012 V [SUI] RawSettingsItem: editableFetcher is empty for id: guardian_toggle
12-29 03:28:57.570 21879 22012 V [SUI] RawSettingsItem: visibilityFetcher is empty for id: apps_permissions_grid_tile
12-29 03:28:57.570 21879 22012 V [SUI] RawSettingsItem: valueFetcher is empty for id: apps_permissions_grid_tile
12-29 03:28:57.570 21879 22012 V [SUI] RawSettingsItem: editableFetcher is empty for id: apps_permissions_grid_tile
12-29 03:28:57.570 21879 22012 V [SUI] RawSettingsItem: visibilityFetcher is empty for id: controllers_swap_system_button_handedness
12-29 03:28:57.570 21879 22012 V [SUI] RawSettingsItem: valueFetcher is empty for id: controllers_swap_system_button_handedness
12-29 03:28:57.570 21879 22012 V [SUI] RawSettingsItem: editableFetcher is empty for id: controllers_swap_system_button_handedness
12-29 03:28:57.571 21879 22012 D [SUI] SettingsAssistantJsonBuilder: Registering setting LOCALE_DEFAULT_TIME_FORMAT with route systemux://settings/time?setting=locale_default
12-29 03:28:57.571 21879 22012 D [SUI] SettingsAssistantJsonBuilder: Registering setting DEVELOPER with route systemux://settings/developer?setting=system_developer_section
12-29 03:28:57.571 21879 22012 D [SUI] SettingsAssistantJsonBuilder: Skipped NULL setting: NULL
12-29 03:28:57.571 21879 22012 D [SUI] SettingsAssistantJsonBuilder: Skipped existing setting: HAND_TRACKING
12-29 03:28:57.571 21879 22012 D [SUI] SettingsAssistantJsonBuilder: Registering setting MOVEMENT_TRACKING with route systemux://settings/hands?setting=movement_tracking_grid_tile
12-29 03:28:57.571 21879 22012 D [SUI] SettingsAssistantJsonBuilder: Skipped existing setting: VIBRATION_INTENSITY
12-29 03:28:57.571 21879 22012 D [SUI] SettingsAssistantJsonBuilder: Registering setting MOUSE_TRACKING_SPEED with route systemux://settings/bluetooth_mouse?setting=exp_mouse_sensitivity_slider_item
12-29 03:28:57.571 21879 22012 D [SUI] SettingsAssistantJsonBuilder: Registering setting MOBILITY with route systemux://settings/mobility?setting=mobility_section
12-29 03:28:57.571 21879 22012 D [SUI] SettingsAssistantJsonBuilder: Registering setting SOUND with route systemux://settings/sound?setting=system_sound_section
12-29 03:28:57.571 21879 22012 D [SUI] SettingsAssistantJsonBuilder: Skipped NULL setting: NULL
12-29 03:28:57.571 21879 22012 D [SUI] SettingsAssistantJsonBuilder: Registering setting KEYBOARD with route systemux://settings/keyboard?setting=system_keyboard_section
12-29 03:28:57.571 21879 22012 D [SUI] SettingsAssistantJsonBuilder: Skipped existing setting: AUTO_SLEEP
12-29 03:28:57.571 21879 22012 D [SUI] SettingsAssistantJsonBuilder: Skipped existing setting: GUARDIAN
12-29 03:28:57.571 21879 22012 D [SUI] SettingsAssistantJsonBuilder: Registering setting CAPTION_TEXT_COLOR with route systemux://settings/captions_style?setting=caption_text_color
12-29 03:28:57.571 21879 22012 D [SUI] SettingsAssistantJsonBuilder: Registering setting SECURITY_DEVICE_LOCK with route systemux://settings/security?setting=security_grid_tile
12-29 03:28:57.571 21879 22012 D [SUI] SettingsAssistantJsonBuilder: Registering setting HEADSET_DISTANCE with route systemux://settings/boundary?setting=boundary_headset_distance_sensitivity
12-29 03:28:57.571 21879 22012 D [SUI] SettingsAssistantJsonBuilder: Registering setting NOTIFICATIONS_MY_APPS with route systemux://settings/notifications_my_apps?setting=my_apps_notif
12-29 03:28:57.571 21879 22012 D [SUI] SettingsAssistantJsonBuilder: Registering setting LOCATION with route systemux://settings/permissions?setting=permissions_system_level_location_q4b
12-29 03:28:57.571 21879 22012 D [SUI] SettingsAssistantJsonBuilder: Registering setting DELETE_POINT_CLOUD_STORAGE with route systemux://settings/device_permissions?setting=privacy_delete_point_cloud_storage
12-29 03:28:57.571 21879 22012 D [SUI] SettingsAssistantJsonBuilder: Registering setting DISPLAY_THEME_SUBSECTION with route systemux://settings/display_theme?setting=personalization_display_theme_section
12-29 03:28:57.571 21879 22012 D [SUI] SettingsAssistantJsonBuilder: Skipped existing setting: GLANCEABLE_BOUNDARY
12-29 03:28:57.571 21879 22012 D [SUI] SettingsAssistantJsonBuilder: Registering setting AUTO_OS_CRITICAL_UPDATES with route systemux://settings/software_update?setting=auto_os_critical_updates
12-29 03:28:57.571 21879 22012 D [SUI] SettingsAssistantJsonBuilder: Registering setting HEARING with route systemux://settings/hearing?setting=accessibility_hearing_section
12-29 03:28:57.571 21879 22012 D [SUI] SettingsAssistantJsonBuilder: Registering setting CUSTOM_BACKGROUND with route systemux://settings/environment?setting=environment_custom_background
12-29 03:28:57.571 21879 22012 D [SUI] SettingsAssistantJsonBuilder: Registering setting VIRTUAL_ENVIRONMENT with route systemux://settings/environment?setting=personalization_virtual_environment_section
12-29 03:28:57.571 21879 22012 D [SUI] SettingsAssistantJsonBuilder: Registering setting WIFI_REFRESH with route systemux://settings/experiments?setting=wifi_refresh
12-29 03:28:57.571 21879 22012 D [SUI] SettingsAssistantJsonBuilder: Skipped existing setting: TERMS_OF_SERVICE
12-29 03:28:57.571 21879 22012 D [SUI] SettingsAssistantJsonBuilder: Registering setting DISPLAY_CONTRAST with route systemux://settings/vision?setting=accessibility_display_contrast
12-29 03:28:57.571 21879 22012 D [SUI] SettingsAssistantJsonBuilder: Registering setting VIDEO_CAPTURE_IMAGE_STABILIZATION with route systemux://settings/capture?setting=video_capture_image_stabilization
12-29 03:28:57.571 21879 22012 D [SUI] SettingsAssistantJsonBuilder: Registering setting AUTO_TIME with route systemux://settings/time?setting=auto_time
12-29 03:28:57.571 21879 22012 D [SUI] SettingsAssistantJsonBuilder: Registering setting PASSTHROUGH with route systemux://settings/passthrough?setting=passthrough_turn_on
