12-31 11:04:52.334 10183 10319 D xrstreaming_v2: new clock offset=-98236403841551 (rtt: 496864, dispersion: 134217727500046855, jitter: 101093)
12-31 11:04:52.334 10183 10319 D xrstreaming_v2: receive ping: org 0 recv 0 xmt 8318989252900 (received at 106555393690861), offset divergence -39025
12-31 11:04:52.335 10183 10319 D xrstreaming_v2: receive pong: org 106555393521382 recv 8318989745000 xmt 8318989892400 (received at 106555393948361), offset divergence -39025
12-31 11:04:52.335 10183 10319 D xrstreaming_v2: new clock offset=-98236403841551 (rtt: 279579, dispersion: 67108863500046874, jitter: 96382)
12-31 11:04:52.336  9166 10466 W OVRLibrary: null cursor received for query content://com.oculus.ocms.library/apps/share_system_app
12-31 11:04:52.336   920 10477 D SimpleC2Component: Using output block pool with poolID 1808 => got 1808 - 0
12-31 11:04:52.353 10183 10319 D xrstreaming_v2: receive pong: org 106555394621121 recv 8318990782800 xmt 8319008669400 (received at 106555412678621), offset divergence -39025
12-31 11:04:52.353 10183 10319 D xrstreaming_v2: new clock offset=-98236403923771 (rtt: 170900, dispersion: 33554431500023809, jitter: 89169)
12-31 11:04:52.353 10183 10319 D xrstreaming_v2: receive ping: org 0 recv 0 xmt 8319008748800 (received at 106555412883777), offset divergence -121245
12-31 11:04:52.354  9166 23865 I PresenceAPK(PresenceClient): onServiceUp
12-31 11:04:52.354  9166 23865 I PresenceAPK(GroupManager): onConnected
12-31 11:04:52.355 10183 10319 D xrstreaming_v2: receive ping: org 0 recv 0 xmt 8319010138400 (received at 106555414201538), offset divergence 55382
12-31 11:04:52.355 10183 10319 D xrstreaming_v2: receive pong: org 106555414064038 recv 8319010237900 xmt 8319010489500 (received at 106555414828100), offset divergence 55382
12-31 11:04:52.355 10183 10319 D xrstreaming_v2: new clock offset=-98236403923771 (rtt: 512462, dispersion: 16777215500023873, jitter: 102022)
12-31 11:04:52.356 10183 10319 D xrstreaming_v2: receive ping: org 0 recv 0 xmt 8319011190600 (received at 106555415202788), offset divergence 55382
12-31 11:04:52.356 10183 10344 I xrstreaming: Toggling hands. enabled = 0
12-31 11:04:52.356 10183 10344 I ClientInputInterface: HANDTRACKING SetForceDisableHandsFromApp 1
12-31 11:04:52.356  3125  3169 I GuardianCollisionTracker: Guardian Controller Collision: Magnitude: 5.386, Duration: -1.000 sec, TimeStamp: 106555.390625 sec
12-31 11:04:52.357 10183 10319 D xrstreaming_v2: receive pong: org 106555416072215 recv 8319012412300 xmt 8319012740900 (received at 106555416802632), offset divergence -8441
12-31 11:04:52.357 10183 10319 D xrstreaming_v2: new clock offset=-98236403923771 (rtt: 401817, dispersion: 8388607500023926, jitter: 97994)
12-31 11:04:52.358 10183 10319 D xrstreaming_v2: receive ping: org 0 recv 0 xmt 8319012818100 (received at 106555416959402), offset divergence -8441
12-31 11:04:52.359 10183 10362 W xrstreaming_v2: missing ZERO byte before NAL start code
12-31 11:04:52.360 10183 10319 D xrstreaming_v2: receive pong: org 106555417839246 recv 8319014013200 xmt 8319014196400 (received at 106555419251173), offset divergence -8441
12-31 11:04:52.360 10183 10319 D xrstreaming_v2: new clock offset=-98236403923771 (rtt: 1228727, dispersion: 4194303500023998, jitter: 195430)
12-31 11:04:52.360 10183 10319 D xrstreaming_v2: receive ping: org 0 recv 0 xmt 8319014499700 (received at 106555419509090), offset divergence -8441
12-31 11:04:52.361 10183 10361 V xrstreaming: FillBufferDone(): pHeader->pMarkData == NULL, last event='OMX_EventCmdComplete'
12-31 11:04:52.362 10183 10319 D xrstreaming_v2: receive pong: org 106555419469923 recv 8319015659500 xmt 8319015707100 (received at 106555421355965), offset divergence -8441
12-31 11:04:52.362 10183 10319 D xrstreaming_v2: new clock offset=-98236403923771 (rtt: 1838442, dispersion: 2097151500024059, jitter: 315145)
12-31 11:04:52.362 10183 10358 V xrstreaming: FillBufferDone(): pHeader->pMarkData == NULL, last event='OMX_EventCmdComplete'
12-31 11:04:52.362 10183 10359 W xrstreaming: OMX_FillThisBuffer called with null buffer, ftbCount=1
12-31 11:04:52.362 10183 10319 D xrstreaming_v2: receive ping: org 0 recv 0 xmt 8319016375000 (received at 106555421613934), offset divergence -8441
12-31 11:04:52.362 10183 10319 D xrstreaming_v2: receive pong: org 106555421510861 recv 8319017685900 xmt 8319017792900 (received at 106555421915809), offset divergence -8441
12-31 11:04:52.363 10183 10319 D xrstreaming_v2: new clock offset=-98236403923771 (rtt: 297948, dispersion: 1048575500024069, jitter: 300860)
12-31 11:04:52.363 10183 10362 W xrstreaming: OMX_FillThisBuffer called with null buffer, ftbCount=1
12-31 11:04:52.363 10183 10319 D xrstreaming_v2: receive ping: org 0 recv 0 xmt 8319017989700 (received at 106555422046173), offset divergence -8441
12-31 11:04:52.363 10183 10359 I xrstreaming: OMXDecoder Frame - dims: 3680x384 [4096x512], 3145728 B
12-31 11:04:52.363 10183 10359 I xrstreaming: Constructing buffer 0
12-31 11:04:52.364 10183 10365 W xrstreaming_v2: missing ZERO byte before NAL start code
12-31 11:04:52.364 10183 10319 D xrstreaming_v2: receive pong: org 106555422615600 recv 8319018787700 xmt 8319019186000 (received at 106555423274298), offset divergence -8441
12-31 11:04:52.364 10183 10319 D xrstreaming_v2: new clock offset=-98236403923771 (rtt: 260398, dispersion: 524287500022377, jitter: 288222)
12-31 11:04:52.364 10183 10319 D xrstreaming_v2: receive ping: org 0 recv 0 xmt 8319019370800 (received at 106555423460236), offset divergence -8441
12-31 11:04:52.365 10183 10319 D xrstreaming_v2: receive ping: org 0 recv 0 xmt 8319019726200 (received at 106555423927267), offset divergence -8441
12-31 11:04:52.365 10183 10319 D xrstreaming_v2: receive pong: org 106555423666486 recv 8319019903300 xmt 8319020116100 (received at 106555424374715), offset divergence -8441
12-31 11:04:52.365 10183 10319 D xrstreaming_v2: new clock offset=-98236403923771 (rtt: 495429, dispersion: 262143500022413, jitter: 277967)
12-31 11:04:52.365 10183 10370 W xrstreaming_v2: missing ZERO byte before NAL start code
12-31 11:04:52.366 10183 10362 I xrstreaming: OMXDecoder Frame - dims: 3680x384 [4096x512], 3145728 B
12-31 11:04:52.366 10183 10362 I xrstreaming: Constructing buffer 0
12-31 11:04:52.366   564   564 I hwservicemanager: getTransport: Cannot find entry android.hardware.graphics.allocator@4.0::IAllocator/default in either framework or device VINTF manifest.
12-31 11:04:52.367 10183 10359 W Gralloc4: allocator 4.x is not supported
12-31 11:04:52.367 10183 10319 D xrstreaming_v2: receive pong: org 106555425357579 recv 8319021528600 xmt 8319021805100 (received at 106555426309350), offset divergence -8441
12-31 11:04:52.367 10183 10319 D xrstreaming_v2: new clock offset=-98236403923771 (rtt: 675271, dispersion: 131071500022468, jitter: 275606)
12-31 11:04:52.367  9166 12846 I PresenceAPK(PresenceClient): onServiceUp
12-31 11:04:52.367 10183 10319 D xrstreaming_v2: receive ping: org 0 recv 0 xmt 8319022312800 (received at 106555426892267), offset divergence -8441
12-31 11:04:52.369 10183 10364 V xrstreaming: FillBufferDone(): pHeader->pMarkData == NULL, last event='OMX_EventCmdComplete'
12-31 11:04:52.369 10183 10369 V xrstreaming: FillBufferDone(): pHeader->pMarkData == NULL, last event='OMX_EventCmdComplete'
12-31 11:04:52.369 10183 10375 W xrstreaming_v2: missing ZERO byte before NAL start code
12-31 11:04:52.369  9166 12846 I PresenceAPK(GroupManager): onConnected
12-31 11:04:52.369 10183 10370 W xrstreaming: OMX_FillThisBuffer called with null buffer, ftbCount=1
12-31 11:04:52.373 10183 10319 D xrstreaming_v2: receive pong: org 106555427708882 recv 8319023873200 xmt 8319024331300 (received at 106555432907892), offset divergence -8441
12-31 11:04:52.374 10183 10319 D xrstreaming_v2: new clock offset=-98236403923771 (rtt: 4740910, dispersion: 65535500022664, jitter: 646664)
12-31 11:04:52.374 10183 10319 D xrstreaming_v2: receive ping: org 0 recv 0 xmt 8319024599000 (received at 106555433312215), offset divergence -8441
12-31 11:04:52.375  9166 12843 I PresenceAPK(GroupManager): initialEnumerationFinished
12-31 11:04:52.375 10183 10319 D xrstreaming_v2: receive pong: org 106555433111902 recv 8319029280500 xmt 8319029728100 (received at 106555434103777), offset divergence -8441
12-31 11:04:52.375 10183 10319 D xrstreaming_v2: new clock offset=-98236403923771 (rtt: 544275, dispersion: 32767500022699, jitter: 627740)
12-31 11:04:52.375 10183 10372 V xrstreaming: FillBufferDone(): pHeader->pMarkData == NULL, last event='OMX_EventCmdComplete'
12-31 11:04:52.375 10183 10365 W xrstreaming: OMX_FillThisBuffer called with null buffer, ftbCount=1
12-31 11:04:52.375 10183 10319 D xrstreaming_v2: receive ping: org 0 recv 0 xmt 8319029984200 (received at 106555434284767), offset divergence -8441
12-31 11:04:52.375 10183 10319 D xrstreaming_v2: receive pong: org 106555434263517 recv 8319030429500 xmt 8319030470900 (received at 106555434497319), offset divergence -8441
12-31 11:04:52.375 10183 10319 D xrstreaming_v2: new clock offset=-98236403923771 (rtt: 192402, dispersion: 16383500011618, jitter: 609000)
12-31 11:04:52.375  9166 12847 I PresenceAPK(GroupManager): initialEnumerationFinished
12-31 11:04:52.376 10183 10375 W xrstreaming: OMX_FillThisBuffer called with null buffer, ftbCount=1
12-31 11:04:52.376 10183 10319 D xrstreaming_v2: receive pong: org 106555434831121 recv 8319030998200 xmt 8319031624500 (received at 106555435674142), offset divergence -8441
12-31 11:04:52.376 10183 10319 D xrstreaming_v2: new clock offset=-98236403923771 (rtt: 216721, dispersion: 8191500006098, jitter: 591856)
12-31 11:04:52.376 10183 10319 D xrstreaming_v2: receive ping: org 0 recv 0 xmt 8319031741400 (received at 106555435885079), offset divergence -8441
12-31 11:04:52.377 10183 10370 I xrstreaming: OMXDecoder Frame - dims: 3680x384 [4096x512], 3145728 B
12-31 11:04:52.377 10183 10370 I xrstreaming: Constructing buffer 0
12-31 11:04:52.378 10183 10375 I xrstreaming: OMXDecoder Frame - dims: 3680x384 [4096x512], 3145728 B
12-31 11:04:52.378 10183 10375 I xrstreaming: Constructing buffer 0
12-31 11:04:52.378 10183 10365 I xrstreaming: OMXDecoder Frame - dims: 3680x384 [4096x512], 3145728 B
12-31 11:04:52.378 10183 10365 I xrstreaming: Constructing buffer 0
12-31 11:04:52.378 10183 10362 I AdrenoVK-0: Unknown struct with type 0x0 provided to vkCreateImageView
12-31 11:04:52.378 10183 10319 D xrstreaming_v2: receive pong: org 106555435751850 recv 8319031912100 xmt 8319032148600 (received at 106555437597111), offset divergence -8441
12-31 11:04:52.378 10183 10319 D xrstreaming_v2: new clock offset=-98236403923771 (rtt: 1608761, dispersion: 4095500006154, jitter: 599306)
12-31 11:04:52.378  9166 12847 I PresenceAPK(GroupManager): no reconnect groups
12-31 11:04:52.379 10183 10362 I xrstreaming: Constructing buffer 1
12-31 11:04:52.379 10183 10319 D xrstreaming_v2: receive ping: org 0 recv 0 xmt 8319033811800 (received at 106555438704715), offset divergence -8441
12-31 11:04:52.380 10183 10319 D xrstreaming_v2: receive pong: org 106555437958465 recv 8319034135400 xmt 8319034936400 (received at 106555439340757), offset divergence -8441
12-31 11:04:52.380 10183 10319 D xrstreaming_v2: new clock offset=-98236403923771 (rtt: 581292, dispersion: 2047500006207, jitter: 585674)
12-31 11:04:52.380 10183 10319 D xrstreaming_v2: receive ping: org 0 recv 0 xmt 8319035568200 (received at 106555439809298), offset divergence -8441
12-31 11:04:52.381 10183 10359 I AdrenoVK-0: Unknown struct with type 0x0 provided to vkCreateImageView
12-31 11:04:52.381 10183 10359 I xrstreaming: Constructing buffer 1
12-31 11:04:52.381 10183 10370 I AdrenoVK-0: Unknown struct with type 0x0 provided to vkCreateImageView
12-31 11:04:52.382 10183 10370 I xrstreaming: Constructing buffer 1
12-31 11:04:52.382 10183 10375 I AdrenoVK-0: Unknown struct with type 0x0 provided to vkCreateImageView
12-31 11:04:52.382 10183 10319 D xrstreaming_v2: receive pong: org 106555439454663 recv 8319035628500 xmt 8319036001500 (received at 106555441454090), offset divergence -8441
12-31 11:04:52.382 10183 10319 D xrstreaming_v2: new clock offset=-98236403923771 (rtt: 1626427, dispersion: 1023500006270, jitter: 592507)
12-31 11:04:52.382 10183 10319 D xrstreaming_v2: receive ping: org 0 recv 0 xmt 8319037147700 (received at 106555441611173), offset divergence -8441
12-31 11:04:52.382  9166 14665 I PresenceAPK(PresenceClient): onServiceUp
12-31 11:04:52.382  9166 14665 I PresenceAPK(GroupManager): onConnected
12-31 11:04:52.382 10183 10375 I xrstreaming: Constructing buffer 1
12-31 11:04:52.383 10183 10365 I AdrenoVK-0: Unknown struct with type 0x0 provided to vkCreateImageView
12-31 11:04:52.384 10183 10365 I xrstreaming: Constructing buffer 1
12-31 11:04:52.384 10183 10319 D xrstreaming_v2: receive pong: org 106555443090809 recv 8319039286900 xmt 8319039416100 (received at 106555443442475), offset divergence -8441
12-31 11:04:52.384 10183 10319 D xrstreaming_v2: new clock offset=-98236403923771 (rtt: 222466, dispersion: 511500003537, jitter: 578887)
12-31 11:04:52.384 10183 10319 D xrstreaming_v2: receive ping: org 0 recv 0 xmt 8319039525600 (received at 106555443620288), offset divergence -8441
12-31 11:04:52.384 10183 10319 D xrstreaming_v2: receive pong: org 106555443589975 recv 8319039759300 xmt 8319039814900 (received at 106555443831329), offset divergence -8441
12-31 11:04:52.384 10183 10319 D xrstreaming_v2: new clock offset=-98236403923771 (rtt: 185754, dispersion: 255500002102, jitter: 566163)
12-31 11:04:52.385 10183 10319 D xrstreaming_v2: receive ping: org 0 recv 0 xmt 8319040238800 (received at 106555444435965), offset divergence -8441
12-31 11:04:52.385 10183 10319 D xrstreaming_v2: receive pong: org 106555444118673 recv 8319040399200 xmt 8319040631500 (received at 106555444626121), offset divergence -8441
12-31 11:04:52.385 10183 10319 D xrstreaming_v2: new clock offset=-98236403923771 (rtt: 275148, dispersion: 127500002124, jitter: 554410)
12-31 11:04:52.385 10183 10362 I AdrenoVK-0: Unknown struct with type 0x0 provided to vkCreateImageView
12-31 11:04:52.385 10183 10362 I xrstreaming: Constructing buffer 2
12-31 11:04:52.386 10183 10370 I AdrenoVK-0: Unknown struct with type 0x0 provided to vkCreateImageView
12-31 11:04:52.386 10183 10370 I xrstreaming: Constructing buffer 2
12-31 11:04:52.386 10183 10359 I AdrenoVK-0: Unknown struct with type 0x0 provided to vkCreateImageView
12-31 11:04:52.386 10183 10359 I xrstreaming: Constructing buffer 2
12-31 11:04:52.386 10183 10375 I AdrenoVK-0: Unknown struct with type 0x0 provided to vkCreateImageView
12-31 11:04:52.386 10183 10319 D xrstreaming_v2: receive pong: org 106555444790288 recv 8319040959200 xmt 8319041505700 (received at 106555445497632), offset divergence -8441
12-31 11:04:52.386 10183 10319 D xrstreaming_v2: new clock offset=-98236403911510 (rtt: 160844, dispersion: 63500001175, jitter: 548423)
12-31 11:04:52.386 10183 10375 I xrstreaming: Constructing buffer 2
12-31 11:04:52.386 10183 10319 D xrstreaming_v2: receive ping: org 0 recv 0 xmt 8319041551600 (received at 106555445759559), offset divergence 3820
12-31 11:04:52.387 10183 10365 I AdrenoVK-0: Unknown struct with type 0x0 provided to vkCreateImageView
12-31 11:04:52.387 10183 10365 I xrstreaming: Constructing buffer 2
12-31 11:04:52.387 10183 10319 D xrstreaming_v2: receive pong: org 106555445722840 recv 8319041884600 xmt 8319041950600 (received at 106555446453934), offset divergence 3820
12-31 11:04:52.387 10183 10319 D xrstreaming_v2: new clock offset=-98236403911510 (rtt: 665094, dispersion: 31500001201, jitter: 540171)
12-31 11:04:52.388  9166 12847 I PresenceAPK(GroupManager): initialEnumerationFinished
12-31 11:04:52.388  9166 12847 I PresenceAPK(GroupManager): no reconnect groups
12-31 11:04:52.388  9166 10457 I [SUI] ConsumerConfiguration: Setting SystemUX Configuration and Policy Settings.
12-31 11:04:52.388  9166 10457 D [SUI] SettingsSectionUtil: Should Show Voice Commands Section SystemUXConfig is Voice Command UI Enabled: false
12-31 11:04:52.389 10183 10319 D xrstreaming_v2: receive pong: org 106555446711329 recv 8319042890100 xmt 8319043911700 (received at 106555448206121), offset divergence 3820
12-31 11:04:52.389 10183 10319 D xrstreaming_v2: new clock offset=-98236403911510 (rtt: 473192, dispersion: 15500001252, jitter: 530821)
12-31 11:04:52.389  9166 10457 V [SUI] RawSettingsItem: valueFetcher is empty for id: wifi_add_network
12-31 11:04:52.389  9166 10457 V [SUI] RawSettingsItem: editableFetcher is empty for id: wifi_add_network
12-31 11:04:52.389 10183 10319 D xrstreaming_v2: receive ping: org 0 recv 0 xmt 8319044159500 (received at 106555448343204), offset divergence 3820
12-31 11:04:52.389  9166 10457 V [SUI] RawSettingsItem: visibilityFetcher is empty for id: mobility_input_haptics_amplitude
12-31 11:04:52.389  9166 10457 V [SUI] RawSettingsItem: valueFetcher is empty for id: mobility_input_haptics_amplitude
12-31 11:04:52.389  9166 10457 V [SUI] RawSettingsItem: editableFetcher is empty for id: mobility_input_haptics_amplitude
12-31 11:04:52.389  9166 10457 V [SUI] RawSettingsItem: visibilityFetcher is empty for id: window_color
12-31 11:04:52.389  9166 10457 V [SUI] RawSettingsItem: valueFetcher is empty for id: window_color
12-31 11:04:52.389  9166 10457 V [SUI] RawSettingsItem: editableFetcher is empty for id: window_color
12-31 11:04:52.389  9166 10457 V [SUI] RawSettingsItem: visibilityFetcher is empty for id: caption_text_background_color
12-31 11:04:52.389  9166 10457 V [SUI] RawSettingsItem: valueFetcher is empty for id: caption_text_background_color
12-31 11:04:52.389  9166 10457 V [SUI] RawSettingsItem: editableFetcher is empty for id: caption_text_background_color
12-31 11:04:52.389 10183 10362 I AdrenoVK-0: Unknown struct with type 0x0 provided to vkCreateImageView
12-31 11:04:52.389 10183 10362 I xrstreaming: Constructing buffer 3
12-31 11:04:52.389 10183 10370 I AdrenoVK-0: Unknown struct with type 0x0 provided to vkCreateImageView
12-31 11:04:52.389 10183 10370 I xrstreaming: Constructing buffer 3
12-31 11:04:52.390 10183 10359 I AdrenoVK-0: Unknown struct with type 0x0 provided to vkCreateImageView
12-31 11:04:52.390 10183 10359 I xrstreaming: Constructing buffer 3
12-31 11:04:52.390 10183 10375 I AdrenoVK-0: Unknown struct with type 0x0 provided to vkCreateImageView
12-31 11:04:52.390 10183 10375 I xrstreaming: Constructing buffer 3
12-31 11:04:52.390 10183 10342 V xrstreaming: RectifyMesh[1002]: BEGIN
12-31 11:04:52.390 10183 10342 V xrstreaming: 	RectifyMesh[1002]: vertexCount = 8450, indexCount = 49152
12-31 11:04:52.390 10183 10342 V xrstreaming: 	RectifyMesh[1002]: inputResolution = { x = 3680, y = 1920 }
12-31 11:04:52.390 10183 10342 V xrstreaming: 	RectifyMesh[1002]: outputResolution = { x = 3648, y = 1840 }
12-31 11:04:52.390 10183 10342 V xrstreaming: RectifyMesh[1002]: END
12-31 11:04:52.390 10183 10365 I AdrenoVK-0: Unknown struct with type 0x0 provided to vkCreateImageView
12-31 11:04:52.390 10183 10365 I xrstreaming: Constructing buffer 3
12-31 11:04:52.391 10183 10362 I AdrenoVK-0: Unknown struct with type 0x0 provided to vkCreateImageView
12-31 11:04:52.391 10183 10362 I xrstreaming: Constructing buffer 4
12-31 11:04:52.392  9166 12843 I PresenceAPK(GroupManager): no reconnect groups
12-31 11:04:52.393  9166 10457 V [SUI] RawSettingsItem: valueFetcher is empty for id: wifi_enabled
12-31 11:04:52.393  9166 10457 V [SUI] RawSettingsItem: editableFetcher is empty for id: wifi_enabled
12-31 11:04:52.393  9166 10457 V [SUI] RawSettingsItem: valueFetcher is empty for id: accessibility_captions_style_subsection
12-31 11:04:52.393  9166 10457 V [SUI] RawSettingsItem: editableFetcher is empty for id: accessibility_captions_style_subsection
12-31 11:04:52.393  9166 10457 V [SUI] RawSettingsItem: valueFetcher is empty for id: wifi_header
12-31 11:04:52.393  9166 10457 V [SUI] RawSettingsItem: editableFetcher is empty for id: wifi_header
12-31 11:04:52.393  9166 10457 V [SUI] RawSettingsItem: visibilityFetcher is empty for id: system_about_section
12-31 11:04:52.393  9166 10457 V [SUI] RawSettingsItem: valueFetcher is empty for id: system_about_section
12-31 11:04:52.393  9166 10457 V [SUI] RawSettingsItem: editableFetcher is empty for id: system_about_section
12-31 11:04:52.395 10183 10370 I AdrenoVK-0: Unknown struct with type 0x0 provided to vkCreateImageView
12-31 11:04:52.395 10183 10370 I xrstreaming: Constructing buffer 4
12-31 11:04:52.396 10183 10319 D xrstreaming_v2: receive pong: org 106555449628204 recv 8319045795500 xmt 8319050961400 (received at 106555455080809), offset divergence 3820
12-31 11:04:52.396 10183 10319 D xrstreaming_v2: new clock offset=-98236403911510 (rtt: 286705, dispersion: 7500001459, jitter: 521399)
12-31 11:04:52.396 10183 10319 D xrstreaming_v2: receive ping: org 0 recv 0 xmt 8319051173300 (received at 106555455330288), offset divergence 3820
12-31 11:04:52.397 10183 10319 D xrstreaming_v2: receive pong: org 106555455500392 recv 8319051691800 xmt 8319051963500 (received at 106555455959923), offset divergence 3820
12-31 11:04:52.397 10183 10319 D xrstreaming_v2: new clock offset=-98236403911510 (rtt: 187831, dispersion: 3500001102, jitter: 512333)
12-31 11:04:52.398 10183 10319 D xrstreaming_v2: receive ping: org 0 recv 0 xmt 8319052262500 (received at 106555456936798), offset divergence 3820
12-31 11:04:52.398 10183 10319 D xrstreaming_v2: receive pong: org 106555456880861 recv 8319053126300 xmt 8319053152600 (received at 106555457144767), offset divergence 3820
12-31 11:04:52.398 10183 10319 D xrstreaming_v2: new clock offset=-98236403911510 (rtt: 237606, dispersion: 1500001069, jitter: 503770)
12-31 11:04:52.399 10183 10365 I AdrenoVK-0: Unknown struct with type 0x0 provided to vkCreateImageView
12-31 11:04:52.399 10183 10365 I xrstreaming: Constructing buffer 4
12-31 11:04:52.399 10183 10375 I AdrenoVK-0: Unknown struct with type 0x0 provided to vkCreateImageView
12-31 11:04:52.399 10183 10375 I xrstreaming: Constructing buffer 4
12-31 11:04:52.399 10183 10319 D xrstreaming_v2: receive pong: org 106555457281694 recv 8319053444500 xmt 8319054909800 (received at 106555458899871), offset divergence 3820
12-31 11:04:52.399 10183 10319 D xrstreaming_v2: new clock offset=-98236403913632 (rtt: 152877, dispersion: 500000660, jitter: 494701)
12-31 11:04:52.400 10183 10319 D xrstreaming_v2: receive ping: org 0 recv 0 xmt 8319054982100 (received at 106555459007944), offset divergence 1698
12-31 11:04:52.400 10183 10359 I AdrenoVK-0: Unknown struct with type 0x0 provided to vkCreateImageView
12-31 11:04:52.400 10183 10359 I xrstreaming: Constructing buffer 4
12-31 11:04:52.401 10183 10370 I AdrenoVK-0: Unknown struct with type 0x0 provided to vkCreateImageView
12-31 11:04:52.401 10183 10370 I xrstreaming: Constructing buffer 5
12-31 11:04:52.402 10183 10362 I AdrenoVK-0: Unknown struct with type 0x0 provided to vkCreateImageView
12-31 11:04:52.402 10183 10362 I xrstreaming: Constructing buffer 5
12-31 11:04:52.402 10183 10319 D xrstreaming_v2: receive pong: org 106555459673829 recv 8319055860500 xmt 8319056486200 (received at 106555461697996), offset divergence 1698
12-31 11:04:52.402 10183 10319 D xrstreaming_v2: new clock offset=-98236403913632 (rtt: 1398467, dispersion: 742, jitter: 498288)
12-31 11:04:52.402 10183 10319 D xrstreaming_v2: receive ping: org 0 recv 0 xmt 8319057679900 (received at 106555461799298), offset divergence 1698
12-31 11:04:52.403 10183 10365 I AdrenoVK-0: Unknown struct with type 0x0 provided to vkCreateImageView
12-31 11:04:52.406 10183 10365 I xrstreaming: Constructing buffer 5
12-31 11:04:52.406 10183 10319 D xrstreaming_v2: receive ping: org 0 recv 0 xmt 8319059851300 (received at 106555463872579), offset divergence 1698
12-31 11:04:52.406 10183 10375 I AdrenoVK-0: Unknown struct with type 0x0 provided to vkCreateImageView
12-31 11:04:52.406 10183 10375 I xrstreaming: Constructing buffer 5
12-31 11:04:52.407 10183 10359 I AdrenoVK-0: Unknown struct with type 0x0 provided to vkCreateImageView
12-31 11:04:52.407 10183 10359 I xrstreaming: Constructing buffer 5
12-31 11:04:52.407 10183 10319 D xrstreaming_v2: receive ping: org 0 recv 0 xmt 8319062438900 (received at 106555466624090), offset divergence 14484
12-31 11:04:52.408 10183 10362 I AdrenoVK-0: Unknown struct with type 0x0 provided to vkCreateImageView
12-31 11:04:52.408 10183 10362 I xrstreaming: Constructing buffer 6
12-31 11:04:52.408 10183 10319 D xrstreaming_v2: receive ping: org 0 recv 0 xmt 8319062963700 (received at 106555467807736), offset divergence 14484
12-31 11:04:52.413 19372 19392 E LoggingErrorHandler: Retrofit error, url: [https://graph.oculus.com/graphql?doc=query+GetCurrentPartyQuery+%7B++viewer+%7B++++user+%7B++++++current_party+%7B++++++++id%2C++++++++call_door+%7B++++++++++id++++++++%7D%2C++++++++anchored_home_instance+%7B++++++++++id++++++++%7D%2C++++++++only_quest_users%2C++++++++join_policy%2C++++++++party_type%2C++++++++has_active_link_sharing%2C++++++++max_size%2C++++++++party_leader+%7Bid%2Cname%2Calias%2Cpresence%2Cpresence_status%2Cfollow_status%2Cprofile_status%2Cprofile_photo%28size%3A+%22240x240%22%29+%7B++name%2C++uri%2C++width%2C++height%2C%7D%2Cfriend_status%2Cis_blocked_by_viewer%2Ccan_viewer_message%2Ccurrent_party+%7B++id%2C++join_policy%2C++max_size%2C++party_users+%7B++++count%2C++%7D%2C%7D%2Cis_presence_deeplink_joinable%2Cmost_recent_presence+%7B++last_active_description%2C++destination_api_name%2C++scoped_user_id%2C++deeplink_message_for_deeplink_target%2C++launch_params_as_json_string%2C++vr_apps_for_deeplink_target+%7B++++id%2C+++++vr_platform%2C++++package_name%2C+%7D%2C%7D%2C++++++++%7D%2C++++++++invited_users+%7B++++++++++count%2C++++++++++edges+%7B++++++++++++sender%2C++++++++++++node+%7Bid%2Cname%2Calias%2Cpresence%2Cpresence_status%2Cfollow_status%2Cprofile_status%2Cprofile_photo%28size%3A+%22240x240%22%29+%7B++name%2C++uri%2C++width%2C++height%2C%7D%2Cfriend_status%2Cis_blocked_by_viewer%2Ccan_viewer_message%2Ccurrent_party+%7B++id%2C++join_policy%2C++max_size%2C++party_users+%7B++++count%2C++%7D%2C%7D%2Cis_presence_deeplink_joinable%2Cmost_recent_presence+%7B++last_active_description%2C++destination_api_name%2C++scoped_user_id%2C++deeplink_message_for_deeplink_target%2C++launch_params_as_json_string%2C++vr_apps_for_deeplink_target+%7B++++id%2C+++++vr_platform%2C++++package_name%2C+%7D%2C%7D%2C++++++++++++%7D%2C++++++++++%7D%2C++++++++%7D%2C++++++++party_users+%7B++++++++++count%2C++++++++++edges+%7B++++++++++++microphone_channel_selection%2C++++++++++++node+%7Bid%2Cname%2Calias%2Cpresence%2Cpresence_status%2Cfollow_status%2Cprofile_status%2Cprofile_photo%28size%3A+%22240x240%22%29+%7B++name%2C++uri%2C++width%2C++height%2C%7D%2Cfriend_status%2Cis_blocked_by_viewer%2Ccan_viewer_message%2Ccurrent_party+%7B++id%2C++join_policy%2C++max_size%2C++party_users+%7B++++count%2C++%7D%2C%7D%2Cis_presence_deeplink_joinable%2Cmost_recent_presence+%7B++last_active_description%2C++destination_api_name%2C++scoped_user_id%2C++deeplink_message_for_deeplink_target%2C++launch_params_as_json_string%2C++vr_apps_for_deeplink_target+%7B++++id%2C+++++vr_platform%2C++++package_name%2C+%7D%2C%7D%2C++++++++++++%7D%2C++++++++++%7D++++++++%7D%2C++++++++party_blocked_users+%7B++++++++++nodes+%7B++++++++++++id%2C++++++++++++alias%2C++++++++++%7D%2C++++++++%7D%2C++++++++party_blocked_invited_users+%7B++++++++++nodes+%7B++++++++++++id%2C++++++++++++alias%2C++++++++++%7D%2C++++++++%7D%2C++++++++party_invite_activity+%7B++++++++++id%2C++++++++++does_activity_support_group_launch%2C++++++++++application+%7B++++++++++++id%2C++++++++++++display_name%2C++++++++++++package_name%2C++++++++++++max_group_launch_capacity%2C++++++++++++icon_image+%7B++++++++++++++uri%2C++++++++++++%7D%2C++++++++++%7D%2C++++++++++deeplink%2C++++++++++title%2C++++++++%7D%2C++++++++party_group_launch+%7B++++++++++id%2C++++++++++state%2C++++++++++only_quest_users%2C++++++++++creator+%7B++++++++++++id%2C++++++++++%7D++++++++++vr_deeplink_target+%7B++++++++++++vr_apps_for_deeplink_target+%7B++++++++++++++vr_icon_image+%7B++++++++++++++++uri%2C++++++++++++++%7D%2C++++++++++++++id%2C++++++++++++++display_name%2C++++++++++++++is_viewer_entitled%2C++++++++++++%7D%2C++++++++++++deeplink_message_for_deeplink_target%2C++++++++++++...+on+VRDeeplinkTargetWithDefaultWebLink+%7B++++++++++++++description_for_deeplink_target_website%2C++++++++++++++name_for_deeplink_target_website%2C++++++++++++++id%2C++++++++++++++icon_image_for_deeplink_target_website+%7B++++++++++++++++uri%2C++++++++++++++%7D%2C++++++++++++%7D%2C++++++++++++...+on+VRPresenceStatusDefinition+%7B++++++++++++++is_external_deeplinkable%2C+++++++++++
12-31 11:04:52.415  3180 23745 E AnalyticsEvent: could not set key=selection_args value=null
12-31 11:04:52.415 19372 19392 E JavaBinder: *** Uncaught remote exception!  (Exceptions are not yet supported across processes.)
12-31 11:04:52.416  3180 23745 D CapabilitiesProvider: Capabilities Content Provider called content://com.oculus.identitymanagement.capabilities.contentprovider/account/activeuser/capabilities/com.oculus.capability.social.all, selection= null, selectionArgs=null, sortOrder= null
12-31 11:04:52.416  9166  9166 D [SUI] HorizonContentProviderHelper: java.lang.RuntimeException
12-31 11:04:52.416  9166  9166 E [SUI] SocialViewModel: Failed to fetch current party data
12-31 11:04:52.424  9166 10457 I [SUI] ConsumerConfiguration: Setting SystemUX Configuration and Policy Settings.
12-31 11:04:52.424  9166 10457 D [SUI] SettingsSectionUtil: Should Show Voice Commands Section SystemUXConfig is Voice Command UI Enabled: false
12-31 11:04:52.424  9166 10457 V [SUI] RawSettingsItem: editableFetcher is empty for id: auto_time_zone
12-31 11:04:52.431  3180 23745 E AnalyticsEvent: could not set key=selection_args value=null
12-31 11:04:52.433 10183 10370 I AdrenoVK-0: Unknown struct with type 0x0 provided to vkCreateImageView
12-31 11:04:52.433 10183 10370 I xrstreaming: Constructing buffer 6
12-31 11:04:52.433  3180 23745 D CapabilitiesProvider: Capabilities Content Provider called content://com.oculus.identitymanagement.capabilities.contentprovider/account/activeuser/capabilities/com.oculus.capability.social.all, selection= null, selectionArgs=null, sortOrder= null
12-31 11:04:52.435 10183 10362 I AdrenoVK-0: Unknown struct with type 0x0 provided to vkCreateImageView
12-31 11:04:52.435 10183 10362 I xrstreaming: Constructing buffer 7
12-31 11:04:52.435 10183 10359 I AdrenoVK-0: Unknown struct with type 0x0 provided to vkCreateImageView
12-31 11:04:52.435 10183 10359 I xrstreaming: Constructing buffer 6
12-31 11:04:52.436 10183 10365 I AdrenoVK-0: Unknown struct with type 0x0 provided to vkCreateImageView
12-31 11:04:52.436 10183 10365 I xrstreaming: Constructing buffer 6
12-31 11:04:52.436 10183 10375 I AdrenoVK-0: Unknown struct with type 0x0 provided to vkCreateImageView
12-31 11:04:52.436 10183 10375 I xrstreaming: Constructing buffer 6
12-31 11:04:52.437 10183 10370 I AdrenoVK-0: Unknown struct with type 0x0 provided to vkCreateImageView
12-31 11:04:52.437 10183 10370 I xrstreaming: Constructing buffer 7
12-31 11:04:52.437 10183 10362 I AdrenoVK-0: Unknown struct with type 0x0 provided to vkCreateImageView
12-31 11:04:52.437 10183 10362 I xrstreaming: Constructing buffer 8
12-31 11:04:52.439 10183 10365 I AdrenoVK-0: Unknown struct with type 0x0 provided to vkCreateImageView
12-31 11:04:52.439 10183 10365 I xrstreaming: Constructing buffer 7
12-31 11:04:52.439 10183 10359 I AdrenoVK-0: Unknown struct with type 0x0 provided to vkCreateImageView
12-31 11:04:52.439 10183 10359 I xrstreaming: Constructing buffer 7
12-31 11:04:52.443 10183 10375 I AdrenoVK-0: Unknown struct with type 0x0 provided to vkCreateImageView
12-31 11:04:52.443 10183 10375 I xrstreaming: Constructing buffer 7
12-31 11:04:52.444 10183 10370 I AdrenoVK-0: Unknown struct with type 0x0 provided to vkCreateImageView
12-31 11:04:52.444 10183 10370 I xrstreaming: Constructing buffer 8
12-31 11:04:52.445 10183 10365 I AdrenoVK-0: Unknown struct with type 0x0 provided to vkCreateImageView
12-31 11:04:52.445 10183 10365 I xrstreaming: Constructing buffer 8
12-31 11:04:52.446 10183 10362 I AdrenoVK-0: Unknown struct with type 0x0 provided to vkCreateImageView
12-31 11:04:52.446 10183 10362 I xrstreaming: Constructing buffer 9
12-31 11:04:52.447 10183 10375 I AdrenoVK-0: Unknown struct with type 0x0 provided to vkCreateImageView
12-31 11:04:52.447 10183 10375 I xrstreaming: Constructing buffer 8
12-31 11:04:52.447 10183 10365 I AdrenoVK-0: Unknown struct with type 0x0 provided to vkCreateImageView
12-31 11:04:52.447 10183 10365 I xrstreaming: Constructing buffer 9
12-31 11:04:52.448 10183 10362 I AdrenoVK-0: Unknown struct with type 0x0 provided to vkCreateImageView
12-31 11:04:52.448 10183 10362 I xrstreaming: Constructing buffer 10
12-31 11:04:52.450 10183 10370 I AdrenoVK-0: Unknown struct with type 0x0 provided to vkCreateImageView
12-31 11:04:52.450 10183 10370 I xrstreaming: Constructing buffer 9
12-31 11:04:52.451 10183 10375 I AdrenoVK-0: Unknown struct with type 0x0 provided to vkCreateImageView
12-31 11:04:52.451 10183 10375 I xrstreaming: Constructing buffer 9
12-31 11:04:52.452 10183 10365 I AdrenoVK-0: Unknown struct with type 0x0 provided to vkCreateImageView
12-31 11:04:52.452 10183 10365 I xrstreaming: Constructing buffer 10
12-31 11:04:52.455 10183 10370 I AdrenoVK-0: Unknown struct with type 0x0 provided to vkCreateImageView
12-31 11:04:52.455 10183 10370 I xrstreaming: Constructing buffer 10
12-31 11:04:52.457 10183 10375 I AdrenoVK-0: Unknown struct with type 0x0 provided to vkCreateImageView
12-31 11:04:52.457 10183 10375 I xrstreaming: Constructing buffer 10
12-31 11:04:52.457 10183 10359 I AdrenoVK-0: Unknown struct with type 0x0 provided to vkCreateImageView
12-31 11:04:52.457 10183 10359 I xrstreaming: Constructing buffer 8
12-31 11:04:52.457 10183 10365 I AdrenoVK-0: Unknown struct with type 0x0 provided to vkCreateImageView
12-31 11:04:52.458 10183 10365 I xrstreaming: Constructing buffer 11
12-31 11:04:52.459 10183 10362 I AdrenoVK-0: Unknown struct with type 0x0 provided to vkCreateImageView
12-31 11:04:52.459 10183 10362 I xrstreaming: Constructing buffer 11
12-31 11:04:52.460 10183 10370 I AdrenoVK-0: Unknown struct with type 0x0 provided to vkCreateImageView
12-31 11:04:52.460 10183 10370 I xrstreaming: Constructing buffer 11
12-31 11:04:52.460  2422  2431 I oculus.presenc: Background young concurrent copying GC freed 13775(1373KB) AllocSpace objects, 52(900KB) LOS objects, 33% free, 3288KB/4965KB, paused 2.983ms,93us total 247.172ms
12-31 11:04:52.460 10183 10375 I AdrenoVK-0: Unknown struct with type 0x0 provided to vkCreateImageView
12-31 11:04:52.461 10183 10375 I xrstreaming: Constructing buffer 11
12-31 11:04:52.462 10183 10362 I AdrenoVK-0: Unknown struct with type 0x0 provided to vkCreateImageView
12-31 11:04:52.462 10183 10362 I xrstreaming: Constructing buffer 12
12-31 11:04:52.463 10183 10375 I AdrenoVK-0: Unknown struct with type 0x0 provided to vkCreateImageView
12-31 11:04:52.463 10183 10375 I xrstreaming: Constructing buffer 12
12-31 11:04:52.464 10183 10370 I AdrenoVK-0: Unknown struct with type 0x0 provided to vkCreateImageView
12-31 11:04:52.464 10183 10370 I xrstreaming: Constructing buffer 12
12-31 11:04:52.466 10183 10365 I AdrenoVK-0: Unknown struct with type 0x0 provided to vkCreateImageView
12-31 11:04:52.466 10183 10365 I xrstreaming: Constructing buffer 12
12-31 11:04:52.467 10183 10362 I AdrenoVK-0: Unknown struct with type 0x0 provided to vkCreateImageView
12-31 11:04:52.467 10183 10362 I xrstreaming: Constructing buffer 13
12-31 11:04:52.468 10183 10375 I AdrenoVK-0: Unknown struct with type 0x0 provided to vkCreateImageView
12-31 11:04:52.468 10183 10375 I xrstreaming: Constructing buffer 13
12-31 11:04:52.469 10183 10370 I AdrenoVK-0: Unknown struct with type 0x0 provided to vkCreateImageView
12-31 11:04:52.469 10183 10370 I xrstreaming: Constructing buffer 13
12-31 11:04:52.469 10183 10359 I AdrenoVK-0: Unknown struct with type 0x0 provided to vkCreateImageView
12-31 11:04:52.469 10183 10359 I xrstreaming: Constructing buffer 9
12-31 11:04:52.472   952  7581 I Tracking: CONSTELLATION:IMU_STATUS: d3d05f47e2487092 (R): [FusionTracked=1.000, OutputTracked=1.000, OutputValid=1.000] [AccelSat=0.000, GyroSat=0.000] 
12-31 11:04:52.474 10183 10375 I AdrenoVK-0: Unknown struct with type 0x0 provided to vkCreateImageView
12-31 11:04:52.475 10183 10375 I xrstreaming: Constructing buffer 14
12-31 11:04:52.475  9166 10457 I [SUI] ConsumerConfiguration: Setting SystemUX Configuration and Policy Settings.
12-31 11:04:52.475 10183 10365 I AdrenoVK-0: Unknown struct with type 0x0 provided to vkCreateImageView
12-31 11:04:52.475  9166 10457 V [SUI] RawSettingsItem: valueFetcher is empty for id: livestream_youtube_chat
12-31 11:04:52.475  9166 10457 V [SUI] RawSettingsItem: editableFetcher is empty for id: livestream_youtube_chat
12-31 11:04:52.475 10183 10365 I xrstreaming: Constructing buffer 13
12-31 11:04:52.475  9166 10457 V [SUI] RawSettingsItem: valueFetcher is empty for id: bluetooth_device_details_connection_state
12-31 11:04:52.475  9166 10457 V [SUI] RawSettingsItem: editableFetcher is empty for id: bluetooth_device_details_connection_state
12-31 11:04:52.475  9166 10457 V [SUI] RawSettingsItem: valueFetcher is empty for id: unlock_pin_q4b
12-31 11:04:52.475  9166 10457 V [SUI] RawSettingsItem: editableFetcher is empty for id: unlock_pin_q4b
12-31 11:04:52.476 10183 10362 I AdrenoVK-0: Unknown struct with type 0x0 provided to vkCreateImageView
12-31 11:04:52.476 10183 10362 I xrstreaming: Constructing buffer 14
12-31 11:04:52.476 10183 10375 I AdrenoVK-0: Unknown struct with type 0x0 provided to vkCreateImageView
12-31 11:04:52.476 10183 10375 I xrstreaming: Constructing buffer 15
12-31 11:04:52.477 10183 10370 I AdrenoVK-0: Unknown struct with type 0x0 provided to vkCreateImageView
12-31 11:04:52.477 10183 10370 I xrstreaming: Constructing buffer 14
12-31 11:04:52.479 10183 10365 I AdrenoVK-0: Unknown struct with type 0x0 provided to vkCreateImageView
12-31 11:04:52.479 10183 10365 I xrstreaming: Constructing buffer 14
12-31 11:04:52.480 10183 10375 I AdrenoVK-0: Unknown struct with type 0x0 provided to vkCreateImageView
12-31 11:04:52.480 10183 10375 I xrstreaming: Constructing buffer 16
12-31 11:04:52.480  9166 10457 V [SUI] RawSettingsItem: valueFetcher is empty for id: mtp_dialog_toggle
12-31 11:04:52.480  9166 10457 V [SUI] RawSettingsItem: editableFetcher is empty for id: mtp_dialog_toggle
12-31 11:04:52.481  9166 10457 V [SUI] RawSettingsItem: visibilityFetcher is empty for id: passthrough_section
12-31 11:04:52.481  9166 10457 V [SUI] RawSettingsItem: valueFetcher is empty for id: passthrough_section
12-31 11:04:52.481  9166 10457 V [SUI] RawSettingsItem: editableFetcher is empty for id: passthrough_section
12-31 11:04:52.481  9166 10457 V [SUI] RawSettingsItem: valueFetcher is empty for id: environment_location_selector
12-31 11:04:52.481  9166 10457 V [SUI] RawSettingsItem: editableFetcher is empty for id: environment_location_selector
12-31 11:04:52.481 10183 10362 I AdrenoVK-0: Unknown struct with type 0x0 provided to vkCreateImageView
12-31 11:04:52.481 10183 10362 I xrstreaming: Constructing buffer 15
12-31 11:04:52.482 10183 10370 I AdrenoVK-0: Unknown struct with type 0x0 provided to vkCreateImageView
12-31 11:04:52.482 10183 10370 I xrstreaming: Constructing buffer 15
12-31 11:04:52.482  9166 10457 V [SUI] RawSettingsItem: visibilityFetcher is empty for id: installed_apps
12-31 11:04:52.482  9166 10457 V [SUI] RawSettingsItem: valueFetcher is empty for id: installed_apps
12-31 11:04:52.482  9166 10457 V [SUI] RawSettingsItem: editableFetcher is empty for id: installed_apps
12-31 11:04:52.482  9166 10457 V [SUI] RawSettingsItem: visibilityFetcher is empty for id: sound_do_not_disturb
12-31 11:04:52.482 10183 10359 I AdrenoVK-0: Unknown struct with type 0x0 provided to vkCreateImageView
12-31 11:04:52.482 10183 10359 I xrstreaming: Constructing buffer 10
12-31 11:04:52.482  9166 10457 V [SUI] RawSettingsItem: editableFetcher is empty for id: sound_do_not_disturb
12-31 11:04:52.483  9166 10457 V [SUI] RawSettingsItem: valueFetcher is empty for id: voice_transcripts_storage
12-31 11:04:52.483 10183 10365 I AdrenoVK-0: Unknown struct with type 0x0 provided to vkCreateImageView
12-31 11:04:52.483  9166 10457 V [SUI] RawSettingsItem: editableFetcher is empty for id: voice_transcripts_storage
12-31 11:04:52.483 10183 10365 I xrstreaming: Constructing buffer 15
12-31 11:04:52.483  9166 10457 V [SUI] RawSettingsItem: valueFetcher is empty for id: vrs_rewind_toggle
12-31 11:04:52.483  9166 10457 V [SUI] RawSettingsItem: editableFetcher is empty for id: vrs_rewind_toggle
12-31 11:04:52.483  9166 10457 V [SUI] RawSettingsItem: editableFetcher is empty for id: backlight_rolloff
12-31 11:04:52.483  9166 10457 V [SUI] RawSettingsItem: visibilityFetcher is empty for id: caption_text_size
12-31 11:04:52.483  9166 10457 V [SUI] RawSettingsItem: valueFetcher is empty for id: caption_text_size
12-31 11:04:52.483  9166 10457 V [SUI] RawSettingsItem: editableFetcher is empty for id: caption_text_size
12-31 11:04:52.483  9166 10457 V [SUI] RawSettingsItem: visibilityFetcher is empty for id: exp_mouse_swap_primary_btn
12-31 11:04:52.483  9166 10457 V [SUI] RawSettingsItem: valueFetcher is empty for id: exp_mouse_swap_primary_btn
12-31 11:04:52.483  9166 10457 V [SUI] RawSettingsItem: editableFetcher is empty for id: exp_mouse_swap_primary_btn
12-31 11:04:52.484  9166 10457 V [SUI] RawSettingsItem: valueFetcher is empty for id: wifi_captive_portal
12-31 11:04:52.484  9166 10457 V [SUI] RawSettingsItem: editableFetcher is empty for id: wifi_captive_portal
12-31 11:04:52.484  9166 10457 V [SUI] RawSettingsItem: visibilityFetcher is empty for id: quest_link
12-31 11:04:52.484  9166 10457 V [SUI] RawSettingsItem: valueFetcher is empty for id: quest_link
12-31 11:04:52.484  9166 10457 V [SUI] RawSettingsItem: editableFetcher is empty for id: quest_link
12-31 11:04:52.484  9166 10457 V [SUI] RawSettingsItem: valueFetcher is empty for id: environment_furniture_selector
12-31 11:04:52.484  9166 10457 V [SUI] RawSettingsItem: editableFetcher is empty for id: environment_furniture_selector
12-31 11:04:52.484  9166 10457 V [SUI] RawSettingsItem: valueFetcher is empty for id: objects_furniture_new_room
12-31 11:04:52.484  9166 10457 V [SUI] RawSettingsItem: editableFetcher is empty for id: objects_furniture_new_room
12-31 11:04:52.484  9166 10457 V [SUI] RawSettingsItem: valueFetcher is empty for id: controllers_swap_thumbsticks
12-31 11:04:52.484  9166 10457 V [SUI] RawSettingsItem: editableFetcher is empty for id: controllers_swap_thumbsticks
12-31 11:04:52.484  9166 10457 V [SUI] RawSettingsItem: valueFetcher is empty for id: hands_hand_controller_emulation_user_preference
12-31 11:04:52.484  9166 10457 V [SUI] RawSettingsItem: editableFetcher is empty for id: hands_hand_controller_emulation_user_preference
12-31 11:04:52.484  9166 10457 V [SUI] RawSettingsItem: visibilityFetcher is empty for id: keyboard_autocorrect
12-31 11:04:52.484  9166 10457 V [SUI] RawSettingsItem: valueFetcher is empty for id: keyboard_autocorrect
12-31 11:04:52.484  9166 10457 V [SUI] RawSettingsItem: editableFetcher is empty for id: keyboard_autocorrect
12-31 11:04:52.485 10183 10362 I AdrenoVK-0: Unknown struct with type 0x0 provided to vkCreateImageView
12-31 11:04:52.485 10183 10362 I xrstreaming: Constructing buffer 16
12-31 11:04:52.486 10183 10375 I AdrenoVK-0: Unknown struct with type 0x0 provided to vkCreateImageView
12-31 11:04:52.486 10183 10375 I xrstreaming: Constructing buffer 17
12-31 11:04:52.487 10183 10365 I AdrenoVK-0: Unknown struct with type 0x0 provided to vkCreateImageView
12-31 11:04:52.488 10183 10365 I xrstreaming: Constructing buffer 16
12-31 11:04:52.488 10183 10370 I AdrenoVK-0: Unknown struct with type 0x0 provided to vkCreateImageView
12-31 11:04:52.488 10183 10370 I xrstreaming: Constructing buffer 16
12-31 11:04:52.488  3180 23745 E AnalyticsEvent: could not set key=selection_args value=null
12-31 11:04:52.488  3180 23745 D CapabilitiesProvider: Capabilities Content Provider called content://com.oculus.identitymanagement.capabilities.contentprovider/account/activeuser/capabilities/com.oculus.capability.social.all, selection= null, selectionArgs=null, sortOrder= null
12-31 11:04:52.490 10183 10359 I AdrenoVK-0: Unknown struct with type 0x0 provided to vkCreateImageView
12-31 11:04:52.490 10183 10359 I xrstreaming: Constructing buffer 11
12-31 11:04:52.491 10183 10362 I AdrenoVK-0: Unknown struct with type 0x0 provided to vkCreateImageView
12-31 11:04:52.491 10183 10362 I xrstreaming: Constructing buffer 17
12-31 11:04:52.492 10183 10365 I AdrenoVK-0: Unknown struct with type 0x0 provided to vkCreateImageView
12-31 11:04:52.492 10183 10365 I xrstreaming: Constructing buffer 17
12-31 11:04:52.494 10183 10375 I AdrenoVK-0: Unknown struct with type 0x0 provided to vkCreateImageView
12-31 11:04:52.494 10183 10375 I xrstreaming: Constructing buffer 18
12-31 11:04:52.495 10183 10359 I AdrenoVK-0: Unknown struct with type 0x0 provided to vkCreateImageView
12-31 11:04:52.495 10183 10359 I xrstreaming: Constructing buffer 12
12-31 11:04:52.495  3125  3169 I GuardianCollisionTracker: Guardian Controller Collision: Magnitude: 8.751, Duration: -1.000 sec, TimeStamp: 106555.515625 sec
12-31 11:04:52.496 10183 10362 I AdrenoVK-0: Unknown struct with type 0x0 provided to vkCreateImageView
12-31 11:04:52.496 10183 10362 I xrstreaming: Constructing buffer 18
12-31 11:04:52.498 10183 10370 I AdrenoVK-0: Unknown struct with type 0x0 provided to vkCreateImageView
12-31 11:04:52.498 10183 10370 I xrstreaming: Constructing buffer 17
12-31 11:04:52.499 10183 10365 I AdrenoVK-0: Unknown struct with type 0x0 provided to vkCreateImageView
12-31 11:04:52.499 10183 10365 I xrstreaming: Constructing buffer 18
12-31 11:04:52.500 10183 10362 I AdrenoVK-0: Unknown struct with type 0x0 provided to vkCreateImageView
12-31 11:04:52.500 10183 10362 I xrstreaming: Constructing buffer 19
12-31 11:04:52.501 10183 10359 I AdrenoVK-0: Unknown struct with type 0x0 provided to vkCreateImageView
12-31 11:04:52.501 10183 10359 I xrstreaming: Constructing buffer 13
12-31 11:04:52.502  2732  3056 I PerformanceManager_ZSF: perfmgr: SetClockLevels: Apply pending clock request change: 3,4 -> 4,4
12-31 11:04:52.503  2732  3051 I Clocks  : LockClocks( cpu=5, gpu=4 ) - start
12-31 11:04:52.503 10183 10375 I AdrenoVK-0: Unknown struct with type 0x0 provided to vkCreateImageView
12-31 11:04:52.503 10183 10375 I xrstreaming: Constructing buffer 19
12-31 11:04:52.503  9166 10457 I [SUI] ConsumerConfiguration: Setting SystemUX Configuration and Policy Settings.
12-31 11:04:52.503  9166 10457 D [SUI] SettingsSectionUtil: Should Show Voice Commands Section SystemUXConfig is Voice Command UI Enabled: false
12-31 11:04:52.504  9166 10457 V [SUI] RawSettingsItem: visibilityFetcher is empty for id: os_version
12-31 11:04:52.504  9166 10457 V [SUI] RawSettingsItem: valueFetcher is empty for id: os_version
12-31 11:04:52.504  9166 10457 V [SUI] RawSettingsItem: editableFetcher is empty for id: os_version
12-31 11:04:52.504  9166 10457 V [SUI] RawSettingsItem: visibilityFetcher is empty for id: tracking_frequency
12-31 11:04:52.504  9166 10457 V [SUI] RawSettingsItem: valueFetcher is empty for id: tracking_frequency
12-31 11:04:52.504  9166 10457 V [SUI] RawSettingsItem: editableFetcher is empty for id: tracking_frequency
12-31 11:04:52.505  9166 10457 V [SUI] RawSettingsItem: valueFetcher is empty for id: accessibility_text_to_speech_enabled
12-31 11:04:52.507  2732  3051 I Clocks  : CPU levels [0, 8]
12-31 11:04:52.507  2732  3051 I Clocks  : GPU levels [0, 7]
12-31 11:04:52.505  9166 10457 V [SUI] RawSettingsItem: editableFetcher is empty for id: accessibility_text_to_speech_enabled
12-31 11:04:52.507  9166 10457 V [SUI] RawSettingsItem: visibilityFetcher is empty for id: system_display_section
12-31 11:04:52.507  9166 10457 V [SUI] RawSettingsItem: valueFetcher is empty for id: system_display_section
12-31 11:04:52.507  9166 10457 V [SUI] RawSettingsItem: editableFetcher is empty for id: system_display_section
12-31 11:04:52.508  9166 10457 V [SUI] RawSettingsItem: visibilityFetcher is empty for id: pairing_code
12-31 11:04:52.508  9166 10457 V [SUI] RawSettingsItem: valueFetcher is empty for id: pairing_code
12-31 11:04:52.508  9166 10457 V [SUI] RawSettingsItem: editableFetcher is empty for id: pairing_code
12-31 11:04:52.508  9166 10457 V [SUI] RawSettingsItem: visibilityFetcher is empty for id: do_not_disturb
12-31 11:04:52.508  9166 10457 V [SUI] RawSettingsItem: valueFetcher is empty for id: do_not_disturb
12-31 11:04:52.509  9166 10457 V [SUI] RawSettingsItem: editableFetcher is empty for id: do_not_disturb
12-31 11:04:52.510  9166 10457 V [SUI] RawSettingsItem: visibilityFetcher is empty for id: accessibility_captioning_enabled
12-31 11:04:52.510  9166 10457 V [SUI] RawSettingsItem: valueFetcher is empty for id: accessibility_captioning_enabled
12-31 11:04:52.510  9166 10457 V [SUI] RawSettingsItem: editableFetcher is empty for id: accessibility_captioning_enabled
12-31 11:04:52.510  9166 10457 V [SUI] RawSettingsItem: valueFetcher is empty for id: low_power_mode
12-31 11:04:52.511  9166 10457 V [SUI] RawSettingsItem: editableFetcher is empty for id: low_power_mode
12-31 11:04:52.511  9166 10457 V [SUI] RawSettingsItem: visibilityFetcher is empty for id: color_correction
12-31 11:04:52.511  9166 10457 V [SUI] RawSettingsItem: valueFetcher is empty for id: color_correction
12-31 11:04:52.511  9166 10457 V [SUI] RawSettingsItem: editableFetcher is empty for id: color_correction
12-31 11:04:52.514  2732  3051 I Clocks  : LockClocks( cpu=5, gpu=4 ) - end (11.2 ms)
