12-29 03:12:50.678   799  1043 W SyncBossHAL: [warning] syncboss_hal_data_handlers.c(149): s:0 Long processing time detected for streaming packet type 146 (1147us)
12-29 03:13:00.187     0     0 W healthd : battery l=100 v=4382 t=24.5 h=2 st=5 c=488 fc=3749000 cc=3 chg=u
12-29 03:13:00.208     0     0 W healthd : battery l=100 v=4382 t=24.5 h=2 st=5 c=488 fc=3749000 cc=3 chg=u
12-29 03:13:00.818     0     0 W healthd : battery l=100 v=4381 t=24.5 h=2 st=5 c=-66406 fc=3749000 cc=3 chg=u
12-29 03:13:08.976     0     0 W healthd : battery l=100 v=4382 t=24.5 h=2 st=5 c=0 fc=3749000 cc=3 chg=u
12-29 03:13:10.197     0     0 W healthd : battery l=100 v=4382 t=24.5 h=2 st=5 c=488 fc=3749000 cc=3 chg=u
12-29 03:13:17.130     0     0 W healthd : battery l=100 v=4381 t=24.5 h=2 st=5 c=488 fc=3749000 cc=3 chg=u
12-29 03:13:20.207     0     0 W healthd : battery l=100 v=4381 t=24.5 h=2 st=5 c=0 fc=3749000 cc=3 chg=u
12-29 03:13:25.278     0     0 W healthd : battery l=100 v=4381 t=24.5 h=2 st=5 c=488 fc=3749000 cc=3 chg=u
12-29 03:13:30.232     0     0 W healthd : battery l=100 v=4382 t=24.5 h=2 st=5 c=488 fc=3749000 cc=3 chg=u
12-29 03:13:33.442     0     0 W healthd : battery l=100 v=4381 t=24.5 h=2 st=5 c=976 fc=3749000 cc=3 chg=u
12-29 03:13:39.960     0     0 W healthd : battery l=100 v=4382 t=24.5 h=2 st=5 c=488 fc=3749000 cc=3 chg=u
12-29 03:13:40.233     0     0 W healthd : battery l=100 v=4382 t=24.5 h=2 st=5 c=0 fc=3749000 cc=3 chg=u
12-29 03:13:41.591     0     0 W healthd : battery l=100 v=4382 t=24.5 h=2 st=5 c=488 fc=3749000 cc=3 chg=u
12-29 03:13:49.743     0     0 W healthd : battery l=100 v=4382 t=24.5 h=2 st=5 c=0 fc=3749000 cc=3 chg=u
12-29 03:13:50.239     0     0 W healthd : battery l=100 v=4382 t=24.5 h=2 st=5 c=488 fc=3749000 cc=3 chg=u
12-29 03:13:50.771     0     0 W healthd : battery l=100 v=4382 t=24.5 h=2 st=5 c=488 fc=3749000 cc=3 chg=u
12-29 03:13:57.898     0     0 W healthd : battery l=100 v=4381 t=24.5 h=2 st=5 c=0 fc=3749000 cc=3 chg=u
12-29 03:14:00.249     0     0 W healthd : battery l=100 v=4382 t=24.5 h=2 st=5 c=976 fc=3749000 cc=3 chg=u
12-29 03:14:06.066     0     0 W healthd : battery l=100 v=4382 t=24.5 h=2 st=5 c=0 fc=3749000 cc=3 chg=u
12-29 03:14:10.258     0     0 W healthd : battery l=100 v=4381 t=24.5 h=2 st=5 c=-66406 fc=3749000 cc=3 chg=u
12-29 03:14:14.207     0     0 W healthd : battery l=100 v=4381 t=24.5 h=2 st=5 c=-66406 fc=3749000 cc=3 chg=u
12-29 03:14:20.269     0     0 W healthd : battery l=100 v=4381 t=24.5 h=2 st=5 c=488 fc=3749000 cc=3 chg=u
12-29 03:14:22.366     0     0 W healthd : battery l=100 v=4382 t=24.5 h=2 st=5 c=0 fc=3749000 cc=3 chg=u
12-29 03:14:30.279     0     0 W healthd : battery l=100 v=4382 t=24.5 h=2 st=5 c=488 fc=3749000 cc=3 chg=u
12-29 03:14:30.516     0     0 W healthd : battery l=100 v=4382 t=24.5 h=2 st=5 c=488 fc=3749000 cc=3 chg=u
12-29 03:14:38.669     0     0 W healthd : battery l=100 v=4381 t=24.5 h=2 st=5 c=976 fc=3749000 cc=3 chg=u
12-29 03:14:40.295     0     0 W healthd : battery l=100 v=4381 t=24.5 h=2 st=5 c=-66406 fc=3749000 cc=3 chg=u
12-29 03:14:46.824     0     0 W healthd : battery l=100 v=4381 t=24.5 h=2 st=5 c=976 fc=3749000 cc=3 chg=u
12-29 03:14:50.299     0     0 W healthd : battery l=100 v=4381 t=24.5 h=2 st=5 c=0 fc=3749000 cc=3 chg=u
12-29 03:14:50.682   799  1043 W SyncBossHAL: [warning] syncboss_hal_data_handlers.c(149): s:0 Long processing time detected for streaming packet type 146 (1375us)
12-29 03:14:54.973     0     0 W healthd : battery l=100 v=4382 t=24.5 h=2 st=5 c=0 fc=3749000 cc=3 chg=u
12-29 03:14:59.408  1169  1169 I JobServiceContext: Stopping client after min execution time: ceedcfc #u0a11/1828726846 com.oculus.ocms/.cloudprofiles.CloudProfilesUploadJobService because blocking BG queue
12-29 03:14:59.414  1169  1350 W ProcessStats: Tracking association SourceState{96c265c com.oculus.vrshell:TheaterScreen/10025 Fgs #22767} whose proc state 3 is better than process ProcessState{5c38eef com.oculus.vrshell/10025 pkg=com.oculus.vrshell} proc state 13 (1 skipped)
12-29 03:14:59.680  1169  1350 D IntervalStats: Unable to parse usage stats packages: [116, 120, 125, 129, 148, 161, 162, 163, 164, 174]
12-29 03:15:00.310     0     0 W healthd : battery l=100 v=4382 t=24.5 h=2 st=5 c=488 fc=3749000 cc=3 chg=u
12-29 03:15:00.571     0     0 W healthd : battery l=100 v=4382 t=24.5 h=2 st=5 c=488 fc=3749000 cc=3 chg=u
12-29 03:15:03.126     0     0 W healthd : battery l=100 v=4381 t=24.5 h=2 st=5 c=488 fc=3749000 cc=3 chg=u
12-29 03:15:04.775  1169 22365 I ActivityManager: Killing 13074:android.process.media/u0a6 (adj 995): empty for 2728s
12-29 03:15:09.435  1169  1260 W ProcessStats: Tracking association SourceState{96c265c com.oculus.vrshell:TheaterScreen/10025 Fgs #22802} whose proc state 3 is better than process ProcessState{5c38eef com.oculus.vrshell/10025 pkg=com.oculus.vrshell} proc state 13 (33 skipped)
12-29 03:15:10.321     0     0 W healthd : battery l=100 v=4382 t=24.5 h=2 st=5 c=976 fc=3749000 cc=3 chg=u
12-29 03:15:11.284     0     0 W healthd : battery l=100 v=4382 t=24.5 h=2 st=5 c=488 fc=3749000 cc=3 chg=u
12-29 03:15:18.704     0     0 E FG      : fg_psy_get_property: unsupported property 8
12-29 03:15:19.437     0     0 W healthd : battery l=100 v=4382 t=24.5 h=2 st=5 c=-66406 fc=3749000 cc=3 chg=u
12-29 03:15:20.330     0     0 W healthd : battery l=100 v=4381 t=24.5 h=2 st=5 c=488 fc=3749000 cc=3 chg=u
12-29 03:15:27.595     0     0 W healthd : battery l=100 v=4381 t=24.5 h=2 st=5 c=-66406 fc=3749000 cc=3 chg=u
12-29 03:15:30.352     0     0 W healthd : battery l=100 v=4382 t=24.5 h=2 st=5 c=0 fc=3749000 cc=3 chg=u
12-29 03:15:35.745     0     0 W healthd : battery l=100 v=4382 t=24.5 h=2 st=5 c=488 fc=3749000 cc=3 chg=u
12-29 03:15:40.351     0     0 W healthd : battery l=100 v=4381 t=24.5 h=2 st=5 c=-66406 fc=3749000 cc=3 chg=u
12-29 03:15:43.899     0     0 W healthd : battery l=100 v=4381 t=24.5 h=2 st=5 c=488 fc=3749000 cc=3 chg=u
12-29 03:15:50.361     0     0 W healthd : battery l=100 v=4381 t=24.5 h=2 st=5 c=-66406 fc=3749000 cc=3 chg=u
12-29 03:15:50.430     0     0 W healthd : battery l=100 v=4381 t=24.5 h=2 st=5 c=-66406 fc=3749000 cc=3 chg=u
12-29 03:15:50.684   799  1043 W SyncBossHAL: [warning] syncboss_hal_data_handlers.c(149): s:0 Long processing time detected for streaming packet type 146 (1171us)
12-29 03:15:50.772     0     0 W healthd : battery l=100 v=4382 t=24.5 h=2 st=5 c=488 fc=3749000 cc=3 chg=u
12-29 03:15:52.053     0     0 W healthd : battery l=100 v=4381 t=24.5 h=2 st=5 c=488 fc=3749000 cc=3 chg=u
12-29 03:16:00.207     0     0 W healthd : battery l=100 v=4381 t=24.5 h=2 st=5 c=488 fc=3749000 cc=3 chg=u
12-29 03:16:00.370     0     0 W healthd : battery l=100 v=4381 t=24.5 h=2 st=5 c=488 fc=3749000 cc=3 chg=u
12-29 03:16:10.376     0     0 W healthd : battery l=100 v=4381 t=24.5 h=2 st=5 c=-66406 fc=3749000 cc=3 chg=u
12-29 03:16:10.385     0     0 W healthd : battery l=100 v=4381 t=24.5 h=2 st=5 c=-66406 fc=3749000 cc=3 chg=u
12-29 03:16:10.391     0     0 W healthd : battery l=100 v=4381 t=24.5 h=2 st=5 c=-66406 fc=3749000 cc=3 chg=u
12-29 03:16:16.512     0     0 W healthd : battery l=100 v=4382 t=24.5 h=2 st=5 c=488 fc=3749000 cc=3 chg=u
12-29 03:16:20.385     0     0 W healthd : battery l=100 v=4381 t=24.5 h=2 st=5 c=0 fc=3749000 cc=3 chg=u
12-29 03:16:24.675     0     0 W healthd : battery l=100 v=4382 t=24.5 h=2 st=5 c=488 fc=3749000 cc=3 chg=u
12-29 03:16:30.401     0     0 W healthd : battery l=100 v=4381 t=24.5 h=2 st=5 c=488 fc=3749000 cc=3 chg=u
12-29 03:16:32.821     0     0 W healthd : battery l=100 v=4381 t=24.5 h=2 st=5 c=488 fc=3749000 cc=3 chg=u
12-29 03:16:40.412     0     0 W healthd : battery l=100 v=4382 t=24.5 h=2 st=5 c=488 fc=3749000 cc=3 chg=u
12-29 03:16:40.973     0     0 W healthd : battery l=100 v=4382 t=24.5 h=2 st=5 c=488 fc=3749000 cc=3 chg=u
12-29 03:16:49.138     0     0 W healthd : battery l=100 v=4382 t=24.5 h=2 st=5 c=0 fc=3749000 cc=3 chg=u
12-29 03:16:50.421     0     0 W healthd : battery l=100 v=4382 t=24.5 h=2 st=5 c=976 fc=3749000 cc=3 chg=u
12-29 03:16:50.686   799  1043 W SyncBossHAL: [warning] syncboss_hal_data_handlers.c(149): s:0 Long processing time detected for streaming packet type 146 (1136us)
12-29 03:16:57.283     0     0 W healthd : battery l=100 v=4381 t=24.5 h=2 st=5 c=0 fc=3749000 cc=3 chg=u
12-29 03:17:00.431     0     0 W healthd : battery l=100 v=4381 t=24.5 h=2 st=5 c=488 fc=3749000 cc=3 chg=u
12-29 03:17:05.435     0     0 W healthd : battery l=100 v=4382 t=24.5 h=2 st=5 c=0 fc=3749000 cc=3 chg=u
12-29 03:17:10.447     0     0 W healthd : battery l=100 v=4382 t=24.5 h=2 st=5 c=488 fc=3749000 cc=3 chg=u
12-29 03:17:13.592     0     0 W healthd : battery l=100 v=4381 t=24.5 h=2 st=5 c=0 fc=3749000 cc=3 chg=u
12-29 03:17:20.452     0     0 W healthd : battery l=100 v=4382 t=24.5 h=2 st=5 c=976 fc=3749000 cc=3 chg=u
12-29 03:17:21.746     0     0 W healthd : battery l=100 v=4381 t=24.5 h=2 st=5 c=0 fc=3749000 cc=3 chg=u
12-29 03:17:29.901     0     0 W healthd : battery l=100 v=4381 t=24.5 h=2 st=5 c=0 fc=3749000 cc=3 chg=u
12-29 03:17:30.460     0     0 W healthd : battery l=100 v=4381 t=24.5 h=2 st=5 c=488 fc=3749000 cc=3 chg=u
12-29 03:17:38.052     0     0 W healthd : battery l=100 v=4382 t=24.5 h=2 st=5 c=488 fc=3749000 cc=3 chg=u
12-29 03:17:40.477     0     0 W healthd : battery l=100 v=4382 t=24.5 h=2 st=5 c=488 fc=3749000 cc=3 chg=u
12-29 03:17:46.207     0     0 W healthd : battery l=100 v=4381 t=24.5 h=2 st=5 c=488 fc=3749000 cc=3 chg=u
12-29 03:17:50.483     0     0 W healthd : battery l=100 v=4381 t=24.5 h=2 st=5 c=976 fc=3749000 cc=3 chg=u
12-29 03:17:50.687   799  1043 W SyncBossHAL: [warning] syncboss_hal_data_handlers.c(149): s:0 Long processing time detected for streaming packet type 146 (1163us)
12-29 03:17:50.771     0     0 W healthd : battery l=100 v=4381 t=24.5 h=2 st=5 c=976 fc=3749000 cc=3 chg=u
12-29 03:17:54.354     0     0 W healthd : battery l=100 v=4382 t=24.5 h=2 st=5 c=976 fc=3749000 cc=3 chg=u
12-29 03:18:00.493     0     0 W healthd : battery l=100 v=4382 t=24.5 h=2 st=5 c=0 fc=3749000 cc=3 chg=u
12-29 03:18:00.883     0     0 W healthd : battery l=100 v=4382 t=24.5 h=2 st=5 c=0 fc=3749000 cc=3 chg=u
12-29 03:18:02.518     0     0 W healthd : battery l=100 v=4381 t=24.5 h=2 st=5 c=488 fc=3749000 cc=3 chg=u
12-29 03:18:10.500     0     0 W healthd : battery l=100 v=4381 t=24.5 h=2 st=5 c=488 fc=3749000 cc=3 chg=u
12-29 03:18:10.659     0     0 W healthd : battery l=100 v=4381 t=24.5 h=2 st=5 c=488 fc=3749000 cc=3 chg=u
12-29 03:18:18.819     0     0 W healthd : battery l=100 v=4382 t=24.5 h=2 st=5 c=976 fc=3749000 cc=3 chg=u
12-29 03:18:20.513     0     0 W healthd : battery l=100 v=4381 t=24.5 h=2 st=5 c=0 fc=3749000 cc=3 chg=u
12-29 03:18:26.969     0     0 W healthd : battery l=100 v=4381 t=24.5 h=2 st=5 c=0 fc=3749000 cc=3 chg=u
12-29 03:18:30.523     0     0 W healthd : battery l=100 v=4381 t=24.5 h=2 st=5 c=488 fc=3749000 cc=3 chg=u
12-29 03:18:35.120     0     0 W healthd : battery l=100 v=4382 t=24.5 h=2 st=5 c=488 fc=3749000 cc=3 chg=u
12-29 03:18:40.530     0     0 W healthd : battery l=100 v=4382 t=24.5 h=2 st=5 c=488 fc=3749000 cc=3 chg=u
12-29 03:18:43.276     0     0 W healthd : battery l=100 v=4381 t=24.5 h=2 st=5 c=-66406 fc=3749000 cc=3 chg=u
12-29 03:18:48.124     0     0 W healthd : battery l=100 v=4382 t=24.5 h=2 st=5 c=-66406 fc=3749000 cc=3 chg=u
12-29 03:18:50.545     0     0 W healthd : battery l=100 v=4382 t=24.5 h=2 st=5 c=976 fc=3749000 cc=3 chg=u
12-29 03:18:51.430     0     0 W healthd : battery l=100 v=4381 t=24.5 h=2 st=5 c=976 fc=3749000 cc=3 chg=u
12-29 03:18:59.584     0     0 W healthd : battery l=100 v=4382 t=24.5 h=2 st=5 c=488 fc=3749000 cc=3 chg=u
12-29 03:19:00.554     0     0 W healthd : battery l=100 v=4382 t=24.5 h=2 st=5 c=488 fc=3749000 cc=3 chg=u
12-29 03:19:07.738     0     0 W healthd : battery l=100 v=4382 t=24.5 h=2 st=5 c=0 fc=3749000 cc=3 chg=u
12-29 03:19:10.565     0     0 W healthd : battery l=100 v=4381 t=24.5 h=2 st=5 c=488 fc=3749000 cc=3 chg=u
12-29 03:19:15.891     0     0 W healthd : battery l=100 v=4381 t=24.5 h=2 st=5 c=976 fc=3749000 cc=3 chg=u
12-29 03:19:20.583     0     0 W healthd : battery l=100 v=4382 t=24.5 h=2 st=5 c=0 fc=3749000 cc=3 chg=u
12-29 03:19:24.046     0     0 W healthd : battery l=100 v=4381 t=24.5 h=2 st=5 c=488 fc=3749000 cc=3 chg=u
12-29 03:19:30.586     0     0 W healthd : battery l=100 v=4381 t=24.5 h=2 st=5 c=0 fc=3749000 cc=3 chg=u
12-29 03:19:32.200     0     0 W healthd : battery l=100 v=4382 t=24.5 h=2 st=5 c=488 fc=3749000 cc=3 chg=u
12-29 03:19:40.349     0     0 W healthd : battery l=100 v=4381 t=24.5 h=2 st=5 c=488 fc=3749000 cc=3 chg=u
12-29 03:19:40.593     0     0 W healthd : battery l=100 v=4381 t=24.5 h=2 st=5 c=0 fc=3749000 cc=3 chg=u
12-29 03:19:48.503     0     0 W healthd : battery l=100 v=4381 t=24.5 h=2 st=5 c=-66406 fc=3749000 cc=3 chg=u
12-29 03:19:50.606     0     0 W healthd : battery l=100 v=4382 t=24.5 h=2 st=5 c=976 fc=3749000 cc=3 chg=u
12-29 03:19:50.690   799  1043 W SyncBossHAL: [warning] syncboss_hal_data_handlers.c(149): s:0 Long processing time detected for streaming packet type 146 (1098us)
12-29 03:19:50.772     0     0 W healthd : battery l=100 v=4382 t=24.5 h=2 st=5 c=976 fc=3749000 cc=3 chg=u
12-29 03:19:56.660     0     0 W healthd : battery l=100 v=4382 t=24.5 h=2 st=5 c=488 fc=3749000 cc=3 chg=u
12-29 03:19:59.435  1169  1195 W ProcessStats: Tracking association SourceState{96c265c com.oculus.vrshell:TheaterScreen/10025 Fgs #22822} whose proc state 3 is better than process ProcessState{5c38eef com.oculus.vrshell/10025 pkg=com.oculus.vrshell} proc state 13 (1 skipped)
12-29 03:20:00.516  1169  1169 I JobServiceContext: Stopping client after min execution time: 1eed8c7 #u0a64/3142 com.oculus.socialplatform/androidx.work.impl.background.systemjob.SystemJobService because blocking BG queue
12-29 03:20:00.610     0     0 W healthd : battery l=100 v=4382 t=24.5 h=2 st=5 c=0 fc=3749000 cc=3 chg=u
12-29 03:20:01.582  1169  1169 I Telecom : DefaultDialerCache: Refreshing default dialer for user 0: now null: DDC.oR@AGc
12-29 03:20:01.596  1169  1194 W VoiceInteractionManager: no available voice recognition services found for user 0
12-29 03:20:04.816     0     0 W healthd : battery l=100 v=4381 t=24.5 h=2 st=5 c=0 fc=3749000 cc=3 chg=u
12-29 03:20:05.379     0     0 W healthd : battery l=100 v=4382 t=24.2 h=2 st=5 c=488 fc=3749000 cc=3 chg=u
12-29 03:20:09.451  1169  1260 W ProcessStats: Tracking association SourceState{96c265c com.oculus.vrshell:TheaterScreen/10025 Fgs #22886} whose proc state 3 is better than process ProcessState{5c38eef com.oculus.vrshell/10025 pkg=com.oculus.vrshell} proc state 13 (61 skipped)
12-29 03:20:10.626     0     0 W healthd : battery l=100 v=4381 t=24.2 h=2 st=5 c=488 fc=3749000 cc=3 chg=u
12-29 03:20:11.346     0     0 W healthd : battery l=100 v=4381 t=24.2 h=2 st=5 c=488 fc=3749000 cc=3 chg=u
12-29 03:20:12.964     0     0 W healthd : battery l=100 v=4381 t=24.2 h=2 st=5 c=-66406 fc=3749000 cc=3 chg=u
12-29 03:20:14.336     0     0 W healthd : battery l=100 v=4381 t=24.5 h=2 st=5 c=488 fc=3749000 cc=3 chg=u
12-29 03:20:18.704     0     0 E FG      : fg_psy_get_property: unsupported property 8
12-29 03:20:20.638     0     0 W healthd : battery l=100 v=4381 t=24.5 h=2 st=5 c=488 fc=3749000 cc=3 chg=u
12-29 03:20:21.120     0     0 W healthd : battery l=100 v=4381 t=24.5 h=2 st=5 c=488 fc=3749000 cc=3 chg=u
12-29 03:20:29.271     0     0 W healthd : battery l=100 v=4381 t=24.5 h=2 st=5 c=-66406 fc=3749000 cc=3 chg=u
12-29 03:20:29.450     0     0 W healthd : battery l=100 v=4381 t=24.5 h=2 st=5 c=-66406 fc=3749000 cc=3 chg=u
12-29 03:20:30.644     0     0 W healthd : battery l=100 v=4381 t=24.5 h=2 st=5 c=488 fc=3749000 cc=3 chg=u
12-29 03:20:37.421     0     0 W healthd : battery l=100 v=4381 t=24.2 h=2 st=5 c=0 fc=3749000 cc=3 chg=u
12-29 03:20:40.655     0     0 W healthd : battery l=100 v=4381 t=24.2 h=2 st=5 c=488 fc=3749000 cc=3 chg=u
12-29 03:20:45.575     0     0 W healthd : battery l=100 v=4382 t=24.2 h=2 st=5 c=488 fc=3749000 cc=3 chg=u
12-29 03:20:50.666     0     0 W healthd : battery l=100 v=4381 t=24.2 h=2 st=5 c=0 fc=3749000 cc=3 chg=u
12-29 03:20:53.726     0     0 W healthd : battery l=100 v=4381 t=24.2 h=2 st=5 c=0 fc=3749000 cc=3 chg=u
12-29 03:21:00.675     0     0 W healthd : battery l=100 v=4382 t=24.2 h=2 st=5 c=0 fc=3749000 cc=3 chg=u
12-29 03:21:01.877     0     0 W healthd : battery l=100 v=4381 t=24.2 h=2 st=5 c=-66406 fc=3749000 cc=3 chg=u
12-29 03:21:10.036     0     0 W healthd : battery l=100 v=4381 t=24.2 h=2 st=5 c=488 fc=3749000 cc=3 chg=u
12-29 03:21:10.687     0     0 W healthd : battery l=100 v=4381 t=24.2 h=2 st=5 c=488 fc=3749000 cc=3 chg=u
12-29 03:21:18.187     0     0 W healthd : battery l=100 v=4381 t=24.2 h=2 st=5 c=-66406 fc=3749000 cc=3 chg=u
12-29 03:21:20.699     0     0 W healthd : battery l=100 v=4382 t=24.2 h=2 st=5 c=0 fc=3749000 cc=3 chg=u
12-29 03:21:26.339     0     0 W healthd : battery l=100 v=4381 t=24.2 h=2 st=5 c=976 fc=3749000 cc=3 chg=u
12-29 03:21:30.707     0     0 W healthd : battery l=100 v=4381 t=24.2 h=2 st=5 c=976 fc=3749000 cc=3 chg=u
12-29 03:21:34.495     0     0 W healthd : battery l=100 v=4381 t=24.2 h=2 st=5 c=-66406 fc=3749000 cc=3 chg=u
12-29 03:21:40.718     0     0 W healthd : battery l=100 v=4381 t=24.2 h=2 st=5 c=488 fc=3749000 cc=3 chg=u
12-29 03:21:42.645     0     0 W healthd : battery l=100 v=4382 t=24.2 h=2 st=5 c=0 fc=3749000 cc=3 chg=u
12-29 03:21:50.694   799  1043 W SyncBossHAL: [warning] syncboss_hal_data_handlers.c(149): s:0 Long processing time detected for streaming packet type 146 (1161us)
12-29 03:21:50.723     0     0 W healthd : battery l=100 v=4381 t=24.2 h=2 st=5 c=488 fc=3749000 cc=3 chg=u
12-29 03:21:50.773     0     0 W healthd : battery l=100 v=4381 t=24.2 h=2 st=5 c=488 fc=3749000 cc=3 chg=u
12-29 03:21:50.798     0     0 W healthd : battery l=100 v=4381 t=24.2 h=2 st=5 c=488 fc=3749000 cc=3 chg=u
12-29 03:21:58.951     0     0 W healthd : battery l=100 v=4381 t=24.2 h=2 st=5 c=-66406 fc=3749000 cc=3 chg=u
12-29 03:22:00.738     0     0 W healthd : battery l=100 v=4381 t=24.2 h=2 st=5 c=488 fc=3749000 cc=3 chg=u
12-29 03:22:06.447  1169  1195 W ProcessStats: Tracking association SourceState{96c265c com.oculus.vrshell:TheaterScreen/10025 Fgs #22896} whose proc state 3 is better than process ProcessState{5c38eef com.oculus.vrshell/10025 pkg=com.oculus.vrshell} proc state 13 (1 skipped)
12-29 03:22:07.102     0     0 W healthd : battery l=100 v=4381 t=24.2 h=2 st=5 c=-66406 fc=3749000 cc=3 chg=u
12-29 03:22:10.749     0     0 W healthd : battery l=100 v=4381 t=24.2 h=2 st=5 c=976 fc=3749000 cc=3 chg=u
12-29 03:22:15.256     0     0 W healthd : battery l=100 v=4381 t=24.2 h=2 st=5 c=488 fc=3749000 cc=3 chg=u
12-29 03:22:18.788  1169  1260 W ProcessStats: Tracking association SourceState{96c265c com.oculus.vrshell:TheaterScreen/10025 Fgs #22919} whose proc state 3 is better than process ProcessState{5c38eef com.oculus.vrshell/10025 pkg=com.oculus.vrshell} proc state 13 (27 skipped)
12-29 03:22:20.762     0     0 W healthd : battery l=100 v=4381 t=24.2 h=2 st=5 c=488 fc=3749000 cc=3 chg=u
12-29 03:22:21.781     0     0 W healthd : battery l=100 v=4382 t=24.2 h=2 st=5 c=0 fc=3749000 cc=3 chg=u
12-29 03:22:23.414     0     0 W healthd : battery l=100 v=4381 t=24.2 h=2 st=5 c=488 fc=3749000 cc=3 chg=u
12-29 03:22:30.769     0     0 W healthd : battery l=100 v=4382 t=24.2 h=2 st=5 c=0 fc=3749000 cc=3 chg=u
12-29 03:22:31.569     0     0 W healthd : battery l=100 v=4382 t=24.2 h=2 st=5 c=0 fc=3749000 cc=3 chg=u
12-29 03:22:39.719     0     0 W healthd : battery l=100 v=4381 t=24.2 h=2 st=5 c=488 fc=3749000 cc=3 chg=u
12-29 03:22:40.773     0     0 W healthd : battery l=100 v=4381 t=24.2 h=2 st=5 c=-66406 fc=3749000 cc=3 chg=u
12-29 03:22:47.868     0     0 W healthd : battery l=100 v=4382 t=24.2 h=2 st=5 c=488 fc=3749000 cc=3 chg=u
12-29 03:22:50.696   799  1043 W SyncBossHAL: [warning] syncboss_hal_data_handlers.c(149): s:0 Long processing time detected for streaming packet type 146 (1137us)
12-29 03:22:50.797     0     0 W healthd : battery l=100 v=4381 t=24.2 h=2 st=5 c=488 fc=3749000 cc=3 chg=u
12-29 03:22:56.025     0     0 W healthd : battery l=100 v=4381 t=24.2 h=2 st=5 c=-66406 fc=3749000 cc=3 chg=u
12-29 03:23:00.797     0     0 W healthd : battery l=100 v=4381 t=24.2 h=2 st=5 c=0 fc=3749000 cc=3 chg=u
12-29 03:23:04.180     0     0 W healthd : battery l=100 v=4381 t=24.2 h=2 st=5 c=976 fc=3749000 cc=3 chg=u
12-29 03:23:10.808     0     0 W healthd : battery l=100 v=4381 t=24.2 h=2 st=5 c=0 fc=3749000 cc=3 chg=u
12-29 03:23:12.335     0     0 W healthd : battery l=100 v=4381 t=24.2 h=2 st=5 c=-66406 fc=3749000 cc=3 chg=u
12-29 03:23:20.489     0     0 W healthd : battery l=100 v=4381 t=24.2 h=2 st=5 c=488 fc=3749000 cc=3 chg=u
12-29 03:23:20.819     0     0 W healthd : battery l=100 v=4381 t=24.2 h=2 st=5 c=488 fc=3749000 cc=3 chg=u
12-29 03:23:28.641     0     0 W healthd : battery l=100 v=4382 t=24.2 h=2 st=5 c=-66406 fc=3749000 cc=3 chg=u
12-29 03:23:30.830     0     0 W healthd : battery l=100 v=4381 t=24.2 h=2 st=5 c=976 fc=3749000 cc=3 chg=u
12-29 03:23:36.798     0     0 W healthd : battery l=100 v=4381 t=24.2 h=2 st=5 c=488 fc=3749000 cc=3 chg=u
12-29 03:23:40.839     0     0 W healthd : battery l=100 v=4382 t=24.2 h=2 st=5 c=488 fc=3749000 cc=3 chg=u
12-29 03:23:44.950     0     0 W healthd : battery l=100 v=4381 t=24.2 h=2 st=5 c=488 fc=3749000 cc=3 chg=u
12-29 03:23:50.698   799  1043 W SyncBossHAL: [warning] syncboss_hal_data_handlers.c(149): s:0 Long processing time detected for streaming packet type 146 (1152us)
12-29 03:23:50.773     0     0 W healthd : battery l=100 v=4381 t=24.2 h=2 st=5 c=488 fc=3749000 cc=3 chg=u
12-29 03:23:50.850     0     0 W healthd : battery l=100 v=4381 t=24.2 h=2 st=5 c=488 fc=3749000 cc=3 chg=u
12-29 03:23:53.106     0     0 W healthd : battery l=100 v=4381 t=24.2 h=2 st=5 c=-66406 fc=3749000 cc=3 chg=u
12-29 03:24:00.861     0     0 W healthd : battery l=100 v=4381 t=24.2 h=2 st=5 c=976 fc=3749000 cc=3 chg=u
12-29 03:24:01.261     0     0 W healthd : battery l=100 v=4381 t=24.2 h=2 st=5 c=488 fc=3749000 cc=3 chg=u
12-29 03:24:09.413     0     0 W healthd : battery l=100 v=4381 t=24.2 h=2 st=5 c=488 fc=3749000 cc=3 chg=u
12-29 03:24:10.871     0     0 W healthd : battery l=100 v=4381 t=24.2 h=2 st=5 c=0 fc=3749000 cc=3 chg=u
12-29 03:24:17.567     0     0 W healthd : battery l=100 v=4382 t=24.2 h=2 st=5 c=0 fc=3749000 cc=3 chg=u
12-29 03:24:20.880     0     0 W healthd : battery l=100 v=4382 t=24.2 h=2 st=5 c=488 fc=3749000 cc=3 chg=u
12-29 03:24:25.721     0     0 W healthd : battery l=100 v=4381 t=24.2 h=2 st=5 c=488 fc=3749000 cc=3 chg=u
12-29 03:24:30.886     0     0 W healthd : battery l=100 v=4381 t=24.2 h=2 st=5 c=488 fc=3749000 cc=3 chg=u
12-29 03:24:32.249     0     0 W healthd : battery l=100 v=4381 t=24.2 h=2 st=5 c=488 fc=3749000 cc=3 chg=u
12-29 03:24:33.876     0     0 W healthd : battery l=100 v=4381 t=24.2 h=2 st=5 c=-66406 fc=3749000 cc=3 chg=u
12-29 03:24:40.902     0     0 W healthd : battery l=100 v=4381 t=24.2 h=2 st=5 c=976 fc=3749000 cc=3 chg=u
12-29 03:24:42.033     0     0 W healthd : battery l=100 v=4381 t=24.2 h=2 st=5 c=976 fc=3749000 cc=3 chg=u
12-29 03:24:46.412     0     0 W healthd : battery l=100 v=4381 t=24.2 h=2 st=5 c=976 fc=3749000 cc=3 chg=u
12-29 03:24:50.700   799  1043 W SyncBossHAL: [warning] syncboss_hal_data_handlers.c(149): s:0 Long processing time detected for streaming packet type 146 (1119us)
12-29 03:24:50.912     0     0 W healthd : battery l=100 v=4381 t=24.2 h=2 st=5 c=488 fc=3749000 cc=3 chg=u
12-29 03:24:50.930     0     0 W healthd : battery l=100 v=4381 t=24.2 h=2 st=5 c=488 fc=3749000 cc=3 chg=u
12-29 03:24:58.478  1169  1169 D CompatibilityChangeReporter: Compat change id reported: 168419799; UID 1000; state: DISABLED
12-29 03:24:59.134     0     0 W healthd : battery l=100 v=4381 t=24.2 h=2 st=5 c=488 fc=3749000 cc=3 chg=u
12-29 03:24:59.443  1169  1195 W ProcessStats: Tracking association SourceState{96c265c com.oculus.vrshell:TheaterScreen/10025 Fgs #22935} whose proc state 3 is better than process ProcessState{5c38eef com.oculus.vrshell/10025 pkg=com.oculus.vrshell} proc state 13 (1 skipped)
12-29 03:25:00.922     0     0 W healthd : battery l=100 v=4381 t=24.2 h=2 st=5 c=488 fc=3749000 cc=3 chg=u
12-29 03:25:06.488     0     0 W healthd : battery l=100 v=4381 t=24.2 h=2 st=5 c=488 fc=3749000 cc=3 chg=u
12-29 03:25:09.461  1169  1260 W ProcessStats: Tracking association SourceState{96c265c com.oculus.vrshell:TheaterScreen/10025 Fgs #22943} whose proc state 3 is better than process ProcessState{5c38eef com.oculus.vrshell/10025 pkg=com.oculus.vrshell} proc state 13 (13 skipped)
12-29 03:25:10.933     0     0 W healthd : battery l=100 v=4382 t=24.2 h=2 st=5 c=488 fc=3749000 cc=3 chg=u
12-29 03:25:11.848     0     0 D cnss    : Host time = 8128382060 us, device time = 8111000610 us, offset = 17381450 us
12-29 03:25:11.848     0     0 D cnss    : Updated time sync regs [0x984] = 0x109384a, [0x988] = 0x0
12-29 03:25:14.643     0     0 W healthd : battery l=100 v=4381 t=24.2 h=2 st=5 c=-66406 fc=3749000 cc=3 chg=u
12-29 03:25:18.705     0     0 E FG      : fg_psy_get_property: unsupported property 8
12-29 03:25:20.943     0     0 W healthd : battery l=100 v=4381 t=24.2 h=2 st=5 c=488 fc=3749000 cc=3 chg=u
12-29 03:25:22.801     0     0 W healthd : battery l=100 v=4381 t=24.2 h=2 st=5 c=0 fc=3749000 cc=3 chg=u
12-29 03:25:30.952     0     0 W healthd : battery l=100 v=4382 t=24.2 h=2 st=5 c=0 fc=3749000 cc=3 chg=u
12-29 03:25:30.965     0     0 W healthd : battery l=100 v=4382 t=24.2 h=2 st=5 c=0 fc=3749000 cc=3 chg=u
12-29 03:25:39.105     0     0 W healthd : battery l=100 v=4381 t=24.2 h=2 st=5 c=0 fc=3749000 cc=3 chg=u
12-29 03:25:40.962     0     0 W healthd : battery l=100 v=4381 t=24.2 h=2 st=5 c=976 fc=3749000 cc=3 chg=u
12-29 03:25:47.253     0     0 W healthd : battery l=100 v=4381 t=24.2 h=2 st=5 c=976 fc=3749000 cc=3 chg=u
12-29 03:25:50.701   799  1043 W SyncBossHAL: [warning] syncboss_hal_data_handlers.c(149): s:0 Long processing time detected for streaming packet type 146 (1154us)
12-29 03:25:50.772     0     0 W healthd : battery l=100 v=4381 t=24.2 h=2 st=5 c=488 fc=3749000 cc=3 chg=u
12-29 03:25:50.973     0     0 W healthd : battery l=100 v=4381 t=24.2 h=2 st=5 c=488 fc=3749000 cc=3 chg=u
12-29 03:25:55.407     0     0 W healthd : battery l=100 v=4382 t=24.2 h=2 st=5 c=0 fc=3749000 cc=3 chg=u
12-29 03:26:00.982     0     0 W healthd : battery l=100 v=4382 t=24.2 h=2 st=5 c=-66406 fc=3749000 cc=3 chg=u
12-29 03:26:03.569     0     0 W healthd : battery l=100 v=4382 t=24.2 h=2 st=5 c=488 fc=3749000 cc=3 chg=u
12-29 03:26:04.090     0     0 W healthd : battery l=100 v=4382 t=24.2 h=2 st=5 c=0 fc=3749000 cc=3 chg=u
12-29 03:26:11.000     0     0 W healthd : battery l=100 v=4382 t=24.2 h=2 st=5 c=976 fc=3749000 cc=3 chg=u
12-29 03:26:11.719     0     0 W healthd : battery l=100 v=4381 t=24.2 h=2 st=5 c=488 fc=3749000 cc=3 chg=u
12-29 03:26:19.875     0     0 W healthd : battery l=100 v=4382 t=24.2 h=2 st=5 c=976 fc=3749000 cc=3 chg=u
12-29 03:26:21.004     0     0 W healthd : battery l=100 v=4381 t=24.2 h=2 st=5 c=488 fc=3749000 cc=3 chg=u
12-29 03:26:28.026     0     0 W healthd : battery l=100 v=4382 t=24.2 h=2 st=5 c=0 fc=3749000 cc=3 chg=u
12-29 03:26:31.015     0     0 W healthd : battery l=100 v=4381 t=24.2 h=2 st=5 c=0 fc=3749000 cc=3 chg=u
12-29 03:26:36.182     0     0 W healthd : battery l=100 v=4381 t=24.2 h=2 st=5 c=488 fc=3749000 cc=3 chg=u
12-29 03:26:41.026     0     0 W healthd : battery l=100 v=4381 t=24.2 h=2 st=5 c=-66406 fc=3749000 cc=3 chg=u
12-29 03:26:42.706     0     0 W healthd : battery l=100 v=4382 t=24.2 h=2 st=5 c=488 fc=3749000 cc=3 chg=u
12-29 03:26:44.337     0     0 W healthd : battery l=100 v=4381 t=24.2 h=2 st=5 c=-66406 fc=3749000 cc=3 chg=u
12-29 03:26:50.704   799  1043 W SyncBossHAL: [warning] syncboss_hal_data_handlers.c(149): s:0 Long processing time detected for streaming packet type 146 (1148us)
12-29 03:26:51.035     0     0 W healthd : battery l=100 v=4381 t=24.2 h=2 st=5 c=976 fc=3749000 cc=3 chg=u
12-29 03:26:52.488     0     0 W healthd : battery l=100 v=4381 t=24.2 h=2 st=5 c=0 fc=3749000 cc=3 chg=u
12-29 03:27:00.643     0     0 W healthd : battery l=100 v=4381 t=24.2 h=2 st=5 c=0 fc=3749000 cc=3 chg=u
12-29 03:27:01.044     0     0 W healthd : battery l=100 v=4381 t=24.2 h=2 st=5 c=0 fc=3749000 cc=3 chg=u
12-29 03:27:08.797     0     0 W healthd : battery l=100 v=4381 t=24.2 h=2 st=5 c=488 fc=3749000 cc=3 chg=u
12-29 03:27:11.063     0     0 W healthd : battery l=100 v=4381 t=24.2 h=2 st=5 c=0 fc=3749000 cc=3 chg=u
12-29 03:27:16.951     0     0 W healthd : battery l=100 v=4381 t=24.2 h=2 st=5 c=488 fc=3749000 cc=3 chg=u
12-29 03:27:21.063     0     0 W healthd : battery l=100 v=4381 t=24.2 h=2 st=5 c=976 fc=3749000 cc=3 chg=u
12-29 03:27:25.106     0     0 W healthd : battery l=100 v=4381 t=24.2 h=2 st=5 c=488 fc=3749000 cc=3 chg=u
12-29 03:27:31.076     0     0 W healthd : battery l=100 v=4381 t=24.2 h=2 st=5 c=-66406 fc=3749000 cc=3 chg=u
12-29 03:27:33.259     0     0 W healthd : battery l=100 v=4381 t=24.2 h=2 st=5 c=0 fc=3749000 cc=3 chg=u
12-29 03:27:41.087     0     0 W healthd : battery l=100 v=4382 t=24.2 h=2 st=5 c=-66406 fc=3749000 cc=3 chg=u
12-29 03:27:41.413     0     0 W healthd : battery l=100 v=4382 t=24.2 h=2 st=5 c=0 fc=3749000 cc=3 chg=u
12-29 03:27:49.563     0     0 W healthd : battery l=100 v=4382 t=24.2 h=2 st=5 c=488 fc=3749000 cc=3 chg=u
12-29 03:27:50.706   799  1043 W SyncBossHAL: [warning] syncboss_hal_data_handlers.c(149): s:0 Long processing time detected for streaming packet type 146 (1096us)
12-29 03:27:50.772     0     0 W healthd : battery l=100 v=4381 t=24.2 h=2 st=5 c=488 fc=3749000 cc=3 chg=u
12-29 03:27:51.097     0     0 W healthd : battery l=100 v=4381 t=24.2 h=2 st=5 c=488 fc=3749000 cc=3 chg=u
12-29 03:27:57.715     0     0 W healthd : battery l=100 v=4381 t=24.2 h=2 st=5 c=976 fc=3749000 cc=3 chg=u
12-29 03:28:01.108     0     0 W healthd : battery l=100 v=4381 t=24.2 h=2 st=5 c=976 fc=3749000 cc=3 chg=u
12-29 03:28:05.868     0     0 W healthd : battery l=100 v=4382 t=24.2 h=2 st=5 c=0 fc=3749000 cc=3 chg=u
12-29 03:28:11.117     0     0 W healthd : battery l=100 v=4381 t=24.2 h=2 st=5 c=488 fc=3749000 cc=3 chg=u
12-29 03:28:14.036     0     0 W healthd : battery l=100 v=4381 t=24.2 h=2 st=5 c=488 fc=3749000 cc=3 chg=u
12-29 03:28:15.049     0     0 W healthd : battery l=100 v=4381 t=24.2 h=2 st=5 c=0 fc=3749000 cc=3 chg=u
12-29 03:28:21.127     0     0 W healthd : battery l=100 v=4382 t=24.2 h=2 st=5 c=488 fc=3749000 cc=3 chg=u
12-29 03:28:22.181     0     0 W healthd : battery l=100 v=4382 t=24.2 h=2 st=5 c=488 fc=3749000 cc=3 chg=u
12-29 03:28:30.334     0     0 W healthd : battery l=100 v=4381 t=24.2 h=2 st=5 c=976 fc=3749000 cc=3 chg=u
12-29 03:28:31.135     0     0 W healthd : battery l=100 v=4381 t=24.2 h=2 st=5 c=0 fc=3749000 cc=3 chg=u
12-29 03:28:38.489     0     0 W healthd : battery l=100 v=4382 t=24.2 h=2 st=5 c=488 fc=3749000 cc=3 chg=u
12-29 03:28:41.148     0     0 W healthd : battery l=100 v=4381 t=24.2 h=2 st=5 c=976 fc=3749000 cc=3 chg=u
12-29 03:28:46.643     0     0 W healthd : battery l=100 v=4381 t=24.2 h=2 st=5 c=0 fc=3749000 cc=3 chg=u
12-29 03:28:50.707   799  1043 W SyncBossHAL: [warning] syncboss_hal_data_handlers.c(149): s:0 Long processing time detected for streaming packet type 146 (1089us)
12-29 03:28:51.155     0     0 W healthd : battery l=100 v=4381 t=24.2 h=2 st=5 c=488 fc=3749000 cc=3 chg=u
12-29 03:28:53.163     0     0 W healthd : battery l=100 v=4381 t=24.2 h=2 st=5 c=-66406 fc=3749000 cc=3 chg=u
12-29 03:28:54.797     0     0 W healthd : battery l=100 v=4382 t=24.2 h=2 st=5 c=488 fc=3749000 cc=3 chg=u
12-29 03:28:55.073   799  1058 I SyncBossHAL: [info   ] syncboss_hal_powerstate.c(52): Reporting powerstate event: PROX_ON
12-29 03:28:55.073   799  1058 D SensorService: Received Powerstate PROX_ON
12-29 03:28:55.074   973  7954 I TrackingService: ActivityMonitor: prox_on event received
12-29 03:28:55.074  1169  1416 I PowerManagerService: Powering on display group fromAsleep (groupId=0, uid=1000, reason=WAKE_REASON_UNKNOWN, details=VrPwMng:leave-standby)...
12-29 03:28:55.074  1169  1416 I PowerManagerService: Waking up from Asleep (uid=1000, reason=WAKE_REASON_UNKNOWN, details=VrPwMng:leave-standby)...
12-29 03:28:55.077   944  4439 D SensorClientUtils: Cancelling delayed transition to SLEEP
12-29 03:28:55.077  1169  1206 I DisplayPowerController[0]: Blocking screen on until initial contents have been drawn.
12-29 03:28:55.077   973   973 D SensorClientUtils: Cancelling delayed transition to SLEEP
12-29 03:28:55.078  1169  1206 D ActivityTaskManager: Top Process State changed to PROCESS_STATE_TOP
12-29 03:28:55.078   944  4439 D SensorClientUtils: Received transition request from SLEEP to RUNNING
12-29 03:28:55.078  1169  1169 D ActivityManager: Is background playback GK enabled: false Is background playback enabled for all apps: false
12-29 03:28:55.078   973   973 D SensorClientUtils: Received transition request from SLEEP to RUNNING
12-29 03:28:55.079   944  4439 D SensorClientUtils: Executing transition from SLEEP to STANDBY
12-29 03:28:55.079   944  4439 D MrSystemService: AOSP setPowerState: STANDBY.
12-29 03:28:55.079   944  4439 D SensorClientUtils: Executing transition from STANDBY to RUNNING
12-29 03:28:55.079   944  4439 D MrSystemService: AOSP setPowerState: RUNNING.
12-29 03:28:55.080  1697 12942 D SensorClientUtils: Cancelling delayed transition to SLEEP
12-29 03:28:55.080  1697 12942 D SensorClientUtils: Received transition request from SLEEP to RUNNING
12-29 03:28:55.080  1169 13027 D CompatibilityChangeReporter: Compat change id reported: 151105954; UID 1000; state: ENABLED
12-29 03:28:55.081  1169 13027 D CompatibilityChangeReporter: Compat change id reported: 151105954; UID 1000; state: DISABLED
12-29 03:28:55.083  1169 13027 E AppOps  : package system not found, can't check for attributionTag null
12-29 03:28:55.087  1169  1169 D ActivityManager: Is background playback GK enabled: false Is background playback enabled for all apps: false
12-29 03:28:55.087  1169 13027 E AppOps  : startOperation
12-29 03:28:55.087  1169 13027 E AppOps  : java.lang.SecurityException: Specified package system under uid 1000 but it is not
12-29 03:28:55.087  1169 13027 E AppOps  : 	at com.android.server.appop.AppOpsService.verifyAndGetBypass(AppOpsService.java:4627)
12-29 03:28:55.087  1169 13027 E AppOps  : 	at com.android.server.appop.AppOpsService.startOperationUnchecked(AppOpsService.java:3950)
12-29 03:28:55.087  1169 13027 E AppOps  : 	at com.android.server.appop.AppOpsService.startOperationImpl(AppOpsService.java:3841)
12-29 03:28:55.087  1169 13027 E AppOps  : 	at com.android.server.appop.AppOpsService.access$4100(AppOpsService.java:215)
12-29 03:28:55.087  1169 13027 E AppOps  : 	at com.android.server.appop.AppOpsService$CheckOpsDelegateDispatcher.lambda$startOperation$8(AppOpsService.java:7627)
12-29 03:28:55.087  1169 13027 E AppOps  : 	at com.android.server.appop.AppOpsService$CheckOpsDelegateDispatcher$$ExternalSyntheticLambda23.apply(Unknown Source:53)
12-29 03:28:55.087  1169 13027 E AppOps  : 	at com.android.server.policy.AppOpsPolicy.startOperation(AppOpsPolicy.java:251)
12-29 03:28:55.087  1169 13027 E AppOps  : 	at com.android.server.appop.AppOpsService$CheckOpsDelegateDispatcher.startOperation(AppOpsService.java:7624)
12-29 03:28:55.087  1169 13027 E AppOps  : 	at com.android.server.appop.AppOpsService.startOperation(AppOpsService.java:3810)
12-29 03:28:55.087  1169 13027 E AppOps  : 	at android.app.AppOpsManager.startOpNoThrow(AppOpsManager.java:8888)
12-29 03:28:55.087  1169 13027 E AppOps  : 	at android.app.AppOpsManager.startOpNoThrow(AppOpsManager.java:8864)
12-29 03:28:55.087  1169 13027 E AppOps  : 	at android.app.AppOpsManager.startOpNoThrow(AppOpsManager.java:8853)
12-29 03:28:55.087  1169 13027 E AppOps  : 	at android.app.AppOpsManager.startOpNoThrow(AppOpsManager.java:8822)
12-29 03:28:55.087  1169 13027 E AppOps  : 	at com.android.server.power.Notifier.onWakeLockAcquired(Notifier.java:239)
12-29 03:28:55.087  1169 13027 E AppOps  : 	at com.android.server.power.PowerManagerService.notifyWakeLockAcquiredLocked(PowerManagerService.java:1610)
12-29 03:28:55.087  1169 13027 E AppOps  : 	at com.android.server.power.PowerManagerService.acquireWakeLockInternal(PowerManagerService.java:1439)
12-29 03:28:55.087  1169 13027 E AppOps  : 	at com.android.server.power.PowerManagerService.access$4600(PowerManagerService.java:143)
12-29 03:28:55.087  1169 13027 E AppOps  : 	at com.android.server.power.PowerManagerService$BinderService.acquireWakeLock(PowerManagerService.java:5198)
12-29 03:28:55.087  1169 13027 E AppOps  : 	at android.os.IPowerManager$Stub.onTransact(IPowerManager.java:473)
12-29 03:28:55.087  1169 13027 E AppOps  : 	at android.os.Binder.execTransactInternal(Binder.java:1184)
12-29 03:28:55.087  1169 13027 E AppOps  : 	at android.os.Binder.execTransact(Binder.java:1143)
12-29 03:28:55.087  1169  1169 D ActivityManager: Is background playback GK enabled: false Is background playback enabled for all apps: false
12-29 03:28:55.088  1169  1169 D ActivityManager: Is background playback GK enabled: false Is background playback enabled for all apps: false
12-29 03:28:55.088  1697 12942 D SensorClientUtils: Executing transition from SLEEP to STANDBY
12-29 03:28:55.088  1697 12942 D OVRRemoteService: [controller] SLEEP -> STANDBY
12-29 03:28:55.088  1697 12942 D OVRRemoteService: ControllerGlue: setting expected mode to Streaming
12-29 03:28:55.088  1697 12942 D OVRRemoteService: ControllerGlue: Setting current mode to Streaming
12-29 03:28:55.088  1697 12942 D OVRRemoteService: ControllerGlue: leave mode Disabled
12-29 03:28:55.088  1697 12942 D OVRRemoteService: ControllerGlue: Setting mode to Streaming
12-29 03:28:55.088  1697 12942 D OVRRemoteService: ControllerGlue: enter mode Streaming
12-29 03:28:55.089  1169  1169 D ActivityManager: Is background playback GK enabled: false Is background playback enabled for all apps: false
12-29 03:28:55.089   799   799 D SensorService: ControllerProvider: acquiring StreamingSession
12-29 03:28:55.090   799   799 D SensorService: SyncbossEventHandler: Enabling sensor PULSAR
12-29 03:28:55.090   799   799 D SensorService: SyncbossEventHandler: Active sensors: synthetic[HMD_DOUBLETAP,EXTERNAL_TIMING,ZAP] non-synth[PULSAR]
12-29 03:28:55.090   799   799 D SensorService: SyncbossEventHandler: starting all streams
12-29 03:28:55.090   799   799 D SensorService: SyncbossEventHandler: acquiring session; approx # alive: 1
12-29 03:28:55.090   799 21732 D SensorService: SyncbossEventHandler::producerThreadFunc() start
12-29 03:28:55.090  1169  1169 D ActivityManager: Is background playback GK enabled: false Is background playback enabled for all apps: false
12-29 03:28:55.091  1169  1169 D ActivityManager: Is background playback GK enabled: false Is background playback enabled for all apps: false
12-29 03:28:55.091  1169  1169 D ActivityManager: Is background playback GK enabled: false Is background playback enabled for all apps: false
12-29 03:28:55.091   973   973 D SensorClientUtils: Executing transition from SLEEP to STANDBY
12-29 03:28:55.092   973   973 D TrackingService: Enqueued transition to (targetPowerState, targetMuxName): (STANDBY, --) - transition timeout: 1000000000 ns
12-29 03:28:55.092  1169  1169 D ActivityManager: Is background playback GK enabled: false Is background playback enabled for all apps: false
12-29 03:28:55.092  1169  1169 D ActivityManager: Is background playback GK enabled: false Is background playback enabled for all apps: false
12-29 03:28:55.093  1169  1169 D ActivityManager: Is background playback GK enabled: false Is background playback enabled for all apps: false
12-29 03:28:55.093   799 21732 W SensorService: Data for sensor type HMD_MAG dropped because of failure to update clock drift from vsync. 1 drops in the last 0s.
12-29 03:28:55.093   799   799 I SyncBossHAL: [info   ] syncboss_hal_impl_input.c(277): No pulsar frequency blocklist set
12-29 03:28:55.093   799   799 I SyncBossHAL: [info   ] syncboss_hal_impl_input.c(304): No AFH behavior specified, enabled by default
12-29 03:28:55.093  1169  1206 I DisplayPowerController[0]: Unblocked screen on after 16 ms
12-29 03:28:55.094  1169  1169 D ActivityManager: Is background playback GK enabled: false Is background playback enabled for all apps: false
12-29 03:28:55.094   973  1150 I TrackingService: [                  vision_manager] Power transition: SLEEP -> STANDBY transition time: 2 ms
12-29 03:28:55.094  1169  1169 D ActivityManager: Is background playback GK enabled: false Is background playback enabled for all apps: false
12-29 03:28:55.095  1169  1169 D ActivityManager: Is background playback GK enabled: false Is background playback enabled for all apps: false
12-29 03:28:55.095   973  1150 I TrackingService: [                             iad] Power transition: SLEEP -> STANDBY transition time: 0 ms
12-29 03:28:55.095  1169  1169 D ActivityManager: Is background playback GK enabled: false Is background playback enabled for all apps: false
12-29 03:28:55.096  1169  1169 D ActivityManager: Is background playback GK enabled: false Is background playback enabled for all apps: false
12-29 03:28:55.097   799   799 D SensorService: ControllerProvider: acquiring StreamingClient impl; approx # alive: 1
12-29 03:28:55.097   799   799 D libsensorscommon: ControllerProvider: acquiring StreamingClient hidl
12-29 03:28:55.097  1169  1169 D ActivityManager: Is background playback GK enabled: false Is background playback enabled for all apps: false
12-29 03:28:55.097  1697 12942 D OVRRemoteService: RemoteService::recordControllerStatusUpdate: device d3d05f47e2487092: status: SEARCHING tracking: NONE, errors: --
12-29 03:28:55.098  1169  1169 D ActivityManager: Is background playback GK enabled: false Is background playback enabled for all apps: false
12-29 03:28:55.098  1169  1169 D ActivityManager: Is background playback GK enabled: false Is background playback enabled for all apps: false
12-29 03:28:55.098  1697 12942 D OVRRemoteService: RemoteService::recordControllerStatusUpdate: device 9d17e7ce194bc1ec: status: SEARCHING tracking: NONE, errors: --
12-29 03:28:55.098  1169  1169 D ActivityManager: Is background playback GK enabled: false Is background playback enabled for all apps: false
12-29 03:28:55.099  1169  1169 D ActivityManager: Is background playback GK enabled: false Is background playback enabled for all apps: false
12-29 03:28:55.099  1697 12942 D SensorClientUtils: Executing transition from STANDBY to RUNNING
12-29 03:28:55.099  1169  1169 D ActivityManager: Is background playback GK enabled: false Is background playback enabled for all apps: false
12-29 03:28:55.099  1697 21739 D OVRRemoteService: processStateChange([PairedControllerInfo JEDI 9d17e7ce194bc1ec disconnected mcnt=0])
12-29 03:28:55.099  1697 21739 D OVRRemoteService: processStateChange([PairedControllerInfo JEDI d3d05f47e2487092 disconnected mcnt=0])
12-29 03:28:55.099  1697 12942 D OVRRemoteService: [controller] STANDBY -> RUNNING
12-29 03:28:55.100  1169  1169 D ActivityManager: Is background playback GK enabled: false Is background playback enabled for all apps: false
12-29 03:28:55.100  1169  1169 D ActivityManager: Is background playback GK enabled: false Is background playback enabled for all apps: false
12-29 03:28:55.101  1169  1169 D ActivityManager: Is background playback GK enabled: false Is background playback enabled for all apps: false
12-29 03:28:55.101   799 21731 D SensorService: Syncboss input 9d17e7ce194bc1ec hardware type 4, subtype 1, revision 
12-29 03:28:55.101   799 21731 I SensorService: preparePairedControllerInfo is adding device with valid 1
12-29 03:28:55.101   799 21731 D SensorService: Syncboss input d3d05f47e2487092 hardware type 4, subtype 2, revision 
12-29 03:28:55.101   799 21731 I SensorService: preparePairedControllerInfo is adding device with valid 1
12-29 03:28:55.101  1169  1169 D ActivityManager: Is background playback GK enabled: false Is background playback enabled for all apps: false
12-29 03:28:55.101   799 21731 D SensorService: stateChangeNotifierFunc(): Reporting controller info. Change token: 36, paired=2 connected=0
12-29 03:28:55.101  1697 21739 D OVRRemoteService: processStateChange([PairedControllerInfo JEDI 9d17e7ce194bc1ec disconnected update-required mcnt=0])
12-29 03:28:55.101  1697 21739 D OVRRemoteService: processStateChange([PairedControllerInfo JEDI d3d05f47e2487092 disconnected update-required mcnt=0])
12-29 03:28:55.101  1169  1169 D ActivityManager: Is background playback GK enabled: false Is background playback enabled for all apps: false
12-29 03:28:55.089     0     0 I         : powerstate_mgr_open succeeded, refcount=1. (pid 799)
12-29 03:28:55.094     0     0 I [drm:dsi_display_set_mode] [msm-dsi-info]: mdp_transfer_time_us=0 us
12-29 03:28:55.094     0     0 I [drm:dsi_display_set_mode] [msm-dsi-info]: hactive= 1920,vactive= 3664,fps=90
12-29 03:28:55.094     0     0 I [drm:dsi_ctrl_isr_configure] [msm-dsi-info]: dsi-ctrl-0: IRQ 394 registered
12-29 03:28:55.094     0     0 I [drm:dsi_ctrl_isr_configure] [msm-dsi-info]: dsi-ctrl-1: IRQ 395 registered
12-29 03:28:55.102  1169  1169 D ActivityManager: Is background playback GK enabled: false Is background playback enabled for all apps: false
12-29 03:28:55.102  1169  1169 D ActivityManager: Is background playback GK enabled: false Is background playback enabled for all apps: false
12-29 03:28:55.103  1169  1169 D ActivityManager: Is background playback GK enabled: false Is background playback enabled for all apps: false
12-29 03:28:55.103  1169  1169 D ActivityManager: Is background playback GK enabled: false Is background playback enabled for all apps: false
12-29 03:28:55.106  1169  1169 D ActivityManager: Is background playback GK enabled: false Is background playback enabled for all apps: false
12-29 03:28:55.106   973  1150 I TrackingService: [                            bolt] Power transition: SLEEP -> STANDBY transition time: 11 ms
12-29 03:28:55.106   973  1150 D TrackingService: IOT sleep to standby started
12-29 03:28:55.108  1169  1169 D ActivityManager: Is background playback GK enabled: false Is background playback enabled for all apps: false
12-29 03:28:55.110  1169  1169 D ActivityManager: Is background playback GK enabled: false Is background playback enabled for all apps: false
12-29 03:28:55.111  1169  1169 D ActivityManager: Is background playback GK enabled: false Is background playback enabled for all apps: false
12-29 03:28:55.112  1169  1169 D ActivityManager: Is background playback GK enabled: false Is background playback enabled for all apps: false
12-29 03:28:55.112  1169  1169 D ActivityManager: Is background playback GK enabled: false Is background playback enabled for all apps: false
12-29 03:28:55.113  1169  1169 D ActivityManager: Is background playback GK enabled: false Is background playback enabled for all apps: false
12-29 03:28:55.113  1169  1169 D ActivityManager: Is background playback GK enabled: false Is background playback enabled for all apps: false
12-29 03:28:55.122  1169  1169 W ProcessStats: Tracking association SourceState{96c265c com.oculus.vrshell:TheaterScreen/10025 Fgs #22962} whose proc state 3 is better than process ProcessState{5c38eef com.oculus.vrshell/10025 pkg=com.oculus.vrshell} proc state 13 (3 skipped)
12-29 03:28:55.124  1169  1187 I DisplayDeviceRepository: Display device changed state: "Built-in Screen", ON
12-29 03:28:55.131  1169  1829 I Telecom : CallAudioRouteStateMachine: Message received: MUTE_EXTERNALLY_CHANGED=3004, arg1=0: CARSM.mCR->CARSM.pM_MUTE_EXTERNALLY_CHANGED@AGg
12-29 03:28:55.131  1169  1829 I Telecom : QuiescentSpeakerRoute: Processing message MUTE_EXTERNALLY_CHANGED: CARSM.mCR->CARSM.pM_MUTE_EXTERNALLY_CHANGED@AGg
12-29 03:28:55.156     0     0 I init    : processing action (ro.vendor.drm.irq=* && sys.hmt.mounted=1) from (/vendor/etc/init/hw/init.hollywood.rc:104)
12-29 03:28:55.156  1169  1194 W ProcessCpuTracker: Failed to stat(/proc/21729): android.system.ErrnoException: stat failed: ENOENT (No such file or directory)
12-29 03:28:55.156  1169  1194 W ProcessCpuTracker: Skipping unknown process pid 21729
12-29 03:28:55.156     0     0 I init    : processing action (sys.hmt.mounted=1) from (/vendor/etc/init/hw/init.hollywood.rc:107)
12-29 03:28:55.156     0     0 I init    : processing action (sys.hmt.mounted=1) from (/vendor/etc/init/hw/init.kona.rc:400)
12-29 03:28:55.156     0     0 E FG      : fg_psy_get_property: unsupported property 4
12-29 03:28:55.165     0     0 W healthd : battery l=100 v=4381 t=24.2 h=2 st=5 c=488 fc=3749000 cc=3 chg=u
12-29 03:28:55.170     0     0 W healthd : battery l=100 v=4381 t=24.2 h=2 st=5 c=488 fc=3749000 cc=3 chg=u
12-29 03:28:55.178   799   799 D SensorService: SyncbossEventHandler: Enabling sensor HMD_IMU
12-29 03:28:55.179   799   799 D SensorService: SyncbossEventHandler: Active sensors: synthetic[HMD_DOUBLETAP,EXTERNAL_TIMING,ZAP] non-synth[HMD_IMU,PULSAR]
12-29 03:28:55.179   799   799 D SensorService: SyncbossEventHandler: acquiring session; approx # alive: 2
12-29 03:28:55.183   799   799 D SensorService: SyncbossEventHandler: Enabling sensor HMD_MAG
12-29 03:28:55.183   799   799 D SensorService: SyncbossEventHandler: Active sensors: synthetic[HMD_DOUBLETAP,EXTERNAL_TIMING,ZAP] non-synth[HMD_MAG,HMD_IMU,PULSAR]
12-29 03:28:55.183   799   799 D SensorService: SyncbossEventHandler: acquiring session; approx # alive: 3
12-29 03:28:55.187   973  1150 D TrackingService: IOT sleep to standby completed
