12-27 04:58:55.125   945  1423 I Tracking: VEGA_MAPPER: Did not schedule localization because in cooldown.
12-27 04:58:55.125   945  1423 I Tracking: RELOC_TIMER: Running localization in background with throttling - It's 35.4 seconds since first attempt, background timeout after 3600 seconds
12-27 04:58:55.210  1985  9863 I VrApi   : FPS=3/0,Prd=0ms,Tear=0,Early=0,Stale=0,Stale2/5/10/max=0/0/0/0,VSnc=0,Lat=-1,Fov=0,CPU4/GPU=5/3,1171/490MHz,OC=FF,TA=0/F/0,SP=N/N/N,Mem=1353MHz,Free=2464MB,PLS=0,Temp=24.7C/0.0C,TW=1.08ms,App=-32.49ms,GD=0.00ms,CPU&GPU=0.00ms,LCnt=1(DR0,LM0),GPU%=0.12,CPU%=0.09(W0.10),DSF=1.00,CFL=11.80/17.42,ICFLp95=15.31,LD=0,SF=0.00,LP=0,DVFS=0
12-27 04:58:55.358   945  1423 I Tracking: RELOC_TIMER: Running localization in background with throttling - It's 35.64 seconds since first attempt, background timeout after 3600 seconds
12-27 04:58:55.358   945  1423 I Tracking: LocalizationStateMachine: Not scheduling fine localization since last fine reloc is < 1s old.
12-27 04:58:55.358   945  1423 I Tracking: VEGA_MAPPER: Did not schedule localization because in cooldown.
12-27 04:58:55.358   945  1423 I Tracking: RELOC_TIMER: Running localization in background with throttling - It's 35.64 seconds since first attempt, background timeout after 3600 seconds
12-27 04:58:55.595   945 10180 I Tracking: VIPER: Mode=SuperVega,Status=6DoF,TRACKING,Inl=34,Mem=95.0,Jit=0.1mm,Issues(Cam/min=0.0,IMU/min=0.0),Exp=(10.0ms,g=12.0,I=75,Ir=626.8)(11.5ms,g=14.0,I=65,Ir=403.8)(11.5ms,g=14.0,I=85,Ir=526.5)(6.7ms,g=6.0,I=74,Ir=1837.9)
12-27 04:58:55.596   945  1423 I Tracking: RELOC_TIMER: Running localization in background with throttling - It's 35.88 seconds since first attempt, background timeout after 3600 seconds
12-27 04:58:55.596   945  1423 I Tracking: LocalizationStateMachine: LocalizationStateMachine updated from NoAction to CoarseAndFineLocalization
12-27 04:58:55.596   945  1423 I Tracking: VEGA_MAPPER: Scheduling coarse localization.
12-27 04:58:55.596   945  1423 I Tracking: VEGA_MAPPER: Scheduling localization on root nodes 3c06380f-0958-3898-3af7-75699c3213b3.
12-27 04:58:55.597   945  1429 E Tracking: FusedSubmapListProvider: fusion logic INTERSECTION_RANKED
12-27 04:58:55.597   945  1429 I Tracking: WifiSubmapListProvider: Using wifi distance model
12-27 04:58:55.597   945  1423 I Tracking: RELOC_TIMER: Running localization in background with throttling - It's 35.88 seconds since first attempt, background timeout after 3600 seconds
12-27 04:58:55.602   945  1425 I Tracking: VIPER:DEEP_DESCRIPTOR: Computing Deep Descriptors using gravity orientation.
12-27 04:58:55.610   945  1429 W Tracking: PlaceRecognitionSubmapListProvider: Requested to extract top 20 submaps but we only have 4 in disk.
12-27 04:58:55.652   945  1423 I Tracking: VEGA_LOCALIZER: Fallback descriptor ratio in index 0.4885256290435791 is lower than threshold 0.7, skipping fallback matching
12-27 04:58:55.656   945  1423 I Tracking: VEGA_LOCALIZER: Obtained 33 matches from 994 keypoints using udeep descriptors
12-27 04:58:55.656   945  1423 I Tracking: VEGA_LOCALIZER: Obtained 33 total matches from 994 total keypoints
12-27 04:58:55.658   945  1425 I Tracking: LOCALIZATION_POSE_ESTIMATOR: No pose scoring method was provided, not doing pose scoring
12-27 04:58:55.660   945  1425 I Tracking: LOCALIZATION_POSE_ESTIMATOR: Clustered estimation results from: 1 to : 1
12-27 04:58:55.661   945  1425 I Tracking: LOCALIZATION_POSE_ESTIMATOR: Post-RANSAC iterative minimization converged? false, number of successful features: 0, number of inlier observations: 0
12-27 04:58:55.661   945  1425 I Tracking: LOCALIZATION_POSE_ESTIMATOR: Keeping RANSAC pose estimate, iterative-minimization result ignored.
12-27 04:58:55.661   945  1425 I Tracking: LOCALIZATION_POSE_ESTIMATOR: Removed 2 duplicate inliers from the localization result (before: 4, after: 2).
12-27 04:58:55.661   945  1425 I Tracking: LOCALIZATION_POSE_ESTIMATOR: removing duplicate inliers
12-27 04:58:55.661   945  1425 W Tracking: VEGA_LOCALIZER: RANSAC failure: didn't find enough inliers for next step. Needs at least 4, got 2.
12-27 04:58:55.722  2875 10186 I CompositorVR: WarpToScreen: Skipping frames for 2
12-27 04:58:55.836   945  1423 I Tracking: RELOC_TIMER: Running localization in background with throttling - It's 36.12 seconds since first attempt, background timeout after 3600 seconds
12-27 04:58:55.836   945  1423 I Tracking: LocalizationStateMachine: Not scheduling fine localization since last fine reloc is < 1s old.
12-27 04:58:55.836   945  1423 I Tracking: LocalizationStateMachine: All 1 submap set to load (and no more) are already in memory
12-27 04:58:55.836   945  1423 I Tracking: LocalizationStateMachine: Ignoring submap sets to be loaded since they are already all in memory.
12-27 04:58:55.836   945  1423 I Tracking: LocalizationStateMachine: Not scheduling coarse localization since last coarse reloc is < 1s old.
12-27 04:58:55.836   945  1423 I Tracking: LocalizationStateMachine: LocalizationStateMachine updated from CoarseAndFineLocalization to NoAction
12-27 04:58:55.836   945  1423 I Tracking: VEGA_MAPPER: Did not schedule localization because in cooldown.
12-27 04:58:55.836   945  1423 I Tracking: RELOC_TIMER: Running localization in background with throttling - It's 36.12 seconds since first attempt, background timeout after 3600 seconds
12-27 04:58:56.003  9727 10412 I VrApi   : FPS=52/72,Prd=54ms,Tear=0,Early=6,Stale=24,Stale2/5/10/max=4/0/0/2,VSnc=0,Lat=-1,Fov=0,CPU4/GPU=5/4,1478/525MHz,OC=FF,TA=0/0/0,SP=N/N/N,Mem=2092MHz,Free=2449MB,PLS=0,Temp=25.5C/0.0C,TW=1.81ms,App=15.85ms,GD=0.00ms,CPU&GPU=33.14ms,LCnt=1(DR72,LM0),GPU%=0.98,CPU%=0.54(W0.55),DSF=1.00,CFL=14.02/19.45,ICFLp95=17.44,LD=0,SF=1.00,LP=0,DVFS=0
12-27 04:58:56.018   945 10180 W Tracking: TIMESTAMPCHECKER: Nominal rate wrong. Estimated data rate: 25, Nominal is 30
12-27 04:58:56.076   945  1423 I Tracking: RELOC_TIMER: Running localization in background with throttling - It's 36.36 seconds since first attempt, background timeout after 3600 seconds
12-27 04:58:56.076   945  1423 I Tracking: LocalizationStateMachine: Not scheduling fine localization since last fine reloc is < 1s old.
12-27 04:58:56.076   945  1423 I Tracking: VEGA_MAPPER: Did not schedule localization because in cooldown.
12-27 04:58:56.076   945  1423 I Tracking: RELOC_TIMER: Running localization in background with throttling - It's 36.36 seconds since first attempt, background timeout after 3600 seconds
12-27 04:58:56.250  1985  9863 I VrApi   : FPS=3/0,Prd=0ms,Tear=0,Early=0,Stale=0,Stale2/5/10/max=0/0/0/0,VSnc=0,Lat=-1,Fov=0,CPU4/GPU=5/3,1171/490MHz,OC=FF,TA=0/F/0,SP=N/N/N,Mem=1353MHz,Free=2464MB,PLS=0,Temp=24.7C/0.0C,TW=1.08ms,App=-32.49ms,GD=0.00ms,CPU&GPU=0.00ms,LCnt=1(DR0,LM0),GPU%=0.12,CPU%=0.09(W0.10),DSF=1.00,CFL=11.80/17.42,ICFLp95=15.31,LD=0,SF=0.00,LP=0,DVFS=0
12-27 04:58:56.317   945  1423 I Tracking: RELOC_TIMER: Running localization in background with throttling - It's 36.6 seconds since first attempt, background timeout after 3600 seconds
12-27 04:58:56.317   945  1423 I Tracking: LocalizationStateMachine: Not scheduling fine localization since last fine reloc is < 1s old.
12-27 04:58:56.318   945  1423 I Tracking: VEGA_MAPPER: Did not schedule localization because in cooldown.
12-27 04:58:56.318   945  1423 I Tracking: RELOC_TIMER: Running localization in background with throttling - It's 36.6 seconds since first attempt, background timeout after 3600 seconds
12-27 04:58:56.557   945  1423 I Tracking: RELOC_TIMER: Running localization in background with throttling - It's 36.84 seconds since first attempt, background timeout after 3600 seconds
12-27 04:58:56.557   945  1423 I Tracking: LocalizationStateMachine: Not scheduling fine localization since last fine reloc is < 1s old.
12-27 04:58:56.557   945  1423 I Tracking: VEGA_MAPPER: Did not schedule localization because in cooldown.
12-27 04:58:56.557   945  1423 I Tracking: RELOC_TIMER: Running localization in background with throttling - It's 36.84 seconds since first attempt, background timeout after 3600 seconds
12-27 04:58:56.796   945  1423 I Tracking: RELOC_TIMER: Running localization in background with throttling - It's 37.08 seconds since first attempt, background timeout after 3600 seconds
12-27 04:58:56.796   945  1423 I Tracking: LocalizationStateMachine: LocalizationStateMachine updated from NoAction to CoarseAndFineLocalization
12-27 04:58:56.796   945  1423 I Tracking: VEGA_MAPPER: Scheduling coarse localization.
12-27 04:58:56.797   945  1423 I Tracking: VEGA_MAPPER: Scheduling localization on root nodes 3c06380f-0958-3898-3af7-75699c3213b3.
12-27 04:58:56.797   945  1429 E Tracking: FusedSubmapListProvider: fusion logic INTERSECTION_RANKED
12-27 04:58:56.797   945  1429 I Tracking: WifiSubmapListProvider: Using wifi distance model
12-27 04:58:56.798   945  1423 I Tracking: RELOC_TIMER: Running localization in background with throttling - It's 37.08 seconds since first attempt, background timeout after 3600 seconds
12-27 04:58:56.802   945  1425 I Tracking: VIPER:DEEP_DESCRIPTOR: Computing Deep Descriptors using gravity orientation.
12-27 04:58:56.809   945  1429 W Tracking: PlaceRecognitionSubmapListProvider: Requested to extract top 20 submaps but we only have 4 in disk.
12-27 04:58:56.854   945  1423 I Tracking: VEGA_LOCALIZER: Fallback descriptor ratio in index 0.4885256290435791 is lower than threshold 0.7, skipping fallback matching
12-27 04:58:56.860   945  1423 I Tracking: VEGA_LOCALIZER: Obtained 41 matches from 996 keypoints using udeep descriptors
12-27 04:58:56.860   945  1423 I Tracking: VEGA_LOCALIZER: Obtained 41 total matches from 996 total keypoints
12-27 04:58:56.862   945  1425 I Tracking: LOCALIZATION_POSE_ESTIMATOR: No pose scoring method was provided, not doing pose scoring
12-27 04:58:56.863   945  1425 I Tracking: LOCALIZATION_POSE_ESTIMATOR: Clustered estimation results from: 1 to : 1
12-27 04:58:56.863   945  1425 I Tracking: LOCALIZATION_POSE_ESTIMATOR: Post-RANSAC iterative minimization converged? false, number of successful features: 2, number of inlier observations: 2
12-27 04:58:56.863   945  1425 I Tracking: LOCALIZATION_POSE_ESTIMATOR: Keeping RANSAC pose estimate, iterative-minimization result ignored.
12-27 04:58:56.863   945  1425 I Tracking: LOCALIZATION_POSE_ESTIMATOR: removing duplicate inliers
12-27 04:58:56.863   945  1425 W Tracking: VEGA_LOCALIZER: RANSAC failure: didn't find enough inliers for next step. Needs at least 4, got 2.
12-27 04:58:57.003  9727 10412 I VrApi   : FPS=52/72,Prd=54ms,Tear=0,Early=4,Stale=25,Stale2/5/10/max=3/0/0/3,VSnc=0,Lat=-1,Fov=0,CPU4/GPU=5/4,1478/525MHz,OC=FF,TA=0/0/0,SP=N/N/N,Mem=2092MHz,Free=2449MB,PLS=0,Temp=25.5C/0.0C,TW=1.73ms,App=16.17ms,GD=0.00ms,CPU&GPU=32.18ms,LCnt=1(DR72,LM0),GPU%=0.98,CPU%=0.46(W0.50),DSF=1.00,CFL=13.99/19.53,ICFLp95=17.46,LD=0,SF=1.00,LP=0,DVFS=0
12-27 04:58:57.036   945  1423 I Tracking: RELOC_TIMER: Running localization in background with throttling - It's 37.32 seconds since first attempt, background timeout after 3600 seconds
12-27 04:58:57.036   945  1423 I Tracking: LocalizationStateMachine: Not scheduling fine localization since last fine reloc is < 1s old.
12-27 04:58:57.036   945  1423 I Tracking: LocalizationStateMachine: All 1 submap set to load (and no more) are already in memory
12-27 04:58:57.036   945  1423 I Tracking: LocalizationStateMachine: Ignoring submap sets to be loaded since they are already all in memory.
12-27 04:58:57.036   945  1423 I Tracking: LocalizationStateMachine: Not scheduling coarse localization since last coarse reloc is < 1s old.
12-27 04:58:57.036   945  1423 I Tracking: LocalizationStateMachine: LocalizationStateMachine updated from CoarseAndFineLocalization to NoAction
12-27 04:58:57.036   945  1423 I Tracking: VEGA_MAPPER: Did not schedule localization because in cooldown.
12-27 04:58:57.036   945  1423 I Tracking: RELOC_TIMER: Running localization in background with throttling - It's 37.32 seconds since first attempt, background timeout after 3600 seconds
12-27 04:58:57.275   945  1423 I Tracking: RELOC_TIMER: Running localization in background with throttling - It's 37.56 seconds since first attempt, background timeout after 3600 seconds
12-27 04:58:57.275   945  1423 I Tracking: LocalizationStateMachine: Not scheduling fine localization since last fine reloc is < 1s old.
12-27 04:58:57.275   945  1423 I Tracking: VEGA_MAPPER: Did not schedule localization because in cooldown.
12-27 04:58:57.275   945  1423 I Tracking: RELOC_TIMER: Running localization in background with throttling - It's 37.56 seconds since first attempt, background timeout after 3600 seconds
12-27 04:58:57.286  1985  9863 I VrApi   : FPS=3/0,Prd=0ms,Tear=0,Early=0,Stale=0,Stale2/5/10/max=0/0/0/0,VSnc=0,Lat=-1,Fov=0,CPU4/GPU=5/3,1171/490MHz,OC=FF,TA=0/F/0,SP=N/N/N,Mem=1353MHz,Free=2464MB,PLS=0,Temp=24.7C/0.0C,TW=1.08ms,App=-32.49ms,GD=0.00ms,CPU&GPU=0.00ms,LCnt=1(DR0,LM0),GPU%=0.12,CPU%=0.09(W0.10),DSF=1.00,CFL=11.80/17.42,ICFLp95=15.31,LD=0,SF=0.00,LP=0,DVFS=0
12-27 04:58:57.524   945  1423 I Tracking: RELOC_TIMER: Running localization in background with throttling - It's 37.8 seconds since first attempt, background timeout after 3600 seconds
12-27 04:58:57.524   945  1423 I Tracking: LocalizationStateMachine: Not scheduling fine localization since last fine reloc is < 1s old.
12-27 04:58:57.525   945  1423 I Tracking: VEGA_MAPPER: Did not schedule localization because in cooldown.
12-27 04:58:57.526   945  1423 I Tracking: RELOC_TIMER: Running localization in background with throttling - It's 37.8 seconds since first attempt, background timeout after 3600 seconds
12-27 04:58:57.758   945  1423 I Tracking: RELOC_TIMER: Running localization in background with throttling - It's 38.04 seconds since first attempt, background timeout after 3600 seconds
12-27 04:58:57.758   945  1423 I Tracking: LocalizationStateMachine: Not scheduling fine localization since last fine reloc is < 1s old.
12-27 04:58:57.758   945  1423 I Tracking: VEGA_MAPPER: Did not schedule localization because in cooldown.
12-27 04:58:57.758   945  1423 I Tracking: RELOC_TIMER: Running localization in background with throttling - It's 38.04 seconds since first attempt, background timeout after 3600 seconds
12-27 04:58:57.854     0     0 W healthd : battery l=100 v=4292 t=25.5 h=2 st=4 c=-754882 fc=3749000 cc=3 chg=u
12-27 04:58:57.995   945  1423 I Tracking: RELOC_TIMER: Running localization in background with throttling - It's 38.28 seconds since first attempt, background timeout after 3600 seconds
12-27 04:58:57.995   945  1423 I Tracking: LocalizationStateMachine: LocalizationStateMachine updated from NoAction to CoarseAndFineLocalization
12-27 04:58:57.996   945  1423 I Tracking: VEGA_MAPPER: Scheduling coarse localization.
12-27 04:58:57.996   945  1423 I Tracking: VEGA_MAPPER: Scheduling localization on root nodes 3c06380f-0958-3898-3af7-75699c3213b3.
12-27 04:58:57.996   945  1429 E Tracking: FusedSubmapListProvider: fusion logic INTERSECTION_RANKED
12-27 04:58:57.996   945  1429 I Tracking: WifiSubmapListProvider: Using wifi distance model
12-27 04:58:57.996   945  1423 I Tracking: RELOC_TIMER: Running localization in background with throttling - It's 38.28 seconds since first attempt, background timeout after 3600 seconds
12-27 04:58:58.001   945  1425 I Tracking: VIPER:DEEP_DESCRIPTOR: Computing Deep Descriptors using gravity orientation.
12-27 04:58:58.003  9727 10412 I VrApi   : FPS=51/72,Prd=54ms,Tear=0,Early=5,Stale=29,Stale2/5/10/max=3/1/0/6,VSnc=0,Lat=-1,Fov=0,CPU4/GPU=5/4,1478/525MHz,OC=FF,TA=0/0/0,SP=N/N/N,Mem=2092MHz,Free=2449MB,PLS=0,Temp=25.5C/0.0C,TW=1.72ms,App=16.56ms,GD=0.00ms,CPU&GPU=32.30ms,LCnt=1(DR72,LM0),GPU%=0.98,CPU%=0.47(W0.48),DSF=1.00,CFL=14.01/19.48,ICFLp95=17.39,LD=0,SF=1.00,LP=0,DVFS=0
12-27 04:58:58.009   945  1429 W Tracking: PlaceRecognitionSubmapListProvider: Requested to extract top 20 submaps but we only have 4 in disk.
12-27 04:58:58.055   945  1423 I Tracking: VEGA_LOCALIZER: Fallback descriptor ratio in index 0.4885256290435791 is lower than threshold 0.7, skipping fallback matching
12-27 04:58:58.058   945 10180 W Tracking: TIMESTAMPCHECKER: Nominal rate wrong. Estimated data rate: 25, Nominal is 30
12-27 04:58:58.059   945  1423 I Tracking: VEGA_LOCALIZER: Obtained 39 matches from 992 keypoints using udeep descriptors
12-27 04:58:58.059   945  1423 I Tracking: VEGA_LOCALIZER: Obtained 39 total matches from 992 total keypoints
12-27 04:58:58.060   945  1425 I Tracking: LOCALIZATION_POSE_ESTIMATOR: No pose scoring method was provided, not doing pose scoring
12-27 04:58:58.061   945  1425 I Tracking: LOCALIZATION_POSE_ESTIMATOR: Clustered estimation results from: 1 to : 1
12-27 04:58:58.061   945  1425 I Tracking: LOCALIZATION_POSE_ESTIMATOR: Post-RANSAC iterative minimization converged? true, number of successful features: 3, number of inlier observations: 3
12-27 04:58:58.061   945  1425 I Tracking: LOCALIZATION_POSE_ESTIMATOR: Keeping RANSAC pose estimate, iterative-minimization result ignored.
12-27 04:58:58.061   945  1425 I Tracking: LOCALIZATION_POSE_ESTIMATOR: removing duplicate inliers
12-27 04:58:58.061   945  1425 W Tracking: VEGA_LOCALIZER: RANSAC failure: pose couldn't be refined.
12-27 04:58:58.202     0     0 W healthd : battery l=100 v=4291 t=25.5 h=2 st=4 c=-759276 fc=3749000 cc=3 chg=u
12-27 04:58:58.232   945  1423 I Tracking: RELOC_TIMER: Running localization in background with throttling - It's 38.52 seconds since first attempt, background timeout after 3600 seconds
12-27 04:58:58.232   945  1423 I Tracking: LocalizationStateMachine: Not scheduling fine localization since last fine reloc is < 1s old.
12-27 04:58:58.232   945  1423 I Tracking: LocalizationStateMachine: All 1 submap set to load (and no more) are already in memory
12-27 04:58:58.232   945  1423 I Tracking: LocalizationStateMachine: Ignoring submap sets to be loaded since they are already all in memory.
12-27 04:58:58.232   945  1423 I Tracking: LocalizationStateMachine: Not scheduling coarse localization since last coarse reloc is < 1s old.
12-27 04:58:58.232   945  1423 I Tracking: LocalizationStateMachine: LocalizationStateMachine updated from CoarseAndFineLocalization to NoAction
12-27 04:58:58.232   945  1423 I Tracking: VEGA_MAPPER: Did not schedule localization because in cooldown.
12-27 04:58:58.232   945  1423 I Tracking: RELOC_TIMER: Running localization in background with throttling - It's 38.52 seconds since first attempt, background timeout after 3600 seconds
12-27 04:58:58.322  1985  9863 I VrApi   : FPS=3/0,Prd=0ms,Tear=0,Early=0,Stale=0,Stale2/5/10/max=0/0/0/0,VSnc=0,Lat=-1,Fov=0,CPU4/GPU=5/3,1171/490MHz,OC=FF,TA=0/F/0,SP=N/N/N,Mem=1353MHz,Free=2464MB,PLS=0,Temp=24.7C/0.0C,TW=1.08ms,App=-32.49ms,GD=0.00ms,CPU&GPU=0.00ms,LCnt=1(DR0,LM0),GPU%=0.12,CPU%=0.09(W0.10),DSF=1.00,CFL=11.80/17.42,ICFLp95=15.31,LD=0,SF=0.00,LP=0,DVFS=0
12-27 04:58:58.472   945  1423 I Tracking: RELOC_TIMER: Running localization in background with throttling - It's 38.76 seconds since first attempt, background timeout after 3600 seconds
12-27 04:58:58.472   945  1423 I Tracking: LocalizationStateMachine: Not scheduling fine localization since last fine reloc is < 1s old.
12-27 04:58:58.473   945  1423 I Tracking: VEGA_MAPPER: Did not schedule localization because in cooldown.
12-27 04:58:58.474   945  1423 I Tracking: RELOC_TIMER: Running localization in background with throttling - It's 38.76 seconds since first attempt, background timeout after 3600 seconds
12-27 04:58:58.632   945 10180 I Tracking: VIPER: Mode=SuperVega,Status=6DoF,TRACKING,Inl=32,Mem=94.9,Jit=0.1mm,Issues(Cam/min=0.0,IMU/min=0.0),Exp=(9.1ms,g=11.0,I=85,Ir=846.3)(10.6ms,g=14.0,I=71,Ir=475.4)(10.6ms,g=14.0,I=90,Ir=606.3)(6.5ms,g=6.0,I=77,Ir=1984.9)
12-27 04:58:58.641   945 10122 I Tracking: BOLT:HexagonTelemetry: Global DSP utilization: 8.43% (421 / 5003 ms), Scalar Util: 68.53%, HVX Util: 41.28%, HMX Util: 0.00%.
12-27 04:58:58.717   945  1423 I Tracking: RELOC_TIMER: Running localization in background with throttling - It's 39 seconds since first attempt, background timeout after 3600 seconds
12-27 04:58:58.717   945  1423 I Tracking: LocalizationStateMachine: Not scheduling fine localization since last fine reloc is < 1s old.
12-27 04:58:58.717   945  1423 I Tracking: VEGA_MAPPER: Did not schedule localization because in cooldown.
12-27 04:58:58.717   945  1423 I Tracking: RELOC_TIMER: Running localization in background with throttling - It's 39 seconds since first attempt, background timeout after 3600 seconds
12-27 04:58:58.729  2875 10186 I CompositorVR: WarpToScreen: Skipping frames for 2
12-27 04:58:58.952   945  1423 I Tracking: RELOC_TIMER: Running localization in background with throttling - It's 39.24 seconds since first attempt, background timeout after 3600 seconds
12-27 04:58:58.952   945  1423 I Tracking: LocalizationStateMachine: Not scheduling fine localization since last fine reloc is < 1s old.
12-27 04:58:58.952   945  1423 I Tracking: VEGA_MAPPER: Did not schedule localization because in cooldown.
12-27 04:58:58.952   945  1423 I Tracking: RELOC_TIMER: Running localization in background with throttling - It's 39.24 seconds since first attempt, background timeout after 3600 seconds
12-27 04:58:59.003  9727 10412 I VrApi   : FPS=52/72,Prd=53ms,Tear=0,Early=6,Stale=26,Stale2/5/10/max=6/0/0/3,VSnc=0,Lat=-1,Fov=0,CPU4/GPU=5/4,1574/525MHz,OC=FF,TA=0/0/0,SP=N/N/N,Mem=2092MHz,Free=2449MB,PLS=0,Temp=25.5C/0.0C,TW=1.71ms,App=17.13ms,GD=0.00ms,CPU&GPU=33.07ms,LCnt=1(DR72,LM0),GPU%=0.98,CPU%=0.41(W0.48),DSF=1.00,CFL=14.07/19.30,ICFLp95=17.39,LD=0,SF=1.00,LP=0,DVFS=0
12-27 04:58:59.103  2875  3106 E TREX    : Interface version 1 was not found. Check debug build for more information.
12-27 04:58:59.179   945 10118 I Tracking: boltlib: DSP utilization: 10.10 % (508 / 5034 ms)
12-27 04:58:59.196   945  1423 I Tracking: RELOC_TIMER: Running localization in background with throttling - It's 39.48 seconds since first attempt, background timeout after 3600 seconds
12-27 04:58:59.196   945  1423 I Tracking: LocalizationStateMachine: LocalizationStateMachine updated from NoAction to CoarseAndFineLocalization
12-27 04:58:59.197   945  1423 I Tracking: VEGA_MAPPER: Scheduling coarse localization.
12-27 04:58:59.197   945  1423 I Tracking: VEGA_MAPPER: Scheduling localization on root nodes 3c06380f-0958-3898-3af7-75699c3213b3.
12-27 04:58:59.197   945  1429 E Tracking: FusedSubmapListProvider: fusion logic INTERSECTION_RANKED
12-27 04:58:59.197   945  1429 I Tracking: WifiSubmapListProvider: Using wifi distance model
12-27 04:58:59.197   945  1423 I Tracking: RELOC_TIMER: Running localization in background with throttling - It's 39.48 seconds since first attempt, background timeout after 3600 seconds
12-27 04:58:59.202   945  1425 I Tracking: VIPER:DEEP_DESCRIPTOR: Computing Deep Descriptors using gravity orientation.
12-27 04:58:59.208   945  1429 W Tracking: PlaceRecognitionSubmapListProvider: Requested to extract top 20 submaps but we only have 4 in disk.
12-27 04:58:59.253   945  1423 I Tracking: VEGA_LOCALIZER: Fallback descriptor ratio in index 0.4885256290435791 is lower than threshold 0.7, skipping fallback matching
12-27 04:58:59.256   945  1423 I Tracking: VEGA_LOCALIZER: Obtained 33 matches from 996 keypoints using udeep descriptors
12-27 04:58:59.256   945  1423 I Tracking: VEGA_LOCALIZER: Obtained 33 total matches from 996 total keypoints
12-27 04:58:59.259   945  1425 I Tracking: LOCALIZATION_POSE_ESTIMATOR: No pose scoring method was provided, not doing pose scoring
12-27 04:58:59.260   945  1425 I Tracking: LOCALIZATION_POSE_ESTIMATOR: Clustered estimation results from: 1 to : 1
12-27 04:58:59.260   945  1425 I Tracking: LOCALIZATION_POSE_ESTIMATOR: Post-RANSAC iterative minimization converged? false, number of successful features: 1, number of inlier observations: 2
12-27 04:58:59.260   945  1425 I Tracking: LOCALIZATION_POSE_ESTIMATOR: Keeping RANSAC pose estimate, iterative-minimization result ignored.
12-27 04:58:59.260   945  1425 I Tracking: LOCALIZATION_POSE_ESTIMATOR: Removed 2 duplicate inliers from the localization result (before: 5, after: 3).
12-27 04:58:59.260   945  1425 I Tracking: LOCALIZATION_POSE_ESTIMATOR: removing duplicate inliers
12-27 04:58:59.260   945  1425 W Tracking: VEGA_LOCALIZER: RANSAC failure: didn't find enough inliers for next step. Needs at least 4, got 3.
12-27 04:58:59.358  1985  9863 I VrApi   : FPS=3/0,Prd=0ms,Tear=0,Early=0,Stale=0,Stale2/5/10/max=0/0/0/0,VSnc=0,Lat=-1,Fov=0,CPU4/GPU=5/3,1171/490MHz,OC=FF,TA=0/F/0,SP=N/N/N,Mem=1353MHz,Free=2464MB,PLS=0,Temp=24.7C/0.0C,TW=1.08ms,App=-32.49ms,GD=0.00ms,CPU&GPU=0.00ms,LCnt=1(DR0,LM0),GPU%=0.12,CPU%=0.09(W0.10),DSF=1.00,CFL=11.80/17.42,ICFLp95=15.31,LD=0,SF=0.00,LP=0,DVFS=0
12-27 04:58:59.432   945  1423 I Tracking: RELOC_TIMER: Running localization in background with throttling - It's 39.72 seconds since first attempt, background timeout after 3600 seconds
12-27 04:58:59.432   945  1423 I Tracking: LocalizationStateMachine: Not scheduling fine localization since last fine reloc is < 1s old.
12-27 04:58:59.432   945  1423 I Tracking: LocalizationStateMachine: All 1 submap set to load (and no more) are already in memory
12-27 04:58:59.432   945  1423 I Tracking: LocalizationStateMachine: Ignoring submap sets to be loaded since they are already all in memory.
12-27 04:58:59.432   945  1423 I Tracking: LocalizationStateMachine: Not scheduling coarse localization since last coarse reloc is < 1s old.
12-27 04:58:59.432   945  1423 I Tracking: LocalizationStateMachine: LocalizationStateMachine updated from CoarseAndFineLocalization to NoAction
12-27 04:58:59.432   945  1423 I Tracking: VEGA_MAPPER: Did not schedule localization because in cooldown.
12-27 04:58:59.432   945  1423 I Tracking: RELOC_TIMER: Running localization in background with throttling - It's 39.72 seconds since first attempt, background timeout after 3600 seconds
12-27 04:58:59.671   945  1423 I Tracking: RELOC_TIMER: Running localization in background with throttling - It's 39.96 seconds since first attempt, background timeout after 3600 seconds
12-27 04:58:59.671   945  1423 I Tracking: LocalizationStateMachine: Not scheduling fine localization since last fine reloc is < 1s old.
12-27 04:58:59.671   945  1423 I Tracking: VEGA_MAPPER: Did not schedule localization because in cooldown.
12-27 04:58:59.671   945  1423 I Tracking: RELOC_TIMER: Running localization in background with throttling - It's 39.96 seconds since first attempt, background timeout after 3600 seconds
12-27 04:58:59.950   945  1423 I Tracking: RELOC_TIMER: Running localization in background with throttling - It's 40.24 seconds since first attempt, background timeout after 3600 seconds
12-27 04:58:59.950   945  1423 I Tracking: LocalizationStateMachine: Not scheduling fine localization since last fine reloc is < 1s old.
12-27 04:58:59.951   945  1423 I Tracking: VEGA_MAPPER: Did not schedule localization because in cooldown.
12-27 04:58:59.951   945  1423 I Tracking: RELOC_TIMER: Running localization in background with throttling - It's 40.24 seconds since first attempt, background timeout after 3600 seconds
12-27 04:59:00.002  3141  3190 E [CT]    : SpatialAnchorPipeline: [Throttled count=49] checkStateEq: getActiveGuardian Called in an invalid state. IDLE
12-27 04:59:00.003  9727 10412 I VrApi   : FPS=53/72,Prd=53ms,Tear=0,Early=5,Stale=30,Stale2/5/10/max=7/0/0/3,VSnc=0,Lat=-1,Fov=0,CPU4/GPU=5/4,1478/525MHz,OC=FF,TA=0/0/0,SP=N/N/N,Mem=2092MHz,Free=2449MB,PLS=0,Temp=25.5C/0.0C,TW=1.72ms,App=17.17ms,GD=0.00ms,CPU&GPU=31.04ms,LCnt=1(DR72,LM0),GPU%=0.99,CPU%=0.47(W0.50),DSF=1.00,CFL=13.88/20.08,ICFLp95=17.41,LD=0,SF=1.00,LP=0,DVFS=0
12-27 04:59:00.045 28792  4422 I OpenGLRenderer: Davey! duration=9223276893382ms; Flags=0, FrameTimelineVsyncId=300073, IntendedVsync=95143472236696, Vsync=95143472236696, InputEventId=0, HandleInputStart=95143472803704, AnimationStart=95143472806672, PerformTraversalsStart=95143473120631, DrawStart=95143489308183, FrameDeadline=95143499014470, FrameInterval=95143472788131, FrameStartTime=8333333, SyncQueued=95143489847506, SyncStart=95143489900839, IssueDrawCommandsStart=95143490191985, SwapBuffers=95143494380162, FrameCompleted=9223372036854775807, DequeueBufferDuration=54219, QueueBufferDuration=598594, GpuCompleted=9223372036854775807, SwapBuffersCompleted=95143495319589, DisplayPresentTime=-1537262177575276602, 
12-27 04:59:00.096   945 10180 W Tracking: TIMESTAMPCHECKER: Nominal rate wrong. Estimated data rate: 25, Nominal is 30
12-27 04:59:00.188   945  1423 I Tracking: Vega:MapBuilderBase: Created keyRig with frameID 1027 and uid 4a189b08
12-27 04:59:00.190   945  1423 I Tracking: RELOC_TIMER: Running localization in background with throttling - It's 40.48 seconds since first attempt, background timeout after 3600 seconds
12-27 04:59:00.190   945  1423 I Tracking: LocalizationStateMachine: LocalizationStateMachine updated from NoAction to CoarseAndFineLocalization
12-27 04:59:00.191   945  1423 I Tracking: KEYPOINT_CACHE: New keyrig added has 186 corners and 165 tracks to immature points @ frameID=1027, processingTs=95143.647829120 [sec]
12-27 04:59:00.191   945  1423 I Tracking: VEGA_MAPPER: Scheduling coarse localization.
12-27 04:59:00.191   945  1423 I Tracking: VEGA_MAPPER: Scheduling localization on root nodes 3c06380f-0958-3898-3af7-75699c3213b3.
12-27 04:59:00.191   945  1429 E Tracking: FusedSubmapListProvider: fusion logic INTERSECTION_RANKED
12-27 04:59:00.191   945  1429 I Tracking: WifiSubmapListProvider: Using wifi distance model
12-27 04:59:00.191   945  1423 I Tracking: RELOC_TIMER: Running localization in background with throttling - It's 40.48 seconds since first attempt, background timeout after 3600 seconds
12-27 04:59:00.199   945  1423 I Tracking: VegaBAOptimize: Num points adjusted: 220 fixed: 0 Num residuals in-in: 1124 in-out: 170 out-in: 0 fixed (out-out): 0 outside ROI: 0 total: 1294
12-27 04:59:00.200   945  1423 I Tracking: VegaBAOptimize: Total: neighbor 1 L1s, adjust 1 L1s. KRs 7, Points 220, Cameras 28, FixedKr (small bubble) 1 (1), AdjustKR 6, Imus 6
12-27 04:59:00.206   945  1429 W Tracking: PlaceRecognitionSubmapListProvider: Requested to extract top 20 submaps but we only have 4 in disk.
12-27 04:59:00.211   945  1425 I Tracking: VIPER:DEEP_DESCRIPTOR: Computing Deep Descriptors using gravity orientation.
12-27 04:59:00.221   945  1423 I Tracking: VegaBAOptimize: resRemoved = 22, pntRemoved = 0
12-27 04:59:00.254   945  1424 I Tracking: VegaMapIO: VegaMapIO::saveKeypoints called for keyrigUid = 4a189b08-c781-3ece-81ee-8a58720d6265
12-27 04:59:00.269   945  1423 I Tracking: VEGA_LOCALIZER: Fallback descriptor ratio in index 0.4885256290435791 is lower than threshold 0.7, skipping fallback matching
12-27 04:59:00.269   945  1425 I Tracking: VEGA_LOCALIZER: Computed 1077 orb descriptors that will be used for PBR or Orphans descriptor
12-27 04:59:00.269   945  1425 I Tracking: VEGA_LOCALIZER: Computed 1144 udeep descriptors that will be used for PBR or Orphans descriptor
12-27 04:59:00.273   945  1423 I Tracking: VEGA_LOCALIZER: Obtained 24 matches from 1310 keypoints using udeep descriptors
12-27 04:59:00.274   945  1423 I Tracking: VEGA_LOCALIZER: Obtained 24 total matches from 1310 total keypoints
12-27 04:59:00.275   945  1425 I Tracking: LOCALIZATION_POSE_ESTIMATOR: No pose scoring method was provided, not doing pose scoring
12-27 04:59:00.276   945  1425 I Tracking: LOCALIZATION_POSE_ESTIMATOR: Clustered estimation results from: 1 to : 1
12-27 04:59:00.276   945  1425 I Tracking: LOCALIZATION_POSE_ESTIMATOR: Post-RANSAC iterative minimization converged? true, number of successful features: 3, number of inlier observations: 4
12-27 04:59:00.276   945  1425 I Tracking: LOCALIZATION_POSE_ESTIMATOR: removing duplicate inliers
12-27 04:59:00.276   945  1425 W Tracking: VEGA_LOCALIZER: RANSAC failure: didn't find enough inliers for next step. Needs at least 4, got 2.
12-27 04:59:00.279   945  1423 I Tracking: VEGA_LOCALIZER: Added 150/160 orb descriptors to the index. It has 1704 descriptors for 315 points, with stdev: 0.74 and max: 4.51.
12-27 04:59:00.283   945  1423 I Tracking: VEGA_LOCALIZER: Added place descriptor to keyrig h[71, 35]. PBR meta: type: vlad, descriptor: orb, version: 1, num_words: 256
12-27 04:59:00.285   945  1423 I Tracking: VEGA_LOCALIZER: Added 150/166 udeep descriptors to the index. It has 1777 descriptors for 315 points, with stdev: 0.83 and max: 5.62.
12-27 04:59:00.288   945  1423 I Tracking: VEGA_LOCALIZER: Added place descriptor to keyrig h[71, 35]. PBR meta: type: vlad, descriptor: udeep, version: 1, num_words: 256
12-27 04:59:00.288   945  1423 I Tracking: VEGA_LOCALIZER: New descriptors added - Regular: 300, Immature: 0, Resampled by OrphanDescriptors: 0. # Total descriptors: 1704 fallback and 1777 primary.
12-27 04:59:00.394  1985  9863 I VrApi   : FPS=3/0,Prd=0ms,Tear=0,Early=0,Stale=0,Stale2/5/10/max=0/0/0/0,VSnc=0,Lat=-1,Fov=0,CPU4/GPU=5/3,1171/490MHz,OC=FF,TA=0/F/0,SP=N/N/N,Mem=1353MHz,Free=2464MB,PLS=0,Temp=24.7C/0.0C,TW=1.08ms,App=-32.49ms,GD=0.00ms,CPU&GPU=0.00ms,LCnt=1(DR0,LM0),GPU%=0.12,CPU%=0.09(W0.10),DSF=1.00,CFL=11.80/17.42,ICFLp95=15.31,LD=0,SF=0.00,LP=0,DVFS=0
12-27 04:59:00.425  9727  9906 D UE      : [2023.12.26-23.59.00:425][987]LogNet: Initial Connect Diagnostics: Sent '9' packets in last '10.016358' seconds, no packets received yet.
12-27 04:59:00.435   945  1423 I Tracking: RELOC_TIMER: Running localization in background with throttling - It's 40.72 seconds since first attempt, background timeout after 3600 seconds
12-27 04:59:00.435   945  1423 I Tracking: LocalizationStateMachine: Not scheduling fine localization since last fine reloc is < 1s old.
12-27 04:59:00.436   945  1423 I Tracking: LocalizationStateMachine: All 1 submap set to load (and no more) are already in memory
12-27 04:59:00.436   945  1423 I Tracking: LocalizationStateMachine: Ignoring submap sets to be loaded since they are already all in memory.
12-27 04:59:00.436   945  1423 I Tracking: LocalizationStateMachine: Not scheduling coarse localization since last coarse reloc is < 1s old.
12-27 04:59:00.436   945  1423 I Tracking: LocalizationStateMachine: LocalizationStateMachine updated from CoarseAndFineLocalization to NoAction
12-27 04:59:00.436   945  1423 I Tracking: VEGA_MAPPER: Did not schedule localization because in cooldown.
12-27 04:59:00.436   945  1423 I Tracking: RELOC_TIMER: Running localization in background with throttling - It's 40.72 seconds since first attempt, background timeout after 3600 seconds
12-27 04:59:00.672   945  1423 I Tracking: RELOC_TIMER: Running localization in background with throttling - It's 40.96 seconds since first attempt, background timeout after 3600 seconds
12-27 04:59:00.672   945  1423 I Tracking: LocalizationStateMachine: Not scheduling fine localization since last fine reloc is < 1s old.
12-27 04:59:00.672   945  1423 I Tracking: VEGA_MAPPER: Did not schedule localization because in cooldown.
12-27 04:59:00.672   945  1423 I Tracking: RELOC_TIMER: Running localization in background with throttling - It's 40.96 seconds since first attempt, background timeout after 3600 seconds
12-27 04:59:00.699  9727 10326 I AppLoadTimeTelemetryCommon: App load time recorded [packageName=com.epicgames.AtomVR, time=116.683871, method="BeginFrame (2000)", launchType="Launch"]
12-27 04:59:00.830   945 10180 I Tracking: VEGA:HIGH_FREQ_OCAL: 0:(241.63,(317.76,240.32)) 1:(241.79,(321.23,240.49)) 2:(241.64,(320.49,240.42)) 3:(241.79,(319.54,240.37)) 
12-27 04:59:00.915   945  1423 I Tracking: RELOC_TIMER: Running localization in background with throttling - It's 41.2 seconds since first attempt, background timeout after 3600 seconds
12-27 04:59:00.915   945  1423 I Tracking: LocalizationStateMachine: Not scheduling fine localization since last fine reloc is < 1s old.
12-27 04:59:00.915   945  1423 I Tracking: VEGA_MAPPER: Did not schedule localization because in cooldown.
12-27 04:59:00.915   945  1423 I Tracking: RELOC_TIMER: Running localization in background with throttling - It's 41.2 seconds since first attempt, background timeout after 3600 seconds
12-27 04:59:01.003  9727 10412 I VrApi   : FPS=53/72,Prd=53ms,Tear=0,Early=8,Stale=29,Stale2/5/10/max=5/1/0/6,VSnc=0,Lat=-1,Fov=0,CPU4/GPU=5/4,1574/525MHz,OC=FF,TA=0/0/0,SP=N/N/N,Mem=2092MHz,Free=2449MB,PLS=0,Temp=25.5C/0.0C,TW=1.73ms,App=15.63ms,GD=0.00ms,CPU&GPU=33.77ms,LCnt=1(DR72,LM0),GPU%=0.94,CPU%=0.44(W0.45),DSF=1.00,CFL=13.87/19.26,ICFLp95=17.26,LD=0,SF=1.00,LP=0,DVFS=0
12-27 04:59:01.152   945  1423 I Tracking: RELOC_TIMER: Running localization in background with throttling - It's 41.44 seconds since first attempt, background timeout after 3600 seconds
12-27 04:59:01.152   945  1423 I Tracking: LocalizationStateMachine: Not scheduling fine localization since last fine reloc is < 1s old.
12-27 04:59:01.153   945  1423 I Tracking: VEGA_MAPPER: Did not schedule localization because in cooldown.
12-27 04:59:01.153   945  1423 I Tracking: RELOC_TIMER: Running localization in background with throttling - It's 41.44 seconds since first attempt, background timeout after 3600 seconds
12-27 04:59:01.396   945  1423 I Tracking: RELOC_TIMER: Running localization in background with throttling - It's 41.68 seconds since first attempt, background timeout after 3600 seconds
12-27 04:59:01.396   945  1423 I Tracking: LocalizationStateMachine: LocalizationStateMachine updated from NoAction to CoarseAndFineLocalization
12-27 04:59:01.397   945  1423 I Tracking: VEGA_MAPPER: Scheduling coarse localization.
12-27 04:59:01.397   945  1423 I Tracking: VEGA_MAPPER: Scheduling localization on root nodes 3c06380f-0958-3898-3af7-75699c3213b3.
12-27 04:59:01.397   945  1429 E Tracking: FusedSubmapListProvider: fusion logic INTERSECTION_RANKED
12-27 04:59:01.397   945  1429 I Tracking: WifiSubmapListProvider: Using wifi distance model
12-27 04:59:01.399   945  1423 I Tracking: RELOC_TIMER: Running localization in background with throttling - It's 41.68 seconds since first attempt, background timeout after 3600 seconds
12-27 04:59:01.403   945  1425 I Tracking: VIPER:DEEP_DESCRIPTOR: Computing Deep Descriptors using gravity orientation.
12-27 04:59:01.413   945  1429 W Tracking: PlaceRecognitionSubmapListProvider: Requested to extract top 20 submaps but we only have 4 in disk.
12-27 04:59:01.435  1985  9863 I VrApi   : FPS=3/0,Prd=0ms,Tear=0,Early=0,Stale=0,Stale2/5/10/max=0/0/0/0,VSnc=0,Lat=-1,Fov=0,CPU4/GPU=5/3,1171/490MHz,OC=FF,TA=0/F/0,SP=N/N/N,Mem=1353MHz,Free=2464MB,PLS=0,Temp=24.7C/0.0C,TW=1.08ms,App=-32.49ms,GD=0.00ms,CPU&GPU=0.00ms,LCnt=1(DR0,LM0),GPU%=0.12,CPU%=0.09(W0.10),DSF=1.00,CFL=11.80/17.42,ICFLp95=15.31,LD=0,SF=0.00,LP=0,DVFS=0
12-27 04:59:01.453   945  1423 I Tracking: VEGA_LOCALIZER: Fallback descriptor ratio in index 0.4895144999027252 is lower than threshold 0.7, skipping fallback matching
12-27 04:59:01.456   945  1423 I Tracking: VEGA_LOCALIZER: Obtained 29 matches from 992 keypoints using udeep descriptors
12-27 04:59:01.456   945  1423 I Tracking: VEGA_LOCALIZER: Obtained 29 total matches from 992 total keypoints
12-27 04:59:01.457   945  1425 I Tracking: LOCALIZATION_POSE_ESTIMATOR: No pose scoring method was provided, not doing pose scoring
12-27 04:59:01.458   945  1425 I Tracking: LOCALIZATION_POSE_ESTIMATOR: Clustered estimation results from: 1 to : 1
12-27 04:59:01.459   945  1425 I Tracking: LOCALIZATION_POSE_ESTIMATOR: Post-RANSAC iterative minimization converged? false, number of successful features: 1, number of inlier observations: 1
12-27 04:59:01.459   945  1425 I Tracking: LOCALIZATION_POSE_ESTIMATOR: Keeping RANSAC pose estimate, iterative-minimization result ignored.
12-27 04:59:01.459   945  1425 I Tracking: LOCALIZATION_POSE_ESTIMATOR: removing duplicate inliers
12-27 04:59:01.459   945  1425 W Tracking: VEGA_LOCALIZER: RANSAC failure: didn't find enough inliers for next step. Needs at least 4, got 3.
12-27 04:59:01.635   945  1423 I Tracking: RELOC_TIMER: Running localization in background with throttling - It's 41.92 seconds since first attempt, background timeout after 3600 seconds
12-27 04:59:01.635   945  1423 I Tracking: LocalizationStateMachine: Not scheduling fine localization since last fine reloc is < 1s old.
12-27 04:59:01.635   945  1423 I Tracking: LocalizationStateMachine: All 1 submap set to load (and no more) are already in memory
12-27 04:59:01.635   945  1423 I Tracking: LocalizationStateMachine: Ignoring submap sets to be loaded since they are already all in memory.
12-27 04:59:01.635   945  1423 I Tracking: LocalizationStateMachine: Not scheduling coarse localization since last coarse reloc is < 1s old.
12-27 04:59:01.635   945  1423 I Tracking: LocalizationStateMachine: LocalizationStateMachine updated from CoarseAndFineLocalization to NoAction
12-27 04:59:01.635   945  1423 I Tracking: VEGA_MAPPER: Did not schedule localization because in cooldown.
12-27 04:59:01.635   945  1423 I Tracking: RELOC_TIMER: Running localization in background with throttling - It's 41.92 seconds since first attempt, background timeout after 3600 seconds
12-27 04:59:01.673   945 10180 I Tracking: VIPER: Mode=SuperVega,Status=6DoF,TRACKING,Inl=38,Mem=95.1,Jit=0.4mm,Issues(Cam/min=0.0,IMU/min=0.0),Exp=(10.1ms,g=13.0,I=72,Ir=550.0)(12.4ms,g=15.0,I=67,Ir=357.6)(12.4ms,g=15.0,I=90,Ir=481.0)(6.0ms,g=7.0,I=76,Ir=1791.2)
12-27 04:59:01.737  2875 10186 I CompositorVR: WarpToScreen: Skipping frames for 2
12-27 04:59:01.873   945  1423 I Tracking: RELOC_TIMER: Running localization in background with throttling - It's 42.16 seconds since first attempt, background timeout after 3600 seconds
12-27 04:59:01.873   945  1423 I Tracking: LocalizationStateMachine: Not scheduling fine localization since last fine reloc is < 1s old.
12-27 04:59:01.873   945  1423 I Tracking: VEGA_MAPPER: Did not schedule localization because in cooldown.
12-27 04:59:01.873   945  1423 I Tracking: RELOC_TIMER: Running localization in background with throttling - It's 42.16 seconds since first attempt, background timeout after 3600 seconds
12-27 04:59:01.944  2078  2999 W MobileConfigAccessor: Failed to update sessionless configs within timeout 20000 ms
12-27 04:59:01.944  2078  2999 W DeviceConfigTelemetryLogger: Mobile Config fetch sessionless config has failed on 1 retry in 32 ms
12-27 04:59:01.957  2078  2999 W MobileConfigAccessor: Failed to update sessionbased configs within timeout 20000 ms
12-27 04:59:01.957  2078  2999 W DeviceConfigTelemetryLogger: Mobile Config fetch sessionbased config has failed on 1 retry in 13 ms
12-27 04:59:01.957  2078  2999 W MobileConfigAppAwareAccessorDecorator: Failed to update sessionless configs. Will retry for 2 more times with 30000 ms timeout
12-27 04:59:01.957  2078  2999 W MobileConfigAppAwareAccessorDecorator: Failed to update sessionbased configs. Will retry for 2 more times with 30000 ms timeout
12-27 04:59:02.003  9727 10412 I VrApi   : FPS=51/72,Prd=53ms,Tear=0,Early=7,Stale=30,Stale2/5/10/max=7/0/0/3,VSnc=0,Lat=-1,Fov=0,CPU4/GPU=5/4,1958/525MHz,OC=FF,TA=0/0/0,SP=N/N/N,Mem=2092MHz,Free=2449MB,PLS=0,Temp=25.5C/0.0C,TW=1.76ms,App=17.57ms,GD=0.00ms,CPU&GPU=32.79ms,LCnt=1(DR72,LM0),GPU%=0.98,CPU%=0.39(W0.45),DSF=1.00,CFL=13.81/20.04,ICFLp95=17.35,LD=0,SF=1.00,LP=0,DVFS=0
12-27 04:59:02.098   945 10180 W Tracking: TIMESTAMPCHECKER: Nominal rate wrong. Estimated data rate: 25, Nominal is 30
12-27 04:59:02.112   945  1423 I Tracking: RELOC_TIMER: Running localization in background with throttling - It's 42.4 seconds since first attempt, background timeout after 3600 seconds
12-27 04:59:02.112   945  1423 I Tracking: LocalizationStateMachine: Not scheduling fine localization since last fine reloc is < 1s old.
12-27 04:59:02.112   945  1423 I Tracking: VEGA_MAPPER: Did not schedule localization because in cooldown.
12-27 04:59:02.112   945  1423 I Tracking: RELOC_TIMER: Running localization in background with throttling - It's 42.4 seconds since first attempt, background timeout after 3600 seconds
12-27 04:59:02.392   945  1423 I Tracking: RELOC_TIMER: Running localization in background with throttling - It's 42.68 seconds since first attempt, background timeout after 3600 seconds
12-27 04:59:02.392   945  1423 I Tracking: LocalizationStateMachine: LocalizationStateMachine updated from NoAction to CoarseAndFineLocalization
12-27 04:59:02.395   945  1423 I Tracking: VEGA_MAPPER: Scheduling coarse localization.
12-27 04:59:02.395   945  1423 I Tracking: VEGA_MAPPER: Scheduling localization on root nodes 3c06380f-0958-3898-3af7-75699c3213b3.
12-27 04:59:02.395   945  1429 E Tracking: FusedSubmapListProvider: fusion logic INTERSECTION_RANKED
12-27 04:59:02.395   945  1429 I Tracking: WifiSubmapListProvider: Using wifi distance model
12-27 04:59:02.396   945  1423 I Tracking: RELOC_TIMER: Running localization in background with throttling - It's 42.68 seconds since first attempt, background timeout after 3600 seconds
12-27 04:59:02.406   945  1429 W Tracking: PlaceRecognitionSubmapListProvider: Requested to extract top 20 submaps but we only have 4 in disk.
12-27 04:59:02.420   945  1425 I Tracking: VIPER:DEEP_DESCRIPTOR: Computing Deep Descriptors using gravity orientation.
12-27 04:59:02.439   945 10205 I Tracking: CONSTELLATION:VISION_STATUS: 9d17e7ce194bc1ec (L): BlobDetection:[#BlobsDetected=(26.90, 5.35)]Matching:[MatchSuccess=1.000, MatchCost=(0.00578, 0.00001), #MatchedBlobs=(10.54, 5.44), #MatchedLeds=(6.81, 0.24), RematchM=0.000, SkipRefine=0.000] MatchMethod:[Prox=1.000, ConstBrute=0.000, UnconstBrute=0.000] MatchResets[AnomBlobSize=0.000, SharedMatch=0.000, DenseReacq=0.000] | Fusion:[FusionError=0.000, ImuFromCamMs=(9.798, 2.510), RematchF=0.016] FusionUpdates:[Successful=1.000, Reliable=0.992, TightFusion=0.996, FullPose=0.004, StaticPrior=0.000, StaticForHandTrans=0.228, PoseUpdateMD=(0.5928, 0.0000)] FusionResets[6DoFReset=0.000, ResetSuccess=0.000] FusionStatus[HasPosition=1.000, HasVelocity=1.000] 
12-27 04:59:02.450   945  1423 I Tracking: VEGA_LOCALIZER: Fallback descriptor ratio in index 0.4895144999027252 is lower than threshold 0.7, skipping fallback matching
12-27 04:59:02.452   945  1423 I Tracking: VEGA_LOCALIZER: Obtained 35 matches from 995 keypoints using udeep descriptors
12-27 04:59:02.452   945  1423 I Tracking: VEGA_LOCALIZER: Obtained 35 total matches from 995 total keypoints
12-27 04:59:02.453   945  1425 I Tracking: LOCALIZATION_POSE_ESTIMATOR: No pose scoring method was provided, not doing pose scoring
12-27 04:59:02.454   945  1425 I Tracking: LOCALIZATION_POSE_ESTIMATOR: Clustered estimation results from: 1 to : 1
12-27 04:59:02.454   945  1425 I Tracking: LOCALIZATION_POSE_ESTIMATOR: Post-RANSAC iterative minimization converged? false, number of successful features: 2, number of inlier observations: 3
12-27 04:59:02.454   945  1425 I Tracking: LOCALIZATION_POSE_ESTIMATOR: Keeping RANSAC pose estimate, iterative-minimization result ignored.
12-27 04:59:02.454   945  1425 I Tracking: LOCALIZATION_POSE_ESTIMATOR: removing duplicate inliers
12-27 04:59:02.454   945  1425 W Tracking: VEGA_LOCALIZER: RANSAC failure: pose couldn't be refined.
12-27 04:59:02.466  1985  9863 I VrApi   : FPS=3/0,Prd=0ms,Tear=0,Early=0,Stale=0,Stale2/5/10/max=0/0/0/0,VSnc=0,Lat=-1,Fov=0,CPU4/GPU=5/3,1171/490MHz,OC=FF,TA=0/F/0,SP=N/N/N,Mem=1353MHz,Free=2464MB,PLS=0,Temp=24.7C/0.0C,TW=1.08ms,App=-32.49ms,GD=0.00ms,CPU&GPU=0.00ms,LCnt=1(DR0,LM0),GPU%=0.12,CPU%=0.09(W0.10),DSF=1.00,CFL=11.80/17.42,ICFLp95=15.31,LD=0,SF=0.00,LP=0,DVFS=0
12-27 04:59:02.466   945 10152 I Tracking: CONSTELLATION:IMU_STATUS: 9d17e7ce194bc1ec (L): [FusionTracked=1.000, OutputTracked=1.000, OutputValid=1.000] [AccelSat=0.000, GyroSat=0.000] 
12-27 04:59:02.633   945  1423 I Tracking: RELOC_TIMER: Running localization in background with throttling - It's 42.92 seconds since first attempt, background timeout after 3600 seconds
12-27 04:59:02.633   945  1423 I Tracking: LocalizationStateMachine: Not scheduling fine localization since last fine reloc is < 1s old.
12-27 04:59:02.633   945  1423 I Tracking: LocalizationStateMachine: All 1 submap set to load (and no more) are already in memory
12-27 04:59:02.633   945  1423 I Tracking: LocalizationStateMachine: Ignoring submap sets to be loaded since they are already all in memory.
12-27 04:59:02.633   945  1423 I Tracking: LocalizationStateMachine: Not scheduling coarse localization since last coarse reloc is < 1s old.
12-27 04:59:02.633   945  1423 I Tracking: LocalizationStateMachine: LocalizationStateMachine updated from CoarseAndFineLocalization to NoAction
12-27 04:59:02.634   945  1423 I Tracking: VEGA_MAPPER: Did not schedule localization because in cooldown.
12-27 04:59:02.634   945  1423 I Tracking: RELOC_TIMER: Running localization in background with throttling - It's 42.92 seconds since first attempt, background timeout after 3600 seconds
12-27 04:59:02.661  9727  9906 D UE      : [2023.12.26-23.59.02:661][101]LogNet: Browse: 127.0.0.1/Game/Maps/SelectServer
12-27 04:59:02.661  9727  9906 D UE      : [2023.12.26-23.59.02:661][101]LogNet: UNetConnection::Close: [UNetConnection] RemoteAddr: 127.0.0.1:7777, Name: IpConnection_2147482401, Driver: PendingNetDriver IpNetDriver_2147482402, IsServer: NO, PC: NULL, Owner: NULL, UniqueId: INVALID, Channels: 3, Time: 2023.12.26-23.59.02
12-27 04:59:02.661  9727  9906 D UE      : [2023.12.26-23.59.02:661][101]LogNet: UChannel::Close: Sending CloseBunch. ChIndex == 0. Name: [UChannel] ChIndex: 0, Closing: 0 [UNetConnection] RemoteAddr: 127.0.0.1:7777, Name: IpConnection_2147482401, Driver: PendingNetDriver IpNetDriver_2147482402, IsServer: NO, PC: NULL, Owner: NULL, UniqueId: INVALID
12-27 04:59:02.661  9727  9906 D UE      : [2023.12.26-23.59.02:661][101]LogNet: DestroyNamedNetDriver IpNetDriver_2147482402 [PendingNetDriver]
