12-27 04:59:10.360  1152  1170 I DisplayDeviceRepository: Display device changed: DisplayDeviceInfo{"com.oculus.android_panel_app.AndroidPanelLayer-controlbar4": uniqueId="virtual:com.oculus.systemux,10037,com.oculus.android_panel_app.AndroidPanelLayer-controlbar4,0", 1280 x 50, modeId 719, defaultModeId 719, supportedModes [{id=719, width=1280, height=50, fps=60.0, alternativeRefreshRates=[]}], colorMode 0, supportedColorModes [0], hdrCapabilities null, allmSupported false, gameContentTypeSupported false, density 200, 200.0 x 200.0 dpi, appVsyncOff 0, presDeadline 16666666, touch NONE, rotation 0, type VIRTUAL, deviceProductInfo null, state ON, owner com.oculus.systemux (uid 10037), frameRateOverride , brightnessMinimum 0.0, brightnessMaximum 0.0, brightnessDefault 0.0, FLAG_PRIVATE, FLAG_NEVER_BLANK, FLAG_OWN_CONTENT_ONLY}
12-27 04:59:10.365 28792 28792 W AndroidPanelApp: Received layer input for hidden layer:  control_bar
12-27 04:59:10.366 28792 28792 I AndroidPanelApp: Processing next frame action "layerShow" for layer "#main"
12-27 04:59:10.366  1152  1168 V WindowManager: Display 435 state is now (2), so update layer mirroring?
12-27 04:59:10.366  1152  1170 I DisplayDeviceRepository: Display device changed: DisplayDeviceInfo{"com.oculus.android_panel_app.AndroidPanelLayer-#main": uniqueId="virtual:com.oculus.systemux,10037,com.oculus.android_panel_app.AndroidPanelLayer-#main,14", 1280 x 800, modeId 717, defaultModeId 717, supportedModes [{id=717, width=1280, height=800, fps=60.0, alternativeRefreshRates=[]}], colorMode 0, supportedColorModes [0], hdrCapabilities null, allmSupported false, gameContentTypeSupported false, density 200, 200.0 x 200.0 dpi, appVsyncOff 0, presDeadline 16666666, touch NONE, rotation 0, type VIRTUAL, deviceProductInfo null, state OFF, owner com.oculus.systemux (uid 10037), frameRateOverride , brightnessMinimum 0.0, brightnessMaximum 0.0, brightnessDefault 0.0, FLAG_PRIVATE, FLAG_NEVER_BLANK, FLAG_OWN_CONTENT_ONLY}
12-27 04:59:10.367  1152  1170 I DisplayDeviceRepository: Display device changed: DisplayDeviceInfo{"com.oculus.android_panel_app.AndroidPanelLayer-#main": uniqueId="virtual:com.oculus.systemux,10037,com.oculus.android_panel_app.AndroidPanelLayer-#main,14", 1280 x 800, modeId 717, defaultModeId 717, supportedModes [{id=717, width=1280, height=800, fps=60.0, alternativeRefreshRates=[]}], colorMode 0, supportedColorModes [0], hdrCapabilities null, allmSupported false, gameContentTypeSupported false, density 200, 200.0 x 200.0 dpi, appVsyncOff 0, presDeadline 16666666, touch NONE, rotation 0, type VIRTUAL, deviceProductInfo null, state ON, owner com.oculus.systemux (uid 10037), frameRateOverride , brightnessMinimum 0.0, brightnessMaximum 0.0, brightnessDefault 0.0, FLAG_PRIVATE, FLAG_NEVER_BLANK, FLAG_OWN_CONTENT_ONLY}
12-27 04:59:10.368   849   849 W SurfaceFlinger: acquireVirtualDisplay: Exhausted HAL virtual displays
12-27 04:59:10.368   849   849 W SurfaceFlinger: acquireVirtualDisplay: Falling back to GPU virtual display
12-27 04:59:10.370  1152  1168 V WindowManager: Display 434 state is now (2), so update layer mirroring?
12-27 04:59:10.373 28792 28792 D [SUI] AnytimeUIPanelApp: Received appStatus from VrShell: [{"name":"com.oculus.systemux\/com.oculus.panelapp.destinationui.DestinationUiPanelService","panels":[{"panelId":88,"state":"Focused"}]}]
12-27 04:59:10.374 28792 28792 D [SUI] RunningAppManager: Updated panel data from appStatus
12-27 04:59:10.374 28792 28792 E [SUI] GraphQLExecutor: Exception thrown while getting OC access token
12-27 04:59:10.375  2802  3044 I [OAO] PanelAppHost: Setting panel layer visibility of layer "controlbar4" to invisible, panel 89 (com.oculus.systemux/com.oculus.panelapp.controlbar.ControlBarPanelService)
12-27 04:59:10.375  2802  3044 I [OAO] PanelAppHost: Resize layer controlbar4 to size 1280 x 50 shape: 2 stereo: 0, panel 89 (com.oculus.systemux/com.oculus.panelapp.controlbar.ControlBarPanelService)
12-27 04:59:10.375  2802  3044 I [OAO] PanelRenderLayer: ResetSurface controlbar4 1280 x 50 - shape:2 stereo:0
12-27 04:59:10.376  2875  3134 I VrRuntimeService: UpdateAndroidSurfaceSwapChainDimensions: 1100: 1280x50
12-27 04:59:10.376  2875  3134 I VrRuntimeService: UpdateSwapChainSamplerState: 1100
12-27 04:59:10.376  2875  3134 I VrRuntimeService: UpdateSwapChainSamplerState: minFilter=1 magFilter=1 wrapModeS=3 warpModeT=3 maxAniso=1.000000 border={0.000000,0.000000,0.000000,0.000000} swizzle={0,1,2,3}
12-27 04:59:10.384   849   849 W SurfaceFlinger: acquireVirtualDisplay: Exhausted HAL virtual displays
12-27 04:59:10.384   849   849 W SurfaceFlinger: acquireVirtualDisplay: Falling back to GPU virtual display
12-27 04:59:10.399  2802  3044 I [OAO] LayerSwapChainResource: LayerSwapChainResource width(64), height(64), swap chain length(1), mips(3)
12-27 04:59:10.399  2802  3044 I [OAO] SwapChainApiOpenXr: CreateTextureSwapChain 64,64 - 1
12-27 04:59:10.405  2875  3134 I VrRuntimeService: CreateSwapChain: 3224358056
12-27 04:59:10.405  2875  3134 I VrRuntimeService: CreateSwapChain: api:gles 0 0x8c43 64 64 3 1 1 0 3
12-27 04:59:10.406 28792 10423 D NotificationsBadgeLiveData: MessageBadgeData, pullAndCheckNotifs, old data source notif count: 4, messaging count: 0
12-27 04:59:10.410 28792 28792 W AndroidPanelApp: Received layer input for hidden layer:  control_bar
12-27 04:59:10.410  2586  2603 I com.oculus.ocm: Background concurrent copying GC freed 6560(657KB) AllocSpace objects, 19(332KB) LOS objects, 49% free, 3182KB/6364KB, paused 99us,92us total 103.745ms
12-27 04:59:10.410 28792 28792 D [SUI] HorizonContentProviderHelper: onQueryComplete: 
12-27 04:59:10.410 28792 28792 D [SUI] HorizonContentProviderHelper: java.lang.RuntimeException
12-27 04:59:10.410 28792 28792 D [SUI] HorizonContentProviderHelper: 	at com.oculus.horizoncontent.horizon.HorizonContentProviderHelper$FetchRosterSizeAsyncQueryHandler.onQueryComplete(:12)
12-27 04:59:10.410 28792 28792 D [SUI] HorizonContentProviderHelper: 	at com.oculus.horizoncontent.horizon.HorizonContentProviderHelper$FetchRosterSizeAsyncQueryHandler.onQueryComplete(:268435458)
12-27 04:59:10.410 28792 28792 D [SUI] HorizonContentProviderHelper: 	at com.oculus.horizoncontent.utils.AsyncQueryHandlerBase.onQueryComplete(:8)
12-27 04:59:10.410 28792 28792 D [SUI] HorizonContentProviderHelper: 	at android.content.AsyncQueryHandler.handleMessage(AsyncQueryHandler.java:344)
12-27 04:59:10.410 28792 28792 D [SUI] HorizonContentProviderHelper: 	at android.os.Handler.dispatchMessage(Handler.java:106)
12-27 04:59:10.410 28792 28792 D [SUI] HorizonContentProviderHelper: 	at android.os.Looper.loopOnce(Looper.java:214)
12-27 04:59:10.410 28792 28792 D [SUI] HorizonContentProviderHelper: 	at android.os.Looper.loop(Looper.java:304)
12-27 04:59:10.410 28792 28792 D [SUI] HorizonContentProviderHelper: 	at android.app.ActivityThread.main(ActivityThread.java:7905)
12-27 04:59:10.410 28792 28792 D [SUI] HorizonContentProviderHelper: 	at java.lang.reflect.Method.invoke(Native Method)
12-27 04:59:10.410 28792 28792 D [SUI] HorizonContentProviderHelper: 	at com.android.internal.os.RuntimeInit$MethodAndArgsCaller.run(RuntimeInit.java:548)
12-27 04:59:10.410 28792 28792 D [SUI] HorizonContentProviderHelper: 	at com.android.internal.os.ZygoteInit.main(ZygoteInit.java:1010)
12-27 04:59:10.410 28792 28792 D [SUI] RosterManager: Error fetching roster size
12-27 04:59:10.414  2875  3134 I VrRuntimeServer: CreateTextureSwapChain: result importswapchaingles 1
12-27 04:59:10.417 28792 10430 W OVRLibrary: null cursor received for query content://com.oculus.ocms.library/apps/com.epicgames.AtomVR
12-27 04:59:10.417 28792 28792 V [SUI] BarView: Notifs badge count: 4, Messenger badge count 0
12-27 04:59:10.418 28792 28792 V [SUI] BarView: Notifs badge count: 4, Messenger badge count 0
12-27 04:59:10.421  2802  3044 I [OAO] SwapChainApiOpenXr: Swapchain created: 64,64 - 1
12-27 04:59:10.421  2875  3134 I VrRuntimeService: UpdateSwapChainSamplerState: 1103
12-27 04:59:10.421  2875  3134 I VrRuntimeService: UpdateSwapChainSamplerState: minFilter=1 magFilter=1 wrapModeS=3 warpModeT=3 maxAniso=1.000000 border={0.000000,0.000000,0.000000,0.000000} swizzle={0,1,2,3}
12-27 04:59:10.422  2802  3044 W [OAO] GlCommon: Compositor::DrawSurfacesToFrameBuffer - Enter GL Error: GL_INVALID_ENUM
12-27 04:59:10.426 28792 30280 I OpenGLRenderer: Davey! duration=9223276883062ms; Flags=1, FrameTimelineVsyncId=300831, IntendedVsync=95153792243957, Vsync=95153825577289, InputEventId=0, HandleInputStart=95153833782137, AnimationStart=95153833783335, PerformTraversalsStart=95153833809273, DrawStart=95153862236408, FrameDeadline=95153819021731, FrameInterval=95153833776616, FrameStartTime=8333333, SyncQueued=95153864542346, SyncStart=95153864616825, IssueDrawCommandsStart=95153864734273, SwapBuffers=95153867610002, FrameCompleted=9223372036854775807, DequeueBufferDuration=22552, QueueBufferDuration=353385, GpuCompleted=9223372036854775807, SwapBuffersCompleted=95153868220783, DisplayPresentTime=0, 
12-27 04:59:10.428 28792 28792 W AndroidPanelApp: Received layer input for hidden layer:  control_bar
12-27 04:59:10.428  2802  3044 W [OAO] GlCommon: Compositor::DrawSurfacesToFrameBuffer - Enter GL Error: GL_INVALID_ENUM
12-27 04:59:10.433  3217  3278 W PhaseSync: [PS_Ver_1_0] DiscardFrame is triggered, frame->Stage 2 FrameBeginIndex 1180 
12-27 04:59:10.433  3217  3278 I MRSVC   : MIXEDREALITY: OpenXrSupport: OpenXR qualified success: xrBeginFrame(clientState_.session, &beginFrameDesc): XR_FRAME_DISCARDED
12-27 04:59:10.434  3217  3278 I MRSVC   : MIXEDREALITY: MrServiceView: renderIteration: Hibernating the rendering thread since ID is off and no active PT layers.
12-27 04:59:10.434  3217  3278 I MRSVC   : MIXEDREALITY: MrServiceModelBase: Hibernating caller (most likely rendering thread) due to commandQueue being empty.
12-27 04:59:10.447 28792 29573 I OpenGLRenderer: Davey! duration=9223276882978ms; Flags=0, FrameTimelineVsyncId=300849, IntendedVsync=95153875872799, Vsync=95153875872799, InputEventId=0, HandleInputStart=95153877622762, AnimationStart=95153877623960, PerformTraversalsStart=95153877774637, DrawStart=95153883760523, FrameDeadline=95153910983906, FrameInterval=95153877616460, FrameStartTime=8333333, SyncQueued=95153883919116, SyncStart=95153883999116, IssueDrawCommandsStart=95153884079898, SwapBuffers=95153884913752, FrameCompleted=9223372036854775807, DequeueBufferDuration=18125, QueueBufferDuration=343490, GpuCompleted=9223372036854775807, SwapBuffersCompleted=95153885474429, DisplayPresentTime=3663278767386284180, 
12-27 04:59:10.451  2802  3044 I [OAO] PanelAppHost: Setting panel layer visibility of layer "#main" to visible, panel 88 (com.oculus.systemux/com.oculus.panelapp.destinationui.DestinationUiPanelService)
12-27 04:59:10.452  2802  3044 I [OAO] PanelAppHost: Setting panel layer visibility of layer "controlbar4" to visible, panel 89 (com.oculus.systemux/com.oculus.panelapp.controlbar.ControlBarPanelService)
12-27 04:59:10.453  2802  3044 W [OAO] GlCommon: Compositor::DrawSurfacesToFrameBuffer - Enter GL Error: GL_INVALID_ENUM
12-27 04:59:10.480  2802  3044 W [OAO] GlCommon: Compositor::DrawSurfacesToFrameBuffer - Enter GL Error: GL_INVALID_ENUM
12-27 04:59:10.502  2875 10186 I SwapChain_Surface: AttachSurfaceSwapChainGLES: 0x74dcc96000 with SurfaceTexture 0x25fa attached on init
12-27 04:59:10.503  2875 10186 W rruntimeservic: [SurfaceTexture-257-2875-411] bindTextureImage: clearing GL error: 0x500
12-27 04:59:10.503  2875 10186 I CompositorProgs: Using GLES Version 310
12-27 04:59:10.506  2875 10186 I CompositorProgs: loaded binary layerProgram :0x100000058003:0x in 3.1 ms
12-27 04:59:10.508  2802  3044 I [OAO] SwapChainApiOpenXr: Destroying SwapChain:0x749d180000
12-27 04:59:10.508  2875  3134 I VrRuntimeService: DestroySwapChain: swapchain=1101
12-27 04:59:10.510  2802  3044 W [OAO] GlCommon: Compositor::DrawSurfacesToFrameBuffer - Enter GL Error: GL_INVALID_ENUM
12-27 04:59:10.518  2875 10186 I CompositorProgs: Using GLES Version 310
12-27 04:59:10.521  2875 10186 I CompositorProgs: loaded binary layerProgram :0x100000048003:0x in 3.3 ms
12-27 04:59:10.532  2875 10186 I SwapChain_Surface: AttachSurfaceSwapChainGLES: 0x74dccf1000 with SurfaceTexture 0x2802 attached on init
12-27 04:59:10.533  2875 10186 W rruntimeservic: [SurfaceTexture-252-2875-406] bindTextureImage: clearing GL error: 0x500
12-27 04:59:10.537  2802  3044 W [OAO] GlCommon: Compositor::DrawSurfacesToFrameBuffer - Enter GL Error: GL_INVALID_ENUM
12-27 04:59:10.550   945  1423 I Tracking: RELOC_TIMER: Running localization in background with throttling - It's 50.84 seconds since first attempt, background timeout after 3600 seconds
12-27 04:59:10.551   945  1423 I Tracking: LocalizationStateMachine: Not scheduling fine localization since last fine reloc is < 1s old.
12-27 04:59:10.551   945  1423 I Tracking: VEGA_MAPPER: Did not schedule localization because in cooldown.
12-27 04:59:10.551   945  1423 I Tracking: RELOC_TIMER: Running localization in background with throttling - It's 50.84 seconds since first attempt, background timeout after 3600 seconds
12-27 04:59:10.559  2802  3044 W [OAO] GlCommon: Compositor::DrawSurfacesToFrameBuffer - Enter GL Error: GL_INVALID_ENUM
12-27 04:59:10.593  2802  3044 W [OAO] GlCommon: Compositor::DrawSurfacesToFrameBuffer - Enter GL Error: GL_INVALID_ENUM
12-27 04:59:10.620  2802  3044 W [OAO] GlCommon: Compositor::DrawSurfacesToFrameBuffer - Enter GL Error: GL_INVALID_ENUM
12-27 04:59:10.648  2802  3044 W [OAO] GlCommon: Compositor::DrawSurfacesToFrameBuffer - Enter GL Error: GL_INVALID_ENUM
12-27 04:59:10.676  2802  3044 W [OAO] GlCommon: Compositor::DrawSurfacesToFrameBuffer - Enter GL Error: GL_INVALID_ENUM
12-27 04:59:10.697  2802  3044 W [OAO] GlCommon: Compositor::DrawSurfacesToFrameBuffer - Enter GL Error: GL_INVALID_ENUM
12-27 04:59:10.724  2802  3044 W [OAO] GlCommon: Compositor::DrawSurfacesToFrameBuffer - Enter GL Error: GL_INVALID_ENUM
12-27 04:59:10.745  2802  3044 I [OAO] InputManager: Switching primary device (id 1 to 3).
12-27 04:59:10.745  2802  3044 I [OAO] InputManager: Switching secondary device (id to 4).
12-27 04:59:10.746  2802  3044 W [OAO] GlCommon: Compositor::DrawSurfacesToFrameBuffer - Enter GL Error: GL_INVALID_ENUM
12-27 04:59:10.753  2875 10186 I CompositorVR: WarpToScreen: Skipping frames for 2
12-27 04:59:10.761  1985  9863 I ClientSharedTelemetryStats: App memory usage: PSS=331 MiB, PrivateDirty=288 MiB, PrivateClean=28 MiB, GPU=104.1/104.4 MiB (100% allocated)
12-27 04:59:10.761  1985  9863 I VrApi   : FPS=3/0,Prd=0ms,Tear=0,Early=0,Stale=0,Stale2/5/10/max=0/0/0/0,VSnc=0,Lat=-1,Fov=0,CPU4/GPU=5/3,1171/490MHz,OC=FF,TA=0/F/0,SP=N/N/N,Mem=1353MHz,Free=2488MB,PLS=0,Temp=24.7C/0.0C,TW=1.08ms,App=-32.49ms,GD=0.00ms,CPU&GPU=0.00ms,LCnt=1(DR0,LM0),GPU%=0.12,CPU%=0.09(W0.10),DSF=1.00,CFL=11.80/17.42,ICFLp95=15.31,LD=0,SF=0.00,LP=0,DVFS=0
12-27 04:59:10.774  2802  3044 W [OAO] GlCommon: Compositor::DrawSurfacesToFrameBuffer - Enter GL Error: GL_INVALID_ENUM
12-27 04:59:10.792   945 10180 I Tracking: VIPER: Mode=SuperVega,Status=6DoF,TRACKING,Inl=32,Mem=95.1,Jit=0.1mm,Issues(Cam/min=0.0,IMU/min=0.0),Exp=(8.8ms,g=12.0,I=76,Ir=715.8)(10.3ms,g=13.0,I=63,Ir=471.4)(10.3ms,g=13.0,I=85,Ir=630.2)(6.1ms,g=7.0,I=74,Ir=1750.0)
12-27 04:59:10.792   945  1423 I Tracking: RELOC_TIMER: Running localization in background with throttling - It's 51.08 seconds since first attempt, background timeout after 3600 seconds
12-27 04:59:10.792   945  1423 I Tracking: LocalizationStateMachine: LocalizationStateMachine updated from NoAction to CoarseAndFineLocalization
12-27 04:59:10.792   945  1423 I Tracking: VEGA_MAPPER: Scheduling coarse localization.
12-27 04:59:10.793   945  1423 I Tracking: VEGA_MAPPER: Scheduling localization on root nodes 3c06380f-0958-3898-3af7-75699c3213b3.
12-27 04:59:10.793   945  1429 E Tracking: FusedSubmapListProvider: fusion logic INTERSECTION_RANKED
12-27 04:59:10.793   945  1429 I Tracking: WifiSubmapListProvider: Using wifi distance model
12-27 04:59:10.794   945  1423 I Tracking: RELOC_TIMER: Running localization in background with throttling - It's 51.08 seconds since first attempt, background timeout after 3600 seconds
12-27 04:59:10.798   945  1425 I Tracking: VIPER:DEEP_DESCRIPTOR: Computing Deep Descriptors using gravity orientation.
12-27 04:59:10.799  2802  3044 W [OAO] GlCommon: Compositor::DrawSurfacesToFrameBuffer - Enter GL Error: GL_INVALID_ENUM
12-27 04:59:10.804   945  1429 W Tracking: PlaceRecognitionSubmapListProvider: Requested to extract top 20 submaps but we only have 4 in disk.
12-27 04:59:10.827  2802  3044 W [OAO] GlCommon: Compositor::DrawSurfacesToFrameBuffer - Enter GL Error: GL_INVALID_ENUM
12-27 04:59:10.848   945  1423 I Tracking: VEGA_LOCALIZER: Fallback descriptor ratio in index 0.4895144999027252 is lower than threshold 0.7, skipping fallback matching
12-27 04:59:10.851   945  1423 I Tracking: VEGA_LOCALIZER: Obtained 32 matches from 993 keypoints using udeep descriptors
12-27 04:59:10.851   945  1423 I Tracking: VEGA_LOCALIZER: Obtained 32 total matches from 993 total keypoints
12-27 04:59:10.851   945  1425 I Tracking: LOCALIZATION_POSE_ESTIMATOR: No pose scoring method was provided, not doing pose scoring
12-27 04:59:10.852   945  1425 I Tracking: LOCALIZATION_POSE_ESTIMATOR: Clustered estimation results from: 1 to : 1
12-27 04:59:10.852   945  1425 I Tracking: LOCALIZATION_POSE_ESTIMATOR: Post-RANSAC iterative minimization converged? false, number of successful features: 2, number of inlier observations: 3
12-27 04:59:10.852   945  1425 I Tracking: LOCALIZATION_POSE_ESTIMATOR: Keeping RANSAC pose estimate, iterative-minimization result ignored.
12-27 04:59:10.852   945  1425 I Tracking: LOCALIZATION_POSE_ESTIMATOR: removing duplicate inliers
12-27 04:59:10.852   945  1425 W Tracking: VEGA_LOCALIZER: RANSAC failure: pose couldn't be refined.
12-27 04:59:10.855  2802  3044 W [OAO] GlCommon: Compositor::DrawSurfacesToFrameBuffer - Enter GL Error: GL_INVALID_ENUM
12-27 04:59:10.883  2802  3044 W [OAO] GlCommon: Compositor::DrawSurfacesToFrameBuffer - Enter GL Error: GL_INVALID_ENUM
12-27 04:59:10.908  2802  3044 W [OAO] GlCommon: Compositor::DrawSurfacesToFrameBuffer - Enter GL Error: GL_INVALID_ENUM
12-27 04:59:10.935  2802  3044 W [OAO] GlCommon: Compositor::DrawSurfacesToFrameBuffer - Enter GL Error: GL_INVALID_ENUM
12-27 04:59:10.935  2875 10186 I CompositorProgs: Using GLES Version 310
12-27 04:59:10.938  2875 10186 I CompositorProgs: loaded binary layerProgram :0x100000048001:0x in 2.7 ms
12-27 04:59:10.958  2802  3044 W [OAO] GlCommon: Compositor::DrawSurfacesToFrameBuffer - Enter GL Error: GL_INVALID_ENUM
12-27 04:59:10.980  2802  3044 W [OAO] GlCommon: Compositor::DrawSurfacesToFrameBuffer - Enter GL Error: GL_INVALID_ENUM
12-27 04:59:10.999  2802  3044 W [OAO] GlCommon: Compositor::DrawSurfacesToFrameBuffer - Enter GL Error: GL_INVALID_ENUM
12-27 04:59:11.004  9727 10412 I VrApi   : FPS=48/72,Prd=55ms,Tear=2,Early=4,Stale=33,Stale2/5/10/max=7/0/0/2,VSnc=0,Lat=-1,Fov=0,CPU4/GPU=5/4,2419/525MHz,OC=FF,TA=0/0/0,SP=N/N/N,Mem=2092MHz,Free=2461MB,PLS=0,Temp=25.5C/0.0C,TW=2.81ms,App=22.31ms,GD=0.00ms,CPU&GPU=39.51ms,LCnt=3(DR68,LM0),GPU%=0.95,CPU%=0.78(W0.82),DSF=1.00,CFL=11.11/24.15,ICFLp95=19.14,LD=0,SF=1.00,LP=0,DVFS=0
12-27 04:59:11.011  2802 10991 I ClientSharedTelemetryStats: App memory usage: PSS=141 MiB, PrivateDirty=127 MiB, PrivateClean=0 MiB, GPU=8.7/11.5 MiB (76% allocated)
12-27 04:59:11.015  2802  3044 W [OAO] GlCommon: Compositor::DrawSurfacesToFrameBuffer - Enter GL Error: GL_INVALID_ENUM
12-27 04:59:11.031   945  1423 I Tracking: RELOC_TIMER: Running localization in background with throttling - It's 51.32 seconds since first attempt, background timeout after 3600 seconds
12-27 04:59:11.031   945  1423 I Tracking: LocalizationStateMachine: Not scheduling fine localization since last fine reloc is < 1s old.
12-27 04:59:11.031   945  1423 I Tracking: LocalizationStateMachine: All 1 submap set to load (and no more) are already in memory
12-27 04:59:11.031   945  1423 I Tracking: LocalizationStateMachine: Ignoring submap sets to be loaded since they are already all in memory.
12-27 04:59:11.031   945  1423 I Tracking: LocalizationStateMachine: Not scheduling coarse localization since last coarse reloc is < 1s old.
12-27 04:59:11.031   945  1423 I Tracking: LocalizationStateMachine: LocalizationStateMachine updated from CoarseAndFineLocalization to NoAction
12-27 04:59:11.031   945  1423 I Tracking: VEGA_MAPPER: Did not schedule localization because in cooldown.
12-27 04:59:11.031   945  1423 I Tracking: RELOC_TIMER: Running localization in background with throttling - It's 51.32 seconds since first attempt, background timeout after 3600 seconds
12-27 04:59:11.038  2802  3044 I [OAO] LayerSwapChainResource: LayerSwapChainResource width(64), height(64), swap chain length(1), mips(3)
12-27 04:59:11.038  2802  3044 I [OAO] SwapChainApiOpenXr: CreateTextureSwapChain 64,64 - 1
12-27 04:59:11.038  2875  3134 I VrRuntimeService: CreateSwapChain: 3224358056
12-27 04:59:11.039  2875  3134 I VrRuntimeService: CreateSwapChain: api:gles 0 0x8c43 64 64 3 1 1 0 3
12-27 04:59:11.039  2875  3134 I VrRuntimeServer: CreateTextureSwapChain: result importswapchaingles 1
12-27 04:59:11.040  2802  3044 I [OAO] SwapChainApiOpenXr: Swapchain created: 64,64 - 1
12-27 04:59:11.041  2875  3134 I VrRuntimeService: UpdateSwapChainSamplerState: 1104
12-27 04:59:11.041  2875  3134 I VrRuntimeService: UpdateSwapChainSamplerState: minFilter=1 magFilter=1 wrapModeS=3 warpModeT=3 maxAniso=1.000000 border={0.000000,0.000000,0.000000,0.000000} swizzle={0,1,2,3}
12-27 04:59:11.041  2802  3044 W [OAO] GlCommon: Compositor::DrawSurfacesToFrameBuffer - Enter GL Error: GL_INVALID_ENUM
12-27 04:59:11.066  2802  3044 W [OAO] GlCommon: Compositor::DrawSurfacesToFrameBuffer - Enter GL Error: GL_INVALID_ENUM
12-27 04:59:11.092  2802  3044 W [OAO] GlCommon: Compositor::DrawSurfacesToFrameBuffer - Enter GL Error: GL_INVALID_ENUM
12-27 04:59:11.124  2802  3044 W [OAO] GlCommon: Compositor::DrawSurfacesToFrameBuffer - Enter GL Error: GL_INVALID_ENUM
12-27 04:59:11.149  2802  3044 W [OAO] GlCommon: Compositor::DrawSurfacesToFrameBuffer - Enter GL Error: GL_INVALID_ENUM
12-27 04:59:11.172  2802  3044 W [OAO] GlCommon: Compositor::DrawSurfacesToFrameBuffer - Enter GL Error: GL_INVALID_ENUM
12-27 04:59:11.186 28792 29573 I OpenGLRenderer: Davey! duration=9223276882240ms; Flags=0, FrameTimelineVsyncId=300905, IntendedVsync=95154613857512, Vsync=95154613857512, InputEventId=0, HandleInputStart=95154614408804, AnimationStart=95154614413595, PerformTraversalsStart=95154614670627, DrawStart=95154614765627, FrameDeadline=95154640635286, FrameInterval=95154614388127, FrameStartTime=8333333, SyncQueued=95154615156824, SyncStart=95154615277293, IssueDrawCommandsStart=95154615375522, SwapBuffers=95154617060835, FrameCompleted=9223372036854775807, DequeueBufferDuration=19739, QueueBufferDuration=567917, GpuCompleted=9223372036854775807, SwapBuffersCompleted=95154617936824, DisplayPresentTime=0, 
12-27 04:59:11.191   945 10180 I Tracking: VEGA:HIGH_FREQ_OCAL: 0:(241.63,(317.76,240.32)) 1:(241.82,(321.22,240.51)) 2:(241.63,(320.47,240.44)) 3:(241.75,(319.48,240.33)) 
12-27 04:59:11.196  2802  3044 W [OAO] GlCommon: Compositor::DrawSurfacesToFrameBuffer - Enter GL Error: GL_INVALID_ENUM
12-27 04:59:11.220  2802  3044 W [OAO] GlCommon: Compositor::DrawSurfacesToFrameBuffer - Enter GL Error: GL_INVALID_ENUM
12-27 04:59:11.240  2802  3044 W [OAO] GlCommon: Compositor::DrawSurfacesToFrameBuffer - Enter GL Error: GL_INVALID_ENUM
12-27 04:59:11.256 28792 29573 I OpenGLRenderer: Davey! duration=9223276882171ms; Flags=0, FrameTimelineVsyncId=300915, IntendedVsync=95154683376343, Vsync=95154683376343, InputEventId=0, HandleInputStart=95154683722241, AnimationStart=95154683724741, PerformTraversalsStart=95154683972554, DrawStart=95154684042085, FrameDeadline=95154718487450, FrameInterval=95154683710679, FrameStartTime=8333333, SyncQueued=95154684295054, SyncStart=95154684331408, IssueDrawCommandsStart=95154684407449, SwapBuffers=95154688550054, FrameCompleted=9223372036854775807, DequeueBufferDuration=3276041, QueueBufferDuration=259010, GpuCompleted=9223372036854775807, SwapBuffersCompleted=95154688979897, DisplayPresentTime=0, 
12-27 04:59:11.267  2802  3044 W [OAO] GlCommon: Compositor::DrawSurfacesToFrameBuffer - Enter GL Error: GL_INVALID_ENUM
12-27 04:59:11.275   945  1423 I Tracking: RELOC_TIMER: Running localization in background with throttling - It's 51.56 seconds since first attempt, background timeout after 3600 seconds
12-27 04:59:11.275   945  1423 I Tracking: LocalizationStateMachine: Not scheduling fine localization since last fine reloc is < 1s old.
12-27 04:59:11.275   945  1423 I Tracking: VEGA_MAPPER: Did not schedule localization because in cooldown.
12-27 04:59:11.276   945  1423 I Tracking: RELOC_TIMER: Running localization in background with throttling - It's 51.56 seconds since first attempt, background timeout after 3600 seconds
12-27 04:59:11.283  2078  5742 E LoggingErrorHandler: Retrofit error, url: [https://graph.oculus.com/authenticate_application], kind: [NETWORK], status: [0 - ], headers: , body: []
12-27 04:59:11.284  2078  5742 E ExternalPlatformNetwork: could not get access token from the server for 'com.oculus.shellenv'
12-27 04:59:11.284  2078  5742 E AppScopedAccessTokenResultBuilder: ResultBuilder error has been set to: Unable to resolve host "graph.oculus.com": No address associated with hostname
12-27 04:59:11.284  2078  5742 E com.oculus.platform.util.Util: operation failed
12-27 04:59:11.285 28792 29573 I OpenGLRenderer: Davey! duration=9223276882143ms; Flags=0, FrameTimelineVsyncId=300919, IntendedVsync=95154711235920, Vsync=95154711235920, InputEventId=0, HandleInputStart=95154711767241, AnimationStart=95154711770314, PerformTraversalsStart=95154712103491, DrawStart=95154712176252, FrameDeadline=95154746347027, FrameInterval=95154711755627, FrameStartTime=8333333, SyncQueued=95154712431877, SyncStart=95154712495366, IssueDrawCommandsStart=95154712561512, SwapBuffers=95154716472033, FrameCompleted=9223372036854775807, DequeueBufferDuration=3316406, QueueBufferDuration=257552, GpuCompleted=9223372036854775807, SwapBuffersCompleted=95154716938179, DisplayPresentTime=0, 
12-27 04:59:11.285  1985  2901 I OVRPlatform: [RequestStopwatch] AccessTokenRequest took 15.5680 milliseconds
12-27 04:59:11.288  2802  3044 W [OAO] GlCommon: Compositor::DrawSurfacesToFrameBuffer - Enter GL Error: GL_INVALID_ENUM
12-27 04:59:11.312 28792 29573 I OpenGLRenderer: Davey! duration=9223276882115ms; Flags=0, FrameTimelineVsyncId=300923, IntendedVsync=95154739081916, Vsync=95154739081916, InputEventId=0, HandleInputStart=95154739823022, AnimationStart=95154739824689, PerformTraversalsStart=95154740578699, DrawStart=95154740641408, FrameDeadline=95154774193023, FrameInterval=95154739813127, FrameStartTime=8333333, SyncQueued=95154740933491, SyncStart=95154741012189, IssueDrawCommandsStart=95154741057345, SwapBuffers=95154745663387, FrameCompleted=9223372036854775807, DequeueBufferDuration=3858490, QueueBufferDuration=651510, GpuCompleted=9223372036854775807, SwapBuffersCompleted=95154746610262, DisplayPresentTime=0, 
12-27 04:59:11.319  2802  3044 W [OAO] GlCommon: Compositor::DrawSurfacesToFrameBuffer - Enter GL Error: GL_INVALID_ENUM
12-27 04:59:11.336  1985  2764 E Clay    : Oculus Platform SDK failed to get access token with error 'Unable to resolve host "graph.oculus.com": No address associated with hostname'
12-27 04:59:11.341 28792 29573 I OpenGLRenderer: Davey! duration=9223276882087ms; Flags=0, FrameTimelineVsyncId=300927, IntendedVsync=95154766916124, Vsync=95154766916124, InputEventId=0, HandleInputStart=95154767374377, AnimationStart=95154767377345, PerformTraversalsStart=95154767600939, DrawStart=95154767707606, FrameDeadline=95154802027231, FrameInterval=95154767359741, FrameStartTime=8333333, SyncQueued=95154767881616, SyncStart=95154768706199, IssueDrawCommandsStart=95154768765470, SwapBuffers=95154771792085, FrameCompleted=9223372036854775807, DequeueBufferDuration=2577917, QueueBufferDuration=217500, GpuCompleted=9223372036854775807, SwapBuffersCompleted=95154772144585, DisplayPresentTime=0, 
12-27 04:59:11.343  2802  3044 W [OAO] GlCommon: Compositor::DrawSurfacesToFrameBuffer - Enter GL Error: GL_INVALID_ENUM
12-27 04:59:11.367 28792 30280 I OpenGLRenderer: Davey! duration=9223276882059ms; Flags=0, FrameTimelineVsyncId=300931, IntendedVsync=95154794763360, Vsync=95154794763360, InputEventId=0, HandleInputStart=95154795219324, AnimationStart=95154795224429, PerformTraversalsStart=95154795479324, DrawStart=95154795541460, FrameDeadline=95154829874467, FrameInterval=95154795201616, FrameStartTime=8333333, SyncQueued=95154795735627, SyncStart=95154796742241, IssueDrawCommandsStart=95154796794793, SwapBuffers=95154800775158, FrameCompleted=9223372036854775807, DequeueBufferDuration=3336771, QueueBufferDuration=314792, GpuCompleted=9223372036854775807, SwapBuffersCompleted=95154801350262, DisplayPresentTime=0, 
12-27 04:59:11.372  2802  3044 W [OAO] GlCommon: Compositor::DrawSurfacesToFrameBuffer - Enter GL Error: GL_INVALID_ENUM
12-27 04:59:11.398  2802  3044 W [OAO] GlCommon: Compositor::DrawSurfacesToFrameBuffer - Enter GL Error: GL_INVALID_ENUM
12-27 04:59:11.426  2802  3044 W [OAO] GlCommon: Compositor::DrawSurfacesToFrameBuffer - Enter GL Error: GL_INVALID_ENUM
12-27 04:59:11.454  2802  3044 W [OAO] GlCommon: Compositor::DrawSurfacesToFrameBuffer - Enter GL Error: GL_INVALID_ENUM
12-27 04:59:11.482  2802  3044 W [OAO] GlCommon: Compositor::DrawSurfacesToFrameBuffer - Enter GL Error: GL_INVALID_ENUM
12-27 04:59:11.508  2802  3044 W [OAO] GlCommon: Compositor::DrawSurfacesToFrameBuffer - Enter GL Error: GL_INVALID_ENUM
12-27 04:59:11.512   945  1423 I Tracking: RELOC_TIMER: Running localization in background with throttling - It's 51.8 seconds since first attempt, background timeout after 3600 seconds
12-27 04:59:11.512   945  1423 I Tracking: LocalizationStateMachine: Not scheduling fine localization since last fine reloc is < 1s old.
12-27 04:59:11.512   945  1423 I Tracking: VEGA_MAPPER: Did not schedule localization because in cooldown.
12-27 04:59:11.512   945  1423 I Tracking: RELOC_TIMER: Running localization in background with throttling - It's 51.8 seconds since first attempt, background timeout after 3600 seconds
12-27 04:59:11.535  2802  3044 W [OAO] GlCommon: Compositor::DrawSurfacesToFrameBuffer - Enter GL Error: GL_INVALID_ENUM
12-27 04:59:11.561  2802  3044 W [OAO] GlCommon: Compositor::DrawSurfacesToFrameBuffer - Enter GL Error: GL_INVALID_ENUM
12-27 04:59:11.597  2802  3044 W [OAO] GlCommon: Compositor::DrawSurfacesToFrameBuffer - Enter GL Error: GL_INVALID_ENUM
12-27 04:59:11.627  2802  3044 W [OAO] GlCommon: Compositor::DrawSurfacesToFrameBuffer - Enter GL Error: GL_INVALID_ENUM
12-27 04:59:11.660  2802  3044 W [OAO] GlCommon: Compositor::DrawSurfacesToFrameBuffer - Enter GL Error: GL_INVALID_ENUM
12-27 04:59:11.680  2802  3044 W [OAO] GlCommon: Compositor::DrawSurfacesToFrameBuffer - Enter GL Error: GL_INVALID_ENUM
12-27 04:59:11.700  2802  3044 W [OAO] GlCommon: Compositor::DrawSurfacesToFrameBuffer - Enter GL Error: GL_INVALID_ENUM
12-27 04:59:11.714  2802  3044 W [OAO] GlCommon: Compositor::DrawSurfacesToFrameBuffer - Enter GL Error: GL_INVALID_ENUM
12-27 04:59:11.739  2802  3044 W [OAO] GlCommon: Compositor::DrawSurfacesToFrameBuffer - Enter GL Error: GL_INVALID_ENUM
12-27 04:59:11.745 28792 30280 I OpenGLRenderer: Davey! duration=9223276881684ms; Flags=0, FrameTimelineVsyncId=300963, IntendedVsync=95155170688810, Vsync=95155170688810, InputEventId=0, HandleInputStart=95155171197710, AnimationStart=95155171202553, PerformTraversalsStart=95155171476512, DrawStart=95155171570470, FrameDeadline=95155205799917, FrameInterval=95155171178751, FrameStartTime=8333333, SyncQueued=95155171964272, SyncStart=95155172011876, IssueDrawCommandsStart=95155172102762, SwapBuffers=95155178571251, FrameCompleted=9223372036854775807, DequeueBufferDuration=5884166, QueueBufferDuration=459427, GpuCompleted=9223372036854775807, SwapBuffersCompleted=95155179202137, DisplayPresentTime=0, 
12-27 04:59:11.752  1985  9863 I VrApi   : FPS=3/0,Prd=0ms,Tear=0,Early=0,Stale=0,Stale2/5/10/max=0/0/0/0,VSnc=0,Lat=-1,Fov=0,CPU4/GPU=5/3,1171/490MHz,OC=FF,TA=0/F/0,SP=N/N/N,Mem=1353MHz,Free=2488MB,PLS=0,Temp=24.7C/0.0C,TW=1.08ms,App=-32.49ms,GD=0.00ms,CPU&GPU=0.00ms,LCnt=1(DR0,LM0),GPU%=0.12,CPU%=0.09(W0.10),DSF=1.00,CFL=11.80/17.42,ICFLp95=15.31,LD=0,SF=0.00,LP=0,DVFS=0
12-27 04:59:11.752   945  1423 I Tracking: RELOC_TIMER: Running localization in background with throttling - It's 52.04 seconds since first attempt, background timeout after 3600 seconds
12-27 04:59:11.752   945  1423 I Tracking: LocalizationStateMachine: Not scheduling fine localization since last fine reloc is < 1s old.
12-27 04:59:11.754   945  1423 I Tracking: VEGA_MAPPER: Did not schedule localization because in cooldown.
12-27 04:59:11.754   945  1423 I Tracking: RELOC_TIMER: Running localization in background with throttling - It's 52.04 seconds since first attempt, background timeout after 3600 seconds
12-27 04:59:11.758 28792 30280 I OpenGLRenderer: Davey! duration=9223276881670ms; Flags=0, FrameTimelineVsyncId=300965, IntendedVsync=95155184611561, Vsync=95155184611561, InputEventId=0, HandleInputStart=95155185120366, AnimationStart=95155185123803, PerformTraversalsStart=95155185299897, DrawStart=95155185355366, FrameDeadline=95155219722668, FrameInterval=95155185109272, FrameStartTime=8333333, SyncQueued=95155185607137, SyncStart=95155185662814, IssueDrawCommandsStart=95155185710939, SwapBuffers=95155190623283, FrameCompleted=9223372036854775807, DequeueBufferDuration=4339948, QueueBufferDuration=12652344, GpuCompleted=9223372036854775807, SwapBuffersCompleted=95155203466824, DisplayPresentTime=0, 
12-27 04:59:11.762  2802  3044 W [OAO] GlCommon: Compositor::DrawSurfacesToFrameBuffer - Enter GL Error: GL_INVALID_ENUM
12-27 04:59:11.775 28792 30280 I OpenGLRenderer: Davey! duration=9223276881652ms; Flags=0, FrameTimelineVsyncId=300967, IntendedVsync=95155198542591, Vsync=95155198542591, InputEventId=0, HandleInputStart=95155199254845, AnimationStart=95155199258595, PerformTraversalsStart=95155199447553, DrawStart=95155199520053, FrameDeadline=95155233653698, FrameInterval=95155199243074, FrameStartTime=8333333, SyncQueued=95155199767970, SyncStart=95155203491460, IssueDrawCommandsStart=95155203547918, SwapBuffers=95155205401616, FrameCompleted=9223372036854775807, DequeueBufferDuration=1230261, QueueBufferDuration=25823854, GpuCompleted=9223372036854775807, SwapBuffersCompleted=95155231431095, DisplayPresentTime=0, 
12-27 04:59:11.786 28792 30280 I OpenGLRenderer: Davey! duration=9223276881624ms; Flags=0, FrameTimelineVsyncId=300969, IntendedVsync=95155212466379, Vsync=95155212466379, InputEventId=0, HandleInputStart=95155213431512, AnimationStart=95155213433960, PerformTraversalsStart=95155213679949, DrawStart=95155213739637, FrameDeadline=95155247577486, FrameInterval=95155213419845, FrameStartTime=8333333, SyncQueued=95155214039949, SyncStart=95155231453543, IssueDrawCommandsStart=95155231505210, SwapBuffers=95155232062449, FrameCompleted=9223372036854775807, DequeueBufferDuration=14062, QueueBufferDuration=1869427, GpuCompleted=9223372036854775807, SwapBuffersCompleted=95155234152085, DisplayPresentTime=0, 
12-27 04:59:11.800  2802  3044 W [OAO] GlCommon: Compositor::DrawSurfacesToFrameBuffer - Enter GL Error: GL_INVALID_ENUM
12-27 04:59:11.804 28792 29573 I OpenGLRenderer: Davey! duration=9223276881627ms; Flags=0, FrameTimelineVsyncId=300971, IntendedVsync=95155226390152, Vsync=95155226390152, InputEventId=0, HandleInputStart=95155232986928, AnimationStart=95155232988595, PerformTraversalsStart=95155233132710, DrawStart=95155233188595, FrameDeadline=95155261501259, FrameInterval=95155232979845, FrameStartTime=8333333, SyncQueued=95155233374168, SyncStart=95155234171928, IssueDrawCommandsStart=95155234219949, SwapBuffers=95155235185210, FrameCompleted=9223372036854775807, DequeueBufferDuration=439323, QueueBufferDuration=26893750, GpuCompleted=9223372036854775807, SwapBuffersCompleted=95155262366876, DisplayPresentTime=0, 
12-27 04:59:11.813 28792 29573 I OpenGLRenderer: Davey! duration=9223276881593ms; Flags=0, FrameTimelineVsyncId=300973, IntendedVsync=95155240312152, Vsync=95155240312152, InputEventId=0, HandleInputStart=95155240731303, AnimationStart=95155240734481, PerformTraversalsStart=95155240998960, DrawStart=95155241098231, FrameDeadline=95155275423259, FrameInterval=95155240713491, FrameStartTime=8333333, SyncQueued=95155241417658, SyncStart=95155262424324, IssueDrawCommandsStart=95155262562866, SwapBuffers=95155263806147, FrameCompleted=9223372036854775807, DequeueBufferDuration=244167, QueueBufferDuration=406563, GpuCompleted=9223372036854775807, SwapBuffersCompleted=95155264379637, DisplayPresentTime=0, 
12-27 04:59:11.832 28792 30280 I OpenGLRenderer: Davey! duration=9223276881599ms; Flags=0, FrameTimelineVsyncId=300975, IntendedVsync=95155254234227, Vsync=95155262567560, InputEventId=0, HandleInputStart=95155263266251, AnimationStart=95155263267762, PerformTraversalsStart=95155263412501, DrawStart=95155263462449, FrameDeadline=95155289345334, FrameInterval=95155263260314, FrameStartTime=8333333, SyncQueued=95155263654689, SyncStart=95155264396564, IssueDrawCommandsStart=95155264443491, SwapBuffers=95155264987293, FrameCompleted=9223372036854775807, DequeueBufferDuration=10104, QueueBufferDuration=24965573, GpuCompleted=9223372036854775807, SwapBuffersCompleted=95155290154012, DisplayPresentTime=0, 
12-27 04:59:11.842 28792 30280 I OpenGLRenderer: Davey! duration=9223276881565ms; Flags=0, FrameTimelineVsyncId=300977, IntendedVsync=95155268156822, Vsync=95155268156822, InputEventId=0, HandleInputStart=95155268706980, AnimationStart=95155268709324, PerformTraversalsStart=95155268877033, DrawStart=95155268928960, FrameDeadline=95155303267929, FrameInterval=95155268694220, FrameStartTime=8333333, SyncQueued=95155269149012, SyncStart=95155290175991, IssueDrawCommandsStart=95155290226824, SwapBuffers=95155291048230, FrameCompleted=9223372036854775807, DequeueBufferDuration=14011, QueueBufferDuration=293698, GpuCompleted=9223372036854775807, SwapBuffersCompleted=95155291526408, DisplayPresentTime=0, 
12-27 04:59:11.852  2802  3044 W [OAO] GlCommon: Compositor::DrawSurfacesToFrameBuffer - Enter GL Error: GL_INVALID_ENUM
12-27 04:59:11.859 28792 30280 I OpenGLRenderer: Davey! duration=9223276881572ms; Flags=0, FrameTimelineVsyncId=300979, IntendedVsync=95155282079652, Vsync=95155282079652, InputEventId=0, HandleInputStart=95155290378855, AnimationStart=95155290380210, PerformTraversalsStart=95155290738491, DrawStart=95155290849220, FrameDeadline=95155317190759, FrameInterval=95155290367293, FrameStartTime=8333333, SyncQueued=95155291145470, SyncStart=95155291541772, IssueDrawCommandsStart=95155291579949, SwapBuffers=95155292043960, FrameCompleted=9223372036854775807, DequeueBufferDuration=7969, QueueBufferDuration=23072605, GpuCompleted=9223372036854775807, SwapBuffersCompleted=95155315298855, DisplayPresentTime=0, 
12-27 04:59:11.869 28792 30280 I OpenGLRenderer: Davey! duration=9223276881540ms; Flags=0, FrameTimelineVsyncId=300981, IntendedVsync=95155296002354, Vsync=95155296002354, InputEventId=0, HandleInputStart=95155296662710, AnimationStart=95155296666043, PerformTraversalsStart=95155296925314, DrawStart=95155296975730, FrameDeadline=95155331113461, FrameInterval=95155296642762, FrameStartTime=8333333, SyncQueued=95155297355939, SyncStart=95155315330158, IssueDrawCommandsStart=95155315388387, SwapBuffers=95155315944272, FrameCompleted=9223372036854775807, DequeueBufferDuration=13542, QueueBufferDuration=1805781, GpuCompleted=9223372036854775807, SwapBuffersCompleted=95155317982397, DisplayPresentTime=0, 
12-27 04:59:11.888 28792 29573 I OpenGLRenderer: Davey! duration=9223276881543ms; Flags=0, FrameTimelineVsyncId=300983, IntendedVsync=95155309925013, Vsync=95155309925013, InputEventId=0, HandleInputStart=95155315940001, AnimationStart=95155315941095, PerformTraversalsStart=95155316128960, DrawStart=95155316180522, FrameDeadline=95155345036120, FrameInterval=95155315934428, FrameStartTime=8333333, SyncQueued=95155316371147, SyncStart=95155318000939, IssueDrawCommandsStart=95155318054689, SwapBuffers=95155318943439, FrameCompleted=9223372036854775807, DequeueBufferDuration=373854, QueueBufferDuration=26936771, GpuCompleted=9223372036854775807, SwapBuffersCompleted=95155346076616, DisplayPresentTime=0, 
12-27 04:59:11.888  2802  3044 W [OAO] GlCommon: Compositor::DrawSurfacesToFrameBuffer - Enter GL Error: GL_INVALID_ENUM
12-27 04:59:11.897 28792 29573 I OpenGLRenderer: Davey! duration=9223276881509ms; Flags=0, FrameTimelineVsyncId=300985, IntendedVsync=95155323848302, Vsync=95155323848302, InputEventId=0, HandleInputStart=95155324242449, AnimationStart=95155324245626, PerformTraversalsStart=95155324505262, DrawStart=95155324594168, FrameDeadline=95155358959409, FrameInterval=95155324222970, FrameStartTime=8333333, SyncQueued=95155324905158, SyncStart=95155346094272, IssueDrawCommandsStart=95155346141408, SwapBuffers=95155348035783, FrameCompleted=9223372036854775807, DequeueBufferDuration=20677, QueueBufferDuration=568385, GpuCompleted=9223372036854775807, SwapBuffersCompleted=95155348881980, DisplayPresentTime=0, 
12-27 04:59:11.915 28792 30280 I OpenGLRenderer: Davey! duration=9223276881515ms; Flags=0, FrameTimelineVsyncId=300987, IntendedVsync=95155337771078, Vsync=95155346104411, InputEventId=0, HandleInputStart=95155346960574, AnimationStart=95155346961408, PerformTraversalsStart=95155347472501, DrawStart=95155347520678, FrameDeadline=95155372882185, FrameInterval=95155346953699, FrameStartTime=8333333, SyncQueued=95155347709012, SyncStart=95155348896408, IssueDrawCommandsStart=95155348936355, SwapBuffers=95155349336147, FrameCompleted=9223372036854775807, DequeueBufferDuration=6719, QueueBufferDuration=24472448, GpuCompleted=9223372036854775807, SwapBuffersCompleted=95155373989845, DisplayPresentTime=0, 
12-27 04:59:11.919  2802  3044 W [OAO] GlCommon: Compositor::DrawSurfacesToFrameBuffer - Enter GL Error: GL_INVALID_ENUM
12-27 04:59:11.951  2802  3044 W [OAO] GlCommon: Compositor::DrawSurfacesToFrameBuffer - Enter GL Error: GL_INVALID_ENUM
12-27 04:59:11.960  2078  2999 W MobileConfigAccessor: Failed to update sessionless configs within timeout 30000 ms
12-27 04:59:11.961  2078  2999 W DeviceConfigTelemetryLogger: Mobile Config fetch sessionless config has failed on 2 retry in 4 ms
12-27 04:59:11.968  2078  2999 W MobileConfigAccessor: Failed to update sessionbased configs within timeout 30000 ms
12-27 04:59:11.968  2078  2999 W DeviceConfigTelemetryLogger: Mobile Config fetch sessionbased config has failed on 2 retry in 7 ms
12-27 04:59:11.968  2078  2999 W MobileConfigAppAwareAccessorDecorator: Failed to update sessionless configs. Will retry for 1 more times with 40000 ms timeout
12-27 04:59:11.968  2078  2999 W MobileConfigAppAwareAccessorDecorator: Failed to update sessionbased configs. Will retry for 1 more times with 40000 ms timeout
12-27 04:59:11.983  2802  3044 W [OAO] GlCommon: Compositor::DrawSurfacesToFrameBuffer - Enter GL Error: GL_INVALID_ENUM
12-27 04:59:11.991   945  1423 I Tracking: RELOC_TIMER: Running localization in background with throttling - It's 52.28 seconds since first attempt, background timeout after 3600 seconds
12-27 04:59:11.991   945  1423 I Tracking: LocalizationStateMachine: LocalizationStateMachine updated from NoAction to CoarseAndFineLocalization
12-27 04:59:11.992   945  1423 I Tracking: VEGA_MAPPER: Scheduling coarse localization.
12-27 04:59:11.992   945  1423 I Tracking: VEGA_MAPPER: Scheduling localization on root nodes 3c06380f-0958-3898-3af7-75699c3213b3.
12-27 04:59:11.992   945  1429 E Tracking: FusedSubmapListProvider: fusion logic INTERSECTION_RANKED
12-27 04:59:11.992   945  1429 I Tracking: WifiSubmapListProvider: Using wifi distance model
12-27 04:59:11.992   945  1423 I Tracking: RELOC_TIMER: Running localization in background with throttling - It's 52.28 seconds since first attempt, background timeout after 3600 seconds
12-27 04:59:11.997   945  1425 I Tracking: VIPER:DEEP_DESCRIPTOR: Computing Deep Descriptors using gravity orientation.
12-27 04:59:12.004   945  1429 W Tracking: PlaceRecognitionSubmapListProvider: Requested to extract top 20 submaps but we only have 4 in disk.
12-27 04:59:12.004  9727 10412 I VrApi   : FPS=38/72,Prd=62ms,Tear=0,Early=0,Stale=44,Stale2/5/10/max=2/1/1/13,VSnc=0,Lat=-1,Fov=0,CPU4/GPU=5/4,2419/525MHz,OC=FF,TA=0/0/0,SP=N/N/N,Mem=2092MHz,Free=2461MB,PLS=0,Temp=25.5C/0.0C,TW=4.34ms,App=18.68ms,GD=0.00ms,CPU&GPU=38.63ms,LCnt=8(DR0,LM0),GPU%=0.99,CPU%=0.48(W0.50),DSF=1.00,CFL=18.33/25.23,ICFLp95=23.46,LD=0,SF=1.00,LP=0,DVFS=0
12-27 04:59:12.014  2802  3044 W [OAO] GlCommon: Compositor::DrawSurfacesToFrameBuffer - Enter GL Error: GL_INVALID_ENUM
12-27 04:59:12.039  2802  3044 W [OAO] GlCommon: Compositor::DrawSurfacesToFrameBuffer - Enter GL Error: GL_INVALID_ENUM
12-27 04:59:12.049   945  1423 I Tracking: VEGA_LOCALIZER: Fallback descriptor ratio in index 0.4895144999027252 is lower than threshold 0.7, skipping fallback matching
12-27 04:59:12.052   945  1423 I Tracking: VEGA_LOCALIZER: Obtained 30 matches from 992 keypoints using udeep descriptors
12-27 04:59:12.052   945  1423 I Tracking: VEGA_LOCALIZER: Obtained 30 total matches from 992 total keypoints
12-27 04:59:12.053   945  1425 I Tracking: LOCALIZATION_POSE_ESTIMATOR: No pose scoring method was provided, not doing pose scoring
12-27 04:59:12.054   945  1425 I Tracking: LOCALIZATION_POSE_ESTIMATOR: Clustered estimation results from: 1 to : 1
12-27 04:59:12.054   945  1425 I Tracking: LOCALIZATION_POSE_ESTIMATOR: Post-RANSAC iterative minimization converged? false, number of successful features: 2, number of inlier observations: 4
12-27 04:59:12.054   945  1425 I Tracking: LOCALIZATION_POSE_ESTIMATOR: Keeping RANSAC pose estimate, iterative-minimization result ignored.
12-27 04:59:12.054   945  1425 I Tracking: LOCALIZATION_POSE_ESTIMATOR: removing duplicate inliers
12-27 04:59:12.054   945  1425 W Tracking: VEGA_LOCALIZER: RANSAC failure: pose couldn't be refined.
12-27 04:59:12.058  2802  3044 W [OAO] GlCommon: Compositor::DrawSurfacesToFrameBuffer - Enter GL Error: GL_INVALID_ENUM
12-27 04:59:12.073  2802  3044 W [OAO] GlCommon: Compositor::DrawSurfacesToFrameBuffer - Enter GL Error: GL_INVALID_ENUM
12-27 04:59:12.086  2802  3044 W [OAO] GlCommon: Compositor::DrawSurfacesToFrameBuffer - Enter GL Error: GL_INVALID_ENUM
12-27 04:59:12.103  2802  3044 W [OAO] GlCommon: Compositor::DrawSurfacesToFrameBuffer - Enter GL Error: GL_INVALID_ENUM
12-27 04:59:12.126  2802  3044 W [OAO] AudioSystem: Spatialized Audio request suppressed, on file directPress1:apk://com.oculus.vrshell/assets/audio/ui_press_direct.ogg had 1 channels
12-27 04:59:12.127  2802  3044 W [OAO] GlCommon: Compositor::DrawSurfacesToFrameBuffer - Enter GL Error: GL_INVALID_ENUM
12-27 04:59:12.134 28792 30280 I OpenGLRenderer: Davey! duration=9223276881294ms; Flags=0, FrameTimelineVsyncId=301011, IntendedVsync=95155560565365, Vsync=95155560565365, InputEventId=0, HandleInputStart=95155561492397, AnimationStart=95155561494272, PerformTraversalsStart=95155561670522, DrawStart=95155561744480, FrameDeadline=95155595676472, FrameInterval=95155561475730, FrameStartTime=8333333, SyncQueued=95155561996668, SyncStart=95155562037293, IssueDrawCommandsStart=95155562109168, SwapBuffers=95155566755574, FrameCompleted=9223372036854775807, DequeueBufferDuration=3797968, QueueBufferDuration=5615104, GpuCompleted=9223372036854775807, SwapBuffersCompleted=95155572583543, DisplayPresentTime=0, 
12-27 04:59:12.161 28792 30280 I OpenGLRenderer: Davey! duration=9223276881258ms; Flags=0, FrameTimelineVsyncId=301015, IntendedVsync=95155588410743, Vsync=95155588410743, InputEventId=0, HandleInputStart=95155588682293, AnimationStart=95155588683960, PerformTraversalsStart=95155588823491, DrawStart=95155588894272, FrameDeadline=95155623521850, FrameInterval=95155588672189, FrameStartTime=8333333, SyncQueued=95155589140157, SyncStart=95155596991720, IssueDrawCommandsStart=95155597044324, SwapBuffers=95155597706824, FrameCompleted=9223372036854775807, DequeueBufferDuration=28021, QueueBufferDuration=384114, GpuCompleted=9223372036854775807, SwapBuffersCompleted=95155598281616, DisplayPresentTime=0, 
12-27 04:59:12.163  2802  3044 I [OAO] InputManager: Switching primary device (id 3 to 4).
12-27 04:59:12.163  2802  3044 I [OAO] InputManager: Switching secondary device (id to 3).
12-27 04:59:12.164  2802  3044 W [OAO] GlCommon: Compositor::DrawSurfacesToFrameBuffer - Enter GL Error: GL_INVALID_ENUM
12-27 04:59:12.178   945 10180 W Tracking: TIMESTAMPCHECKER: Nominal rate wrong. Estimated data rate: 25, Nominal is 30
12-27 04:59:12.187  2802  3044 W [OAO] GlCommon: Compositor::DrawSurfacesToFrameBuffer - Enter GL Error: GL_INVALID_ENUM
12-27 04:59:12.189 28792 30280 I OpenGLRenderer: Davey! duration=9223276881230ms; Flags=0, FrameTimelineVsyncId=301019, IntendedVsync=95155616255293, Vsync=95155616255293, InputEventId=0, HandleInputStart=95155616630782, AnimationStart=95155616632814, PerformTraversalsStart=95155616901407, DrawStart=95155616954480, FrameDeadline=95155651366400, FrameInterval=95155616619376, FrameStartTime=8333333, SyncQueued=95155617192501, SyncStart=95155625171251, IssueDrawCommandsStart=95155625222501, SwapBuffers=95155625819741, FrameCompleted=9223372036854775807, DequeueBufferDuration=21458, QueueBufferDuration=335677, GpuCompleted=9223372036854775807, SwapBuffersCompleted=95155626311668, DisplayPresentTime=0, 
