--------- beginning of kernel
12-26 08:10:21.509     0     0 I binder  : 11177:11177 ioctl 40046210 7ff2b26ec4 returned -22
--------- beginning of system
12-26 08:10:21.518  1152  7027 I ActivityTaskManager: START u0 {flg=0x10000000 cmp=com.epicgames.AtomVR/com.epicgames.unreal.GameActivity (has extras)} from uid 2000
12-26 08:10:21.520  1152  7027 W ActivityTaskManager: Can't find TaskDisplayArea to determine support for multi window. Task id=1449 attached=false
12-26 08:10:21.523  1152  7027 D CompatibilityChangeReporter: Compat change id reported: 174042980; UID 10108; state: DISABLED
12-26 08:10:21.524  1152  7027 D CompatibilityChangeReporter: Compat change id reported: 184838306; UID 10108; state: DISABLED
12-26 08:10:21.524  1152  7027 D CompatibilityChangeReporter: Compat change id reported: 185004937; UID 10108; state: DISABLED
12-26 08:10:21.525  1152  7027 D CompatibilityChangeReporter: Compat change id reported: 181136395; UID 10108; state: DISABLED
--------- beginning of main
12-26 08:10:21.526   973   973 E adbd    : failed to connect to socket 'tcp:6666': Connection refused
12-26 08:10:21.526  1152  7027 D CompatibilityChangeReporter: Compat change id reported: 174042936; UID 10108; state: DISABLED
12-26 08:10:21.529  1152  7027 D CompatibilityChangeReporter: Compat change id reported: 168419799; UID 10108; state: DISABLED
12-26 08:10:21.530  1152  7027 W ActivityTaskManager: Tried to set launchTime (0) < mLastActivityLaunchTime (20166001)
12-26 08:10:21.534  3653  3653 D [SUI] ActivityManagerUtilsHelper: onForegroundActivitiesChanged: Instance: com.oculus.common.activitymanager.ActivityManagerUtilsHelper@b59fbb5, Pid: 10986, Tid: 10108, foregroundActivities: true, foreground app: com.epicgames.AtomVR, previous app: com.oculus.shellenv
12-26 08:10:21.534  3653  3653 D [SUI] AnytimeUIPanelApp: Received ActivityStateChanges - com.epicgames.AtomVR
12-26 08:10:21.534  3653  3653 D [SUI] RunningAppManager: Updated current destination - com.epicgames.AtomVR
12-26 08:10:21.534  3653  3653 D [SUI] AppStateUtil: com.epicgames.AtomVR is running= true
12-26 08:10:21.534  3653  3653 D [SUI] AppStateUtil: com.oculus.shellenv is running= false
12-26 08:10:21.536  1152  7027 W ProcessStats: Tracking association SourceState{a589a9a com.oculus.ocms/10011 BTopFgs #28063} whose proc state 2 is better than process ProcessState{943c4fa com.oculus.qplservice/10043 pkg=com.oculus.qplservice} proc state 3 (8 skipped)
12-26 08:10:21.537  3217  3237 I MRSVC   : MIXEDREALITY: MrServiceController: VrFocusManager::Top Activity Changed, topActivity now is: 'com.epicgames.AtomVR', immersiveApp now is: ''.
12-26 08:10:21.538  3141  3155 I GuardianFocusListener: [GuardianFocusListener::onTopActivityChanged] updated TopActivityChangeEvent - topActivityName: com.epicgames.AtomVR, immersiveAppPackageName: nullopt, isImmersiveAppTopActivity: false
12-26 08:10:21.540  3217  3237 I MRSVC   : MIXEDREALITY: MrServiceController: VrFocusManager::Top Activity Changed, topActivity now is: 'com.epicgames.AtomVR', immersiveApp now is: ''.
12-26 08:10:21.540  3217  3278 I MRSVC   : MIXEDREALITY: MrService: renderIteration: (every 10 seconds), screen is: OFF, PT is: ON, ID is: OFF, Depth is: OFF
12-26 08:10:21.540  3217  3278 I MRSVC   : MIXEDREALITY: MrServiceView: deallocateLayerFramebuffers: Failed to deallocate framebuffers for layer with id -1.
12-26 08:10:21.540  3217  3278 I MRSVC   : MIXEDREALITY: MrServiceModelBase: Hibernating caller (most likely rendering thread) due to screen being off.
12-26 08:10:21.541  2802  2802 I [OAO] ShellOverlayMain: WakeVrThread - notifying vr thread
12-26 08:10:21.541  3141  3155 I GuardianFocusListener: [GuardianFocusListener::UpdateImmersiveAppState] Pending immersive app updated from com.oculus.shellenv to com.epicgames.AtomVR
12-26 08:10:21.541  2802  3044 I [OAO] ShellAppBase: WaitForWake: VrThread woke up
12-26 08:10:21.541  2802  3044 I [OAO] ShellAppBase: Start sleep timeout. Now:20225.001070, Timeout:20227.001070
12-26 08:10:21.544  3653 10225 W OVRLibrary: null cursor received for query content://com.oculus.ocms.library/apps/com.epicgames.AtomVR
12-26 08:10:21.570 10986 11182 D UE      : Entering native app glue main function
12-26 08:10:21.570 10986 11182 D UE      : Created event thread
12-26 08:10:21.570 10986 11183 D UE      : Entering event processing thread engine entry point
12-26 08:10:21.570 10986 11182 D UE      : Entered AndroidMain()
12-26 08:10:21.571 10986 11183 D UE      : Prepared looper for event thread
12-26 08:10:21.571 10986 11183 D UE      : Passed callback initialization
12-26 08:10:21.571 10986 11183 D UE      : Passed sensor initialization
12-26 08:10:21.572 10986 11182 D UE      : Controller interface supported
12-26 08:10:21.572  1152 11851 W ServiceManager: Permission failure: android.permission.HIGH_SAMPLING_RATE_SENSORS from uid=10108 pid=10986
12-26 08:10:21.576 10986 10986 E PermissionHelper: GVRTransition2DActivity.getActivity() failed. Trying to get GameActivity.
12-26 08:10:21.579 10986 10986 D PermissionHelper: checkPermission: android.permission.CHANGE_WIFI_MULTICAST_STATE has not granted
12-26 08:10:21.581 10986 10986 D UE      : [GameActivity] Target SDK is 26.  This may cause issues if permissions are denied by the user.
12-26 08:10:21.582 10986 10986 E PermissionHelper: GVRTransition2DActivity.getActivity() failed. Trying to get GameActivity.
12-26 08:10:21.582 10986 10986 D PermissionHelper: checkPermission: android.permission.WRITE_EXTERNAL_STORAGE has granted
12-26 08:10:21.586 10986 10986 D UE      : [GameActivity] Vulkan version: 1.1.0
12-26 08:10:21.586 10986 10986 D UE      : [GameActivity] Vulkan level: 1
12-26 08:10:21.588 10986 10986 D UE      : [GameActivity] Found DepthBufferPreference = 0
12-26 08:10:21.588 10986 10986 D UE      : [GameActivity] Found PropagateAlpha = 0
12-26 08:10:21.588 10986 10986 D UE      : [GameActivity] Found bPackageDataInsideApk = 0
12-26 08:10:21.588 10986 10986 D UE      : [GameActivity] Found ProjectName = AtomVR
12-26 08:10:21.588 10986 10986 D UE      : [GameActivity] Found AppType = 
12-26 08:10:21.588 10986 10986 D UE      : [GameActivity] Found bHasOBBFiles = 0
12-26 08:10:21.588 10986 10986 D UE      : [GameActivity] Found bVerifyOBBOnStartUp = false
12-26 08:10:21.588 10986 10986 D UE      : [GameActivity] UI hiding set to true
12-26 08:10:21.589 10986 10986 D UE      : [GameActivity] Display cutout set to false
12-26 08:10:21.589 10986 10986 D UE      : [GameActivity] BuildConfiguration set to Development
12-26 08:10:21.589 10986 10986 D UE      : [GameActivity] UseExternalFilesDir set to true
12-26 08:10:21.589 10986 10986 D UE      : [GameActivity] PublicLogFiles set to false
12-26 08:10:21.589 10986 10986 D UE      : [GameActivity] AllowIMU set to true
12-26 08:10:21.589 10986 10986 D UE      : [GameActivity] SupportsVulkan set to true
12-26 08:10:21.591 10986 10986 D UE      : [GameActivity] Found OpenXR Oculus Mobile mode.
12-26 08:10:21.591 10986 10986 D UE      : [GameActivity] Parsing commandline: -project="../../../AtomVR/AtomVR.uproject" /Game/Maps/Lobby/lobby1 -Messaging -CrashForUAT -SessionId=D1A40CD44AE13C0C5CBAC8AE78EE9665 -SessionOwner="nick1" -SessionName="Launch On Device"  
12-26 08:10:21.594 10986 10986 I AdrenoGLES-0: QUALCOMM build                   : fa5d856e9e, I160a5475da
12-26 08:10:21.594 10986 10986 I AdrenoGLES-0: Build Date                       : 07/24/23
12-26 08:10:21.594 10986 10986 I AdrenoGLES-0: OpenGL ES Shader Compiler Version: E031.42.07.00
12-26 08:10:21.594 10986 10986 I AdrenoGLES-0: Local Branch                     : 
12-26 08:10:21.594 10986 10986 I AdrenoGLES-0: Remote Branch                    : 
12-26 08:10:21.594 10986 10986 I AdrenoGLES-0: Remote Branch                    : 
12-26 08:10:21.594 10986 10986 I AdrenoGLES-0: Reconstruct Branch               : 
12-26 08:10:21.594 10986 10986 I AdrenoGLES-0: Build Config                     : S P 10.0.7 AArch64
12-26 08:10:21.594 10986 10986 I AdrenoGLES-0: Driver Path                      : /vendor/lib64/egl/libGLESv2_adreno.so
12-26 08:10:21.594 10986 10986 I AdrenoGLES-0: Driver Version                   : 0728.0
12-26 08:10:21.594 10986 10986 I AdrenoGLES-0: Process Name                     : com.epicgames.AtomVR
12-26 08:10:21.588     0     0 I binder  : 10986:10986 ioctl 40046210 7fc99b47c4 returned -22
12-26 08:10:21.601 10986 10986 I AdrenoGLES-0: PFP: 0x016dd112, ME: 0x00000000
12-26 08:10:21.605   569   569 I hwservicemanager: getTransport: Cannot find entry android.hardware.configstore@1.0::ISurfaceFlingerConfigs/default in either framework or device VINTF manifest.
12-26 08:10:21.599     0     0 I binder  : 10986:10986 ioctl 40046210 7fc99b65e4 returned -22
12-26 08:10:21.621 10986 11184 D UE      : [GameActivity] --- memstats: 
12-26 08:10:21.621 10986 11184 D UE      : memstat: Used memory:  (updated): 155252
12-26 08:10:21.621 10986 11184 D UE      : memstat: VmSize:	 6630760 kB
12-26 08:10:21.621 10986 11184 D UE      : memstat: VmHWM:	  245516 kB
12-26 08:10:21.621 10986 11184 D UE      : memstat: VmRSS:	  245304 kB
12-26 08:10:21.621 10986 11184 D UE      : memstat: VmData:	 1330256 kB
12-26 08:10:21.621 10986 11184 D UE      : memstat: VmSwap:	       0 kB
12-26 08:10:21.631 10986 10986 D UE      : [GameActivity] ro.hardware: hollywood
12-26 08:10:21.631 10986 10986 D UE      : [GameActivity] Hardware: Qualcomm Technologies, Inc KONA
12-26 08:10:21.631 10986 10986 D UE      : [GameActivity] ro.soc.model: SM8250
12-26 08:10:21.631 10986 10986 D UE      : [GameActivity] Warning: hardware does not match ro.soc.model, assuming hardware is correct
12-26 08:10:21.632 10986 10986 D UE      : [GameActivity] Memory: 5840 MB
12-26 08:10:21.635 10986 10986 D UE      : [GameActivity] failed to get bytes from asset java.io.FileNotFoundException: configrules.bin.png
12-26 08:10:21.636 10986 10986 D UE      : [GameActivity] configrulesversion: no data
12-26 08:10:21.636 10986 10986 D UE      : [GameActivity] configrulesversion: no data
12-26 08:10:21.636 10986 10986 D UE      : [GameActivity] configrulesversion: no data
12-26 08:10:21.637 10986 10986 D UE      : [GameActivity] UseAffinity: false
12-26 08:10:21.637 10986 10986 D UE      : [GameActivity] BigCoreMask: 0xffff
12-26 08:10:21.637 10986 10986 D UE      : [GameActivity] LittleCoreMask: 0x0
12-26 08:10:21.638 10986 10986 D UE      : [GameActivity] APK path: /data/app/~~EOsc1IYycif8e6r8oygNgg==/com.epicgames.AtomVR-1fX9e8GaJa63d9jn661RgA==/base.apk
12-26 08:10:21.638 10986 10986 D UE      : [GameActivity] OBB in APK: false
12-26 08:10:21.639 10986 10986 D UE      : GFilePathBase Path override to'/storage/emulated/0/Android/data/com.epicgames.AtomVR/files'
12-26 08:10:21.639 10986 10986 D UE      : InternalFilePath found as '/data/user/0/com.epicgames.AtomVR/files'
12-26 08:10:21.639 10986 10986 D UE      : ExternalFilePath found as '/storage/emulated/0/Android/data/com.epicgames.AtomVR/files'
12-26 08:10:21.639 10986 10986 D UE      : App is running in Landscape
12-26 08:10:21.639 10986 10986 D UE      : AndroidPropagateAlpha =  0
12-26 08:10:21.639 10986 10986 D UE      : [GameActivity] Android version is 12
12-26 08:10:21.639 10986 10986 D UE      : [GameActivity] Android manufacturer is Oculus
12-26 08:10:21.639 10986 10986 D UE      : [GameActivity] Android model is Quest
12-26 08:10:21.639 10986 10986 D UE      : [GameActivity] Android build number is SQ3A.220605.009.A1
12-26 08:10:21.640 10986 10986 D UE      : [GameActivity] OS language is set to en_US
12-26 08:10:21.640 10986 10986 D UE      : [GameActivity] Debugger attached is false
12-26 08:10:21.670  3141  3190 I GuardianLaunchCheckMgr: [GuardianLaunchCheckMgr::HandleImmersiveAppChange] Immersive App: com.oculus.shellenv -> com.epicgames.AtomVR
12-26 08:10:21.671  3141  3190 I GuardianLaunchCheckMgr: [GuardianLaunchCheckMgr::HandleImmersiveAppChange] Boundary requirement type: BoundaryRequired
12-26 08:10:21.671  3141  3190 I GuardianLifecycleMgr: [InternalSetIsGuardianlessModeEnable] isGuardianlessModeEnable: 0
12-26 08:10:21.671  3141  3190 I GuardianLifecycleMgr: [RequestIsGuardianlessModeEnable] isGuardianlessModeEnable: request 0, final 0
12-26 08:10:21.671  3141  3190 I GuardianLaunchCheckMgr: [GuardianLaunchCheckMgr::ExitLaunchCheck] launch check type: NONE
12-26 08:10:21.671  3141  3190 I GuardianFocusListener: [GuardianFocusListener::NotifyImmersiveAppChanged] From app: com.oculus.shellenv To App: com.epicgames.AtomVR
12-26 08:10:21.671  3141  3190 I GuardianFocusListener: [GuardianFocusListener::UpdateCurrentProcess] com.epicgames.AtomVR
12-26 08:10:21.671  3141  3190 I GuardianSystem: SetCurrentProcessName: com.epicgames.AtomVR, previous ProcessName: com.oculus.shellenv
12-26 08:10:21.713 10986 10998 I picgames.AtomV: Compiler allocated 5768KB to compile boolean com.epicgames.unreal.GameActivity.processSystemInfo(java.lang.String, java.lang.String)
12-26 08:10:21.735 10986 10986 D UE      : [GameActivity] GoogleApiClient exception caught: java.lang.IllegalArgumentException: must call addApi() to add at least one API
12-26 08:10:21.735 10986 10986 D UE      : [GameActivity] googleClient is disabled
12-26 08:10:21.736 10986 10986 D UE      : [GameActivity] ==============> GameActive.onCreate complete!
12-26 08:10:21.738 10986 10986 D UE      : [GameActivity] Creating console command broadcast listener
12-26 08:10:21.738 10986 11183 D UE      : LogAndroidEvents::EnqueueAppEvent : 9, [width=-1, height=-1], tid = 11183, APP_EVENT_STATE_ON_START
12-26 08:10:21.740 10986 10986 D UE      : [GameActivity] ==================================> Inside onStart function in GameActivity
12-26 08:10:21.740 10986 10986 V UE      : [GameApp] App in foreground
12-26 08:10:21.742 10986 11183 D UE      : Case APP_CMD_RESUME
12-26 08:10:21.742 10986 11183 D UE      : LogAndroidEvents::EnqueueAppEvent : 7, [width=-1, height=-1], tid = 11183, APP_EVENT_STATE_ON_RESUME
12-26 08:10:21.742 10986 11183 D UE      : LogAndroidEvents::EnqueueAppEvent : 11, [width=-1, height=-1], tid = 11183, APP_EVENT_STATE_WINDOW_GAINED_FOCUS
12-26 08:10:21.742 10986 10986 D UE      : [GameActivity] === Restoring Transparent Bars ===
12-26 08:10:21.743 10986 10986 D UE      : [GameActivity] ==============> [JAVA] AndroidThunkJava_KeepScreenOn(false) - Enabled screen saver
12-26 08:10:21.743 10986 10986 D UE      : [GameActivity] ==============> [JAVA] AndroidThunkJava_DisableScreenCapture(false) - Enabled screen captures
12-26 08:10:21.743 10986 10986 D UE      : [GameActivity] Registering sensor listeners
12-26 08:10:21.743 10986 10986 D UE      : App is running in Landscape
12-26 08:10:21.743 10986 10986 D UE      : AndroidPropagateAlpha =  0
12-26 08:10:21.743 10986 10986 D UE      : [GameActivity] === Restoring Transparent Bars ===
12-26 08:10:21.744 10986 10986 D UE      : [GameActivity] ==============> Resuming main init
12-26 08:10:21.748 10986 11182 D UE      : adb am start command line override: -project="../../../AtomVR/AtomVR.uproject" /Game/Maps/Lobby/lobby1 -Messaging -CrashForUAT -SessionId=D1A40CD44AE13C0C5CBAC8AE78EE9665 -SessionOwner="nick1" -SessionName="Launch On Device"
12-26 08:10:21.748 10986 11182 D UE      : Final commandline: -project="../../../AtomVR/AtomVR.uproject" /Game/Maps/Lobby/lobby1 -Messaging -CrashForUAT -SessionId=D1A40CD44AE13C0C5CBAC8AE78EE9665 -SessionOwner="nick1" -SessionName="Launch On Device" (len 188)
12-26 08:10:21.748 10986 11182 D UE      : Created sync event
12-26 08:10:21.754 10986 10986 D UE      : [GameActivity] ==============> GameActive.onResume complete!
12-26 08:10:21.759 10986 10986 D CompatibilityChangeReporter: Compat change id reported: 175409955; UID 10108; state: DISABLED
12-26 08:10:21.760 10986 10986 D CompatibilityChangeReporter: Compat change id reported: 175409954; UID 10108; state: DISABLED
12-26 08:10:21.768  1152 11851 W WindowManager: Failed looking up window session=Session{7ee65eb 10986:u0a10108} callers=com.android.server.wm.WindowManagerService.windowForClientLocked:5848 com.android.server.wm.Session.updateRequestedVisibilities:640 android.view.IWindowSession$Stub.onTransact:1175 
12-26 08:10:21.773 10986 10986 D UE      : [GameActivity] onPause: stop memory reporter runnable
12-26 08:10:21.773 10986 10986 D UE      : [GameActivity] Unregistering sensor listeners
12-26 08:10:21.774 10986 11183 D UE      : Case APP_CMD_PAUSE
12-26 08:10:21.774 10986 11183 D UE      : LogAndroidEvents::EnqueueAppEvent : 10, [width=-1, height=-1], tid = 11183, APP_EVENT_STATE_WINDOW_LOST_FOCUS
12-26 08:10:21.774 10986 11183 D UE      : Oculus: Ignoring APP_CMD_PAUSE command before APP_CMD_INIT_WINDOW
12-26 08:10:21.774 10986 10986 D UE      : [GameActivity] ==============> GameActive.onPause complete!
12-26 08:10:21.775 10986 10986 D UE      : [GameActivity] === Thermal status changed to 0
12-26 08:10:21.796   849  1006 W ServiceManager: Permission failure: android.permission.ACCESS_SURFACE_FLINGER from uid=10108 pid=10986
12-26 08:10:21.796   849  1006 D PermissionCache: checking android.permission.ACCESS_SURFACE_FLINGER for uid=10108 => denied (192 us)
12-26 08:10:21.796   849  1006 W ServiceManager: Permission failure: android.permission.ROTATE_SURFACE_FLINGER from uid=10108 pid=10986
12-26 08:10:21.796   849  1006 D PermissionCache: checking android.permission.ROTATE_SURFACE_FLINGER for uid=10108 => denied (85 us)
12-26 08:10:21.801 10986 11183 D UE      : LogAndroidEvents::EnqueueAppEvent : 12, [width=-1, height=-1], tid = 11183, APP_EVENT_STATE_SAVE_STATE
12-26 08:10:21.802 10986 11183 D UE      : LogAndroidEvents::EnqueueAppEvent : 8, [width=-1, height=-1], tid = 11183, APP_EVENT_STATE_ON_STOP
12-26 08:10:21.802 10986 10986 D UE      : [GameActivity] ==============> GameActive.onStop complete!
12-26 08:10:21.804 10986 10986 D UE      : [GameActivity] === Restoring Transparent Bars due to Visibility Change ===
12-26 08:10:21.804 10986 10986 D UE      : [GameActivity] === Restoring Transparent Bars ===
12-26 08:10:22.023  1152  1266 W BestClock: java.time.DateTimeException: Missing NTP fix
12-26 08:10:22.027  1152  1266 W BestClock: java.time.DateTimeException: Missing NTP fix
12-26 08:10:22.031  1152  1267 W BestClock: java.time.DateTimeException: Missing NTP fix
12-26 08:10:22.031  1152  1267 W BestClock: java.time.DateTimeException: Missing NTP fix
12-26 08:10:22.353  1985 11142 I VrApi   : FPS=3/0,Prd=0ms,Tear=0,Early=0,Stale=0,Stale2/5/10/max=0/0/0/0,VSnc=0,Lat=-1,Fov=0,CPU4/GPU=5/3,1478/490MHz,OC=FF,TA=0/F/0,SP=N/N/N,Mem=1353MHz,Free=3338MB,PLS=0,Temp=28.7C/0.0C,TW=1.06ms,App=-31.66ms,GD=0.00ms,CPU&GPU=0.00ms,LCnt=1(DR0,LM0),GPU%=0.12,CPU%=0.14(W0.14),DSF=1.00,CFL=11.95/17.56,ICFLp95=15.38,LD=0,SF=0.00,LP=0,DVFS=0
12-26 08:10:22.477 10986 10986 V UE      : [GameApp] App in background
12-26 08:10:23.058  2802 10268 I ClientSharedTelemetryStats: App memory usage: PSS=94 MiB, PrivateDirty=77 MiB, PrivateClean=1 MiB, GPU=8.5/11.3 MiB (75% allocated)
12-26 08:10:23.381  1985 11142 I VrApi   : FPS=3/0,Prd=0ms,Tear=0,Early=0,Stale=0,Stale2/5/10/max=0/0/0/0,VSnc=0,Lat=-1,Fov=0,CPU4/GPU=5/3,1478/490MHz,OC=FF,TA=0/F/0,SP=N/N/N,Mem=1353MHz,Free=3338MB,PLS=0,Temp=28.7C/0.0C,TW=1.06ms,App=-31.66ms,GD=0.00ms,CPU&GPU=0.00ms,LCnt=1(DR0,LM0),GPU%=0.12,CPU%=0.14(W0.14),DSF=1.00,CFL=11.95/17.56,ICFLp95=15.38,LD=0,SF=0.00,LP=0,DVFS=0
12-26 08:10:23.529   973   973 E adbd    : failed to connect to socket 'tcp:6666': Connection refused
12-26 08:10:23.559  2802  3044 I [OAO] ShellAppBase: Sleep timeout exceeded. Timeout:20227.001070, Now:20227.018860. Sleeping... 
12-26 08:10:23.559  2802  3044 I [OAO] ShellAppBase: WaitForWake: VrThread entering waiting state
12-26 08:10:23.588     0     0 I logd    : logdr: UID=2000 GID=2000 PID=11187 b tail=0 logMask=10099 pid=0 start=0ns deadline=0ns
12-26 08:10:24.403  1985 11142 I VrApi   : FPS=3/0,Prd=0ms,Tear=0,Early=0,Stale=0,Stale2/5/10/max=0/0/0/0,VSnc=0,Lat=-1,Fov=0,CPU4/GPU=5/3,1478/490MHz,OC=FF,TA=0/F/0,SP=N/N/N,Mem=1353MHz,Free=3338MB,PLS=0,Temp=28.7C/0.0C,TW=1.06ms,App=-31.66ms,GD=0.00ms,CPU&GPU=0.00ms,LCnt=1(DR0,LM0),GPU%=0.12,CPU%=0.14(W0.14),DSF=1.00,CFL=11.95/17.56,ICFLp95=15.38,LD=0,SF=0.00,LP=0,DVFS=0
12-26 08:10:24.548  1152  1965 E TaskPersister: File error accessing recents directory (directory doesn't exist?).
--------- beginning of tracking
12-26 08:10:25.044   787  1042 W SyncBossHAL: [warning] syncboss_hal_data_handlers.c(149): s:0 Long processing time detected for streaming packet type 146 (1078us)
12-26 08:10:25.408  1985 11142 I VrApi   : FPS=3/0,Prd=0ms,Tear=0,Early=0,Stale=0,Stale2/5/10/max=0/0/0/0,VSnc=0,Lat=-1,Fov=0,CPU4/GPU=5/3,1478/490MHz,OC=FF,TA=0/F/0,SP=N/N/N,Mem=1353MHz,Free=3338MB,PLS=0,Temp=28.7C/0.0C,TW=1.06ms,App=-31.66ms,GD=0.00ms,CPU&GPU=0.00ms,LCnt=1(DR0,LM0),GPU%=0.12,CPU%=0.14(W0.14),DSF=1.00,CFL=11.95/17.56,ICFLp95=15.38,LD=0,SF=0.00,LP=0,DVFS=0
12-26 08:10:25.532   973   973 E adbd    : failed to connect to socket 'tcp:6666': Connection refused
12-26 08:10:26.491  1985 11142 I ClientSharedTelemetryStats: App memory usage: PSS=323 MiB, PrivateDirty=254 MiB, PrivateClean=49 MiB, GPU=101.2/101.4 MiB (100% allocated)
12-26 08:10:26.492  1985 11142 I VrApi   : FPS=3/0,Prd=0ms,Tear=0,Early=0,Stale=0,Stale2/5/10/max=0/0/0/0,VSnc=0,Lat=-1,Fov=0,CPU4/GPU=5/3,1478/490MHz,OC=FF,TA=0/F/0,SP=N/N/N,Mem=1353MHz,Free=3336MB,PLS=0,Temp=28.7C/0.0C,TW=1.06ms,App=-31.66ms,GD=0.00ms,CPU&GPU=0.00ms,LCnt=1(DR0,LM0),GPU%=0.12,CPU%=0.14(W0.14),DSF=1.00,CFL=11.95/17.56,ICFLp95=15.38,LD=0,SF=0.00,LP=0,DVFS=0
12-26 08:10:26.922  2356  2420 I [CT]    : SP:SPS:SpsTelemetry: processCpuStatsProvider_.userSpaceUsage() = 0.0006698204044040692, processCpuStatsProvider_.kernelSpaceUsage() = 0.0006698204044040692, sum of both = 0.0013396408088081383
12-26 08:10:26.922  2356  2420 I [CT]    : SP:SPS:SpsTelemetry: getProcessMemoryUsage = 98373632
12-26 08:10:27.444     0     0 W healthd : battery l=100 v=4382 t=28.7 h=2 st=5 c=488 fc=3749000 cc=3 chg=u
12-26 08:10:27.470  1985 11142 I VrApi   : FPS=3/0,Prd=0ms,Tear=0,Early=0,Stale=0,Stale2/5/10/max=0/0/0/0,VSnc=0,Lat=-1,Fov=0,CPU4/GPU=5/3,1478/490MHz,OC=FF,TA=0/F/0,SP=N/N/N,Mem=1353MHz,Free=3336MB,PLS=0,Temp=28.7C/0.0C,TW=1.06ms,App=-31.66ms,GD=0.00ms,CPU&GPU=0.00ms,LCnt=1(DR0,LM0),GPU%=0.12,CPU%=0.14(W0.14),DSF=1.00,CFL=11.95/17.56,ICFLp95=15.38,LD=0,SF=0.00,LP=0,DVFS=0
12-26 08:10:27.535   973   973 E adbd    : failed to connect to socket 'tcp:6666': Connection refused
12-26 08:10:28.503  1985 11142 I VrApi   : FPS=3/0,Prd=0ms,Tear=0,Early=0,Stale=0,Stale2/5/10/max=0/0/0/0,VSnc=0,Lat=-1,Fov=0,CPU4/GPU=5/3,1478/490MHz,OC=FF,TA=0/F/0,SP=N/N/N,Mem=1353MHz,Free=3336MB,PLS=0,Temp=28.7C/0.0C,TW=1.06ms,App=-31.66ms,GD=0.00ms,CPU&GPU=0.00ms,LCnt=1(DR0,LM0),GPU%=0.12,CPU%=0.14(W0.14),DSF=1.00,CFL=11.95/17.56,ICFLp95=15.38,LD=0,SF=0.00,LP=0,DVFS=0
12-26 08:10:29.489  1152  1178 W ActivityManager: Stopping service due to app idle: u0a17 -1m10s21ms com.oculus.appsafety/.AppSafetyService
12-26 08:10:29.491  5474  5474 D AppSafetyService: Service stopping
12-26 08:10:29.534  1985 11142 I VrApi   : FPS=3/0,Prd=0ms,Tear=0,Early=0,Stale=0,Stale2/5/10/max=0/0/0/0,VSnc=0,Lat=-1,Fov=0,CPU4/GPU=5/3,1478/490MHz,OC=FF,TA=0/F/0,SP=N/N/N,Mem=1353MHz,Free=3336MB,PLS=0,Temp=28.7C/0.0C,TW=1.06ms,App=-31.66ms,GD=0.00ms,CPU&GPU=0.00ms,LCnt=1(DR0,LM0),GPU%=0.12,CPU%=0.14(W0.14),DSF=1.00,CFL=11.95/17.56,ICFLp95=15.38,LD=0,SF=0.00,LP=0,DVFS=0
12-26 08:10:29.538   973   973 E adbd    : failed to connect to socket 'tcp:6666': Connection refused
12-26 08:10:29.730  3141  3190 E [CT]    : SpatialAnchorPipeline: [Throttled count=49] checkStateEq: getActiveGuardian Called in an invalid state. IDLE
12-26 08:10:30.570  1985 11142 I VrApi   : FPS=3/0,Prd=0ms,Tear=0,Early=0,Stale=0,Stale2/5/10/max=0/0/0/0,VSnc=0,Lat=-1,Fov=0,CPU4/GPU=5/3,1478/490MHz,OC=FF,TA=0/F/0,SP=N/N/N,Mem=1353MHz,Free=3336MB,PLS=0,Temp=28.7C/0.0C,TW=1.06ms,App=-31.66ms,GD=0.00ms,CPU&GPU=0.00ms,LCnt=1(DR0,LM0),GPU%=0.12,CPU%=0.14(W0.14),DSF=1.00,CFL=11.95/17.56,ICFLp95=15.38,LD=0,SF=0.00,LP=0,DVFS=0
12-26 08:10:31.212   787  1059 I SyncBossHAL: [info   ] syncboss_hal_powerstate.c(52): Reporting powerstate event: PROX_ON
12-26 08:10:31.212   787  1059 D SensorService: Received Powerstate PROX_ON
12-26 08:10:31.213  1152  1362 I VrPowerManagerService: transition from STANDBY to HEADSET_MOUNTED
12-26 08:10:31.213   945  4746 I TrackingService: ActivityMonitor: prox_on event received
12-26 08:10:31.213  1152  1362 I PowerManagerService: Powering on display group fromAsleep (groupId=0, uid=1000, reason=WAKE_REASON_UNKNOWN, details=VrPwMng:leave-standby)...
12-26 08:10:31.213  1152  1362 I PowerManagerService: Waking up from Asleep (uid=1000, reason=WAKE_REASON_UNKNOWN, details=VrPwMng:leave-standby)...
12-26 08:10:31.216   924  1370 D SensorClientUtils: Cancelling delayed transition to SLEEP
12-26 08:10:31.216  1152  1189 I DisplayPowerController[0]: Blocking screen on until initial contents have been drawn.
12-26 08:10:31.216  1152  1189 D ActivityTaskManager: Top Process State changed to PROCESS_STATE_TOP
12-26 08:10:31.216   945  1104 D SensorClientUtils: Cancelling delayed transition to SLEEP
12-26 08:10:31.216   924  1370 D SensorClientUtils: Received transition request from SLEEP to RUNNING
12-26 08:10:31.216  1152  1152 D ActivityManager: Is background playback GK enabled: false Is background playback enabled for all apps: false
12-26 08:10:31.217   945  1104 D SensorClientUtils: Received transition request from SLEEP to RUNNING
12-26 08:10:31.216   904  5549 D telemetry: Transitioning to session state: Active Session, Headset In Use (donned and screen on)
12-26 08:10:31.218  1658  1676 D SensorClientUtils: Cancelling delayed transition to SLEEP
12-26 08:10:31.218  1682  4140 D VrPowerManagerClient: Headset state: 1
12-26 08:10:31.219  1682  4140 V ControllerNotifications: Headset was mounted, requesting that notifications are enabled
12-26 08:10:31.219  1682  4140 V ControllerNotifications: Queueing enable of notifications in 5000ms
12-26 08:10:31.219   924  1370 D SensorClientUtils: Executing transition from SLEEP to STANDBY
12-26 08:10:31.219   924  1370 D MrSystemService: AOSP setPowerState: STANDBY.
12-26 08:10:31.219   924  1370 I MRSS    : MIXEDREALITY: MrEngine: Received power state change from AOSP, new state: STANDBY.
12-26 08:10:31.219   924  1370 W MRSS    : MIXEDREALITY: MrEngine: screenStatus notification but no change
12-26 08:10:31.219   924  1370 D SensorClientUtils: Executing transition from STANDBY to RUNNING
12-26 08:10:31.219   924  1370 D MrSystemService: AOSP setPowerState: RUNNING.
12-26 08:10:31.219   924  1370 I MRSS    : MIXEDREALITY: MrEngine: Received power state change from AOSP, new state: RUNNING.
12-26 08:10:31.219   924  1379 I MRSS    : MIXEDREALITY: ServiceLogic: managePowerAndScreenStatus: Allowing start all capabilities
12-26 08:10:31.219   924  1379 I MRSS    : MIXEDREALITY: CapabilityController: Change fidelity Camera to 1.
12-26 08:10:31.219   924  1379 I MRSS    : MIXEDREALITY: MrSystemServiceIPCServer: Got notification for Camera, fidelity level: 1, command: NONE
12-26 08:10:31.219   924  1379 I MRSS    : MIXEDREALITY: CapabilityController: Change fidelity Depth to 1.
12-26 08:10:31.219   924  1379 I MRSS    : MIXEDREALITY: MrSystemServiceIPCServer: Got notification for Depth, fidelity level: 1, command: NONE
12-26 08:10:31.219   924  1379 I MRSS    : MIXEDREALITY: CapabilityController: Change fidelity IntrusionDetection to 1.
12-26 08:10:31.219  1152 11851 D CompatibilityChangeReporter: Compat change id reported: 151105954; UID 1000; state: ENABLED
12-26 08:10:31.219   924  1379 I MRSS    : MIXEDREALITY: MrSystemServiceIPCServer: Got notification for IntrusionDetection, fidelity level: 1, command: NONE
12-26 08:10:31.219   924  1379 I MRSS    : MIXEDREALITY: CapabilityController: Change fidelity Playspace to 1.
12-26 08:10:31.219   924  1379 I MRSS    : MIXEDREALITY: MrSystemServiceIPCServer: Got notification for Playspace, fidelity level: 1, command: NONE
12-26 08:10:31.219   924  1379 I MRSS    : MIXEDREALITY: CapabilityController: Change fidelity Passthrough to 1.
12-26 08:10:31.219   924  1379 I MRSS    : MIXEDREALITY: MrSystemServiceIPCServer: Got notification screen status is ON
12-26 08:10:31.219  3217  3263 I MRSVC   : MIXEDREALITY: MrService: ScreenStateChanged: true
12-26 08:10:31.219  3217  3263 I MRSVC   : MIXEDREALITY: MrService: onWakeup
12-26 08:10:31.220  1152 11851 D CompatibilityChangeReporter: Compat change id reported: 151105954; UID 1000; state: DISABLED
12-26 08:10:31.220  1152 11851 E AppOps  : package system not found, can't check for attributionTag null
12-26 08:10:31.221  1152 11851 E AppOps  : startOperation
12-26 08:10:31.221  1152 11851 E AppOps  : java.lang.SecurityException: Specified package system under uid 1000 but it is not
12-26 08:10:31.221  1152 11851 E AppOps  : 	at com.android.server.appop.AppOpsService.verifyAndGetBypass(AppOpsService.java:4627)
12-26 08:10:31.221  1152 11851 E AppOps  : 	at com.android.server.appop.AppOpsService.startOperationUnchecked(AppOpsService.java:3950)
12-26 08:10:31.221  1152 11851 E AppOps  : 	at com.android.server.appop.AppOpsService.startOperationImpl(AppOpsService.java:3841)
12-26 08:10:31.221  1152 11851 E AppOps  : 	at com.android.server.appop.AppOpsService.access$4100(AppOpsService.java:215)
12-26 08:10:31.221  1152 11851 E AppOps  : 	at com.android.server.appop.AppOpsService$CheckOpsDelegateDispatcher.lambda$startOperation$8(AppOpsService.java:7627)
12-26 08:10:31.221  1152 11851 E AppOps  : 	at com.android.server.appop.AppOpsService$CheckOpsDelegateDispatcher$$ExternalSyntheticLambda23.apply(Unknown Source:53)
12-26 08:10:31.221  1152 11851 E AppOps  : 	at com.android.server.policy.AppOpsPolicy.startOperation(AppOpsPolicy.java:251)
12-26 08:10:31.221  1152 11851 E AppOps  : 	at com.android.server.appop.AppOpsService$CheckOpsDelegateDispatcher.startOperation(AppOpsService.java:7624)
12-26 08:10:31.221  1152 11851 E AppOps  : 	at com.android.server.appop.AppOpsService.startOperation(AppOpsService.java:3810)
12-26 08:10:31.221  1152 11851 E AppOps  : 	at android.app.AppOpsManager.startOpNoThrow(AppOpsManager.java:8888)
12-26 08:10:31.221  1152 11851 E AppOps  : 	at android.app.AppOpsManager.startOpNoThrow(AppOpsManager.java:8864)
12-26 08:10:31.221  1152 11851 E AppOps  : 	at android.app.AppOpsManager.startOpNoThrow(AppOpsManager.java:8853)
12-26 08:10:31.221  1152 11851 E AppOps  : 	at android.app.AppOpsManager.startOpNoThrow(AppOpsManager.java:8822)
12-26 08:10:31.221  1152 11851 E AppOps  : 	at com.android.server.power.Notifier.onWakeLockAcquired(Notifier.java:239)
12-26 08:10:31.221  1152 11851 E AppOps  : 	at com.android.server.power.PowerManagerService.notifyWakeLockAcquiredLocked(PowerManagerService.java:1610)
12-26 08:10:31.221  1152 11851 E AppOps  : 	at com.android.server.power.PowerManagerService.acquireWakeLockInternal(PowerManagerService.java:1439)
12-26 08:10:31.221  1152 11851 E AppOps  : 	at com.android.server.power.PowerManagerService.access$4600(PowerManagerService.java:143)
12-26 08:10:31.221  1152 11851 E AppOps  : 	at com.android.server.power.PowerManagerService$BinderService.acquireWakeLock(PowerManagerService.java:5198)
12-26 08:10:31.221  1152 11851 E AppOps  : 	at android.os.IPowerManager$Stub.onTransact(IPowerManager.java:473)
12-26 08:10:31.221  1152 11851 E AppOps  : 	at android.os.Binder.execTransactInternal(Binder.java:1184)
12-26 08:10:31.221  1152 11851 E AppOps  : 	at android.os.Binder.execTransact(Binder.java:1143)
12-26 08:10:31.221  1658  1676 D SensorClientUtils: Received transition request from SLEEP to RUNNING
12-26 08:10:31.221  3217  3278 I MRSVC   : MIXEDREALITY: MrServiceModelBase: commitLayerState: PassthroughMode: kNone.
12-26 08:10:31.221  3217  3278 I MRSVC   : MIXEDREALITY: MrRuntimeImpl: Changing mode to kNone
12-26 08:10:31.221  3217  3278 I MRSVC   : MIXEDREALITY: MrRuntimeImpl: onPause: Capability Passthrough on device 2.
12-26 08:10:31.221   945  1104 D SensorClientUtils: Executing transition from SLEEP to STANDBY
12-26 08:10:31.222   945  1104 D TrackingService: Enqueued transition to (targetPowerState, targetMuxName): (STANDBY, --) - transition timeout: 1000000000 ns
12-26 08:10:31.222  1152  1185 E KernelCpuUidActiveTimeReader: Negative delta from active time for uid: 10069, delta: -7
12-26 08:10:31.222  1152  1185 E KernelCpuUidActiveTimeReader: Negative delta from active time for uid: 10022, delta: -24
12-26 08:10:31.222  1152  1185 E KernelCpuUidActiveTimeReader: Negative delta from active time for uid: 10085, delta: -2
12-26 08:10:31.222  1152  1185 E KernelCpuUidActiveTimeReader: Negative delta from active time for uid: 10028, delta: -6
12-26 08:10:31.222  1152  1185 E KernelCpuUidActiveTimeReader: Negative delta from active time for uid: 10045, delta: -580
12-26 08:10:31.223  1152  1185 E KernelCpuUidClusterTimeReader: Negative delta from cluster time for uid: 10014, delta: -13
12-26 08:10:31.223  1152  1185 E KernelCpuUidClusterTimeReader: Negative delta from cluster time for uid: 10069, delta: -9
12-26 08:10:31.223  1152  1185 E KernelCpuUidClusterTimeReader: Negative delta from cluster time for uid: 10022, delta: -29
12-26 08:10:31.223  1152  1185 E KernelCpuUidClusterTimeReader: Negative delta from cluster time for uid: 10043, delta: -11
12-26 08:10:31.223  1152  1185 E KernelCpuUidClusterTimeReader: Negative delta from cluster time for uid: 10064, delta: -17
12-26 08:10:31.223  1152  1185 E KernelCpuUidClusterTimeReader: Negative delta from cluster time for uid: 10030, delta: -18
12-26 08:10:31.223  1152  1185 E KernelCpuUidClusterTimeReader: Negative delta from cluster time for uid: 10085, delta: -2
12-26 08:10:31.224  1152  1185 E KernelCpuUidClusterTimeReader: Negative delta from cluster time for uid: 1066, delta: -6
12-26 08:10:31.224  1152  1185 E KernelCpuUidClusterTimeReader: Negative delta from cluster time for uid: 10004, delta: -4
12-26 08:10:31.224  1152  1185 E KernelCpuUidClusterTimeReader: Negative delta from cluster time for uid: 10025, delta: -4
12-26 08:10:31.224  1152  1185 E KernelCpuUidClusterTimeReader: Negative delta from cluster time for uid: 1040, delta: -5
12-26 08:10:31.224  1152  1185 E KernelCpuUidClusterTimeReader: Negative delta from cluster time for uid: 1069, delta: -5
12-26 08:10:31.224  1152  1185 E KernelCpuUidClusterTimeReader: Negative delta from cluster time for uid: 10062, delta: -25
12-26 08:10:31.224  1152  1185 E KernelCpuUidClusterTimeReader: Negative delta from cluster time for uid: 10028, delta: -11
12-26 08:10:31.224  1152  1185 E KernelCpuUidClusterTimeReader: Negative delta from cluster time for uid: 10015, delta: -9
12-26 08:10:31.224  1152  1185 E KernelCpuUidClusterTimeReader: Negative delta from cluster time for uid: 10036, delta: -38
12-26 08:10:31.224  1152  1185 E KernelCpuUidClusterTimeReader: Negative delta from cluster time for uid: 10002, delta: -5
12-26 08:10:31.224  1152  1185 E KernelCpuUidClusterTimeReader: Negative delta from cluster time for uid: 1017, delta: -1
12-26 08:10:31.224  1152  1185 E KernelCpuUidClusterTimeReader: Negative delta from cluster time for uid: 10099, delta: -4
12-26 08:10:31.224  1152  1185 E KernelCpuUidClusterTimeReader: Negative delta from cluster time for uid: 10010, delta: -4
12-26 08:10:31.224  1152  1185 E KernelCpuUidClusterTimeReader: Negative delta from cluster time for uid: 10031, delta: -48
12-26 08:10:31.224   924  3261 I MRSS    : MIXEDREALITY: MrSystemServiceIPCServer: ChangeMrCapabilityStatus: client 1701905111, capability Passthrough, command 0.
12-26 08:10:31.224  1152  1185 E KernelCpuUidClusterTimeReader: Negative delta from cluster time for uid: 10018, delta: -12
12-26 08:10:31.224   849   849 D SurfaceFlinger: Setting power mode 2 on display 4630946791093499009
12-26 08:10:31.224  1152  1185 E KernelCpuUidClusterTimeReader: Negative delta from cluster time for uid: 10026, delta: -8
12-26 08:10:31.224  1152  1185 E KernelCpuUidClusterTimeReader: Negative delta from cluster time for uid: 1041, delta: -215
12-26 08:10:31.224  1152  1185 E KernelCpuUidClusterTimeReader: Negative delta from cluster time for uid: 10034, delta: -67
12-26 08:10:31.224  1152  1185 E KernelCpuUidClusterTimeReader: Negative delta from cluster time for uid: 10089, delta: -25
12-26 08:10:31.224  1152  1185 E KernelCpuUidClusterTimeReader: Negative delta from cluster time for uid: 1036, delta: -7
12-26 08:10:31.225  1152  1185 E KernelCpuUidClusterTimeReader: Negative delta from cluster time for uid: 10084, delta: -3
12-26 08:10:31.225  1152  1185 E KernelCpuUidClusterTimeReader: Negative delta from cluster time for uid: 10024, delta: -2
12-26 08:10:31.225  1152  1185 E KernelCpuUidClusterTimeReader: Negative delta from cluster time for uid: 10045, delta: -1156
12-26 08:10:31.225  1152  1185 E KernelCpuUidClusterTimeReader: Negative delta from cluster time for uid: 10032, delta: -8
12-26 08:10:31.225  1152  1185 E KernelCpuUidClusterTimeReader: Negative delta from cluster time for uid: 10087, delta: -13
12-26 08:10:31.225  1152  1185 E KernelCpuUidClusterTimeReader: Negative delta from cluster time for uid: 10019, delta: -11
12-26 08:10:31.225   848   848 I SDM     : DisplayBase::SetDisplayState: Set state = 1, display 29-0, teardown = 0
12-26 08:10:31.225  1152  1185 E KernelCpuUidClusterTimeReader: Negative delta from cluster time for uid: 2906, delta: -1
12-26 08:10:31.225   945  1105 I TrackingService: [                  vision_manager] Power transition: SLEEP -> STANDBY transition time: 3 ms
12-26 08:10:31.226   945  1105 I TrackingService: [                             iad] Power transition: SLEEP -> STANDBY transition time: 0 ms
12-26 08:10:31.226   945  1105 I Tracking: BoltMemoryAllocationCapabilityImpl: onStart
12-26 08:10:31.226   945  1105 I Tracking: BoltSDK::Soc-Hexagon: BoltMemoryAllocationCapability: Hexagon ref count changed from 0 to 1
12-26 08:10:31.226   945  1105 I Tracking: BoltSDK::Soc-Hexagon: Acquiring all Hexagon resources from Bolt SDK
12-26 08:10:31.226   945  1105 I Tracking: BOLT:HexagonShim: HexagonStart
12-26 08:10:31.226  1658  1676 D SensorClientUtils: Executing transition from SLEEP to STANDBY
12-26 08:10:31.226  1658  1676 D OVRRemoteService: [controller] SLEEP -> STANDBY
12-26 08:10:31.226  1658  1676 D OVRRemoteService: ControllerGlue: setting expected mode to Streaming
12-26 08:10:31.226  1658  1676 D OVRRemoteService: ControllerGlue: Setting current mode to Streaming
12-26 08:10:31.226  1658  1676 D OVRRemoteService: ControllerGlue: leave mode Disabled
12-26 08:10:31.226  1658  1676 D OVRRemoteService: ControllerGlue: Setting mode to Streaming
12-26 08:10:31.226  1658  1676 D OVRRemoteService: ControllerGlue: enter mode Streaming
12-26 08:10:31.226   787   787 D SensorService: ControllerProvider: acquiring StreamingSession
12-26 08:10:31.227  1152  1185 D KernelCpuUidUserSysTimeReader: Removing uids 10102-10102
12-26 08:10:31.227   787   787 D SensorService: SyncbossEventHandler: Enabling sensor PULSAR
12-26 08:10:31.227   787   787 D SensorService: SyncbossEventHandler: Active sensors: synthetic[EXTERNAL_TIMING,ZAP] non-synth[PULSAR]
12-26 08:10:31.227   787   787 D SensorService: SyncbossEventHandler: starting all streams
12-26 08:10:31.227   787   787 D SensorService: SyncbossEventHandler: acquiring session; approx # alive: 1
12-26 08:10:31.227  1152  1152 D ActivityManager: Is background playback GK enabled: false Is background playback enabled for all apps: false
12-26 08:10:31.227   787 11269 D SensorService: SyncbossEventHandler::producerThreadFunc() start
12-26 08:10:31.227   945  1105 I Tracking: boltlib: Waited 0.001454062 for SFRPC invoker thread to start
12-26 08:10:31.227  3217  3278 W PhaseSync: [PS_Ver_1_0] DiscardFrame is triggered, frame->Stage 2 FrameBeginIndex 460 
12-26 08:10:31.227  3217  3278 I MRSVC   : MIXEDREALITY: OpenXrSupport: OpenXR qualified success: xrBeginFrame(clientState_.session, &beginFrameDesc): XR_FRAME_DISCARDED
12-26 08:10:31.227  3217  3278 I MRSVC   : MIXEDREALITY: MrServiceView: passthroughLayersToSubmit stats No submitted layers - there was render or submit failure. (every 10 sec).
12-26 08:10:31.227  3217  3278 I MRSVC   : MIXEDREALITY: MrServiceView: renderIteration: Hibernating the rendering thread since ID is off and no active PT layers.
12-26 08:10:31.227  3217  3278 I MRSVC   : MIXEDREALITY: MrServiceModelBase: Hibernating caller (most likely rendering thread) due to commandQueue being empty.
12-26 08:10:31.228  1152  1152 D ActivityManager: Is background playback GK enabled: false Is background playback enabled for all apps: false
12-26 08:10:31.229  1152  1152 D ActivityManager: Is background playback GK enabled: false Is background playback enabled for all apps: false
12-26 08:10:31.229   797   797 D AF::TrackHandle: OpPlayAudio: track:176 uid:10025 pkg:com.oculus.vrshell usage:1 muted
12-26 08:10:31.229   797 23942 D AF::TrackHandle: OpPlayAudio: track:57 uid:10016 pkg:com.oculus.shellenv usage:1 muted
12-26 08:10:31.229  1152  1152 D ActivityManager: Is background playback GK enabled: false Is background playback enabled for all apps: false
12-26 08:10:31.229   797  1289 D AF::TrackHandle: OpPlayAudio: track:64 uid:1000 pkg:android usage:13 not muted
12-26 08:10:31.230  1152  1189 I DisplayPowerController[0]: Unblocked screen on after 14 ms
12-26 08:10:31.230  1152  1152 D ActivityManager: Is background playback GK enabled: false Is background playback enabled for all apps: false
12-26 08:10:31.230   777  1650 D audio_hw_primary: start_output_stream: enter: stream(0xf6dbc000)usecase(1: low-latency-playback) devices(0x2) is_haptic_usecase(0)
12-26 08:10:31.230   777  1650 D audio_hw_primary: select_devices for use case (low-latency-playback)
12-26 08:10:31.220     0     0 I         : powerstate_mgr_open succeeded, refcount=1. (pid 787)
12-26 08:10:31.220     0     0 I [drm:dsi_display_set_mode] [msm-dsi-info]: mdp_transfer_time_us=0 us
12-26 08:10:31.220     0     0 I [drm:dsi_display_set_mode] [msm-dsi-info]: hactive= 1920,vactive= 3664,fps=90
12-26 08:10:31.220     0     0 I [drm:dsi_ctrl_isr_configure] [msm-dsi-info]: dsi-ctrl-0: IRQ 394 registered
12-26 08:10:31.220     0     0 I [drm:dsi_ctrl_isr_configure] [msm-dsi-info]: dsi-ctrl-1: IRQ 395 registered
12-26 08:10:31.230   777  1650 I msm8974_platform: platform_check_and_set_codec_backend_cfg:becf: afe: bitwidth 16, samplerate 48000 channels 2, backend_idx 0 usecase = 1 device (speaker)
12-26 08:10:31.230   603   628 I SyncBossFW: 19446626 [info   ] {APPI}: Enabling display timestamping
12-26 08:10:31.230   777  1650 D msm8974_platform: platform_split_snd_device: snd_device(2) num devices(1) new_snd_devices(0)
12-26 08:10:31.230   777  1650 I msm8974_platform: platform_check_and_set_codec_backend_cfg: new_snd_devices[0] is 2
12-26 08:10:31.230   777  1650 I msm8974_platform: platform_check_codec_backend_cfg:becf: afe: bitwidth 16, samplerate 48000 channels 2, backend_idx 0 usecase = 1 device (speaker)
12-26 08:10:31.230   797 23942 D AF::TrackHandle: OpPlayAudio: track:57 uid:10016 pkg:com.oculus.shellenv usage:1 muted
12-26 08:10:31.230   787   787 I SyncBossHAL: [info   ] syncboss_hal_impl_input.c(277): No pulsar frequency blocklist set
12-26 08:10:31.231   787   787 I SyncBossHAL: [info   ] syncboss_hal_impl_input.c(304): No AFH behavior specified, enabled by default
12-26 08:10:31.231   797  7106 D AF::TrackHandle: OpPlayAudio: track:64 uid:1000 pkg:android usage:13 not muted
12-26 08:10:31.231   797 23942 D AF::TrackHandle: OpPlayAudio: track:57 uid:10016 pkg:com.oculus.shellenv usage:1 muted
12-26 08:10:31.231  1152  1152 D ActivityManager: Is background playback GK enabled: false Is background playback enabled for all apps: false
12-26 08:10:31.231   797  7106 D AF::TrackHandle: OpPlayAudio: track:64 uid:1000 pkg:android usage:13 not muted
12-26 08:10:31.231   904  5549 D telemetry: Flush unrecorded events
12-26 08:10:31.231   777  1650 D audio_hw_extn: audio_extn_enable_hifi_filter: mixer_value set 0
12-26 08:10:31.231   777  1650 D msm8974_platform: platform_check_codec_backend_cfg:becf: updated afe: bitwidth 16, samplerate 48000 channels 2,backend_idx 0 usecase = 1 device (speaker)
12-26 08:10:31.231   777  1650 D msm8974_platform: platform_check_codec_backend_cfg:becf: afe: playback on codec device not supporting native playback set default Sample Rate(48k)
12-26 08:10:31.231   777  1650 I msm8974_platform: platform_check_codec_backend_cfg:becf: afe: Codec selected backend: 0 updated bit width: 16 and sample rate: 48000
12-26 08:10:31.231   777  1650 D audio_hw_primary: check_usecases_codec_backend:becf: force routing 0
12-26 08:10:31.231   777  1650 E msm8974_platform: platform_check_backends_match: Invalid snd_device = 
12-26 08:10:31.231   777  1650 D audio_hw_primary: check_usecases_codec_backend:becf: (78) check_usecases curr device: speaker, usecase device: backends match 0
12-26 08:10:31.231   777  1650 D audio_hw_primary: check_usecases_codec_backend:becf: check_usecases num.of Usecases to switch 0
12-26 08:10:31.231   777  1650 D hardware_info: hw_info_append_hw_type : device_name = speaker
12-26 08:10:31.232   777  1650 D msm8974_platform: platform_split_snd_device: snd_device(2) num devices(0) new_snd_devices(0)
12-26 08:10:31.232   777  1650 D audio_hw_primary: enable_snd_device: snd_device(2: speaker)
12-26 08:10:31.232   777  1650 D msm8974_platform: platform_get_island_cfg_on_device:island cfg status on snd_device = (speaker 0)
12-26 08:10:31.232   797   797 D AF::TrackHandle: OpPlayAudio: track:176 uid:10025 pkg:com.oculus.vrshell usage:1 not muted
12-26 08:10:31.232   777  1650 D audio_route: Apply path: speaker
12-26 08:10:31.232   797   797 D AF::TrackHandle: OpPlayAudio: track:176 uid:10025 pkg:com.oculus.vrshell usage:1 not muted
12-26 08:10:31.232  1152  1152 D ActivityManager: Is background playback GK enabled: false Is background playback enabled for all apps: false
12-26 08:10:31.232  1152  1152 D ActivityManager: Is background playback GK enabled: false Is background playback enabled for all apps: false
12-26 08:10:31.233  1152  1152 D ActivityManager: Is background playback GK enabled: false Is background playback enabled for all apps: false
12-26 08:10:31.233  1152  1152 D ActivityManager: Is background playback GK enabled: false Is background playback enabled for all apps: false
12-26 08:10:31.233   797  1290 D AF::TrackHandle: OpPlayAudio: track:77 uid:1000 pkg:android usage:13 not muted
12-26 08:10:31.233   797  7106 D AF::TrackHandle: OpPlayAudio: track:57 uid:10016 pkg:com.oculus.shellenv usage:1 muted
12-26 08:10:31.233   945  1105 I Tracking: boltlib: Waited 0.0059425 for all SFRPC worker threads
12-26 08:10:31.233  1152  1152 D ActivityManager: Is background playback GK enabled: false Is background playback enabled for all apps: false
12-26 08:10:31.233   797  1289 D AF::TrackHandle: OpPlayAudio: track:77 uid:1000 pkg:android usage:13 not muted
12-26 08:10:31.234   797   797 D AF::TrackHandle: OpPlayAudio: track:176 uid:10025 pkg:com.oculus.vrshell usage:1 not muted
12-26 08:10:31.234   797  1289 D AF::TrackHandle: OpPlayAudio: track:77 uid:1000 pkg:android usage:13 not muted
12-26 08:10:31.234   797  1289 D AF::TrackHandle: OpPlayAudio: track:77 uid:1000 pkg:android usage:13 not muted
12-26 08:10:31.234   603   628 I SyncBossFW: 19446630 [info   ] {WIHI}: Starting input
12-26 08:10:31.234   797 23942 D AF::TrackHandle: OpPlayAudio: track:64 uid:1000 pkg:android usage:13 not muted
12-26 08:10:31.234  1152  1152 D ActivityManager: Is background playback GK enabled: false Is background playback enabled for all apps: false
12-26 08:10:31.234  1152  1177 I AS.AudioService: Setting mMicMuteFromPrivacyToggle to false
12-26 08:10:31.235   787   787 D SensorService: ControllerProvider: acquiring StreamingClient impl; approx # alive: 1
12-26 08:10:31.235   787   787 D libsensorscommon: ControllerProvider: acquiring StreamingClient hidl
12-26 08:10:31.235  1682  1986 I MicService.Privacy: Setting mic sensor privacy to false. reason: POWER_STATE. mounted: true. setting: false
12-26 08:10:31.235  1152  1177 I AS.AudioService: Mic mute false, user=0
12-26 08:10:31.235   945  1105 I Tracking: BoltSDK::Soc-Hexagon: Acquiring memory pool resources from Bolt SDK
12-26 08:10:31.235   945  1105 I Tracking: HexagonMemMgr: Allocated addr 0x78313cb000, with FD 17, and virtAddr 0xfd000000
12-26 08:10:31.236  1152  1152 D ActivityManager: Is background playback GK enabled: false Is background playback enabled for all apps: false
12-26 08:10:31.236  1152  1152 D ActivityManager: Is background playback GK enabled: false Is background playback enabled for all apps: false
12-26 08:10:31.236   945  1105 I Tracking: BOLT:HexagonShim: memtest is a success
12-26 08:10:31.236   945  1105 I Tracking: HexagonMemMgr: HexagonMemTest returned 0
12-26 08:10:31.236   945  1105 I Tracking: BoltSDK::Soc-Hexagon: Reserved RpcMemory bytes = 14942208
12-26 08:10:31.236   945  1105 I TrackingService: [                            bolt] Power transition: SLEEP -> STANDBY transition time: 10 ms
12-26 08:10:31.236   945  1105 D TrackingService: IOT sleep to standby started
12-26 08:10:31.236   945  1105 I Tracking: VisionInterface: Stopping IOTE PostProcessing
12-26 08:10:31.236   797 24052 D AF::TrackHandle: OpPlayAudio: track:64 uid:1000 pkg:android usage:13 not muted
12-26 08:10:31.237   777  1650 I audio_hw_utils: audio_extn_utils_update_stream_output_app_type_cfg Allowing 24 and above bits playback on speaker ONLY at default sampling rate
12-26 08:10:31.237   777  1650 D audio_hw_utils: audio_extn_utils_send_app_type_cfg: usecase->out_snd_device speaker
12-26 08:10:31.237   777  1650 D msm8974_platform: platform_split_snd_device: snd_device(2) num devices(0) new_snd_devices(0)
12-26 08:10:31.237   945  1105 I Tracking: InsideOutTrackingCapabilityTranslation: onStart
12-26 08:10:31.237   945  1105 I Tracking: VisionInterface: Starting the IOT Engine
