01-01 01:36:59.433  1155  1155 D ActivityManager: Is background playback GK enabled: false Is background playback enabled for all apps: false
01-01 01:36:59.433  1155  1155 D ActivityManager: Is background playback GK enabled: false Is background playback enabled for all apps: false
01-01 01:36:59.433   966  1089 I Tracking: VisionInterface: GK check: 'oculus_enable_pending_reloc_submap': true
01-01 01:36:59.433   966  1089 I Tracking: VisionInterface: Enabling pendingRelocSubmap publishing
01-01 01:36:59.433   802   802 D AF::TrackHandle: OpPlayAudio: track:56 uid:10016 pkg:com.oculus.shellenv usage:1 muted
01-01 01:36:59.433  1155  1155 D ActivityManager: Is background playback GK enabled: false Is background playback enabled for all apps: false
01-01 01:36:59.433   802  5019 D AF::TrackHandle: OpPlayAudio: track:188 uid:1000 pkg:android usage:13 not muted
01-01 01:36:59.434   966  1089 I Tracking: VisionInterface: GK check: 'oculus_use_fast_t2s_for_localization': false
01-01 01:36:59.434  1155  1155 D ActivityManager: Is background playback GK enabled: false Is background playback enabled for all apps: false
01-01 01:36:59.434   966  1089 I Tracking: VisionInterface: GK check: 'oculus_bound_relative_submap_covariance': true
01-01 01:36:59.434  1155  1155 D ActivityManager: Is background playback GK enabled: false Is background playback enabled for all apps: false
01-01 01:36:59.434   966  1089 I Tracking: VisionInterface: GK check: 'oculus_use_small_initial_extrinsics_uncertainty': true
01-01 01:36:59.434  1155  1155 D ActivityManager: Is background playback GK enabled: false Is background playback enabled for all apps: false
01-01 01:36:59.434   802   802 D AF::TrackHandle: OpPlayAudio: track:188 uid:1000 pkg:android usage:13 not muted
01-01 01:36:59.435   802  5019 D AF::TrackHandle: OpPlayAudio: track:56 uid:10016 pkg:com.oculus.shellenv usage:1 muted
01-01 01:36:59.435   888   920 E GatekeeperNativeService: unknown value '' for configParam 'oculus_skip_mahalanobis_if_many_pnp_inliers'
01-01 01:36:59.435   802   802 D AF::TrackHandle: OpPlayAudio: track:188 uid:1000 pkg:android usage:13 not muted
01-01 01:36:59.435  1155  1155 D ActivityManager: Is background playback GK enabled: false Is background playback enabled for all apps: false
01-01 01:36:59.435   966  1089 I Tracking: VisionInterface: GK check: 'oculus_skip_mahalanobis_if_many_pnp_inliers': false
01-01 01:36:59.435   802  5019 D AF::TrackHandle: OpPlayAudio: track:56 uid:10016 pkg:com.oculus.shellenv usage:1 muted
01-01 01:36:59.435  1155  1155 D ActivityManager: Is background playback GK enabled: false Is background playback enabled for all apps: false
01-01 01:36:59.435   802   802 D AF::TrackHandle: OpPlayAudio: track:188 uid:1000 pkg:android usage:13 not muted
01-01 01:36:59.435   802  5019 D AF::TrackHandle: OpPlayAudio: track:56 uid:10016 pkg:com.oculus.shellenv usage:1 muted
01-01 01:36:59.435   966  1089 I Tracking: VisionInterface: GK check: 'oculus_disable_context_switch_block_localization': false
01-01 01:36:59.435   966  1089 I Tracking: VisionInterface: Use contextSwitchThreshold: 25
01-01 01:36:59.436   802   802 D AF::TrackHandle: OpPlayAudio: track:188 uid:1000 pkg:android usage:13 not muted
01-01 01:36:59.436  1155  1155 D ActivityManager: Is background playback GK enabled: false Is background playback enabled for all apps: false
01-01 01:36:59.436   802  5019 D AF::TrackHandle: OpPlayAudio: track:56 uid:10016 pkg:com.oculus.shellenv usage:1 muted
01-01 01:36:59.436   966  1089 I Tracking: VisionInterface: GK check: 'oculus_slam_enable_quickboot': true
01-01 01:36:59.436   802  8192 D AF::TrackHandle: OpPlayAudio: track:188 uid:1000 pkg:android usage:13 not muted
01-01 01:36:59.436   802 15291 D AF::TrackHandle: OpPlayAudio: track:56 uid:10016 pkg:com.oculus.shellenv usage:1 muted
01-01 01:36:59.436   966  1089 I Tracking: VisionInterface: GK check: 'oculus_use_longer_vit_in_uncertain_reloc': false
01-01 01:36:59.437   966  1089 I Tracking: VisionInterface: GK check: 'oculus_disable_pnp_distance_health_mon_threshold': true
01-01 01:36:59.438   966  1089 I Tracking: VisionInterface: GK check: 'oculus_enable_granular_perfmonitoring': false
01-01 01:36:59.438   966  1089 I Tracking: HeadsetTrackingLog: Clearing HeadsetTrackingLog.
01-01 01:36:59.438   966  1089 I Tracking: HeadsetTrackingLog: Clearing Tracker statistics in HeadsetTrackingLog.
01-01 01:36:59.439   966  1089 W Tracking: CALIBRATION: Imu ID does not exist or could not be parsed
01-01 01:36:59.439   966  1089 W Tracking: SensorRegistration: Unable to convert sensor ID '' to int: Empty input string
01-01 01:36:59.439   966  1089 W Tracking: SensorRegistration: Unable to find IMU calibration for device ID 0! As only a single calibration was available we are continuing with that one.
01-01 01:36:59.439   966  1089 I Tracking: VIPER: Loading noise parameters for: ICM42688
01-01 01:36:59.439   966  1089 W Tracking: VIPER: Loading noise parameters from config. [SensorModel: ICM42688]
01-01 01:36:59.439   966  1089 E Tracking: viper::viper::imu_types: Both the IMU calibration and the config file specify an accel time offset (calibration: 0, config: -0.00175). The calibration file will be ignored!
01-01 01:36:59.439   966  1089 E Tracking: viper::viper::imu_types: Both the IMU calibration and the config file specify a gyro time offset (calibration: 0, config: -0.00192). The calibration file will be ignored!
01-01 01:36:59.439   966  1089 I Tracking: viper::viper::imu_types: Creating PiecewiseLinearTemperatureImuModel: 
01-01 01:36:59.439   966  1089 I Tracking: -------
01-01 01:36:59.439   966  1089 I Tracking: Accel:
01-01 01:36:59.439   966  1089 I Tracking: 
01-01 01:36:59.439   966  1089 I Tracking: Rectification
01-01 01:36:59.439   966  1089 I Tracking: -0.00216774     1.00004  -0.0101687
01-01 01:36:59.439   966  1089 I Tracking:    0.997875  0.00195043  -0.0134863
01-01 01:36:59.439   966  1089 I Tracking:  -0.0143263  -0.0112386   -0.999128
01-01 01:36:59.439   966  1089 I Tracking: Number of TemperatureOffsetPairs: 38
01-01 01:36:59.439   966  1089 I Tracking: -------
01-01 01:36:59.439   966  1089 I Tracking: Gyro:
01-01 01:36:59.439   966  1089 I Tracking: 
01-01 01:36:59.439   966  1089 I Tracking: Rectification
01-01 01:36:59.439   966  1089 I Tracking: 0.000802584     1.00227  -0.0119144
01-01 01:36:59.439   966  1089 I Tracking:    0.998725  0.00314848  -0.0163827
01-01 01:36:59.439   966  1089 I Tracking:  -0.0106221  -0.0137121    -1.00145
01-01 01:36:59.439   966  1089 I Tracking: Number of TemperatureOffsetPairs: 38
01-01 01:36:59.439   966  1089 I Tracking: -------
01-01 01:36:59.439   966  1089 I Tracking: T_deviceFromImu: so3[0.000000 0.000000 0.000000] r3[0.038400 0.032100 -0.067400]
01-01 01:36:59.439   966  1089 I Tracking: OtWrapper: Online calibration used for IMU.
01-01 01:36:59.439   966  1089 I Tracking: OtWrapper: Using magnetometer for 3dof pipeline with nominal rate 30Hz.
01-01 01:36:59.439   966  1089 I Tracking: Soft Iron:
01-01 01:36:59.439   966  1089 I Tracking:   0.0156563   -0.974682  -0.0126014
01-01 01:36:59.439   966  1089 I Tracking:    -0.98291 -0.00653269 -0.00367785
01-01 01:36:59.439   966  1089 I Tracking:  0.00983762   0.0296351    -1.01904
01-01 01:36:59.439   966  1089 I Tracking: Hard Iron: -5.98041e-05 -4.17125e-05 -0.000344001
01-01 01:36:59.439   966  1089 I Tracking: deviceFromSensor
01-01 01:36:59.439   966  1089 I Tracking: 1 0 0
01-01 01:36:59.439   966  1089 I Tracking: 0 1 0
01-01 01:36:59.439   966  1089 I Tracking: 0 0 1
01-01 01:36:59.440   966  1089 W Tracking: CalibrationHandler: Reverting to initial calibration.
01-01 01:36:59.440   966  1089 I Tracking: VisionInterface: GK check: 'oculus_enable_bolt_ramdump': false
01-01 01:36:59.441   966  1089 I Tracking: VisionInterface: GK check: 'oculus_bolt_htp_high_frequency': false
01-01 01:36:59.441   966  1089 I Tracking: BOLT:HexagonShim: Setting Bolt HighFreqHtp to false
01-01 01:36:59.441   966  1089 I Tracking: VisionInterface: GK check: 'oculus_bolt_htp_med_frequency': false
01-01 01:36:59.441   966  1089 I Tracking: BOLT:HexagonShim: Setting Bolt MedFreqHtp to false
01-01 01:36:59.441   966  1089 I Tracking: BoltSDK::Soc-Hexagon: ViperPlatform: Hexagon ref count changed from 1 to 2
01-01 01:36:59.441   966  1089 I Tracking: BoltSdkFramework: ViperPlatform: RMgr ref count changed from 0 to 1
01-01 01:36:59.441   966  1089 I Tracking: BoltSDK::Soc-Hexagon: BoltMemDetail: Hexagon ref count changed from 2 to 3
01-01 01:36:59.441   966  1089 I Tracking: BoltSdkFramework: HarrisCornerObject: RMgr ref count changed from 1 to 2
01-01 01:36:59.441   966  1089 I Tracking: BoltSdkFramework: HarrisCorner: RMgr ref count changed from 2 to 3
01-01 01:36:59.441   966  1089 I Tracking: BoltSDK::Soc-Hexagon: defaultMemPool: Hexagon ref count changed from 3 to 4
01-01 01:36:59.441   966  1089 I Tracking: BoltSDK::Soc-Hexagon: DEFAULT HexagonPool:HarrisCorner: Hexagon ref count changed from 4 to 5
01-01 01:36:59.441   966  1089 I Tracking: BoltSDK::Soc-Hexagon: defaultMemPool: Hexagon ref count changed from 5 to 4
01-01 01:36:59.442   966  1089 I Tracking: BoltSdkFramework: Orb::setup(): RMgr ref count changed from 3 to 4
01-01 01:36:59.442   966  1089 I Tracking: BoltSdkFramework: OrbDescriptor: RMgr ref count changed from 4 to 5
01-01 01:36:59.442   966  1089 I Tracking: BoltSDK::Soc-Hexagon: defaultMemPool: Hexagon ref count changed from 4 to 5
01-01 01:36:59.442   966  1089 I Tracking: BoltSDK::Soc-Hexagon: DEFAULT HexagonPool:OrbDescriptor::init: Hexagon ref count changed from 5 to 6
01-01 01:36:59.442   966  1089 I Tracking: BoltSDK::Soc-Hexagon: defaultMemPool: Hexagon ref count changed from 6 to 5
01-01 01:36:59.442   966  1089 I Tracking: BoltSDK::Soc-Hexagon: defaultMemPool: Hexagon ref count changed from 5 to 6
01-01 01:36:59.442   966  1089 I Tracking: BoltSDK::Soc-Hexagon: DEFAULT HexagonPool:OrbDescriptorCreateKernel: Hexagon ref count changed from 6 to 7
01-01 01:36:59.442   966  1089 I Tracking: BoltSDK::Soc-Hexagon: defaultMemPool: Hexagon ref count changed from 7 to 6
01-01 01:36:59.442  1155  1174 I DisplayDeviceRepository: Display device changed state: "Built-in Screen", ON
01-01 01:36:59.443   802 15291 D AF::TrackHandle: OpPlayAudio: track:56 uid:10016 pkg:com.oculus.shellenv usage:1 muted
01-01 01:36:59.443   966  1089 I Tracking: VisionInterface: GK check: 'oculus_skip_blur_before_downsample': false
01-01 01:36:59.443   966  1089 I Tracking: VisionInterface: Bluring highres images before downsampling is enabled
01-01 01:36:59.443   966  1089 I Tracking: BoltSdkFramework: PyramidImagePool: RMgr ref count changed from 5 to 6
01-01 01:36:59.443   966  1089 I Tracking: BoltSDK::Soc-Hexagon: PyramidPoolBoltCv: Hexagon ref count changed from 6 to 7
01-01 01:36:59.444   966  1089 I Tracking: HexagonMemMgr: Allocated addr 0x6fc81c0000, with FD 19, and virtAddr 0x9e00000
01-01 01:36:59.444   966  1089 I Tracking: BOLT:HexagonShim: memtest is a success
01-01 01:36:59.444   966  1089 I Tracking: HexagonMemMgr: HexagonMemTest returned 0
01-01 01:36:59.444   966  1089 I Tracking: BoltSDK::Soc-Hexagon: Reserved RpcMemory bytes = 17360192
01-01 01:36:59.444   966  1089 I Tracking: ImagePyramid: Assigning 0 kB of image pyramid memory for use in initialization of high resolution pyramids
01-01 01:36:59.444   966  1089 I Tracking: ImagePyramid: Requesting 15390 kB for image pyramids
01-01 01:36:59.444   966  1089 I Tracking: ImagePyramid: Creating pyramid pool of size 36 (9 pyramids with 4 levels for each of 4 cameras with resolution 640x480), subsample method 3x3
01-01 01:36:59.445   802  8192 D AF::TrackHandle: OpPlayAudio: track:188 uid:1000 pkg:android usage:13 not muted
01-01 01:36:59.446   966  1089 I Tracking: TrackerFactoryVega: Constructing tracker factory vega: 0
01-01 01:36:59.446   966  1089 I Tracking: VisionInterface: Rejecting all RGB camera data! To enable use slam.enable_processing_rgb_frames or GK oculus_enable_rgb_ocal
01-01 01:36:59.446   966  1089 W Tracking: VisionInterface: Downsampling of rolling shutter framerate requested (config var slam.target_rolling_shutter_fps), but no rolling shutter camera was found!. Ignoring.
01-01 01:36:59.446  1155  1174 I InputManager-JNI: Viewport [0] to add: local:4630946791093499009, isActive: true
01-01 01:36:59.446   966  1089 I Tracking: VIPER: start initialization called.
01-01 01:36:59.446   966  1089 W Tracking: CalibrationHandler: Reverting to initial calibration.
01-01 01:36:59.446   966  1089 I Tracking: HeadsetTrackingLog: Clearing Tracker statistics in HeadsetTrackingLog.
01-01 01:36:59.446   966  1089 I Tracking: BoltSDK::Soc-Hexagon: defaultMemPool: Hexagon ref count changed from 7 to 8
01-01 01:36:59.446   966  1089 I Tracking: BoltSDK::Soc-Hexagon: DEFAULT HexagonPool:PyramidInit3x3DSP: Hexagon ref count changed from 8 to 9
01-01 01:36:59.446   966  1089 I Tracking: BoltSDK::Soc-Hexagon: defaultMemPool: Hexagon ref count changed from 9 to 8
01-01 01:36:59.446   966  1089 I Tracking: PerceptualHealthMonitorFactory: Creating PerceptualHealthMonitor
01-01 01:36:59.446   966  1089 W Tracking: FilterCalib: Treating initial calibration as nominal. Ocal not allowed to change the camera extrinsics by more than 2 mm
01-01 01:36:59.446   966  1089 W Tracking: SQRFilter: Adjusting extraTimestampPaddingMicroSec from 0.002000000 [sec] to 0.000000000 [sec]
01-01 01:36:59.446   966  1089 W Tracking: SQRFilter: Adjusting filterMaxActiveObservations from -1 to 38400
01-01 01:36:59.446   966  1089 W Tracking: SQRFilter: Adjusting covInflationSettings.epsilon from 2.9999999242136255e-05 to 0
01-01 01:36:59.448   966  1089 I Tracking: RMatrix: Initializing RMatrix for 332x356 matrix @ 0xb400006feb453d80
01-01 01:36:59.449  1155  1262 I InputReader: Reconfiguring input devices, changes=DISPLAY_INFO | 
01-01 01:36:59.449   966  1089 I Tracking: SQRLinAlgContainer: Initialized matrices with maximumSize 332
01-01 01:36:59.449   966  1089 I Tracking: BoltSDK::Soc-Hexagon: defaultMemPool: Hexagon ref count changed from 8 to 9
01-01 01:36:59.449   966  1089 I Tracking: BoltSDK::Soc-Hexagon: DEFAULT HexagonPool:HarrisCornersDetector: Hexagon ref count changed from 9 to 10
01-01 01:36:59.449   966  1089 I Tracking: BoltSDK::Soc-Hexagon: defaultMemPool: Hexagon ref count changed from 10 to 9
01-01 01:36:59.449   966  1089 I Tracking: BoltSDK::Soc-Hexagon: defaultMemPool: Hexagon ref count changed from 9 to 10
01-01 01:36:59.449   966  1089 I Tracking: BoltSDK::Soc-Hexagon: DEFAULT HexagonPool:HarrisCorners: Hexagon ref count changed from 10 to 11
01-01 01:36:59.449   966  1089 I Tracking: BoltSDK::Soc-Hexagon: defaultMemPool: Hexagon ref count changed from 11 to 10
01-01 01:36:59.451   966  1089 I Tracking: VegaTrackCreator: Using different descriptor extractors for Initialization and Tracking.
01-01 01:36:59.451   966  1089 I Tracking: BoltSDK::Soc-Hexagon: defaultMemPool: Hexagon ref count changed from 10 to 11
01-01 01:36:59.451   966  1089 I Tracking: BoltSDK::Soc-Hexagon: DEFAULT HexagonPool:LineSearch: Hexagon ref count changed from 11 to 12
01-01 01:36:59.451   966  1089 I Tracking: BoltSDK::Soc-Hexagon: defaultMemPool: Hexagon ref count changed from 12 to 11
01-01 01:36:59.451   966  1089 I Tracking: BoltSDK::Soc-Hexagon: defaultMemPool: Hexagon ref count changed from 11 to 12
01-01 01:36:59.451   966  1089 I Tracking: BoltSDK::Soc-Hexagon: DEFAULT HexagonPool:PatchMatcherBoltCV: Hexagon ref count changed from 12 to 13
01-01 01:36:59.451   966  1089 I Tracking: BoltSDK::Soc-Hexagon: defaultMemPool: Hexagon ref count changed from 13 to 12
01-01 01:36:59.455  2062 28753 W MediaProvider: Failed to fetch original file descriptor
01-01 01:36:59.455  2062 28753 W MediaProvider: java.io.FileNotFoundException: Input file descriptor is already original
01-01 01:36:59.455  2062 28753 W MediaProvider: 	at com.android.providers.media.MediaProvider.getOriginalMediaFormatFileDescriptor(MediaProvider.java:5756)
01-01 01:36:59.455  2062 28753 W MediaProvider: 	at com.android.providers.media.MediaProvider.openTypedAssetFileCommon(MediaProvider.java:7172)
01-01 01:36:59.455  2062 28753 W MediaProvider: 	at com.android.providers.media.MediaProvider.openTypedAssetFile(MediaProvider.java:7153)
01-01 01:36:59.455  2062 28753 W MediaProvider: 	at android.content.ContentProvider$Transport.openTypedAssetFile(ContentProvider.java:548)
01-01 01:36:59.455  2062 28753 W MediaProvider: 	at android.content.ContentProviderNative.onTransact(ContentProviderNative.java:327)
01-01 01:36:59.455  2062 28753 W MediaProvider: 	at android.os.Binder.execTransactInternal(Binder.java:1184)
01-01 01:36:59.455  2062 28753 W MediaProvider: 	at android.os.Binder.execTransact(Binder.java:1143)
01-01 01:36:59.456   856   951 W ServiceManager: Permission failure: android.permission.ACCESS_SURFACE_FLINGER from uid=10132 pid=28819
01-01 01:36:59.456   856   951 D PermissionCache: checking android.permission.ACCESS_SURFACE_FLINGER for uid=10132 => denied (489 us)
01-01 01:36:59.456   966  1089 I Tracking: ANCHOR_MANAGER: Clearing state of vega anchor manager.
01-01 01:36:59.456   966  1089 E Tracking: AnchorCacheHelpers: Nearby anchor does not exist in shared memory!
01-01 01:36:59.456   856   951 W ServiceManager: Permission failure: android.permission.ROTATE_SURFACE_FLINGER from uid=10132 pid=28819
01-01 01:36:59.456   856   951 D PermissionCache: checking android.permission.ROTATE_SURFACE_FLINGER for uid=10132 => denied (122 us)
01-01 01:36:59.457   966  1089 I Tracking: BoltSDK::Soc-Hexagon: defaultMemPool: Hexagon ref count changed from 12 to 13
01-01 01:36:59.457   966  1089 I Tracking: BoltSDK::Soc-Hexagon: DEFAULT HexagonPool:HarrisCornersDetector: Hexagon ref count changed from 13 to 14
01-01 01:36:59.457   966  1089 I Tracking: BoltSDK::Soc-Hexagon: defaultMemPool: Hexagon ref count changed from 14 to 13
01-01 01:36:59.457   966  1089 I Tracking: BoltSDK::Soc-Hexagon: defaultMemPool: Hexagon ref count changed from 13 to 14
01-01 01:36:59.457   966  1089 I Tracking: BoltSDK::Soc-Hexagon: DEFAULT HexagonPool:HarrisCorners: Hexagon ref count changed from 14 to 15
01-01 01:36:59.457   966  1089 I Tracking: BoltSDK::Soc-Hexagon: defaultMemPool: Hexagon ref count changed from 15 to 14
01-01 01:36:59.457   966  1089 I Tracking: DescriptorExtractor: Creating descriptor extractor: udeep
01-01 01:36:59.457   966  1089 I Tracking: BoltSdkFramework: DeepDescriptor: RMgr ref count changed from 6 to 7
01-01 01:36:59.459   905  1689 D NuPlayerDriver: NuPlayerDriver(0xe9fa2640) created, clientPid(1155)
01-01 01:36:59.459  1155  1850 I Telecom : CallAudioRouteStateMachine: Message received: MUTE_EXTERNALLY_CHANGED=3004, arg1=0: CARSM.mCR->CARSM.pM_MUTE_EXTERNALLY_CHANGED@ALA
01-01 01:36:59.460  1155  1850 I Telecom : QuiescentSpeakerRoute: Processing message MUTE_EXTERNALLY_CHANGED: CARSM.mCR->CARSM.pM_MUTE_EXTERNALLY_CHANGED@ALA
01-01 01:36:59.460   966  1089 I Tracking: BOLT:HexagonShim: HTP clock GKs are both false: setting clock to turbo
01-01 01:36:59.460   966  1089 I Tracking: BoltSdkFramework: TorchDelegate: RMgr ref count changed from 7 to 8
01-01 01:36:59.484   905 29008 D GenericSource: FileSource remote
01-01 01:36:59.488   966  1089 I Tracking: boltlib: Initialized model dd_boltnn_delegate with 0 HTA subgraph(s)
01-01 01:36:59.488   966  1089 I Tracking: BOLT:TorchDelegate: Input buffers were registered successfully for model dd_boltnn_delegate.
01-01 01:36:59.489   966  1089 I Tracking: VIPER:DEEP_DESCRIPTOR: Loaded Torchscript model
01-01 01:36:59.489   966  1089 I Tracking: VIPER:DEEP_DESCRIPTOR: Changing torch number of CPU threads from 1 to 1
01-01 01:36:59.489   966  1089 I Tracking: DescriptorExtractor: Creating descriptor extractor: boltcv
01-01 01:36:59.489   966  1089 I Tracking: BoltSDK::Soc-Hexagon: defaultMemPool: Hexagon ref count changed from 14 to 15
01-01 01:36:59.489   966  1089 I Tracking: BoltSDK::Soc-Hexagon: DEFAULT HexagonPool:OrbDescriptorCreateKernel: Hexagon ref count changed from 15 to 16
01-01 01:36:59.489   966  1089 I Tracking: BoltSDK::Soc-Hexagon: defaultMemPool: Hexagon ref count changed from 16 to 15
01-01 01:36:59.489   966  1406 I Tracking: VEGA_MAPPER: Cleaning transient internal states
01-01 01:36:59.490   966 29009 I Tracking: MapperOperationsRuntimeIPCServer: Initializing ...
01-01 01:36:59.490   966  1406 I Tracking: VEGA_MAPPER: Cleaning transient internal states
01-01 01:36:59.490   966  1089 I Tracking: AngularAccelerationEstimator: Enabling Savitzky Golay angular acceleration estimator
01-01 01:36:59.491   966  1089 E Tracking: InternalAnchorApiServerCapabilityImpl: onHeartbeat called when capability is stopped!
01-01 01:36:59.491   966  1089 I Tracking: InternalAnchorApiServerCapabilityImpl: onStart
01-01 01:36:59.491   966  1089 I Tracking: ANCHOR_MANAGER: Attached rebase event callback.
01-01 01:36:59.491   966  1089 I Tracking: SlamAnchorRuntimeIpcServer: Initializing Server
01-01 01:36:59.491   966 29009 I RuntimeIPCServerMgr [RUNTIMEIPC]: RegisterServer: SUCCESS: native_process.system:/system/bin/trackingservice (MapperOperationsServer)
01-01 01:36:59.492   966 29009 I Tracking: MapperOperationsRuntimeIPCServer: Initialized!
01-01 01:36:59.492   966 29009 I Tracking: MapperOperationsServerLauncher: MapperOperationsServer constructed
01-01 01:36:59.493   966  1088 D RPCServer [RUNTIMEIPC]: ConnectClient: Client: com.oculus.guardian:com.oculus.vrguardianservice:3057:, Server: native_process.system:/system/bin/trackingservice (MapperOperationsServer)
01-01 01:36:59.493   966  1088 I RPCClientHandler [RUNTIMEIPC]: Event buffer size (server): 8192
01-01 01:36:59.493   966   966 D RPCServer [RUNTIMEIPC]: ConnectClient: Client: com.facebook.spatial_persistence_service:com.facebook.spatial_persistence_service:2725:, Server: native_process.system:/system/bin/trackingservice (SlamAnchorServer)
01-01 01:36:59.493   966   966 I RPCClientHandler [RUNTIMEIPC]: Event buffer size (server): 8192
01-01 01:36:59.493   966  1089 I RuntimeIPCServerMgr [RUNTIMEIPC]: RegisterServer: SUCCESS: native_process.system:/system/bin/trackingservice (SlamAnchorServer)
01-01 01:36:59.494   966   966 I RuntimeIPCServerMgr [RUNTIMEIPC]: HandleClientConnect SUCCESS: Client: com.facebook.spatial_persistence_service:com.facebook.spatial_persistence_service:2725:, Server: native_process.system:/system/bin/trackingservice (SlamAnchorServer)
01-01 01:36:59.495   966  8085 D RPCServer [RUNTIMEIPC]: ConnectClient: Client: com.oculus.mrservice:com.oculus.mrservice:3188:, Server: native_process.system:/system/bin/trackingservice (SlamAnchorServer)
01-01 01:36:59.495   966  8085 I RPCClientHandler [RUNTIMEIPC]: Event buffer size (server): 8192
01-01 01:36:59.495   966  1088 I RuntimeIPCServerMgr [RUNTIMEIPC]: HandleClientConnect SUCCESS: Client: com.oculus.guardian:com.oculus.vrguardianservice:3057:, Server: native_process.system:/system/bin/trackingservice (MapperOperationsServer)
01-01 01:36:59.496   966  8085 I RuntimeIPCServerMgr [RUNTIMEIPC]: HandleClientConnect SUCCESS: Client: com.oculus.mrservice:com.oculus.mrservice:3188:, Server: native_process.system:/system/bin/trackingservice (SlamAnchorServer)
01-01 01:36:59.496   966  1089 I Tracking: SlamAnchorRuntimeIpcServer: Initialization Complete
01-01 01:36:59.497   793   842 D SensorService: SyncbossEventHandler: Enabling sensor HMD_IMU
01-01 01:36:59.497   793   842 D SensorService: SyncbossEventHandler: Active sensors: synthetic[HMD_DOUBLETAP,EXTERNAL_TIMING,ZAP] non-synth[HMD_IMU,PULSAR]
01-01 01:36:59.497   793   842 D SensorService: SyncbossEventHandler: acquiring session; approx # alive: 2
01-01 01:36:59.497   905 29005 I GenericSource: start
01-01 01:36:59.497   966  8085 D RPCServer [RUNTIMEIPC]: ConnectClient: Client: com.oculus.guardian:com.oculus.vrguardianservice:3057:, Server: native_process.system:/system/bin/trackingservice (SlamAnchorServer)
01-01 01:36:59.497   966  8085 I RPCClientHandler [RUNTIMEIPC]: Event buffer size (server): 8192
01-01 01:36:59.498   966  8085 I RuntimeIPCServerMgr [RUNTIMEIPC]: HandleClientConnect SUCCESS: Client: com.oculus.guardian:com.oculus.vrguardianservice:3057:, Server: native_process.system:/system/bin/trackingservice (SlamAnchorServer)
01-01 01:36:59.498     0     0 I init    : processing action (ro.vendor.drm.irq=* && sys.hmt.mounted=1) from (/vendor/etc/init/hw/init.hollywood.rc:104)
01-01 01:36:59.498     0     0 I init    : processing action (sys.hmt.mounted=1) from (/vendor/etc/init/hw/init.hollywood.rc:107)
01-01 01:36:59.498     0     0 I init    : processing action (sys.hmt.mounted=1) from (/vendor/etc/init/hw/init.kona.rc:400)
01-01 01:36:59.498     0     0 E FG      : fg_psy_get_property: unsupported property 4
01-01 01:36:59.500   606   623 I SyncBossFW: 8275012 [info   ] {APPI}: Enabling IMU
01-01 01:36:59.500   793   842 D SensorService: SyncbossEventHandler: Enabling sensor HMD_MAG
01-01 01:36:59.500   793   842 D SensorService: SyncbossEventHandler: Active sensors: synthetic[HMD_DOUBLETAP,EXTERNAL_TIMING,ZAP] non-synth[HMD_MAG,HMD_IMU,PULSAR]
01-01 01:36:59.500   793   842 D SensorService: SyncbossEventHandler: acquiring session; approx # alive: 3
01-01 01:36:59.501   905 29023 D CCodec  : allocate(c2.android.vorbis.decoder)
01-01 01:36:59.502   905 29023 I CCodec  : setting up 'default' as default (vendor) store
01-01 01:36:59.502   936   998 V C2Store : in init
01-01 01:36:59.502   936   998 V C2Store : loading dll
01-01 01:36:59.504   966  1089 D TrackingService: IOT sleep to standby completed
01-01 01:36:59.504   966  1089 I TrackingService: [                             iot] Power transition: SLEEP -> STANDBY transition time: 84 ms
01-01 01:36:59.504   966 29024 D TrackingService: starting IOT motion thread, imu batch dispatch enabled=false
01-01 01:36:59.505   966  1089 I Tracking: ConstellationTrackingCapabilityTranslation: onStart
01-01 01:36:59.505   966  1089 I Tracking: CONSTELLATION:TRACKING_ENGINE: Device d3d05f47e2487092 is not registered. Add tracked object.
01-01 01:36:59.505   966  1089 E Tracking: CONSTELLATION:TRACKING_ENGINE: Requested to deactivate device d3d05f47e2487092 when it isn't registered.
01-01 01:36:59.505   966  1089 I Tracking: CONSTELLATION:TRACKING_ENGINE: Device 9d17e7ce194bc1ec is not registered. Add tracked object.
01-01 01:36:59.505   966  1089 E Tracking: CONSTELLATION:TRACKING_ENGINE: Requested to deactivate device 9d17e7ce194bc1ec when it isn't registered.
01-01 01:36:59.505   966  1089 I Tracking: INPUT_TRACKING:MotionModel:Blackboard: reset
01-01 01:36:59.506   606   623 I SyncBossFW: 8275016 [info   ] {APPI}: Enabling magnetometer
01-01 01:36:59.506   606   623 I SyncBossFW: 8275016 [info   ] {APPI}: Enabling mag streaming.  Temperature comp enabled
01-01 01:36:59.506   905 29023 I CCodec  : Created component [c2.android.vorbis.decoder]
01-01 01:36:59.507   966  1089 I TrackingService: ConstellationTrackingGlue: setEnableExtendedDeadreckoning to false
01-01 01:36:59.507   966  1089 I TrackingService: [                   constellation] Power transition: SLEEP -> STANDBY transition time: 2 ms
01-01 01:36:59.507   905 29023 D CCodecConfig: read media type: audio/vorbis
01-01 01:36:59.508   966  1089 I Tracking: SelftrackedHeadsetSide: onStart
01-01 01:36:59.508   966  1089 I TrackingService: [              selftracked_client] Power transition: SLEEP -> STANDBY transition time: 1 ms
01-01 01:36:59.508   966  1089 I TrackingService: [                            hand] Power transition: SLEEP -> STANDBY transition time: 0 ms
01-01 01:36:59.508   966  1089 I Tracking: AudioFaceTrackingCapabilityImpl: onStart
01-01 01:36:59.508   966  1089 I TrackingService: [                            face] Power transition: SLEEP -> STANDBY transition time: 0 ms
01-01 01:36:59.509   966 29028 I Tracking: BoltSdkFramework: FaceTrackingEngineVisionInterface: RMgr ref count changed from 8 to 9
01-01 01:36:59.509   966 29028 I Tracking: FaceTracking: Histogram blendshape calibrator is disabled.
01-01 01:36:59.509   966 29028 I Tracking: FaceTracking: Creating audio-based pipeline.
01-01 01:36:59.509   966 29028 I Tracking: FaceTracking: Create LipSyncFaceTracking
01-01 01:36:59.509   966  1089 I Tracking: ObjectTrackingCapabilityTranslation: onStart
01-01 01:36:59.509   966  1089 I Tracking: KEYBOARD: ObjectTrackingEngine::onStart() - Current State: Configured.
01-01 01:36:59.510   966  1089 I TrackingService: [                          object] Power transition: SLEEP -> STANDBY transition time: 1 ms
01-01 01:36:59.510   966  1089 I TrackingService: [                      controller] Power transition: SLEEP -> STANDBY transition time: 0 ms
01-01 01:36:59.510   966  1089 I Tracking: ExposureControlCapabilityImpl: onStart
01-01 01:36:59.510   966  1089 I TrackingService: [                 ExposureControl] Power transition: SLEEP -> STANDBY transition time: 0 ms
01-01 01:36:59.510   966  1085 D TrackingService: Transition completed for (null)
01-01 01:36:59.510   966  1085 D TrackingService: setPowerState: STANDBY
01-01 01:36:59.510   966  1085 D SensorClientUtils: Executing transition from STANDBY to RUNNING
01-01 01:36:59.510   966  1085 D TrackingService: Enqueued transition to (targetPowerState, targetMuxName): (RUNNING, --) - transition timeout: 1000000000 ns
01-01 01:36:59.510   793   842 D SensorService: ControllerProvider: acquiring StreamingClient impl; approx # alive: 2
01-01 01:36:59.510   793   842 D libsensorscommon: ControllerProvider: acquiring StreamingClient hidl
01-01 01:36:59.510  1707 28998 D OVRRemoteService: processStateChange([PairedControllerInfo JEDI 9d17e7ce194bc1ec disconnected update-required mcnt=0])
01-01 01:36:59.510  1707 28998 D OVRRemoteService: processStateChange([PairedControllerInfo JEDI d3d05f47e2487092 disconnected update-required mcnt=0])
01-01 01:36:59.511   966  1089 I TrackingService: [                  vision_manager] Power transition: STANDBY -> RUNNING transition time: 0 ms
01-01 01:36:59.511   619   619 I libiad  : Enabling IAD polling
01-01 01:36:59.511  1707  1751 D RemoteService: RemoteService - Registering status callback
01-01 01:36:59.511   966  1089 I TrackingService: [                             iad] Power transition: STANDBY -> RUNNING transition time: 0 ms
01-01 01:36:59.511   966  1089 I TrackingService: [                            bolt] Power transition: STANDBY -> RUNNING transition time: 0 ms
01-01 01:36:59.511   966  1089 D TrackingService: IOT standby to running started
01-01 01:36:59.511   793   842 D CameraStream: Client 966: Attempting StreamControl: 0
01-01 01:36:59.511   793   842 D CameraClientManager: [HEADSET] Attempting starting camera client.
01-01 01:36:59.511   793   842 D CameraClientManager: [HEADSET] Successfully found client (966) to start in CameraClientManager list.
01-01 01:36:59.513   793   842 I FrameSetDispatcher: [HEADSET] Client pid=966 (IOT): Client thread started
01-01 01:36:59.513   793   842 I CameraClientManager: [HEADSET] Added client (966)(IOT)
01-01 01:36:59.513   793   842 D CameraClientManager: [HEADSET] Attempting to start stream
01-01 01:36:59.513   793   842 I CameraClientManager: [HEADSET] Started clients: 1
01-01 01:36:59.513   793   842 I CameraClientManager: [HEADSET] Starting stream
01-01 01:36:59.513   793   842 I CameraHalOculus: CameraHalLog:  vendor/oculus/camera/fastpath/camerahal/src/MonoCameraOculus.cpp:EnableCamera:116 Enabling MonoCamera 0
01-01 01:36:59.513   905 29023 D ReflectedParamUpdater: extent() != 1 for single value type: algo.buffers.max-count.values
01-01 01:36:59.514   905 29023 D ReflectedParamUpdater: extent() != 1 for single value type: output.subscribed-indices.values
01-01 01:36:59.514   966 29028 I Tracking: BOLT:HexagonShim: HTP clock GKs are both false: setting clock to turbo
01-01 01:36:59.514   966 29028 I Tracking: BoltSdkFramework: TorchDelegate: RMgr ref count changed from 9 to 10
01-01 01:36:59.514   905 29023 D ReflectedParamUpdater: extent() != 1 for single value type: input.buffers.allocator-ids.values
01-01 01:36:59.514   905 29023 D ReflectedParamUpdater: extent() != 1 for single value type: output.buffers.allocator-ids.values
01-01 01:36:59.514   905 29023 D ReflectedParamUpdater: extent() != 1 for single value type: algo.buffers.allocator-ids.values
01-01 01:36:59.514   905 29023 D ReflectedParamUpdater: extent() != 1 for single value type: output.buffers.pool-ids.values
01-01 01:36:59.514   905 29023 D ReflectedParamUpdater: extent() != 1 for single value type: algo.buffers.pool-ids.values
01-01 01:36:59.508     0     0 W healthd : battery l=100 v=4381 t=26.5 h=2 st=4 c=0 fc=3749000 cc=3 chg=a
01-01 01:36:59.515     0     0 I qcom,camera ac4f000.qcom,cci: qcom,cam-sensor0: Linked as a consumer to regulator.46
01-01 01:36:59.517   905 29023 I CCodecConfig: query failed after returning 7 values (BAD_INDEX)
01-01 01:36:59.518   905 29023 D CCodecConfig: c2 config diff is Dict {
01-01 01:36:59.518   905 29023 D CCodecConfig:   c2::u32 coded.bitrate.value = 64000
01-01 01:36:59.518   905 29023 D CCodecConfig:   c2::u32 input.buffers.max-size.value = 32768
01-01 01:36:59.518   905 29023 D CCodecConfig:   c2::u32 input.delay.value = 0
01-01 01:36:59.518   905 29023 D CCodecConfig:   string input.media-type.value = "audio/vorbis"
01-01 01:36:59.518   905 29023 D CCodecConfig:   string output.media-type.value = "audio/raw"
01-01 01:36:59.518   905 29023 D CCodecConfig:   c2::u32 raw.channel-count.value = 1
01-01 01:36:59.518   905 29023 D CCodecConfig:   c2::u32 raw.sample-rate.value = 48000
01-01 01:36:59.518   905 29023 D CCodecConfig: }
01-01 01:36:59.520   905 29023 D MediaCodec: flushMediametrics
01-01 01:36:59.520   905 29023 W mediametrics::Item: selfrecord: failed to record: {codec, (01-01 05:00:00.000), (, -1, -1), (android.media.mediacodec.codec=c2.android.vorbis.decoder, android.media.mediacodec.lifetimeMs=19, android.media.mediacodec.low-latency.first-frame=-1, android.media.mediacodec.low-latency.off=0, android.media.mediacodec.low-latency.on=0, android.media.mediacodec.mode=audio, android.media.mediacodec.secure=0)}
01-01 01:36:59.520   905 29023 D CCodec  : [c2.android.vorbis.decoder] buffers are bound to CCodec for this session
01-01 01:36:59.520   905 29023 D CCodecConfig: no c2 equivalents for durationUs
01-01 01:36:59.520   905 29023 D CCodecConfig: no c2 equivalents for csd-1
01-01 01:36:59.520   905 29023 D CCodecConfig: no c2 equivalents for channel-mask
01-01 01:36:59.520   905 29023 D CCodecConfig: no c2 equivalents for flags
01-01 01:36:59.521   905 29023 D CCodecConfig: c2 config diff is   c2::u32 coded.bitrate.value = 128000
01-01 01:36:59.521   905 29023 D CCodecConfig:   c2::u32 raw.channel-count.value = 2
01-01 01:36:59.518     0     0 I qcom,camera ac4f000.qcom,cci: qcom,cam-sensor0: Linked as a consumer to regulator.7
01-01 01:36:59.518     0     0 I qcom,camera ac4f000.qcom,cci: qcom,cam-sensor0: Linked as a consumer to regulator.71
01-01 01:36:59.519     0     0 W healthd : battery l=100 v=4381 t=26.5 h=2 st=4 c=0 fc=3749000 cc=3 chg=a
01-01 01:36:59.522   905 29023 W Codec2Client: query -- param skipped: index = 1107298332.
01-01 01:36:59.522   905 29023 D CCodec  : setup formats input: AMessage(what = 0x00000000) = {
01-01 01:36:59.522   905 29023 D CCodec  :   int32_t bitrate = 128000
01-01 01:36:59.522   905 29023 D CCodec  :   int32_t channel-count = 2
01-01 01:36:59.522   905 29023 D CCodec  :   int32_t max-input-size = 32768
01-01 01:36:59.522   905 29023 D CCodec  :   string mime = "audio/vorbis"
01-01 01:36:59.522   905 29023 D CCodec  :   int32_t sample-rate = 48000
01-01 01:36:59.522   905 29023 D CCodec  : }
01-01 01:36:59.523   905 29023 D CCodec  : setup formats output: AMessage(what = 0x00000000) = {
01-01 01:36:59.523   905 29023 D CCodec  :   int32_t channel-count = 2
01-01 01:36:59.523   905 29023 D CCodec  :   string mime = "audio/raw"
01-01 01:36:59.523   905 29023 D CCodec  :   int32_t sample-rate = 48000
01-01 01:36:59.523   905 29023 D CCodec  :   int32_t channel-mask = 3
01-01 01:36:59.523   905 29023 D CCodec  : }
01-01 01:36:59.523   905 29023 I CCodecConfig: query failed after returning 7 values (BAD_INDEX)
01-01 01:36:59.523   905 29023 I MediaCodec: MediaCodec will operate in async mode
01-01 01:36:59.523   905 29022 D MediaCodec: keep callback message for reclaim
01-01 01:36:59.524   905 29023 W Codec2Client: query -- param skipped: index = 1342179345.
01-01 01:36:59.524   905 29023 W Codec2Client: query -- param skipped: index = 2415921170.
01-01 01:36:59.524     0     0 W healthd : battery l=100 v=4381 t=26.5 h=2 st=4 c=0 fc=3749000 cc=3 chg=a
01-01 01:36:59.525   936   998 D BufferPoolAccessor2.0: bufferpool2 0xb400007a1aa5dc28 : 0(0 size) total buffers - 0(0 size) used buffers - 10/13 (recycle/alloc) - 3/12 (fetch/transfer)
01-01 01:36:59.525   936   998 D BufferPoolAccessor2.0: Destruction - bufferpool2 0xb400007a1aa5dc28 cached: 0/0M, 0/0% in use; allocs: 13, 77% recycled; transfers: 12, 75% unfetched
01-01 01:36:59.525   905 29023 D CCodecBufferChannel: [c2.android.vorbis.decoder#4] Created input block pool with allocatorID 16 => poolID 80 - OK (0)
01-01 01:36:59.526   905  1460 D BufferPoolAccessor2.0: bufferpool2 0xe9f98918 : 0(0 size) total buffers - 0(0 size) used buffers - 10/18 (recycle/alloc) - 8/30 (fetch/transfer)
01-01 01:36:59.527  2044  4561 D BufferPoolAccessor2.0: bufferpool2 0x6f71240428 : 0(0 size) total buffers - 0(0 size) used buffers - 0/5 (recycle/alloc) - 2/4 (fetch/transfer)
01-01 01:36:59.527  2044  4561 D BufferPoolAccessor2.0: Destruction - bufferpool2 0x6f71240428 cached: 0/0M, 0/0% in use; allocs: 5, 0% recycled; transfers: 4, 50% unfetched
01-01 01:36:59.527   905  1460 D BufferPoolAccessor2.0: Destruction - bufferpool2 0xe9f98918 cached: 0/0M, 0/0% in use; allocs: 18, 56% recycled; transfers: 30, 73% unfetched
01-01 01:36:59.527  2044  4561 D BufferPoolAccessor2.0: bufferpool2 0x6f7124ce28 : 0(0 size) total buffers - 0(0 size) used buffers - 2/7 (recycle/alloc) - 5/30 (fetch/transfer)
01-01 01:36:59.527  2044  4561 D BufferPoolAccessor2.0: Destruction - bufferpool2 0x6f7124ce28 cached: 0/0M, 0/0% in use; allocs: 7, 29% recycled; transfers: 30, 83% unfetched
01-01 01:36:59.527   905 29023 I CCodecBufferChannel: [c2.android.vorbis.decoder#4] Created output block pool with allocatorID 16 => poolID 162 - OK
01-01 01:36:59.528   905 29023 D CCodecBufferChannel: [c2.android.vorbis.decoder#4] Configured output block pool ids 162 => OK
01-01 01:36:59.529   936 29025 D SimpleC2Component: Using output block pool with poolID 162 => got 162 - 0
01-01 01:36:59.530   966 29028 I Tracking: boltlib: Initialized model MultiScaleTCNQuantizable with 0 HTA subgraph(s)
01-01 01:36:59.531   966 29028 I Tracking: NN:backends: Using network spec 1/4.
01-01 01:36:59.532   966 29028 I Tracking: NN:backends: Not using network spec 2/4: No valid TorchScript model found at absolute or relative path htp/qnn_model.ptl..
01-01 01:36:59.532   966 29028 I Tracking: NN:backends: Not using network spec 3/4: No valid TorchScript model found at absolute or relative path cpu/model.pt..
01-01 01:36:59.532   966 29028 I Tracking: NN:backends: Not using network spec 4/4: No valid TorchScript model found at absolute or relative path cpu/model.pt..
01-01 01:36:59.534   966 29028 I Tracking: FaceTracking: Configuring active pipeline, model_name: 
01-01 01:36:59.534   966 29028 I Tracking: FaceTracking: Init face tracking with model 
01-01 01:36:59.534   966 29028 I Tracking: FaceTracking: FTPipeline configuration:
01-01 01:36:59.534   966 29028 I Tracking: FTPipelineE2E
01-01 01:36:59.534   966 29028 I Tracking: FaceTracking: Started. Took 25.2698ms.
01-01 01:36:59.534   966 29028 I Tracking: AudioFaceTrackingCapabilityImpl: Started. Took 25.2864ms.
01-01 01:36:59.541   793   842 I CameraHalOculus: CameraHalLog:  vendor/oculus/camera/fastpath/camerahal/src/MonoCameraOculus.cpp:EnableCamera:116 Enabling MonoCamera 1
01-01 01:36:59.541   793 28989 W SensorService: Data for sensor type HMD_IMU dropped because of failure to update clock drift from vsync. 1 drops in the last 0s.
01-01 01:36:59.542   606   623 W SyncBossFW: 8275054 [warning] {SPTH}: [rate_lim=1000] Big IMU diff (456245446us)
01-01 01:36:59.543   802  8192 D AudioFlinger: Client defaulted notificationFrames to 12000 for frameCount 24000
01-01 01:36:59.544   802  8192 D AF::TrackHandle: OpPlayAudio: not muting track:210 flags 0x840 have FLAG_BYPASS_INTERRUPTION_POLICY
01-01 01:36:59.546   783  3386 D audio_hw_primary: start_output_stream: enter: stream(0xe6fa6000)usecase(1: low-latency-playback) devices(0x2) is_haptic_usecase(0)
01-01 01:36:59.546   783  3386 D audio_hw_primary: select_devices for use case (low-latency-playback)
01-01 01:36:59.546   783  3386 I msm8974_platform: platform_check_and_set_codec_backend_cfg:becf: afe: bitwidth 16, samplerate 48000 channels 2, backend_idx 0 usecase = 1 device (speaker)
01-01 01:36:59.546   783  3386 D msm8974_platform: platform_split_snd_device: snd_device(2) num devices(1) new_snd_devices(0)
01-01 01:36:59.546   783  3386 I msm8974_platform: platform_check_and_set_codec_backend_cfg: new_snd_devices[0] is 2
01-01 01:36:59.546   783  3386 I msm8974_platform: platform_check_codec_backend_cfg:becf: afe: bitwidth 16, samplerate 48000 channels 2, backend_idx 0 usecase = 1 device (speaker)
01-01 01:36:59.547   783  3386 D audio_hw_extn: audio_extn_enable_hifi_filter: mixer_value set 0
01-01 01:36:59.547   783  3386 D msm8974_platform: platform_check_codec_backend_cfg:becf: updated afe: bitwidth 16, samplerate 48000 channels 2,backend_idx 0 usecase = 1 device (speaker)
01-01 01:36:59.547   783  3386 D msm8974_platform: platform_check_codec_backend_cfg:becf: afe: playback on codec device not supporting native playback set default Sample Rate(48k)
01-01 01:36:59.547   783  3386 I msm8974_platform: platform_check_codec_backend_cfg:becf: afe: Codec selected backend: 0 updated bit width: 16 and sample rate: 48000
01-01 01:36:59.547   783  3386 D audio_hw_primary: check_usecases_codec_backend:becf: force routing 0
01-01 01:36:59.547   783  3386 E msm8974_platform: platform_check_backends_match: Invalid snd_device = 
01-01 01:36:59.547   783  3386 D audio_hw_primary: check_usecases_codec_backend:becf: (78) check_usecases curr device: speaker, usecase device: backends match 0
01-01 01:36:59.547   783  3386 D audio_hw_primary: check_usecases_codec_backend:becf: check_usecases num.of Usecases to switch 0
01-01 01:36:59.547   783  3386 D hardware_info: hw_info_append_hw_type : device_name = speaker
01-01 01:36:59.547   783  3386 D msm8974_platform: platform_split_snd_device: snd_device(2) num devices(0) new_snd_devices(0)
01-01 01:36:59.547   783  3386 D audio_hw_primary: enable_snd_device: snd_device(2: speaker)
01-01 01:36:59.547   783  3386 D msm8974_platform: platform_get_island_cfg_on_device:island cfg status on snd_device = (speaker 0)
01-01 01:36:59.547   783  3386 D audio_route: Apply path: speaker
01-01 01:36:59.543     0     0 I qcom,camera ac4f000.qcom,cci: qcom,cam-sensor1: Linked as a consumer to regulator.46
01-01 01:36:59.545     0     0 I qcom,camera ac4f000.qcom,cci: qcom,cam-sensor1: Linked as a consumer to regulator.7
01-01 01:36:59.545     0     0 I qcom,camera ac4f000.qcom,cci: qcom,cam-sensor1: Linked as a consumer to regulator.71
01-01 01:36:59.548     0     0 I cm710x 1-002c: cm710x_playback_in_enum_ext_get select PlaybackFrom = 1
01-01 01:36:59.549   793 28989 W SensorService: Data for sensor type HMD_MAG dropped because of failure to update clock drift from vsync. 1 drops in the last 0s.
01-01 01:36:59.552   783  3386 I audio_hw_utils: audio_extn_utils_update_stream_output_app_type_cfg Allowing 24 and above bits playback on speaker ONLY at default sampling rate
01-01 01:36:59.552   783  3386 D audio_hw_utils: audio_extn_utils_send_app_type_cfg: usecase->out_snd_device speaker
01-01 01:36:59.552   783  3386 D msm8974_platform: platform_split_snd_device: snd_device(2) num devices(0) new_snd_devices(0)
01-01 01:36:59.552   783  3386 D audio_hw_utils: audio_extn_btsco_get_sample_rate:Not a BT SCO device, need not update sampling rate
01-01 01:36:59.552   783  3386 I audio_hw_utils: send_app_type_cfg_for_device PLAYBACK app_type 69943, acdb_dev_id 15, sample_rate 48000, snd_device_be_idx 43
01-01 01:36:59.553   783  3386 D msm8974_platform: platform_split_snd_device: snd_device(2) num devices(1) new_snd_devices(0)
01-01 01:36:59.553   783  3386 D audio_hw_utils: audio_extn_btsco_get_sample_rate:Not a BT SCO device, need not update sampling rate
01-01 01:36:59.553   783  3386 D ACDB-LOADER: ACDB -> send_audio_cal, acdb_id = 15, path = 0, app id = 0x11137, sample rate = 48000, afe_sample_rate = 48000
01-01 01:36:59.553   783  3386 D ACDB-LOADER: ACDB -> send_asm_topology
01-01 01:36:59.553   783  3386 D ACDB-LOADER: ACDB -> ACDB_CMD_GET_AUDPROC_STREAM_TOPOLOGY_ID
01-01 01:36:59.553   905 29023 D CCodecBufferChannel: [c2.android.vorbis.decoder#4] buffers after EOS ignored (0 us)
01-01 01:36:59.553   783  3386 D ACDB-LOADER: ACDB -> send_adm_topology
01-01 01:36:59.553   783  3386 D ACDB-LOADER: ACDB -> ACDB_CMD_GET_AUDPROC_COMMON_TOPOLOGY_ID
01-01 01:36:59.553   783  3386 D ACDB-LOADER: ACDB -> send_audtable
01-01 01:36:59.553   783  3386 D ACDB-LOADER: ACDB -> ACDB_CMD_GET_AUDPROC_INSTANCE_COMMON_TABLE_SIZE
01-01 01:36:59.553   783  3386 D ACDB-LOADER: ACDB -> ACDB_CMD_GET_AUDPROC_INSTANCE_COMMON_TABLE
01-01 01:36:59.553   783  3386 D ACDB-LOADER: ACDB -> AUDIO_SET_AUDPROC_CAL cal_type[11] acdb_id[15] app_type[69943]
01-01 01:36:59.553   783  3386 D ACDB-LOADER: ACDB -> send_audvoltable
01-01 01:36:59.553   783  3386 D ACDB-LOADER: ACDB -> ACDB_CMD_GET_AUDPROC_INSTANCE_GAIN_DEP_STEP_TABLE_SIZE
01-01 01:36:59.553   783  3386 D android.hardware.audio.service: Failed to fetch the lookup information of the device 0000000F 
01-01 01:36:59.553   783  3386 D ACDB-LOADER: Error: ACDB_CMD_GET_AUDPROC_INSTANCE_GAIN_DEP_STEP_TABLE_SIZE Returned = -19
01-01 01:36:59.553   783  3386 D ACDB-LOADER: ACDB -> ACDB_CMD_GET_AUDPROC_INSTANCE_GAIN_DEP_STEP_TABLE, vol index 0
01-01 01:36:59.553   783  3386 D android.hardware.audio.service: Failed to fetch the lookup information of the device 0000000F 
01-01 01:36:59.553   783  3386 D ACDB-LOADER: Error: ACDB AudProc vol returned = -19
01-01 01:36:59.553   783  3386 D ACDB-LOADER: ACDB -> AUDIO_SET_VOL_CAL cal type = 12
01-01 01:36:59.553   783  3386 D ACDB-LOADER: ACDB -> ACDB_CMD_GET_AUDPROC_INSTANCE_STREAM_TABLE_SIZE
01-01 01:36:59.553   783  3386 D ACDB-LOADER: ACDB -> send_audstrmtable
01-01 01:36:59.553   783  3386 D ACDB-LOADER: ACDB -> ACDB_CMD_GET_AUDPROC_INSTANCE_STREAM_TABLE
01-01 01:36:59.553   783  3386 D ACDB-LOADER: ACDB -> audstrm_cal->cal_type.cal_data.cal_size = 20
01-01 01:36:59.553   783  3386 D ACDB-LOADER: ACDB -> send_afe_topology
01-01 01:36:59.553   783  3386 D ACDB-LOADER: ACDB -> ACDB_CMD_GET_AFE_TOPOLOGY_ID
01-01 01:36:59.553   783  3386 D ACDB-LOADER: ACDB -> GET_AFE_TOPOLOGY_ID for adcd_id 15, Topology Id 112fc
01-01 01:36:59.553   783  3386 D ACDB-LOADER: ACDB -> send_afe_cal
01-01 01:36:59.553   783  3386 D ACDB-LOADER: ACDB -> ACDB_CMD_GET_AFE_INSTANCE_COMMON_TABLE_SIZE
01-01 01:36:59.553   783  3386 D android.hardware.audio.service: Failed to fetch the lookup information of the device 0000000F 
01-01 01:36:59.553   783  3386 D ACDB-LOADER: Error: ACDB_CMD_GET_AFE_INSTANCE_COMMON_TABLE_SIZE Returned = -19
01-01 01:36:59.553   783  3386 D ACDB-LOADER: ACDB -> ACDB_CMD_GET_AFE_INSTANCE_COMMON_TABLE
01-01 01:36:59.553   783  3386 D android.hardware.audio.service: Failed to fetch the lookup information of the device 0000000F 
01-01 01:36:59.553   783  3386 D ACDB-LOADER: Error: ACDB AFE returned = -19
01-01 01:36:59.553   783  3386 D ACDB-LOADER: ACDB -> AUDIO_SET_AFE_CAL cal_type[16] acdb_id[15]
01-01 01:36:59.553   783  3386 D ACDB-LOADER: ACDB -> send_hw_delay : acdb_id = 15 path = 0
01-01 01:36:59.553   783  3386 D ACDB-LOADER: ACDB -> ACDB_AVSYNC_INFO: ACDB_CMD_GET_DEVICE_PROPERTY
01-01 01:36:59.553   783  3386 D msm8974_platform: platform_split_snd_device: snd_device(2) num devices(0) new_snd_devices(0)
01-01 01:36:59.553   783  3386 I msm8974_platform: platform_get_custom_mtmx_params: no matching param with id 0 ip_ch 2 op_ch 2 uc_id 1 snd_dev 2
01-01 01:36:59.553   783  3386 D audio_hw_primary: enable_audio_route: apply mixer and update path: low-latency-playback
01-01 01:36:59.553   783  3386 D audio_route: Apply path: low-latency-playback
01-01 01:36:59.553   905 29020 D AudioTrack: stop(235): called with 11233 frames delivered
01-01 01:36:59.553   783  3386 D audio_hw_primary: select_devices: done
01-01 01:36:59.563  3057  3118 I GuardianPassthroughMgr: GuardianPassthroughMgr::UpdateTransition - Guardian driven passthrough animation enabled
01-01 01:36:59.563  3057  3118 I StateMachine: StateMachine::HandleEvent GuardianInitialization: mountEvent -> MountedTransition_Black
01-01 01:36:59.563  3057  3118 I StateMachine: StateMachine::HandleEvent HmdMovementTelemetry: hmdTelemetryMountEvent -> HmdTelemetry_Mounted
01-01 01:36:59.563  3057  3118 I GuardianTelemetry: [ovrStatsThreadGuardian::SendGuardianStateChangeTelemetry] Sending state change event DON, dialog 
01-01 01:36:59.557     0     0 I __afe_port_start: port id: 0x1000
01-01 01:36:59.557     0     0 I afe_find_cal_topo_id_by_port: port id: 0x1000, dev_acdb_id: 15
01-01 01:36:59.557     0     0 I afe_find_cal_topo_id_by_port: top_id:112fc acdb_id:15 afe_port_id:0x1000
01-01 01:36:59.557     0     0 I afe_get_cal_topology_id: port_id = 0x1000 acdb_id = 15 topology_id = 0x112fc cal_type_index=8 ret=0
01-01 01:36:59.557     0     0 I afe_send_port_topology_id: AFE set topology id 0x112fc  enable for port 0x1000 ret 0
01-01 01:36:59.557     0     0 I send_afe_cal_type: cal_index is 0
01-01 01:36:59.557     0     0 I send_afe_cal_type: dev_acdb_id[40] is 15
