12-29 03:28:57.234 21879 22012 V [SUI] RawSettingsItem: visibilityFetcher is empty for id: keyboard_autocorrect
12-29 03:28:57.234 21879 22012 V [SUI] RawSettingsItem: valueFetcher is empty for id: keyboard_autocorrect
12-29 03:28:57.234 21879 22012 V [SUI] RawSettingsItem: editableFetcher is empty for id: keyboard_autocorrect
12-29 03:28:57.238 21879 21879 D [SUI] SystemUXFunnelLogServerLogger: Impression Event: oculus_impressions_tile_impressioned PersistableBundle[{duration=0, surface=AUI, rawclienttime=1703802537186, utl_uptime_ms=8348704, aui_section=pinned, aui_position_in_section=1, content_id=3209391179128490, position=1, content_type=APP, utl_realtime_ms=8348704, aui_in_app=true, position_x=1, position_y=0}]
12-29 03:28:57.240  3111  3210 I StateMachine: StateMachine::HandleEvent GuardianInitialization: relocalizingEvent -> Relocalizing_Black
12-29 03:28:57.240  3234 17231 E AnalyticsEvent: could not set key=selection_args value=null
12-29 03:28:57.240  3234 17231 D CapabilitiesProvider: Capabilities Content Provider called content://com.oculus.identitymanagement.capabilities.contentprovider/account/activeuser/capabilities/com.oculus.capability.social.all, selection= null, selectionArgs=null, sortOrder= null
12-29 03:28:57.239  1169  1169 W Looper  : Slow dispatch took 176ms main h=com.android.server.notification.NotificationManagerService$WorkerHandler c=com.android.server.notification.NotificationManagerService$CancelNotificationRunnable@497906f m=0
12-29 03:28:57.243  3279  3279 D FileCapture: Async on app switch
12-29 03:28:57.243  1232  1576 D UE      : [2023.12.28-22.28.57:243][  0]LogVRS: Current RHI supports Variable Rate Shading
12-29 03:28:57.243  3234 10147 E AnalyticsEvent: could not set key=selection_args value=null
12-29 03:28:57.244  3234 10147 D CapabilitiesProvider: Capabilities Content Provider called content://com.oculus.identitymanagement.capabilities.contentprovider/account/activeuser/capabilities/com.oculus.capability.social.all, selection= null, selectionArgs=null, sortOrder= null
12-29 03:28:57.246  1232  1576 D UE      : [2023.12.28-22.28.57:246][  0]LogRHI: Texture pool is 600 MB (of 6096 MB total graphics mem)
12-29 03:28:57.251  2104  3231 W OVRLibrary: null cursor received for query content://com.oculus.ocms.library/apps/com.epicgames.AtomVR
12-29 03:28:57.252 21879 21879 D [SUI] SystemUXFunnelLogServerLogger: Impression Event: oculus_impressions_tile_impressioned PersistableBundle[{duration=0, surface=AUI, rawclienttime=1703802537186, utl_uptime_ms=8348756, aui_section=pinned, aui_position_in_section=2, content_id=messenger_system_app, position=2, content_type=APP, utl_realtime_ms=8348756, aui_in_app=true, position_x=2, position_y=0}]
12-29 03:28:57.252 21879 21879 D [SUI] SystemUXFunnelLogServerLogger: Impression Event: oculus_impressions_tile_impressioned PersistableBundle[{duration=0, surface=AUI, rawclienttime=1703802537186, utl_uptime_ms=8348770, aui_section=pinned, aui_position_in_section=3, content_id=share_system_app, position=3, content_type=APP, utl_realtime_ms=8348770, aui_in_app=true, position_x=3, position_y=0}]
12-29 03:28:57.252  3279 10121 D MetaCam (MediaCapabilityChecker): checkMediaHasRecordingCapabilities packageName: com.epicgames.AtomVR
12-29 03:28:57.262  1232  1576 D UE      : [2023.12.28-22.28.57:262][  0]LogRendererCore: Ray tracing is disabled. Reason: disabled through project setting (r.RayTracing=0).
12-29 03:28:57.263  1232  1576 D UE      : [2023.12.28-22.28.57:263][  0]LogShaderLibrary: Display: Using ../../../AtomVR/Content/ShaderArchive-Global-SF_VULKAN_ES31_ANDROID-VULKAN_ES3_1_ANDROID.ushaderbytecode for material shader code. Total 824 unique shaders.
12-29 03:28:57.263  1232  1576 D UE      : [2023.12.28-22.28.57:263][  0]LogShaderLibrary: Display: Cooked Context: Using Shared Shader Library Global
12-29 03:28:57.263  1232  1576 D UE      : [2023.12.28-22.28.57:263][  0]LogShaderLibrary: Display: Logical shader library 'Global' has been created as a monolithic library
12-29 03:28:57.263  1232  1576 D UE      : [2023.12.28-22.28.57:263][  0]LogShaderLibrary: Display: Running without a pakfile and did not find a monolithic library 'Global_SC' - attempting disk search for its chunks
12-29 03:28:57.263  1232  1576 D UE      : [2023.12.28-22.28.57:263][  0]LogShaderLibrary: Display:    ....  not found
12-29 03:28:57.264  1232  1576 D UE      : [2023.12.28-22.28.57:263][  0]LogShaderLibrary: Display: Tried to open shader library 'Global_SC', but could not find it neither as a monolithic library nor as a chunked one.
12-29 03:28:57.264  1232  1576 D UE      : [2023.12.28-22.28.57:264][  0]LogShaderLibrary: Display: Running without a pakfile and did not find a monolithic library 'TraceUtilities' - attempting disk search for its chunks
12-29 03:28:57.264  1232 21786 D UE      : [2023.12.28-22.28.57:264][  0]LogShaderLibrary: Display: Running without a pakfile and did not find a monolithic library 'AnimationSharing' - attempting disk search for its chunks
12-29 03:28:57.264  1232  1576 D UE      : [2023.12.28-22.28.57:264][  0]LogShaderLibrary: Display:    ....  not found
12-29 03:28:57.264  1232  1576 D UE      : [2023.12.28-22.28.57:264][  0]LogShaderLibrary: Display: Tried to open shader library 'TraceUtilities', but could not find it neither as a monolithic library nor as a chunked one.
12-29 03:28:57.264  1232 21786 D UE      : [2023.12.28-22.28.57:264][  0]LogShaderLibrary: Display:    ....  not found
12-29 03:28:57.264  1232 21786 D UE      : [2023.12.28-22.28.57:264][  0]LogShaderLibrary: Display: Tried to open shader library 'AnimationSharing', but could not find it neither as a monolithic library nor as a chunked one.
12-29 03:28:57.264  1232  1576 D UE      : [2023.12.28-22.28.57:264][  0]LogShaderLibrary: Display: Running without a pakfile and did not find a monolithic library 'Paper2D' - attempting disk search for its chunks
12-29 03:28:57.264  1232 21786 D UE      : [2023.12.28-22.28.57:264][  0]LogShaderLibrary: Display: Running without a pakfile and did not find a monolithic library 'ChaosSolverPlugin' - attempting disk search for its chunks
12-29 03:28:57.264  1232 21786 D UE      : [2023.12.28-22.28.57:264][  0]LogShaderLibrary: Display:    ....  not found
12-29 03:28:57.264  1232 21786 D UE      : [2023.12.28-22.28.57:264][  0]LogShaderLibrary: Display: Tried to open shader library 'ChaosSolverPlugin', but could not find it neither as a monolithic library nor as a chunked one.
12-29 03:28:57.264  1232  1576 D UE      : [2023.12.28-22.28.57:264][  0]LogShaderLibrary: Display:    ....  not found
12-29 03:28:57.264  1232  1576 D UE      : [2023.12.28-22.28.57:264][  0]LogShaderLibrary: Display: Tried to open shader library 'Paper2D', but could not find it neither as a monolithic library nor as a chunked one.
12-29 03:28:57.264  1232 21786 D UE      : [2023.12.28-22.28.57:264][  0]LogShaderLibrary: Display: Running without a pakfile and did not find a monolithic library 'ChaosVehiclesPlugin' - attempting disk search for its chunks
12-29 03:28:57.265  1232  1576 D UE      : [2023.12.28-22.28.57:265][  0]LogShaderLibrary: Display: Running without a pakfile and did not find a monolithic library 'Dataflow' - attempting disk search for its chunks
12-29 03:28:57.265  1232 21786 D UE      : [2023.12.28-22.28.57:265][  0]LogShaderLibrary: Display:    ....  not found
12-29 03:28:57.265  1232 21786 D UE      : [2023.12.28-22.28.57:265][  0]LogShaderLibrary: Display: Tried to open shader library 'ChaosVehiclesPlugin', but could not find it neither as a monolithic library nor as a chunked one.
12-29 03:28:57.265  1232  1576 D UE      : [2023.12.28-22.28.57:265][  0]LogShaderLibrary: Display:    ....  not found
12-29 03:28:57.265  2786 21801 I Vsync   : Vsync 160:  2 x 11.14 ms (89.79 Hz, at 8348.783)
12-29 03:28:57.265  1232  1576 D UE      : [2023.12.28-22.28.57:265][  0]LogShaderLibrary: Display: Tried to open shader library 'Dataflow', but could not find it neither as a monolithic library nor as a chunked one.
12-29 03:28:57.265  1232 21786 D UE      : [2023.12.28-22.28.57:265][  0]LogShaderLibrary: Display: Running without a pakfile and did not find a monolithic library 'FullBodyIK' - attempting disk search for its chunks
12-29 03:28:57.265  1232  1576 D UE      : [2023.12.28-22.28.57:265][  0]LogShaderLibrary: Display: Running without a pakfile and did not find a monolithic library 'PythonScriptPlugin' - attempting disk search for its chunks
12-29 03:28:57.265  1232 21786 D UE      : [2023.12.28-22.28.57:265][  0]LogShaderLibrary: Display:    ....  not found
12-29 03:28:57.265  1232 21786 D UE      : [2023.12.28-22.28.57:265][  0]LogShaderLibrary: Display: Tried to open shader library 'FullBodyIK', but could not find it neither as a monolithic library nor as a chunked one.
12-29 03:28:57.265  1232  1576 D UE      : [2023.12.28-22.28.57:265][  0]LogShaderLibrary: Display:    ....  not found
12-29 03:28:57.265  1232 21787 D UE      : [2023.12.28-22.28.57:265][  0]LogShaderLibrary: Display: Running without a pakfile and did not find a monolithic library 'ToolPresets' - attempting disk search for its chunks
12-29 03:28:57.265  1232 21786 D UE      : [2023.12.28-22.28.57:265][  0]LogShaderLibrary: Display: Running without a pakfile and did not find a monolithic library 'SequencerScripting' - attempting disk search for its chunks
12-29 03:28:57.265  1232  1576 D UE      : [2023.12.28-22.28.57:265][  0]LogShaderLibrary: Display: Tried to open shader library 'PythonScriptPlugin', but could not find it neither as a monolithic library nor as a chunked one.
12-29 03:28:57.265  1232 21787 D UE      : [2023.12.28-22.28.57:265][  0]LogShaderLibrary: Display:    ....  not found
12-29 03:28:57.265  1232 21787 D UE      : [2023.12.28-22.28.57:265][  0]LogShaderLibrary: Display: Tried to open shader library 'ToolPresets', but could not find it neither as a monolithic library nor as a chunked one.
12-29 03:28:57.265  1232  1576 D UE      : [2023.12.28-22.28.57:265][  0]LogShaderLibrary: Display: Running without a pakfile and did not find a monolithic library 'AudioWidgets' - attempting disk search for its chunks
12-29 03:28:57.266  1232  1576 D UE      : [2023.12.28-22.28.57:265][  0]LogShaderLibrary: Display:    ....  not found
12-29 03:28:57.266  1232  1576 D UE      : [2023.12.28-22.28.57:266][  0]LogShaderLibrary: Display: Tried to open shader library 'AudioWidgets', but could not find it neither as a monolithic library nor as a chunked one.
12-29 03:28:57.266  1232 21787 D UE      : [2023.12.28-22.28.57:266][  0]LogShaderLibrary: Display: Running without a pakfile and did not find a monolithic library 'BlockoutToolsPlugin' - attempting disk search for its chunks
12-29 03:28:57.266  1232  1576 D UE      : [2023.12.28-22.28.57:266][  0]LogShaderLibrary: Display: Running without a pakfile and did not find a monolithic library 'GeometryProcessing' - attempting disk search for its chunks
12-29 03:28:57.266  1232 21787 D UE      : [2023.12.28-22.28.57:266][  0]LogShaderLibrary: Display:    ....  not found
12-29 03:28:57.266  1232 21787 D UE      : [2023.12.28-22.28.57:266][  0]LogShaderLibrary: Display: Tried to open shader library 'BlockoutToolsPlugin', but could not find it neither as a monolithic library nor as a chunked one.
12-29 03:28:57.266  1232  1576 D UE      : [2023.12.28-22.28.57:266][  0]LogShaderLibrary: Display:    ....  not found
12-29 03:28:57.266  1232  1576 D UE      : [2023.12.28-22.28.57:266][  0]LogShaderLibrary: Display: Tried to open shader library 'GeometryProcessing', but could not find it neither as a monolithic library nor as a chunked one.
12-29 03:28:57.266  1232 21787 D UE      : [2023.12.28-22.28.57:266][  0]LogShaderLibrary: Display: Running without a pakfile and did not find a monolithic library 'Metasound' - attempting disk search for its chunks
12-29 03:28:57.266  1232 21787 D UE      : [2023.12.28-22.28.57:266][  0]LogShaderLibrary: Display:    ....  not found
12-29 03:28:57.266  1232 21787 D UE      : [2023.12.28-22.28.57:266][  0]LogShaderLibrary: Display: Tried to open shader library 'Metasound', but could not find it neither as a monolithic library nor as a chunked one.
12-29 03:28:57.266  1232  1576 D UE      : [2023.12.28-22.28.57:266][  0]LogShaderLibrary: Display: Running without a pakfile and did not find a monolithic library 'RigVM' - attempting disk search for its chunks
12-29 03:28:57.266  1232  1576 D UE      : [2023.12.28-22.28.57:266][  0]LogShaderLibrary: Display:    ....  not found
12-29 03:28:57.266  1232  1576 D UE      : [2023.12.28-22.28.57:266][  0]LogShaderLibrary: Display: Tried to open shader library 'RigVM', but could not find it neither as a monolithic library nor as a chunked one.
12-29 03:28:57.266  1232 21786 D UE      : [2023.12.28-22.28.57:265][  0]LogShaderLibrary: Display:    ....  not found
12-29 03:28:57.266  1232 21786 D UE      : [2023.12.28-22.28.57:266][  0]LogShaderLibrary: Display: Tried to open shader library 'SequencerScripting', but could not find it neither as a monolithic library nor as a chunked one.
12-29 03:28:57.266  1232  1576 D UE      : [2023.12.28-22.28.57:266][  0]LogShaderLibrary: Display: Running without a pakfile and did not find a monolithic library 'ResonanceAudio' - attempting disk search for its chunks
12-29 03:28:57.266  1232 21786 D UE      : [2023.12.28-22.28.57:266][  0]LogShaderLibrary: Display: Running without a pakfile and did not find a monolithic library 'AudioSynesthesia' - attempting disk search for its chunks
12-29 03:28:57.267  1232  1576 D UE      : [2023.12.28-22.28.57:267][  0]LogShaderLibrary: Display:    ....  not found
12-29 03:28:57.267  1232  1576 D UE      : [2023.12.28-22.28.57:267][  0]LogShaderLibrary: Display: Tried to open shader library 'ResonanceAudio', but could not find it neither as a monolithic library nor as a chunked one.
12-29 03:28:57.267  1232 21786 D UE      : [2023.12.28-22.28.57:267][  0]LogShaderLibrary: Display:    ....  not found
12-29 03:28:57.267  1232 21786 D UE      : [2023.12.28-22.28.57:267][  0]LogShaderLibrary: Display: Tried to open shader library 'AudioSynesthesia', but could not find it neither as a monolithic library nor as a chunked one.
12-29 03:28:57.267  1232  1576 D UE      : [2023.12.28-22.28.57:267][  0]LogShaderLibrary: Display: Running without a pakfile and did not find a monolithic library 'Synthesis' - attempting disk search for its chunks
12-29 03:28:57.267  1232 21786 D UE      : [2023.12.28-22.28.57:267][  0]LogShaderLibrary: Display: Running without a pakfile and did not find a monolithic library 'DatasmithContent' - attempting disk search for its chunks
12-29 03:28:57.267  1232  1576 D UE      : [2023.12.28-22.28.57:267][  0]LogShaderLibrary: Display:    ....  not found
12-29 03:28:57.267  1232  1576 D UE      : [2023.12.28-22.28.57:267][  0]LogShaderLibrary: Display: Tried to open shader library 'Synthesis', but could not find it neither as a monolithic library nor as a chunked one.
12-29 03:28:57.267  1232 21786 D UE      : [2023.12.28-22.28.57:267][  0]LogShaderLibrary: Display:    ....  not found
12-29 03:28:57.267  1232 21786 D UE      : [2023.12.28-22.28.57:267][  0]LogShaderLibrary: Display: Tried to open shader library 'DatasmithContent', but could not find it neither as a monolithic library nor as a chunked one.
12-29 03:28:57.267  1232  1576 D UE      : [2023.12.28-22.28.57:267][  0]LogShaderLibrary: Display: Running without a pakfile and did not find a monolithic library 'WaveTable' - attempting disk search for its chunks
12-29 03:28:57.267  1232 21786 D UE      : [2023.12.28-22.28.57:267][  0]LogShaderLibrary: Display: Running without a pakfile and did not find a monolithic library 'GLTFExporter' - attempting disk search for its chunks
12-29 03:28:57.267  1232  1576 D UE      : [2023.12.28-22.28.57:267][  0]LogShaderLibrary: Display:    ....  not found
12-29 03:28:57.267  1232  1576 D UE      : [2023.12.28-22.28.57:267][  0]LogShaderLibrary: Display: Tried to open shader library 'WaveTable', but could not find it neither as a monolithic library nor as a chunked one.
12-29 03:28:57.267  1232 21786 D UE      : [2023.12.28-22.28.57:267][  0]LogShaderLibrary: Display:    ....  not found
12-29 03:28:57.267  1232 21786 D UE      : [2023.12.28-22.28.57:267][  0]LogShaderLibrary: Display: Tried to open shader library 'GLTFExporter', but could not find it neither as a monolithic library nor as a chunked one.
12-29 03:28:57.267  1232  1576 D UE      : [2023.12.28-22.28.57:267][  0]LogShaderLibrary: Display: Running without a pakfile and did not find a monolithic library 'Niagara' - attempting disk search for its chunks
12-29 03:28:57.267  1232 21786 D UE      : [2023.12.28-22.28.57:267][  0]LogShaderLibrary: Display: Running without a pakfile and did not find a monolithic library 'MediaPlate' - attempting disk search for its chunks
12-29 03:28:57.267  1232 21787 D UE      : [2023.12.28-22.28.57:266][  0]LogShaderLibrary: Display: Running without a pakfile and did not find a monolithic library 'OpenXR' - attempting disk search for its chunks
12-29 03:28:57.268  1232 21787 D UE      : [2023.12.28-22.28.57:268][  0]LogShaderLibrary: Display:    ....  not found
12-29 03:28:57.268  1232 21786 D UE      : [2023.12.28-22.28.57:268][  0]LogShaderLibrary: Display:    ....  not found
12-29 03:28:57.268  1232 21787 D UE      : [2023.12.28-22.28.57:268][  0]LogShaderLibrary: Display: Tried to open shader library 'OpenXR', but could not find it neither as a monolithic library nor as a chunked one.
12-29 03:28:57.268  1232  1576 D UE      : [2023.12.28-22.28.57:267][  0]LogShaderLibrary: Display:    ....  not found
12-29 03:28:57.268  1232  1576 D UE      : [2023.12.28-22.28.57:268][  0]LogShaderLibrary: Display: Tried to open shader library 'Niagara', but could not find it neither as a monolithic library nor as a chunked one.
12-29 03:28:57.268  1232 21787 D UE      : [2023.12.28-22.28.57:268][  0]LogShaderLibrary: Display: Running without a pakfile and did not find a monolithic library 'ControlRig' - attempting disk search for its chunks
12-29 03:28:57.268  1232  1576 D UE      : [2023.12.28-22.28.57:268][  0]LogShaderLibrary: Display: Running without a pakfile and did not find a monolithic library 'MediaCompositing' - attempting disk search for its chunks
12-29 03:28:57.268  1232  1576 D UE      : [2023.12.28-22.28.57:268][  0]LogShaderLibrary: Display:    ....  not found
12-29 03:28:57.268  1232  1576 D UE      : [2023.12.28-22.28.57:268][  0]LogShaderLibrary: Display: Tried to open shader library 'MediaCompositing', but could not find it neither as a monolithic library nor as a chunked one.
12-29 03:28:57.268  1232 21786 D UE      : [2023.12.28-22.28.57:268][  0]LogShaderLibrary: Display: Tried to open shader library 'MediaPlate', but could not find it neither as a monolithic library nor as a chunked one.
12-29 03:28:57.268  1232 21787 D UE      : [2023.12.28-22.28.57:268][  0]LogShaderLibrary: Display:    ....  not found
12-29 03:28:57.268  1232 21787 D UE      : [2023.12.28-22.28.57:268][  0]LogShaderLibrary: Display: Tried to open shader library 'ControlRig', but could not find it neither as a monolithic library nor as a chunked one.
12-29 03:28:57.268  1232  1576 D UE      : [2023.12.28-22.28.57:268][  0]LogShaderLibrary: Display: Running without a pakfile and did not find a monolithic library 'ControlRigSpline' - attempting disk search for its chunks
12-29 03:28:57.268  1232 21787 D UE      : [2023.12.28-22.28.57:268][  0]LogShaderLibrary: Display: Running without a pakfile and did not find a monolithic library 'IKRig' - attempting disk search for its chunks
12-29 03:28:57.268  1232  1576 D UE      : [2023.12.28-22.28.57:268][  0]LogShaderLibrary: Display:    ....  not found
12-29 03:28:57.268  1232  1576 D UE      : [2023.12.28-22.28.57:268][  0]LogShaderLibrary: Display: Tried to open shader library 'ControlRigSpline', but could not find it neither as a monolithic library nor as a chunked one.
12-29 03:28:57.268  1232 21787 D UE      : [2023.12.28-22.28.57:268][  0]LogShaderLibrary: Display:    ....  not found
12-29 03:28:57.268  1232 21787 D UE      : [2023.12.28-22.28.57:268][  0]LogShaderLibrary: Display: Tried to open shader library 'IKRig', but could not find it neither as a monolithic library nor as a chunked one.
12-29 03:28:57.268  1232  1576 D UE      : [2023.12.28-22.28.57:268][  0]LogShaderLibrary: Display: Running without a pakfile and did not find a monolithic library 'BlueprintHeaderView' - attempting disk search for its chunks
12-29 03:28:57.269  1232 21787 D UE      : [2023.12.28-22.28.57:269][  0]LogShaderLibrary: Display: Running without a pakfile and did not find a monolithic library 'GeometryMode' - attempting disk search for its chunks
12-29 03:28:57.269  1232  1576 D UE      : [2023.12.28-22.28.57:269][  0]LogShaderLibrary: Display:    ....  not found
12-29 03:28:57.269  1232  1576 D UE      : [2023.12.28-22.28.57:269][  0]LogShaderLibrary: Display: Tried to open shader library 'BlueprintHeaderView', but could not find it neither as a monolithic library nor as a chunked one.
12-29 03:28:57.269  1232 21787 D UE      : [2023.12.28-22.28.57:269][  0]LogShaderLibrary: Display:    ....  not found
12-29 03:28:57.269  1232 21787 D UE      : [2023.12.28-22.28.57:269][  0]LogShaderLibrary: Display: Tried to open shader library 'GeometryMode', but could not find it neither as a monolithic library nor as a chunked one.
12-29 03:28:57.269  1232  1576 D UE      : [2023.12.28-22.28.57:269][  0]LogShaderLibrary: Display: Running without a pakfile and did not find a monolithic library 'UVEditor' - attempting disk search for its chunks
12-29 03:28:57.269  1232  1576 D UE      : [2023.12.28-22.28.57:269][  0]LogShaderLibrary: Display:    ....  not found
12-29 03:28:57.269  1232 21787 D UE      : [2023.12.28-22.28.57:269][  0]LogShaderLibrary: Display: Running without a pakfile and did not find a monolithic library 'SpeedTreeImporter' - attempting disk search for its chunks
12-29 03:28:57.269  1232  1576 D UE      : [2023.12.28-22.28.57:269][  0]LogShaderLibrary: Display: Tried to open shader library 'UVEditor', but could not find it neither as a monolithic library nor as a chunked one.
12-29 03:28:57.269  1232 21787 D UE      : [2023.12.28-22.28.57:269][  0]LogShaderLibrary: Display:    ....  not found
12-29 03:28:57.269  1232  1576 D UE      : [2023.12.28-22.28.57:269][  0]LogShaderLibrary: Display: Running without a pakfile and did not find a monolithic library 'ObjectMixer' - attempting disk search for its chunks
12-29 03:28:57.269  1232  1576 D UE      : [2023.12.28-22.28.57:269][  0]LogShaderLibrary: Display:    ....  not found
12-29 03:28:57.269  1232  1576 D UE      : [2023.12.28-22.28.57:269][  0]LogShaderLibrary: Display: Tried to open shader library 'ObjectMixer', but could not find it neither as a monolithic library nor as a chunked one.
12-29 03:28:57.269  1232 21786 D UE      : [2023.12.28-22.28.57:269][  0]LogShaderLibrary: Display: Running without a pakfile and did not find a monolithic library 'ACLPlugin' - attempting disk search for its chunks
12-29 03:28:57.269  1232  1576 D UE      : [2023.12.28-22.28.57:269][  0]LogShaderLibrary: Display: Running without a pakfile and did not find a monolithic library 'LightMixer' - attempting disk search for its chunks
12-29 03:28:57.269  1232 21786 D UE      : [2023.12.28-22.28.57:269][  0]LogShaderLibrary: Display:    ....  not found
12-29 03:28:57.269  1232 21786 D UE      : [2023.12.28-22.28.57:269][  0]LogShaderLibrary: Display: Tried to open shader library 'ACLPlugin', but could not find it neither as a monolithic library nor as a chunked one.
12-29 03:28:57.269  1232  1576 D UE      : [2023.12.28-22.28.57:269][  0]LogShaderLibrary: Display:    ....  not found
12-29 03:28:57.269  1232  1576 D UE      : [2023.12.28-22.28.57:269][  0]LogShaderLibrary: Display: Tried to open shader library 'LightMixer', but could not find it neither as a monolithic library nor as a chunked one.
12-29 03:28:57.270  1232 21787 D UE      : [2023.12.28-22.28.57:269][  0]LogShaderLibrary: Display: Tried to open shader library 'SpeedTreeImporter', but could not find it neither as a monolithic library nor as a chunked one.
12-29 03:28:57.270  1232  1576 D UE      : [2023.12.28-22.28.57:270][  0]LogTemp: Display: Clearing the OS Cache
12-29 03:28:57.283  1232  1576 D UE      : [2023.12.28-22.28.57:282][  0]LogInit: FStereoShaderAspects: --- StereoAspects begin ---
12-29 03:28:57.283  1232  1576 D UE      : [2023.12.28-22.28.57:283][  0]LogInit: FStereoShaderAspects: Platform=VULKAN_ES3_1_ANDROID (21)
12-29 03:28:57.283  1232  1576 D UE      : [2023.12.28-22.28.57:283][  0]LogInit: FStereoShaderAspects: bInstancedStereo = 1
12-29 03:28:57.283  1232  1576 D UE      : [2023.12.28-22.28.57:283][  0]LogInit: FStereoShaderAspects: bMobilePlatform = 1
12-29 03:28:57.283  1232  1576 D UE      : [2023.12.28-22.28.57:283][  0]LogInit: FStereoShaderAspects: bMobilePostprocessing = 1
12-29 03:28:57.283  1232  1576 D UE      : [2023.12.28-22.28.57:283][  0]LogInit: FStereoShaderAspects: bMobileMultiView = 1
12-29 03:28:57.283  1232  1576 D UE      : [2023.12.28-22.28.57:283][  0]LogInit: FStereoShaderAspects: bMultiViewportCapable = 0
12-29 03:28:57.283  1232  1576 D UE      : [2023.12.28-22.28.57:283][  0]LogInit: FStereoShaderAspects: bInstancedStereoNative = 0
12-29 03:28:57.283  1232  1576 D UE      : [2023.12.28-22.28.57:283][  0]LogInit: FStereoShaderAspects: ---
12-29 03:28:57.283  1232  1576 D UE      : [2023.12.28-22.28.57:283][  0]LogInit: FStereoShaderAspects: bMobileMultiViewCoreSupport = 0
12-29 03:28:57.283  1232  1576 D UE      : [2023.12.28-22.28.57:283][  0]LogInit: FStereoShaderAspects: bMobileMultiViewNative = 0
12-29 03:28:57.283  1232  1576 D UE      : [2023.12.28-22.28.57:283][  0]LogInit: FStereoShaderAspects: bMobileMultiViewFallback = 0
12-29 03:28:57.283  1232  1576 D UE      : [2023.12.28-22.28.57:283][  0]LogInit: FStereoShaderAspects: ---
12-29 03:28:57.283  1232  1576 D UE      : [2023.12.28-22.28.57:283][  0]LogInit: FStereoShaderAspects: bInstancedMultiViewportEnabled = 0
12-29 03:28:57.283  1232  1576 D UE      : [2023.12.28-22.28.57:283][  0]LogInit: FStereoShaderAspects: bInstancedStereoEnabled = 0
12-29 03:28:57.283  1232  1576 D UE      : [2023.12.28-22.28.57:283][  0]LogInit: FStereoShaderAspects: bMobileMultiViewEnabled = 0
12-29 03:28:57.283  1232  1576 D UE      : [2023.12.28-22.28.57:283][  0]LogInit: FStereoShaderAspects: --- StereoAspects end ---
12-29 03:28:57.259  2104  2707 I OVRMediaService: onStartCommand Received message type: overlay_input_focus_change, caller package: com.oculus.vrshell, app identify: AppIdentity{uid=10025, packageNames=[com.oculus.vrshell], sha2=3C-DTjwZQjeLFPB2yCzRq1nqZWa_9HMLIEfpjvyfna8, version=null, domain=null}
12-29 03:28:57.287 21879 21879 I [SUI] OVRAuthHelper: fetchAuthToken - completed, result: -1
12-29 03:28:57.288  1232  1576 D UE      : [2023.12.28-22.28.57:288][  0]LogInit: XR: Instanced Stereo Rendering is Disabled
12-29 03:28:57.288  1232  1576 D UE      : [2023.12.28-22.28.57:288][  0]LogInit: XR: MultiViewport is Disabled
12-29 03:28:57.288  1232  1576 D UE      : [2023.12.28-22.28.57:288][  0]LogInit: XR: Mobile Multiview is Disabled
12-29 03:28:57.295  1232  1576 D UE      : [2023.12.28-22.28.57:295][  0]LogSlate: InvalidateAllWidgets triggered.  All widgets were invalidated
12-29 03:28:57.297  1232  1576 D UE      : [2023.12.28-22.28.57:297][  0]LogSlate: Using FreeType 2.10.4
12-29 03:28:57.298  1232  1576 D UE      : [2023.12.28-22.28.57:298][  0]LogSlate: SlateFontServices - WITH_FREETYPE: 1, WITH_HARFBUZZ: 1
12-29 03:28:57.319  1169  1169 W Looper  : Slow delivery took 214ms main h=android.os.Handler c=com.oculus.os.VrFocusManager$VrFocusListenerWrapper$1@3e13a03 m=0
12-29 03:28:57.333  2786  3208 I VrRuntimeService: RuntimeServiceSDKServer::SetGuardianSystemState: 3558094719
12-29 03:28:57.334  3111  3210 I GuardianSystem: GuardianSDKServerStateSnapshot::Sync: Flags2 changed: 33, 49, SYSTEM_2_DIRECTIONAL_PASSTHROUGH_ENABLED,SYSTEM_2_SHOULD_PUSH_BLACK to SYSTEM_2_DIRECTIONAL_PASSTHROUGH_ENABLED,SYSTEM_2_LOADING_DOTS,SYSTEM_2_SHOULD_PUSH_BLACK
12-29 03:28:57.341 21879 22012 W [SUI] DeviceConfigHelper: Try to get config param oculus_systemux:assistant_on_oculus before Device Config has subscribed to the service.
12-29 03:28:57.341 21879 22012 W [SUI] DeviceConfigHelper: Try to get config param oculus_systemux:oculus_sysux_aui_bar_customization before Device Config has subscribed to the service.
12-29 03:28:57.342 21879 22012 W [SUI] DeviceConfigHelper: Try to get config param oculus_systemux:oculus_sysux_aui_bar_customization before Device Config has subscribed to the service.
12-29 03:28:57.342 21879 22012 W [SUI] DeviceConfigHelper: Try to get config param oculus_shared_social:mivr_app_split before Device Config has subscribed to the service.
12-29 03:28:57.342 21879 22012 I [SUI] ConsumerConfiguration: Setting SystemUX Configuration and Policy Settings.
12-29 03:28:57.342 21879 22012 D [SUI] SettingsSectionUtil: Should Show Voice Commands Section SystemUXConfig is Voice Command UI Enabled: false
12-29 03:28:57.342 21879 22012 V [SUI] RawSettingsItem: visibilityFetcher is empty for id: os_version
12-29 03:28:57.342 21879 22012 V [SUI] RawSettingsItem: valueFetcher is empty for id: os_version
12-29 03:28:57.342 21879 22012 V [SUI] RawSettingsItem: editableFetcher is empty for id: os_version
12-29 03:28:57.342 21879 22012 V [SUI] RawSettingsItem: visibilityFetcher is empty for id: tracking_frequency
12-29 03:28:57.342 21879 22012 V [SUI] RawSettingsItem: valueFetcher is empty for id: tracking_frequency
12-29 03:28:57.342 21879 22012 V [SUI] RawSettingsItem: editableFetcher is empty for id: tracking_frequency
12-29 03:28:57.342 21879 22012 W [SUI] DeviceConfigHelper: Try to get config param oculus_systemux:oculus_ax_text_to_speech before Device Config has subscribed to the service.
12-29 03:28:57.342 21879 22012 V [SUI] RawSettingsItem: valueFetcher is empty for id: accessibility_text_to_speech_enabled
12-29 03:28:57.342 21879 22012 V [SUI] RawSettingsItem: editableFetcher is empty for id: accessibility_text_to_speech_enabled
12-29 03:28:57.342 21879 22012 V [SUI] RawSettingsItem: visibilityFetcher is empty for id: system_display_section
12-29 03:28:57.342 21879 22012 V [SUI] RawSettingsItem: valueFetcher is empty for id: system_display_section
12-29 03:28:57.342 21879 22012 V [SUI] RawSettingsItem: editableFetcher is empty for id: system_display_section
12-29 03:28:57.342 21879 22012 V [SUI] RawSettingsItem: visibilityFetcher is empty for id: pairing_code
12-29 03:28:57.342 21879 22012 V [SUI] RawSettingsItem: valueFetcher is empty for id: pairing_code
12-29 03:28:57.342 21879 22012 V [SUI] RawSettingsItem: editableFetcher is empty for id: pairing_code
12-29 03:28:57.342 21879 22012 V [SUI] RawSettingsItem: visibilityFetcher is empty for id: do_not_disturb
12-29 03:28:57.342 21879 22012 V [SUI] RawSettingsItem: valueFetcher is empty for id: do_not_disturb
12-29 03:28:57.342 21879 22012 V [SUI] RawSettingsItem: editableFetcher is empty for id: do_not_disturb
12-29 03:28:57.342 21879 22012 V [SUI] RawSettingsItem: visibilityFetcher is empty for id: accessibility_captioning_enabled
12-29 03:28:57.342 21879 22012 V [SUI] RawSettingsItem: valueFetcher is empty for id: accessibility_captioning_enabled
12-29 03:28:57.342 21879 22012 V [SUI] RawSettingsItem: editableFetcher is empty for id: accessibility_captioning_enabled
12-29 03:28:57.342 21879 22012 V [SUI] RawSettingsItem: valueFetcher is empty for id: low_power_mode
12-29 03:28:57.342 21879 22012 V [SUI] RawSettingsItem: editableFetcher is empty for id: low_power_mode
12-29 03:28:57.342 21879 22012 V [SUI] RawSettingsItem: visibilityFetcher is empty for id: color_correction
12-29 03:28:57.342 21879 22012 V [SUI] RawSettingsItem: valueFetcher is empty for id: color_correction
12-29 03:28:57.343 21879 22012 V [SUI] RawSettingsItem: editableFetcher is empty for id: color_correction
12-29 03:28:57.361  1169  1169 D CompatibilityChangeReporter: Compat change id reported: 175319604; UID 1000; state: ENABLED
12-29 03:28:57.365  2104  2707 I OVRMediaService: Received OVERLAY_INPUT_FOCUS_CHANGE. is focused: false
12-29 03:28:57.371  1169  1169 D CompatibilityChangeReporter: Compat change id reported: 175319604; UID 1000; state: DISABLED
12-29 03:28:57.375  1232  1576 D UE      : [2023.12.28-22.28.57:375][  0]LogShaderLibrary: Display: Using ../../../AtomVR/Content/ShaderArchive-AtomVR-SF_VULKAN_ES31_ANDROID-VULKAN_ES3_1_ANDROID.ushaderbytecode for material shader code. Total 1801 unique shaders.
12-29 03:28:57.387  3234 17231 E AnalyticsEvent: could not set key=selection_args value=null
12-29 03:28:57.395  3234 17231 D CapabilitiesProvider: Capabilities Content Provider called content://com.oculus.identitymanagement.capabilities.contentprovider/account/activeuser/capabilities/com.oculus.capability.social.all, selection= null, selectionArgs=null, sortOrder= null
12-29 03:28:57.406  1712  1712 D OculusNotificationListenerService: Notification removed: 0|android|0|com.android.server.wm.AlertWindowNotification - com.oculus.vrshell|1000
12-29 03:28:57.406  2858  2874 I RuntimeIPCServerMgr [RUNTIMEIPC]: HandleClientConnect SUCCESS: Client: com.oculus.guardian:com.oculus.vrguardianservice:3111:, Server: com.facebook.spatial_persistence_service:com.facebook.spatial_persistence_service (anchor_persistence_server)
12-29 03:28:57.406  3111  4854 I RuntimeIPCClient [RUNTIMEIPC]: Event buffer size (client): 262144
12-29 03:28:57.407  3111  4854 I RuntimeIPCClient [RUNTIMEIPC]: TryToGetIPCResourcesFromServer: RPC_CONNECTOR_CONNECT_TO_SERVER SUCCESS: Client: com.oculus.guardian:com.oculus.vrguardianservice:3111, Server: com.facebook.spatial_persistence_service:com.facebook.spatial_persistence_service (anchor_persistence_server)
12-29 03:28:57.408  3234 10147 E AnalyticsEvent: could not set key=selection_args value=null
12-29 03:28:57.408  3234 10147 D CapabilitiesProvider: Capabilities Content Provider called content://com.oculus.identitymanagement.capabilities.contentprovider/account/activeuser/capabilities/com.oculus.capability.social.all, selection= null, selectionArgs=null, sortOrder= null
12-29 03:28:57.417 21879 21879 D [SUI] SystemUXFunnelLogServerLogger: VPV Event: oculus_impressions_tile_vpved PersistableBundle[{duration=250, surface=AUI, rawclienttime=1703802537386, utl_uptime_ms=8348904, aui_section=pinned, aui_position_in_section=1, content_id=3209391179128490, position=1, content_type=APP, utl_realtime_ms=8348904, aui_in_app=true, position_x=1, position_y=0}]
12-29 03:28:57.420 21879 22012 W [SUI] DeviceConfigHelper: Try to get config param oculus_systemux:assistant_on_oculus before Device Config has subscribed to the service.
12-29 03:28:57.421 21879 22012 W [SUI] DeviceConfigHelper: Try to get config param oculus_systemux:oculus_sysux_aui_bar_customization before Device Config has subscribed to the service.
12-29 03:28:57.421 21879 22012 W [SUI] DeviceConfigHelper: Try to get config param oculus_systemux:oculus_sysux_aui_bar_customization before Device Config has subscribed to the service.
12-29 03:28:57.421 21879 22012 W [SUI] DeviceConfigHelper: Try to get config param oculus_shared_social:mivr_app_split before Device Config has subscribed to the service.
12-29 03:28:57.421 21879 22012 I [SUI] ConsumerConfiguration: Setting SystemUX Configuration and Policy Settings.
12-29 03:28:57.422 21879 22012 V [SUI] RawSettingsItem: editableFetcher is empty for id: auto_sync_media_to_tw
12-29 03:28:57.422 21879 22012 W [SUI] DeviceConfigHelper: Try to get config param oculus_systemux:vr_sysux_home_bluetooth_refresh_enabled before Device Config has subscribed to the service.
12-29 03:28:57.423 21879 22012 V [SUI] RawSettingsItem: editableFetcher is empty for id: bluetooth_refresh
12-29 03:28:57.424  2858 22046 D RPCClientHandler [RUNTIMEIPC]: Marking client as single-user belonging to user 0
12-29 03:28:57.425 21879 22012 V [SUI] RawSettingsItem: valueFetcher is empty for id: voice_recordings_storage
12-29 03:28:57.425 21879 22012 V [SUI] RawSettingsItem: editableFetcher is empty for id: voice_recordings_storage
12-29 03:28:57.425 21879 22012 W [SUI] DeviceConfigHelper: Try to get config param oculus_systemux:oculus_settings_wifi_refresh before Device Config has subscribed to the service.
12-29 03:28:57.427  3234 17231 E AnalyticsEvent: could not set key=selection_args value=null
12-29 03:28:57.428 21879 22012 V [SUI] RawSettingsItem: valueFetcher is empty for id: wifi_manage_subscriptions
12-29 03:28:57.428 21879 22012 V [SUI] RawSettingsItem: editableFetcher is empty for id: wifi_manage_subscriptions
12-29 03:28:57.430   973  1394 W Tracking: MAPPER_HELPER: poseMsg contains an invalid submapId Submap id = 0, version = 515794592
12-29 03:28:57.431   973  1394 W Tracking: MAPPER_HELPER: poseMsg contains an invalid submapId Submap id = 0, version = 515794592
12-29 03:28:57.431   973  1394 W Tracking: KEYPOINT_CACHE: Currently completing work dependent on previously extracted frameset. Dropping current frame 39 @ t=8346.619532000 [sec]
12-29 03:28:57.432   973  1394 W Tracking: Vega:SubmapPublisher: Active submap Submap id = 0, version = 515794592 in tracker has tracking or validating status despite being invalid in SubmapRecords
12-29 03:28:57.432   973  1394 W Tracking: MAPPER_HELPER: poseMsg contains an invalid submapId Submap id = 0, version = 515794592
12-29 03:28:57.432  2340  2340 I [SEO] VrNotificationListenerService: onNotificationRemoved() - key = 0|android|0|com.android.server.wm.AlertWindowNotification - com.oculus.vrshell|1000, type = unspecified
12-29 03:28:57.432  2340  2340 D VrNotificationAnalytics: logNotificationRemoved(unspecified)
12-29 03:28:57.433   973  1394 W Tracking: MAPPER_HELPER: poseMsg contains an invalid submapId Submap id = 0, version = 515794592
12-29 03:28:57.434   973  1394 W Tracking: KEYPOINT_CACHE: Currently completing work dependent on previously extracted frameset. Dropping current frame 45 @ t=8346.859532000 [sec]
12-29 03:28:57.434   973  1394 W Tracking: Vega:SubmapPublisher: Active submap Submap id = 0, version = 515794592 in tracker has tracking or validating status despite being invalid in SubmapRecords
12-29 03:28:57.435   973  1394 E Tracking: VEGA_LOCALIZER: Caught stale localization result. Current attempt start frame: 4294967295, Result attempt start frame: 15, trial 49
12-29 03:28:57.435   973  1394 W Tracking: LOCALIZER_KPI_TELEMETRY_LOGGER: No trial exists in attempt for trialCounter 49
12-29 03:28:57.437  3234 10147 E AnalyticsEvent: could not set key=selection_args value=null
12-29 03:28:57.447  2786  3077 I PerformanceManager_ZSF: perfmgr: SetClockLevels: Apply pending clock request change: 2,3 -> 3,3
12-29 03:28:57.447  2786  3072 I Clocks  : LockClocks( cpu=3, gpu=3 ) - start
12-29 03:28:57.447  2786  3072 I Clocks  : CPU levels [0, 8]
12-29 03:28:57.447  2786  3072 I Clocks  : GPU levels [0, 7]
12-29 03:28:57.447  2786  3072 I Clocks  : LockClocks( cpu=3, gpu=3 ) - end (0.7 ms)
12-29 03:28:57.448  3234 10147 D CapabilitiesProvider: Capabilities Content Provider called content://com.oculus.identitymanagement.capabilities.contentprovider/account/activeuser/capabilities/com.oculus.capability.social.all, selection= null, selectionArgs=null, sortOrder= null
12-29 03:28:57.449  3234 17231 D CapabilitiesProvider: Capabilities Content Provider called content://com.oculus.identitymanagement.capabilities.contentprovider/account/activeuser/capabilities/com.oculus.capability.social.all, selection= null, selectionArgs=null, sortOrder= null
12-29 03:28:57.450 21879 22000 W OVRLibrary: null cursor received for query content://com.oculus.ocms.library/apps/share_system_app
12-29 03:28:57.450  1232 21842 V UE      : [NetworkChangedManager] Connectivity hasn't changed. Current state: CONNECTION_AVAILABLE
12-29 03:28:57.450  1232 21842 V UE      : [NetworkChangedManager] Full network check complete. State: CONNECTION_AVAILABLE
12-29 03:28:57.451 21879 21879 D [SUI] SystemUXFunnelLogServerLogger: VPV Event: oculus_impressions_tile_vpved PersistableBundle[{duration=250, surface=AUI, rawclienttime=1703802537386, utl_uptime_ms=8348935, aui_section=pinned, aui_position_in_section=2, content_id=messenger_system_app, position=2, content_type=APP, utl_realtime_ms=8348935, aui_in_app=true, position_x=2, position_y=0}]
12-29 03:28:57.452 21879 21879 D [SUI] SystemUXFunnelLogServerLogger: VPV Event: oculus_impressions_tile_vpved PersistableBundle[{duration=250, surface=AUI, rawclienttime=1703802537386, utl_uptime_ms=8348969, aui_section=pinned, aui_position_in_section=3, content_id=share_system_app, position=3, content_type=APP, utl_realtime_ms=8348969, aui_in_app=true, position_x=3, position_y=0}]
12-29 03:28:57.453 21879 21879 D [SUI] NotificationBroadcastReceiver: action: com.oculus.intent.action.NOTIF_CHANGE
12-29 03:28:57.454 21879 22012 W [SUI] DeviceConfigHelper: Try to get config param oculus_systemux:assistant_on_oculus before Device Config has subscribed to the service.
12-29 03:28:57.454 21879 22012 W [SUI] DeviceConfigHelper: Try to get config param oculus_systemux:oculus_sysux_aui_bar_customization before Device Config has subscribed to the service.
12-29 03:28:57.454 21879 22012 W [SUI] DeviceConfigHelper: Try to get config param oculus_systemux:oculus_sysux_aui_bar_customization before Device Config has subscribed to the service.
12-29 03:28:57.454 21879 22012 W [SUI] DeviceConfigHelper: Try to get config param oculus_shared_social:mivr_app_split before Device Config has subscribed to the service.
12-29 03:28:57.454 21879 22012 I [SUI] ConsumerConfiguration: Setting SystemUX Configuration and Policy Settings.
12-29 03:28:57.455 21879 22012 D [SUI] MultiUserManagerHelper: Is Multiuser Enabled SystemUXConfig is MultiUser Enabled: true, OculusManager is MultiUser Enabled: true
12-29 03:28:57.455 21879 22012 V [SUI] RawSettingsItem: visibilityFetcher is empty for id: user_account
12-29 03:28:57.455 21879 22012 V [SUI] RawSettingsItem: valueFetcher is empty for id: user_account
12-29 03:28:57.455 21879 22012 V [SUI] RawSettingsItem: editableFetcher is empty for id: user_account
12-29 03:28:57.455 21879 22012 V [SUI] RawSettingsItem: visibilityFetcher is empty for id: about_mac_address
12-29 03:28:57.455 21879 22012 V [SUI] RawSettingsItem: valueFetcher is empty for id: about_mac_address
12-29 03:28:57.455 21879 22012 V [SUI] RawSettingsItem: editableFetcher is empty for id: about_mac_address
12-29 03:28:57.455 21879 22012 V [SUI] RawSettingsItem: visibilityFetcher is empty for id: select_local_keyboard
12-29 03:28:57.455 21879 22012 V [SUI] RawSettingsItem: valueFetcher is empty for id: select_local_keyboard
12-29 03:28:57.455 21879 22012 V [SUI] RawSettingsItem: editableFetcher is empty for id: select_local_keyboard
12-29 03:28:57.455 21879 22012 V [SUI] RawSettingsItem: valueFetcher is empty for id: security_pin_device_lock_enabled
12-29 03:28:57.455 21879 22012 V [SUI] RawSettingsItem: editableFetcher is empty for id: security_pin_device_lock_enabled
12-29 03:28:57.455 21879 22000 W [SUI] DeviceConfigHelper: Try to get config param oculus_notifications:vr_pwa_notif_settings before Device Config has subscribed to the service.
12-29 03:28:57.459 21879 22000 W [SUI] DeviceConfigHelper: Try to get config param oculus_notifications:vr_pwa_notif_settings before Device Config has subscribed to the service.
12-29 03:28:57.460   973 21785 I Tracking: VIPER:TRANSFORM_SMOOTHER: S2T acks Reloc succeeded, trigger resetting smooth world!
12-29 03:28:57.462   973 21785 I Tracking: TrackedMapContext: Stop tracking map with ID Submap id = 0, version = 515794592 at index: 0 in contexts: 2
12-29 03:28:57.462   973 21785 I Tracking: VegaTrackTracker: Starting map tracking on map. SubmapId Submap id = 0, version = 881264588 Active contexts: 1
12-29 03:28:57.462 21879 22000 W [SUI] DeviceConfigHelper: Try to get config param oculus_notifications:vr_pwa_notif_settings before Device Config has subscribed to the service.
12-29 03:28:57.463   973 21785 I Tracking: VegaTrackTracker: Starting map tracking on map. SubmapId Submap id = 2, version = 1790304516 Active contexts: 2
12-29 03:28:57.466  3111  4854 I RuntimeIPCClient [RUNTIMEIPC]: EnsureServerConnection: SUCCESS. Client: com.oculus.guardian:com.oculus.vrguardianservice:3111, Server: com.facebook.spatial_persistence_service:com.facebook.spatial_persistence_service (anchor_persistence_server)
12-29 03:28:57.466  3111  4854 I RuntimeIPCClient [RUNTIMEIPC]: ConnectToServer: SUCCESS: Client: com.oculus.guardian:com.oculus.vrguardianservice:3111, Server: com.facebook.spatial_persistence_service:com.facebook.spatial_persistence_service (anchor_persistence_server)
12-29 03:28:57.466  3111  4854 I RuntimeIPCClientMgr [RUNTIMEIPC]: GetClientOptions
12-29 03:28:57.467 21879 22000 W [SUI] DeviceConfigHelper: Try to get config param oculus_notifications:vr_pwa_notif_settings before Device Config has subscribed to the service.
12-29 03:28:57.467  3234 17231 E AnalyticsEvent: could not set key=selection_args value=null
12-29 03:28:57.467  3234 17231 D CapabilitiesProvider: Capabilities Content Provider called content://com.oculus.identitymanagement.capabilities.contentprovider/account/activeuser/capabilities/com.oculus.capability.social.all, selection= null, selectionArgs=null, sortOrder= null
12-29 03:28:57.468   973 21785 E Tracking: MapFeatureProviderBase: Ignoring map point id: 113664 received in submap: Submap id = 2, version = 1790304516 for track id: 14614530 (index = 223, version = 2) since already tracked in submap: Submap id = 1, version = 534172806
12-29 03:28:57.468   973 21785 E Tracking: MapFeatureProviderBase: Ignoring map point id: 39936 received in submap: Submap id = 2, version = 1790304516 for track id: 1441798 (index = 22, version = 6) since already tracked in submap: Submap id = 1, version = 534172806
12-29 03:28:57.468   973 21785 E Tracking: MapFeatureProviderBase: Ignoring map point id: 36864 received in submap: Submap id = 2, version = 1790304516 for track id: 14548994 (index = 222, version = 2) since already tracked in submap: Submap id = 1, version = 534172806
12-29 03:28:57.468   973 21785 E Tracking: MapFeatureProviderBase: Ignoring map point id: 36864 received in submap: Submap id = 2, version = 1790304516 for track id: 14548994 (index = 222, version = 2) since already tracked in submap: Submap id = 1, version = 534172806
12-29 03:28:57.468   973 21785 E Tracking: MapFeatureProviderBase: Ignoring map point id: 33792 received in submap: Submap id = 2, version = 1790304516 for track id: 17367042 (index = 265, version = 2) since already tracked in submap: Submap id = 1, version = 534172806
12-29 03:28:57.468   973 21785 E Tracking: MapFeatureProviderBase: Ignoring map point id: 32768 received in submap: Submap id = 2, version = 1790304516 for track id: 15007746 (index = 229, version = 2) since already tracked in submap: Submap id = 1, version = 534172806
12-29 03:28:57.472  3279 10121 W OVRLibrary: null cursor received for query content://com.oculus.ocms.library/apps/com.epicgames.AtomVR
12-29 03:28:57.475 21879 22000 W [SUI] DeviceConfigHelper: Try to get config param oculus_notifications:vr_pwa_notif_settings before Device Config has subscribed to the service.
12-29 03:28:57.476 21879 22000 W [SUI] DeviceConfigHelper: Try to get config param oculus_notifications:vr_pwa_notif_settings before Device Config has subscribed to the service.
12-29 03:28:57.477 21879 22012 W [SUI] DeviceConfigHelper: Try to get config param oculus_systemux:assistant_on_oculus before Device Config has subscribed to the service.
12-29 03:28:57.477 21879 22012 W [SUI] DeviceConfigHelper: Try to get config param oculus_systemux:oculus_sysux_aui_bar_customization before Device Config has subscribed to the service.
12-29 03:28:57.477 21879 22012 W [SUI] DeviceConfigHelper: Try to get config param oculus_systemux:oculus_sysux_aui_bar_customization before Device Config has subscribed to the service.
12-29 03:28:57.477 21879 22012 W [SUI] DeviceConfigHelper: Try to get config param oculus_shared_social:mivr_app_split before Device Config has subscribed to the service.
12-29 03:28:57.477 21879 22000 W [SUI] DeviceConfigHelper: Try to get config param oculus_notifications:vr_pwa_notif_settings before Device Config has subscribed to the service.
12-29 03:28:57.477 21879 22012 I [SUI] ConsumerConfiguration: Setting SystemUX Configuration and Policy Settings.
12-29 03:28:57.477 21879 22012 D [SUI] SettingsSectionUtil: Should Show Voice Commands Section SystemUXConfig is Voice Command UI Enabled: false
12-29 03:28:57.477 21879 22012 V [SUI] RawSettingsItem: visibilityFetcher is empty for id: hand_tracking_frequency_override
12-29 03:28:57.477 21879 22012 V [SUI] RawSettingsItem: valueFetcher is empty for id: hand_tracking_frequency_override
12-29 03:28:57.477 21879 22012 V [SUI] RawSettingsItem: editableFetcher is empty for id: hand_tracking_frequency_override
12-29 03:28:57.477 21879 22012 W [SUI] DeviceConfigHelper: Try to get config param oculus_systemux:oculus_vrshell_physical_keyboard_layout_settings before Device Config has subscribed to the service.
12-29 03:28:57.477 21879 22012 V [SUI] RawSettingsItem: valueFetcher is empty for id: settings_physical_keyboard
12-29 03:28:57.477 21879 22012 V [SUI] RawSettingsItem: editableFetcher is empty for id: settings_physical_keyboard
12-29 03:28:57.478 21879 22012 V [SUI] RawSettingsItem: editableFetcher is empty for id: 120hz-refresh-rate
12-29 03:28:57.479 21879 22000 W [SUI] DeviceConfigHelper: Try to get config param oculus_notifications:vr_pwa_notif_settings before Device Config has subscribed to the service.
