01-01 01:37:01.100   966  1406 I Tracking: Vega: Sending Event Based Telemetry for internal_anchor_events.
01-01 01:37:01.100   966  1406 I Tracking: Vega:SubmapPublisher: Tracking parent changed from 00000000-0000-0000-0000-000000000000 to 7daed572-0305-0fa1-2d32-bd982fd6f0c0 -> Publish
01-01 01:37:01.101   966  1406 W Tracking: Vega:SubmapPublisher: Active submap Submap id = 0, version = 939448848 in tracker has tracking or validating status despite being invalid in SubmapRecords
01-01 01:37:01.101   966  1406 W Tracking: Vega:SubmapPublisherUtils: Reference cannot be found when constructing relative submap transformation, this means not candidate submap is in VIO states, are you moving very fast or sending too few submaps to VIO?
01-01 01:37:01.122   966 29040 I Tracking: VIPER:TRANSFORM_SMOOTHER: S2T acks Reloc succeeded, trigger resetting smooth world!
01-01 01:37:01.124   966 29040 I Tracking: TrackedMapContext: Stop tracking map with ID Submap id = 0, version = 939448848 at index: 0 in contexts: 2
01-01 01:37:01.124   966 29040 I Tracking: VegaTrackTracker: Starting map tracking on map. SubmapId Submap id = 0, version = 1303156656 Active contexts: 1
01-01 01:37:01.124   966 29040 I Tracking: VegaTrackTracker: Starting map tracking on map. SubmapId Submap id = 2, version = 71963728 Active contexts: 2
01-01 01:37:01.129   966 29040 E Tracking: MapFeatureProviderBase: Ignoring map point id: 462849 received in submap: Submap id = 2, version = 71963728 for track id: 3735556 (index = 57, version = 4) since already tracked in submap: Submap id = 1, version = 1248874232
01-01 01:37:01.129   966 29040 E Tracking: MapFeatureProviderBase: Ignoring map point id: 460801 received in submap: Submap id = 2, version = 71963728 for track id: 589834 (index = 9, version = 10) since already tracked in submap: Submap id = 1, version = 1248874232
01-01 01:37:01.129   966 29040 E Tracking: MapFeatureProviderBase: Ignoring map point id: 494593 received in submap: Submap id = 2, version = 71963728 for track id: 4325385 (index = 66, version = 9) since already tracked in submap: Submap id = 1, version = 1248874232
01-01 01:37:01.129   966 29040 E Tracking: MapFeatureProviderBase: Ignoring map point id: 259073 received in submap: Submap id = 2, version = 71963728 for track id: 1507334 (index = 23, version = 6) since already tracked in submap: Submap id = 1, version = 1248874232
01-01 01:37:01.129   966 29040 E Tracking: MapFeatureProviderBase: Ignoring map point id: 496641 received in submap: Submap id = 2, version = 71963728 for track id: 4915213 (index = 75, version = 13) since already tracked in submap: Submap id = 1, version = 1248874232
01-01 01:37:01.129   966 29040 E Tracking: MapFeatureProviderBase: Ignoring map point id: 215041 received in submap: Submap id = 2, version = 71963728 for track id: 1769478 (index = 27, version = 6) since already tracked in submap: Submap id = 1, version = 1248874232
01-01 01:37:01.129   966 29040 E Tracking: MapFeatureProviderBase: Ignoring map point id: 523265 received in submap: Submap id = 2, version = 71963728 for track id: 6291460 (index = 96, version = 4) since already tracked in submap: Submap id = 1, version = 1248874232
01-01 01:37:01.129   966 29040 E Tracking: MapFeatureProviderBase: Ignoring map point id: 479233 received in submap: Submap id = 2, version = 71963728 for track id: 3932165 (index = 60, version = 5) since already tracked in submap: Submap id = 1, version = 1248874232
01-01 01:37:01.129   966 29040 E Tracking: MapFeatureProviderBase: Ignoring map point id: 503809 received in submap: Submap id = 2, version = 71963728 for track id: 8126477 (index = 124, version = 13) since already tracked in submap: Submap id = 1, version = 1248874232
01-01 01:37:01.129   966 29040 E Tracking: MapFeatureProviderBase: Ignoring map point id: 501761 received in submap: Submap id = 2, version = 71963728 for track id: 720903 (index = 11, version = 7) since already tracked in submap: Submap id = 1, version = 1248874232
01-01 01:37:01.129   966 29040 E Tracking: MapFeatureProviderBase: Ignoring map point id: 248833 received in submap: Submap id = 2, version = 71963728 for track id: 11993094 (index = 183, version = 6) since already tracked in submap: Submap id = 1, version = 1248874232
01-01 01:37:01.129   966 29040 E Tracking: MapFeatureProviderBase: Ignoring map point id: 502785 received in submap: Submap id = 2, version = 71963728 for track id: 327687 (index = 5, version = 7) since already tracked in submap: Submap id = 1, version = 1248874232
01-01 01:37:01.129   966 29040 E Tracking: MapFeatureProviderBase: Ignoring map point id: 729089 received in submap: Submap id = 2, version = 71963728 for track id: 1900551 (index = 29, version = 7) since already tracked in submap: Submap id = 1, version = 1248874232
01-01 01:37:01.129   966 29040 E Tracking: MapFeatureProviderBase: Ignoring map point id: 752641 received in submap: Submap id = 2, version = 71963728 for track id: 18284547 (index = 279, version = 3) since already tracked in submap: Submap id = 1, version = 1248874232
01-01 01:37:01.129   966 29040 E Tracking: MapFeatureProviderBase: Ignoring map point id: 578563 received in submap: Submap id = 2, version = 71963728 for track id: 18022403 (index = 275, version = 3) since already tracked in submap: Submap id = 1, version = 1248874232
01-01 01:37:01.129   966 29040 E Tracking: MapFeatureProviderBase: Ignoring map point id: 565249 received in submap: Submap id = 2, version = 71963728 for track id: 18874370 (index = 288, version = 2) since already tracked in submap: Submap id = 1, version = 1248874232
01-01 01:37:01.129   966 29040 E Tracking: MapFeatureProviderBase: Ignoring map point id: 533505 received in submap: Submap id = 2, version = 71963728 for track id: 18546691 (index = 283, version = 3) since already tracked in submap: Submap id = 1, version = 1248874232
01-01 01:37:01.129   966 29040 E Tracking: MapFeatureProviderBase: Ignoring map point id: 752641 received in submap: Submap id = 2, version = 71963728 for track id: 18284547 (index = 279, version = 3) since already tracked in submap: Submap id = 1, version = 1248874232
01-01 01:37:01.129   966 29040 E Tracking: MapFeatureProviderBase: Ignoring map point id: 565249 received in submap: Submap id = 2, version = 71963728 for track id: 18874370 (index = 288, version = 2) since already tracked in submap: Submap id = 1, version = 1248874232
01-01 01:37:01.129   966 29040 E Tracking: MapFeatureProviderBase: Ignoring map point id: 533505 received in submap: Submap id = 2, version = 71963728 for track id: 18546691 (index = 283, version = 3) since already tracked in submap: Submap id = 1, version = 1248874232
01-01 01:37:01.129   966 29040 E Tracking: MapFeatureProviderBase: Ignoring map point id: 727041 received in submap: Submap id = 2, version = 71963728 for track id: 19529730 (index = 298, version = 2) since already tracked in submap: Submap id = 1, version = 1248874232
01-01 01:37:01.129   966 29040 E Tracking: MapFeatureProviderBase: Ignoring map point id: 584705 received in submap: Submap id = 2, version = 71963728 for track id: 19136514 (index = 292, version = 2) since already tracked in submap: Submap id = 1, version = 1248874232
01-01 01:37:01.129   966 29040 E Tracking: MapFeatureProviderBase: Ignoring map point id: 458753 received in submap: Submap id = 2, version = 71963728 for track id: 14155779 (index = 216, version = 3) since already tracked in submap: Submap id = 1, version = 1248874232
01-01 01:37:01.132   966 29040 W Tracking: VIO_HAS_TRACKING: Bad tracking: too few inliers. num_inliers = 3 < 4
01-01 01:37:01.132   966 29040 W Tracking: VEGA:HM:PERCEPTUAL: [8276.619 [sec]] Bad tracking: tracker health is bad
01-01 01:37:01.132   966 29040 I Tracking: VEGA:HM:PERCEPTUAL: [8276.619 [sec]] Perceptual HM: bad tracking while exposing 6DoF. Delaying switch to 3DoF for 0.7998 seconds.
01-01 01:37:01.136   966 29053 I Tracking: CONSTELLATION: Map UUID switched from d1b30a60-55e7-9853-f84b-0865c51d6d81 to 302f39ac-b7ee-5d7d-cf57-770d82332aa0, reset Constellation...
01-01 01:37:01.136   966 29053 I Tracking: CONSTELLATION: left: ControllerStateBuffer: RESET
01-01 01:37:01.136   966 29053 I Tracking: INPUT_TRACKING:MotionModel:Blackboard: reset
01-01 01:37:01.136   966 29053 I Tracking: INPUT_TRACKING:MotionModel:Blackboard: reset
01-01 01:37:01.148  3057  3118 I StateMachine: StateMachine::HandleEvent TrackingLost: valid -> Valid
01-01 01:37:01.148  3057  3118 I SpatialAnchorPipeline: Guardian needs anchor search = 1, 1 && (1, 1, 0)
01-01 01:37:01.148  3057  3118 I GuardianTelemetry: [ovrStatsThreadGuardian::SendGuardianStateChangeTelemetry] Sending state change event SPS_QUERY_START, dialog 
01-01 01:37:01.149  2788  3116 I VrRuntimeService: RuntimeServiceSDKServer::SetGuardianSystemState: 3335956710
01-01 01:37:01.149  3057  3118 I GuardianSystem: GuardianSDKServerStateSnapshot::Sync: Flags changed: 540672, 524288, SYSTEM_TRACKING_LOST,SYSTEM_GUARDIAN_VALID to SYSTEM_GUARDIAN_VALID
01-01 01:37:01.155  2778  3024 I [OAO] GuardianController: GetShellGuardianState: DORMANT
01-01 01:37:01.155  2778  3024 I [OAO] FlowController: UpdateActiveFlow from GuardianSetupFlow to NonModalFlow
01-01 01:37:01.155  2778  3024 I [OAO] GuardianSetupFlow: GuardianSetupFlow Deactivated
01-01 01:37:01.155  2778  3024 I [OAO] GuardianSetupFlow: GuardianSetupFlow::ParseShellUri shellGuardianState = 0
01-01 01:37:01.155  2778  3024 I [OAO] GuardianController: SETUP STATE1 ACTIVE: GUARDIAN_SYSTEM_GUARDIAN_VALID
01-01 01:37:01.155  2778  3024 I [OAO] GuardianController: SETUP STATE2 ACTIVE: GUARDIAN_SYSTEM_2_DIRECTIONAL_PASSTHROUGH_ENABLED
01-01 01:37:01.155  2778  3024 I [OAO] GuardianController: SETUP STATE2 ACTIVE: GUARDIAN_SYSTEM_2_SHOULD_PUSH_BLACK
01-01 01:37:01.155  2778  3024 I [OAO] NonModalFlow: Activated
01-01 01:37:01.155  3057  3207 I VrGuardianService: GuardianSDKServer::ClearPassthroughFlag 8
01-01 01:37:01.156  2778  3024 I [OAO] ShellAppBase: ResolveInteractionState: change from InputFocus to Rendering
01-01 01:37:01.156  2778  3024 D [OAO] ShellApplication: setOverlayInputFocus: inputFocus=false
01-01 01:37:01.156  2778  3024 D [OAO] BaseOverlayService: setOverlayInputFocus : entrypoint - inputFocus=false
01-01 01:37:01.156  2778  3024 D [OAO] BaseOverlayService: Uninstalling global InputFilter
01-01 01:37:01.157  2778  3266 D [OAO] ShellInputFilter: onUninstalled
01-01 01:37:01.157  2778  3024 I [OAO] SystemAssistant: OnModeChanged from Paused to ImmersiveAppFocused
01-01 01:37:01.157  2778  2778 D [OAO] BaseOverlayService: detachServiceWindowView
01-01 01:37:01.157  2778  3024 D [OAO] ShellApplication: notify OS to set com.oculus.vrshell/com.oculus.vrshell.ShellOverlayService to BACKGROUND
01-01 01:37:01.158  2778  3024 I [OAO] ShellAppBase: ProcessForegroundBlockingState Requesting allowing foreground app
01-01 01:37:01.158  2778  3024 D [OAO] ShellApplication: setRequestForegroundAppPaused: 'false
01-01 01:37:01.159  2778  2778 D [OAO] BaseOverlayService: setOverlayInputFocus : completed - inputFocus=false actionTaken:true
01-01 01:37:01.159  1155  1169 I ActivityTaskManager: START u0 {act=com.oculus.os.clearactivity.FINISH cmp=com.oculus.os.clearactivity/.ClearActivity (has extras)} from uid 10025
01-01 01:37:01.159  3188 16447 I MRSVC   : MIXEDREALITY: MrServiceController: VrFocusManager::Top Activity Changed, topActivity now is: 'com.oculus.os.clearactivity', immersiveApp now is: ''.
01-01 01:37:01.160  1155  1169 W ActivityTaskManager: startActivity called from non-Activity context; forcing Intent.FLAG_ACTIVITY_NEW_TASK for: Intent { act=com.oculus.os.clearactivity.FINISH flg=0x800000 cmp=com.oculus.os.clearactivity/.ClearActivity (has extras) }
01-01 01:37:01.161  1155  6443 W InputManager-JNI: Input channel object 'b00c80a Shell.EventInterceptor (client)' was disposed without first being removed with the input manager!
01-01 01:37:01.163  3188  3250 W PhaseSync: [PS_Ver_1_0] DiscardFrame is triggered, frame->Stage 2 FrameBeginIndex 12351 
01-01 01:37:01.163  3188  3250 I MRSVC   : MIXEDREALITY: OpenXrSupport: OpenXR qualified success: xrBeginFrame(clientState_.session, &beginFrameDesc): XR_FRAME_DISCARDED
01-01 01:37:01.163  3188  3250 I MRSVC   : MIXEDREALITY: MrServiceView: renderIteration: Hibernating the rendering thread since ID is off and no active PT layers.
01-01 01:37:01.163  3188  3250 I MRSVC   : MIXEDREALITY: MrServiceModelBase: Hibernating caller (most likely rendering thread) due to commandQueue being empty.
01-01 01:37:01.163   966 29040 I Tracking: VegaTracker: [Throttled count=14] Performing big search to recover from bad map tracking or new reloc.
01-01 01:37:01.163  2026  2775 I OVRMediaService: onStartCommand Received message type: overlay_input_focus_change, caller package: com.oculus.vrshell, app identify: AppIdentity{uid=10025, packageNames=[com.oculus.vrshell], sha2=3C-DTjwZQjeLFPB2yCzRq1nqZWa_9HMLIEfpjvyfna8, version=null, domain=null}
01-01 01:37:01.164  2026  2775 I OVRMediaService: Received OVERLAY_INPUT_FOCUS_CHANGE. is focused: false
01-01 01:37:01.165  1155  1174 W NotificationHistory: Attempted to remove channel for locked/gone/disabled user 0
01-01 01:37:01.167  1155  1155 D CompatibilityChangeReporter: Compat change id reported: 175319604; UID 1000; state: ENABLED
01-01 01:37:01.167  1155  1155 D CompatibilityChangeReporter: Compat change id reported: 175319604; UID 1000; state: DISABLED
01-01 01:37:01.168   966 29040 E Tracking: MapFeatureProviderBase: Ignoring map point id: 502785 received in submap: Submap id = 2, version = 71963728 for track id: 327687 (index = 5, version = 7) since already tracked in submap: Submap id = 1, version = 1248874232
01-01 01:37:01.168   966 29040 E Tracking: MapFeatureProviderBase: Ignoring map point id: 467969 received in submap: Submap id = 2, version = 71963728 for track id: 3145739 (index = 48, version = 11) since already tracked in submap: Submap id = 1, version = 1248874232
01-01 01:37:01.168   966 29040 E Tracking: MapFeatureProviderBase: Ignoring map point id: 503809 received in submap: Submap id = 2, version = 71963728 for track id: 8126477 (index = 124, version = 13) since already tracked in submap: Submap id = 1, version = 1248874232
01-01 01:37:01.169   966 29040 E Tracking: MapFeatureProviderBase: Ignoring map point id: 536577 received in submap: Submap id = 2, version = 71963728 for track id: 1835016 (index = 28, version = 8) since already tracked in submap: Submap id = 1, version = 1248874232
01-01 01:37:01.169   966 29040 E Tracking: MapFeatureProviderBase: Ignoring map point id: 224257 received in submap: Submap id = 2, version = 71963728 for track id: 655367 (index = 10, version = 7) since already tracked in submap: Submap id = 1, version = 1248874232
01-01 01:37:01.169   966 29040 E Tracking: MapFeatureProviderBase: Ignoring map point id: 491521 received in submap: Submap id = 2, version = 71963728 for track id: 6160393 (index = 94, version = 9) since already tracked in submap: Submap id = 1, version = 1248874232
01-01 01:37:01.169   966 29040 E Tracking: MapFeatureProviderBase: Ignoring map point id: 495617 received in submap: Submap id = 2, version = 71963728 for track id: 9895941 (index = 151, version = 5) since already tracked in submap: Submap id = 1, version = 1248874232
01-01 01:37:01.169   966 29040 E Tracking: MapFeatureProviderBase: Ignoring map point id: 249857 received in submap: Submap id = 2, version = 71963728 for track id: 10354698 (index = 158, version = 10) since already tracked in submap: Submap id = 1, version = 1248874232
01-01 01:37:01.169   966 29040 E Tracking: MapFeatureProviderBase: Ignoring map point id: 259073 received in submap: Submap id = 2, version = 71963728 for track id: 1507334 (index = 23, version = 6) since already tracked in submap: Submap id = 1, version = 1248874232
01-01 01:37:01.169   966 29040 E Tracking: MapFeatureProviderBase: Ignoring map point id: 523265 received in submap: Submap id = 2, version = 71963728 for track id: 6291460 (index = 96, version = 4) since already tracked in submap: Submap id = 1, version = 1248874232
01-01 01:37:01.169   966 29040 E Tracking: MapFeatureProviderBase: Ignoring map point id: 489473 received in submap: Submap id = 2, version = 71963728 for track id: 10158088 (index = 155, version = 8) since already tracked in submap: Submap id = 1, version = 1248874232
01-01 01:37:01.169   966 29040 E Tracking: MapFeatureProviderBase: Ignoring map point id: 729089 received in submap: Submap id = 2, version = 71963728 for track id: 1900551 (index = 29, version = 7) since already tracked in submap: Submap id = 1, version = 1248874232
01-01 01:37:01.169   966 29040 E Tracking: MapFeatureProviderBase: Ignoring map point id: 248833 received in submap: Submap id = 2, version = 71963728 for track id: 11993094 (index = 183, version = 6) since already tracked in submap: Submap id = 1, version = 1248874232
01-01 01:37:01.169   966 29040 E Tracking: MapFeatureProviderBase: Ignoring map point id: 483329 received in submap: Submap id = 2, version = 71963728 for track id: 393223 (index = 6, version = 7) since already tracked in submap: Submap id = 1, version = 1248874232
01-01 01:37:01.169   966 29040 E Tracking: MapFeatureProviderBase: Ignoring map point id: 460801 received in submap: Submap id = 2, version = 71963728 for track id: 589834 (index = 9, version = 10) since already tracked in submap: Submap id = 1, version = 1248874232
01-01 01:37:01.169   966 29040 E Tracking: MapFeatureProviderBase: Ignoring map point id: 462849 received in submap: Submap id = 2, version = 71963728 for track id: 3735556 (index = 57, version = 4) since already tracked in submap: Submap id = 1, version = 1248874232
01-01 01:37:01.169   966 29040 E Tracking: MapFeatureProviderBase: Ignoring map point id: 752641 received in submap: Submap id = 2, version = 71963728 for track id: 18284547 (index = 279, version = 3) since already tracked in submap: Submap id = 1, version = 1248874232
01-01 01:37:01.169   966 29040 E Tracking: MapFeatureProviderBase: Ignoring map point id: 565249 received in submap: Submap id = 2, version = 71963728 for track id: 18874370 (index = 288, version = 2) since already tracked in submap: Submap id = 1, version = 1248874232
01-01 01:37:01.169   966 29040 E Tracking: MapFeatureProviderBase: Ignoring map point id: 533505 received in submap: Submap id = 2, version = 71963728 for track id: 18546691 (index = 283, version = 3) since already tracked in submap: Submap id = 1, version = 1248874232
01-01 01:37:01.169   966 29040 E Tracking: MapFeatureProviderBase: Ignoring map point id: 578563 received in submap: Submap id = 2, version = 71963728 for track id: 18022403 (index = 275, version = 3) since already tracked in submap: Submap id = 1, version = 1248874232
01-01 01:37:01.169   966 29040 E Tracking: MapFeatureProviderBase: Ignoring map point id: 533505 received in submap: Submap id = 2, version = 71963728 for track id: 18546691 (index = 283, version = 3) since already tracked in submap: Submap id = 1, version = 1248874232
01-01 01:37:01.169   966 29040 E Tracking: MapFeatureProviderBase: Ignoring map point id: 532481 received in submap: Submap id = 2, version = 71963728 for track id: 4259849 (index = 65, version = 9) since already tracked in submap: Submap id = 1, version = 1248874232
01-01 01:37:01.169   966 29040 E Tracking: MapFeatureProviderBase: Ignoring map point id: 727041 received in submap: Submap id = 2, version = 71963728 for track id: 19529730 (index = 298, version = 2) since already tracked in submap: Submap id = 1, version = 1248874232
01-01 01:37:01.169   966 29040 E Tracking: MapFeatureProviderBase: Ignoring map point id: 584705 received in submap: Submap id = 2, version = 71963728 for track id: 19136514 (index = 292, version = 2) since already tracked in submap: Submap id = 1, version = 1248874232
01-01 01:37:01.170  1155  1174 D ActivityManager: Is background playback GK enabled: false Is background playback enabled for all apps: false
01-01 01:37:01.170   802  5019 D AF::TrackHandle: OpPlayAudio: track:211 uid:10025 pkg:com.oculus.vrshell usage:1 not muted
01-01 01:37:01.172  2788  2788 I ClientMgr: FocusedWindowChanged: uid = 10020 pid = 26182
01-01 01:37:01.172  2788  2788 I ClientMgr: FocusedClient changed.
01-01 01:37:01.172  2788  2788 W ClientMgr: ClientMgr::SetFocusedClient: No focused client
01-01 01:37:01.172  2788  2788 I ClientMgr: Releasing clocks.
01-01 01:37:01.172  2788  2788 I ClientMgr: SetFocusedPackageName - packageName  processName  clientId 0 clientPid 0
01-01 01:37:01.173  3635  3635 D [SUI] ActivityManagerUtilsHelper: onFocusedWindowChanged: Instance: com.oculus.common.activitymanager.ActivityManagerUtilsHelper@f9b6733, topWindowUid: 10020, focusedApp: com.oculus.os.clearactivity, previousApp: com.oculus.vrshell
01-01 01:37:01.173  3635  3635 D [SUI] AnytimeUIPanelApp: Received ActivityStateChanges - com.oculus.os.clearactivity
01-01 01:37:01.173  3188 16447 I MRSVC   : MIXEDREALITY: MrServiceController: VrFocusManager::Top Activity Changed, topActivity now is: 'com.oculus.os.clearactivity', immersiveApp now is: ''.
01-01 01:37:01.173  3635  3635 D [SUI] ActivityManagerUtilsHelper: onFocusedWindowChanged: Instance: com.oculus.common.activitymanager.ActivityManagerUtilsHelper@4b1faf1, topWindowUid: 10020, focusedApp: com.oculus.os.clearactivity, previousApp: com.oculus.vrshell
01-01 01:37:01.173  3635  3635 D [SUI] ActivityManagerUtilsHelper: onFocusedWindowChanged: Instance: com.oculus.common.activitymanager.ActivityManagerUtilsHelper@6adf713, topWindowUid: 10020, focusedApp: com.oculus.os.clearactivity, previousApp: com.oculus.vrshell
01-01 01:37:01.173  3635  3635 D [SUI] AnytimeUIPanelApp: Received ActivityStateChanges - com.oculus.os.clearactivity
01-01 01:37:01.174   802  8192 D AF::TrackHandle: OpPlayAudio: track:188 uid:1000 pkg:android usage:13 not muted
01-01 01:37:01.174  3635  3635 D [SUI] ActivityManagerUtilsHelper: onFocusedWindowChanged: Instance: com.oculus.common.activitymanager.ActivityManagerUtilsHelper@413aede, topWindowUid: 10020, focusedApp: com.oculus.os.clearactivity, previousApp: com.oculus.vrshell
01-01 01:37:01.175   966 29040 W Tracking: VEGA:HM:MAP_TRACKING: Validation failed after 0.04 seconds of bad frames. Switching from Validating to NoTracking on Submap id = 0, version = 1303156656
01-01 01:37:01.175   966 29040 W Tracking: VEGA:HM:MAP_TRACKING: Validation failed after 0.04 seconds of bad frames. Switching from Validating to NoTracking on Submap id = 2, version = 71963728
01-01 01:37:01.177   802 15291 D AF::TrackHandle: OpPlayAudio: track:56 uid:10016 pkg:com.oculus.shellenv usage:1 muted
01-01 01:37:01.177   802 15291 D AF::TrackHandle: OpPlayAudio: track:56 uid:10016 pkg:com.oculus.shellenv usage:1 muted
01-01 01:37:01.177   802   802 D AF::TrackHandle: OpPlayAudio: track:211 uid:10025 pkg:com.oculus.vrshell usage:1 not muted
01-01 01:37:01.177   802  8192 D AF::TrackHandle: OpPlayAudio: track:188 uid:1000 pkg:android usage:13 not muted
01-01 01:37:01.180  1718  1718 D OculusNotificationListenerService: Notification removed: 0|android|0|com.android.server.wm.AlertWindowNotification - com.oculus.vrshell|1000
01-01 01:37:01.184  2788  2788 I ClientMgr: FocusedWindowChanged: uid = 10132 pid = 28819
01-01 01:37:01.184  2788  2788 W ClientMgr: ClientMgr::SetFocusedClient: No focused client
01-01 01:37:01.184  2788  2788 I ClientMgr: Releasing clocks.
01-01 01:37:01.184  2788  2788 I ClientMgr: SetFocusedPackageName - packageName  processName  clientId 0 clientPid 0
01-01 01:37:01.184 22516 22516 V MetaCam (ForegroundAppChecker): Current foreground package is com.oculus.os.clearactivity.
01-01 01:37:01.184  3188 16447 I MRSVC   : MIXEDREALITY: MrServiceController: VrFocusManager::Top Activity Changed, topActivity now is: 'com.oculus.os.clearactivity', immersiveApp now is: ''.
01-01 01:37:01.184  3635  3635 D [SUI] ActivityManagerUtilsHelper: onFocusedWindowChanged: Instance: com.oculus.common.activitymanager.ActivityManagerUtilsHelper@f9b6733, topWindowUid: 10132, focusedApp: com.epicgames.AtomVR, previousApp: com.oculus.os.clearactivity
01-01 01:37:01.184  3635  3635 D [SUI] AnytimeUIPanelApp: Received ActivityStateChanges - com.oculus.os.clearactivity
01-01 01:37:01.185  3635  3635 D [SUI] ActivityManagerUtilsHelper: onFocusedWindowChanged: Instance: com.oculus.common.activitymanager.ActivityManagerUtilsHelper@413aede, topWindowUid: 10132, focusedApp: com.epicgames.AtomVR, previousApp: com.oculus.os.clearactivity
01-01 01:37:01.185  3635  3635 D [SUI] ActivityManagerUtilsHelper: onFocusedWindowChanged: Instance: com.oculus.common.activitymanager.ActivityManagerUtilsHelper@6adf713, topWindowUid: 10132, focusedApp: com.epicgames.AtomVR, previousApp: com.oculus.os.clearactivity
01-01 01:37:01.185  3635  3635 D [SUI] AnytimeUIPanelApp: Received ActivityStateChanges - com.oculus.os.clearactivity
01-01 01:37:01.185  2026  3134 E AppSwitchManager: No package name set
01-01 01:37:01.185  3635  3635 D [SUI] ActivityManagerUtilsHelper: onFocusedWindowChanged: Instance: com.oculus.common.activitymanager.ActivityManagerUtilsHelper@4b1faf1, topWindowUid: 10132, focusedApp: com.epicgames.AtomVR, previousApp: com.oculus.os.clearactivity
01-01 01:37:01.186 22516 22516 D FileCapture: Async on app switch
01-01 01:37:01.187 22516 22880 D MetaCam (MediaCapabilityChecker): checkMediaHasRecordingCapabilities packageName: com.oculus.os.clearactivity
01-01 01:37:01.187  2026  2775 E AppSwitchManager: No package name set
01-01 01:37:01.187 22516 22516 V MetaCam (ForegroundAppChecker): Current foreground package is com.epicgames.AtomVR.
01-01 01:37:01.188 22516 22516 D FileCapture: Async on app switch
01-01 01:37:01.188  2026  2573 W OVRLibrary: null cursor received for query content://com.oculus.ocms.library/apps/com.epicgames.AtomVR
01-01 01:37:01.189  2026  2327 W OVRLibrary: null cursor received for query content://com.oculus.ocms.library/apps/com.oculus.os.clearactivity
01-01 01:37:01.189  2233  2233 I [SEO] VrNotificationListenerService: onNotificationRemoved() - key = 0|android|0|com.android.server.wm.AlertWindowNotification - com.oculus.vrshell|1000, type = unspecified
01-01 01:37:01.189  2233  2233 D VrNotificationAnalytics: logNotificationRemoved(unspecified)
01-01 01:37:01.190  3635  3635 D [SUI] NotificationBroadcastReceiver: action: com.oculus.intent.action.NOTIF_CHANGE
01-01 01:37:01.199 22516 22880 W OVRLibrary: null cursor received for query content://com.oculus.ocms.library/apps/com.oculus.os.clearactivity
01-01 01:37:01.199 22516 22880 D MetaCam (MediaCapabilityChecker): checkMediaHasRecordingCapabilities packageName: com.epicgames.AtomVR
01-01 01:37:01.202  3635 28821 D NotificationsBadgeLiveData: MessageBadgeData, pullAndCheckNotifs, old data source notif count: 3, messaging count: 0
01-01 01:37:01.202  3635  3635 V [SUI] BarView: Notifs badge count: 3, Messenger badge count 0
01-01 01:37:01.202  3635  3635 V [SUI] BarView: Notifs badge count: 3, Messenger badge count 0
01-01 01:37:01.203  3635 28823 D NotificationsBadgeLiveData: MessageBadgeData, pullAndCheckNotifs, old data source notif count: 3, messaging count: 0
01-01 01:37:01.203  3635  3635 V [SUI] BarView: Notifs badge count: 3, Messenger badge count 0
01-01 01:37:01.203  3635  3635 V [SUI] BarView: Notifs badge count: 3, Messenger badge count 0
01-01 01:37:01.207 22516 22880 W OVRLibrary: null cursor received for query content://com.oculus.ocms.library/apps/com.epicgames.AtomVR
01-01 01:37:01.218  3057  3118 I [CT]    : GuardianMapDataMgr: CheckRelocalizationStatus: Relocalization started
01-01 01:37:01.218  3057  3118 I [CT]    : SP:TREX:SpatialPersistenceClientInterfaceV14_impl: BEGIN QueryAnchorSpace
01-01 01:37:01.218  3057  3118 I [CT]    : SP:AF:InsightAnchorApi: insight_QueryAnchorSpaces (task start) duration: 0.000000000 [sec], flags: 12, location: 1, uuid: 00000000-0000-0000-0000-000000000000, method: 1, request: 38
01-01 01:37:01.219  3057  3834 I [CT]    : SP:AP:AnchorPersistenceRuntimeIpcClient: AnchorPersistenceRuntimeIpcClient::CALL_RPC isAsync: true
01-01 01:37:01.219  3057  3834 W BrokerMethodsAndroid [RUNTIMEIPC]: EnsureServiceStarted: Forcing SPS to use IPC_USER_CURRENT
01-01 01:37:01.219  3057  3118 I [CT]    : SP:TREX:SpatialPersistenceClientInterfaceV14_impl: END QueryAnchorSpace: returning XrResult(0)
01-01 01:37:01.219  1155  1325 I RuntimeIpcHelperService: Going to start ComponentInfo{com.facebook.spatial_persistence_service/com.facebook.spatial_persistence_service.AnchorPersistenceService} as foreground
01-01 01:37:01.221  2725  2725 I AnchorPersistenceService: onStartCommand()
01-01 01:37:01.223  2725  3937 D RPCServer [RUNTIMEIPC]: ConnectClient: Client: com.oculus.guardian:com.oculus.vrguardianservice:3057:, Server: com.facebook.spatial_persistence_service:com.facebook.spatial_persistence_service (anchor_persistence_server)
01-01 01:37:01.224  2725  3937 I RPCClientHandler [RUNTIMEIPC]: Event buffer size (server): 262144
01-01 01:37:01.225  2725  3937 I RuntimeIPCServerMgr [RUNTIMEIPC]: HandleClientConnect SUCCESS: Client: com.oculus.guardian:com.oculus.vrguardianservice:3057:, Server: com.facebook.spatial_persistence_service:com.facebook.spatial_persistence_service (anchor_persistence_server)
01-01 01:37:01.225  3057  3834 I RuntimeIPCClient [RUNTIMEIPC]: Event buffer size (client): 262144
01-01 01:37:01.226  3057  3834 I RuntimeIPCClient [RUNTIMEIPC]: TryToGetIPCResourcesFromServer: RPC_CONNECTOR_CONNECT_TO_SERVER SUCCESS: Client: com.oculus.guardian:com.oculus.vrguardianservice:3057, Server: com.facebook.spatial_persistence_service:com.facebook.spatial_persistence_service (anchor_persistence_server)
01-01 01:37:01.226  3057  3834 I RuntimeIPCClient [RUNTIMEIPC]: EnsureServerConnection: SUCCESS. Client: com.oculus.guardian:com.oculus.vrguardianservice:3057, Server: com.facebook.spatial_persistence_service:com.facebook.spatial_persistence_service (anchor_persistence_server)
01-01 01:37:01.226  3057  3834 I RuntimeIPCClient [RUNTIMEIPC]: ConnectToServer: SUCCESS: Client: com.oculus.guardian:com.oculus.vrguardianservice:3057, Server: com.facebook.spatial_persistence_service:com.facebook.spatial_persistence_service (anchor_persistence_server)
01-01 01:37:01.226  3057  3834 I RuntimeIPCClientMgr [RUNTIMEIPC]: GetClientOptions
01-01 01:37:01.227  2725 29160 D RPCClientHandler [RUNTIMEIPC]: Marking client as single-user belonging to user 0
01-01 01:37:01.228  2725 29160 I [CT]    : SP:AP:AnchorPersistenceRuntimeIpcServer: Bypassing package integrity check for system process or guardian, package: com.oculus.guardian
01-01 01:37:01.228  2725 18971 I [CT]    : SP:AP:AnchorLocalStorage: Called listAllAnchors
01-01 01:37:01.229  2725 29164 I [CT]    : SP:AP:AnchorPersistenceRuntimeIpcServer: checkRPC start: sessionUuid:effb12ae-44f7-c8a5-a7a2-c9f5f21dee29, clientId:3335956710, givenPackageName:com.oculus.guardian
01-01 01:37:01.229  2725 29164 I [CT]    : SP:AP:AnchorPersistenceRuntimeIpcServer: checkRPC package name matches: sessionUuid:effb12ae-44f7-c8a5-a7a2-c9f5f21dee29, clientId:3335956710, givenPackageName:com.oculus.guardian, detectedPackageName:com.oculus.guardian, clientIdTrustedStatus_.count:1
01-01 01:37:01.229  2725 29164 I [CT]    : SP:AP:AnchorPersistenceRuntimeIpcServer: checkStorageLocation sessionUuid:effb12ae-44f7-c8a5-a7a2-c9f5f21dee29, clientId:3335956710, location:1
01-01 01:37:01.229  2725 18971 I [CT]    : SP:AP:AnchorLocalStorage: listAllAnchors loading 1nth anchors, /data/user/0/com.facebook.spatial_persistence_service/files/com.oculus.guardian/f6e38716-3d67-b8c0-1e55-74b94ca37735
01-01 01:37:01.230  2725 29164 I [CT]    : SP:AP:AnchorPersistence: Status of feature 25 is 1
01-01 01:37:01.230  2725 18971 I [CT]    : SP:AP:AnchorLocalStorage: listAllAnchors loading 2nth anchors, /data/user/0/com.facebook.spatial_persistence_service/files/com.oculus.guardian/03057edb-106e-f0fe-bfb5-339eead4e8e6
01-01 01:37:01.230  2725 18971 I [CT]    : SP:AP:AnchorLocalStorage: listAllAnchors loading 3nth anchors, /data/user/0/com.facebook.spatial_persistence_service/files/com.oculus.guardian/00e2a8b2-af2d-d101-db4c-0854ac25ce51
01-01 01:37:01.230  2725 18971 I [CT]    : SP:AP:AnchorLocalStorage: listAllAnchors loading 4nth anchors, /data/user/0/com.facebook.spatial_persistence_service/files/com.oculus.guardian/96b21b86-cd30-cc53-de8e-4526a8c89c10
01-01 01:37:01.230  2725 18971 I [CT]    : SP:AP:AnchorLocalStorage: listAllAnchors loading 5nth anchors, /data/user/0/com.facebook.spatial_persistence_service/files/com.oculus.guardian/a370a83f-8556-8bd0-8b53-e99f005480dd
01-01 01:37:01.231  2725 18971 I [CT]    : SP:AP:AnchorLocalStorage: listAllAnchors loading 6nth anchors, /data/user/0/com.facebook.spatial_persistence_service/files/com.oculus.guardian/28f62caa-a636-1966-cdb1-c35f66cfefb0
01-01 01:37:01.231  2725 18971 I [CT]    : SP:AP:AnchorLocalStorage: listAllAnchors loading 7nth anchors, /data/user/0/com.facebook.spatial_persistence_service/files/com.oculus.guardian/d605bddf-e7d7-2a05-2e2e-946cfa2f2db1
01-01 01:37:01.231  2725 18971 I [CT]    : SP:AP:AnchorLocalStorage: listAllAnchors loading 8nth anchors, /data/user/0/com.facebook.spatial_persistence_service/files/com.oculus.guardian/07fc7df3-637e-85cf-f7bd-13ed7117cee1
01-01 01:37:01.231  2725 18971 I [CT]    : SP:AP:AnchorLocalStorage: listAllAnchors loading 9nth anchors, /data/user/0/com.facebook.spatial_persistence_service/files/com.oculus.guardian/046cd23f-548b-c003-c103-a1c1bc0ee201
01-01 01:37:01.231  2725 18971 I [CT]    : SP:AP:AnchorLocalStorage: listAllAnchors loading 10nth anchors, /data/user/0/com.facebook.spatial_persistence_service/files/com.oculus.guardian/13900596-9eeb-ac63-e46a-397f22c2fe10
01-01 01:37:01.232  2725 18971 I [CT]    : SP:AP:AnchorLocalStorage: listAllAnchors loading 11nth anchors, /data/user/0/com.facebook.spatial_persistence_service/files/com.oculus.guardian/32964e8c-2f70-e733-3129-db88a6f6ca96
01-01 01:37:01.232  2725 18971 I [CT]    : SP:AP:AnchorLocalStorage: listAllAnchors loading 12nth anchors, /data/user/0/com.facebook.spatial_persistence_service/files/com.oculus.guardian/e088c74f-a07c-a606-bbdc-c4cea7a110b5
01-01 01:37:01.232  2725 18971 I [CT]    : SP:AP:AnchorLocalStorage: listAllAnchors loading 13nth anchors, /data/user/0/com.facebook.spatial_persistence_service/files/com.oculus.guardian/34d61e81-b71f-a457-03c2-d05cbad19b72
01-01 01:37:01.232  2725 18971 I [CT]    : SP:AP:AnchorLocalStorage: listAllAnchors loading 14nth anchors, /data/user/0/com.facebook.spatial_persistence_service/files/com.oculus.guardian/66023ae7-c5a5-a7d4-7cda-2b7e1a5b925a
01-01 01:37:01.232  2725 18971 I [CT]    : SP:AP:AnchorLocalStorage: listAllAnchors loading 15nth anchors, /data/user/0/com.facebook.spatial_persistence_service/files/com.oculus.guardian/4f0dbd32-93ce-723f-ee18-bc8b8c1679f1
01-01 01:37:01.233  2725 18971 I [CT]    : SP:AP:AnchorLocalStorage: listAllAnchors loading 16nth anchors, /data/user/0/com.facebook.spatial_persistence_service/files/com.oculus.guardian/6051263d-a060-8dac-eaa0-0d582729e27c
01-01 01:37:01.234  2725 29164 I [CT]    : SP:AP:AnchorPersistenceConfig: PreferencesManager: anchor_persistence_cloud_anchor_service_enabled: false
01-01 01:37:01.234  2725 29164 I [CT]    : SP:AP:AnchorPersistenceConfig: getCloudPermissionEnabled: Android scenario, cloudPermissionEnabledGK=1, cloudPermissionOverride=-1
01-01 01:37:01.234  2725 29164 I [CT]    : SP:AP:AnchorPersistenceConfig: getCloudPermissionEnabled: GK(oculus_spatial_anchor_cloud)=true, userPreference(anchor_persistence_cloud_anchor_service_enabled)=false
01-01 01:37:01.234  2725 29164 I [CT]    : SP:AP:AnchorPersistenceConfig: getSceneRuntimePermissionEnabled: USE_SCENE permission is enabled on this device
01-01 01:37:01.234  2725 29164 I [CT]    : SP:AP:AnchorPersistenceScenePermissions: hasClientGrantedScenePermission: USE_SCENE permission is enabled on this device, check client com.oculus.guardian, grant is true
01-01 01:37:01.243   966 29040 I Tracking: TrackedMapContext: Stop tracking map with ID Submap id = 2, version = 71963728 at index: 2 in contexts: 3
01-01 01:37:01.244   966 29040 I Tracking: TrackedMapContext: Stop tracking map with ID Submap id = 0, version = 1303156656 at index: 1 in contexts: 2
01-01 01:37:01.245  2725 18971 I [CT]    : SP:SceneAnchorFilterUtil: filterSceneDataByPermission com.oculus.guardian has scene permission granted, keep scene data
01-01 01:37:01.245  2725 18971 I [CT]    : SP:AP:AnchorPersistence: notifyTrackedSpatialAnchor 66023ae7-c5a5-a7d4-7cda-2b7e1a5b925a
01-01 01:37:01.254  3057  3369 I [CT]    : SP:AF:InsightAnchorApi: insight_QueryAnchorSpaces (task finish) returnCode: AnchorResultCode::SUCCESS(0), numSpacesFound: 1, spacesFoundUuids: [66023ae7-c5a5-a7d4-7cda-2b7e1a5b925a], duration: 0.000000000 [sec], flags: 12, location: 1, uuid: 00000000-0000-0000-0000-000000000000, method: 1, request: 38
01-01 01:37:01.259  3188  3250 W PhaseSync: [PS_Ver_1_0] DiscardFrame is triggered, frame->Stage 2 FrameBeginIndex 12352 
01-01 01:37:01.259  3188  3250 I MRSVC   : MIXEDREALITY: OpenXrSupport: OpenXR qualified success: xrBeginFrame(clientState_.session, &beginFrameDesc): XR_FRAME_DISCARDED
01-01 01:37:01.259  3188  3250 I MRSVC   : MIXEDREALITY: MrServiceView: renderIteration: Hibernating the rendering thread since ID is off and no active PT layers.
01-01 01:37:01.259  3188  3250 I MRSVC   : MIXEDREALITY: MrServiceModelBase: Hibernating caller (most likely rendering thread) due to commandQueue being empty.
01-01 01:37:01.290  3057  3118 I TREX    : Spatial Persistence event: QuerySpacesFound
01-01 01:37:01.290  3057  3118 I TREX    : Updating enabled data components from query results for entity type 1
01-01 01:37:01.290  3057  3118 I TREX    : Spatial Persistence event: QuerySpacesFinish
01-01 01:37:01.290  3057  3118 I Deque   : event 1000156103 not found in the event queue.
01-01 01:37:01.290  3057  3118 I Deque   : AddEventToQueue called. eventInfo.type: 1000156103, eventInfo.next: 1
01-01 01:37:01.290  3057  3118 I Deque   : AddEventToQueue called. eventInfo.type: 1000156104, eventInfo.next: 1
01-01 01:37:01.290  3057  3118 E [CT]    : Guardian: xrSetComponentEnabledPrivilegedFB(result.space, &newRequest, &locatableRequestId) returned error code: -1000113003
01-01 01:37:01.290  3057  3118 E [CT]    : Guardian: xrSetComponentEnabledPrivilegedFB(result.space, &requestInfo, &storableRequestId) returned error code: -1000113003
01-01 01:37:01.290  3057  3118 W [CT]    : MrTrackerMgr: Ignoring abandoned query result. request [335007449162] != current request [479792123024]
01-01 01:37:01.290  3057  3118 W [CT]    : MrTrackerMgr: Ignoring abandoned query complete event result. request [335007449162] != current request [479792123024]
01-01 01:37:01.356  3188  3250 W PhaseSync: [PS_Ver_1_0] DiscardFrame is triggered, frame->Stage 2 FrameBeginIndex 12353 
01-01 01:37:01.356  3188  3250 I MRSVC   : MIXEDREALITY: OpenXrSupport: OpenXR qualified success: xrBeginFrame(clientState_.session, &beginFrameDesc): XR_FRAME_DISCARDED
01-01 01:37:01.356  3188  3250 I MRSVC   : MIXEDREALITY: MrServiceView: renderIteration: Hibernating the rendering thread since ID is off and no active PT layers.
01-01 01:37:01.356  3188  3250 I MRSVC   : MIXEDREALITY: MrServiceModelBase: Hibernating caller (most likely rendering thread) due to commandQueue being empty.
01-01 01:37:01.359  3057  3118 I SpatialAnchorPipeline: Finished Anchor Search - 1 locatable Anchors: 66023ae7-c5a5-a7d4-7cda-2b7e1a5b925a, 
01-01 01:37:01.359  3057  3118 W [CT]    : Anchor:SlamAnchorMemoryOSSDKClient: [Throttled count=298] Skipping invalid anchorHandle when attempting to cache AnchorStates
01-01 01:37:01.359  3057  3397 I [CT]    : SlamAnchorRebaseHandler: Kicked off bulk re-registration of 1 slam anchors.
01-01 01:37:01.360  3057  3118 W [CT]    : SpatialAnchor: Anchor [uuid='66023ae7-c5a5-a7d4-7cda-2b7e1a5b925a'] is shifting significantly between frames: 0.1824643760919571 meters
01-01 01:37:01.360  3057  3118 I GuardianTelemetry: [ovrStatsThreadGuardian::SendGuardianStateChangeTelemetry] Sending state change event RELOCALIZATION_SUCCESS, dialog 
01-01 01:37:01.360  3057  3118 I GuardianSystem: [GuardianSystem::UpdateSystem] world updating because worldfromanchor threshold passed
01-01 01:37:01.360  2788  3116 I VrRuntimeService: RuntimeServiceSDKServer::SetGuardianStationaryInfo: 3335956710
01-01 01:37:01.361  2788 29058 I Vsync   : Vsync 114:  2 x 13.92 ms (71.82 Hz, at 8278.905)
01-01 01:37:01.430  3057  3118 I [CT]    : GuardianMapDataMgr: CheckRelocalizationStatus: Relocalization done
01-01 01:37:01.430  3057  3118 I GuardianSystem: [GuardianSystem::UpdateLocalSpaceToCurrentPose]
01-01 01:37:01.430  2788  3116 I VrRuntimeService: RuntimeServiceSDKServer::SetGuardianStationaryInfo: 3335956710
01-01 01:37:01.430  2788  3116 I VrRuntimeService: RuntimeServiceSDKServer::UpdateLocalSpace
01-01 01:37:01.431  2788  3116 I VrRuntimeServer: UpdateLocalSpace: Src: 3, Version: 60, VersionUser: 0, RawFloorHeightOld: -1.082095, RawFloorHeightNew: -1.082095
01-01 01:37:01.431  3057  3118 I Deque   : AddEventToQueue called. eventInfo.type: 40, eventInfo.next: 0
01-01 01:37:01.435  2778  3024 I Deque   : AddEventToQueue called. eventInfo.type: 40, eventInfo.next: 0
01-01 01:37:01.435  2778  3024 I [OAO] VrPlatformOpenXr: xrPollEvent: received XR_TYPE_EVENT_DATA_REFERENCE_SPACE_CHANGE_PENDING event
01-01 01:37:01.448  2778  3024 I [OAO] LocalSpace: New Space: quat(-0.157049, -0.698422, 0.185007, -0.673286), translation(0.039990, 1.024348, 0.035200) - Prior Space: quat(-0.157049, -0.698422, 0.185007, -0.673286), translation(0.039990, 1.024348, 0.035200)
01-01 01:37:01.448  2778  3024 I [OAO] LocalSpace: Local space version from 58 to 59, local space user version from 0 to 0.
01-01 01:37:01.449  2778  3024 I [OAO] SystemUXControllerHelper: OnReorient(reason: 3)
01-01 01:37:01.450  2778  3024 I [OAO] TelemetryProvider: aui_reorient system 90 0 0 com.epicgames.AtomVR
01-01 01:37:01.462  2778  3024 I [OAO] DisplayStatePreservationController: Applied preserved state by adapter: taskBarPositionAdapter
01-01 01:37:01.500  3057  3118 I GuardianSystem: [GuardianSystem::UpdateSystem] Responding to local space version number change.
01-01 01:37:01.569  3057  3118 I StateMachine: StateMachine::HandleEvent GuardianInitialization: finishedSettlingBlackEvent -> Valid_NoBlack
01-01 01:37:01.638  3057  3118 I GuardianSystem: ForceShowGuardian: false, 3.00
01-01 01:37:01.640  2788  3116 I VrRuntimeService: RuntimeServiceSDKServer::SetGuardianSystemState: 3335956710
01-01 01:37:01.640  3057  3118 I GuardianSystem: GuardianSDKServerStateSnapshot::Sync: Flags2 changed: 33, 1, SYSTEM_2_DIRECTIONAL_PASSTHROUGH_ENABLED,SYSTEM_2_SHOULD_PUSH_BLACK to SYSTEM_2_DIRECTIONAL_PASSTHROUGH_ENABLED
01-01 01:37:01.657  3057  3118 W StateMachine: StateMachine::ProcessSignal HmdMovementTelemetry received registered signal enterVR but the current state HmdTelemetry_Enter_VR_From_Don is not listening to this signal
01-01 01:37:01.657  3188  3250 I Deque   : AddEventToQueue called. eventInfo.type: 40, eventInfo.next: 1
01-01 01:37:01.658  2788  3116 I VrRuntimeService: RuntimeServiceSDKServer::SetGuardianSystemState: 3335956710
01-01 01:37:01.658  3057  3118 I GuardianSystem: GuardianSDKServerStateSnapshot::Sync: Flags changed: 524288, 532480, SYSTEM_GUARDIAN_VALID to SYSTEM_GUARDIAN_VISIBLE,SYSTEM_GUARDIAN_VALID
01-01 01:37:01.663  3188  3250 W PhaseSync: [PS_Ver_1_0] DiscardFrame is triggered, frame->Stage 2 FrameBeginIndex 12354 
01-01 01:37:01.664  3188  3250 I MRSVC   : MIXEDREALITY: OpenXrSupport: OpenXR qualified success: xrBeginFrame(clientState_.session, &beginFrameDesc): XR_FRAME_DISCARDED
01-01 01:37:01.664  3188  3250 I MRSVC   : MIXEDREALITY: MrServiceView: renderIteration: Hibernating the rendering thread since ID is off and no active PT layers.
01-01 01:37:01.664  3188  3250 I MRSVC   : MIXEDREALITY: MrServiceModelBase: Hibernating caller (most likely rendering thread) due to commandQueue being empty.
01-01 01:37:01.669  2788 29058 I CompositorUtil: SetSchedFifo( tid=3118, pol=5, pri=1 ) succeeded
01-01 01:37:01.669  2788 29058 I CompositorUtil: SetSchedFifo( tid=3525, pol=5, pri=1 ) succeeded
01-01 01:37:01.669  2788 29058 I CompositorUtil: SetSchedFifo( tid=4517, pol=5, pri=1 ) succeeded
01-01 01:37:01.733   966  1406 I Tracking: VEGA_MAPPER:SubmapTrackingValidator: Pausing map building until validation is complete. 29.36 seconds remaining
01-01 01:37:01.795     0     0 W healthd : battery l=100 v=4346 t=26.5 h=2 st=4 c=-386230 fc=3749000 cc=3 chg=a
01-01 01:37:01.807   966 29029 W Tracking: CONSTELLATION_Left: [Throttled count=500] Could not retrieve 3dof fallback pose.
01-01 01:37:01.860   966 29053 I Tracking: CONSTELLATION_Left: Not reinitializing 6DoF filter yet (no valid pose from matching).
01-01 01:37:01.982   966  1408 I Tracking: VIPER:DEEP_DESCRIPTOR: Computing Deep Descriptors using gravity orientation.
01-01 01:37:02.005  2778 29101 I ClientSharedTelemetryStats: App memory usage: PSS=69 MiB, PrivateDirty=53 MiB, PrivateClean=1 MiB, GPU=7.6/9.8 MiB (78% allocated)
01-01 01:37:02.088  1008  1008 E adbd    : failed to connect to socket 'tcp:6666': Connection refused
01-01 01:37:02.154  3057  3118 I SpatialAnchorPipeline: Guardian needs anchor search = 0, 1 && (1, 0, 0)
01-01 01:37:02.392  3057  3118 W [CT]    : Anchor:SlamAnchorMemoryOSSDKClient: [Throttled count=528] Skipping invalid anchorHandle when attempting to cache AnchorStates
01-01 01:37:02.402   966 29040 W Tracking: TIMESTAMPCHECKER: Nominal rate wrong. Estimated data rate: 25, Nominal is 30
01-01 01:37:02.672   793  1028 E SyncBossHAL: [error  ] syncboss_hal_impl_input.c(1148): Pulsar connected devices state change: 30, host current time: 1704055022672ms
01-01 01:37:02.675   606   623 E SyncBossFW: 8278185 [error  ] {WIHO}: Pulsar dev connected d3d05f47e2487092 t: 8278185ms, (type: 9011401, connection id: 0x1e)
01-01 01:37:02.734   793  1029 I SyncBossHAL: [info   ] pulsar_manager.c(511): d3d05f47xxxxxxxx: Configuring IR LED to ontime = 34, period = 40000, delay = -17
01-01 01:37:02.740  2788 29058 I Vsync   : Vsync 213:  2 x 13.92 ms (71.82 Hz, at 8280.284)
01-01 01:37:02.740   793  1029 I SyncBossHAL: [info   ] pulsar_manager.c(456): Finished getting cache data for controller
01-01 01:37:02.740   793  1029 I SyncBossHAL:     id            : d3d05f47xxxxxxxx
01-01 01:37:02.740   793  1029 I SyncBossHAL:     pulsar_type   : 0x09011401
01-01 01:37:02.740   793  1029 I SyncBossHAL:     connection id : 0x1e
01-01 01:37:02.740   793  1029 I SyncBossHAL:     fw ver        : 1.9.0
01-01 01:37:02.740   793  1029 I SyncBossHAL:     spl ver       : 1.5.1
01-01 01:37:02.740   793  1029 I SyncBossHAL:     serial        : 1WMHCR31DV2435
01-01 01:37:02.740   793  1029 I SyncBossHAL:     handedness    : right
01-01 01:37:02.740   793  1029 I SyncBossHAL:     battery state : 40%
01-01 01:37:02.740   793  1029 I SyncBossHAL: [info   ] pulsar_manager.c(473): Jedi-specific cache data:
01-01 01:37:02.740   793  1029 I SyncBossHAL:     captouch ver  : 1.9.0
01-01 01:37:02.745   793 28988 D SensorService: Syncboss input 9d17e7ce194bc1ec hardware type 4, subtype 1, revision 0x09
01-01 01:37:02.745   793 28988 I SensorService: preparePairedControllerInfo is adding device with valid 1
01-01 01:37:02.745   793 28988 D SensorService: Syncboss input d3d05f47e2487092 hardware type 4, subtype 2, revision 0x09
01-01 01:37:02.745   606   623 I SyncBossFW: 8278257 [info   ] {WIHI}: Found 2 connected pulsar devices
01-01 01:37:02.745   793 28988 I SensorService: preparePairedControllerInfo is adding device with valid 1
01-01 01:37:02.746   793 28988 D SensorService: stateChangeNotifierFunc(): Reporting controller info. Change token: 61, paired=2 connected=2
01-01 01:37:02.746  1707 28998 D OVRRemoteService: processStateChange([PairedControllerInfo JEDI 9d17e7ce194bc1ec connected mcnt=0])
01-01 01:37:02.746  1707 28998 D OVRRemoteService: processStateChange([PairedControllerInfo JEDI d3d05f47e2487092 connected mcnt=0])
01-01 01:37:02.746   793  1029 I SyncBossHAL: [info   ] pulsar_manager.c(511): 9d17e7cexxxxxxxx: Configuring IR LED to ontime = 34, period = 40000, delay = -17
01-01 01:37:02.746   793  1029 I SyncBossHAL: [info   ] pulsar_manager.c(511): d3d05f47xxxxxxxx: Configuring IR LED to ontime = 34, period = 40000, delay = -17
01-01 01:37:02.746  1707 28998 D OVRRemoteService: RemoteService::recordControllerStatusUpdate: device d3d05f47e2487092: status: CONNECTED_ACTIVE tracking: POSITION, errors: --
01-01 01:37:02.755   793  7369 D SensorService: Found paired controllers: 2
01-01 01:37:02.755   793  7369 D SensorService: Syncboss input 9d17e7ce194bc1ec hardware type 4, subtype 1, revision 0x09
01-01 01:37:02.755   793  7369 I SensorService: preparePairedControllerInfo is adding device with valid 1
01-01 01:37:02.755   793  7369 D SensorService: Syncboss input d3d05f47e2487092 hardware type 4, subtype 2, revision 0x09
01-01 01:37:02.755   793  7369 I SensorService: preparePairedControllerInfo is adding device with valid 1
01-01 01:37:02.756   966 29029 D TrackingService: Creating RemoteConstellationTrackedDevice
01-01 01:37:02.757  1707 28998 D OVRRemoteService: RemoteService::recordControllerStatusUpdate: device d3d05f47e2487092: status: CONNECTED_ACTIVE tracking: POSITION, errors: --
01-01 01:37:02.757   966 29029 I TrackingService: Registering primary controller d3d05f47e2487092 in slot 1
01-01 01:37:02.758   966 29029 D TrackingService: TrackingDataPostProcessor: Hand autotransition v2 GK enabled: 1
01-01 01:37:02.757     0     0 I input   : Device 0xD3D05F47E2487092 as /devices/virtual/input/input32
01-01 01:37:02.758   966 29029 D TrackingService: registerRemote: d3d05f47e2487092
01-01 01:37:02.759   966 29029 I Tracking: CONSTELLATION:TRACKING_ENGINE: Requesting tracking engine to activate device d3d05f47e2487092.
