12-31 11:04:50.438  3209  3274 I MRSVC   : MIXEDREALITY: MrServiceModel: passthroughPause()
12-31 11:04:50.438  3209  3274 I MRSVC   : MIXEDREALITY: MrServiceModel: passthroughPause: Paused Passthrough
12-31 11:04:50.438  2321  2455 I [CT]    : MIXEDREALITY: TREX: Suspending Insight MR session.
12-31 11:04:50.439  3209  3274 I MRSVC   : MIXEDREALITY: MrRuntimeImpl: onPause: Capability Passthrough on device 2.
12-31 11:04:50.439   944  3267 I MRSS    : MIXEDREALITY: MrSystemServiceIPCServer: ChangeMrCapabilityStatus: client 3831201270, capability Passthrough, command 0.
12-31 11:04:50.439  2321  2455 I VrRuntimeClient: DEVICE MODEL NUMBER = Quest 2
12-31 11:04:50.439  2321  2455 I VrRuntimeClient: DEVICE BUILD NAME = SQ3A.220605.009.A1
12-31 11:04:50.439  2321  2455 I VrRuntimeClient: DEVICE BUILD TYPE = user
12-31 11:04:50.439  2321  2455 I VrRuntimeClient: DEVICE OS VERSION = 12
12-31 11:04:50.439  2321  2455 I VrRuntimeClient: API LOADER VERSION = 1.0.29
12-31 11:04:50.439  2321  2455 I VrRuntimeClient: RUNTIME API VERSION = 1.0.29
12-31 11:04:50.439  2321  2455 I VrRuntimeClient: RUNTIME VERSION = 59.0.0.172.706 Nov  6 2023 00:25:46 RELEASE
12-31 11:04:50.439  2321  2455 I VrRuntimeClient: APP NAME = Oculus App Runtime
12-31 11:04:50.439  2321  2455 I VrRuntimeClient: APP VERSION = 59.0.0.172.706 versionCode 535797236 internalVersionName 59.0.0.172.706.64ce586c41bc 2023_11_09_18_27
12-31 11:04:50.439  2321  2455 I VrRuntimeClient: APP VR TYPE = vr_only
12-31 11:04:50.439  2321  2455 I VrRuntimeClient: APP MODE TYPE = VR
12-31 11:04:50.439  2321  2455 I VrRuntimeClient: APP PACKAGE NAME = com.oculus.vrshell
12-31 11:04:50.439  2321  2455 I VrRuntimeClient: APP ACTIVITY CLASS = com.oculus.vrshell.ShellApplication
12-31 11:04:50.439  1151 24313 I LogicalDisplayMapper: Removing display: 1051
12-31 11:04:50.440  2321  2455 I Sensor  : OSSDKTRACKING Shutdown tracking
12-31 11:04:50.440  2321  2455 I FaceEyeTrackingManagerHelpers: [FaceEyeTrackingManager] Audio FT GK: 0
12-31 11:04:50.440  2321  2455 I LogTimer: CPUTIME: VrRuntimeClient_EndSession took 1.4648 ms
12-31 11:04:50.440  2321  2455 I VrApi   : OVR::Stats thread stopped
12-31 11:04:50.440  2321  2455 I InputDeviceManager: ovrInputDeviceManager::~ovrInputDeviceManager
12-31 11:04:50.440  3209  3274 I MRSVC   : MIXEDREALITY: MrRuntimeImpl: onPause: Capability Playspace on device 2.
12-31 11:04:50.441   952  5780 D TrackingService: haptic socket already exists
12-31 11:04:50.441   952  5780 D TrackingService: getSocket: com.oculus.vrshell
12-31 11:04:50.441  1151  4380 I DisplayDeviceRepository: Display device removed: DisplayDeviceInfo{"com.oculus.android_panel_app.AndroidPanelLayer-#main": uniqueId="virtual:com.oculus.vrshell,10025,com.oculus.android_panel_app.AndroidPanelLayer-#main,1", 355 x 181, modeId 1729, defaultModeId 1729, supportedModes [{id=1729, width=355, height=181, fps=60.0, alternativeRefreshRates=[]}], colorMode 0, supportedColorModes [0], hdrCapabilities null, allmSupported false, gameContentTypeSupported false, density 200, 200.0 x 200.0 dpi, appVsyncOff 0, presDeadline 16666666, touch NONE, rotation 0, type VIRTUAL, deviceProductInfo null, state OFF, owner com.oculus.vrshell (uid 10025), frameRateOverride , brightnessMinimum 0.0, brightnessMaximum 0.0, brightnessDefault 0.0, FLAG_PRIVATE, FLAG_NEVER_BLANK, FLAG_OWN_CONTENT_ONLY}
12-31 11:04:50.441  2321  2321 D [SEO] BaseOverlayService: setOverlayInputFocus : completed - inputFocus=false actionTaken:true
12-31 11:04:50.441  2321  2455 I InputDevice_TrackedRemote: OSSDKTRACKING shutting down Haptics
12-31 11:04:50.441  1151  4380 I LogicalDisplayMapper: Removing display: 1050
12-31 11:04:50.441  2321  2455 I InputDevice_TrackedRemote: OSSDKTRACKING shutting down Haptics
12-31 11:04:50.441  2321  2455 I InputDevice_TrackedRemote: OSSDKTRACKING shutting down Haptics
12-31 11:04:50.441  2321  2455 I InputDevice_TrackedRemote: OSSDKTRACKING shutting down Haptics
12-31 11:04:50.441  2321  2455 I OSHandDataQuerier: OSSDKTRACKING shutting down HandsTracker
12-31 11:04:50.441  2321  2455 I OSHandDataQuerier: OSSDKTRACKING shutting down HandsTracker
12-31 11:04:50.441  2321  2455 D OsSdk   : TrackingServiceConnection dtor
12-31 11:04:50.442   952  5780 I TrackingService: Unregistering client by ITrackingService.unregisterClient
12-31 11:04:50.442   952  5780 I TrackingService: Failed to unregister client because client not found in registered list
12-31 11:04:50.442   952  5780 I TrackingService: Unregistering client by ITrackingService.unregisterClient
12-31 11:04:50.442   952  5780 I TrackingService: Failed to unregister client because client not found in registered list
12-31 11:04:50.442   952  5780 I TrackingService: Unregistering client by ITrackingService.unregisterClient
12-31 11:04:50.442   952  5780 I TrackingService: Failed to unregister client because client not found in registered list
12-31 11:04:50.442   952  5780 I TrackingService: Unregistering client by ITrackingService.unregisterClient
12-31 11:04:50.442   952  5780 I TrackingService: Unregistering client by ITrackingService.unregisterClient
12-31 11:04:50.442   952  5780 I TrackingService: Failed to unregister client because client not found in registered list
12-31 11:04:50.442   952  5780 I TrackingService: Failed to unregister client because client not found in registered list
12-31 11:04:50.442   952  5780 I TrackingService: Failed to unregister client because client not found in registered list
12-31 11:04:50.442   952  5780 I TrackingService: Failed to unregister client because client not found in registered list
12-31 11:04:50.442   952  5780 I TrackingService: Failed to unregister client because client not found in registered list
12-31 11:04:50.442   952  5780 I TrackingService: Failed to unregister client because client not found in registered list
12-31 11:04:50.442   952  5780 I TrackingService: Failed to unregister client because client not found in registered list
12-31 11:04:50.442   952  5780 I TrackingService: Unregistering client by ITrackingService.unregisterClient
12-31 11:04:50.442   952  5780 I TrackingService: Failed to unregister client because client not found in registered list
12-31 11:04:50.442   952  5780 I TrackingService: Unregistering client by ITrackingService.unregisterClient
12-31 11:04:50.442   952  5780 I TrackingService: Failed to unregister client because client not found in registered list
12-31 11:04:50.442   952  5780 D TrackingService: unregister: com.oculus.vrshell
12-31 11:04:50.442  2321  2455 D OsSdk   : TrackingServiceConnection unregistered
12-31 11:04:50.443  1151  1257 I InputDispatcher: Erasing monitor PointerEventDispatcher1051 (server) on display 1051, pid=1151
12-31 11:04:50.444  1151  7627 W InputManager-JNI: Input channel object '32803f2 Shell.EventInterceptor (client)' was disposed without first being removed with the input manager!
12-31 11:04:50.445  1151  1174 W NotificationHistory: Attempted to remove channel for locked/gone/disabled user 0
12-31 11:04:50.445  2321 10171 I ClientInputThread_Internal: InputThreadRun ShutdownRequest received
12-31 11:04:50.445  2321  2455 I ClientInputTrackedKeyboardManager: TRACKEDKEYBOARD ClearTrackedObjectManager called on client
12-31 11:04:50.445  2321  2455 W REFLECT [RUNTIMEIPC]: Most likely you forgot to call Shutdown before destroying your client. Calling Shutdown now...
12-31 11:04:50.445  2321  2455 I RuntimeIPCClient [RUNTIMEIPC]: Shutdown: 4, Client: com.oculus.vrshell:com.oculus.vrshell:2321, Server: com.oculus.vrshell:com.oculus.vrshell:Overlay (ptkserviceserver)
12-31 11:04:50.445  2321  2455 I RuntimeIPCClient [RUNTIMEIPC]: ReleaseRef: Remaining refs: 3, Client: com.oculus.vrshell:com.oculus.vrshell:2321, Server: com.oculus.vrshell:com.oculus.vrshell:Overlay (ptkserviceserver)
12-31 11:04:50.446  2732  3096 I VrRuntimeService: RuntimeServiceSDKServer::EnableRendering: 0x0, 0, com.oculus.vrshell
12-31 11:04:50.446  2732  3096 I ClientMgr: ClientMgr::EnableRendering 2321:com.oculus.vrshell : type 1 comp-id 1: disable
12-31 11:04:50.446  2732  3096 I VrRuntimeServer: DisableCompositorClient: 1
12-31 11:04:50.446  2732  3096 I CompositorClientMgr: Disable client 1
12-31 11:04:50.446  2732  3096 I CompositorClient: DisableClient: frame flush required: 1
12-31 11:04:50.447  1151  1257 I InputDispatcher: Erasing monitor PointerEventDispatcher1050 (server) on display 1050, pid=1151
12-31 11:04:50.450   944  3267 I MRSS    : MIXEDREALITY: MrSystemServiceIPCServer: ChangeMrCapabilityStatus: client 3831201270, capability Playspace, command 0.
12-31 11:04:50.451  8519  8579 I OVRMediaService: onStartCommand Received message type: overlay_input_focus_change, caller package: com.oculus.vrshell, app identify: AppIdentity{uid=10025, packageNames=[com.oculus.vrshell], sha2=3C-DTjwZQjeLFPB2yCzRq1nqZWa_9HMLIEfpjvyfna8, version=null, domain=null}
12-31 11:04:50.452  1151  1174 V WindowManager: Unknown focus tokens, dropping reportFocusChanged
12-31 11:04:50.452  8519  8579 I OVRMediaService: Received OVERLAY_INPUT_FOCUS_CHANGE. is focused: false
12-31 11:04:50.454  3209  3274 W PhaseSync: [PS_Ver_1_0] DiscardFrame is triggered, frame->Stage 2 FrameBeginIndex 156303 
12-31 11:04:50.454  3209  3274 I MRSVC   : MIXEDREALITY: OpenXrSupport: OpenXR qualified success: xrBeginFrame(clientState_.session, &beginFrameDesc): XR_FRAME_DISCARDED
12-31 11:04:50.454  3209  3274 I MRSVC   : MIXEDREALITY: MrServiceView: renderIteration: Hibernating the rendering thread since ID is off and no active PT layers.
12-31 11:04:50.454  3209  3274 I MRSVC   : MIXEDREALITY: MrServiceModelBase: Hibernating caller (most likely rendering thread) due to commandQueue being empty.
12-31 11:04:50.461  2732  3056 I VrRuntimeServer: UpdateCompositorClientApertureMask client(5)
12-31 11:04:50.461  2732  3056 I VrRuntimeServer: UpdateCompositorClientLayerPlacement client(5): layer placement(4294967293)
12-31 11:04:50.461  2732  3056 I VrRuntimeServer: UpdateCompositorClientApertureMask client(4)
12-31 11:04:50.461  2732  3056 I VrRuntimeServer: UpdateCompositorClientLayerPlacement client(4): layer placement(129)
12-31 11:04:50.462  2732  3096 I UnifiedTelemetryWrapper: Stopped UT session render:com.oculus.vrshell
12-31 11:04:50.462  2321 10177 I FenceChecker: FenceChecker::MainLoop - ended
12-31 11:04:50.462  2321  2455 I VrRuntimeClient: PhaseSync Instance deleted
12-31 11:04:50.462  2321  2455 I OpenXR  : PostSessionStateChange: XR_SESSION_STATE_STOPPING -> XR_SESSION_STATE_IDLE
12-31 11:04:50.462  2321  2455 I Deque   : AddEventToQueue called. eventInfo.type: 18, eventInfo.next: 1
12-31 11:04:50.462  2321  2455 I OpenXR  : ------------ xrEndSession [end] -----------
12-31 11:04:50.462  2321  2455 I [SEO] VrPlatformOpenXr: EndSession xrEndSession passed
12-31 11:04:50.462  2321  2455 I VrRuntimeClient: Client has gained focus.
12-31 11:04:50.462  2321  2455 I [SEO] VrPlatformOpenXr: xrPollEvent: received XR_TYPE_EVENT_DATA_SESSION_STATE_CHANGED: 1 for session 0x200000000000002 at time 106553.521181
12-31 11:04:50.462  2321  2455 I [SEO] VrPlatformOpenXr: Session state changed XR_SESSION_STATE_IDLE
12-31 11:04:50.462  2321  2455 I OpenXR  : PostSessionStateChange: XR_SESSION_STATE_IDLE -> XR_SESSION_STATE_READY
12-31 11:04:50.462  2321  2455 I Deque   : AddEventToQueue called. eventInfo.type: 18, eventInfo.next: 1
12-31 11:04:50.462  2321  2455 I [SEO] VrPlatformOpenXr: xrPollEvent: received XR_TYPE_EVENT_DATA_SESSION_STATE_CHANGED: 2 for session 0x200000000000002 at time 106553.521357
12-31 11:04:50.462  2321  2455 I [SEO] VrPlatformOpenXr: Session state changed XR_SESSION_STATE_READY
12-31 11:04:50.462  2321  2321 I [SEO] VrNotificationListenerService: onNotificationRemoved() - key = 0|android|0|com.android.server.wm.AlertWindowNotification - com.oculus.vrshell|1000, type = unspecified
12-31 11:04:50.462  2321  2321 D VrNotificationAnalytics: logNotificationRemoved(unspecified)
12-31 11:04:50.463  9166  9166 D [SUI] NotificationBroadcastReceiver: action: com.oculus.intent.action.NOTIF_CHANGE
12-31 11:04:50.468   952  9805 I Tracking: TrackedMapContext: Stop tracking map with ID Submap id = 2, version = 1596937695 at index: 2 in contexts: 3
12-31 11:04:50.468   952  9805 I Tracking: TrackedMapContext: Stop tracking map with ID Submap id = 0, version = 1854313753 at index: 1 in contexts: 2
12-31 11:04:50.472  2321  2455 I [SEO] VrPlatformOpenXr: EndSession passed message polling. count:1  count<maxRetryCount:1  sessionState:2
12-31 11:04:50.472  2321  2455 I [SEO] VrPlatformOpenXr: EndSession end
12-31 11:04:50.477 10183 10210 V xrstreaming:   APP_CMD_GAINED_FOCUS
12-31 11:04:50.477 10183 10210 V xrstreaming:   VR Mode state change (Can render=1, has VR mode=0)
12-31 11:04:50.477 10183 10210 D xrstreaming: <!--app::Streaming:  Entering VR Mode>
12-31 11:04:50.477 10183 10210 I VrApi   : ---------- vrapi_EnterVrMode [start] ----------
12-31 11:04:50.478 10183 10210 I VrRuntimeClient: Tracing is disabled
12-31 11:04:50.478 10183 10210 I VrRuntimeClient: SysProp debug mode is disabled on Client side
12-31 11:04:50.478 10183 10210 I DRR     : Discrete Render Rotation is disabled
12-31 11:04:50.479  2732  2732 I ClientMgr: FocusedWindowChanged: uid = 10044 pid = 10183
12-31 11:04:50.479  2732  2732 I ClientMgr: FocusedClient changed.
12-31 11:04:50.479  2732  2732 W ClientMgr: ClientMgr::SetFocusedClient: No focused client
12-31 11:04:50.479  2732  2732 I ClientMgr: Releasing clocks.
12-31 11:04:50.479  2732  2732 I ClientMgr: SetFocusedPackageName - packageName  processName  clientId 0 clientPid 0
12-31 11:04:50.479  9166  9166 D [SUI] ActivityManagerUtilsHelper: onFocusedWindowChanged: Instance: com.oculus.common.activitymanager.ActivityManagerUtilsHelper@97d2a68, topWindowUid: 10044, focusedApp: com.oculus.xrstreamingclient, previousApp: com.oculus.vrshell
12-31 11:04:50.479  3125 22922 I GuardianFocusListener: [GuardianFocusListener::onTopActivityChanged] updated TopActivityChangeEvent - topActivityName: com.oculus.xrstreamingclient, immersiveAppPackageName: com.oculus.xrstreamingclient, isImmersiveAppTopActivity: true
12-31 11:04:50.479  9166  9166 D [SUI] AnytimeUIPanelApp: Received ActivityStateChanges - com.oculus.xrstreamingclient
12-31 11:04:50.479 10183 10210 I VrRuntimeClient: DEVICE MODEL NUMBER = Quest 2
12-31 11:04:50.479 10183 10210 I VrRuntimeClient: DEVICE BUILD NAME = SQ3A.220605.009.A1
12-31 11:04:50.479 10183 10210 I VrRuntimeClient: DEVICE BUILD TYPE = user
12-31 11:04:50.479 10183 10210 I VrRuntimeClient: DEVICE OS VERSION = 12
12-31 11:04:50.479 10183 10210 I VrRuntimeClient: API LOADER VERSION = 1.49.0
12-31 11:04:50.479 10183 10210 I VrRuntimeClient: RUNTIME API VERSION = 1.76.0
12-31 11:04:50.479 10183 10210 I VrRuntimeClient: RUNTIME VERSION = 59.0.0.172.706 Nov  6 2023 00:25:46 RELEASE
12-31 11:04:50.479 10183 10210 I VrRuntimeClient: APP NAME = Quest Link
12-31 11:04:50.479 10183 10210 I VrRuntimeClient: APP VERSION = 59.0.0.171.706 versionCode 535761612 internalVersionName 59.0.0.171.706.b4ff053577e1 2023_11_09_16_20
12-31 11:04:50.479 10183 10210 I VrRuntimeClient: APP VR TYPE = vr_only
12-31 11:04:50.479 10183 10210 I VrRuntimeClient: APP MODE TYPE = VR
12-31 11:04:50.479 10183 10210 I VrRuntimeClient: APP PACKAGE NAME = com.oculus.xrstreamingclient
12-31 11:04:50.479 10183 10210 I VrRuntimeClient: APP ACTIVITY CLASS = com.oculus.xrstreamingclient.MainActivity
12-31 11:04:50.479 10183 10210 I Sensor  : OSSDKTRACKING Initializing head tracking
12-31 11:04:50.479 10183 10210 I Sensor  : OSSDKTRACKING Head tracker != nullpointer 0x7dc700ac78, 1
12-31 11:04:50.479 10183 10210 I Sensor  : OSSDKTRACKING Initializing controller tracking
12-31 11:04:50.479 10183 10210 I Sensor  : OSSDKTRACKING Controller tracker != nullpointer 0x7dc71b7590, 1
12-31 11:04:50.480  9166  9914 D NotificationsBadgeLiveData: MessageBadgeData, pullAndCheckNotifs, old data source notif count: 1, messaging count: 0
12-31 11:04:50.482  2710  2710 D KeyboardInputMethodService: onFinishInput
12-31 11:04:50.482  2321  2455 I [SEO] ShellAppBase: LeaveVrMode - FlushFrameAnalyticsIfReady
12-31 11:04:50.482  2321  2455 I [SEO] ShellFrameAnalytics: ShellFrame frameFunction: 851534us/2412198us, trace: 0us/1us, process commands: 16214us/20002us, system update: 1877us/18988us, render 854us/921us, post render 0us/0us, input processing 5064us/14207us, input dispatch 17195us/18950us, stale frames: 8, refresh rate: 90
12-31 11:04:50.483  2321  2455 I [SEO] ShellFrameAnalytics: Shell Heartbeat focusedPanelTimeSpent: {"0":144} visibleTimeSpent: {"641":144,"646":144,"650":144} inputTimeSpent: {"0":"{\"focus_controller\":144}","641":"{\"visible_controller\":144}","646":"{\"visible_controller\":144}","650":"{\"visible_controller\":144}"} inputClickCount: {} mouseMoveTimeSpent: 0 mouseScrollTimeSpent: 0 physicalKeyboardConnectedTimeSpent: 0 physicalKeyboardTrackedTimeSpent: 0 quickActionsMenuActivations: 0 quickActionsMenuTimeSpent: 0 quickActionsMenuSessionLengths: [] quickActionsMenuSelections: {} handTrackingOptIn: 0 handTrackingAutoTransition: 1 directTouchOptIn: 1
12-31 11:04:50.483  2321  2455 I [SEO] ShellAppBase: LeaveVrMode - SystemUXController Reset
12-31 11:04:50.483  2321  2455 I [SEO] ShellAppBase: LeaveVrMode - Resetting Input Focus
12-31 11:04:50.483  2321  2455 D [SEO] ShellApplication: setOverlayInputFocus: inputFocus=false
12-31 11:04:50.483  2321  2455 D [SEO] BaseOverlayService: setOverlayInputFocus : entrypoint - inputFocus=false
12-31 11:04:50.483  9166  9166 D [SUI] ActivityManagerUtilsHelper: onFocusedWindowChanged: Instance: com.oculus.common.activitymanager.ActivityManagerUtilsHelper@51907c5, topWindowUid: 10044, focusedApp: com.oculus.xrstreamingclient, previousApp: com.oculus.vrshell
12-31 11:04:50.483  2321  2455 I [SEO] SystemAssistant: OnModeChanged requested with no change ImmersiveAppFocused
12-31 11:04:50.483  9166  9166 D [SUI] AnytimeUIPanelApp: Received ActivityStateChanges - com.oculus.xrstreamingclient
12-31 11:04:50.483  2321  2455 D [SEO] ShellApplication: notify OS to set com.oculus.vrshell/com.oculus.vrshell.ShellEnvOverlayService to BACKGROUND
12-31 11:04:50.483  9166  9166 V [SUI] BarView: Notifs badge count: 1, Messenger badge count 0
12-31 11:04:50.483  1151  7627 D ActivityManager: Is background playback GK enabled: false Is background playback enabled for all apps: false
12-31 11:04:50.484  2321  2455 I [SEO] ShellAppBase: Immersive Activity Changed to: com.oculus.xrstreamingclient
12-31 11:04:50.484  2321  2455 I [SEO] PanelAppHost: PanelAppHost destructor, panel 646 (com.oculus.systemux/com.oculus.panelapp.anytimeui.AnytimeUIPanelService)
12-31 11:04:50.484  2321  2455 I [SEO] PanelAppHost: Panel app 646 (com.oculus.systemux/com.oculus.panelapp.anytimeui.AnytimeUIPanelService) changing state from foreground to shutdown
12-31 11:04:50.484  2321  2455 D [SEO] ShellApplication: Unbinding service for panel app id 646
12-31 11:04:50.484  1682  1682 D OculusNotificationListenerService: Notification removed: 0|android|0|com.android.server.wm.AlertWindowNotification - com.oculus.vrshell|1000
12-31 11:04:50.485  9166  9166 V [SUI] BarView: Notifs badge count: 1, Messenger badge count 0
12-31 11:04:50.485  9166  9166 I PanelService: VR Shell socket closed(ECONNRESET); shutting down fd: 68
12-31 11:04:50.485  9166  9166 I PanelService: Quitting application via hardExit flag. Shutting down fd 68.
12-31 11:04:50.485  9166  9645 D NotificationsBadgeLiveData: MessageBadgeData, pullAndCheckNotifs, old data source notif count: 1, messaging count: 0
12-31 11:04:50.486  9166  9166 V LifecycleAwareViewModelStore: LifecycleAwareViewModelStore destroyed
12-31 11:04:50.486  9166  9166 V LifecycleAwarePanelApp: PanelApp lifecycle moved to final state: DESTROYED
12-31 11:04:50.486  9166  9166 I AndroidPanelApp: Destroyed
12-31 11:04:50.486  9166  9166 D [SUI] GraphQLExecutor: Destroying
12-31 11:04:50.486  9166  9166 D [SUI] PanelAppBase: Releasing viewModel StatusViewModel refCount: 1
12-31 11:04:50.486  9166  9166 D [SUI] AirlinkUtils: Destroying AirlinkUtils...
12-31 11:04:50.486  2321  2455 I [SEO] DialogController: Reset resetReason:5
12-31 11:04:50.488  9166  9166 I PresenceAPK(ServicePresenceClient): ServicePresenceClient close
12-31 11:04:50.488  9166  9166 I PresenceAPK(GroupManager): removeListener with id AnchoredHomeGroup
12-31 11:04:50.488  9166  9166 I PresenceAPK(ServiceApiManager): onApiNotReady
12-31 11:04:50.488  9166  9166 D PresenceAPK(ServicePresenceClient): Calling onServiceDown
12-31 11:04:50.488  9166  9166 I PresenceAPK(GroupManager): disconnected
12-31 11:04:50.490  3209  5295 I MRSVC   : MIXEDREALITY: MrServiceController: VrFocusManager::Top Activity Changed, topActivity now is: 'com.oculus.xrstreamingclient', immersiveApp now is: ''.
12-31 11:04:50.490  3209  5295 I MRSVC   : MIXEDREALITY: MrServiceController: VrFocusManager::Top Activity Changed, topActivity now is: 'com.oculus.xrstreamingclient', immersiveApp now is: 'com.oculus.xrstreamingclient'.
12-31 11:04:50.491  3209  5295 I MRSVC   : MIXEDREALITY: MrServiceController: VrFocusManager::Top Activity Changed, topActivity now is: 'com.oculus.xrstreamingclient', immersiveApp now is: 'com.oculus.xrstreamingclient'.
12-31 11:04:50.491  3209  5295 I MRSVC   : MIXEDREALITY: MrServiceController: VrFocusManager::Top Activity Changed, topActivity now is: 'com.oculus.xrstreamingclient', immersiveApp now is: 'com.oculus.xrstreamingclient'.
12-31 11:04:50.494  3233  3233 V MetaCam (ForegroundAppChecker): Current foreground package is com.oculus.xrstreamingclient.
12-31 11:04:50.494 10183 10210 I DeviceStatus: nativeHeadsetEvent(0)
12-31 11:04:50.494  3233  3233 D FileCapture: Async on app switch
12-31 11:04:50.494  3233  3233 D MetaCam (ScreenshotSessionManager): current package is com.oculus.xrstreamingclient
12-31 11:04:50.495  3233  8815 D MetaCam (MediaCapabilityChecker): checkMediaHasRecordingCapabilities packageName: com.oculus.xrstreamingclient
12-31 11:04:50.495 10183 10210 I VrRuntimeClient: SetCompositorClientFeatureFlag ClientFeatureFlag 0 
12-31 11:04:50.495 10183 10210 I FaceEyeTrackingManagerHelpers: [FaceEyeTrackingManager] Audio FT GK: 0
12-31 11:04:50.495 10183 10210 I LogTimer: CPUTIME: VrRuntimeClient_BeginSession took 16.7433 ms
12-31 11:04:50.495  9166  9166 D [SUI] PanelAppBase: Releasing viewModel DynamicAppsViewModel refCount: 1
12-31 11:04:50.495  9166  9166 D [SUI] BarView: Destroying BarView
12-31 11:04:50.495  9166  9166 D [SUI] SocialViewModel: removeObserver(): SystemStatusView$$ExternalSyntheticLambda9
12-31 11:04:50.495  9166  9166 D [SUI] PanelAppBase: Releasing viewModel SocialViewModel refCount: 0
12-31 11:04:50.495  9166  9166 D [SUI] SocialViewModel: Destroying ViewModel
12-31 11:04:50.495  9166  9166 D [SUI] PanelAppBase: Releasing viewModel SystemStatusViewModel refCount: 0
12-31 11:04:50.495  9166  9166 D [SUI] StatusViewModel: Destroying ViewModel
12-31 11:04:50.496   959  1029 E VrDeviceManagerService: Permission denied: process 10183 (uid 10044) doesn't have the required permission: com.oculus.permission.SET_VR_DEVICE_PARAMS
12-31 11:04:50.496   959  1029 E VrDeviceManagerService: Permission denied: process 10183 (uid 10044) doesn't have the required permission: com.oculus.permission.READ_VR_DEVICE_PARAMS
12-31 11:04:50.496   959  1029 W VrDeviceManagerService: getDeviceProperty: Ignoring com.oculus.permission.SET_VR_DEVICE_PARAMS/com.oculus.permission.READ_VR_DEVICE_PARAMS permission!
12-31 11:04:50.496 10183 10210 I ClientInputSettings: HANDTRACKING: enabled input settings, setting hand mode control settings to ControllersOnly
12-31 11:04:50.496 10183 10210 I ClientInputInterface: DEADRECKONING SetControllerTrackingExtendedDeadreckoning 0
12-31 11:04:50.496  9166  9166 D [SUI] DynamicAppsView: Destroying DynamicAppsView on AUI bar
12-31 11:04:50.496  2732 10258 I VrRuntimeService: RuntimeServiceSDKServer::SetControllerTrackingExtendedDeadreckoning: 3140006733
12-31 11:04:50.497 10183 10210 I ClientInputSettings: HANDTRACKING package name is com.oculus.xrstreamingclient
12-31 11:04:50.497 10183 10210 I ClientInputSettings: HANDTRACKING: Manifest Permission request for com.oculus.xrstreamingclient
12-31 11:04:50.497 10183 10210 I ClientInputSettings: HANDTRACKING:  'com.oculus.xrstreamingclient' Is hands or controller.
12-31 11:04:50.497 10183 10210 I ClientInputSettings: HANDTRACKING: feature flag set to 2
12-31 11:04:50.497 10183 10210 I ClientInputInterface: HANDTRACKING sethandmanifest 2
12-31 11:04:50.497 10183 10210 I InputHooks_Internal: Enabling Native Input Hooks
12-31 11:04:50.497 10183 10210 I InputDeviceManager: ovrInputDeviceManager::Initialize
12-31 11:04:50.497 10183 10210 I HandPoseSampler: Setting samplerconfig enum 0
12-31 11:04:50.497 10183 10210 I HandPoseSampler: Setting samplerconfig enum 0
12-31 11:04:50.497 10183 10210 I HandPoseSampler: Setting samplerconfig enum 0
12-31 11:04:50.497 10183 10210 I HandPoseSampler: Setting samplerconfig enum 0
12-31 11:04:50.497 10183 10210 I HandPoseSampler: Setting samplerconfig enum 0
12-31 11:04:50.497 10183 10210 I InputDevice_Hand: BodyPoweredHands checkSysPropForBodyAPIOverride 0
12-31 11:04:50.497 10183 10210 I HandPoseSampler: Setting samplerconfig enum 0
12-31 11:04:50.497 10183 10210 I InputDevice_Hand: BodyPoweredHands checkSysPropForBodyAPIOverride 0
12-31 11:04:50.497 10183 10210 I Distortion: Initializing Mesh Decenter Correction
12-31 11:04:50.498   924 12456 I CalibrationStore: loading calibration file: calibration/display/screen_offset.json
12-31 11:04:50.499 10183 10210 I Distortion: SetLensPositions - iad=0.0629361, left offset=-9.24766e-05,-0.00144994, right offset=0.000372306,-0.00144805
12-31 11:04:50.499 10183 10210 I Distortion: Initializing Mesh Decenter Correction
12-31 11:04:50.499   924  2905 I CalibrationStore: loading calibration file: calibration/display/screen_offset.json
12-31 11:04:50.499 10183 10210 I Distortion: SetLensPositions - iad=0.0629361, left offset=-9.24766e-05,-0.00144994, right offset=0.000372306,-0.00144805
12-31 11:04:50.500 10183 10210 I VrApi   : ovrModeParms::VRAPI_MODE_FLAG_RESET_WINDOW_FULLSCREEN = 0
12-31 11:04:50.500 10183 10210 I VrApi   : ovrModeParms::VRAPI_MODE_FLAG_NATIVE_WINDOW = 1
12-31 11:04:50.500 10183 10210 I VrApi   : ovrModeParms::VRAPI_MODE_FLAG_FRONT_BUFFER_SRGB = 0
12-31 11:04:50.500 10183 10210 I VrApi   : ovrModeParms::VRAPI_MODE_FLAG_PHASE_SYNC = 0
12-31 11:04:50.500 10183 10210 I VrApi   : ovrModeParms::VRAPI_MODE_FLAG_APP_SPACE_WARP = 0
12-31 11:04:50.500 10183 10210 I VrRuntimeClient: SetPhaseSyncMode 0
12-31 11:04:50.500 10183 10210 I VrApi   : PhaseSync disabled
12-31 11:04:50.500 10183 10210 I VrApi   : HMD sensor attached.
12-31 11:04:50.500  9166  9166 D [SUI] MessengerCallViewModel: removeObserver
12-31 11:04:50.500  9166  9166 D [SUI] PanelAppBase: Releasing viewModel ActiveCallBarViewModel refCount: 0
12-31 11:04:50.500  9166  9166 I PresenceAPK(ServicePresenceClient): ServicePresenceClient close
12-31 11:04:50.500  9166  9166 I PresenceAPK(GroupManager): removeListener with id SystemCallGroup
12-31 11:04:50.500  9166  9166 I PresenceAPK(ServiceApiManager): onApiNotReady
12-31 11:04:50.500  9166  9166 D PresenceAPK(ServicePresenceClient): Calling onServiceDown
12-31 11:04:50.500  9166  9166 I PresenceAPK(GroupManager): disconnected
12-31 11:04:50.502  8519  8638 W OVRLibrary: null cursor received for query content://com.oculus.ocms.library/apps/com.oculus.xrstreamingclient
12-31 11:04:50.502  9166  9166 D [SUI] MessengerCallViewModel: removeObserver
12-31 11:04:50.503  9166  9166 D [SUI] PanelAppBase: Releasing viewModel MessengerCallViewModel refCount: 0
12-31 11:04:50.503  9166  9166 D [SUI] MessengerCallViewModel: released hyperspace client
12-31 11:04:50.503  9166  9166 D [SUI] MessengerCallViewModel: destroyed MessengerCallViewModel
12-31 11:04:50.503  9166  9166 D [SUI] MessengerCallBarViewModel: destroyed MessengerCallBarViewModel
12-31 11:04:50.503  9166  9166 D [SUI] AndroidCallBarViewModel: destroyed MessengerCallBarViewModel
12-31 11:04:50.503  9166  9166 D [SUI] PanelAppBase: Releasing viewModel DynamicAppsViewModel refCount: 0
12-31 11:04:50.503  9166  9166 D [SUI] DynamicAppsViewModel: Destroying DynamicAppsViewModel
12-31 11:04:50.503  9166  9166 D [SUI] PanelAppBase: Releasing viewModel BarViewModel refCount: 0
12-31 11:04:50.503  9166  9166 D [SUI] BarViewModel: Destroying BarViewModel
12-31 11:04:50.503  9166  9166 D [SUI] PanelAppBase: Releasing viewModel StatusViewModel refCount: 0
12-31 11:04:50.503  9166  9166 D [SUI] StatusViewModel: Destroying ViewModel
12-31 11:04:50.503  2732 10258 I VrRuntimeService: RuntimeServiceSDKServer::EnableRendering: 0x7ceade70d0, 2, com.oculus.xrstreamingclient
12-31 11:04:50.503  2732 10258 I ClientMgr: EnableRendering2: Calling SetFocusedClient: 3140006733
12-31 11:04:50.503  2732 10258 I ClientMgr: FocusedClient changed.
12-31 11:04:50.503  2732 10258 I ClientMgr: ClientMgr::SetFocusedClient: 10183:com.oculus.xrstreamingclient type 0
12-31 11:04:50.503  2732 10258 I ClientMgr: SetFocusedPackageName - packageName com.oculus.xrstreamingclient processName com.oculus.xrstreamingclient clientId 3140006733 clientPid 10183
12-31 11:04:50.503  2732 10258 I ServiceInputManager: ServiceInputManager::SetFocusedPackageName 'com.oculus.xrstreamingclient'
12-31 11:04:50.503  3125  3125 I VrGuardianService: nativeSetCurrentUser userid = 0
12-31 11:04:50.503  2732 10258 I VrRuntimeService: RuntimeIPC: SendFocusChangeEventToAllClients: PostClientEvent SUCCESS: com.oculus.xrstreamingclient:com.oculus.xrstreamingclient:10183, com.oculus.xrstreamingclient, com.oculus.xrstreamingclient
12-31 11:04:50.503  3125  3125 I GuardianSystem: [GuardianSystem::SetCurrentUser] User ID from 0 to 0
12-31 11:04:50.503  2732 10258 I VrRuntimeService: RuntimeIPC: SendFocusChangeEventToAllClients: PostClientEvent SUCCESS: com.oculus.guardian:com.oculus.vrguardianservice:3125, com.oculus.xrstreamingclient, com.oculus.xrstreamingclient
12-31 11:04:50.503  2732 10258 W REFLECT [RUNTIMEIPC]: ipc_PostClientEvent FAILED: FocusChangeEvent
12-31 11:04:50.503  2732 10258 W VrRuntimeService: RuntimeIPC: SendFocusChangeEventToAllClients: PostClientEvent FAILED: com.oculus.shellenv:com.oculus.shellenv:2144, com.oculus.xrstreamingclient, com.oculus.xrstreamingclient
12-31 11:04:50.503  2732 10258 I VrRuntimeService: RuntimeIPC: SendFocusChangeEventToAllClients: PostClientEvent SUCCESS: com.oculus.vrshell:com.oculus.vrshell:Overlay:2710, com.oculus.xrstreamingclient, com.oculus.xrstreamingclient
12-31 11:04:50.503  2732 10258 W REFLECT [RUNTIMEIPC]: ipc_PostClientEvent FAILED: FocusChangeEvent
12-31 11:04:50.503  2732 10258 W VrRuntimeService: RuntimeIPC: SendFocusChangeEventToAllClients: PostClientEvent FAILED: com.oculus.mrservice:com.oculus.mrservice:3209, com.oculus.xrstreamingclient, com.oculus.xrstreamingclient
12-31 11:04:50.503  2732 10258 I VrRuntimeService: RuntimeIPC: SendFocusChangeEventToAllClients: PostClientEvent SUCCESS: com.oculus.vrshell:com.oculus.vrshell:2321, com.oculus.xrstreamingclient, com.oculus.xrstreamingclient
12-31 11:04:50.504  2732 10258 I ClientMgr: ClientMgr::EnableRendering 10183:com.oculus.xrstreamingclient : type 0 comp-id 101: enable
12-31 11:04:50.504  9166  9166 I [SUI] AnytimeUIPanelApp: Destroyed AUI PanelApp, isInOverlay: true, instanceCount: 1
12-31 11:04:50.504  2732 10258 I CompositorVR: CheckDebuggerConnected: debugger 0
12-31 11:04:50.504  2732 10258 I VrRuntimeServer: SysProp debug mode is disabled on Server side
12-31 11:04:50.504  8519  8637 W OVRLibrary: null cursor received for query content://com.oculus.ocms.library/apps/com.oculus.xrstreamingclient
12-31 11:04:50.505  8519  8637 E OVRMediaServiceManager: LivestreamingManager Not initialized
12-31 11:04:50.505  2732 10258 I UnifiedTelemetryWrapper: Started UT session render:com.oculus.xrstreamingclient
12-31 11:04:50.507  2732 10258 I VrRuntimeService: GetSpecialSwapChain: 3140006733
12-31 11:04:50.507 10183 10210 I VrApi   : Creating Default swapchain
12-31 11:04:50.507  2732 10258 I VrRuntimeService: GetSpecialSwapChain: 3140006733
12-31 11:04:50.507  2732  3056 I ClientMgr: Non-overlay clients rendering status has changed: prev=1358, curr=1359, enabled=1
12-31 11:04:50.507  2732  3056 I ClientMgr: Primary Client is not valid.
12-31 11:04:50.507  2732  3056 I ClientMgr: Primary client determined to be the current enabled client -1154960563
12-31 11:04:50.507  2732  3056 I ClientMgr: ClientMgr::SetPrimaryCompositorClient: 10183:com.oculus.xrstreamingclient
12-31 11:04:50.507  1151 24313 W InputManager-JNI: Input channel object '65e1cf com.oculus.systemux (client)' was disposed without first being removed with the input manager!
12-31 11:04:50.507  8519  8636 I OVRMediaService: onStartCommand Received message type: set_package_name, caller package: no_app_identity, app identify: null
12-31 11:04:50.507  8519  8636 I OVRMediaService: Got package name intent (com.oculus.xrstreamingclient)
12-31 11:04:50.508  2732  3056 W ClientMgr: ClientMgr::GetClientPermissionFlagsById: Client missing proper permissions: com.oculus.xrstreamingclient, 2
12-31 11:04:50.508  2732  3056 I CompositorClientMgr: Enable client 101
12-31 11:04:50.508  2732  3056 I VrRuntimeServer: EnableCompositorClient client(101): layer placement(128) flags(1) sm(0x7dbdd9e010)
12-31 11:04:50.508  2732  3056 I ClientMgr: SetPrimaryPackageName - packageName com.oculus.xrstreamingclient processName com.oculus.xrstreamingclient clientId 3140006733 clientPid 10183
12-31 11:04:50.508  2732  3056 I ServiceInputManager: ServiceInputManager::SetPrimaryPackageName 'com.oculus.xrstreamingclient' 'com.oculus.xrstreamingclient'  updated AnytimeUI processname 1
12-31 11:04:50.508  2732  3056 I UnifiedTelemetryWrapper: Setting destination as com.oculus.xrstreamingclient
12-31 11:04:50.509  2732  3056 I AADT    : SetAADTLutDataX: 0
12-31 11:04:50.509  2732  3056 I AADT    : SetAADTLutDataY: 0
12-31 11:04:50.509 10183 10210 I VrApi   : Creating Loading Icon swapchain
12-31 11:04:50.509 10183 10210 I VrApi   : OVR::Stats thread started
12-31 11:04:50.509 10183 10210 I XrRuntimeUtils: XrRuntimeUtils::CreateSession
12-31 11:04:50.509  2732  3056 I PerformanceManager_ZSF: SetClockLevels: Force releasing clocks
12-31 11:04:50.509  2732  3056 I PerformanceManager_ZSF: perfmgr: SetClockLevels: Apply pending clock request change: 5,4 -> -1,-1
12-31 11:04:50.509   952  1134 W TrackingService: attachClient: found client in attached list
12-31 11:04:50.510  1151  7633 I DisplayDeviceRepository: Display device removed: DisplayDeviceInfo{"com.oculus.android_panel_app.AndroidPanelLayer-#main": uniqueId="virtual:com.oculus.systemux,10037,com.oculus.android_panel_app.AndroidPanelLayer-#main,0", 1000 x 80, modeId 1722, defaultModeId 1722, supportedModes [{id=1722, width=1000, height=80, fps=60.0, alternativeRefreshRates=[]}], colorMode 0, supportedColorModes [0], hdrCapabilities null, allmSupported false, gameContentTypeSupported false, density 200, 200.0 x 200.0 dpi, appVsyncOff 0, presDeadline 16666666, touch NONE, rotation 0, type VIRTUAL, deviceProductInfo null, state ON, owner com.oculus.systemux (uid 10037), frameRateOverride , brightnessMinimum 0.0, brightnessMaximum 0.0, brightnessDefault 0.0, FLAG_PRIVATE, FLAG_NEVER_BLANK, FLAG_OWN_CONTENT_ONLY}
12-31 11:04:50.510  2732  3051 I Clocks  : ReleaseClocks - start
12-31 11:04:50.510  1151  7633 I LogicalDisplayMapper: Removing display: 1045
12-31 11:04:50.510  2732  3056 I KeyboardTrackingServer_Impl: TRACKEDKEYBOARD SetFeatureEnable 0
12-31 11:04:50.510  2732  3056 I KeyboardTrackingServer_Impl: TRACKEDKEYBOARD DisableKeyboardTracking changedTime = 106554
12-31 11:04:50.510  2732  3056 I InsideOutBodyTrackingServerManager: perf: Setting iobt status 1 and fidelity 2
12-31 11:04:50.511   952  1134 D TrackingService: getSharedMemory: com.oculus.xrstreamingclient, Controller
12-31 11:04:50.511  2732  3056 I VrRuntimeServer: UpdateCompositorClientApertureMask client(101)
12-31 11:04:50.511  2732  3056 I VrRuntimeServer: UpdateCompositorClientLayerPlacement client(101): layer placement(128)
12-31 11:04:50.511  2732  3056 I VrRuntimeServer: UpdateCompositorClientApertureMask client(5)
12-31 11:04:50.511  2732  3056 I VrRuntimeServer: UpdateCompositorClientLayerPlacement client(5): layer placement(4294967293)
12-31 11:04:50.511  2732  3056 I VrRuntimeServer: UpdateCompositorClientApertureMask client(4)
12-31 11:04:50.511  2732  3056 I VrRuntimeServer: UpdateCompositorClientLayerPlacement client(4): layer placement(129)
12-31 11:04:50.511 10183 10210 I InputDevice_TrackedRemote: REMOTE: Hand=1 IndexAnalog=0.00 GripAnalog=0.00 Buttons=0x00000000
12-31 11:04:50.511 10183 10210 I InputDevice_TrackedRemote: REMOTE: Hand=2 IndexAnalog=0.00 GripAnalog=0.00 Buttons=0x00000000
12-31 11:04:50.511 10183 10210 I InputDeviceManager: HANDTRACKING Pointer filter profile changed to: 0
12-31 11:04:50.511 10183 10210 I InputDeviceManager: HANDTRACKING Pointer filter profile changed to: 0
12-31 11:04:50.511 10183 10210 I InputDeviceManager: HANDTRACKING Root pose filter profile changed for freq to 5 from 0  inf: 1
12-31 11:04:50.511 10183 10210 I HandPoseSampler: Setting samplerconfig enum 5
12-31 11:04:50.511 10183 10210 I HandPoseSampler: Setting samplerconfig enum 5
12-31 11:04:50.511 10183 10210 I VrApi   : Initial BaseVsync 1010 
12-31 11:04:50.511 10183 10210 I XrRuntimeUtils: XrRuntimeUtils::BeginSession
12-31 11:04:50.511 10183 10210 I XrRuntimeSystem_Client: BeginSession
12-31 11:04:50.511 10183 10210 I VrApi   : ---------- vrapi_EnterVrMode [end] ----------
12-31 11:04:50.511 10183 10210 D xrstreaming:       vrapi_EnterVrMode()
12-31 11:04:50.511 10183 10210 I xrstreaming:     vrapi_SetDisplayRefreshRate(72)
12-31 11:04:50.511 10183 10210 D xrstreaming:     vrapi_SetClockLevels(3, 4)
12-31 11:04:50.511 10183 10210 D xrstreaming:     vrapi_SetPerfThread(MAIN, 10210)
12-31 11:04:50.511 10183 10210 I xrstreaming: AudioPlayer::start()
12-31 11:04:50.511 10183 10210 I xrstreaming: AudioPlayer: start()
12-31 11:04:50.512  2732  3051 I Clocks  : ReleaseClocks - end (1.9 ms)
12-31 11:04:50.512   905 27598 D TelemetryService: setDestination: com.oculus.xrstreamingclient
12-31 11:04:50.513 10183 10210 I xrstreaming: oculus_pc_xrs_audio_player_start
12-31 11:04:50.513 10183 10419 I JniUtils: ovr_GetCurrentPackageSignature 
12-31 11:04:50.514 10183 10419 I Metrics : device name = Oculus Quest 2
12-31 11:04:50.514  1151  1257 I InputDispatcher: Erasing monitor PointerEventDispatcher1045 (server) on display 1045, pid=1151
12-31 11:04:50.514  2732  9833 I CompositorUtil: SetSchedFifo( tid=10210, pol=2, pri=0 ) succeeded
12-31 11:04:50.514   959  5778 E VrDeviceManagerService: Error set scheduler for process 2732 thread 10400 to 2 : No such process (3)
12-31 11:04:50.514  2732  9833 I CompositorUtil: SetSchedFifo( tid=10400, pol=2, pri=0 ) succeeded
12-31 11:04:50.514  2732  9833 I AADT    : SetAADTLutDataX. Thread. SizeX: 0
12-31 11:04:50.514  2732  9833 I AADT    : SetAADTLutDataY. Thread. SizeY: 0
12-31 11:04:50.515  3125  3169 I GuardianSystem: [GuardianSystem::InitializeRuntimeEventHandlers] runtimeServiceSDKClient_.ForceShowGuardianEvent
12-31 11:04:50.515  3125  3169 I GuardianSystem: ForceShowGuardian: false, 0.00
12-31 11:04:50.520   777  9722 I EffectsFactory: EffectCreate() create_effect
12-31 11:04:50.520 10183 10319 D xrstreaming_v2: receive pong: org 106552681211070 recv 8316277470000 xmt 8317175640600 (received at 106553579582632), offset divergence 98236403802526
12-31 11:04:50.520 10183 10319 D xrstreaming_v2: new clock offset=-98236403841551 (rtt: 200962, dispersion: 1073741823500000103, jitter: 50)
12-31 11:04:50.520 10183 10319 D xrstreaming_v2: receive ping: org 0 recv 0 xmt 8317175702500 (received at 106553579803466), offset divergence -39025
12-31 11:04:50.521  2732  3056 I KeyboardTrackingServer_Impl: TRACKEDKEYBOARD UpdateInputStateFromFocusedClientMemory different delta times 106554 0 clientId 0xbb28b34d
12-31 11:04:50.521  2732  3056 I KeyboardTrackingServer_Impl: TRACKEDKEYBOARD this client doesn't have keyboard tracking enabled
12-31 11:04:50.521  2732  3056 I KeyboardTrackingServer_Impl: TRACKEDKEYBOARD   'type: FFFFFFFFFFFFFFFF id: FFFFFFFFFFFFFFFF'  -  'type: FFFFFFFFFFFFFFFF id: FFFFFFFFFFFFFFFF'
12-31 11:04:50.521  2732  3056 I KeyboardTrackingServer_Impl: TRACKEDKEYBOARD verify match after copy
12-31 11:04:50.521  2732  3056 I KeyboardTrackingServer_Impl: TRACKEDKEYBOARD   'type: FFFFFFFFFFFFFFFF id: FFFFFFFFFFFFFFFF'  -  'type: FFFFFFFFFFFFFFFF id: FFFFFFFFFFFFFFFF'
12-31 11:04:50.521  2732  3056 I PerformanceManager_ZSF: perfmgr: SetClockLevels: Apply pending clock request change: -1,-1 -> 3,4
12-31 11:04:50.522  2732  3051 I Clocks  : LockClocks( cpu=3, gpu=4 ) - start
12-31 11:04:50.522 10183 10421 I RuntimeIPCLinkThread [RUNTIMEIPC]: RuntimeIPCLinkThread: RIPC_MSG_ENSURE_SERVICE_STARTED: com.oculus.systemdriver:com.oculus.vrruntimeservice.VrRuntimeService, ClientId: 778803188
12-31 11:04:50.523 10183 10422 I RuntimeIPCLinkThread [RUNTIMEIPC]: RuntimeIPCLinkThread: RIPC_MSG_CONNECT_TO_REMOTE_SERVER: com.oculus.systemdriver:com.oculus.vrruntimeservice (RuntimeServiceServer), ServerId: 10, ClientId: 4026531850
12-31 11:04:50.523 10183 10422 I RuntimeIPCRemoteLinkClient [RUNTIMEIPC]: ConnectToServer: RemoteServerId: 10, RemoteClientId: 4026531850, Package: com.oculus.systemdriver, Process: com.oculus.vrruntimeservice, Server: RuntimeServiceServer, Control: 1
12-31 11:04:50.523 10183 10422 I RuntimeIPCClient [RUNTIMEIPC]: ConnectToServer: SUCCESS: Client: com.oculus.xrstreamingclient:com.oculus.xrstreamingclient:10183, Server: com.oculus.systemdriver:com.oculus.vrruntimeservice (RuntimeServiceServer)
12-31 11:04:50.523 10183 10422 I RuntimeIPCLinkThread [RUNTIMEIPC]: RuntimeIPCLinkThread: RIPC_MSG_CONNECT_TO_REMOTE_SERVER: com.oculus.systemdriver:com.oculus.vrruntimeservice (RuntimeServiceServer), ClientId: 4026531850 CONNECTED
12-31 11:04:50.523 10183 10422 I RuntimeIPCLinkThread [RUNTIMEIPC]: RuntimeIPCLinkThread: GetRemoteContextGroup for clientId 50331651 => num items on map: 0
12-31 11:04:50.523 10183 10422 I RuntimeIPCRemoteLinkClient [RUNTIMEIPC]: GetCustomServerData: ServerName: RuntimeServiceServer, InternalVersion: 5, InternalVersionPatch: 0, CustomVersion: 1, CustomVersionPatch: 0
12-31 11:04:50.524 10183 10422 I RuntimeIPCClient [RUNTIMEIPC]: SyncSharedStateWithServer: Client: com.oculus.xrstreamingclient:com.oculus.xrstreamingclient:10183, Server: com.oculus.systemdriver:com.oculus.vrruntimeservice (RuntimeServiceServer), 15
12-31 11:04:50.524 10183 10422 I RuntimeIPCRemoteLinkClient [RUNTIMEIPC]: GetSharedStateMemoryIds: MemoryIds: 50331651, 15
12-31 11:04:50.524  1151 24313 I RuntimeIpcHelperService: Going to start ComponentInfo{com.oculus.systemdriver/com.oculus.vrruntimeservice.VrRuntimeService} as foreground
12-31 11:04:50.527  2732  3051 I Clocks  : CPU levels [0, 8]
12-31 11:04:50.527  2732  3051 I Clocks  : GPU levels [0, 7]
12-31 11:04:50.527  2732  3051 I Clocks  : LockClocks( cpu=3, gpu=4 ) - end (5.2 ms)
12-31 11:04:50.530  8519  8636 W OVRLibrary: null cursor received for query content://com.oculus.ocms.library/apps/com.oculus.xrstreamingclient
12-31 11:04:50.530 10183 10422 I RuntimeIPCClient [RUNTIMEIPC]: SyncSharedStateWithServer: Client: com.oculus.xrstreamingclient:com.oculus.xrstreamingclient:10183, Server: com.oculus.systemdriver:com.oculus.vrruntimeservice (RuntimeServiceServer), 26
12-31 11:04:50.530 10183 10422 I RuntimeIPCRemoteLinkClient [RUNTIMEIPC]: GetSharedStateMemoryIds: MemoryIds: 50331651, 26
12-31 11:04:50.531 10183 10210 I xrstreaming: AudioRecorder: start()
12-31 11:04:50.531 10183 10210 I xrstreaming: oculus_pc_xrs_audio_recorder_start
12-31 11:04:50.531  8519  8636 E OVRMediaServiceManager: LivestreamingManager Not initialized
12-31 11:04:50.532  3233  8815 W OVRLibrary: null cursor received for query content://com.oculus.ocms.library/apps/com.oculus.xrstreamingclient
12-31 11:04:50.533   777  9722 D soundtrigger: audio_extn_sound_trigger_get_parameters input string<assistantStreamPackageName=>
12-31 11:04:50.533   777  9722 D soundtrigger: extract_sm_handle input string <assistantStreamPackageName=> param string <assistantStreamPackageName=>
12-31 11:04:50.536 10183 10319 D xrstreaming_v2: receive pong: org 106553582354403 recv 8317178690700 xmt 8317191498200 (received at 106553595404403), offset divergence -39025
12-31 11:04:50.536 10183 10319 D xrstreaming_v2: new clock offset=-98236403841551 (rtt: 242500, dispersion: 536870911500000391, jitter: 40020)
12-31 11:04:50.536 10183 10319 D xrstreaming_v2: receive ping: org 0 recv 0 xmt 8317191576200 (received at 106553595521382), offset divergence -39025
12-31 11:04:50.536 10183 10422 I RuntimeIPCLinkThread [RUNTIMEIPC]: RuntimeIPCLinkThread: RIPC_MSG_CONNECT_TO_REMOTE_SERVER: com.oculus.systemdriver:com.oculus.vrruntimeservice (RuntimeServiceServer), ServerId: 10, ClientId: 778803188
12-31 11:04:50.536 10183 10422 I RuntimeIPCRemoteLinkClient [RUNTIMEIPC]: ConnectToServer: RemoteServerId: 10, RemoteClientId: 778803188, Package: com.oculus.systemdriver, Process: com.oculus.vrruntimeservice, Server: RuntimeServiceServer, Control: 0
12-31 11:04:50.537 10183 10422 I RuntimeIPCClient [RUNTIMEIPC]: ConnectToServer: SUCCESS: Client: com.oculus.xrstreamingclient:com.oculus.xrstreamingclient:10183, Server: com.oculus.systemdriver:com.oculus.vrruntimeservice (RuntimeServiceServer)
12-31 11:04:50.537 10183 10422 I RuntimeIPCLinkThread [RUNTIMEIPC]: RuntimeIPCLinkThread: RIPC_MSG_CONNECT_TO_REMOTE_SERVER: com.oculus.systemdriver:com.oculus.vrruntimeservice (RuntimeServiceServer), ClientId: 778803188 CONNECTED
12-31 11:04:50.537 10183 10422 I RuntimeIPCLinkThread [RUNTIMEIPC]: RuntimeIPCLinkThread: GetRemoteContextGroup for clientId 67108867 => num items on map: 0
12-31 11:04:50.538   777  9722 D soundtrigger: audio_extn_sound_trigger_get_parameters input string<assistantStreamProcessName=>
12-31 11:04:50.538   777  9722 D soundtrigger: extract_sm_handle input string <assistantStreamProcessName=> param string <assistantStreamProcessName=>
12-31 11:04:50.541   777 28104 D audio_hw_primary: adev_create_audio_patch: enter: num sources 1, num_sinks 1, handle 0
12-31 11:04:50.541   777 28104 D audio_hw_primary: adev_create_audio_patch: Capture patch from device 80000004 to mix 1278
12-31 11:04:50.541   777 28104 D audio_hw_primary: update_patch: enter
12-31 11:04:50.541   777 28104 D audio_hw_primary: route_input_stream: exit: status(0)
12-31 11:04:50.541   777 28104 D audio_hw_primary: adev_create_audio_patch: Added a new patch with handle 422
12-31 11:04:50.543   777  9722 E device_utils: update_device_list: Invalid device: 0
12-31 11:04:50.544   777 10397 D audio_hw_primary: start_input_stream: enter: stream(0xf3eed000)usecase(23: audio-record)
12-31 11:04:50.545   777 10397 D audio_hw_primary: select_devices for use case (audio-record)
12-31 11:04:50.545   777 10397 I msm8974_platform: platform_check_and_set_capture_codec_backend_cfg:txbecf: afe: bitwidth 16, samplerate 24000, channel 1 format 1, backend_idx 8 usecase = 23 device (handset-mic-aec-ns)
12-31 11:04:50.545   777 10397 I msm8974_platform: platform_check_capture_codec_backend_cfg:txbecf: afe: Codec selected backend: 8 current bit width: 16 and sample rate: 24000, channels 1 format 1
12-31 11:04:50.545   777 10397 W msm8974_platform: platform_get_backend_index:napb: Invalid device - 0 
12-31 11:04:50.545   777 10397 I msm8974_platform: platform_check_capture_codec_backend_cfg:txbecf: afe: current backend bit_width 16 sample_rate 48000 channels 1, format 0
12-31 11:04:50.545   777 10397 I msm8974_platform: platform_check_capture_codec_backend_cfg:txbecf: afe: Codec backend needs to be updated. new bit width: 16 new sample rate: 24000 new channel: 1 new format: 1
12-31 11:04:50.545   777 10397 I msm8974_platform: platform_set_codec_backend_cfg:becf: afe: bitwidth 16, samplerate 24000 channels 1 format 1, backend_idx 8 device (handset-mic-aec-ns)
12-31 11:04:50.545   777 10397 E msm8974_platform: platform_set_codec_backend_cfg:becf: afe: Could not get ctl for mixer command - SLIM_0_TX SampleRate
12-31 11:04:50.545   777 10397 D audio_hw_primary: check_usecases_capture_codec_backend:becf: force routing 0
12-31 11:04:50.545   777 10397 D hardware_info: hw_info_append_hw_type : device_name = handset-mic-aec-ns
12-31 11:04:50.545   777 10397 D msm8974_platform: platform_split_snd_device: snd_device(153) num devices(0) new_snd_devices(0)
12-31 11:04:50.545   777 10397 D audio_hw_primary: enable_snd_device: snd_device(153: handset-mic-aec-ns)
12-31 11:04:50.545   777 10397 D msm8974_platform: platform_get_island_cfg_on_device:island cfg status on snd_device = (handset-mic-aec-ns 0)
12-31 11:04:50.545   777 10397 D audio_route: Apply path: handset-mic-aec-ns
12-31 11:04:50.549 10183 10335 D xrstreaming: OpenVsync: kona Soc - opening lineptr_event: /sys/class/drm/sde-crtc-0/lineptr_event
12-31 11:04:50.549 10183 10210 I ClientInputSettings: InhibitHandleHomeKeyFull = false
12-31 11:04:50.550 10183 10210 I ClientInputInterface: SetInhibitHandleHomeKeyFull 0 for process com.oculus.xrstreamingclient 10183
12-31 11:04:50.550 10183 10210 D xrstreaming:     vrapi_SetPropertyInt(VRAPI_INHIBIT_HANDLE_HOMEKEY_FULL, 0)
12-31 11:04:50.550 10183 10335 D xrstreaming: Starting with vsync 106553603254507
12-31 11:04:50.356     0     0 I cm710x 1-002c: cm710x_update_DSP_Effect_enable DSPElement = 0x00000001
12-31 11:04:50.550   944  3268 D RPCServer [RUNTIMEIPC]: ConnectClient: Client: com.oculus.xrstreamingclient:com.oculus.xrstreamingclient:10183:, Server: native_process.system:/system/bin/mrsystemservice (MrSystemServiceIPCServer)
12-31 11:04:50.551   944  3268 I RPCClientHandler [RUNTIMEIPC]: Event buffer size (server): 8192
