--------- beginning of kernel
12-26 23:30:11.796     0     0 I binder  : 14863:14863 ioctl 40046210 7fd1be9384 returned -22
--------- beginning of system
12-26 23:30:11.806  1152  1166 I ActivityTaskManager: START u0 {flg=0x10000000 cmp=com.epicgames.AtomVR/com.epicgames.unreal.GameActivity (has extras)} from uid 2000
12-26 23:30:11.807  1152  1166 W ActivityTaskManager: Can't find TaskDisplayArea to determine support for multi window. Task id=1663 attached=false
12-26 23:30:11.811  1152  1166 D CompatibilityChangeReporter: Compat change id reported: 197654537; UID 10108; state: DISABLED
12-26 23:30:11.812  1152  1166 D CompatibilityChangeReporter: Compat change id reported: 168419799; UID 10108; state: DISABLED
12-26 23:30:11.813  1152  1166 W ActivityTaskManager: Tried to set launchTime (0) < mLastActivityLaunchTime (75365480)
12-26 23:30:11.821  1152  1882 W ProcessStats: Tracking association SourceState{a589a9a com.oculus.ocms/10011 BTopFgs #52462} whose proc state 2 is better than process ProcessState{943c4fa com.oculus.qplservice/10043 pkg=com.oculus.qplservice} proc state 3 (0 skipped)
12-26 23:30:11.889     0     0 I binder  : 14681:14681 ioctl 40046210 7fc99b47c4 returned -22
12-26 23:30:11.899     0     0 I binder  : 14681:14681 ioctl 40046210 7fc99b65e4 returned -22
12-26 23:30:12.077  1152 25216 W WindowManager: Failed looking up window session=Session{c0a8981 14681:u0a10108} callers=com.android.server.wm.WindowManagerService.windowForClientLocked:5848 com.android.server.wm.Session.updateRequestedVisibilities:640 android.view.IWindowSession$Stub.onTransact:1175 
12-26 23:30:12.864     0     0 W healthd : battery l=100 v=4381 t=28.5 h=2 st=5 c=0 fc=3749000 cc=3 chg=u
12-26 23:30:13.878     0     0 I logd    : logdr: UID=2000 GID=2000 PID=14873 b tail=0 logMask=10099 pid=0 start=0ns deadline=0ns
12-26 23:30:14.879  1152  1965 E TaskPersister: File error accessing recents directory (directory doesn't exist?).
12-26 23:30:16.752     0     0 W healthd : battery l=100 v=4381 t=28.5 h=2 st=5 c=0 fc=3749000 cc=3 chg=u
12-26 23:30:17.703     0     0 W healthd : battery l=100 v=4381 t=28.5 h=2 st=5 c=488 fc=3749000 cc=3 chg=u
12-26 23:30:24.892     0     0 W healthd : battery l=100 v=4381 t=28.5 h=2 st=5 c=488 fc=3749000 cc=3 chg=u
12-26 23:30:26.780     0     0 W healthd : battery l=100 v=4381 t=28.5 h=2 st=5 c=-72265 fc=3749000 cc=3 chg=u
--------- beginning of tracking
12-26 23:30:27.199   787  1042 W SyncBossHAL: [warning] syncboss_hal_data_handlers.c(149): s:0 Long processing time detected for streaming packet type 146 (1043us)
12-26 23:30:27.484   787  1059 I SyncBossHAL: [info   ] syncboss_hal_powerstate.c(52): Reporting powerstate event: PROX_ON
12-26 23:30:27.484   787  1059 D SensorService: Received Powerstate PROX_ON
12-26 23:30:27.485   945  4746 I TrackingService: ActivityMonitor: prox_on event received
12-26 23:30:27.485  1152  1362 I PowerManagerService: Powering on display group fromAsleep (groupId=0, uid=1000, reason=WAKE_REASON_UNKNOWN, details=VrPwMng:leave-standby)...
12-26 23:30:27.485  1152  1362 I PowerManagerService: Waking up from Asleep (uid=1000, reason=WAKE_REASON_UNKNOWN, details=VrPwMng:leave-standby)...
12-26 23:30:27.489   924  1370 D SensorClientUtils: Cancelling delayed transition to SLEEP
12-26 23:30:27.489  1152  1189 I DisplayPowerController[0]: Blocking screen on until initial contents have been drawn.
12-26 23:30:27.489   945 29997 D SensorClientUtils: Cancelling delayed transition to SLEEP
12-26 23:30:27.489  1152  1189 D ActivityTaskManager: Top Process State changed to PROCESS_STATE_TOP
12-26 23:30:27.489   924  1370 D SensorClientUtils: Received transition request from SLEEP to RUNNING
12-26 23:30:27.489   945 29997 D SensorClientUtils: Received transition request from SLEEP to RUNNING
12-26 23:30:27.491  1152  1152 D ActivityManager: Is background playback GK enabled: false Is background playback enabled for all apps: false
12-26 23:30:27.491  1658  1676 D SensorClientUtils: Cancelling delayed transition to SLEEP
12-26 23:30:27.492  1658  1676 D SensorClientUtils: Received transition request from SLEEP to RUNNING
12-26 23:30:27.492  1152  1166 D CompatibilityChangeReporter: Compat change id reported: 151105954; UID 1000; state: ENABLED
12-26 23:30:27.494  1152  1166 D CompatibilityChangeReporter: Compat change id reported: 151105954; UID 1000; state: DISABLED
12-26 23:30:27.494  1152  1185 E KernelCpuUidActiveTimeReader: Negative delta from active time for uid: 10069, delta: -7
12-26 23:30:27.494  1152  1185 E KernelCpuUidActiveTimeReader: Negative delta from active time for uid: 10022, delta: -24
12-26 23:30:27.494  1152  1185 E KernelCpuUidActiveTimeReader: Negative delta from active time for uid: 10028, delta: -6
12-26 23:30:27.494  1152  1166 E AppOps  : package system not found, can't check for attributionTag null
12-26 23:30:27.494  1152  1185 E KernelCpuUidActiveTimeReader: Negative delta from active time for uid: 10045, delta: -580
12-26 23:30:27.495  1152  1152 D ActivityManager: Is background playback GK enabled: false Is background playback enabled for all apps: false
12-26 23:30:27.495  1152  1166 E AppOps  : startOperation
12-26 23:30:27.495  1152  1166 E AppOps  : java.lang.SecurityException: Specified package system under uid 1000 but it is not
12-26 23:30:27.495  1152  1166 E AppOps  : 	at com.android.server.appop.AppOpsService.verifyAndGetBypass(AppOpsService.java:4627)
12-26 23:30:27.495  1152  1166 E AppOps  : 	at com.android.server.appop.AppOpsService.startOperationUnchecked(AppOpsService.java:3950)
12-26 23:30:27.495  1152  1166 E AppOps  : 	at com.android.server.appop.AppOpsService.startOperationImpl(AppOpsService.java:3841)
12-26 23:30:27.495  1152  1166 E AppOps  : 	at com.android.server.appop.AppOpsService.access$4100(AppOpsService.java:215)
12-26 23:30:27.495  1152  1166 E AppOps  : 	at com.android.server.appop.AppOpsService$CheckOpsDelegateDispatcher.lambda$startOperation$8(AppOpsService.java:7627)
12-26 23:30:27.495  1152  1166 E AppOps  : 	at com.android.server.appop.AppOpsService$CheckOpsDelegateDispatcher$$ExternalSyntheticLambda23.apply(Unknown Source:53)
12-26 23:30:27.495  1152  1166 E AppOps  : 	at com.android.server.policy.AppOpsPolicy.startOperation(AppOpsPolicy.java:251)
12-26 23:30:27.495  1152  1166 E AppOps  : 	at com.android.server.appop.AppOpsService$CheckOpsDelegateDispatcher.startOperation(AppOpsService.java:7624)
12-26 23:30:27.495  1152  1166 E AppOps  : 	at com.android.server.appop.AppOpsService.startOperation(AppOpsService.java:3810)
12-26 23:30:27.495  1152  1166 E AppOps  : 	at android.app.AppOpsManager.startOpNoThrow(AppOpsManager.java:8888)
12-26 23:30:27.495  1152  1166 E AppOps  : 	at android.app.AppOpsManager.startOpNoThrow(AppOpsManager.java:8864)
12-26 23:30:27.495  1152  1166 E AppOps  : 	at android.app.AppOpsManager.startOpNoThrow(AppOpsManager.java:8853)
12-26 23:30:27.495  1152  1166 E AppOps  : 	at android.app.AppOpsManager.startOpNoThrow(AppOpsManager.java:8822)
12-26 23:30:27.495  1152  1166 E AppOps  : 	at com.android.server.power.Notifier.onWakeLockAcquired(Notifier.java:239)
12-26 23:30:27.495  1152  1166 E AppOps  : 	at com.android.server.power.PowerManagerService.notifyWakeLockAcquiredLocked(PowerManagerService.java:1610)
12-26 23:30:27.495  1152  1166 E AppOps  : 	at com.android.server.power.PowerManagerService.acquireWakeLockInternal(PowerManagerService.java:1439)
12-26 23:30:27.495  1152  1166 E AppOps  : 	at com.android.server.power.PowerManagerService.access$4600(PowerManagerService.java:143)
12-26 23:30:27.495  1152  1166 E AppOps  : 	at com.android.server.power.PowerManagerService$BinderService.acquireWakeLock(PowerManagerService.java:5198)
12-26 23:30:27.495  1152  1166 E AppOps  : 	at android.os.IPowerManager$Stub.onTransact(IPowerManager.java:473)
12-26 23:30:27.495  1152  1166 E AppOps  : 	at android.os.Binder.execTransactInternal(Binder.java:1184)
12-26 23:30:27.495  1152  1166 E AppOps  : 	at android.os.Binder.execTransact(Binder.java:1143)
12-26 23:30:27.495   945 29997 D SensorClientUtils: Executing transition from SLEEP to STANDBY
12-26 23:30:27.495   924  1370 D SensorClientUtils: Executing transition from SLEEP to STANDBY
12-26 23:30:27.495   924  1370 D MrSystemService: AOSP setPowerState: STANDBY.
12-26 23:30:27.495   945 29997 D TrackingService: Enqueued transition to (targetPowerState, targetMuxName): (STANDBY, --) - transition timeout: 1000000000 ns
12-26 23:30:27.495   924  1370 D SensorClientUtils: Executing transition from STANDBY to RUNNING
12-26 23:30:27.495   924  1370 D MrSystemService: AOSP setPowerState: RUNNING.
12-26 23:30:27.495  1152  1185 E KernelCpuUidClusterTimeReader: Negative delta from cluster time for uid: 10014, delta: -13
12-26 23:30:27.495  1152  1185 E KernelCpuUidClusterTimeReader: Negative delta from cluster time for uid: 10069, delta: -9
12-26 23:30:27.495  1152  1185 E KernelCpuUidClusterTimeReader: Negative delta from cluster time for uid: 10022, delta: -29
12-26 23:30:27.495  1152  1185 E KernelCpuUidClusterTimeReader: Negative delta from cluster time for uid: 10043, delta: -11
12-26 23:30:27.495  1152  1185 E KernelCpuUidClusterTimeReader: Negative delta from cluster time for uid: 10030, delta: -18
12-26 23:30:27.495  1152  1185 E KernelCpuUidClusterTimeReader: Negative delta from cluster time for uid: 10085, delta: -2
12-26 23:30:27.495  1152  1185 E KernelCpuUidClusterTimeReader: Negative delta from cluster time for uid: 1066, delta: -6
12-26 23:30:27.495  1152  1185 E KernelCpuUidClusterTimeReader: Negative delta from cluster time for uid: 10025, delta: -4
12-26 23:30:27.496  1152  1185 E KernelCpuUidClusterTimeReader: Negative delta from cluster time for uid: 1040, delta: -5
12-26 23:30:27.496  1152  1185 E KernelCpuUidClusterTimeReader: Negative delta from cluster time for uid: 1069, delta: -5
12-26 23:30:27.496  1152  1185 E KernelCpuUidClusterTimeReader: Negative delta from cluster time for uid: 10062, delta: -25
12-26 23:30:27.496  1152  1185 E KernelCpuUidClusterTimeReader: Negative delta from cluster time for uid: 10028, delta: -11
12-26 23:30:27.496  1152  1185 E KernelCpuUidClusterTimeReader: Negative delta from cluster time for uid: 10015, delta: -9
12-26 23:30:27.496  1152  1185 E KernelCpuUidClusterTimeReader: Negative delta from cluster time for uid: 10036, delta: -18
12-26 23:30:27.496  1152  1185 E KernelCpuUidClusterTimeReader: Negative delta from cluster time for uid: 10002, delta: -5
12-26 23:30:27.496  1152  1185 E KernelCpuUidClusterTimeReader: Negative delta from cluster time for uid: 1017, delta: -1
12-26 23:30:27.496  1152  1185 E KernelCpuUidClusterTimeReader: Negative delta from cluster time for uid: 10099, delta: -4
12-26 23:30:27.496  1152  1185 E KernelCpuUidClusterTimeReader: Negative delta from cluster time for uid: 10010, delta: -4
12-26 23:30:27.496  1152  1185 E KernelCpuUidClusterTimeReader: Negative delta from cluster time for uid: 10031, delta: -48
12-26 23:30:27.496  1152  1185 E KernelCpuUidClusterTimeReader: Negative delta from cluster time for uid: 10018, delta: -12
12-26 23:30:27.496  1152  1185 E KernelCpuUidClusterTimeReader: Negative delta from cluster time for uid: 10026, delta: -8
12-26 23:30:27.496  1152  1185 E KernelCpuUidClusterTimeReader: Negative delta from cluster time for uid: 1041, delta: -215
12-26 23:30:27.496  1152  1185 E KernelCpuUidClusterTimeReader: Negative delta from cluster time for uid: 10034, delta: -67
12-26 23:30:27.496  1152  1185 E KernelCpuUidClusterTimeReader: Negative delta from cluster time for uid: 10089, delta: -25
12-26 23:30:27.496  1152  1185 E KernelCpuUidClusterTimeReader: Negative delta from cluster time for uid: 1036, delta: -7
12-26 23:30:27.496  1152  1185 E KernelCpuUidClusterTimeReader: Negative delta from cluster time for uid: 10084, delta: -3
12-26 23:30:27.496  1152  1185 E KernelCpuUidClusterTimeReader: Negative delta from cluster time for uid: 10024, delta: -2
12-26 23:30:27.496  1152  1185 E KernelCpuUidClusterTimeReader: Negative delta from cluster time for uid: 10045, delta: -1156
12-26 23:30:27.497  1152  1185 E KernelCpuUidClusterTimeReader: Negative delta from cluster time for uid: 10032, delta: -8
12-26 23:30:27.497  1152  1185 E KernelCpuUidClusterTimeReader: Negative delta from cluster time for uid: 10087, delta: -13
12-26 23:30:27.497  1152  1185 E KernelCpuUidClusterTimeReader: Negative delta from cluster time for uid: 10019, delta: -11
12-26 23:30:27.497  1658  1676 D SensorClientUtils: Executing transition from SLEEP to STANDBY
12-26 23:30:27.497  1658  1676 D OVRRemoteService: [controller] SLEEP -> STANDBY
12-26 23:30:27.497  1658  1676 D OVRRemoteService: ControllerGlue: setting expected mode to Streaming
12-26 23:30:27.497  1152  1185 E KernelCpuUidClusterTimeReader: Negative delta from cluster time for uid: 2906, delta: -1
12-26 23:30:27.497  1658  1676 D OVRRemoteService: ControllerGlue: Setting current mode to Streaming
12-26 23:30:27.497  1658  1676 D OVRRemoteService: ControllerGlue: leave mode Disabled
12-26 23:30:27.497  1658  1676 D OVRRemoteService: ControllerGlue: Setting mode to Streaming
12-26 23:30:27.497  1658  1676 D OVRRemoteService: ControllerGlue: enter mode Streaming
12-26 23:30:27.497   787  1129 D SensorService: ControllerProvider: acquiring StreamingSession
12-26 23:30:27.498   787  1129 D SensorService: SyncbossEventHandler: Enabling sensor PULSAR
12-26 23:30:27.498   787  1129 D SensorService: SyncbossEventHandler: Active sensors: synthetic[EXTERNAL_TIMING,ZAP] non-synth[PULSAR]
12-26 23:30:27.498   787  1129 D SensorService: SyncbossEventHandler: starting all streams
12-26 23:30:27.499   787  1129 D SensorService: SyncbossEventHandler: acquiring session; approx # alive: 1
12-26 23:30:27.499   787 15014 D SensorService: SyncbossEventHandler::producerThreadFunc() start
12-26 23:30:27.500   945  1105 I TrackingService: [                  vision_manager] Power transition: SLEEP -> STANDBY transition time: 4 ms
12-26 23:30:27.500   945  1105 I TrackingService: [                             iad] Power transition: SLEEP -> STANDBY transition time: 0 ms
12-26 23:30:27.501  1152  1152 D ActivityManager: Is background playback GK enabled: false Is background playback enabled for all apps: false
12-26 23:30:27.501   787  1129 I SyncBossHAL: [info   ] syncboss_hal_impl_input.c(277): No pulsar frequency blocklist set
12-26 23:30:27.502   787  1129 I SyncBossHAL: [info   ] syncboss_hal_impl_input.c(304): No AFH behavior specified, enabled by default
12-26 23:30:27.502  1152  1189 I DisplayPowerController[0]: Unblocked screen on after 13 ms
12-26 23:30:27.502  1152  1152 D ActivityManager: Is background playback GK enabled: false Is background playback enabled for all apps: false
12-26 23:30:27.503  1152  1152 D ActivityManager: Is background playback GK enabled: false Is background playback enabled for all apps: false
12-26 23:30:27.504  1152  1152 D ActivityManager: Is background playback GK enabled: false Is background playback enabled for all apps: false
12-26 23:30:27.504  1152  1152 D ActivityManager: Is background playback GK enabled: false Is background playback enabled for all apps: false
12-26 23:30:27.505  1152  1152 D ActivityManager: Is background playback GK enabled: false Is background playback enabled for all apps: false
12-26 23:30:27.505  1152  1152 D ActivityManager: Is background playback GK enabled: false Is background playback enabled for all apps: false
12-26 23:30:27.505  1152  1152 D ActivityManager: Is background playback GK enabled: false Is background playback enabled for all apps: false
12-26 23:30:27.506  1152  1152 D ActivityManager: Is background playback GK enabled: false Is background playback enabled for all apps: false
12-26 23:30:27.506   787  1129 D SensorService: ControllerProvider: acquiring StreamingClient impl; approx # alive: 1
12-26 23:30:27.506   787  1129 D libsensorscommon: ControllerProvider: acquiring StreamingClient hidl
12-26 23:30:27.506  1152  1152 D ActivityManager: Is background playback GK enabled: false Is background playback enabled for all apps: false
12-26 23:30:27.507  1658  1676 D OVRRemoteService: RemoteService::recordControllerStatusUpdate: device d3d05f47e2487092: status: SEARCHING tracking: POSITION, errors: --
12-26 23:30:27.507  1152  1152 D ActivityManager: Is background playback GK enabled: false Is background playback enabled for all apps: false
12-26 23:30:27.507  1658  1676 D OVRRemoteService: RemoteService::recordControllerStatusUpdate: device 9d17e7ce194bc1ec: status: SEARCHING tracking: POSITION, errors: --
12-26 23:30:27.491     0     0 I         : powerstate_mgr_open succeeded, refcount=1. (pid 1129)
12-26 23:30:27.496     0     0 I [drm:dsi_display_set_mode] [msm-dsi-info]: mdp_transfer_time_us=0 us
12-26 23:30:27.496     0     0 I [drm:dsi_display_set_mode] [msm-dsi-info]: hactive= 1920,vactive= 3664,fps=90
12-26 23:30:27.496     0     0 I [drm:dsi_ctrl_isr_configure] [msm-dsi-info]: dsi-ctrl-0: IRQ 394 registered
12-26 23:30:27.496     0     0 I [drm:dsi_ctrl_isr_configure] [msm-dsi-info]: dsi-ctrl-1: IRQ 395 registered
12-26 23:30:27.499     0     0 I cm710x 1-002c: cm710x_playback_in_enum_ext_get select PlaybackFrom = 1
12-26 23:30:27.508  1658  1676 D SensorClientUtils: Executing transition from STANDBY to RUNNING
12-26 23:30:27.508  1658 15022 D OVRRemoteService: processStateChange([PairedControllerInfo JEDI 9d17e7ce194bc1ec disconnected mcnt=0])
12-26 23:30:27.509  1658  1676 D OVRRemoteService: [controller] STANDBY -> RUNNING
12-26 23:30:27.509  1658 15022 D OVRRemoteService: processStateChange([PairedControllerInfo JEDI d3d05f47e2487092 disconnected mcnt=0])
12-26 23:30:27.509   787 15013 D SensorService: Syncboss input 9d17e7ce194bc1ec hardware type 4, subtype 1, revision 
12-26 23:30:27.509   787 15013 I SensorService: preparePairedControllerInfo is adding device with valid 1
12-26 23:30:27.509   787 15013 D SensorService: Syncboss input d3d05f47e2487092 hardware type 4, subtype 2, revision 
12-26 23:30:27.509   787 15013 I SensorService: preparePairedControllerInfo is adding device with valid 1
12-26 23:30:27.510   787 15013 D SensorService: stateChangeNotifierFunc(): Reporting controller info. Change token: 88, paired=2 connected=0
12-26 23:30:27.510  1658 15022 D OVRRemoteService: processStateChange([PairedControllerInfo JEDI 9d17e7ce194bc1ec disconnected update-required mcnt=0])
12-26 23:30:27.510  1658 15022 D OVRRemoteService: processStateChange([PairedControllerInfo JEDI d3d05f47e2487092 disconnected update-required mcnt=0])
12-26 23:30:27.510   945  1105 I TrackingService: [                            bolt] Power transition: SLEEP -> STANDBY transition time: 9 ms
12-26 23:30:27.510   945  1105 D TrackingService: IOT sleep to standby started
12-26 23:30:27.513  1152  1152 D ActivityManager: Is background playback GK enabled: false Is background playback enabled for all apps: false
12-26 23:30:27.514  1152  1152 D ActivityManager: Is background playback GK enabled: false Is background playback enabled for all apps: false
12-26 23:30:27.514  1152  1152 D ActivityManager: Is background playback GK enabled: false Is background playback enabled for all apps: false
12-26 23:30:27.515  1152  1152 D ActivityManager: Is background playback GK enabled: false Is background playback enabled for all apps: false
12-26 23:30:27.515  1152  1152 D ActivityManager: Is background playback GK enabled: false Is background playback enabled for all apps: false
12-26 23:30:27.515  1152  1152 D ActivityManager: Is background playback GK enabled: false Is background playback enabled for all apps: false
12-26 23:30:27.516  1152  1152 D ActivityManager: Is background playback GK enabled: false Is background playback enabled for all apps: false
12-26 23:30:27.516  1152  1152 D ActivityManager: Is background playback GK enabled: false Is background playback enabled for all apps: false
12-26 23:30:27.517  1152  1152 D ActivityManager: Is background playback GK enabled: false Is background playback enabled for all apps: false
12-26 23:30:27.518  1152  1152 D ActivityManager: Is background playback GK enabled: false Is background playback enabled for all apps: false
12-26 23:30:27.518  1152  1152 D ActivityManager: Is background playback GK enabled: false Is background playback enabled for all apps: false
12-26 23:30:27.519  1152  1152 D ActivityManager: Is background playback GK enabled: false Is background playback enabled for all apps: false
12-26 23:30:27.519  1152  1152 D ActivityManager: Is background playback GK enabled: false Is background playback enabled for all apps: false
12-26 23:30:27.520  1152  1152 D ActivityManager: Is background playback GK enabled: false Is background playback enabled for all apps: false
12-26 23:30:27.508     0     0 I __afe_port_start: port id: 0x1000
12-26 23:30:27.508     0     0 I afe_find_cal_topo_id_by_port: port id: 0x1000, dev_acdb_id: 15
12-26 23:30:27.520  1152  1152 D ActivityManager: Is background playback GK enabled: false Is background playback enabled for all apps: false
12-26 23:30:27.508     0     0 I afe_find_cal_topo_id_by_port: top_id:112fc acdb_id:15 afe_port_id:0x1000
12-26 23:30:27.508     0     0 I afe_get_cal_topology_id: port_id = 0x1000 acdb_id = 15 topology_id = 0x112fc cal_type_index=8 ret=0
12-26 23:30:27.509     0     0 I afe_send_port_topology_id: AFE set topology id 0x112fc  enable for port 0x1000 ret 0
12-26 23:30:27.509     0     0 I send_afe_cal_type: cal_index is 0
12-26 23:30:27.509     0     0 I send_afe_cal_type: dev_acdb_id[40] is 15
12-26 23:30:27.509     0     0 I afe_find_cal: cal_index 0 port_id 0x1000 port_index 40
12-26 23:30:27.509     0     0 I afe_find_cal: acdb_id 15 dev_acdb_id 15 sample_rate 48000 afe_sample_rates 48000
12-26 23:30:27.509     0     0 I afe_find_cal: cal block is a match, size is 0
12-26 23:30:27.509     0     0 I send_afe_cal_type: Sending cal_index cal 0
12-26 23:30:27.509     0     0 E send_afe_cal_type: No cal sent for cal_index 0, port_id = 0x1000! ret -22
12-26 23:30:27.509     0     0 I afe_send_hw_delay: port_id 0x1000 rate 48000 delay_usec 474 status 0
12-26 23:30:27.521  1152  1152 D ActivityManager: Is background playback GK enabled: false Is background playback enabled for all apps: false
12-26 23:30:27.521  1152  1152 D ActivityManager: Is background playback GK enabled: false Is background playback enabled for all apps: false
12-26 23:30:27.521  1152  1152 D ActivityManager: Is background playback GK enabled: false Is background playback enabled for all apps: false
12-26 23:30:27.522  1152  1152 D ActivityManager: Is background playback GK enabled: false Is background playback enabled for all apps: false
12-26 23:30:27.522  1152  1152 D ActivityManager: Is background playback GK enabled: false Is background playback enabled for all apps: false
12-26 23:30:27.522  1152  1152 D ActivityManager: Is background playback GK enabled: false Is background playback enabled for all apps: false
12-26 23:30:27.523  1152  1152 D ActivityManager: Is background playback GK enabled: false Is background playback enabled for all apps: false
12-26 23:30:27.523  1152  1152 D ActivityManager: Is background playback GK enabled: false Is background playback enabled for all apps: false
12-26 23:30:27.523  1152  1152 D ActivityManager: Is background playback GK enabled: false Is background playback enabled for all apps: false
12-26 23:30:27.524  1152  1152 D ActivityManager: Is background playback GK enabled: false Is background playback enabled for all apps: false
12-26 23:30:27.524  1152  1152 D ActivityManager: Is background playback GK enabled: false Is background playback enabled for all apps: false
12-26 23:30:27.524  1152  1152 D ActivityManager: Is background playback GK enabled: false Is background playback enabled for all apps: false
12-26 23:30:27.525  1152  1152 D ActivityManager: Is background playback GK enabled: false Is background playback enabled for all apps: false
12-26 23:30:27.525  1152  1152 D ActivityManager: Is background playback GK enabled: false Is background playback enabled for all apps: false
12-26 23:30:27.525  1152  1152 D ActivityManager: Is background playback GK enabled: false Is background playback enabled for all apps: false
12-26 23:30:27.528  1152  1170 I DisplayDeviceRepository: Display device changed state: "Built-in Screen", ON
12-26 23:30:27.543  1152  1814 I Telecom : CallAudioRouteStateMachine: Message received: MUTE_EXTERNALLY_CHANGED=3004, arg1=0: CARSM.mCR->CARSM.pM_MUTE_EXTERNALLY_CHANGED@AP4
12-26 23:30:27.543  1152  1814 I Telecom : QuiescentSpeakerRoute: Processing message MUTE_EXTERNALLY_CHANGED: CARSM.mCR->CARSM.pM_MUTE_EXTERNALLY_CHANGED@AP4
12-26 23:30:27.555     0     0 I init    : processing action (ro.vendor.drm.irq=* && sys.hmt.mounted=1) from (/vendor/etc/init/hw/init.hollywood.rc:104)
12-26 23:30:27.556     0     0 I init    : processing action (sys.hmt.mounted=1) from (/vendor/etc/init/hw/init.hollywood.rc:107)
12-26 23:30:27.556     0     0 I init    : processing action (sys.hmt.mounted=1) from (/vendor/etc/init/hw/init.kona.rc:400)
12-26 23:30:27.557     0     0 E FG      : fg_psy_get_property: unsupported property 4
12-26 23:30:27.574   787  1129 D SensorService: SyncbossEventHandler: Enabling sensor HMD_IMU
12-26 23:30:27.574   787  1129 D SensorService: SyncbossEventHandler: Active sensors: synthetic[EXTERNAL_TIMING,ZAP] non-synth[HMD_IMU,PULSAR]
12-26 23:30:27.574   787  1129 D SensorService: SyncbossEventHandler: acquiring session; approx # alive: 2
12-26 23:30:27.578   787  1129 D SensorService: SyncbossEventHandler: Enabling sensor HMD_MAG
12-26 23:30:27.578   787  1129 D SensorService: SyncbossEventHandler: Active sensors: synthetic[EXTERNAL_TIMING,ZAP] non-synth[HMD_MAG,HMD_IMU,PULSAR]
12-26 23:30:27.578   787  1129 D SensorService: SyncbossEventHandler: acquiring session; approx # alive: 3
12-26 23:30:27.581   945  1105 D TrackingService: IOT sleep to standby completed
12-26 23:30:27.582   945  1105 I TrackingService: [                             iot] Power transition: SLEEP -> STANDBY transition time: 71 ms
12-26 23:30:27.584   945 15047 D TrackingService: starting IOT motion thread, imu batch dispatch enabled=false
12-26 23:30:27.585   945  1105 I TrackingService: ConstellationTrackingGlue: setEnableExtendedDeadreckoning to false
12-26 23:30:27.586   945  1105 I TrackingService: [                   constellation] Power transition: SLEEP -> STANDBY transition time: 3 ms
12-26 23:30:27.580     0     0 W healthd : battery l=100 v=4381 t=28.5 h=2 st=4 c=-66406 fc=3749000 cc=3 chg=u
12-26 23:30:27.587   945  1105 I TrackingService: [              selftracked_client] Power transition: SLEEP -> STANDBY transition time: 1 ms
12-26 23:30:27.587   945  1105 I TrackingService: [                            hand] Power transition: SLEEP -> STANDBY transition time: 0 ms
12-26 23:30:27.589   945  1105 I TrackingService: [                            face] Power transition: SLEEP -> STANDBY transition time: 0 ms
12-26 23:30:27.590   945  1105 I TrackingService: [                          object] Power transition: SLEEP -> STANDBY transition time: 1 ms
12-26 23:30:27.590   945  1105 I TrackingService: [                      controller] Power transition: SLEEP -> STANDBY transition time: 0 ms
12-26 23:30:27.590   945  1105 I TrackingService: [                 ExposureControl] Power transition: SLEEP -> STANDBY transition time: 0 ms
12-26 23:30:27.591   787  1129 D SensorService: ControllerProvider: acquiring StreamingClient impl; approx # alive: 2
12-26 23:30:27.591   945 29997 D TrackingService: Transition completed for (null)
12-26 23:30:27.591   787  1129 D libsensorscommon: ControllerProvider: acquiring StreamingClient hidl
12-26 23:30:27.591   945 29997 D TrackingService: setPowerState: STANDBY
12-26 23:30:27.591   945 29997 D SensorClientUtils: Executing transition from STANDBY to RUNNING
12-26 23:30:27.591  1658 15022 D OVRRemoteService: processStateChange([PairedControllerInfo JEDI 9d17e7ce194bc1ec disconnected update-required mcnt=0])
12-26 23:30:27.591   945 29997 D TrackingService: Enqueued transition to (targetPowerState, targetMuxName): (RUNNING, --) - transition timeout: 1000000000 ns
12-26 23:30:27.591  1658 15022 D OVRRemoteService: processStateChange([PairedControllerInfo JEDI d3d05f47e2487092 disconnected update-required mcnt=0])
12-26 23:30:27.591   945  1105 I TrackingService: [                  vision_manager] Power transition: STANDBY -> RUNNING transition time: 0 ms
12-26 23:30:27.592   945  1105 I TrackingService: [                             iad] Power transition: STANDBY -> RUNNING transition time: 0 ms
12-26 23:30:27.592   945  1105 I TrackingService: [                            bolt] Power transition: STANDBY -> RUNNING transition time: 0 ms
12-26 23:30:27.592   945  1105 D TrackingService: IOT standby to running started
12-26 23:30:27.592   787  1129 D CameraStream: Client 945: Attempting StreamControl: 0
12-26 23:30:27.592   787  1129 D CameraClientManager: [HEADSET] Attempting starting camera client.
12-26 23:30:27.592   787  1129 D CameraClientManager: [HEADSET] Successfully found client (945) to start in CameraClientManager list.
12-26 23:30:27.593   787  1129 I FrameSetDispatcher: [HEADSET] Client pid=945 (IOT): Client thread started
12-26 23:30:27.593   787  1129 I CameraClientManager: [HEADSET] Added client (945)(IOT)
12-26 23:30:27.593   787  1129 D CameraClientManager: [HEADSET] Attempting to start stream
12-26 23:30:27.593   787  1129 I CameraClientManager: [HEADSET] Started clients: 1
12-26 23:30:27.593   787  1129 I CameraClientManager: [HEADSET] Starting stream
12-26 23:30:27.595  1658  1676 D RemoteService: RemoteService - Registering status callback
12-26 23:30:27.589     0     0 I qcom,camera ac4f000.qcom,cci: qcom,cam-sensor0: Linked as a consumer to regulator.46
12-26 23:30:27.591     0     0 I qcom,camera ac4f000.qcom,cci: qcom,cam-sensor0: Linked as a consumer to regulator.7
12-26 23:30:27.592     0     0 I qcom,camera ac4f000.qcom,cci: qcom,cam-sensor0: Linked as a consumer to regulator.71
12-26 23:30:27.594     0     0 W healthd : battery l=100 v=4381 t=28.5 h=2 st=4 c=-66406 fc=3749000 cc=3 chg=u
12-26 23:30:27.599     0     0 W healthd : battery l=100 v=4381 t=28.5 h=2 st=4 c=-66406 fc=3749000 cc=3 chg=u
12-26 23:30:27.618   787 15014 W SensorService: Data for sensor type HMD_IMU dropped because of failure to update clock drift from vsync. 1 drops in the last 0s.
12-26 23:30:27.627   787 15014 W SensorService: Data for sensor type HMD_MAG dropped because of failure to update clock drift from vsync. 1 drops in the last 0s.
12-26 23:30:27.616     0     0 I qcom,camera ac4f000.qcom,cci: qcom,cam-sensor1: Linked as a consumer to regulator.46
12-26 23:30:27.618     0     0 I qcom,camera ac4f000.qcom,cci: qcom,cam-sensor1: Linked as a consumer to regulator.7
12-26 23:30:27.618     0     0 I qcom,camera ac4f000.qcom,cci: qcom,cam-sensor1: Linked as a consumer to regulator.71
12-26 23:30:27.642     0     0 I qcom,camera ac50000.qcom,cci: qcom,cam-sensor2: Linked as a consumer to regulator.46
12-26 23:30:27.644     0     0 I qcom,camera ac50000.qcom,cci: qcom,cam-sensor2: Linked as a consumer to regulator.7
12-26 23:30:27.644     0     0 I qcom,camera ac50000.qcom,cci: qcom,cam-sensor2: Linked as a consumer to regulator.71
12-26 23:30:27.668     0     0 I qcom,camera ac50000.qcom,cci: qcom,cam-sensor3: Linked as a consumer to regulator.46
12-26 23:30:27.670     0     0 I qcom,camera ac50000.qcom,cci: qcom,cam-sensor3: Linked as a consumer to regulator.7
12-26 23:30:27.670     0     0 I qcom,camera ac50000.qcom,cci: qcom,cam-sensor3: Linked as a consumer to regulator.71
12-26 23:30:27.697   787  1129 D SensorService: SyncbossEventHandler: Enabling sensor HMD_FSIN
12-26 23:30:27.697   787  1129 D SensorService: SyncbossEventHandler: Active sensors: synthetic[EXTERNAL_TIMING,ZAP] non-synth[HMD_MAG,HMD_IMU,HMD_FSIN,PULSAR]
12-26 23:30:27.697   787  1129 D SensorService: SyncbossEventHandler: acquiring session; approx # alive: 4
12-26 23:30:27.707     0     0 W healthd : battery l=100 v=4381 t=28.5 h=2 st=4 c=-66406 fc=3749000 cc=3 chg=u
12-26 23:30:27.775   787  1129 I DiceCameraSystem: Set cameras to 10 bpp (format 0x00000007)
12-26 23:30:27.779   787  1129 I libsensorscommon: [HEADSET FSC] started at 75431.24
12-26 23:30:27.779   787  1045 I SyncBossHAL: [info   ] pulsar_manager.c(960): No IRLED tracked controllers connected/ready
12-26 23:30:27.799   787  1042 E SyncBossHAL: [error  ] syncboss_hal_impl_input.c(1148): Pulsar connected devices state change: 39, host current time: 1703615427799ms
12-26 23:30:27.818   787  1129 D CameraStream: Client 945: Finished StreamControl: 0
12-26 23:30:27.832   945  1105 D TrackingService: IOT standby to running completed
12-26 23:30:27.832   945  1105 I TrackingService: [                             iot] Power transition: STANDBY -> RUNNING transition time: 240 ms
12-26 23:30:27.833   787  1129 D CameraStream: Client 945: Attempting StreamControl: 0
12-26 23:30:27.833   787  1129 D CameraClientManager: [CONTROLLER] Attempting starting camera client.
12-26 23:30:27.833   787  1129 D CameraClientManager: [CONTROLLER] Successfully found client (945) to start in CameraClientManager list.
12-26 23:30:27.834  1152  1333 E DisplayDeviceConfig: requesting nits when no mapping exists.
12-26 23:30:27.834  1152  1189 W PowerManagerService: Screen on took 349 ms
12-26 23:30:27.835  1152  1333 E DisplayDeviceConfig: requesting nits when no mapping exists.
12-26 23:30:27.836  1152  1178 I DropBoxManagerService: add tag=system_server_wtf isTagEnabled=true flags=0x2
12-26 23:30:27.836   787  1129 I FrameSetDispatcher: [CONTROLLER] Client pid=945 (Cnst): Client thread started
12-26 23:30:27.836   787  1129 I CameraClientManager: [CONTROLLER] Added client (945)(Cnst)
12-26 23:30:27.836   787  1129 D CameraClientManager: [CONTROLLER] Attempting to start stream
12-26 23:30:27.836   787  1129 I CameraClientManager: [CONTROLLER] Started clients: 1
12-26 23:30:27.836   787  1129 I CameraClientManager: [CONTROLLER] Starting stream
12-26 23:30:27.837   787  1129 I libsensorscommon: [CONTROLLER FSC] started at 75431.30
12-26 23:30:27.838   787  1129 D CameraStream: Client 945: Finished StreamControl: 0
12-26 23:30:27.839   945  1105 I TrackingService: ConstellationTrackingGlue: setEnableExtendedDeadreckoning to false
12-26 23:30:27.839   945  1105 I TrackingService: [                   constellation] Power transition: STANDBY -> RUNNING transition time: 6 ms
12-26 23:30:27.840   945  1105 I TrackingService: [              selftracked_client] Power transition: STANDBY -> RUNNING transition time: 1 ms
12-26 23:30:27.841   945  1105 I TrackingService: [                            hand] Power transition: STANDBY -> RUNNING transition time: 0 ms
12-26 23:30:27.844   945  1105 I TrackingService: [                            face] Power transition: STANDBY -> RUNNING transition time: 2 ms
12-26 23:30:27.844   787  1129 D CameraStream: Client 945: Attempting StreamControl: 0
12-26 23:30:27.844   787  1129 D CameraClientManager: [HEADSET] Attempting starting camera client.
12-26 23:30:27.844   787  1129 D CameraClientManager: [HEADSET] Successfully found client (945) to start in CameraClientManager list.
12-26 23:30:27.846   787  1129 I FrameSetDispatcher: [HEADSET] Client pid=945 (Obj): Client thread started
12-26 23:30:27.846   787  1129 I CameraClientManager: [HEADSET] Added client (945)(Obj)
12-26 23:30:27.846   787  1129 D CameraClientManager: [HEADSET] Attempting to start stream
12-26 23:30:27.846   787  1129 I CameraClientManager: [HEADSET] Started clients: 2
12-26 23:30:27.846   787  1129 D CameraStream: Client 945: Finished StreamControl: 0
12-26 23:30:27.846   945  1105 I TrackingService: [                          object] Power transition: STANDBY -> RUNNING transition time: 2 ms
12-26 23:30:27.846   945  1105 I TrackingService: [                      controller] Power transition: STANDBY -> RUNNING transition time: 0 ms
12-26 23:30:27.850  1152  1178 I DropBoxManagerService: add tag=system_server_wtf isTagEnabled=true flags=0x2
12-26 23:30:27.852  1152  1152 W Looper  : Slow dispatch took 267ms main h=com.android.server.job.JobSchedulerService$JobHandler c=null m=1
12-26 23:30:27.853  1152  1152 W Looper  : Slow delivery took 258ms main h=android.os.Handler c=com.android.server.BatteryService$$ExternalSyntheticLambda4@fd8a23c m=0
12-26 23:30:27.859   787  1045 I SyncBossHAL: [info   ] pulsar_manager.c(511): d3d05f47xxxxxxxx: Configuring IR LED to ontime = 34, period = 40000, delay = -17
12-26 23:30:27.865   787  1045 I SyncBossHAL: [info   ] pulsar_manager.c(456): Finished getting cache data for controller
12-26 23:30:27.865   787  1045 I SyncBossHAL:     id            : d3d05f47xxxxxxxx
12-26 23:30:27.865   787  1045 I SyncBossHAL:     pulsar_type   : 0x09011401
12-26 23:30:27.865   787  1045 I SyncBossHAL:     connection id : 0x27
12-26 23:30:27.865   787  1045 I SyncBossHAL:     fw ver        : 1.9.0
12-26 23:30:27.865   787  1045 I SyncBossHAL:     spl ver       : 1.5.1
12-26 23:30:27.865   787  1045 I SyncBossHAL:     serial        : 1WMHCR31DV2435
12-26 23:30:27.865   787  1045 I SyncBossHAL:     handedness    : right
12-26 23:30:27.865   787  1045 I SyncBossHAL:     battery state : 50%
12-26 23:30:27.865   787  1045 I SyncBossHAL: [info   ] pulsar_manager.c(473): Jedi-specific cache data:
12-26 23:30:27.865   787  1045 I SyncBossHAL:     captouch ver  : 1.9.0
12-26 23:30:27.870   787 15013 D SensorService: Syncboss input d3d05f47e2487092 hardware type 4, subtype 2, revision 0x09
12-26 23:30:27.870   787 15013 I SensorService: preparePairedControllerInfo is adding device with valid 1
12-26 23:30:27.870   787 15013 D SensorService: Syncboss input 9d17e7ce194bc1ec hardware type 4, subtype 1, revision 
12-26 23:30:27.870   787 15013 I SensorService: preparePairedControllerInfo is adding device with valid 1
12-26 23:30:27.870   787 15013 D SensorService: stateChangeNotifierFunc(): Reporting controller info. Change token: 89, paired=2 connected=1
12-26 23:30:27.870  1658 15022 D OVRRemoteService: processStateChange([PairedControllerInfo JEDI d3d05f47e2487092 connected mcnt=0])
12-26 23:30:27.871  1152  1152 W Looper  : Drained
12-26 23:30:27.871  1658 15022 D OVRRemoteService: RemoteService::recordControllerStatusUpdate: device d3d05f47e2487092: status: CONNECTED_ACTIVE tracking: POSITION, errors: --
12-26 23:30:27.871   787  1045 I SyncBossHAL: [info   ] pulsar_manager.c(511): d3d05f47xxxxxxxx: Configuring IR LED to ontime = 34, period = 40000, delay = -17
12-26 23:30:27.871  1658 15022 D OVRRemoteService: processStateChange([PairedControllerInfo JEDI 9d17e7ce194bc1ec disconnected update-required mcnt=0])
12-26 23:30:27.873  1152  6418 W ProcessStats: Tracking association SourceState{a589a9a com.oculus.ocms/10011 BTopFgs #52508} whose proc state 2 is better than process ProcessState{943c4fa com.oculus.qplservice/10043 pkg=com.oculus.qplservice} proc state 3 (4 skipped)
12-26 23:30:27.875   787 15014 E SyncBossHAL: [error  ] syncboss_hal_data_handlers.c(170): s:52 Invalid command call_status received: status: 0, sequence_id: 0, count: 1985
12-26 23:30:27.879   787   837 D CameraStream: Client 945: Attempting StreamControl: 0
12-26 23:30:27.879   787   837 D CameraClientManager: [HEADSET] Attempting starting camera client.
12-26 23:30:27.879   787   837 D CameraClientManager: [HEADSET] Successfully found client (945) to start in CameraClientManager list.
12-26 23:30:27.882   787   787 D SensorService: Found paired controllers: 2
12-26 23:30:27.882   787   787 D SensorService: Syncboss input d3d05f47e2487092 hardware type 4, subtype 2, revision 0x09
12-26 23:30:27.882   787   787 I SensorService: preparePairedControllerInfo is adding device with valid 1
12-26 23:30:27.882   787   787 D SensorService: Syncboss input 9d17e7ce194bc1ec hardware type 4, subtype 1, revision 
12-26 23:30:27.878     0     0 I input   : Device 0xD3D05F47E2487092 as /devices/virtual/input/input43
12-26 23:30:27.882   787   787 I SensorService: preparePairedControllerInfo is adding device with valid 1
12-26 23:30:27.883   945 15053 D TrackingService: Creating RemoteConstellationTrackedDevice
12-26 23:30:27.884   945 15053 I TrackingService: Registering primary controller d3d05f47e2487092 in slot 0
12-26 23:30:27.884  1658 15022 D OVRRemoteService: RemoteService::recordControllerStatusUpdate: device d3d05f47e2487092: status: CONNECTED_ACTIVE tracking: POSITION, errors: --
12-26 23:30:27.885   945 15053 D TrackingService: TrackingDataPostProcessor: Hand autotransition v2 GK enabled: 1
12-26 23:30:27.885   945 15053 D TrackingService: registerRemote: d3d05f47e2487092
12-26 23:30:27.891   787 15067 E libsensorscommon: [HEADSET FSC] 1 FrameSets had unexpected timestamps. Ex: (slot 1) prev 0.000ms->cur 74641579.532ms (ts diff of -74641539.532ms vs expected period of 40.000ms)
12-26 23:30:27.896   787   837 I FrameSetDispatcher: [HEADSET] Client pid=945 (ExpCtl): Client thread started
12-26 23:30:27.896   787   837 I CameraClientManager: [HEADSET] Added client (945)(ExpCtl)
12-26 23:30:27.896   787   837 D CameraClientManager: [HEADSET] Attempting to start stream
12-26 23:30:27.896   787   837 I CameraClientManager: [HEADSET] Started clients: 3
12-26 23:30:27.896   787   837 D CameraStream: Client 945: Finished StreamControl: 0
12-26 23:30:27.897   787   837 D CameraStream: Client 945: Attempting StreamControl: 0
12-26 23:30:27.897   787   837 D CameraClientManager: [CONTROLLER] Attempting starting camera client.
12-26 23:30:27.897   787   837 D CameraClientManager: [CONTROLLER] Successfully found client (945) to start in CameraClientManager list.
12-26 23:30:27.902   945 15053 W TrackingService: Attempted to control leds, but gatekeeper is disabled. Skipping operation.
12-26 23:30:27.902   787   837 I FrameSetDispatcher: [CONTROLLER] Client pid=945 (ExpCtl): Client thread started
12-26 23:30:27.902   787   837 I CameraClientManager: [CONTROLLER] Added client (945)(ExpCtl)
12-26 23:30:27.902   787   837 D CameraClientManager: [CONTROLLER] Attempting to start stream
12-26 23:30:27.902   787   837 I CameraClientManager: [CONTROLLER] Started clients: 2
12-26 23:30:27.902   787   837 D CameraStream: Client 945: Finished StreamControl: 0
12-26 23:30:27.902   945  1105 I TrackingService: [                 ExposureControl] Power transition: STANDBY -> RUNNING transition time: 56 ms
12-26 23:30:27.903   945 29997 D TrackingService: Transition completed for (null)
12-26 23:30:27.903   945 29997 D TrackingService: setPowerState: RUNNING
12-26 23:30:27.905  1658 15022 D OVRRemoteService: RemoteService::recordControllerStatusUpdate: device d3d05f47e2487092: status: CONNECTED_ACTIVE tracking: POSITION, errors: --
12-26 23:30:27.908   787 15066 E libsensorscommon: [CONTROLLER FSC] 1 FrameSets had unexpected timestamps. Ex: (slot 2) prev 0.000ms->cur 74641600.000ms (ts diff of -74641560.000ms vs expected period of 40.000ms)
12-26 23:30:27.914  1658 15022 D OVRRemoteService: RemoteService::recordControllerStatusUpdate: device d3d05f47e2487092: status: CONNECTED_ACTIVE tracking: POSITION, errors: --
12-26 23:30:27.946   787 15014 I SyncBossInput: [info   ] [jedi (right) d3d05f47xxxxxxxx]: 5192172 [info   ] {THDG}: active_seek -> inactive_seek
12-26 23:30:27.955   945 15053 D TrackingService: d3d05f47e2487092: isControllerInHand(75431.41s): 1 ctEnabled: 1 btnPress: 1 btnOrTpdTouch: 1 btnOrTpdProx: 1 static(75431.41s): 1 thbstkOffCenter: 1 
12-26 23:30:27.955   945 15053 D TrackingService: [HANDTRACKING] Controller d3d05f47e2487092 in hand: Y, valid: Y
12-26 23:30:27.955  1658 15022 D OVRRemoteService: RemoteService::recordControllerStatusUpdate: device d3d05f47e2487092: status: CONNECTED_ACTIVE tracking: NONE, errors: --
12-26 23:30:27.960     0     0 I [drm:dsi_display_set_mode] [msm-dsi-info]: mdp_transfer_time_us=0 us
12-26 23:30:27.960     0     0 I [drm:dsi_display_set_mode] [msm-dsi-info]: hactive= 1920,vactive= 3664,fps=72
12-26 23:30:27.974   787 15014 I SyncBossInput: [info   ] [jedi (right) d3d05f47xxxxxxxx]: 6250529 [info   ] {APP }: Connected
12-26 23:30:28.024   787 15014 I SyncBossInput: [info   ] [jedi (right) d3d05f47xxxxxxxx]: 6250530 [info   ] {THDG}: inactive_seek -> active_connected
12-26 23:30:28.025   787   837 W SyncBossHAL: [warning] pulsar_manager.c(860): No cache entry for device 9d17e7cexxxxxxxx with unknown type
12-26 23:30:28.025   945  9887 D TrackingService: haptic socket already exists
12-26 23:30:28.025   945  9887 D TrackingService: getSocket: com.oculus.vrshell
12-26 23:30:28.026   787   837 E SyncBossHAL: [error  ] syncboss_hal_input_helpers.c(177): Failure reading cache data when attempting to check if input is awake
12-26 23:30:28.028   787   787 W SyncBossHAL: [warning] pulsar_manager.c(860): No cache entry for device 9d17e7cexxxxxxxx with unknown type
12-26 23:30:28.029   787   787 E SyncBossHAL: [error  ] syncboss_hal_input_helpers.c(177): Failure reading cache data when attempting to check if input is awake
12-26 23:30:28.033   945  9887 D TrackingService: getSharedMemory: com.oculus.shellenv, Controller
12-26 23:30:28.041  1152  1884 I DisplayDeviceRepository: Display device added: DisplayDeviceInfo{"com.oculus.android_panel_app.AndroidPanelLayer-#main": uniqueId="virtual:com.oculus.systemux,10037,com.oculus.android_panel_app.AndroidPanelLayer-#main,4", 1000 x 1250, modeId 579, defaultModeId 579, supportedModes [{id=579, width=1000, height=1250, fps=60.0, alternativeRefreshRates=[]}], colorMode 0, supportedColorModes [0], hdrCapabilities null, allmSupported false, gameContentTypeSupported false, density 200, 200.0 x 200.0 dpi, appVsyncOff 0, presDeadline 16666666, touch NONE, rotation 0, type VIRTUAL, deviceProductInfo null, state OFF, owner com.oculus.systemux (uid 10037), frameRateOverride , brightnessMinimum 0.0, brightnessMaximum 0.0, brightnessDefault 0.0, FLAG_PRIVATE, FLAG_NEVER_BLANK, FLAG_OWN_CONTENT_ONLY}
12-26 23:30:28.046     0     0 E         : [drm:sde_encoder_lineptr_callback:4406] late lineptr, headroom -984
12-26 23:30:28.042  1152  1884 I LogicalDisplayMapper: Applying layout: [{addr: {port=129, model=0x40446d9218dcf4}, dispId: 0(ON)}], Previous layout: [{addr: {port=129, model=0x40446d9218dcf4}, dispId: 0(ON)}]
12-26 23:30:28.042  1152  1884 I LogicalDisplayMapper: Adding new display: 345: DisplayInfo{"com.oculus.android_panel_app.AndroidPanelLayer-#main", displayId 345", displayGroupId -1, FLAG_PRIVATE, real 1000 x 1250, largest app 1000 x 1250, smallest app 1000 x 1250, appVsyncOff 0, presDeadline 16666666, mode 579, defaultMode 579, modes [{id=579, width=1000, height=1250, fps=60.0, alternativeRefreshRates=[]}], hdrCapabilities null, userDisabledHdrTypes [], minimalPostProcessingSupported false, rotation 0, state OFF, type VIRTUAL, uniqueId "virtual:com.oculus.systemux,10037,com.oculus.android_panel_app.AndroidPanelLayer-#main,4", app 1000 x 1250, density 200 (200.0 x 200.0) dpi, layerStack 345, colorMode 0, supportedColorModes [0], deviceProductInfo null, owner com.oculus.systemux (uid 10037), removeMode 1, refreshRateOverride 0.0, brightnessMinimum 0.0, brightnessMaximum 0.0, brightnessDefault 0.0}
12-26 23:30:28.042  1152  1884 I LogicalDisplayMapper: Setting new display group 0 for display 345, from previous group: null
12-26 23:30:28.055     0     0 I [drm:dsi_display_set_mode] [msm-dsi-info]: mdp_transfer_time_us=0 us
12-26 23:30:28.055     0     0 I [drm:dsi_display_set_mode] [msm-dsi-info]: hactive= 1920,vactive= 3664,fps=90
12-26 23:30:28.059     0     0 E         : [drm:sde_encoder_lineptr_callback:4406] late lineptr, headroom -985
12-26 23:30:28.042  1152  1884 W DisplayPowerController[345]: Screen brightness nits configuration is unavailable; falling back
12-26 23:30:28.052  1152  1168 I WindowManager: Override config changes=20005df8 {0.0 ?mcc?mnc ?localeList ?layoutDir sw800dp w800dp h1000dp 200dpi xlrg port ?uimode ?night -touch -keyb/v/h -nav/h winConfig={ mBounds=Rect(0, 0 - 1000, 1250) mAppBounds=Rect(0, 0 - 1000, 1250) mMaxBounds=Rect(0, 0 - 1000, 1250) mWindowingMode=fullscreen mDisplayWindowingMode=fullscreen mActivityType=undefined mAlwaysOnTop=undefined mRotation=ROTATION_0} ?fontWeightAdjustment} for displayId=345
12-26 23:30:28.062  1152  1168 V WindowManager: Display 345 state is now (1), so update layer mirroring?
12-26 23:30:28.088   787 15056 E FrameSetDispatcher: [HEADSET] Client pid=945 (IOT): Failed to read from receive FMQ for 1 packets in 5000ms.
12-26 23:30:28.088   787 15056 E FrameSetDispatcher: This probably means this client is taking more than 33 ms to process the frame.
12-26 23:30:28.088   787 15056 E FrameSetDispatcher: Retrying.
12-26 23:30:28.118   787   837 W SyncBossHAL: [warning] pulsar_manager.c(860): No cache entry for device 9d17e7cexxxxxxxx with unknown type
12-26 23:30:28.118   945  9887 I TrackingService: Unregistering client by ITrackingService.unregisterClient
12-26 23:30:28.118   945  9887 I TrackingService: Failed to unregister client because client not found in registered list
12-26 23:30:28.118   945  9887 I TrackingService: Unregistering client by ITrackingService.unregisterClient
12-26 23:30:28.118   787   837 E SyncBossHAL: [error  ] syncboss_hal_input_helpers.c(177): Failure reading cache data when attempting to check if input is awake
12-26 23:30:28.118   945  9887 I TrackingService: Failed to unregister client because client not found in registered list
12-26 23:30:28.118   945  9887 I TrackingService: Unregistering client by ITrackingService.unregisterClient
12-26 23:30:28.118   945  9887 I TrackingService: Failed to unregister client because client not found in registered list
12-26 23:30:28.118   945  9887 I TrackingService: Unregistering client by ITrackingService.unregisterClient
12-26 23:30:28.118   945  9887 I TrackingService: Unregistering client by ITrackingService.unregisterClient
