12-27 04:58:33.488  1152  2020 I DisplayDeviceRepository: Display device removed: DisplayDeviceInfo{"com.oculus.android_panel_app.AndroidPanelLayer-toast": uniqueId="virtual:com.oculus.systemux,10037,com.oculus.android_panel_app.AndroidPanelLayer-toast,0", 460 x 89, modeId 716, defaultModeId 716, supportedModes [{id=716, width=460, height=89, fps=60.0, alternativeRefreshRates=[]}], colorMode 0, supportedColorModes [0], hdrCapabilities null, allmSupported false, gameContentTypeSupported false, density 200, 200.0 x 200.0 dpi, appVsyncOff 0, presDeadline 16666666, touch NONE, rotation 0, type VIRTUAL, deviceProductInfo null, state ON, owner com.oculus.systemux (uid 10037), frameRateOverride , brightnessMinimum 0.0, brightnessMaximum 0.0, brightnessDefault 0.0, FLAG_PRIVATE, FLAG_NEVER_BLANK, FLAG_OWN_CONTENT_ONLY}
12-27 04:58:33.489  1152  2020 I LogicalDisplayMapper: Removing display: 433
12-27 04:58:33.521   787 10113 I SyncBossInput: [info   ] [jedi (right) d3d05f47xxxxxxxx]:       3 [info   ] {WRLS}: Device paired with: 0x7718E38F
12-27 04:58:33.549   945  1104 D TrackingService: haptic socket already exists
12-27 04:58:33.549   945  1104 D TrackingService: getSocket: com.oculus.vrshell
12-27 04:58:33.554   945  1104 I TrackingService: Unregistering client by ITrackingService.unregisterClient
12-27 04:58:33.555   945  1104 I TrackingService: Failed to unregister client because client not found in registered list
12-27 04:58:33.555   945  1104 I TrackingService: Unregistering client by ITrackingService.unregisterClient
12-27 04:58:33.555   945  1104 I TrackingService: Failed to unregister client because client not found in registered list
12-27 04:58:33.555   945  1104 I TrackingService: Unregistering client by ITrackingService.unregisterClient
12-27 04:58:33.555   945  1104 I TrackingService: Failed to unregister client because client not found in registered list
12-27 04:58:33.555   945  1104 I TrackingService: Unregistering client by ITrackingService.unregisterClient
12-27 04:58:33.555   945  1104 I TrackingService: Unregistering client by ITrackingService.unregisterClient
12-27 04:58:33.555   945  1104 I TrackingService: Failed to unregister client because client not found in registered list
12-27 04:58:33.555   945  1104 I TrackingService: Failed to unregister client because client not found in registered list
12-27 04:58:33.555   945  1104 I TrackingService: Failed to unregister client because client not found in registered list
12-27 04:58:33.555   945  1104 I TrackingService: Failed to unregister client because client not found in registered list
12-27 04:58:33.555   945  1104 I TrackingService: Failed to unregister client because client not found in registered list
12-27 04:58:33.555   945  1104 I TrackingService: Failed to unregister client because client not found in registered list
12-27 04:58:33.555   945  1104 I TrackingService: Failed to unregister client because client not found in registered list
12-27 04:58:33.555   945  1104 I TrackingService: Unregistering client by ITrackingService.unregisterClient
12-27 04:58:33.555   945  1104 I TrackingService: Failed to unregister client because client not found in registered list
12-27 04:58:33.555   945  1104 I TrackingService: Unregistering client by ITrackingService.unregisterClient
12-27 04:58:33.555   945  1104 I TrackingService: Failed to unregister client because client not found in registered list
12-27 04:58:33.555   945  1104 D TrackingService: unregister: com.oculus.vrshell
12-27 04:58:33.568   787 10113 I SyncBossInput: [info   ] [jedi (right) d3d05f47xxxxxxxx]:       3 [info   ] {TSDY}: Read user cal successfully
12-27 04:58:33.608   787 10113 I SyncBossInput: [info   ] [jedi (right) d3d05f47xxxxxxxx]:       3 [info   ] {TSDY}: updates: 0, flash writes: 1
12-27 04:58:33.664   787 10113 I SyncBossInput: [info   ] [jedi (right) d3d05f47xxxxxxxx]:       3 [info   ] {TSDY}: range:x_min:3655 x_max:13880 y_min:2853 y_max:12525
12-27 04:58:33.710   787 10113 I SyncBossInput: [info   ] [jedi (right) d3d05f47xxxxxxxx]:       3 [info   ] {TSDY}: db percent: inner:18, outer:6
12-27 04:58:33.760     0     0 W healthd : battery l=100 v=4296 t=25.0 h=2 st=4 c=-774901 fc=3749000 cc=3 chg=u
12-27 04:58:33.771   787 10113 I SyncBossInput: [info   ] [jedi (right) d3d05f47xxxxxxxx]:       3 [info   ] {TS  }: recenter:xmin:2976,xmax:13200,ymin:2817,ymax:12489
12-27 04:58:33.816   787 10113 I SyncBossInput: [info   ] [jedi (right) d3d05f47xxxxxxxx]:       3 [info   ] {TRG }: Forward trigger range: 618 12016
12-27 04:58:33.858   787 10113 I SyncBossInput: [info   ] [jedi (right) d3d05f47xxxxxxxx]:       3 [info   ] {TRG }: Grip trigger range: 3082 13977
12-27 04:58:33.900   787 10113 I SyncBossInput: [info   ] [jedi (right) d3d05f47xxxxxxxx]:     103 [info   ] {CAPT}: Cap touch init
12-27 04:58:33.943   787 10113 I SyncBossInput: [info   ] [jedi (right) d3d05f47xxxxxxxx]:     105 [info   ] {IMU }: IMU model: ICM42686
12-27 04:58:33.986   787 10113 I SyncBossInput: [info   ] [jedi (right) d3d05f47xxxxxxxx]:     155 [info   ] {THDG}: UNSET -> active_seek
12-27 04:58:34.016   787 10113 I SyncBossInput: [info   ] [jedi (right) d3d05f47xxxxxxxx]:     155 [info   ] {APP }: Init complete
12-27 04:58:34.042  1658 10121 D OVRRemoteService: RemoteService::recordControllerStatusUpdate: device d3d05f47e2487092: status: CONNECTED_ACTIVE tracking: ORIENTATION, errors: --
12-27 04:58:34.046   787 10113 I SyncBossInput: [info   ] [jedi (right) d3d05f47xxxxxxxx]:     216 [info   ] {APP }: Connected
12-27 04:58:34.085  1658 10121 D OVRRemoteService: RemoteService::recordControllerStatusUpdate: device d3d05f47e2487092: status: CONNECTED_ACTIVE tracking: POSITION, errors: --
12-27 04:58:34.090   787 10113 I SyncBossInput: [info   ] [jedi (right) d3d05f47xxxxxxxx]:     217 [info   ] {THDG}: active_seek -> active_connected
12-27 04:58:34.088     0     0 W healthd : battery l=100 v=4298 t=25.2 h=2 st=4 c=-792480 fc=3749000 cc=3 chg=u
12-27 04:58:34.140   787 10113 I SyncBossInput: [info   ] [jedi (right) d3d05f47xxxxxxxx]:     836 [info   ] {HPTH}: Set haptics frequency to 0x2170
12-27 04:58:37.833     0     0 W healthd : battery l=100 v=4297 t=25.2 h=2 st=4 c=-754882 fc=3749000 cc=3 chg=u
12-27 04:58:39.221   787 10113 W SyncBossHAL: [warning] syncboss_hal_data_handlers.c(149): s:0 Long processing time detected for streaming packet type 143 (1021us)
12-27 04:58:41.917     0     0 W healthd : battery l=100 v=4299 t=25.2 h=2 st=4 c=-736327 fc=3749000 cc=3 chg=u
--------- beginning of main
12-27 04:58:43.739  9727 10700 V UE      : [NetworkChangedManager] Connectivity hasn't changed. Current state: CONNECTION_AVAILABLE
12-27 04:58:43.739  9727 10700 V UE      : [NetworkChangedManager] Full network check complete. State: CONNECTION_AVAILABLE
12-27 04:58:43.773  9311 10703 V UE      : [NetworkChangedManager] Connectivity hasn't changed. Current state: CONNECTION_AVAILABLE
12-27 04:58:43.774  9311 10703 V UE      : [NetworkChangedManager] Full network check complete. State: CONNECTION_AVAILABLE
12-27 04:58:43.786 28111 10701 V UE      : [NetworkChangedManager] Connectivity hasn't changed. Current state: CONNECTION_AVAILABLE
12-27 04:58:43.786 28111 10701 V UE      : [NetworkChangedManager] Full network check complete. State: CONNECTION_AVAILABLE
12-27 04:58:43.799  9420 10704 V UE      : [NetworkChangedManager] Connectivity hasn't changed. Current state: CONNECTION_AVAILABLE
12-27 04:58:43.799  9420 10704 V UE      : [NetworkChangedManager] Full network check complete. State: CONNECTION_AVAILABLE
12-27 04:58:43.804  9346 10702 V UE      : [NetworkChangedManager] Connectivity hasn't changed. Current state: CONNECTION_AVAILABLE
12-27 04:58:43.804  9346 10702 V UE      : [NetworkChangedManager] Full network check complete. State: CONNECTION_AVAILABLE
12-27 04:58:43.831   945  1423 I Tracking: LocalizationStateMachine: LocalizationStateMachine updated from FineLocalizationOnly to CoarseAndFineLocalization
12-27 04:58:43.831   945  1423 I Tracking: VEGA_MAPPER: Scheduling coarse localization.
12-27 04:58:43.831   945  1423 I Tracking: VEGA_MAPPER: Scheduling localization on root nodes 3c06380f-0958-3898-3af7-75699c3213b3.
12-27 04:58:43.831   945  1429 E Tracking: FusedSubmapListProvider: fusion logic INTERSECTION_RANKED
12-27 04:58:43.831   945  1429 I Tracking: WifiSubmapListProvider: Using wifi distance model
12-27 04:58:43.848   945  1429 W Tracking: PlaceRecognitionSubmapListProvider: Requested to extract top 20 submaps but we only have 4 in disk.
12-27 04:58:43.851  1985  9863 I VrApi   : FPS=3/0,Prd=0ms,Tear=0,Early=0,Stale=0,Stale2/5/10/max=0/0/0/0,VSnc=0,Lat=-1,Fov=0,CPU4/GPU=5/3,1171/490MHz,OC=FF,TA=0/F/0,SP=N/N/N,Mem=1353MHz,Free=2478MB,PLS=0,Temp=24.7C/0.0C,TW=1.08ms,App=-32.49ms,GD=0.00ms,CPU&GPU=0.00ms,LCnt=1(DR0,LM0),GPU%=0.12,CPU%=0.09(W0.10),DSF=1.00,CFL=11.80/17.42,ICFLp95=15.31,LD=0,SF=0.00,LP=0,DVFS=0
12-27 04:58:43.858   945 10180 W Tracking: TIMESTAMPCHECKER: Nominal rate wrong. Estimated data rate: 25, Nominal is 30
12-27 04:58:43.891   945  1423 I Tracking: VEGA_LOCALIZER: Fallback descriptor ratio in index 0.4885256290435791 is lower than threshold 0.7, skipping fallback matching
12-27 04:58:43.896   945  1423 I Tracking: VEGA_LOCALIZER: Obtained 32 matches from 991 keypoints using udeep descriptors
12-27 04:58:43.896   945  1423 I Tracking: VEGA_LOCALIZER: Obtained 32 total matches from 991 total keypoints
12-27 04:58:43.902   945  1425 I Tracking: LOCALIZATION_POSE_ESTIMATOR: No pose scoring method was provided, not doing pose scoring
12-27 04:58:43.903   945  1425 I Tracking: LOCALIZATION_POSE_ESTIMATOR: Clustered estimation results from: 1 to : 1
12-27 04:58:43.903   945  1425 I Tracking: LOCALIZATION_POSE_ESTIMATOR: Post-RANSAC iterative minimization converged? false, number of successful features: 1, number of inlier observations: 2
12-27 04:58:43.903   945  1425 I Tracking: LOCALIZATION_POSE_ESTIMATOR: Keeping RANSAC pose estimate, iterative-minimization result ignored.
12-27 04:58:43.903   945  1425 I Tracking: LOCALIZATION_POSE_ESTIMATOR: Removed 2 duplicate inliers from the localization result (before: 6, after: 4).
12-27 04:58:43.903   945  1425 I Tracking: LOCALIZATION_POSE_ESTIMATOR: removing duplicate inliers
12-27 04:58:43.903   945  1425 W Tracking: VEGA_LOCALIZER: RANSAC failure: pose couldn't be refined.
12-27 04:58:44.025  9727 10412 I ClientSharedTelemetryStats: App memory usage: PSS=662 MiB, PrivateDirty=477 MiB, PrivateClean=166 MiB, GPU=275.1/275.7 MiB (100% allocated)
12-27 04:58:44.025  9727 10412 I VrApi   : FPS=51/72,Prd=54ms,Tear=0,Early=5,Stale=27,Stale2/5/10/max=5/0/0/3,VSnc=0,Lat=-1,Fov=0,CPU4/GPU=5/4,2419/525MHz,OC=FF,TA=0/0/0,SP=N/N/N,Mem=2092MHz,Free=2449MB,PLS=0,Temp=25.2C/0.0C,TW=1.78ms,App=16.13ms,GD=0.00ms,CPU&GPU=32.23ms,LCnt=1(DR72,LM0),GPU%=0.99,CPU%=0.46(W0.50),DSF=1.00,CFL=13.93/19.36,ICFLp95=17.44,LD=0,SF=1.00,LP=0,DVFS=0
12-27 04:58:44.077   945  1423 I Tracking: LocalizationStateMachine: All 1 submap set to load (and no more) are already in memory
12-27 04:58:44.077   945  1423 I Tracking: LocalizationStateMachine: Ignoring submap sets to be loaded since they are already all in memory.
12-27 04:58:44.077   945  1423 I Tracking: LocalizationStateMachine: Not scheduling coarse localization since last coarse reloc is < 1s old.
12-27 04:58:44.077   945  1423 I Tracking: LocalizationStateMachine: LocalizationStateMachine updated from CoarseAndFineLocalization to FineLocalizationOnly
12-27 04:58:44.077   945  1423 I Tracking: VEGA_MAPPER: Scheduling localization on root nodes 3c06380f-0958-3898-3af7-75699c3213b3.
12-27 04:58:44.140   945  1423 I Tracking: VEGA_LOCALIZER: Fallback descriptor ratio in index 0.4885256290435791 is lower than threshold 0.7, skipping fallback matching
12-27 04:58:44.143   945 10180 I Tracking: boltlib: DSP utilization: 19.58 % (979 / 5001 ms)
12-27 04:58:44.145   945  1423 I Tracking: VEGA_LOCALIZER: Obtained 36 matches from 997 keypoints using udeep descriptors
12-27 04:58:44.145   945  1423 I Tracking: VEGA_LOCALIZER: Obtained 36 total matches from 997 total keypoints
12-27 04:58:44.146   945  1425 I Tracking: LOCALIZATION_POSE_ESTIMATOR: No pose scoring method was provided, not doing pose scoring
12-27 04:58:44.155   945  1425 I Tracking: LOCALIZATION_POSE_ESTIMATOR: Clustered estimation results from: 1 to : 1
12-27 04:58:44.156   945  1425 I Tracking: LOCALIZATION_POSE_ESTIMATOR: Post-RANSAC iterative minimization converged? false, number of successful features: 2, number of inlier observations: 7
12-27 04:58:44.156   945  1425 I Tracking: LOCALIZATION_POSE_ESTIMATOR: Keeping RANSAC pose estimate, iterative-minimization result ignored.
12-27 04:58:44.156   945  1425 I Tracking: LOCALIZATION_POSE_ESTIMATOR: Removed 2 duplicate inliers from the localization result (before: 6, after: 4).
12-27 04:58:44.156   945  1425 I Tracking: LOCALIZATION_POSE_ESTIMATOR: removing duplicate inliers
12-27 04:58:44.156   945  1425 W Tracking: VEGA_LOCALIZER: RANSAC failure: pose couldn't be refined.
12-27 04:58:44.317   945  1423 I Tracking: LocalizationStateMachine: Not scheduling coarse localization since last coarse reloc is < 1s old.
12-27 04:58:44.323   945  1423 I Tracking: VEGA_MAPPER: Scheduling localization on root nodes 3c06380f-0958-3898-3af7-75699c3213b3.
12-27 04:58:44.390   945  1423 I Tracking: VEGA_LOCALIZER: Fallback descriptor ratio in index 0.4885256290435791 is lower than threshold 0.7, skipping fallback matching
12-27 04:58:44.406   945  1423 I Tracking: VEGA_LOCALIZER: Obtained 28 matches from 996 keypoints using udeep descriptors
12-27 04:58:44.406   945  1423 I Tracking: VEGA_LOCALIZER: Obtained 28 total matches from 996 total keypoints
12-27 04:58:44.407   945  1425 I Tracking: LOCALIZATION_POSE_ESTIMATOR: No pose scoring method was provided, not doing pose scoring
12-27 04:58:44.408   945  1425 I Tracking: LOCALIZATION_POSE_ESTIMATOR: Clustered estimation results from: 1 to : 1
12-27 04:58:44.409   945  1425 I Tracking: LOCALIZATION_POSE_ESTIMATOR: Post-RANSAC iterative minimization converged? false, number of successful features: 2, number of inlier observations: 4
12-27 04:58:44.409   945  1425 I Tracking: LOCALIZATION_POSE_ESTIMATOR: Keeping RANSAC pose estimate, iterative-minimization result ignored.
12-27 04:58:44.409   945  1425 I Tracking: LOCALIZATION_POSE_ESTIMATOR: removing duplicate inliers
12-27 04:58:44.409   945  1425 W Tracking: VEGA_LOCALIZER: RANSAC failure: didn't find enough inliers for next step. Needs at least 4, got 3.
12-27 04:58:44.558   945  1423 I Tracking: LocalizationStateMachine: Not scheduling coarse localization since last coarse reloc is < 1s old.
12-27 04:58:44.564   945  1423 I Tracking: VEGA_MAPPER: Scheduling localization on root nodes 3c06380f-0958-3898-3af7-75699c3213b3.
12-27 04:58:44.619   945  1425 I Tracking: VIPER:DEEP_DESCRIPTOR: Computing Deep Descriptors using gravity orientation.
12-27 04:58:44.660   945  1423 I Tracking: VEGA_LOCALIZER: Fallback descriptor ratio in index 0.4885256290435791 is lower than threshold 0.7, skipping fallback matching
12-27 04:58:44.664   945  1423 I Tracking: VEGA_LOCALIZER: Obtained 27 matches from 993 keypoints using udeep descriptors
12-27 04:58:44.664   945  1423 I Tracking: VEGA_LOCALIZER: Obtained 27 total matches from 993 total keypoints
12-27 04:58:44.665   945  1425 I Tracking: LOCALIZATION_POSE_ESTIMATOR: No pose scoring method was provided, not doing pose scoring
12-27 04:58:44.667   945  1425 I Tracking: LOCALIZATION_POSE_ESTIMATOR: Clustered estimation results from: 1 to : 1
12-27 04:58:44.667   945  1425 I Tracking: LOCALIZATION_POSE_ESTIMATOR: Post-RANSAC iterative minimization converged? false, number of successful features: 1, number of inlier observations: 1
12-27 04:58:44.667   945  1425 I Tracking: LOCALIZATION_POSE_ESTIMATOR: Keeping RANSAC pose estimate, iterative-minimization result ignored.
12-27 04:58:44.667   945  1425 I Tracking: LOCALIZATION_POSE_ESTIMATOR: removing duplicate inliers
12-27 04:58:44.668   945  1425 W Tracking: VEGA_LOCALIZER: RANSAC failure: pose couldn't be refined.
12-27 04:58:44.721   945 10205 I Tracking: CONSTELLATION: [Throttled count=1] left: : Pushing zero velocity update
12-27 04:58:44.801   945  1423 I Tracking: LocalizationStateMachine: Not scheduling coarse localization since last coarse reloc is < 1s old.
12-27 04:58:44.802   945  1423 I Tracking: VEGA_MAPPER: Scheduling localization on root nodes 3c06380f-0958-3898-3af7-75699c3213b3.
12-27 04:58:44.883   945  1423 I Tracking: VEGA_LOCALIZER: Fallback descriptor ratio in index 0.4885256290435791 is lower than threshold 0.7, skipping fallback matching
12-27 04:58:44.887   945  1423 I Tracking: VEGA_LOCALIZER: Obtained 37 matches from 994 keypoints using udeep descriptors
12-27 04:58:44.887   945  1423 I Tracking: VEGA_LOCALIZER: Obtained 37 total matches from 994 total keypoints
12-27 04:58:44.888   945  1425 I Tracking: LOCALIZATION_POSE_ESTIMATOR: No pose scoring method was provided, not doing pose scoring
12-27 04:58:44.889   945  1425 I Tracking: LOCALIZATION_POSE_ESTIMATOR: Clustered estimation results from: 1 to : 1
12-27 04:58:44.889   945  1425 I Tracking: LOCALIZATION_POSE_ESTIMATOR: Post-RANSAC iterative minimization converged? false, number of successful features: 1, number of inlier observations: 1
12-27 04:58:44.889   945  1425 I Tracking: LOCALIZATION_POSE_ESTIMATOR: Keeping RANSAC pose estimate, iterative-minimization result ignored.
12-27 04:58:44.889   945  1425 I Tracking: LOCALIZATION_POSE_ESTIMATOR: Removed 1 duplicate inliers from the localization result (before: 4, after: 3).
12-27 04:58:44.889   945  1425 I Tracking: LOCALIZATION_POSE_ESTIMATOR: removing duplicate inliers
12-27 04:58:44.889   945  1425 W Tracking: VEGA_LOCALIZER: RANSAC failure: didn't find enough inliers for next step. Needs at least 4, got 3.
12-27 04:58:44.890  1985  9863 I VrApi   : FPS=3/0,Prd=0ms,Tear=0,Early=0,Stale=0,Stale2/5/10/max=0/0/0/0,VSnc=0,Lat=-1,Fov=0,CPU4/GPU=5/3,1171/490MHz,OC=FF,TA=0/F/0,SP=N/N/N,Mem=1353MHz,Free=2478MB,PLS=0,Temp=24.7C/0.0C,TW=1.08ms,App=-32.49ms,GD=0.00ms,CPU&GPU=0.00ms,LCnt=1(DR0,LM0),GPU%=0.12,CPU%=0.09(W0.10),DSF=1.00,CFL=11.80/17.42,ICFLp95=15.31,LD=0,SF=0.00,LP=0,DVFS=0
12-27 04:58:45.002  9727 10412 I VrApi   : FPS=50/72,Prd=54ms,Tear=0,Early=5,Stale=29,Stale2/5/10/max=6/0/0/2,VSnc=0,Lat=-1,Fov=0,CPU4/GPU=5/4,1766/525MHz,OC=FF,TA=0/0/0,SP=N/N/N,Mem=2092MHz,Free=2449MB,PLS=0,Temp=25.2C/0.0C,TW=1.75ms,App=16.63ms,GD=0.00ms,CPU&GPU=34.07ms,LCnt=1(DR72,LM0),GPU%=0.98,CPU%=0.47(W0.50),DSF=1.00,CFL=13.80/19.48,ICFLp95=17.37,LD=0,SF=1.00,LP=0,DVFS=0
12-27 04:58:45.038   945  1423 I Tracking: LocalizationStateMachine: LocalizationStateMachine updated from FineLocalizationOnly to CoarseAndFineLocalization
12-27 04:58:45.039   945  1423 I Tracking: VEGA_MAPPER: Scheduling coarse localization.
12-27 04:58:45.039   945  1423 I Tracking: VEGA_MAPPER: Scheduling localization on root nodes 3c06380f-0958-3898-3af7-75699c3213b3.
12-27 04:58:45.039   945  1429 E Tracking: FusedSubmapListProvider: fusion logic INTERSECTION_RANKED
12-27 04:58:45.039   945  1429 I Tracking: WifiSubmapListProvider: Using wifi distance model
12-27 04:58:45.053   945  1429 W Tracking: PlaceRecognitionSubmapListProvider: Requested to extract top 20 submaps but we only have 4 in disk.
12-27 04:58:45.107   945  1423 I Tracking: VEGA_LOCALIZER: Fallback descriptor ratio in index 0.4885256290435791 is lower than threshold 0.7, skipping fallback matching
12-27 04:58:45.111   945  1423 I Tracking: VEGA_LOCALIZER: Obtained 43 matches from 996 keypoints using udeep descriptors
12-27 04:58:45.111   945  1423 I Tracking: VEGA_LOCALIZER: Obtained 43 total matches from 996 total keypoints
12-27 04:58:45.113   945  1425 I Tracking: LOCALIZATION_POSE_ESTIMATOR: No pose scoring method was provided, not doing pose scoring
12-27 04:58:45.118   945  1425 I Tracking: LOCALIZATION_POSE_ESTIMATOR: Clustered estimation results from: 1 to : 1
12-27 04:58:45.118   945  1425 I Tracking: LOCALIZATION_POSE_ESTIMATOR: Post-RANSAC iterative minimization converged? false, number of successful features: 2, number of inlier observations: 3
12-27 04:58:45.118   945  1425 I Tracking: LOCALIZATION_POSE_ESTIMATOR: Keeping RANSAC pose estimate, iterative-minimization result ignored.
12-27 04:58:45.118   945  1425 I Tracking: LOCALIZATION_POSE_ESTIMATOR: removing duplicate inliers
12-27 04:58:45.118   945  1425 W Tracking: VEGA_LOCALIZER: RANSAC failure: pose couldn't be refined.
12-27 04:58:45.279   945  1423 I Tracking: LocalizationStateMachine: All 1 submap set to load (and no more) are already in memory
12-27 04:58:45.279   945  1423 I Tracking: LocalizationStateMachine: Ignoring submap sets to be loaded since they are already all in memory.
12-27 04:58:45.279   945  1423 I Tracking: LocalizationStateMachine: Not scheduling coarse localization since last coarse reloc is < 1s old.
12-27 04:58:45.280   945  1423 I Tracking: LocalizationStateMachine: LocalizationStateMachine updated from CoarseAndFineLocalization to FineLocalizationOnly
12-27 04:58:45.280   945  1423 I Tracking: VEGA_MAPPER: Scheduling localization on root nodes 3c06380f-0958-3898-3af7-75699c3213b3.
12-27 04:58:45.376   945  1423 I Tracking: VEGA_LOCALIZER: Fallback descriptor ratio in index 0.4885256290435791 is lower than threshold 0.7, skipping fallback matching
12-27 04:58:45.383   945  1423 I Tracking: VEGA_LOCALIZER: Obtained 45 matches from 995 keypoints using udeep descriptors
12-27 04:58:45.383   945  1423 I Tracking: VEGA_LOCALIZER: Obtained 45 total matches from 995 total keypoints
12-27 04:58:45.384   945  1425 I Tracking: LOCALIZATION_POSE_ESTIMATOR: No pose scoring method was provided, not doing pose scoring
12-27 04:58:45.386   945  1425 I Tracking: LOCALIZATION_POSE_ESTIMATOR: Clustered estimation results from: 1 to : 1
12-27 04:58:45.386   945  1425 I Tracking: LOCALIZATION_POSE_ESTIMATOR: Post-RANSAC iterative minimization converged? false, number of successful features: 0, number of inlier observations: 0
12-27 04:58:45.386   945  1425 I Tracking: LOCALIZATION_POSE_ESTIMATOR: Keeping RANSAC pose estimate, iterative-minimization result ignored.
12-27 04:58:45.386   945  1425 I Tracking: LOCALIZATION_POSE_ESTIMATOR: removing duplicate inliers
12-27 04:58:45.386   945  1425 W Tracking: VEGA_LOCALIZER: RANSAC failure: pose couldn't be refined.
12-27 04:58:45.518   945  1423 I Tracking: LocalizationStateMachine: Not scheduling coarse localization since last coarse reloc is < 1s old.
12-27 04:58:45.519   945  1423 I Tracking: VEGA_MAPPER: Scheduling localization on root nodes 3c06380f-0958-3898-3af7-75699c3213b3.
12-27 04:58:45.602   945  1423 I Tracking: VEGA_LOCALIZER: Fallback descriptor ratio in index 0.4885256290435791 is lower than threshold 0.7, skipping fallback matching
12-27 04:58:45.606   945  1423 I Tracking: VEGA_LOCALIZER: Obtained 44 matches from 996 keypoints using udeep descriptors
12-27 04:58:45.606   945  1423 I Tracking: VEGA_LOCALIZER: Obtained 44 total matches from 996 total keypoints
12-27 04:58:45.607   945  1425 I Tracking: LOCALIZATION_POSE_ESTIMATOR: No pose scoring method was provided, not doing pose scoring
12-27 04:58:45.608   945  1425 I Tracking: LOCALIZATION_POSE_ESTIMATOR: Clustered estimation results from: 1 to : 1
12-27 04:58:45.609   945  1425 I Tracking: LOCALIZATION_POSE_ESTIMATOR: Post-RANSAC iterative minimization converged? true, number of successful features: 4, number of inlier observations: 4
12-27 04:58:45.609   945  1425 I Tracking: LOCALIZATION_POSE_ESTIMATOR: removing duplicate inliers
12-27 04:58:45.609   945  1425 W Tracking: VEGA_LOCALIZER: RANSAC failure: pose couldn't be refined.
12-27 04:58:45.726   945 10205 I Tracking: CONSTELLATION: [Throttled count=42] left: : Pushing zero velocity update
12-27 04:58:45.758   945  1423 I Tracking: LocalizationStateMachine: Not scheduling coarse localization since last coarse reloc is < 1s old.
12-27 04:58:45.758   945  1423 I Tracking: VEGA_MAPPER: Scheduling localization on root nodes 3c06380f-0958-3898-3af7-75699c3213b3.
12-27 04:58:45.766   945  1425 I Tracking: VIPER:DEEP_DESCRIPTOR: Computing Deep Descriptors using gravity orientation.
12-27 04:58:45.808   945 10205 W Tracking: CONSTELLATION:MATCHING: [Throttled count=1] Anomalous blob size detected => Resetting matches for controller 9d17e7ce194bc1ec (L).
12-27 04:58:45.838   945  1423 I Tracking: VEGA_LOCALIZER: Fallback descriptor ratio in index 0.4885256290435791 is lower than threshold 0.7, skipping fallback matching
12-27 04:58:45.842   945  1423 I Tracking: VEGA_LOCALIZER: Obtained 49 matches from 950 keypoints using udeep descriptors
12-27 04:58:45.843   945  1423 I Tracking: VEGA_LOCALIZER: Obtained 49 total matches from 950 total keypoints
12-27 04:58:45.844   945  1425 I Tracking: LOCALIZATION_POSE_ESTIMATOR: No pose scoring method was provided, not doing pose scoring
12-27 04:58:45.845   945  1425 I Tracking: LOCALIZATION_POSE_ESTIMATOR: Clustered estimation results from: 1 to : 1
12-27 04:58:45.845   945  1425 I Tracking: LOCALIZATION_POSE_ESTIMATOR: Post-RANSAC iterative minimization converged? false, number of successful features: 2, number of inlier observations: 4
12-27 04:58:45.845   945  1425 I Tracking: LOCALIZATION_POSE_ESTIMATOR: Keeping RANSAC pose estimate, iterative-minimization result ignored.
12-27 04:58:45.845   945  1425 I Tracking: LOCALIZATION_POSE_ESTIMATOR: removing duplicate inliers
12-27 04:58:45.845   945  1425 W Tracking: VEGA_LOCALIZER: RANSAC failure: pose couldn't be refined.
12-27 04:58:45.898   945 10180 W Tracking: TIMESTAMPCHECKER: Nominal rate wrong. Estimated data rate: 25, Nominal is 30
12-27 04:58:45.930  1985  9863 I VrApi   : FPS=3/0,Prd=0ms,Tear=0,Early=0,Stale=0,Stale2/5/10/max=0/0/0/0,VSnc=0,Lat=-1,Fov=0,CPU4/GPU=5/3,1171/490MHz,OC=FF,TA=0/F/0,SP=N/N/N,Mem=1353MHz,Free=2478MB,PLS=0,Temp=24.7C/0.0C,TW=1.08ms,App=-32.49ms,GD=0.00ms,CPU&GPU=0.00ms,LCnt=1(DR0,LM0),GPU%=0.12,CPU%=0.09(W0.10),DSF=1.00,CFL=11.80/17.42,ICFLp95=15.31,LD=0,SF=0.00,LP=0,DVFS=0
12-27 04:58:45.992   945  1423 I Tracking: LocalizationStateMachine: Not scheduling coarse localization since last coarse reloc is < 1s old.
12-27 04:58:45.994   945  1423 I Tracking: VEGA_MAPPER: Scheduling localization on root nodes 3c06380f-0958-3898-3af7-75699c3213b3.
12-27 04:58:46.002  9727 10412 I VrApi   : FPS=51/72,Prd=54ms,Tear=0,Early=4,Stale=25,Stale2/5/10/max=4/0/0/2,VSnc=0,Lat=-1,Fov=0,CPU4/GPU=5/4,1478/525MHz,OC=FF,TA=0/0/0,SP=N/N/N,Mem=2092MHz,Free=2449MB,PLS=0,Temp=25.2C/0.0C,TW=1.77ms,App=16.22ms,GD=0.00ms,CPU&GPU=31.52ms,LCnt=1(DR72,LM0),GPU%=0.97,CPU%=0.44(W0.48),DSF=1.00,CFL=13.99/19.71,ICFLp95=17.53,LD=0,SF=1.00,LP=0,DVFS=0
12-27 04:58:46.052   945  1423 I Tracking: VEGA_LOCALIZER: Fallback descriptor ratio in index 0.4885256290435791 is lower than threshold 0.7, skipping fallback matching
12-27 04:58:46.056   945  1423 I Tracking: VEGA_LOCALIZER: Obtained 39 matches from 996 keypoints using udeep descriptors
12-27 04:58:46.056   945  1423 I Tracking: VEGA_LOCALIZER: Obtained 39 total matches from 996 total keypoints
12-27 04:58:46.058   945  1425 I Tracking: LOCALIZATION_POSE_ESTIMATOR: No pose scoring method was provided, not doing pose scoring
12-27 04:58:46.059   945  1425 I Tracking: LOCALIZATION_POSE_ESTIMATOR: Clustered estimation results from: 1 to : 1
12-27 04:58:46.060   945  1425 I Tracking: LOCALIZATION_POSE_ESTIMATOR: Post-RANSAC iterative minimization converged? false, number of successful features: 2, number of inlier observations: 5
12-27 04:58:46.060   945  1425 I Tracking: LOCALIZATION_POSE_ESTIMATOR: Keeping RANSAC pose estimate, iterative-minimization result ignored.
12-27 04:58:46.060   945  1425 I Tracking: LOCALIZATION_POSE_ESTIMATOR: Removed 1 duplicate inliers from the localization result (before: 5, after: 4).
12-27 04:58:46.060   945  1425 I Tracking: LOCALIZATION_POSE_ESTIMATOR: removing duplicate inliers
12-27 04:58:46.060   945  1425 W Tracking: VEGA_LOCALIZER: RANSAC failure: pose couldn't be refined.
12-27 04:58:46.236   945  1423 I Tracking: LocalizationStateMachine: LocalizationStateMachine updated from FineLocalizationOnly to CoarseAndFineLocalization
12-27 04:58:46.236   945  1423 I Tracking: VEGA_MAPPER: Scheduling coarse localization.
12-27 04:58:46.236   945  1423 I Tracking: VEGA_MAPPER: Scheduling localization on root nodes 3c06380f-0958-3898-3af7-75699c3213b3.
12-27 04:58:46.236   945  1429 E Tracking: FusedSubmapListProvider: fusion logic INTERSECTION_RANKED
12-27 04:58:46.237   945  1429 I Tracking: WifiSubmapListProvider: Using wifi distance model
12-27 04:58:46.249   945  1429 W Tracking: PlaceRecognitionSubmapListProvider: Requested to extract top 20 submaps but we only have 4 in disk.
12-27 04:58:46.294   945  1423 I Tracking: VEGA_LOCALIZER: Fallback descriptor ratio in index 0.4885256290435791 is lower than threshold 0.7, skipping fallback matching
12-27 04:58:46.300   945  1423 I Tracking: VEGA_LOCALIZER: Obtained 43 matches from 994 keypoints using udeep descriptors
12-27 04:58:46.300   945  1423 I Tracking: VEGA_LOCALIZER: Obtained 43 total matches from 994 total keypoints
12-27 04:58:46.302   945  1425 I Tracking: LOCALIZATION_POSE_ESTIMATOR: No pose scoring method was provided, not doing pose scoring
12-27 04:58:46.303   945  1425 I Tracking: LOCALIZATION_POSE_ESTIMATOR: Clustered estimation results from: 1 to : 1
12-27 04:58:46.303   945  1425 I Tracking: LOCALIZATION_POSE_ESTIMATOR: Post-RANSAC iterative minimization converged? true, number of successful features: 4, number of inlier observations: 7
12-27 04:58:46.303   945  1425 I Tracking: LOCALIZATION_POSE_ESTIMATOR: Removed 1 duplicate inliers from the localization result (before: 7, after: 6).
12-27 04:58:46.303   945  1425 I Tracking: LOCALIZATION_POSE_ESTIMATOR: removing duplicate inliers
12-27 04:58:46.304   945  1425 W Tracking: VEGA_LOCALIZER: RANSAC failure: pose couldn't be refined.
12-27 04:58:46.473   945 10180 I Tracking: VIPER: Mode=SuperVega,Status=6DoF,TRACKING,Inl=29,Mem=94.8,Jit=0.7mm,Issues(Cam/min=0.0,IMU/min=0.0),Exp=(8.6ms,g=11.0,I=82,Ir=863.9)(9.1ms,g=11.0,I=69,Ir=690.1)(9.1ms,g=11.0,I=93,Ir=931.9)(5.8ms,g=6.0,I=76,Ir=2169.4)
12-27 04:58:46.475   945  1423 I Tracking: LocalizationStateMachine: All 1 submap set to load (and no more) are already in memory
12-27 04:58:46.475   945  1423 I Tracking: LocalizationStateMachine: Ignoring submap sets to be loaded since they are already all in memory.
12-27 04:58:46.475   945  1423 I Tracking: LocalizationStateMachine: Not scheduling coarse localization since last coarse reloc is < 1s old.
12-27 04:58:46.475   945  1423 I Tracking: LocalizationStateMachine: LocalizationStateMachine updated from CoarseAndFineLocalization to FineLocalizationOnly
12-27 04:58:46.476   945  1423 I Tracking: VEGA_MAPPER: Scheduling localization on root nodes 3c06380f-0958-3898-3af7-75699c3213b3.
12-27 04:58:46.556  9727  9773 V UE      : [NetworkChangedManager] Network Capabilities changed, has Internet: true
12-27 04:58:46.560  9727 10737 V UE      : [NetworkChangedManager] Verifying internet connection with host: https://example.com/
12-27 04:58:46.565   945  1423 I Tracking: VEGA_LOCALIZER: Fallback descriptor ratio in index 0.4885256290435791 is lower than threshold 0.7, skipping fallback matching
12-27 04:58:46.571  9420  9480 V UE      : [NetworkChangedManager] Network Capabilities changed, has Internet: true
12-27 04:58:46.572 28111 28149 V UE      : [NetworkChangedManager] Network Capabilities changed, has Internet: true
12-27 04:58:46.572  9346  9462 V UE      : [NetworkChangedManager] Network Capabilities changed, has Internet: true
12-27 04:58:46.574   945  1423 I Tracking: VEGA_LOCALIZER: Obtained 39 matches from 994 keypoints using udeep descriptors
12-27 04:58:46.574   945  1423 I Tracking: VEGA_LOCALIZER: Obtained 39 total matches from 994 total keypoints
12-27 04:58:46.581  3265  3265 D MetaCam (DeviceLifecycleManager): onCapabilitiesChanged(...). Has NET_CAPABILITY_VALIDATED.
12-27 04:58:46.581  9311  9327 V UE      : [NetworkChangedManager] Network Capabilities changed, has Internet: true
12-27 04:58:46.582   945  1425 I Tracking: LOCALIZATION_POSE_ESTIMATOR: No pose scoring method was provided, not doing pose scoring
12-27 04:58:46.584   945  1425 I Tracking: LOCALIZATION_POSE_ESTIMATOR: Clustered estimation results from: 1 to : 1
12-27 04:58:46.584  9420 10739 V UE      : [NetworkChangedManager] Verifying internet connection with host: https://example.com/
12-27 04:58:46.584   945  1425 I Tracking: LOCALIZATION_POSE_ESTIMATOR: Post-RANSAC iterative minimization converged? false, number of successful features: 1, number of inlier observations: 1
12-27 04:58:46.584   945  1425 I Tracking: LOCALIZATION_POSE_ESTIMATOR: Keeping RANSAC pose estimate, iterative-minimization result ignored.
12-27 04:58:46.584   945  1425 I Tracking: LOCALIZATION_POSE_ESTIMATOR: Removed 1 duplicate inliers from the localization result (before: 5, after: 4).
12-27 04:58:46.584   945  1425 I Tracking: LOCALIZATION_POSE_ESTIMATOR: removing duplicate inliers
12-27 04:58:46.584   945  1425 W Tracking: VEGA_LOCALIZER: RANSAC failure: pose couldn't be refined.
12-27 04:58:46.583  1658  1789 D ControllerManagement: P2p group not formed. No need to switch band.
12-27 04:58:46.588  9346 10738 V UE      : [NetworkChangedManager] Verifying internet connection with host: https://example.com/
12-27 04:58:46.598   797  1208 D AudioFlinger: mixer(0xb4000078904bfa00) throttle end: throttle time(3)
12-27 04:58:46.600 28111 10740 V UE      : [NetworkChangedManager] Verifying internet connection with host: https://example.com/
12-27 04:58:46.604  9311 10741 V UE      : [NetworkChangedManager] Verifying internet connection with host: https://example.com/
12-27 04:58:46.700  2875 10186 I CompositorVR: WarpToScreen: Skipping frames for 2
12-27 04:58:46.716   945  1423 I Tracking: LocalizationStateMachine: Not scheduling coarse localization since last coarse reloc is < 1s old.
12-27 04:58:46.716   945  1423 I Tracking: VEGA_MAPPER: Scheduling localization on root nodes 3c06380f-0958-3898-3af7-75699c3213b3.
12-27 04:58:46.777  9727 10737 V UE      : [NetworkChangedManager] Connectivity hasn't changed. Current state: CONNECTION_AVAILABLE
12-27 04:58:46.777  9727 10737 V UE      : [NetworkChangedManager] Full network check complete. State: CONNECTION_AVAILABLE
12-27 04:58:46.788   945  1423 I Tracking: VEGA_LOCALIZER: Fallback descriptor ratio in index 0.4885256290435791 is lower than threshold 0.7, skipping fallback matching
12-27 04:58:46.796   945  1423 I Tracking: VEGA_LOCALIZER: Obtained 29 matches from 980 keypoints using udeep descriptors
12-27 04:58:46.796   945  1423 I Tracking: VEGA_LOCALIZER: Obtained 29 total matches from 980 total keypoints
12-27 04:58:46.802   945  1425 I Tracking: LOCALIZATION_POSE_ESTIMATOR: No pose scoring method was provided, not doing pose scoring
12-27 04:58:46.803   945  1425 I Tracking: LOCALIZATION_POSE_ESTIMATOR: Clustered estimation results from: 1 to : 1
12-27 04:58:46.803   945  1425 I Tracking: LOCALIZATION_POSE_ESTIMATOR: Post-RANSAC iterative minimization converged? false, number of successful features: 2, number of inlier observations: 2
12-27 04:58:46.803   945  1425 I Tracking: LOCALIZATION_POSE_ESTIMATOR: Keeping RANSAC pose estimate, iterative-minimization result ignored.
12-27 04:58:46.803   945  1425 I Tracking: LOCALIZATION_POSE_ESTIMATOR: Removed 2 duplicate inliers from the localization result (before: 4, after: 2).
12-27 04:58:46.803   945  1425 I Tracking: LOCALIZATION_POSE_ESTIMATOR: removing duplicate inliers
12-27 04:58:46.803   945  1425 W Tracking: VEGA_LOCALIZER: RANSAC failure: didn't find enough inliers for next step. Needs at least 4, got 2.
12-27 04:58:46.841  9420 10739 V UE      : [NetworkChangedManager] Connectivity hasn't changed. Current state: CONNECTION_AVAILABLE
12-27 04:58:46.841  9420 10739 V UE      : [NetworkChangedManager] Full network check complete. State: CONNECTION_AVAILABLE
12-27 04:58:46.847  9346 10738 V UE      : [NetworkChangedManager] Connectivity hasn't changed. Current state: CONNECTION_AVAILABLE
12-27 04:58:46.848  9346 10738 V UE      : [NetworkChangedManager] Full network check complete. State: CONNECTION_AVAILABLE
12-27 04:58:46.850 28111 10740 V UE      : [NetworkChangedManager] Connectivity hasn't changed. Current state: CONNECTION_AVAILABLE
12-27 04:58:46.850 28111 10740 V UE      : [NetworkChangedManager] Full network check complete. State: CONNECTION_AVAILABLE
12-27 04:58:46.851  9311 10741 V UE      : [NetworkChangedManager] Connectivity hasn't changed. Current state: CONNECTION_AVAILABLE
12-27 04:58:46.851  9311 10741 V UE      : [NetworkChangedManager] Full network check complete. State: CONNECTION_AVAILABLE
12-27 04:58:46.958   945  1423 I Tracking: LocalizationStateMachine: Not scheduling coarse localization since last coarse reloc is < 1s old.
12-27 04:58:46.960   945  1423 I Tracking: VEGA_MAPPER: Scheduling localization on root nodes 3c06380f-0958-3898-3af7-75699c3213b3.
12-27 04:58:46.961  1985  9863 I VrApi   : FPS=3/0,Prd=0ms,Tear=0,Early=0,Stale=0,Stale2/5/10/max=0/0/0/0,VSnc=0,Lat=-1,Fov=0,CPU4/GPU=5/3,1171/490MHz,OC=FF,TA=0/F/0,SP=N/N/N,Mem=1353MHz,Free=2478MB,PLS=0,Temp=24.7C/0.0C,TW=1.08ms,App=-32.49ms,GD=0.00ms,CPU&GPU=0.00ms,LCnt=1(DR0,LM0),GPU%=0.12,CPU%=0.09(W0.10),DSF=1.00,CFL=11.80/17.42,ICFLp95=15.31,LD=0,SF=0.00,LP=0,DVFS=0
12-27 04:58:46.968   945  1425 I Tracking: VIPER:DEEP_DESCRIPTOR: Computing Deep Descriptors using gravity orientation.
12-27 04:58:47.002  9727 10412 I VrApi   : FPS=53/72,Prd=53ms,Tear=0,Early=5,Stale=23,Stale2/5/10/max=2/0/0/2,VSnc=0,Lat=-1,Fov=0,CPU4/GPU=5/4,1478/525MHz,OC=FF,TA=0/0/0,SP=N/N/N,Mem=2092MHz,Free=2449MB,PLS=0,Temp=25.2C/0.0C,TW=1.69ms,App=16.45ms,GD=0.00ms,CPU&GPU=32.24ms,LCnt=1(DR72,LM0),GPU%=1.00,CPU%=0.56(W0.62),DSF=1.00,CFL=14.00/19.48,ICFLp95=17.45,LD=0,SF=1.00,LP=0,DVFS=0
12-27 04:58:47.042   945  1423 I Tracking: VEGA_LOCALIZER: Fallback descriptor ratio in index 0.4885256290435791 is lower than threshold 0.7, skipping fallback matching
12-27 04:58:47.046   945  1423 I Tracking: VEGA_LOCALIZER: Obtained 32 matches from 979 keypoints using udeep descriptors
12-27 04:58:47.046   945  1423 I Tracking: VEGA_LOCALIZER: Obtained 32 total matches from 979 total keypoints
12-27 04:58:47.047   945  1425 I Tracking: LOCALIZATION_POSE_ESTIMATOR: No pose scoring method was provided, not doing pose scoring
12-27 04:58:47.048   945  1425 I Tracking: LOCALIZATION_POSE_ESTIMATOR: Clustered estimation results from: 1 to : 1
12-27 04:58:47.049   945  1425 I Tracking: LOCALIZATION_POSE_ESTIMATOR: Post-RANSAC iterative minimization converged? true, number of successful features: 3, number of inlier observations: 5
12-27 04:58:47.049   945  1425 I Tracking: LOCALIZATION_POSE_ESTIMATOR: Removed 1 duplicate inliers from the localization result (before: 5, after: 4).
12-27 04:58:47.049   945  1425 I Tracking: LOCALIZATION_POSE_ESTIMATOR: removing duplicate inliers
12-27 04:58:47.049   945  1425 W Tracking: VEGA_LOCALIZER: RANSAC failure: pose couldn't be refined.
12-27 04:58:47.123     0     0 W healthd : battery l=100 v=4282 t=25.5 h=2 st=4 c=-905272 fc=3749000 cc=3 chg=u
12-27 04:58:47.139   787 10113 I SyncBossHAL: [info   ] syncboss_hal_input_controller.c(184): Controller 9d17e7cexxxxxxxx battery level changed: 80% -> 70%
12-27 04:58:47.139  9727  9727 D UE      : [GameActivity] Battery: status = 4, rawlevel = 100, scale = 100
12-27 04:58:47.139  9727  9727 D UE      : nativeBatteryEvent(stat = 4, lvl = 100  temp = 25.50 C)
12-27 04:58:47.143   787 10112 D SensorService: Syncboss input 9d17e7ce194bc1ec hardware type 4, subtype 1, revision 0x09
12-27 04:58:47.143   787 10112 I SensorService: preparePairedControllerInfo is adding device with valid 1
12-27 04:58:47.143   787 10112 D SensorService: Syncboss input d3d05f47e2487092 hardware type 4, subtype 2, revision 0x09
12-27 04:58:47.143   787 10112 I SensorService: preparePairedControllerInfo is adding device with valid 1
12-27 04:58:47.144   787 10112 D SensorService: stateChangeNotifierFunc(): Reporting controller info. Change token: 114, paired=2 connected=2
12-27 04:58:47.144  1658 10121 D OVRRemoteService: processStateChange([PairedControllerInfo JEDI 9d17e7ce194bc1ec connected mcnt=0])
12-27 04:58:47.144  1658 10121 D OVRRemoteService: RemoteService::recordControllerStatusUpdate: device 9d17e7ce194bc1ec: status: CONNECTED_ACTIVE tracking: POSITION, errors: --
12-27 04:58:47.144  1658 10121 D OVRRemoteService: processStateChange([PairedControllerInfo JEDI d3d05f47e2487092 connected mcnt=0])
12-27 04:58:47.194   945  1423 I Tracking: LocalizationStateMachine: Not scheduling coarse localization since last coarse reloc is < 1s old.
12-27 04:58:47.195   945  1423 I Tracking: VEGA_MAPPER: Scheduling localization on root nodes 3c06380f-0958-3898-3af7-75699c3213b3.
12-27 04:58:47.254   945  1423 I Tracking: VEGA_LOCALIZER: Fallback descriptor ratio in index 0.4885256290435791 is lower than threshold 0.7, skipping fallback matching
12-27 04:58:47.259   945  1423 I Tracking: VEGA_LOCALIZER: Obtained 27 matches from 991 keypoints using udeep descriptors
12-27 04:58:47.259   945  1423 I Tracking: VEGA_LOCALIZER: Obtained 27 total matches from 991 total keypoints
12-27 04:58:47.260   945  1425 I Tracking: LOCALIZATION_POSE_ESTIMATOR: No pose scoring method was provided, not doing pose scoring
12-27 04:58:47.260   945  1425 I Tracking: LOCALIZATION_POSE_ESTIMATOR: Clustered estimation results from: 1 to : 1
12-27 04:58:47.260   945  1425 I Tracking: LOCALIZATION_POSE_ESTIMATOR: Post-RANSAC iterative minimization converged? false, number of successful features: 0, number of inlier observations: 0
12-27 04:58:47.261   945  1425 I Tracking: LOCALIZATION_POSE_ESTIMATOR: Keeping RANSAC pose estimate, iterative-minimization result ignored.
12-27 04:58:47.261   945  1425 I Tracking: LOCALIZATION_POSE_ESTIMATOR: Removed 3 duplicate inliers from the localization result (before: 5, after: 2).
12-27 04:58:47.261   945  1425 I Tracking: LOCALIZATION_POSE_ESTIMATOR: removing duplicate inliers
12-27 04:58:47.261   945  1425 W Tracking: VEGA_LOCALIZER: RANSAC failure: didn't find enough inliers for next step. Needs at least 4, got 2.
12-27 04:58:47.432   945  1423 I Tracking: LocalizationStateMachine: LocalizationStateMachine updated from FineLocalizationOnly to CoarseAndFineLocalization
12-27 04:58:47.433   945  1423 I Tracking: VEGA_MAPPER: Scheduling coarse localization.
12-27 04:58:47.433   945  1423 I Tracking: VEGA_MAPPER: Scheduling localization on root nodes 3c06380f-0958-3898-3af7-75699c3213b3.
12-27 04:58:47.434   945  1429 E Tracking: FusedSubmapListProvider: fusion logic INTERSECTION_RANKED
12-27 04:58:47.434   945  1429 I Tracking: WifiSubmapListProvider: Using wifi distance model
12-27 04:58:47.449   945  1429 W Tracking: PlaceRecognitionSubmapListProvider: Requested to extract top 20 submaps but we only have 4 in disk.
12-27 04:58:47.471   945 10180 W Tracking: VIO_HAS_TRACKING: Bad tracking: large covariance-weighted vision correction : 440.27056884765625 > 90
12-27 04:58:47.472   945 10180 W Tracking: VEGA:HM:PERCEPTUAL: [94340.539 [sec]] Bad tracking: tracker health is bad
12-27 04:58:47.472   945 10180 I Tracking: VEGA:HM:PERCEPTUAL: [94340.539 [sec]] Perceptual HM: bad tracking while exposing 6DoF. Delaying switch to 3DoF for 0.7998 seconds.
12-27 04:58:47.473   945 10180 I Tracking: VegaTracker: [Throttled count=9] VegaTracker::track returned 369 track measurement(s) 121 track-to-landmark association(s) and 0 closed track ID(s) while reporting poor tracking quality. (isTrackerHealthy = false, isMapTrackingHealthy = true)
12-27 04:58:47.493   945  1423 I Tracking: VEGA_LOCALIZER: Fallback descriptor ratio in index 0.4885256290435791 is lower than threshold 0.7, skipping fallback matching
12-27 04:58:47.499   945  1423 I Tracking: VEGA_LOCALIZER: Obtained 30 matches from 991 keypoints using udeep descriptors
12-27 04:58:47.499   945  1423 I Tracking: VEGA_LOCALIZER: Obtained 30 total matches from 991 total keypoints
12-27 04:58:47.500   945 10180 I Tracking: VegaTracker: [Throttled count=15] Performing big search to recover from bad map tracking or new reloc.
12-27 04:58:47.501   945  1425 I Tracking: LOCALIZATION_POSE_ESTIMATOR: No pose scoring method was provided, not doing pose scoring
12-27 04:58:47.502   945  1425 I Tracking: LOCALIZATION_POSE_ESTIMATOR: Clustered estimation results from: 1 to : 1
12-27 04:58:47.502   945  1425 I Tracking: LOCALIZATION_POSE_ESTIMATOR: Post-RANSAC iterative minimization converged? false, number of successful features: 0, number of inlier observations: 0
12-27 04:58:47.502   945  1425 I Tracking: LOCALIZATION_POSE_ESTIMATOR: Keeping RANSAC pose estimate, iterative-minimization result ignored.
12-27 04:58:47.502   945  1425 I Tracking: LOCALIZATION_POSE_ESTIMATOR: Removed 3 duplicate inliers from the localization result (before: 5, after: 2).
12-27 04:58:47.502   945  1425 I Tracking: LOCALIZATION_POSE_ESTIMATOR: removing duplicate inliers
12-27 04:58:47.502   945  1425 W Tracking: VEGA_LOCALIZER: RANSAC failure: didn't find enough inliers for next step. Needs at least 4, got 2.
12-27 04:58:47.677   945  1423 I Tracking: LocalizationStateMachine: All 1 submap set to load (and no more) are already in memory
12-27 04:58:47.677   945  1423 I Tracking: LocalizationStateMachine: Ignoring submap sets to be loaded since they are already all in memory.
12-27 04:58:47.677   945  1423 I Tracking: LocalizationStateMachine: Not scheduling coarse localization since last coarse reloc is < 1s old.
12-27 04:58:47.677   945  1423 I Tracking: LocalizationStateMachine: LocalizationStateMachine updated from CoarseAndFineLocalization to FineLocalizationOnly
12-27 04:58:47.678   945  1423 I Tracking: VEGA_MAPPER: Scheduling localization on root nodes 3c06380f-0958-3898-3af7-75699c3213b3.
12-27 04:58:47.744   945  1423 I Tracking: VEGA_LOCALIZER: Fallback descriptor ratio in index 0.4885256290435791 is lower than threshold 0.7, skipping fallback matching
12-27 04:58:47.760   945  1423 I Tracking: VEGA_LOCALIZER: Obtained 42 matches from 992 keypoints using udeep descriptors
12-27 04:58:47.760   945  1423 I Tracking: VEGA_LOCALIZER: Obtained 42 total matches from 992 total keypoints
12-27 04:58:47.762   945  1425 I Tracking: LOCALIZATION_POSE_ESTIMATOR: No pose scoring method was provided, not doing pose scoring
12-27 04:58:47.764   945  1425 I Tracking: LOCALIZATION_POSE_ESTIMATOR: Clustered estimation results from: 1 to : 1
12-27 04:58:47.765   945  1425 I Tracking: LOCALIZATION_POSE_ESTIMATOR: Post-RANSAC iterative minimization converged? false, number of successful features: 2, number of inlier observations: 6
12-27 04:58:47.765   945  1425 I Tracking: LOCALIZATION_POSE_ESTIMATOR: Keeping RANSAC pose estimate, iterative-minimization result ignored.
12-27 04:58:47.765   945  1425 I Tracking: LOCALIZATION_POSE_ESTIMATOR: Removed 3 duplicate inliers from the localization result (before: 6, after: 3).
12-27 04:58:47.765   945  1425 I Tracking: LOCALIZATION_POSE_ESTIMATOR: removing duplicate inliers
12-27 04:58:47.766   945  1425 W Tracking: VEGA_LOCALIZER: RANSAC failure: didn't find enough inliers for next step. Needs at least 4, got 3.
12-27 04:58:47.842     0     0 W healthd : battery l=100 v=4282 t=25.5 h=2 st=4 c=-905272 fc=3749000 cc=3 chg=u
12-27 04:58:47.920   945  1423 I Tracking: LocalizationStateMachine: Not scheduling coarse localization since last coarse reloc is < 1s old.
12-27 04:58:47.921   945  1423 I Tracking: VEGA_MAPPER: Scheduling localization on root nodes 3c06380f-0958-3898-3af7-75699c3213b3.
12-27 04:58:47.937   945 10180 W Tracking: TIMESTAMPCHECKER: Nominal rate wrong. Estimated data rate: 25, Nominal is 30
12-27 04:58:47.933     0     0 W healthd : battery l=100 v=4282 t=25.5 h=2 st=4 c=-905272 fc=3749000 cc=3 chg=u
12-27 04:58:47.997   945  1423 I Tracking: VEGA_LOCALIZER: Fallback descriptor ratio in index 0.4885256290435791 is lower than threshold 0.7, skipping fallback matching
12-27 04:58:48.001  1985  9863 I VrApi   : FPS=3/0,Prd=0ms,Tear=0,Early=0,Stale=0,Stale2/5/10/max=0/0/0/0,VSnc=0,Lat=-1,Fov=0,CPU4/GPU=5/3,1171/490MHz,OC=FF,TA=0/F/0,SP=N/N/N,Mem=1353MHz,Free=2478MB,PLS=0,Temp=24.7C/0.0C,TW=1.08ms,App=-32.49ms,GD=0.00ms,CPU&GPU=0.00ms,LCnt=1(DR0,LM0),GPU%=0.12,CPU%=0.09(W0.10),DSF=1.00,CFL=11.80/17.42,ICFLp95=15.31,LD=0,SF=0.00,LP=0,DVFS=0
12-27 04:58:48.001   945  1423 I Tracking: VEGA_LOCALIZER: Obtained 39 matches from 995 keypoints using udeep descriptors
12-27 04:58:48.001   945  1423 I Tracking: VEGA_LOCALIZER: Obtained 39 total matches from 995 total keypoints
12-27 04:58:48.002   945  1425 I Tracking: LOCALIZATION_POSE_ESTIMATOR: No pose scoring method was provided, not doing pose scoring
12-27 04:58:48.002  9727 10412 I VrApi   : FPS=54/72,Prd=53ms,Tear=0,Early=3,Stale=27,Stale2/5/10/max=8/0/0/2,VSnc=0,Lat=-1,Fov=0,CPU4/GPU=5/4,2419/525MHz,OC=FF,TA=0/0/0,SP=N/N/N,Mem=2092MHz,Free=2449MB,PLS=0,Temp=25.5C/0.0C,TW=1.69ms,App=15.24ms,GD=0.00ms,CPU&GPU=41.30ms,LCnt=1(DR72,LM0),GPU%=0.96,CPU%=0.33(W0.43),DSF=1.00,CFL=13.68/19.64,ICFLp95=17.37,LD=0,SF=1.00,LP=0,DVFS=0
12-27 04:58:48.004   945  1425 I Tracking: LOCALIZATION_POSE_ESTIMATOR: Clustered estimation results from: 1 to : 1
12-27 04:58:48.004   945  1425 I Tracking: LOCALIZATION_POSE_ESTIMATOR: Post-RANSAC iterative minimization converged? false, number of successful features: 0, number of inlier observations: 0
12-27 04:58:48.004   945  1425 I Tracking: LOCALIZATION_POSE_ESTIMATOR: Keeping RANSAC pose estimate, iterative-minimization result ignored.
12-27 04:58:48.004   945  1425 I Tracking: LOCALIZATION_POSE_ESTIMATOR: Removed 1 duplicate inliers from the localization result (before: 6, after: 5).
12-27 04:58:48.004   945  1425 I Tracking: LOCALIZATION_POSE_ESTIMATOR: removing duplicate inliers
