12-29 03:28:57.717  1232  1576 D UE      : [2023.12.28-22.28.57:717][  0]LogTexture: Error: Texture2D /Engine/EngineSky/VolumetricClouds/CloudGradientTexture.CloudGradientTexture contains no miplevels! Please delete. (Format: 0)
12-29 03:28:57.719  3111  3210 I GuardianSystem: ForceShowGuardian: false, 3.00
12-29 03:28:57.719  3111  3210 I StateMachine: StateMachine::HandleEvent ForceShow: forceShowForTime -> ForceShowOnForTime
12-29 03:28:57.719  3111  3210 I GuardianSystem: [GuardianSystem::UpdateSystem] Responding to local space version number change.
12-29 03:28:57.720  2786  3208 I VrRuntimeService: RuntimeServiceSDKServer::SetGuardianSystemState: 3558094719
12-29 03:28:57.720  3111  3210 I GuardianSystem: GuardianSDKServerStateSnapshot::Sync: Flags changed: 1572864, 1581056, SYSTEM_GUARDIAN_VALID,SYSTEM_PLAYSPACE_SCAN_WARNING to SYSTEM_GUARDIAN_VISIBLE,SYSTEM_GUARDIAN_VALID,SYSTEM_PLAYSPACE_SCAN_WARNING
12-29 03:28:57.720  3111  3210 I GuardianSystem: GuardianSDKServerStateSnapshot::Sync: Flags2 changed: 49, 1, SYSTEM_2_DIRECTIONAL_PASSTHROUGH_ENABLED,SYSTEM_2_LOADING_DOTS,SYSTEM_2_SHOULD_PUSH_BLACK to SYSTEM_2_DIRECTIONAL_PASSTHROUGH_ENABLED
12-29 03:28:57.720  3286  3388 I Deque   : AddEventToQueue called. eventInfo.type: 40, eventInfo.next: 1
12-29 03:28:57.723  2786 21801 I CompositorUtil: SetSchedFifo( tid=3210, pol=5, pri=1 ) succeeded
12-29 03:28:57.723  2786 21801 I CompositorUtil: SetSchedFifo( tid=3757, pol=5, pri=1 ) succeeded
12-29 03:28:57.723  2786 21801 I CompositorUtil: SetSchedFifo( tid=4771, pol=5, pri=1 ) succeeded
12-29 03:28:57.723  2715  2998 I [OAO] LocalSpace: New Space: quat(-0.001897, 0.992332, 0.080665, 0.093633), translation(-2.051437, 0.972807, 1.094272) - Prior Space: quat(-0.001897, 0.992332, 0.080665, 0.093633), translation(-2.051437, 0.972807, 1.094272)
12-29 03:28:57.723  2715  2998 I [OAO] LocalSpace: Local space version from 83 to 84, local space user version from 0 to 0.
12-29 03:28:57.725  2715  2998 I [OAO] SystemUXControllerHelper: OnReorient(reason: 3)
12-29 03:28:57.725  2786  3077 I ClientMgr: Stop loading dots from guardian
12-29 03:28:57.727  2715  2998 I [OAO] TelemetryProvider: aui_reorient system 168 0 0 com.epicgames.AtomVR
12-29 03:28:57.727  3286  3388 W PhaseSync: [PS_Ver_1_0] DiscardFrame is triggered, frame->Stage 2 FrameBeginIndex 4596 
12-29 03:28:57.727  3286  3388 I MRSVC   : MIXEDREALITY: OpenXrSupport: OpenXR qualified success: xrBeginFrame(clientState_.session, &beginFrameDesc): XR_FRAME_DISCARDED
12-29 03:28:57.727  3286  3388 I MRSVC   : MIXEDREALITY: MrServiceView: renderIteration: Hibernating the rendering thread since ID is off and no active PT layers.
12-29 03:28:57.727  3286  3388 I MRSVC   : MIXEDREALITY: MrServiceModelBase: Hibernating caller (most likely rendering thread) due to commandQueue being empty.
12-29 03:28:57.729  3111  3210 W StateMachine: StateMachine::ProcessSignal HmdMovementTelemetry received registered signal enterVR but the current state HmdTelemetry_Enter_VR_From_Don is not listening to this signal
12-29 03:28:57.730  3286  3752 I MRSVC   : MIXEDREALITY: MrFeatureStatus: Passthrough: Client 3558094719 status changed from Paused to Started.
12-29 03:28:57.730  3286  3752 I MRSVC   : MIXEDREALITY: MrFeatureStatus: Passthrough: Target status Started, CurrentStatus: Started
12-29 03:28:57.730  3111  3754 I GuardianRender: Successfully changed mrSessionActiveMrRenderType_ from None to Passthrough
12-29 03:28:57.730  3286  3388 I MRSVC   : MIXEDREALITY: MrRuntimeImpl: Changing mode to ImagesAndMesh
12-29 03:28:57.730  3286  3388 I MRSVC   : MIXEDREALITY: MrRuntimeImpl: onResume: Capability Passthrough on device 2.
12-29 03:28:57.731   944  3322 I MRSS    : MIXEDREALITY: MrSystemServiceIPCServer: ChangeMrCapabilityStatus: client 3360955709, capability Passthrough, command 1.
12-29 03:28:57.731   944  3322 D MrSystemService: MrEngine resume.
12-29 03:28:57.731   799   799 D CameraStream: Client 944: Attempting StreamControl: 0
12-29 03:28:57.731   799   799 D CameraClientManager: [HEADSET] Attempting starting camera client.
12-29 03:28:57.731   799   799 D CameraClientManager: [HEADSET] Successfully found client (944) to start in CameraClientManager list.
12-29 03:28:57.733   799   799 I FrameSetDispatcher: [HEADSET] Client pid=944 (MrSSCamS): Client thread started
12-29 03:28:57.733   799   799 I CameraClientManager: [HEADSET] Added client (944)(MrSSCamS)
12-29 03:28:57.733   799   799 D CameraClientManager: [HEADSET] Attempting to start stream
12-29 03:28:57.733   799   799 I CameraClientManager: [HEADSET] Started clients: 4
12-29 03:28:57.733   799   799 D CameraStream: Client 944: Finished StreamControl: 0
12-29 03:28:57.733   944  3322 I MRSS    : MIXEDREALITY: CameraComputeCapability: Camera started
12-29 03:28:57.733   944  3322 I MRSS    : MIXEDREALITY: MrSystemServiceIPCServer: Got notification for Camera, fidelity level: NONE, command: 1
12-29 03:28:57.733   944  3322 I MRSS    : MIXEDREALITY: CapabilityController: Start Camera duration: 2.274166 millisec.
12-29 03:28:57.733   944  3322 I MRSS    : MIXEDREALITY: CalibrationRefresher: refreshOnlineCalibration: Successfully read high freq ocal (first time = false)
12-29 03:28:57.733   944  3322 I MRSS    : BOLTDEPTH: BoltDepthSystemOCalProvider: Online calibration being updated to version 2
12-29 03:28:57.733   944  3322 I MRSS    : MIXEDREALITY: StereoPipeline: updateOnlineCalibration: Refreshed online calibration, age 95.36666666666666 minutes.
12-29 03:28:57.733   944  3322 I MRSS    : MIXEDREALITY: DepthComputeCapability: refreshOnlineCalibration: Refreshed for stereo pipeline.
12-29 03:28:57.734   944  3322 I MRSS    : MIXEDREALITY: StereoCameraGeometries: update: New calibration timestamp 1703796815.
12-29 03:28:57.734   944  3322 I MRSS    : MIXEDREALITY: RectifiedCameraGeometry: Creating new rectified CameraGeometry
12-29 03:28:57.734   944  3322 I MRSS    : BOLTDEPTH: BoltDepthSystem: onResume: waiting for previous core deinit to finish
12-29 03:28:57.734   944  3322 I MRSS    : BOLTDEPTH: BoltDepthSystemCoreImpl: Core activated
12-29 03:28:57.734   944  5065 I MRSS    : BOLTDEPTH: StereoWarper: Init: I_W=319 I_H=239 O_W=240 O_H=320 THREADED=false ASYNC=false OWN_MEM=false RT=false BL=true TYPE=1 RF=true RFWG=false
12-29 03:28:57.735   944  3322 I MRSS    : BOLTDEPTH: BoltDepthSystem: onResume: Successfully resumed the depth system
12-29 03:28:57.735   944  3322 I MRSS    : MIXEDREALITY: DepthComputeCapability: onStart.
12-29 03:28:57.735   944  3322 I MRSS    : MIXEDREALITY: StereoPipeline: addClient: adding client Passthrough, active clients: 'NONE'.
12-29 03:28:57.735   944  3322 I MRSS    : BOLTDEPTH: BoltDepthSystem: activateClient: client 0 is activated.
12-29 03:28:57.735   944  3322 I MRSS    : MIXEDREALITY: StereoPipeline: addClient: adding client SceneReconstruction, active clients: 'Passthrough'.
12-29 03:28:57.735   944  3322 I MRSS    : BOLTDEPTH: BoltDepthSystem: activateClient: client 4 is activated.
12-29 03:28:57.735  2715  2998 I [OAO] DisplayStatePreservationController: Applied preserved state by adapter: taskBarPositionAdapter
12-29 03:28:57.736  1232  1576 D UE      : [2023.12.28-22.28.57:736][  0]LogTexture: Error: Texture2D /Engine/EngineResources/WhiteSquareTexture.WhiteSquareTexture contains no miplevels! Please delete. (Format: 0)
12-29 03:28:57.737   944  3322 I MRSS    : MIXEDREALITY: MrSystemServiceIPCServer: Got notification for Depth, fidelity level: NONE, command: 1
12-29 03:28:57.737   944  3322 I MRSS    : MIXEDREALITY: CapabilityController: Start Depth duration: 4.003646 millisec.
12-29 03:28:57.737   944  3322 I MRSS    : MIXEDREALITY: MrSystemServiceIPCServer: Got notification for Passthrough, fidelity level: NONE, command: 1
12-29 03:28:57.737   944  3322 I MRSS    : MIXEDREALITY: CapabilityController: Start Passthrough duration: 0.153646 millisec.
12-29 03:28:57.738  3286  3388 I MRSVC   : MIXEDREALITY: MrRuntimeImpl: setSessionInitTime: Capability Passthrough: timer set to 8349.256013429 ns, duration reset after 6099.759976892 s.
12-29 03:28:57.740  1232  1576 D UE      : [2023.12.28-22.28.57:740][  0]LogTexture: Error: Texture2D /Engine/EngineResources/Black.Black contains no miplevels! Please delete. (Format: 0)
12-29 03:28:57.740   944 22070 I MRSS    : MIXEDREALITY: ServiceLogic: onFramesetBegin: Frame types for computation: HEADSET, rendering: HEADSET.
12-29 03:28:57.740   944 22070 I MRSS    : MIXEDREALITY: ServiceLogic: onFramesetBegin: Thread mrss:camera had no tid assigned, now has TID: 22070
12-29 03:28:57.741  2786 21801 I CompositorProgs: Using GLES Version 310
12-29 03:28:57.743  2786 21801 I CompositorProgs: loaded binary layerProgram :0x200000000040083:0x in 2.2 ms
12-29 03:28:57.743   944 22070 I MRSS    : MIXEDREALITY: CoreAffinity: Successfully set cpu affinity for thread 22070 to prime gold (7)
12-29 03:28:57.743   944 22070 I MRSS    : MIXEDREALITY: CoreAffinity: Successfully set cpu affinity for thread 1341 to prime gold (7)
12-29 03:28:57.744  1169  4115 W ActivityManager: Package for pid 944: no process record found
12-29 03:28:57.744   973 29545 W TrackingService: attachClient: found client in attached list
12-29 03:28:57.746   973 29545 D TrackingService: getSharedMemory: /system/bin/mrsystemservice, HeadTracker
12-29 03:28:57.746   944 22070 I MRSS    : MIXEDREALITY: MrRuntimeCompute: computeIteration: (every 5 seconds). IntrusionDetection: OFF, Playspace: OFF, Depth: ON, Passthrough: ON, Camera: ON
12-29 03:28:57.750   944  1341 I MRSS    : Bolt:CVPUtilization: CVP DFS utilization: 0
12-29 03:28:57.750   944  1341 I MRSS    : Bolt:CVPUtilization: CVP runtime 1577us, frametime 6099741420us
12-29 03:28:57.751   944  1341 E MRSS    : MUSTFIX: MIXEDREALITY.DepthComputeCapability: Stereo pipeline returned empty depth.
12-29 03:28:57.786   944  1341 I MRSS    : MIXEDREALITY: PassthroughMesh: PassthroughMesh: Initializing.
12-29 03:28:57.787   944  1341 I MRSS    : MIXEDREALITY: PassthroughMesh: PassthroughMesh: Initialized.
12-29 03:28:57.787   944  1341 I MRSS    : MIXEDREALITY: PassthroughMesh: update: Clearing 0 previous mesh points (previous timestamp 0, current 8349.280974981).
12-29 03:28:57.796  3286  3388 W PhaseSync: [PS_Ver_1_0] DiscardFrame is triggered, frame->Stage 2 FrameBeginIndex 4597 
12-29 03:28:57.796  3286  3388 I MRSVC   : MIXEDREALITY: OpenXrSupport: OpenXR qualified success: xrBeginFrame(clientState_.session, &beginFrameDesc): XR_FRAME_DISCARDED
12-29 03:28:57.797  3286  3388 I MRSVC   : MIXEDREALITY: AndroidTexture: Feature blurGlacierTextures is enabled.
12-29 03:28:57.797  3286  3388 I MRSVC   : MIXEDREALITY: MrSvc: PassthroughPresentationLayerImpl: Allocating framebuffers for layer: -1 (Guardian) of size: 640x640, color internal format: 0x822b, depth internal format: 0x0, swap chain length: 2, useTextureArray: false, textureSamplingFilter: 1, 
12-29 03:28:57.797  2786  3657 I VrRuntimeService: CreateSwapChain: 3360955709
12-29 03:28:57.797  2786  3657 I VrRuntimeService: CreateSwapChain: api:gles 0 0x822b 640 640 1 2 1 0 3
12-29 03:28:57.799  2786  3657 I VrRuntimeServer: CreateTextureSwapChain: result importswapchaingles 1
12-29 03:28:57.802  2786  3657 I VrRuntimeService: CreateSwapChain: 3360955709
12-29 03:28:57.802  2786  3657 I VrRuntimeService: CreateSwapChain: api:gles 0 0x822b 640 640 1 2 1 0 3
12-29 03:28:57.803  2786  3657 I VrRuntimeServer: CreateTextureSwapChain: result importswapchaingles 1
12-29 03:28:57.808  3111  3753 W [CT]    : MR_PT: Server event queue overflowed
12-29 03:28:57.810  2786 21801 I CompositorUtil: SetSchedFifo( tid=3388, pol=5, pri=1 ) succeeded
12-29 03:28:57.851  1232  1576 D UE      : [2023.12.28-22.28.57:850][  0]LogTexture: Error: Texture2D /Engine/EngineMaterials/DefaultWhiteGrid.DefaultWhiteGrid contains no miplevels! Please delete. (Format: 0)
12-29 03:28:57.851  1232  1576 D UE      : [2023.12.28-22.28.57:851][  0]LogTexture: Error: Texture2D /Engine/EngineMaterials/BlendFunc_DefBase.BlendFunc_DefBase contains no miplevels! Please delete. (Format: 0)
12-29 03:28:57.851  1232  1576 D UE      : [2023.12.28-22.28.57:851][  0]LogTexture: Error: Texture2D /BlockoutToolsPlugin/Textures/T_Blockout_Grid.T_Blockout_Grid contains no miplevels! Please delete. (Format: 0)
12-29 03:28:57.851  1232  1576 D UE      : [2023.12.28-22.28.57:851][  0]LogTexture: Error: Texture2D /Engine/EngineMaterials/BlendFunc_DefBlend.BlendFunc_DefBlend contains no miplevels! Please delete. (Format: 0)
12-29 03:28:57.859  1232  1576 D UE      : [2023.12.28-22.28.57:859][  0]LogTexture: Error: Texture2D /Engine/EngineMaterials/T_Default_Normal.T_Default_Normal contains no miplevels! Please delete. (Format: 0)
12-29 03:28:57.859  1232  1576 D UE      : [2023.12.28-22.28.57:859][  0]LogTexture: Error: Texture2D /Engine/EngineMaterials/T_Default_BaseColor.T_Default_BaseColor contains no miplevels! Please delete. (Format: 0)
12-29 03:28:57.861  2786 21801 I CompositorProgs: Using GLES Version 310
12-29 03:28:57.863  2786 21801 I CompositorProgs: loaded binary layerProgram :0x48002:0x in 2.6 ms
12-29 03:28:57.867  1232  1576 D UE      : [2023.12.28-22.28.57:867][  0]LogTexture: Error: Texture2D /Paper2D/PlaceholderTextures/DummySpriteTexture.DummySpriteTexture contains no miplevels! Please delete. (Format: 0)
12-29 03:28:57.876  3111  3210 I GuardianSystem: WaitForFrameAndAllowGuardianSDKProcessing - Passthrough is running 0 -> 1
12-29 03:28:57.887  2786  3208 I VrRuntimeService: RuntimeServiceSDKServer::SetGuardianSystemState: 3558094719
12-29 03:28:57.888  3111  3210 I GuardianSystem: GuardianSDKServerStateSnapshot::Sync: Flags changed: 1581056, 1843200, SYSTEM_GUARDIAN_VISIBLE,SYSTEM_GUARDIAN_VALID,SYSTEM_PLAYSPACE_SCAN_WARNING to SYSTEM_GUARDIAN_VISIBLE,SYSTEM_SYSTEM_PT_VISIBLE,SYSTEM_GUARDIAN_VALID,SYSTEM_PLAYSPACE_SCAN_WARNING
12-29 03:28:57.892  2786  3077 I PerformanceManager_ZSF: perfmgr: SetClockLevels: Apply pending clock request change: 3,3 -> 4,4
12-29 03:28:57.892  2786  3072 I Clocks  : LockClocks( cpu=5, gpu=4 ) - start
12-29 03:28:57.892  2786  3077 I VrRuntimeServer: DisableCompositorClient: 0
12-29 03:28:57.892  2786  3077 I CompositorClientMgr: Disable client 0
12-29 03:28:57.892  2786  3077 I CompositorClient: DisableClient: frame flush required: 1
12-29 03:28:57.893  2786  3072 I Clocks  : CPU levels [0, 8]
12-29 03:28:57.893  2786  3072 I Clocks  : GPU levels [0, 7]
12-29 03:28:57.893  2786  3072 I Clocks  : LockClocks( cpu=5, gpu=4 ) - end (0.8 ms)
12-29 03:28:57.894  2786 21801 I CompositorProgs: Using GLES Version 310
12-29 03:28:57.896  2786 21801 I CompositorProgs: loaded binary layerProgram :0x48002:0x in 2.0 ms
12-29 03:28:57.903  1232  1576 D UE      : [2023.12.28-22.28.57:903][  0]LogAudioCaptureCore: Display: No Audio Capture implementations found. Audio input will be silent.
12-29 03:28:57.903  1232  1576 D UE      : [2023.12.28-22.28.57:903][  0]LogAudioCaptureCore: Display: No Audio Capture implementations found. Audio input will be silent.
12-29 03:28:57.916  1232  1576 D UE      : [2023.12.28-22.28.57:916][  0]LogMoviePlayer: Initializing movie player
12-29 03:28:57.920   973  1396 I Tracking: VIPER:DEEP_DESCRIPTOR: Computing Deep Descriptors using gravity orientation.
12-29 03:28:57.922  1232  1249 W picgames.AtomV: Reducing the number of considered missed Gc histogram windows from 449 to 100
12-29 03:28:57.983  1232  1576 D UE      : [2023.12.28-22.28.57:983][  0]LogAudio: Display: Registering Engine Module Parameter Interfaces...
12-29 03:28:57.984  1232  1576 D UE      : [2023.12.28-22.28.57:984][  0]LogMetasoundEngine: MetaSound Engine Initialized
12-29 03:28:57.986  1232  1576 D UE      : [2023.12.28-22.28.57:986][  0]LogNiagaraDebuggerClient: Niagara Debugger Client Initialized | Session: 1E3FC9784B12952D5FB2669446B3B0D4 | Instance: 40E21121F29D41BF9DE96EE17352A008 (Quest-1232).
12-29 03:28:57.987  1232  1576 D UE      : [2023.12.28-22.28.57:987][  0]LogTcpMessaging: Initializing TcpMessaging bridge, listening on 127.0.0.1:6666
12-29 03:28:57.990  1232  1576 D UE      : [2023.12.28-22.28.57:990][  0]LogUdpMessaging: Initializing bridge on interface 0.0.0.0:0 to multicast group 230.0.0.1:6666.
12-29 03:28:57.990  1232  1576 D UE      : [2023.12.28-22.28.57:990][  0]LogSockets: (BSD_Android) Address 192.168.0.119:0 Wifi (1)
12-29 03:28:57.990  1232  1576 D UE      : [2023.12.28-22.28.57:990][  0]LogSockets: Warning: Failed to acquire WifiManager.MulticastLock. Is multicast/broadcast support for Android enabled in AndroidRuntimeSettings?
12-29 03:28:57.991  1232  1576 D UE      : [2023.12.28-22.28.57:991][  0]LogUdpMessaging: Display: Added local interface '192.168.0.119' to multicast group '230.0.0.1:6666'
12-29 03:28:57.995  1232  1576 D UE      : [2023.12.28-22.28.57:995][  0]LogAndroidPermission: UAndroidPermissionCallbackProxy::GetInstance
12-29 03:28:57.995  1232  1576 D UE      : [2023.12.28-22.28.57:995][  0]LogSlateStyle: Warning: Missing Resource from 'CoreStyle' Style: 'Unable to find Brush 'Sequencer.Timeline.VanillaScrubHandleDown'.'
12-29 03:28:57.996  1232  1576 D UE      : [2023.12.28-22.28.57:996][  0]LogGooglePAD: Display: GooglePAD disabled.
12-29 03:28:58.006  1232  1576 D UE      : [2023.12.28-22.28.58:006][  0]LogUObjectArray: 21826 objects as part of root set at end of initial load.
12-29 03:28:58.006  1232  1576 D UE      : [2023.12.28-22.28.58:006][  0]LogUObjectArray: 4 objects are not in the root set, but can never be destroyed because they are in the DisregardForGC set.
12-29 03:28:58.006  1232  1576 D UE      : [2023.12.28-22.28.58:006][  0]LogUObjectAllocator: 4785072 out of 0 bytes used by permanent object pool.
12-29 03:28:58.006  1232  1576 D UE      : [2023.12.28-22.28.58:006][  0]LogUObjectArray: CloseDisregardForGC: 21826/21826 objects in disregard for GC pool
12-29 03:28:58.010  3111  3210 I SpatialAnchorPipeline: Guardian needs anchor search = 0, 1 && (1, 0, 0)
12-29 03:28:58.020   944  1341 I MRSS    : BOLTDEPTH: CvpDisparityPipeline: Warper has been successfully updated with online calibration.
12-29 03:28:58.096  3597  4068 E LoggingErrorHandler: Retrofit error, url: [https://graph.oculus.com/graphql?doc=query+GetCurrentPartyQuery+%7B++viewer+%7B++++user+%7B++++++current_party+%7B++++++++id%2C++++++++call_door+%7B++++++++++id++++++++%7D%2C++++++++anchored_home_instance+%7B++++++++++id++++++++%7D%2C++++++++only_quest_users%2C++++++++join_policy%2C++++++++party_type%2C++++++++has_active_link_sharing%2C++++++++max_size%2C++++++++party_leader+%7Bid%2Cname%2Calias%2Cpresence%2Cpresence_status%2Cfollow_status%2Cprofile_status%2Cprofile_photo%28size%3A+%22240x240%22%29+%7B++name%2C++uri%2C++width%2C++height%2C%7D%2Cfriend_status%2Cis_blocked_by_viewer%2Ccan_viewer_message%2Ccurrent_party+%7B++id%2C++join_policy%2C++max_size%2C++party_users+%7B++++count%2C++%7D%2C%7D%2Cis_presence_deeplink_joinable%2Cmost_recent_presence+%7B++last_active_description%2C++destination_api_name%2C++scoped_user_id%2C++deeplink_message_for_deeplink_target%2C++launch_params_as_json_string%2C++vr_apps_for_deeplink_target+%7B++++id%2C+++++vr_platform%2C++++package_name%2C+%7D%2C%7D%2C++++++++%7D%2C++++++++invited_users+%7B++++++++++count%2C++++++++++edges+%7B++++++++++++sender%2C++++++++++++node+%7Bid%2Cname%2Calias%2Cpresence%2Cpresence_status%2Cfollow_status%2Cprofile_status%2Cprofile_photo%28size%3A+%22240x240%22%29+%7B++name%2C++uri%2C++width%2C++height%2C%7D%2Cfriend_status%2Cis_blocked_by_viewer%2Ccan_viewer_message%2Ccurrent_party+%7B++id%2C++join_policy%2C++max_size%2C++party_users+%7B++++count%2C++%7D%2C%7D%2Cis_presence_deeplink_joinable%2Cmost_recent_presence+%7B++last_active_description%2C++destination_api_name%2C++scoped_user_id%2C++deeplink_message_for_deeplink_target%2C++launch_params_as_json_string%2C++vr_apps_for_deeplink_target+%7B++++id%2C+++++vr_platform%2C++++package_name%2C+%7D%2C%7D%2C++++++++++++%7D%2C++++++++++%7D%2C++++++++%7D%2C++++++++party_users+%7B++++++++++count%2C++++++++++edges+%7B++++++++++++microphone_channel_selection%2C++++++++++++node+%7Bid%2Cname%2Calias%2Cpresence%2Cpresence_status%2Cfollow_status%2Cprofile_status%2Cprofile_photo%28size%3A+%22240x240%22%29+%7B++name%2C++uri%2C++width%2C++height%2C%7D%2Cfriend_status%2Cis_blocked_by_viewer%2Ccan_viewer_message%2Ccurrent_party+%7B++id%2C++join_policy%2C++max_size%2C++party_users+%7B++++count%2C++%7D%2C%7D%2Cis_presence_deeplink_joinable%2Cmost_recent_presence+%7B++last_active_description%2C++destination_api_name%2C++scoped_user_id%2C++deeplink_message_for_deeplink_target%2C++launch_params_as_json_string%2C++vr_apps_for_deeplink_target+%7B++++id%2C+++++vr_platform%2C++++package_name%2C+%7D%2C%7D%2C++++++++++++%7D%2C++++++++++%7D++++++++%7D%2C++++++++party_blocked_users+%7B++++++++++nodes+%7B++++++++++++id%2C++++++++++++alias%2C++++++++++%7D%2C++++++++%7D%2C++++++++party_blocked_invited_users+%7B++++++++++nodes+%7B++++++++++++id%2C++++++++++++alias%2C++++++++++%7D%2C++++++++%7D%2C++++++++party_invite_activity+%7B++++++++++id%2C++++++++++does_activity_support_group_launch%2C++++++++++application+%7B++++++++++++id%2C++++++++++++display_name%2C++++++++++++package_name%2C++++++++++++max_group_launch_capacity%2C++++++++++++icon_image+%7B++++++++++++++uri%2C++++++++++++%7D%2C++++++++++%7D%2C++++++++++deeplink%2C++++++++++title%2C++++++++%7D%2C++++++++party_group_launch+%7B++++++++++id%2C++++++++++state%2C++++++++++only_quest_users%2C++++++++++creator+%7B++++++++++++id%2C++++++++++%7D++++++++++vr_deeplink_target+%7B++++++++++++vr_apps_for_deeplink_target+%7B++++++++++++++vr_icon_image+%7B++++++++++++++++uri%2C++++++++++++++%7D%2C++++++++++++++id%2C++++++++++++++display_name%2C++++++++++++++is_viewer_entitled%2C++++++++++++%7D%2C++++++++++++deeplink_message_for_deeplink_target%2C++++++++++++...+on+VRDeeplinkTargetWithDefaultWebLink+%7B++++++++++++++description_for_deeplink_target_website%2C++++++++++++++name_for_deeplink_target_website%2C++++++++++++++id%2C++++++++++++++icon_image_for_deeplink_target_website+%7B++++++++++++++++uri%2C++++++++++++++%7D%2C++++++++++++%7D%2C++++++++++++...+on+VRPresenceStatusDefinition+%7B++++++++++++++is_external_deeplinkable%2C+++++++++++
12-29 03:28:58.097  3597  4068 E JavaBinder: *** Uncaught remote exception!  (Exceptions are not yet supported across processes.)
12-29 03:28:58.097 21879 21879 D [SUI] HorizonContentProviderHelper: java.lang.RuntimeException
12-29 03:28:58.097 21879 21879 E [SUI] SocialViewModel: Failed to fetch current party data
12-29 03:28:58.100   973 21785 W Tracking: TIMESTAMPCHECKER: Nominal rate wrong. Estimated data rate: 25, Nominal is 30
12-29 03:28:58.267  2786 21801 I Vsync   : Vsync 250:  2 x 11.14 ms (89.78 Hz, at 8349.786)
12-29 03:28:58.301  2786 21801 I Vsync   : Vsync 253:  2 x 11.14 ms (89.78 Hz, at 8349.819)
12-29 03:28:58.517  2181  1496 I VrApi   : FPS=3/0,Prd=0ms,Tear=0,Early=0,Stale=0,Stale2/5/10/max=0/0/0/0,VSnc=0,Lat=-1,Fov=0,CPU4/GPU=5/3,1171/490MHz,OC=FF,TA=0/F/0,SP=N/N/N,Mem=1555MHz,Free=3501MB,PLS=0,Temp=26.0C/0.0C,TW=1.08ms,App=-32.46ms,GD=0.00ms,CPU&GPU=0.00ms,LCnt=1(DR0,LM0),GPU%=0.11,CPU%=0.09(W0.17),DSF=1.00,CFL=11.74/17.34,ICFLp95=15.31,LD=0,SF=0.00,LP=0,DVFS=0
12-29 03:28:58.609  3279  3279 D MetaCam (DeviceLifecycleManager): onCapabilitiesChanged(...). Has NET_CAPABILITY_VALIDATED.
12-29 03:28:58.609  1697  1817 D ControllerManagement: P2p group not formed. No need to switch band.
12-29 03:28:58.609  1232  1340 V UE      : [NetworkChangedManager] Network Capabilities changed, has Internet: true
12-29 03:28:58.610  1232 22093 V UE      : [NetworkChangedManager] Verifying internet connection with host: https://example.com/
12-29 03:28:58.635   973 21785 I Tracking: VIPER: Mode=SuperVega,Status=6DoF,TRACKING,Inl=33,Mem=106.7,Jit=1.8mm,Issues(Cam/min=0.1,IMU/min=0.0),Exp=(14.0ms,g=15.0,I=21,Ir=98.2)(14.0ms,g=15.0,I=15,Ir=69.5)(14.0ms,g=15.0,I=14,Ir=67.3)(14.0ms,g=15.0,I=49,Ir=231.9)
12-29 03:28:58.635   973 21785 W Tracking: VIPER: Images too dark, 
12-29 03:28:58.636  3111  3210 W [CT]    : Anchor:SlamAnchorMemoryOSSDKClient: [Throttled count=551] Skipping invalid anchorHandle when attempting to cache AnchorStates
12-29 03:28:58.742  2786 21801 I CompositorProgs: Using GLES Version 310
12-29 03:28:58.744  2786 21801 I CompositorProgs: loaded binary layerProgram :0x48002:0x in 2.2 ms
12-29 03:28:58.874   973  1394 I Tracking: VEGA_MAPPER:SubmapTrackingValidator: Pausing map building until validation is complete. 28.04 seconds remaining
12-29 03:28:58.907   802   836 D OculusWifi: NoaManager: onScanEnded()
12-29 03:28:58.907  1169  4115 D WifiNl80211Manager: Scan result ready event
12-29 03:28:58.907  1169  4115 D WifiNative: Scan result ready event
12-29 03:28:58.928  1232 22093 V UE      : [NetworkChangedManager] Connectivity hasn't changed. Current state: CONNECTION_AVAILABLE
12-29 03:28:58.928  1232 22093 V UE      : [NetworkChangedManager] Full network check complete. State: CONNECTION_AVAILABLE
12-29 03:28:58.988  1232 22098 D UE      : [2023.12.28-22.28.58:988][  0]LogTcpMessaging: Started Connection to '127.0.0.1:40263'
12-29 03:28:58.988  1232 22098 D UE      : [2023.12.28-22.28.58:988][  0]LogTcpMessaging: Discovered node 'CEF2F3634336F59B45248B87E4AFE9FD' on connection '127.0.0.1:40263'...
12-29 03:28:59.013  3111  3210 I SpatialAnchorPipeline: Guardian needs anchor search = 0, 1 && (1, 0, 0)
12-29 03:28:59.119   973  1396 I Tracking: VIPER:DEEP_DESCRIPTOR: Computing Deep Descriptors using gravity orientation.
12-29 03:28:59.147  2786 21801 I Vsync   : Vsync 329:  2 x 11.14 ms (89.78 Hz, at 8350.665)
12-29 03:28:59.253  2858  2912 I [CT]    : SP:SPS:SpsTelemetry: processCpuStatsProvider_.userSpaceUsage() = 0.0006840530141085935, processCpuStatsProvider_.kernelSpaceUsage() = 0.001368106028217187, sum of both = 0.0020521590423257805
12-29 03:28:59.253  2858  2912 I [CT]    : SP:SPS:SpsTelemetry: getProcessMemoryUsage = 94535680
12-29 03:28:59.589  2181  1496 I ClientSharedTelemetryStats: App memory usage: PSS=310 MiB, PrivateDirty=247 MiB, PrivateClean=46 MiB, GPU=100.8/101.0 MiB (100% allocated)
12-29 03:28:59.589  2181  1496 I VrApi   : FPS=3/0,Prd=0ms,Tear=0,Early=0,Stale=0,Stale2/5/10/max=0/0/0/0,VSnc=0,Lat=-1,Fov=0,CPU4/GPU=5/3,1171/490MHz,OC=FF,TA=0/F/0,SP=N/N/N,Mem=1555MHz,Free=3091MB,PLS=0,Temp=26.0C/0.0C,TW=1.08ms,App=-32.46ms,GD=0.00ms,CPU&GPU=0.00ms,LCnt=1(DR0,LM0),GPU%=0.11,CPU%=0.09(W0.17),DSF=1.00,CFL=11.74/17.34,ICFLp95=15.31,LD=0,SF=0.00,LP=0,DVFS=0
12-29 03:28:59.683  3111  3210 W [CT]    : Anchor:SlamAnchorMemoryOSSDKClient: [Throttled count=597] Skipping invalid anchorHandle when attempting to cache AnchorStates
12-29 03:29:00.018  3111  3210 I SpatialAnchorPipeline: Guardian needs anchor search = 0, 1 && (1, 0, 0)
12-29 03:29:00.026  1169  2148 E TaskPersister: File error accessing recents directory (directory doesn't exist?).
12-29 03:29:00.081  1712  1712 D ControllerNotifications: Enabling notifications
12-29 03:29:00.082  1712  1712 I ControllerNotifications: Updating input notifications based on state Disconnected
12-29 03:29:00.088  1169  1169 W NotificationHistory: Attempted to add notif for locked/gone/disabled user 0
12-29 03:29:00.090  1712  1712 D OculusNotificationListenerService: Notification posted: 0|com.oculus.notification_proxy|4098|null|1000
12-29 03:29:00.093  2340  2340 D VrNotificationAnalytics: logNotificationPosted: key(0|com.oculus.notification_proxy|4098|null|1000), type(unspecified), isToast(true)
12-29 03:29:00.093  2340  2340 I [SEO] VrNotificationListenerService: onNotificationPosted() - key = 0|com.oculus.notification_proxy|4098|null|1000, type = unspecified, isToast = true, isBlocked with reason = false Toast passes block checks
12-29 03:29:00.094 21879 21879 D [SUI] NotificationBroadcastReceiver: action: com.oculus.intent.action.NOTIF_CHANGE
12-29 03:29:00.095  2715  2715 D DeviceHelper: isScreenOn = true
12-29 03:29:00.095  2715  2715 D [OAO] ShellOverlayBroadcastReceiver: onReceive with ShellOverlayService native pointer 538833309248, action com.oculus.vrshell.intent.action.TOAST_NOTIFICATION
12-29 03:29:00.110   973 21741 I Tracking: BOLT:HexagonTelemetry: Global DSP utilization: 8.07% (322 / 4002 ms), Scalar Util: 88.93%, HVX Util: 46.96%, HMX Util: 0.00%.
12-29 03:29:00.113 21879 22012 D NotificationsBadgeLiveData: MessageBadgeData, pullAndCheckNotifs, old data source notif count: 4, messaging count: 0
12-29 03:29:00.114 21879 21879 V [SUI] BarView: Notifs badge count: 4, Messenger badge count 0
12-29 03:29:00.114 21879 21879 V [SUI] BarView: Notifs badge count: 4, Messenger badge count 0
12-29 03:29:00.119 21879 21879 I [SUI] AnytimeUIPanelApp: showNotificationToast: key = '0|com.oculus.notification_proxy|4098|null|1000', found = true
12-29 03:29:00.122 21879 21879 I AndroidPanelApp: HideLayer(toast, shape: 1, shouldMinimizeLayer: false)
12-29 03:29:00.123  1169  1350 I DisplayDeviceRepository: Display device added: DisplayDeviceInfo{"com.oculus.android_panel_app.AndroidPanelLayer-toast": uniqueId="virtual:com.oculus.systemux,10037,com.oculus.android_panel_app.AndroidPanelLayer-toast,0", 460 x 1250, modeId 199, defaultModeId 199, supportedModes [{id=199, width=460, height=1250, fps=60.0, alternativeRefreshRates=[]}], colorMode 0, supportedColorModes [0], hdrCapabilities null, allmSupported false, gameContentTypeSupported false, density 200, 200.0 x 200.0 dpi, appVsyncOff 0, presDeadline 16666666, touch NONE, rotation 0, type VIRTUAL, deviceProductInfo null, state OFF, owner com.oculus.systemux (uid 10037), frameRateOverride , brightnessMinimum 0.0, brightnessMaximum 0.0, brightnessDefault 0.0, FLAG_PRIVATE, FLAG_NEVER_BLANK, FLAG_OWN_CONTENT_ONLY}
12-29 03:29:00.124  1169  1350 I LogicalDisplayMapper: Applying layout: [{addr: {port=129, model=0x40446d9218dcf4}, dispId: 0(ON)}], Previous layout: [{addr: {port=129, model=0x40446d9218dcf4}, dispId: 0(ON)}]
12-29 03:29:00.124  1169  1350 I LogicalDisplayMapper: Adding new display: 101: DisplayInfo{"com.oculus.android_panel_app.AndroidPanelLayer-toast", displayId 101", displayGroupId -1, FLAG_PRIVATE, real 460 x 1250, largest app 460 x 1250, smallest app 460 x 1250, appVsyncOff 0, presDeadline 16666666, mode 199, defaultMode 199, modes [{id=199, width=460, height=1250, fps=60.0, alternativeRefreshRates=[]}], hdrCapabilities null, userDisabledHdrTypes [], minimalPostProcessingSupported false, rotation 0, state OFF, type VIRTUAL, uniqueId "virtual:com.oculus.systemux,10037,com.oculus.android_panel_app.AndroidPanelLayer-toast,0", app 460 x 1250, density 200 (200.0 x 200.0) dpi, layerStack 101, colorMode 0, supportedColorModes [0], deviceProductInfo null, owner com.oculus.systemux (uid 10037), removeMode 1, refreshRateOverride 0.0, brightnessMinimum 0.0, brightnessMaximum 0.0, brightnessDefault 0.0}
12-29 03:29:00.124  1169  1350 I LogicalDisplayMapper: Setting new display group 0 for display 101, from previous group: null
12-29 03:29:00.125  1169  1350 W DisplayPowerController[101]: Screen brightness nits configuration is unavailable; falling back
12-29 03:29:00.126  1169  1185 I InputDispatcher: Created monitor PointerEventDispatcher101 for display 101, gesture=false, pid=1169
12-29 03:29:00.132  1169  1185 I WindowManager: Override config changes=20005df8 {0.0 ?mcc?mnc ?localeList ?layoutDir sw368dp w368dp h1000dp 200dpi nrml long port ?uimode ?night -touch -keyb/v/h -nav/h winConfig={ mBounds=Rect(0, 0 - 460, 1250) mAppBounds=Rect(0, 0 - 460, 1250) mMaxBounds=Rect(0, 0 - 460, 1250) mWindowingMode=fullscreen mDisplayWindowingMode=fullscreen mActivityType=undefined mAlwaysOnTop=undefined mRotation=ROTATION_0} ?fontWeightAdjustment} for displayId=101
12-29 03:29:00.139  1169  1630 D SntpClient: request time failed: java.net.SocketTimeoutException: Poll timed out
12-29 03:29:00.139  1169  1185 V WindowManager: Display 101 state is now (1), so update layer mirroring?
12-29 03:29:00.139  1169  1630 D SntpClient: request time failed
12-29 03:29:00.140  1169  1187 I DisplayDeviceRepository: Display device changed: DisplayDeviceInfo{"com.oculus.android_panel_app.AndroidPanelLayer-toast": uniqueId="virtual:com.oculus.systemux,10037,com.oculus.android_panel_app.AndroidPanelLayer-toast,0", 460 x 1, modeId 200, defaultModeId 200, supportedModes [{id=200, width=460, height=1, fps=60.0, alternativeRefreshRates=[]}], colorMode 0, supportedColorModes [0], hdrCapabilities null, allmSupported false, gameContentTypeSupported false, density 200, 200.0 x 200.0 dpi, appVsyncOff 0, presDeadline 16666666, touch NONE, rotation 0, type VIRTUAL, deviceProductInfo null, state OFF, owner com.oculus.systemux (uid 10037), frameRateOverride , brightnessMinimum 0.0, brightnessMaximum 0.0, brightnessDefault 0.0, FLAG_PRIVATE, FLAG_NEVER_BLANK, FLAG_OWN_CONTENT_ONLY}
12-29 03:29:00.140   973 21785 W Tracking: TIMESTAMPCHECKER: Nominal rate wrong. Estimated data rate: 25, Nominal is 30
12-29 03:29:00.143  1169  1185 I WindowManager: Override config changes=20000180 {0.0 ?mcc?mnc ?localeList ?layoutDir sw368dp w368dp h1000dp 200dpi smll land ?uimode ?night -touch -keyb/v/h -nav/h winConfig={ mBounds=Rect(0, 0 - 460, 1) mAppBounds=Rect(0, 0 - 460, 1) mMaxBounds=Rect(0, 0 - 460, 1) mWindowingMode=fullscreen mDisplayWindowingMode=fullscreen mActivityType=undefined mAlwaysOnTop=undefined mRotation=ROTATION_0} ?fontWeightAdjustment} for displayId=101
12-29 03:29:00.143 21879 22012 D [SUI] ToastLayerView: showNotification(4098)
12-29 03:29:00.144  1169  1185 V WindowManager: Display 101 state is now (1), so update layer mirroring?
12-29 03:29:00.145 21879 21879 I AndroidPanelApp: Processing pending hide layer for layer toast.
12-29 03:29:00.145 21879 21879 I AndroidPanelApp: Processing pending show layer info for layer toast with width 460 and height 1.
12-29 03:29:00.145 21879 21879 I AndroidPanelApp: layerSupersample no changes
12-29 03:29:00.146  1169  1185 V WindowManager: Display 101 state is now (1), so update layer mirroring?
12-29 03:29:00.152 21879 22012 D NotificationTimedDismissalHelper: Initializing NotificationTimedDismissalHelper
12-29 03:29:00.153 21879 22012 D ToastConfigurationUtil: loadNotificationActions: no actions
12-29 03:29:00.153 21879 21879 D NotificationTimedDismissalHelper: start(): starting dismissal timer with remaining duration: 5.0 seconds
12-29 03:29:00.155  2715  2998 I [OAO] PanelAppHost: Setting panel layer visibility of layer "toast" to invisible, panel 25 (com.oculus.systemux/com.oculus.panelapp.anytimeui.AnytimeUIPanelService)
12-29 03:29:00.156  2715  2998 I [OAO] PanelAppHost: Resize layer toast to size 460 x 1 shape: 1 stereo: 0, panel 25 (com.oculus.systemux/com.oculus.panelapp.anytimeui.AnytimeUIPanelService)
12-29 03:29:00.156  2715  2998 I [OAO] PanelRenderLayer: ResetSurface toast 460 x 1 - shape:1 stereo:0
12-29 03:29:00.157 21879 21879 I AndroidPanelApp: Processing next frame action "layerShow" for layer "toast"
12-29 03:29:00.158  1169  1187 I DisplayDeviceRepository: Display device changed: DisplayDeviceInfo{"com.oculus.android_panel_app.AndroidPanelLayer-toast": uniqueId="virtual:com.oculus.systemux,10037,com.oculus.android_panel_app.AndroidPanelLayer-toast,0", 460 x 1, modeId 200, defaultModeId 200, supportedModes [{id=200, width=460, height=1, fps=60.0, alternativeRefreshRates=[]}], colorMode 0, supportedColorModes [0], hdrCapabilities null, allmSupported false, gameContentTypeSupported false, density 200, 200.0 x 200.0 dpi, appVsyncOff 0, presDeadline 16666666, touch NONE, rotation 0, type VIRTUAL, deviceProductInfo null, state OFF, owner com.oculus.systemux (uid 10037), frameRateOverride , brightnessMinimum 0.0, brightnessMaximum 0.0, brightnessDefault 0.0, FLAG_PRIVATE, FLAG_NEVER_BLANK, FLAG_OWN_CONTENT_ONLY}
12-29 03:29:00.159  1169  1187 I DisplayDeviceRepository: Display device changed: DisplayDeviceInfo{"com.oculus.android_panel_app.AndroidPanelLayer-toast": uniqueId="virtual:com.oculus.systemux,10037,com.oculus.android_panel_app.AndroidPanelLayer-toast,0", 460 x 1, modeId 200, defaultModeId 200, supportedModes [{id=200, width=460, height=1, fps=60.0, alternativeRefreshRates=[]}], colorMode 0, supportedColorModes [0], hdrCapabilities null, allmSupported false, gameContentTypeSupported false, density 200, 200.0 x 200.0 dpi, appVsyncOff 0, presDeadline 16666666, touch NONE, rotation 0, type VIRTUAL, deviceProductInfo null, state ON, owner com.oculus.systemux (uid 10037), frameRateOverride , brightnessMinimum 0.0, brightnessMaximum 0.0, brightnessDefault 0.0, FLAG_PRIVATE, FLAG_NEVER_BLANK, FLAG_OWN_CONTENT_ONLY}
12-29 03:29:00.161  1169  1185 V WindowManager: Display 101 state is now (2), so update layer mirroring?
12-29 03:29:00.167   863   863 W SurfaceFlinger: acquireVirtualDisplay: Exhausted HAL virtual displays
12-29 03:29:00.168   863   863 W SurfaceFlinger: acquireVirtualDisplay: Falling back to GPU virtual display
12-29 03:29:00.188  2715  2998 I [OAO] LayerSwapChainResource: LayerSwapChainResource width(460), height(1), swap chain length(3), mips(4)
12-29 03:29:00.188  2715  2998 I [OAO] SwapChainApiOpenXr: CreateTextureSwapChain 460,1 - 3
12-29 03:29:00.188  2786  3135 I VrRuntimeService: CreateSwapChain: 3103074261
12-29 03:29:00.188  2786  3135 I VrRuntimeService: CreateSwapChain: api:gles 0 0x8c43 460 1 4 3 1 0 3
12-29 03:29:00.189  2786  3135 I VrRuntimeServer: CreateTextureSwapChain: result importswapchaingles 1
12-29 03:29:00.190   929  1422 D BufferPoolAccessor2.0: bufferpool2 0xb400007694e5d628 : 0(0 size) total buffers - 0(0 size) used buffers - 10/13 (recycle/alloc) - 3/12 (fetch/transfer)
12-29 03:29:00.190   929  1422 D BufferPoolAccessor2.0: evictor expired: 2, evicted: 1
12-29 03:29:00.190   808 29617 D AF::TrackHandle: OpPlayAudio: track:162 uid:10037 pkg:com.oculus.systemux usage:10 not muted
12-29 03:29:00.192  2715  2998 I [OAO] SwapChainApiOpenXr: Swapchain created: 460,1 - 3
12-29 03:29:00.192 21879 21879 I AudioTrack: createTrack_l(6): AUDIO_OUTPUT_FLAG_FAST successful; frameCount 0 -> 79520
12-29 03:29:00.192  2786  3135 I VrRuntimeService: UpdateSwapChainSamplerState: 397
12-29 03:29:00.192  2786  3135 I VrRuntimeService: UpdateSwapChainSamplerState: minFilter=1 magFilter=1 wrapModeS=3 warpModeT=3 maxAniso=1.000000 border={0.000000,0.000000,0.000000,0.000000} swizzle={0,1,2,3}
12-29 03:29:00.198   786   786 I EffectsFactory: EffectCreate() create_effect
12-29 03:29:00.198   906  1661 D BufferPoolAccessor2.0: bufferpool2 0xeb1c7a58 : 0(0 size) total buffers - 0(0 size) used buffers - 10/18 (recycle/alloc) - 8/30 (fetch/transfer)
12-29 03:29:00.198   906  1661 D BufferPoolAccessor2.0: evictor expired: 2, evicted: 1
12-29 03:29:00.202  1169 22365 I MediaFocusControl: requestAudioFocus() from uid/pid 10037/21879 AA=USAGE_NOTIFICATION_EVENT/CONTENT_TYPE_SONIFICATION clientId=android.media.AudioManager@e83c8bc callingPack=com.oculus.systemux req=3 flags=0x0 sdk=29 usage=USAGE_NOTIFICATION_EVENT
12-29 03:29:00.202  1169 22365 I AudioService.FadeOutManager: unfadeOutUid() uid:10037
12-29 03:29:00.212  2715  2998 I [OAO] PanelAppHost: Setting panel layer visibility of layer "toast" to visible, panel 25 (com.oculus.systemux/com.oculus.panelapp.anytimeui.AnytimeUIPanelService)
12-29 03:29:00.216  1169  1187 I DisplayDeviceRepository: Display device changed: DisplayDeviceInfo{"com.oculus.android_panel_app.AndroidPanelLayer-toast": uniqueId="virtual:com.oculus.systemux,10037,com.oculus.android_panel_app.AndroidPanelLayer-toast,0", 460 x 1, modeId 200, defaultModeId 200, supportedModes [{id=200, width=460, height=1, fps=60.0, alternativeRefreshRates=[]}], colorMode 0, supportedColorModes [0], hdrCapabilities null, allmSupported false, gameContentTypeSupported false, density 200, 200.0 x 200.0 dpi, appVsyncOff 0, presDeadline 16666666, touch NONE, rotation 0, type VIRTUAL, deviceProductInfo null, state ON, owner com.oculus.systemux (uid 10037), frameRateOverride , brightnessMinimum 0.0, brightnessMaximum 0.0, brightnessDefault 0.0, FLAG_PRIVATE, FLAG_NEVER_BLANK, FLAG_OWN_CONTENT_ONLY}
12-29 03:29:00.217  1169  1187 I DisplayDeviceRepository: Display device changed: DisplayDeviceInfo{"com.oculus.android_panel_app.AndroidPanelLayer-toast": uniqueId="virtual:com.oculus.systemux,10037,com.oculus.android_panel_app.AndroidPanelLayer-toast,0", 460 x 1, modeId 200, defaultModeId 200, supportedModes [{id=200, width=460, height=1, fps=60.0, alternativeRefreshRates=[]}], colorMode 0, supportedColorModes [0], hdrCapabilities null, allmSupported false, gameContentTypeSupported false, density 200, 200.0 x 200.0 dpi, appVsyncOff 0, presDeadline 16666666, touch NONE, rotation 0, type VIRTUAL, deviceProductInfo null, state OFF, owner com.oculus.systemux (uid 10037), frameRateOverride , brightnessMinimum 0.0, brightnessMaximum 0.0, brightnessDefault 0.0, FLAG_PRIVATE, FLAG_NEVER_BLANK, FLAG_OWN_CONTENT_ONLY}
12-29 03:29:00.218  1169  1187 I DisplayDeviceRepository: Display device changed: DisplayDeviceInfo{"com.oculus.android_panel_app.AndroidPanelLayer-toast": uniqueId="virtual:com.oculus.systemux,10037,com.oculus.android_panel_app.AndroidPanelLayer-toast,0", 460 x 89, modeId 201, defaultModeId 201, supportedModes [{id=201, width=460, height=89, fps=60.0, alternativeRefreshRates=[]}], colorMode 0, supportedColorModes [0], hdrCapabilities null, allmSupported false, gameContentTypeSupported false, density 200, 200.0 x 200.0 dpi, appVsyncOff 0, presDeadline 16666666, touch NONE, rotation 0, type VIRTUAL, deviceProductInfo null, state OFF, owner com.oculus.systemux (uid 10037), frameRateOverride , brightnessMinimum 0.0, brightnessMaximum 0.0, brightnessDefault 0.0, FLAG_PRIVATE, FLAG_NEVER_BLANK, FLAG_OWN_CONTENT_ONLY}
12-29 03:29:00.219 21879 21879 I AndroidPanelApp: Processing next frame action "layerResize" for layer "toast"
12-29 03:29:00.220 21879 21879 I AndroidPanelApp: Processing pending show layer info for layer toast with width 460 and height 89.
12-29 03:29:00.220 21879 21879 I AndroidPanelApp: layerSupersample no changes
12-29 03:29:00.221  1169  1185 I WindowManager: Override config changes=20000c00 {0.0 ?mcc?mnc ?localeList ?layoutDir sw71dp w368dp h71dp 200dpi smll land ?uimode ?night -touch -keyb/v/h -nav/h winConfig={ mBounds=Rect(0, 0 - 460, 89) mAppBounds=Rect(0, 0 - 460, 89) mMaxBounds=Rect(0, 0 - 460, 89) mWindowingMode=fullscreen mDisplayWindowingMode=fullscreen mActivityType=undefined mAlwaysOnTop=undefined mRotation=ROTATION_0} ?fontWeightAdjustment} for displayId=101
12-29 03:29:00.223  1169  1185 V WindowManager: Display 101 state is now (1), so update layer mirroring?
12-29 03:29:00.223  1169  1185 V WindowManager: Display 101 state is now (1), so update layer mirroring?
12-29 03:29:00.225  2786 21801 I CompositorProgs: Using GLES Version 310
12-29 03:29:00.226  2715  2998 I [OAO] PanelAppHost: Resize layer toast to size 460 x 89 shape: 1 stereo: 0, panel 25 (com.oculus.systemux/com.oculus.panelapp.anytimeui.AnytimeUIPanelService)
12-29 03:29:00.226  2715  2998 I [OAO] PanelRenderLayer: ResetSurface toast 460 x 89 - shape:1 stereo:0
12-29 03:29:00.227  2786 21801 I CompositorProgs: loaded binary layerProgram :0x100000048002:0x in 1.9 ms
12-29 03:29:00.227  2786 21801 I CompositorProgs: Using GLES Version 310
12-29 03:29:00.229  2786 21801 I CompositorProgs: loaded binary layerProgram :0x100000048003:0x in 2.3 ms
12-29 03:29:00.231  2786 21801 I ScreenCaptureBase: GlobalInhibitState changed to 1
12-29 03:29:00.231  2786 21801 I ClientSurface: ClientSurface.setSecure: vr_compositor secure=1
12-29 03:29:00.234  2786  3135 I VrRuntimeService: UpdateSwapChainSamplerState: 397
12-29 03:29:00.234  2786  3135 I VrRuntimeService: UpdateSwapChainSamplerState: minFilter=5 magFilter=1 wrapModeS=3 warpModeT=3 maxAniso=1.000000 border={0.000000,0.000000,0.000000,0.000000} swizzle={0,1,2,3}
12-29 03:29:00.242 21879 21879 I AndroidPanelApp: Processing next frame action "layerShow" for layer "toast"
12-29 03:29:00.243  1169  1187 I DisplayDeviceRepository: Display device changed: DisplayDeviceInfo{"com.oculus.android_panel_app.AndroidPanelLayer-toast": uniqueId="virtual:com.oculus.systemux,10037,com.oculus.android_panel_app.AndroidPanelLayer-toast,0", 460 x 89, modeId 201, defaultModeId 201, supportedModes [{id=201, width=460, height=89, fps=60.0, alternativeRefreshRates=[]}], colorMode 0, supportedColorModes [0], hdrCapabilities null, allmSupported false, gameContentTypeSupported false, density 200, 200.0 x 200.0 dpi, appVsyncOff 0, presDeadline 16666666, touch NONE, rotation 0, type VIRTUAL, deviceProductInfo null, state OFF, owner com.oculus.systemux (uid 10037), frameRateOverride , brightnessMinimum 0.0, brightnessMaximum 0.0, brightnessDefault 0.0, FLAG_PRIVATE, FLAG_NEVER_BLANK, FLAG_OWN_CONTENT_ONLY}
12-29 03:29:00.243  1169  1187 I DisplayDeviceRepository: Display device changed: DisplayDeviceInfo{"com.oculus.android_panel_app.AndroidPanelLayer-toast": uniqueId="virtual:com.oculus.systemux,10037,com.oculus.android_panel_app.AndroidPanelLayer-toast,0", 460 x 89, modeId 201, defaultModeId 201, supportedModes [{id=201, width=460, height=89, fps=60.0, alternativeRefreshRates=[]}], colorMode 0, supportedColorModes [0], hdrCapabilities null, allmSupported false, gameContentTypeSupported false, density 200, 200.0 x 200.0 dpi, appVsyncOff 0, presDeadline 16666666, touch NONE, rotation 0, type VIRTUAL, deviceProductInfo null, state ON, owner com.oculus.systemux (uid 10037), frameRateOverride , brightnessMinimum 0.0, brightnessMaximum 0.0, brightnessDefault 0.0, FLAG_PRIVATE, FLAG_NEVER_BLANK, FLAG_OWN_CONTENT_ONLY}
12-29 03:29:00.245  1169  1185 V WindowManager: Display 101 state is now (2), so update layer mirroring?
12-29 03:29:00.245   863   863 W SurfaceFlinger: acquireVirtualDisplay: Exhausted HAL virtual displays
12-29 03:29:00.245   863   863 W SurfaceFlinger: acquireVirtualDisplay: Falling back to GPU virtual display
12-29 03:29:00.248  2786 21801 I ScreenCaptureBase: GlobalInhibitState changed to 0
12-29 03:29:00.248  2786 21801 I ClientSurface: ClientSurface.setSecure: vr_compositor secure=0
12-29 03:29:00.263  2786 21801 I Vsync   : Vsync 429:  2 x 11.14 ms (89.78 Hz, at 8351.781)
12-29 03:29:00.264  2715  2998 I [OAO] PanelAppHost: Setting panel layer visibility of layer "toast" to visible, panel 25 (com.oculus.systemux/com.oculus.panelapp.anytimeui.AnytimeUIPanelService)
12-29 03:29:00.266  2715  2998 I [OAO] LayerSwapChainResource: LayerSwapChainResource width(460), height(89), swap chain length(3), mips(4)
12-29 03:29:00.266  2715  2998 I [OAO] SwapChainApiOpenXr: CreateTextureSwapChain 460,89 - 3
12-29 03:29:00.266  2786  3135 I VrRuntimeService: CreateSwapChain: 3103074261
12-29 03:29:00.266  2786  3135 I VrRuntimeService: CreateSwapChain: api:gles 0 0x8c43 460 89 4 3 1 0 3
12-29 03:29:00.268  2786  3135 I VrRuntimeServer: CreateTextureSwapChain: result importswapchaingles 1
12-29 03:29:00.272  2715  2998 I [OAO] SwapChainApiOpenXr: Swapchain created: 460,89 - 3
12-29 03:29:00.272  2786  3135 I VrRuntimeService: UpdateSwapChainSamplerState: 398
12-29 03:29:00.272  2786  3135 I VrRuntimeService: UpdateSwapChainSamplerState: minFilter=1 magFilter=1 wrapModeS=3 warpModeT=3 maxAniso=1.000000 border={0.000000,0.000000,0.000000,0.000000} swizzle={0,1,2,3}
12-29 03:29:00.272  2715  2998 I [OAO] SwapChainApiOpenXr: Destroying SwapChain:0x7cd5c59100
12-29 03:29:00.273  2786  3135 I VrRuntimeService: DestroySwapChain: swapchain=397
12-29 03:29:00.274  2786  3135 I VrRuntimeServer: DestroyTextureSwapChain: result destroyswapchain 1
12-29 03:29:00.285  2786 21801 I ScreenCaptureBase: GlobalInhibitState changed to 1
12-29 03:29:00.285  2786 21801 I ClientSurface: ClientSurface.setSecure: vr_compositor secure=1
12-29 03:29:00.322   973  1396 I Tracking: VIPER:DEEP_DESCRIPTOR: Computing Deep Descriptors using gravity orientation.
12-29 03:29:00.402     0     0 I CAM_ERR : CAM-CRM: __cam_req_mgr_process_sof_freeze: 1806 SOF freeze for session 15860224 link 0x2010b
12-29 03:29:00.402     0     0 I CAM_ERR : CAM-CRM: __cam_req_mgr_process_sof_freeze: 1806 SOF freeze for session 15860224 link 0xaa0103
12-29 03:29:00.402     0     0 I CAM_ERR : CAM-CRM: __cam_req_mgr_process_sof_freeze: 1806 SOF freeze for session 15860224 link 0x9c0107
12-29 03:29:00.482     0     0 I CAM_ERR : CAM-CRM: __cam_req_mgr_process_sof_freeze: 1806 SOF freeze for session 15860224 link 0xf9010f
12-29 03:29:00.553   973 21798 W Tracking: CONSTELLATION: No tracked objects initialized!!
12-29 03:29:00.595  2181  1496 I VrApi   : FPS=3/0,Prd=0ms,Tear=0,Early=0,Stale=0,Stale2/5/10/max=0/0/0/0,VSnc=0,Lat=-1,Fov=0,CPU4/GPU=5/3,1171/490MHz,OC=FF,TA=0/F/0,SP=N/N/N,Mem=1555MHz,Free=3091MB,PLS=0,Temp=26.0C/0.0C,TW=1.08ms,App=-32.46ms,GD=0.00ms,CPU&GPU=0.00ms,LCnt=1(DR0,LM0),GPU%=0.11,CPU%=0.09(W0.17),DSF=1.00,CFL=11.74/17.34,ICFLp95=15.31,LD=0,SF=0.00,LP=0,DVFS=0
12-29 03:29:00.621   973 21737 I Tracking: boltlib: DSP utilization: 9.86 % (497 / 5039 ms)
12-29 03:29:00.719  3111  3210 W [CT]    : Anchor:SlamAnchorMemoryOSSDKClient: [Throttled count=597] Skipping invalid anchorHandle when attempting to cache AnchorStates
12-29 03:29:00.762  2786 21801 I Vsync   : Vsync 474:  2 x 11.14 ms (89.78 Hz, at 8352.280)
12-29 03:29:01.020  3111  3210 I SpatialAnchorPipeline: Guardian needs anchor search = 0, 1 && (1, 0, 0)
12-29 03:29:01.114 21879 21988 D BufferPoolAccessor2.0: bufferpool2 0x7d74f18a28 : 0(0 size) total buffers - 0(0 size) used buffers - 2/7 (recycle/alloc) - 5/102 (fetch/transfer)
12-29 03:29:01.114 21879 21988 D BufferPoolAccessor2.0: bufferpool2 0x7d74f18c28 : 0(0 size) total buffers - 0(0 size) used buffers - 2/7 (recycle/alloc) - 6/174 (fetch/transfer)
12-29 03:29:01.114 21879 21988 D BufferPoolAccessor2.0: evictor expired: 2, evicted: 2
