12-28 23:34:38.935   933   673 I Tracking: InitializationBA: Iteration number: 4. Cost: 514.4146118164062, Correction norm: 0.011805220507085323
12-28 23:34:38.936   933   673 I Tracking: InitializationBA: Computing calibration jacobians: true, Bootstrap iteration: false
12-28 23:34:38.936 32514 32665 D UE      : [2023.12.28-18.34.38:936][  0]LogShaderLibrary: Display: Using ../../../AtomVR/Content/ShaderArchive-Global-SF_VULKAN_ES31_ANDROID-VULKAN_ES3_1_ANDROID.ushaderbytecode for material shader code. Total 824 unique shaders.
12-28 23:34:38.936 30432 30560 E OsSdk   : error getting shared memory region, memory type: AnchorTracker, failed with Status(-1, EX_SECURITY): 'requested shared memory region when not registered/focused'
12-28 23:34:38.936 32514 32665 D UE      : [2023.12.28-18.34.38:936][  0]LogShaderLibrary: Display: Cooked Context: Using Shared Shader Library Global
12-28 23:34:38.936 32514 32665 D UE      : [2023.12.28-18.34.38:936][  0]LogShaderLibrary: Display: Logical shader library 'Global' has been created as a monolithic library
12-28 23:34:38.936 32514 32665 D UE      : [2023.12.28-18.34.38:936][  0]LogShaderLibrary: Display: Running without a pakfile and did not find a monolithic library 'Global_SC' - attempting disk search for its chunks
12-28 23:34:38.936 32514 32665 D UE      : [2023.12.28-18.34.38:936][  0]LogShaderLibrary: Display:    ....  not found
12-28 23:34:38.936 32514 32665 D UE      : [2023.12.28-18.34.38:936][  0]LogShaderLibrary: Display: Tried to open shader library 'Global_SC', but could not find it neither as a monolithic library nor as a chunked one.
12-28 23:34:38.937 32514 32665 D UE      : [2023.12.28-18.34.38:937][  0]LogShaderLibrary: Display: Running without a pakfile and did not find a monolithic library 'TraceUtilities' - attempting disk search for its chunks
12-28 23:34:38.937 32514 32665 D UE      : [2023.12.28-18.34.38:937][  0]LogShaderLibrary: Display:    ....  not found
12-28 23:34:38.937 32514 32665 D UE      : [2023.12.28-18.34.38:937][  0]LogShaderLibrary: Display: Tried to open shader library 'TraceUtilities', but could not find it neither as a monolithic library nor as a chunked one.
12-28 23:34:38.937 32514 32665 D UE      : [2023.12.28-18.34.38:937][  0]LogShaderLibrary: Display: Running without a pakfile and did not find a monolithic library 'BlueprintHeaderView' - attempting disk search for its chunks
12-28 23:34:38.937 32514 32665 D UE      : [2023.12.28-18.34.38:937][  0]LogShaderLibrary: Display:    ....  not found
12-28 23:34:38.937 32514 32665 D UE      : [2023.12.28-18.34.38:937][  0]LogShaderLibrary: Display: Tried to open shader library 'BlueprintHeaderView', but could not find it neither as a monolithic library nor as a chunked one.
12-28 23:34:38.937 32514 32665 D UE      : [2023.12.28-18.34.38:937][  0]LogShaderLibrary: Display: Running without a pakfile and did not find a monolithic library 'GeometryMode' - attempting disk search for its chunks
12-28 23:34:38.937   933   673 I Tracking: InitBAFeatures: Constraints: 206 Tried: 124, Failed: 0, Map features: 0, Above Huber: 32, Low-parallax: 7, Soft-constraint: 0
12-28 23:34:38.937 32514 32665 D UE      : [2023.12.28-18.34.38:937][  0]LogShaderLibrary: Display:    ....  not found
12-28 23:34:38.937 32514 32665 D UE      : [2023.12.28-18.34.38:937][  0]LogShaderLibrary: Display: Tried to open shader library 'GeometryMode', but could not find it neither as a monolithic library nor as a chunked one.
12-28 23:34:38.937 32514 32665 D UE      : [2023.12.28-18.34.38:937][  0]LogShaderLibrary: Display: Running without a pakfile and did not find a monolithic library 'SpeedTreeImporter' - attempting disk search for its chunks
12-28 23:34:38.937 32514 32665 D UE      : [2023.12.28-18.34.38:937][  0]LogShaderLibrary: Display:    ....  not found
12-28 23:34:38.937 32514 32665 D UE      : [2023.12.28-18.34.38:937][  0]LogShaderLibrary: Display: Tried to open shader library 'SpeedTreeImporter', but could not find it neither as a monolithic library nor as a chunked one.
12-28 23:34:38.937 32514 32665 D UE      : [2023.12.28-18.34.38:937][  0]LogShaderLibrary: Display: Running without a pakfile and did not find a monolithic library 'UVEditor' - attempting disk search for its chunks
12-28 23:34:38.937 32514 32665 D UE      : [2023.12.28-18.34.38:937][  0]LogShaderLibrary: Display:    ....  not found
12-28 23:34:38.937 32514 32665 D UE      : [2023.12.28-18.34.38:937][  0]LogShaderLibrary: Display: Tried to open shader library 'UVEditor', but could not find it neither as a monolithic library nor as a chunked one.
12-28 23:34:38.937 32514 32665 D UE      : [2023.12.28-18.34.38:937][  0]LogShaderLibrary: Display: Running without a pakfile and did not find a monolithic library 'ChaosSolverPlugin' - attempting disk search for its chunks
12-28 23:34:38.938 32514 32665 D UE      : [2023.12.28-18.34.38:938][  0]LogShaderLibrary: Display:    ....  not found
12-28 23:34:38.938 32514 32665 D UE      : [2023.12.28-18.34.38:938][  0]LogShaderLibrary: Display: Tried to open shader library 'ChaosSolverPlugin', but could not find it neither as a monolithic library nor as a chunked one.
12-28 23:34:38.938 32514 32665 D UE      : [2023.12.28-18.34.38:938][  0]LogShaderLibrary: Display: Running without a pakfile and did not find a monolithic library 'ChaosVehiclesPlugin' - attempting disk search for its chunks
12-28 23:34:38.938 32514 32665 D UE      : [2023.12.28-18.34.38:938][  0]LogShaderLibrary: Display:    ....  not found
12-28 23:34:38.938 32514 32665 D UE      : [2023.12.28-18.34.38:938][  0]LogShaderLibrary: Display: Tried to open shader library 'ChaosVehiclesPlugin', but could not find it neither as a monolithic library nor as a chunked one.
12-28 23:34:38.938 32514 32665 D UE      : [2023.12.28-18.34.38:938][  0]LogShaderLibrary: Display: Running without a pakfile and did not find a monolithic library 'Dataflow' - attempting disk search for its chunks
12-28 23:34:38.938 32514 32665 D UE      : [2023.12.28-18.34.38:938][  0]LogShaderLibrary: Display:    ....  not found
12-28 23:34:38.938 32514 32665 D UE      : [2023.12.28-18.34.38:938][  0]LogShaderLibrary: Display: Tried to open shader library 'Dataflow', but could not find it neither as a monolithic library nor as a chunked one.
12-28 23:34:38.938 32514 32665 D UE      : [2023.12.28-18.34.38:938][  0]LogShaderLibrary: Display: Running without a pakfile and did not find a monolithic library 'FullBodyIK' - attempting disk search for its chunks
12-28 23:34:38.938 32514 32665 D UE      : [2023.12.28-18.34.38:938][  0]LogShaderLibrary: Display:    ....  not found
12-28 23:34:38.938 32514 32665 D UE      : [2023.12.28-18.34.38:938][  0]LogShaderLibrary: Display: Tried to open shader library 'FullBodyIK', but could not find it neither as a monolithic library nor as a chunked one.
12-28 23:34:38.938 32514 32665 D UE      : [2023.12.28-18.34.38:938][  0]LogShaderLibrary: Display: Running without a pakfile and did not find a monolithic library 'PythonScriptPlugin' - attempting disk search for its chunks
12-28 23:34:38.938 32514 32665 D UE      : [2023.12.28-18.34.38:938][  0]LogShaderLibrary: Display:    ....  not found
12-28 23:34:38.939 32514 32665 D UE      : [2023.12.28-18.34.38:938][  0]LogShaderLibrary: Display: Tried to open shader library 'PythonScriptPlugin', but could not find it neither as a monolithic library nor as a chunked one.
12-28 23:34:38.939 32514 32665 D UE      : [2023.12.28-18.34.38:939][  0]LogShaderLibrary: Display: Running without a pakfile and did not find a monolithic library 'ToolPresets' - attempting disk search for its chunks
12-28 23:34:38.939 32514 32665 D UE      : [2023.12.28-18.34.38:939][  0]LogShaderLibrary: Display:    ....  not found
12-28 23:34:38.939 32514 32665 D UE      : [2023.12.28-18.34.38:939][  0]LogShaderLibrary: Display: Tried to open shader library 'ToolPresets', but could not find it neither as a monolithic library nor as a chunked one.
12-28 23:34:38.939 32514 32665 D UE      : [2023.12.28-18.34.38:939][  0]LogShaderLibrary: Display: Running without a pakfile and did not find a monolithic library 'BlockoutToolsPlugin' - attempting disk search for its chunks
12-28 23:34:38.939 32514 32665 D UE      : [2023.12.28-18.34.38:939][  0]LogShaderLibrary: Display:    ....  not found
12-28 23:34:38.939 32514 32665 D UE      : [2023.12.28-18.34.38:939][  0]LogShaderLibrary: Display: Tried to open shader library 'BlockoutToolsPlugin', but could not find it neither as a monolithic library nor as a chunked one.
12-28 23:34:38.939 32514 32665 D UE      : [2023.12.28-18.34.38:939][  0]LogShaderLibrary: Display: Running without a pakfile and did not find a monolithic library 'SequencerScripting' - attempting disk search for its chunks
12-28 23:34:38.939 32514 32665 D UE      : [2023.12.28-18.34.38:939][  0]LogShaderLibrary: Display:    ....  not found
12-28 23:34:38.939 32514 32665 D UE      : [2023.12.28-18.34.38:939][  0]LogShaderLibrary: Display: Tried to open shader library 'SequencerScripting', but could not find it neither as a monolithic library nor as a chunked one.
12-28 23:34:38.939 32514 32665 D UE      : [2023.12.28-18.34.38:939][  0]LogShaderLibrary: Display: Running without a pakfile and did not find a monolithic library 'AudioSynesthesia' - attempting disk search for its chunks
12-28 23:34:38.939 32514 32665 D UE      : [2023.12.28-18.34.38:939][  0]LogShaderLibrary: Display:    ....  not found
12-28 23:34:38.939 32514 32665 D UE      : [2023.12.28-18.34.38:939][  0]LogShaderLibrary: Display: Tried to open shader library 'AudioSynesthesia', but could not find it neither as a monolithic library nor as a chunked one.
12-28 23:34:38.939 32514 32665 D UE      : [2023.12.28-18.34.38:939][  0]LogShaderLibrary: Display: Running without a pakfile and did not find a monolithic library 'AudioWidgets' - attempting disk search for its chunks
12-28 23:34:38.939 32514 32665 D UE      : [2023.12.28-18.34.38:939][  0]LogShaderLibrary: Display:    ....  not found
12-28 23:34:38.939 32514 32665 D UE      : [2023.12.28-18.34.38:939][  0]LogShaderLibrary: Display: Tried to open shader library 'AudioWidgets', but could not find it neither as a monolithic library nor as a chunked one.
12-28 23:34:38.939 32514 32665 D UE      : [2023.12.28-18.34.38:939][  0]LogShaderLibrary: Display: Running without a pakfile and did not find a monolithic library 'GeometryProcessing' - attempting disk search for its chunks
12-28 23:34:38.939   933   673 I Tracking: InitializationBA: Iteration number: 5. Cost: 512.812255859375, Correction norm: 0.008458161726593971
12-28 23:34:38.939 32514 32665 D UE      : [2023.12.28-18.34.38:939][  0]LogShaderLibrary: Display:    ....  not found
12-28 23:34:38.939 32514 32665 D UE      : [2023.12.28-18.34.38:939][  0]LogShaderLibrary: Display: Tried to open shader library 'GeometryProcessing', but could not find it neither as a monolithic library nor as a chunked one.
12-28 23:34:38.939   933   673 I Tracking: VioInitialization: Initialization Complete!
12-28 23:34:38.940 32514 32665 D UE      : [2023.12.28-18.34.38:940][  0]LogShaderLibrary: Display: Running without a pakfile and did not find a monolithic library 'Metasound' - attempting disk search for its chunks
12-28 23:34:38.940 32514 32665 D UE      : [2023.12.28-18.34.38:940][  0]LogShaderLibrary: Display:    ....  not found
12-28 23:34:38.940 32514 32665 D UE      : [2023.12.28-18.34.38:940][  0]LogShaderLibrary: Display: Tried to open shader library 'Metasound', but could not find it neither as a monolithic library nor as a chunked one.
12-28 23:34:38.940   933   673 I Tracking: InitializationBA: Computing calibration jacobians: true, Bootstrap iteration: false
12-28 23:34:38.940 32514 32665 D UE      : [2023.12.28-18.34.38:940][  0]LogShaderLibrary: Display: Running without a pakfile and did not find a monolithic library 'OpenXR' - attempting disk search for its chunks
12-28 23:34:38.940 32514 32665 D UE      : [2023.12.28-18.34.38:940][  0]LogShaderLibrary: Display:    ....  not found
12-28 23:34:38.940 32514 32665 D UE      : [2023.12.28-18.34.38:940][  0]LogShaderLibrary: Display: Tried to open shader library 'OpenXR', but could not find it neither as a monolithic library nor as a chunked one.
12-28 23:34:38.940 32514 32665 D UE      : [2023.12.28-18.34.38:940][  0]LogShaderLibrary: Display: Running without a pakfile and did not find a monolithic library 'ResonanceAudio' - attempting disk search for its chunks
12-28 23:34:38.940 32514 32665 D UE      : [2023.12.28-18.34.38:940][  0]LogShaderLibrary: Display:    ....  not found
12-28 23:34:38.940 32514 32665 D UE      : [2023.12.28-18.34.38:940][  0]LogShaderLibrary: Display: Tried to open shader library 'ResonanceAudio', but could not find it neither as a monolithic library nor as a chunked one.
12-28 23:34:38.940 32514 32665 D UE      : [2023.12.28-18.34.38:940][  0]LogShaderLibrary: Display: Running without a pakfile and did not find a monolithic library 'RigVM' - attempting disk search for its chunks
12-28 23:34:38.940 32514 32665 D UE      : [2023.12.28-18.34.38:940][  0]LogShaderLibrary: Display:    ....  not found
12-28 23:34:38.940 32514 32665 D UE      : [2023.12.28-18.34.38:940][  0]LogShaderLibrary: Display: Tried to open shader library 'RigVM', but could not find it neither as a monolithic library nor as a chunked one.
12-28 23:34:38.940 32514 32665 D UE      : [2023.12.28-18.34.38:940][  0]LogShaderLibrary: Display: Running without a pakfile and did not find a monolithic library 'Synthesis' - attempting disk search for its chunks
12-28 23:34:38.940 32514 32665 D UE      : [2023.12.28-18.34.38:940][  0]LogShaderLibrary: Display:    ....  not found
12-28 23:34:38.940 32514 32665 D UE      : [2023.12.28-18.34.38:940][  0]LogShaderLibrary: Display: Tried to open shader library 'Synthesis', but could not find it neither as a monolithic library nor as a chunked one.
12-28 23:34:38.940 32514 32665 D UE      : [2023.12.28-18.34.38:940][  0]LogShaderLibrary: Display: Running without a pakfile and did not find a monolithic library 'WaveTable' - attempting disk search for its chunks
12-28 23:34:38.940 32514 32665 D UE      : [2023.12.28-18.34.38:940][  0]LogShaderLibrary: Display:    ....  not found
12-28 23:34:38.940 32514 32665 D UE      : [2023.12.28-18.34.38:940][  0]LogShaderLibrary: Display: Tried to open shader library 'WaveTable', but could not find it neither as a monolithic library nor as a chunked one.
12-28 23:34:38.940 32514 32665 D UE      : [2023.12.28-18.34.38:940][  0]LogShaderLibrary: Display: Running without a pakfile and did not find a monolithic library 'ControlRig' - attempting disk search for its chunks
12-28 23:34:38.940 32514 32665 D UE      : [2023.12.28-18.34.38:940][  0]LogShaderLibrary: Display:    ....  not found
12-28 23:34:38.940 32514   712 D UE      : [2023.12.28-18.34.38:940][  0]LogShaderLibrary: Display: Running without a pakfile and did not find a monolithic library 'IKRig' - attempting disk search for its chunks
12-28 23:34:38.941 32514   712 D UE      : [2023.12.28-18.34.38:941][  0]LogShaderLibrary: Display:    ....  not found
12-28 23:34:38.941 32514   712 D UE      : [2023.12.28-18.34.38:941][  0]LogShaderLibrary: Display: Tried to open shader library 'IKRig', but could not find it neither as a monolithic library nor as a chunked one.
12-28 23:34:38.941   933   673 I Tracking: InitBAFeatures: Constraints: 157 Tried: 87, Failed: 0, Map features: 0, Above Huber: 25, Low-parallax: 5, Soft-constraint: 0
12-28 23:34:38.941 32514   712 D UE      : [2023.12.28-18.34.38:941][  0]LogShaderLibrary: Display: Running without a pakfile and did not find a monolithic library 'AnimationSharing' - attempting disk search for its chunks
12-28 23:34:38.941 32514   712 D UE      : [2023.12.28-18.34.38:941][  0]LogShaderLibrary: Display:    ....  not found
12-28 23:34:38.941 32514   712 D UE      : [2023.12.28-18.34.38:941][  0]LogShaderLibrary: Display: Tried to open shader library 'AnimationSharing', but could not find it neither as a monolithic library nor as a chunked one.
12-28 23:34:38.941 32514   712 D UE      : [2023.12.28-18.34.38:941][  0]LogShaderLibrary: Display: Running without a pakfile and did not find a monolithic library 'DatasmithContent' - attempting disk search for its chunks
12-28 23:34:38.941 32514   712 D UE      : [2023.12.28-18.34.38:941][  0]LogShaderLibrary: Display:    ....  not found
12-28 23:34:38.941 32514   712 D UE      : [2023.12.28-18.34.38:941][  0]LogShaderLibrary: Display: Tried to open shader library 'DatasmithContent', but could not find it neither as a monolithic library nor as a chunked one.
12-28 23:34:38.941 32514   712 D UE      : [2023.12.28-18.34.38:941][  0]LogShaderLibrary: Display: Running without a pakfile and did not find a monolithic library 'GLTFExporter' - attempting disk search for its chunks
12-28 23:34:38.941 32514   712 D UE      : [2023.12.28-18.34.38:941][  0]LogShaderLibrary: Display:    ....  not found
12-28 23:34:38.941 32514   712 D UE      : [2023.12.28-18.34.38:941][  0]LogShaderLibrary: Display: Tried to open shader library 'GLTFExporter', but could not find it neither as a monolithic library nor as a chunked one.
12-28 23:34:38.941 32514   712 D UE      : [2023.12.28-18.34.38:941][  0]LogShaderLibrary: Display: Running without a pakfile and did not find a monolithic library 'Niagara' - attempting disk search for its chunks
12-28 23:34:38.941 32514   712 D UE      : [2023.12.28-18.34.38:941][  0]LogShaderLibrary: Display:    ....  not found
12-28 23:34:38.941 32514   712 D UE      : [2023.12.28-18.34.38:941][  0]LogShaderLibrary: Display: Tried to open shader library 'Niagara', but could not find it neither as a monolithic library nor as a chunked one.
12-28 23:34:38.941 32514   712 D UE      : [2023.12.28-18.34.38:941][  0]LogShaderLibrary: Display: Running without a pakfile and did not find a monolithic library 'MediaCompositing' - attempting disk search for its chunks
12-28 23:34:38.941 32514   712 D UE      : [2023.12.28-18.34.38:941][  0]LogShaderLibrary: Display:    ....  not found
12-28 23:34:38.941 32514   712 D UE      : [2023.12.28-18.34.38:941][  0]LogShaderLibrary: Display: Tried to open shader library 'MediaCompositing', but could not find it neither as a monolithic library nor as a chunked one.
12-28 23:34:38.941 32514   712 D UE      : [2023.12.28-18.34.38:941][  0]LogShaderLibrary: Display: Running without a pakfile and did not find a monolithic library 'MediaPlate' - attempting disk search for its chunks
12-28 23:34:38.941 32514   712 D UE      : [2023.12.28-18.34.38:941][  0]LogShaderLibrary: Display:    ....  not found
12-28 23:34:38.941 32514   712 D UE      : [2023.12.28-18.34.38:941][  0]LogShaderLibrary: Display: Tried to open shader library 'MediaPlate', but could not find it neither as a monolithic library nor as a chunked one.
12-28 23:34:38.941 32514   712 D UE      : [2023.12.28-18.34.38:941][  0]LogShaderLibrary: Display: Running without a pakfile and did not find a monolithic library 'LightMixer' - attempting disk search for its chunks
12-28 23:34:38.942 32514   712 D UE      : [2023.12.28-18.34.38:942][  0]LogShaderLibrary: Display:    ....  not found
12-28 23:34:38.942 32514   712 D UE      : [2023.12.28-18.34.38:942][  0]LogShaderLibrary: Display: Tried to open shader library 'LightMixer', but could not find it neither as a monolithic library nor as a chunked one.
12-28 23:34:38.942 32514   711 D UE      : [2023.12.28-18.34.38:940][  0]LogShaderLibrary: Display: Running without a pakfile and did not find a monolithic library 'Paper2D' - attempting disk search for its chunks
12-28 23:34:38.942 32514   711 D UE      : [2023.12.28-18.34.38:942][  0]LogShaderLibrary: Display:    ....  not found
12-28 23:34:38.942 32514   711 D UE      : [2023.12.28-18.34.38:942][  0]LogShaderLibrary: Display: Tried to open shader library 'Paper2D', but could not find it neither as a monolithic library nor as a chunked one.
12-28 23:34:38.942 32514   711 D UE      : [2023.12.28-18.34.38:942][  0]LogShaderLibrary: Display: Running without a pakfile and did not find a monolithic library 'ACLPlugin' - attempting disk search for its chunks
12-28 23:34:38.942 32514   711 D UE      : [2023.12.28-18.34.38:942][  0]LogShaderLibrary: Display:    ....  not found
12-28 23:34:38.942 32514   711 D UE      : [2023.12.28-18.34.38:942][  0]LogShaderLibrary: Display: Tried to open shader library 'ACLPlugin', but could not find it neither as a monolithic library nor as a chunked one.
12-28 23:34:38.943   933   673 W Tracking: VIO_HAS_TRACKING: Bad tracking: too few inliers. num_inliers = 0 < 4
12-28 23:34:38.943   933   673 W Tracking: VEGA:HM:MAP_TRACKING: [Throttled count=12] Map tracking did not run.
12-28 23:34:38.943   933   673 W Tracking: VIO_HAS_TRACKING: Bad tracking: too few inliers. num_inliers = 0 < 5
12-28 23:34:38.943   933   673 W Tracking: VEGA:HM:PERCEPTUAL: [4470.739 [sec]] Bad tracking: tracker health is bad
12-28 23:34:38.943   933   673 I Tracking: VEGA:HM:PERCEPTUAL: [4470.739 [sec]] Perceptual tracking state transition from UNKNOWN to 3DoF.
12-28 23:34:38.944 32514 32665 D UE      : [2023.12.28-18.34.38:940][  0]LogShaderLibrary: Display: Tried to open shader library 'ControlRig', but could not find it neither as a monolithic library nor as a chunked one.
12-28 23:34:38.944 32514 32665 D UE      : [2023.12.28-18.34.38:944][  0]LogShaderLibrary: Display: Running without a pakfile and did not find a monolithic library 'ControlRigSpline' - attempting disk search for its chunks
12-28 23:34:38.945   933   673 I Tracking: VegaTracker: [Throttled count=12] VegaTracker::track returned 238 track measurement(s) 0 track-to-landmark association(s) and 77 closed track ID(s) while reporting poor tracking quality. (isTrackerHealthy = false, isMapTrackingHealthy = false)
12-28 23:34:38.945   933   673 I Tracking: VIPER: Tracking initialization complete.
12-28 23:34:38.945   933   673 W Tracking: VIPER: Frame Tracking (0.070703438 [sec]) exceeded camera sampling time (0.033333333 [sec]).
12-28 23:34:38.945 32514 32665 D UE      : [2023.12.28-18.34.38:945][  0]LogShaderLibrary: Display:    ....  not found
12-28 23:34:38.946 32514 32665 D UE      : [2023.12.28-18.34.38:946][  0]LogShaderLibrary: Display: Tried to open shader library 'ControlRigSpline', but could not find it neither as a monolithic library nor as a chunked one.
12-28 23:34:38.946 32514 32665 D UE      : [2023.12.28-18.34.38:946][  0]LogShaderLibrary: Display: Running without a pakfile and did not find a monolithic library 'ObjectMixer' - attempting disk search for its chunks
12-28 23:34:38.946 32514 32665 D UE      : [2023.12.28-18.34.38:946][  0]LogShaderLibrary: Display:    ....  not found
12-28 23:34:38.946 32514 32665 D UE      : [2023.12.28-18.34.38:946][  0]LogShaderLibrary: Display: Tried to open shader library 'ObjectMixer', but could not find it neither as a monolithic library nor as a chunked one.
12-28 23:34:38.946 32514 32665 D UE      : [2023.12.28-18.34.38:946][  0]LogTemp: Display: Clearing the OS Cache
12-28 23:34:38.949 32514 32666 D UE      : [2023.12.28-18.34.38:949][  0]LogAndroid: Case APP_CMD_LOST_FOCUS
12-28 23:34:38.954  2784  2784 I ClientMgr: FocusedWindowChanged: uid = 10025 pid = 2728
12-28 23:34:38.954  2784  2784 I ClientMgr: FocusedWindowChanged: found matching overlay client: 3033801969
12-28 23:34:38.954  2784  2784 I ClientMgr: FocusedClient changed.
12-28 23:34:38.954  2784  2784 I ClientMgr: ClientMgr::SetFocusedClient: 2728:com.oculus.vrshell type 1
12-28 23:34:38.954  3629  3629 D [SUI] ActivityManagerUtilsHelper: onFocusedWindowChanged: Instance: com.oculus.common.activitymanager.ActivityManagerUtilsHelper@330f6b8, topWindowUid: 10025, focusedApp: com.oculus.vrshell, previousApp: com.epicgames.AtomVR
12-28 23:34:38.954  2784  2784 I ClientMgr: SetFocusedPackageName - packageName com.oculus.vrshell processName com.oculus.vrshell:Overlay clientId 3033801969 clientPid 2728
12-28 23:34:38.954  2784  2784 I ServiceInputManager: ServiceInputManager::SetFocusedPackageName 'com.oculus.vrshell'
12-28 23:34:38.954  2784  2784 I VrRuntimeService: RuntimeIPC: SendFocusChangeEventToAllClients: PostClientEvent SUCCESS: com.oculus.xrstreamingclient:com.oculus.xrstreamingclient:30432, com.oculus.vrshell, com.oculus.vrshell:Overlay
12-28 23:34:38.954  2784  2784 I VrRuntimeService: RuntimeIPC: SendFocusChangeEventToAllClients: PostClientEvent SUCCESS: com.oculus.guardian:com.oculus.vrguardianservice:3080, com.oculus.vrshell, com.oculus.vrshell:Overlay
12-28 23:34:38.954  2784  2784 W REFLECT [RUNTIMEIPC]: ipc_PostClientEvent FAILED: FocusChangeEvent
12-28 23:34:38.954  2784  2784 W VrRuntimeService: RuntimeIPC: SendFocusChangeEventToAllClients: PostClientEvent FAILED: com.oculus.mrservice:com.oculus.mrservice:3282, com.oculus.vrshell, com.oculus.vrshell:Overlay
12-28 23:34:38.954  2784  2784 W REFLECT [RUNTIMEIPC]: ipc_PostClientEvent FAILED: FocusChangeEvent
12-28 23:34:38.954  2784  2784 W VrRuntimeService: RuntimeIPC: SendFocusChangeEventToAllClients: PostClientEvent FAILED: com.oculus.shellenv:com.oculus.shellenv:2044, com.oculus.vrshell, com.oculus.vrshell:Overlay
12-28 23:34:38.954  2784  2784 I VrRuntimeService: RuntimeIPC: SendFocusChangeEventToAllClients: PostClientEvent SUCCESS: com.oculus.vrshell:com.oculus.vrshell:Overlay:2728, com.oculus.vrshell, com.oculus.vrshell:Overlay
12-28 23:34:38.954  2784  2784 I VrRuntimeService: RuntimeIPC: SendFocusChangeEventToAllClients: PostClientEvent SUCCESS: com.oculus.vrshell:com.oculus.vrshell:2216, com.oculus.vrshell, com.oculus.vrshell:Overlay
12-28 23:34:38.955  3629  3629 D [SUI] ActivityManagerUtilsHelper: onFocusedWindowChanged: Instance: com.oculus.common.activitymanager.ActivityManagerUtilsHelper@aea0be4, topWindowUid: 10025, focusedApp: com.oculus.vrshell, previousApp: com.epicgames.AtomVR
12-28 23:34:38.955  3629  3629 D [SUI] AnytimeUIPanelApp: Received ActivityStateChanges - com.epicgames.AtomVR
12-28 23:34:38.957 32514 32665 D UE      : [2023.12.28-18.34.38:957][  0]LogInit: FStereoShaderAspects: --- StereoAspects begin ---
12-28 23:34:38.958 32514 32665 D UE      : [2023.12.28-18.34.38:957][  0]LogInit: FStereoShaderAspects: Platform=VULKAN_ES3_1_ANDROID (21)
12-28 23:34:38.958 32514 32665 D UE      : [2023.12.28-18.34.38:958][  0]LogInit: FStereoShaderAspects: bInstancedStereo = 1
12-28 23:34:38.958 32514 32665 D UE      : [2023.12.28-18.34.38:958][  0]LogInit: FStereoShaderAspects: bMobilePlatform = 1
12-28 23:34:38.958 32514 32665 D UE      : [2023.12.28-18.34.38:958][  0]LogInit: FStereoShaderAspects: bMobilePostprocessing = 1
12-28 23:34:38.958 32514 32665 D UE      : [2023.12.28-18.34.38:958][  0]LogInit: FStereoShaderAspects: bMobileMultiView = 1
12-28 23:34:38.958 32514 32665 D UE      : [2023.12.28-18.34.38:958][  0]LogInit: FStereoShaderAspects: bMultiViewportCapable = 0
12-28 23:34:38.958 32514 32665 D UE      : [2023.12.28-18.34.38:958][  0]LogInit: FStereoShaderAspects: bInstancedStereoNative = 0
12-28 23:34:38.958 32514 32665 D UE      : [2023.12.28-18.34.38:958][  0]LogInit: FStereoShaderAspects: ---
12-28 23:34:38.958 32514 32665 D UE      : [2023.12.28-18.34.38:958][  0]LogInit: FStereoShaderAspects: bMobileMultiViewCoreSupport = 0
12-28 23:34:38.958 32514 32665 D UE      : [2023.12.28-18.34.38:958][  0]LogInit: FStereoShaderAspects: bMobileMultiViewNative = 0
12-28 23:34:38.958 32514 32665 D UE      : [2023.12.28-18.34.38:958][  0]LogInit: FStereoShaderAspects: bMobileMultiViewFallback = 0
12-28 23:34:38.958 32514 32665 D UE      : [2023.12.28-18.34.38:958][  0]LogInit: FStereoShaderAspects: ---
12-28 23:34:38.958 32514 32665 D UE      : [2023.12.28-18.34.38:958][  0]LogInit: FStereoShaderAspects: bInstancedMultiViewportEnabled = 0
12-28 23:34:38.958 32514 32665 D UE      : [2023.12.28-18.34.38:958][  0]LogInit: FStereoShaderAspects: bInstancedStereoEnabled = 0
12-28 23:34:38.958 32514 32665 D UE      : [2023.12.28-18.34.38:958][  0]LogInit: FStereoShaderAspects: bMobileMultiViewEnabled = 0
12-28 23:34:38.958 32514 32665 D UE      : [2023.12.28-18.34.38:958][  0]LogInit: FStereoShaderAspects: --- StereoAspects end ---
12-28 23:34:38.959  2784  3058 I Vsync   : vsync display refresh rate already set 72.000000
12-28 23:34:38.959  2784  3058 I ArcataThermalReactivePolicy: perfmgr: Thermal governor would upgrade feature 9 to status 1 and fidelity level 4
12-28 23:34:38.959  2784  3058 I ArcataThermalReactivePolicy: perf: The thermal based governance decision is: 1
12-28 23:34:38.959  2784  3058 I KeyboardTrackingServer_Impl: TRACKEDKEYBOARD SetFeatureEnable 1
12-28 23:34:38.959  2784  3058 I KeyboardTrackingServer_Impl: TRACKEDKEYBOARD EnableKeyboardTracking changedTime = 33353.5
12-28 23:34:38.959  2784  3058 I InsideOutBodyTrackingServerManager: perf: Setting iobt status 0 and fidelity 2
12-28 23:34:38.960   932  1329 W TrackingFidelityService: Cannot set InsideOutBodyTracking fidelity because the tracking feature does not exist.
12-28 23:34:38.960   932  1329 W TrackingFidelityService: Cannot get InsideOutBodyTracking fidelity because the tracking feature does not exist.
12-28 23:34:38.961 32514 32665 D UE      : [2023.12.28-18.34.38:960][  0]LogInit: XR: Instanced Stereo Rendering is Disabled
12-28 23:34:38.961 32514 32665 D UE      : [2023.12.28-18.34.38:961][  0]LogInit: XR: MultiViewport is Disabled
12-28 23:34:38.961 32514 32665 D UE      : [2023.12.28-18.34.38:961][  0]LogInit: XR: Mobile Multiview is Disabled
12-28 23:34:38.961  4822  4924 E LoggingErrorHandler: Retrofit error, url: [https://graph.oculus.com/graphql?q=viewer%28%29+%7B++user+%7B++++alias%2C++++profile_photo.size%2840x40%29+%7B++++++uri%2C++++%7D%2C++++avatar_image.size%28240x240%29+%7B++++++uri%2C++++%7D%2C++++user_nux_flags+%7B++++++has_seen_vr_invite_profile_nux%2C++++%7D%2C++%7D%2C+%7D], kind: [NETWORK], status: [0 - ], headers: , body: []
12-28 23:34:38.962 32514 32665 D UE      : [2023.12.28-18.34.38:962][  0]LogSlate: Using FreeType 2.10.4
12-28 23:34:38.963 32514 32665 D UE      : [2023.12.28-18.34.38:963][  0]LogSlate: SlateFontServices - WITH_FREETYPE: 1, WITH_HARFBUZZ: 1
12-28 23:34:38.965  4822  4924 E JavaBinder: *** Uncaught remote exception!  (Exceptions are not yet supported across processes.)
12-28 23:34:38.965  2784   738 I CompositorUtil: SetSchedFifo( tid=3128, pol=2, pri=0 ) succeeded
12-28 23:34:38.965  2784   738 I CompositorUtil: SetSchedFifo( tid=3621, pol=2, pri=0 ) succeeded
12-28 23:34:38.965  3629  3629 E [SUI] SocialViewModel: Failed to fetch social viewer info, latency: 110ms
12-28 23:34:38.965  2784   738 I CompositorUtil: SetSchedFifo( tid=3820, pol=2, pri=0 ) succeeded
12-28 23:34:38.971  2784  3058 I KeyboardTrackingServer_Impl: TRACKEDKEYBOARD UpdateInputStateFromFocusedClientMemory different delta times 33353.5 0 clientId 0xb4d424f1
12-28 23:34:38.972  2784  3058 I KeyboardTrackingServer_Impl: TRACKEDKEYBOARD this client doesn't have keyboard tracking enabled
12-28 23:34:38.972  2784  3058 I KeyboardTrackingServer_Impl: TRACKEDKEYBOARD   'type: FFFFFFFFFFFFFFFF id: FFFFFFFFFFFFFFFF'  -  'type: FFFFFFFFFFFFFFFF id: FFFFFFFFFFFFFFFF'
12-28 23:34:38.972  2784  3058 I KeyboardTrackingServer_Impl: TRACKEDKEYBOARD verify match after copy
12-28 23:34:38.972  2784  3058 I KeyboardTrackingServer_Impl: TRACKEDKEYBOARD   'type: FFFFFFFFFFFFFFFF id: FFFFFFFFFFFFFFFF'  -  'type: FFFFFFFFFFFFFFFF id: FFFFFFFFFFFFFFFF'
12-28 23:34:38.972  2784  3058 I PerformanceManager_ZSF: perfmgr: SetClockLevels: Apply pending clock request change: -1,-1 -> 4,3
12-28 23:34:38.972  2784  3048 I Clocks  : LockClocks( cpu=5, gpu=3 ) - start
12-28 23:34:38.975  2784  3048 I Clocks  : CPU levels [0, 8]
12-28 23:34:38.975  2784  3048 I Clocks  : GPU levels [0, 7]
12-28 23:34:38.976  3282  3296 I MRSVC   : MIXEDREALITY: MrServiceController: VrFocusManager::Top Activity Changed, topActivity now is: 'com.epicgames.AtomVR', immersiveApp now is: ''.
12-28 23:34:38.981  2784  3048 I Clocks  : LockClocks( cpu=5, gpu=3 ) - end (4.8 ms)
12-28 23:34:38.986  3245  3245 V MetaCam (ForegroundAppChecker): Current foreground package is com.oculus.vrshell.
12-28 23:34:38.988  4822  4924 E LoggingErrorHandler: Retrofit error, url: [https://graph.oculus.com/graphql?doc=query+GetCurrentPartyQuery+%7B++viewer+%7B++++user+%7B++++++current_party+%7B++++++++id%2C++++++++call_door+%7B++++++++++id++++++++%7D%2C++++++++anchored_home_instance+%7B++++++++++id++++++++%7D%2C++++++++only_quest_users%2C++++++++join_policy%2C++++++++party_type%2C++++++++has_active_link_sharing%2C++++++++max_size%2C++++++++party_leader+%7Bid%2Cname%2Calias%2Cpresence%2Cpresence_status%2Cfollow_status%2Cprofile_status%2Cprofile_photo%28size%3A+%22240x240%22%29+%7B++name%2C++uri%2C++width%2C++height%2C%7D%2Cfriend_status%2Cis_blocked_by_viewer%2Ccan_viewer_message%2Ccurrent_party+%7B++id%2C++join_policy%2C++max_size%2C++party_users+%7B++++count%2C++%7D%2C%7D%2Cis_presence_deeplink_joinable%2Cmost_recent_presence+%7B++last_active_description%2C++destination_api_name%2C++scoped_user_id%2C++deeplink_message_for_deeplink_target%2C++launch_params_as_json_string%2C++vr_apps_for_deeplink_target+%7B++++id%2C+++++vr_platform%2C++++package_name%2C+%7D%2C%7D%2C++++++++%7D%2C++++++++invited_users+%7B++++++++++count%2C++++++++++edges+%7B++++++++++++sender%2C++++++++++++node+%7Bid%2Cname%2Calias%2Cpresence%2Cpresence_status%2Cfollow_status%2Cprofile_status%2Cprofile_photo%28size%3A+%22240x240%22%29+%7B++name%2C++uri%2C++width%2C++height%2C%7D%2Cfriend_status%2Cis_blocked_by_viewer%2Ccan_viewer_message%2Ccurrent_party+%7B++id%2C++join_policy%2C++max_size%2C++party_users+%7B++++count%2C++%7D%2C%7D%2Cis_presence_deeplink_joinable%2Cmost_recent_presence+%7B++last_active_description%2C++destination_api_name%2C++scoped_user_id%2C++deeplink_message_for_deeplink_target%2C++launch_params_as_json_string%2C++vr_apps_for_deeplink_target+%7B++++id%2C+++++vr_platform%2C++++package_name%2C+%7D%2C%7D%2C++++++++++++%7D%2C++++++++++%7D%2C++++++++%7D%2C++++++++party_users+%7B++++++++++count%2C++++++++++edges+%7B++++++++++++microphone_channel_selection%2C++++++++++++node+%7Bid%2Cname%2Calias%2Cpresence%2Cpresence_status%2Cfollow_status%2Cprofile_status%2Cprofile_photo%28size%3A+%22240x240%22%29+%7B++name%2C++uri%2C++width%2C++height%2C%7D%2Cfriend_status%2Cis_blocked_by_viewer%2Ccan_viewer_message%2Ccurrent_party+%7B++id%2C++join_policy%2C++max_size%2C++party_users+%7B++++count%2C++%7D%2C%7D%2Cis_presence_deeplink_joinable%2Cmost_recent_presence+%7B++last_active_description%2C++destination_api_name%2C++scoped_user_id%2C++deeplink_message_for_deeplink_target%2C++launch_params_as_json_string%2C++vr_apps_for_deeplink_target+%7B++++id%2C+++++vr_platform%2C++++package_name%2C+%7D%2C%7D%2C++++++++++++%7D%2C++++++++++%7D++++++++%7D%2C++++++++party_blocked_users+%7B++++++++++nodes+%7B++++++++++++id%2C++++++++++++alias%2C++++++++++%7D%2C++++++++%7D%2C++++++++party_blocked_invited_users+%7B++++++++++nodes+%7B++++++++++++id%2C++++++++++++alias%2C++++++++++%7D%2C++++++++%7D%2C++++++++party_invite_activity+%7B++++++++++id%2C++++++++++does_activity_support_group_launch%2C++++++++++application+%7B++++++++++++id%2C++++++++++++display_name%2C++++++++++++package_name%2C++++++++++++max_group_launch_capacity%2C++++++++++++icon_image+%7B++++++++++++++uri%2C++++++++++++%7D%2C++++++++++%7D%2C++++++++++deeplink%2C++++++++++title%2C++++++++%7D%2C++++++++party_group_launch+%7B++++++++++id%2C++++++++++state%2C++++++++++only_quest_users%2C++++++++++creator+%7B++++++++++++id%2C++++++++++%7D++++++++++vr_deeplink_target+%7B++++++++++++vr_apps_for_deeplink_target+%7B++++++++++++++vr_icon_image+%7B++++++++++++++++uri%2C++++++++++++++%7D%2C++++++++++++++id%2C++++++++++++++display_name%2C++++++++++++++is_viewer_entitled%2C++++++++++++%7D%2C++++++++++++deeplink_message_for_deeplink_target%2C++++++++++++...+on+VRDeeplinkTargetWithDefaultWebLink+%7B++++++++++++++description_for_deeplink_target_website%2C++++++++++++++name_for_deeplink_target_website%2C++++++++++++++id%2C++++++++++++++icon_image_for_deeplink_target_website+%7B++++++++++++++++uri%2C++++++++++++++%7D%2C++++++++++++%7D%2C++++++++++++...+on+VRPresenceStatusDefinition+%7B++++++++++++++is_external_deeplinkable%2C+++++++++++
12-28 23:34:38.989  4822  4924 E JavaBinder: *** Uncaught remote exception!  (Exceptions are not yet supported across processes.)
12-28 23:34:38.989  2078  2717 E AppSwitchManager: No package name set
12-28 23:34:38.991  3185  4878 E AnalyticsEvent: could not set key=selection_args value=null
12-28 23:34:38.991  3185  4878 D CapabilitiesProvider: Capabilities Content Provider called content://com.oculus.identitymanagement.capabilities.contentprovider/account/activeuser/capabilities/com.oculus.capability.social.all, selection= null, selectionArgs=null, sortOrder= null
12-28 23:34:38.993  3629  3629 D [SUI] SystemUXFunnelLogServerLogger: Impression Event: oculus_impressions_tile_impressioned PersistableBundle[{duration=0, surface=AUI, rawclienttime=1703788478985, utl_uptime_ms=33353540, aui_section=pinned, aui_position_in_section=0, content_id=2646830762095036, aui_immersive_content_id=com.epicgames.AtomVR, position=0, content_type=APP, utl_realtime_ms=58257472, aui_in_app=true, position_x=0, position_y=0}]
12-28 23:34:38.995  3185  4878 E AnalyticsEvent: could not set key=selection_args value=null
12-28 23:34:38.995  3245  3245 D FileCapture: Async on app switch
12-28 23:34:38.995  3185  4878 D CapabilitiesProvider: Capabilities Content Provider called content://com.oculus.identitymanagement.capabilities.contentprovider/account/activeuser/capabilities/com.oculus.capability.social.all, selection= null, selectionArgs=null, sortOrder= null
12-28 23:34:38.998  3629  3629 D [SUI] SystemUXFunnelLogServerLogger: Impression Event: oculus_impressions_tile_impressioned PersistableBundle[{duration=0, surface=AUI, rawclienttime=1703788478985, utl_uptime_ms=33353547, aui_section=pinned, aui_position_in_section=1, content_id=3209391179128490, aui_immersive_content_id=com.epicgames.AtomVR, position=1, content_type=APP, utl_realtime_ms=58257480, aui_in_app=true, position_x=1, position_y=0}]
12-28 23:34:39.001  2078  3141 I OVRMediaService: onStartCommand Received message type: overlay_input_focus_change, caller package: com.oculus.vrshell, app identify: AppIdentity{uid=10025, packageNames=[com.oculus.vrshell], sha2=3C-DTjwZQjeLFPB2yCzRq1nqZWa_9HMLIEfpjvyfna8, version=null, domain=null}
12-28 23:34:39.004  3185 12555 E AnalyticsEvent: could not set key=selection_args value=null
12-28 23:34:39.005  3185 12555 D CapabilitiesProvider: Capabilities Content Provider called content://com.oculus.identitymanagement.capabilities.contentprovider/account/activeuser/capabilities/com.oculus.capability.social.all, selection= null, selectionArgs=null, sortOrder= null
12-28 23:34:39.008 32514 32665 D UE      : [2023.12.28-18.34.39:007][  0]LogShaderLibrary: Display: Using ../../../AtomVR/Content/ShaderArchive-AtomVR-SF_VULKAN_ES31_ANDROID-VULKAN_ES3_1_ANDROID.ushaderbytecode for material shader code. Total 1801 unique shaders.
12-28 23:34:39.008 32514 32665 D UE      : [2023.12.28-18.34.39:008][  0]LogShaderLibrary: Display: Cooked Context: Using Shared Shader Library AtomVR
12-28 23:34:39.008 32514 32665 D UE      : [2023.12.28-18.34.39:008][  0]LogShaderLibrary: Display: Logical shader library 'AtomVR' has been created as a monolithic library
12-28 23:34:39.008 32514 32665 D UE      : [2023.12.28-18.34.39:008][  0]LogRHI: Could not open FPipelineCacheFile: ../../../AtomVR/Content/PipelineCaches/Android/AtomVR_SF_VULKAN_ES31_ANDROID.stable.upipelinecache
12-28 23:34:39.008 32514 32665 D UE      : [2023.12.28-18.34.39:008][  0]LogRHI: Could not open FPipelineCacheFile: ../../../AtomVR/Content/PipelineCaches/Android/AtomVR_SF_VULKAN_ES31_ANDROID.stable.upipelinecache
12-28 23:34:39.008 32514 32665 D UE      : [2023.12.28-18.34.39:008][  0]LogRHI: Could not open FPipelineCacheFile: ../../../AtomVR/Content/PipelineCaches/Android/AtomVR_SF_VULKAN_ES31_ANDROID.stable.upipelinecache
12-28 23:34:39.008 32514 32665 D UE      : [2023.12.28-18.34.39:008][  0]LogInit: Using OS detected language (en-US).
12-28 23:34:39.008 32514 32665 D UE      : [2023.12.28-18.34.39:008][  0]LogInit: Using OS detected locale (en-US).
12-28 23:34:39.008 32514 32665 D UE      : [2023.12.28-18.34.39:008][  0]LogTextLocalizationManager: No localization for 'en-US' exists, so 'en' will be used for the language.
12-28 23:34:39.008 32514 32665 D UE      : [2023.12.28-18.34.39:008][  0]LogTextLocalizationManager: No localization for 'en-US' exists, so 'en' will be used for the locale.
12-28 23:34:39.009 32514 32665 D UE      : [2023.12.28-18.34.39:009][  0]LogSlate: FontCache flush requested. Reason: Culture for localization was changed
12-28 23:34:39.009 32514 32665 D UE      : [2023.12.28-18.34.39:009][  0]LogSlate: FontCache flush requested. Reason: Culture for localization was changed
12-28 23:34:39.009 32514   711 D UE      : [2023.12.28-18.34.39:009][  0]LogTextLocalizationResource: LocRes '../../../Engine/Content/Localization/Engine/en/Engine.locres' could not be opened for reading!
12-28 23:34:39.009 32514   711 D UE      : [2023.12.28-18.34.39:009][  0]LogTextLocalizationResource: LocRes '../../../Engine/Plugins/Online/OnlineSubsystem/Content/Localization/OnlineSubsystem/en/OnlineSubsystem.locres' could not be opened for reading!
12-28 23:34:39.009 32514 32665 D UE      : [2023.12.28-18.34.39:009][  0]LogAssetRegistry: FAssetRegistry took 0.0002 seconds to start up
12-28 23:34:39.009  3629  3629 D [SUI] SystemUXFunnelLogServerLogger: Impression Event: oculus_impressions_tile_impressioned PersistableBundle[{duration=0, surface=AUI, rawclienttime=1703788478985, utl_uptime_ms=33353552, aui_section=pinned, aui_position_in_section=2, content_id=messenger_system_app, aui_immersive_content_id=com.epicgames.AtomVR, position=2, content_type=APP, utl_realtime_ms=58257485, aui_in_app=true, position_x=2, position_y=0}]
12-28 23:34:39.009 32514   711 D UE      : [2023.12.28-18.34.39:009][  0]LogTextLocalizationResource: LocRes '../../../Engine/Plugins/Online/OnlineSubsystemUtils/Content/Localization/OnlineSubsystemUtils/en/OnlineSubsystemUtils.locres' could not be opened for reading!
12-28 23:34:39.009  3629  3629 D [SUI] SystemUXFunnelLogServerLogger: Impression Event: oculus_impressions_tile_impressioned PersistableBundle[{duration=0, surface=AUI, rawclienttime=1703788478985, utl_uptime_ms=33353563, aui_section=pinned, aui_position_in_section=3, content_id=share_system_app, aui_immersive_content_id=com.epicgames.AtomVR, position=3, content_type=APP, utl_realtime_ms=58257496, aui_in_app=true, position_x=3, position_y=0}]
12-28 23:34:39.009  3629  3629 D [SUI] SystemUXFunnelLogServerLogger: Impression Event: oculus_impressions_tile_impressioned PersistableBundle[{duration=0, surface=AUI, rawclienttime=1703788478985, utl_uptime_ms=33353563, aui_section=recent, aui_position_in_section=0, content_id=com.epicgames.AtomVR, aui_immersive_content_id=com.epicgames.AtomVR, position=5, content_type=APP, utl_realtime_ms=58257496, aui_in_app=true, position_x=5, position_y=0}]
12-28 23:34:39.009  3629  3629 D [SUI] SystemUXFunnelLogServerLogger: Impression Event: oculus_impressions_tile_impressioned PersistableBundle[{duration=0, surface=AUI, rawclienttime=1703788478985, utl_uptime_ms=33353564, aui_section=recent, aui_position_in_section=1, content_id=com.epicgames.WarStation, aui_immersive_content_id=com.epicgames.AtomVR, position=6, content_type=APP, utl_realtime_ms=58257496, aui_in_app=true, position_x=6, position_y=0}]
12-28 23:34:39.009  3629  3629 D [SUI] SystemUXFunnelLogServerLogger: Impression Event: oculus_impressions_tile_impressioned PersistableBundle[{duration=0, surface=AUI, rawclienttime=1703788478985, utl_uptime_ms=33353564, aui_section=recent, aui_position_in_section=2, content_id=com.epicgames.ShooterstareUE4, aui_immersive_content_id=com.epicgames.AtomVR, position=7, content_type=APP, utl_realtime_ms=58257496, aui_in_app=true, position_x=7, position_y=0}]
12-28 23:34:39.009  3629  3629 D [SUI] HorizonContentProviderHelper: java.lang.RuntimeException
12-28 23:34:39.009  3629  3629 E [SUI] SocialViewModel: Failed to fetch current party data
12-28 23:34:39.010  2728  3090 I DeviceStatus: nativeHeadsetEvent(0)
12-28 23:34:39.012  2728  3090 I VrRuntimeClient: SetCompositorClientFeatureFlag ClientFeatureFlag 0 
12-28 23:34:39.012  2728  3090 I FaceEyeTrackingManagerHelpers: [FaceEyeTrackingManager] Audio FT GK: 0
12-28 23:34:39.012  2728  3090 I LogTimer: CPUTIME: VrRuntimeClient_BeginSession took 97.7836 ms
12-28 23:34:39.013 32514   855 V UE      : [NetworkChangedManager] Connectivity hasn't changed. Current state: CONNECTION_AVAILABLE
12-28 23:34:39.013 32514   855 V UE      : [NetworkChangedManager] Full network check complete. State: CONNECTION_AVAILABLE
12-28 23:34:39.013  2728  3090 I ClientInputSettings: HANDTRACKING: enabled input settings, setting hand mode control settings to ControllersOnly
12-28 23:34:39.014  2728  3090 I ClientInputInterface: DEADRECKONING SetControllerTrackingExtendedDeadreckoning 0
12-28 23:34:39.014  2784  3189 I VrRuntimeService: RuntimeServiceSDKServer::SetControllerTrackingExtendedDeadreckoning: 3033801969
12-28 23:34:39.014  2728  3090 I ClientInputSettings: HANDTRACKING package name is com.oculus.vrshell
12-28 23:34:39.015  1155  1155 W NotificationHistory: Attempted to add notif for locked/gone/disabled user 0
12-28 23:34:39.016  2728  3090 I ClientInputSettings: HANDTRACKING: Manifest Permission request for com.oculus.vrshell
12-28 23:34:39.017  2728  3090 I ClientInputSettings: HANDTRACKING:  'com.oculus.vrshell' Is hands or controller.
12-28 23:34:39.017  2728  3090 I ClientInputSettings: HANDTRACKING: feature flag set to 2
12-28 23:34:39.017  2728  3090 I ClientInputInterface: HANDTRACKING sethandmanifest 2
12-28 23:34:39.018  2728  3090 W InputHooksJava: Unable to enable input hooks on a non-Activity Context
12-28 23:34:39.018  2728  3090 I InputDeviceManager: ovrInputDeviceManager::Initialize
12-28 23:34:39.018  2728  3090 I HandPoseSampler: Setting samplerconfig enum 0
12-28 23:34:39.018  2728  3090 I HandPoseSampler: Setting samplerconfig enum 0
12-28 23:34:39.018  2728  3090 I HandPoseSampler: Setting samplerconfig enum 0
12-28 23:34:39.018  2728  3090 I HandPoseSampler: Setting samplerconfig enum 0
12-28 23:34:39.018  2728  3090 I HandPoseSampler: Setting samplerconfig enum 0
12-28 23:34:39.018  2728  3090 I InputDevice_Hand: BodyPoweredHands checkSysPropForBodyAPIOverride 0
12-28 23:34:39.018  2728  3090 I HandPoseSampler: Setting samplerconfig enum 0
12-28 23:34:39.018  2728  3090 I InputDevice_Hand: BodyPoweredHands checkSysPropForBodyAPIOverride 0
12-28 23:34:39.018  2728  3090 E TREX    : Interface version 3 was not found. Check debug build for more information.
12-28 23:34:39.018  2728  3090 D OsSdk   : TrackingServiceConnection registered
12-28 23:34:39.021   933  1080 D TrackingService: getSharedMemory: com.oculus.vrshell, HeadTracker
12-28 23:34:39.022  2216  2216 D VrNotificationAnalytics: logNotificationPosted: key(0|android|0|com.android.server.wm.AlertWindowNotification - com.oculus.vrshell|1000), type(unspecified), isToast(false)
12-28 23:34:39.022  2728  3090 I Distortion: Initializing Mesh Decenter Correction
12-28 23:34:39.023   925  4778 I CalibrationStore: loading calibration file: calibration/display/screen_offset.json
12-28 23:34:39.023  2078  2553 W OVRLibrary: null cursor received for query content://com.oculus.ocms.library/apps/com.oculus.vrshell
12-28 23:34:39.023  2728  3090 I Distortion: SetLensPositions - iad=0.0629225, left offset=-9.92641e-05,-0.00144994, right offset=0.000379093,-0.00144805
12-28 23:34:39.023  2728  3090 I Distortion: Initializing Mesh Decenter Correction
12-28 23:34:39.023  3629  3629 D [SUI] NotificationBroadcastReceiver: action: com.oculus.intent.action.NOTIF_CHANGE
12-28 23:34:39.024  2216  2216 I [SEO] VrNotificationListenerService: onNotificationPosted() - key = 0|android|0|com.android.server.wm.AlertWindowNotification - com.oculus.vrshell|1000, type = unspecified, isToast = false, isBlocked with reason = true Blocked by does not contain all markers for a toast notification
12-28 23:34:39.024   933  1080 D TrackingService: getSharedMemory: com.oculus.vrshell, Controller
12-28 23:34:39.024   925  4778 I CalibrationStore: loading calibration file: calibration/display/screen_offset.json
12-28 23:34:39.024  2728  3090 I Distortion: SetLensPositions - iad=0.0629225, left offset=-9.92641e-05,-0.00144994, right offset=0.000379093,-0.00144805
12-28 23:34:39.024  2728   980 I InputDevice_TrackedRemote: REMOTE: Hand=1 IndexAnalog=0.00 GripAnalog=0.00 Buttons=0x00000000
12-28 23:34:39.024  2728   980 I InputDevice_TrackedRemote: REMOTE: Hand=2 IndexAnalog=0.00 GripAnalog=0.00 Buttons=0x00000000
12-28 23:34:39.025  2728   980 I InputDeviceManager: HANDTRACKING Pointer filter profile changed to: 0
12-28 23:34:39.025  2728   980 I InputDeviceManager: HANDTRACKING Pointer filter profile changed to: 0
12-28 23:34:39.025  2728   980 I InputDeviceManager: HANDTRACKING Root pose filter profile changed for freq to 5 from 0  inf: 1
12-28 23:34:39.025  2728   980 I HandPoseSampler: Setting samplerconfig enum 5
12-28 23:34:39.025  2728   980 I HandPoseSampler: Setting samplerconfig enum 5
12-28 23:34:39.025  2728  3090 I PhaseSync: PhaseSync::PhaseSync PaddingLowerLimit 0.350000 StandardDeviations 2.000000 PaddingUpperLimit 0.750000 on instance 124
12-28 23:34:39.025  2728  3090 I VrRuntimeClient: PhaseSync Instance created
12-28 23:34:39.025  2784  3189 I VrRuntimeService: RuntimeServiceSDKServer::EnableRendering: 0x0, 0, com.oculus.vrshell:Overlay
12-28 23:34:39.025  2784  3189 I ClientMgr: EnableRendering2: invalid clientWindow, testing uid/pid
