12-28 05:50:55.148  2202  2429 I [SEO] HostPlatform: Passing env var _oc_shell_ux_policy = {"panelBackgroundLayerOriginDepths":{"far":0.2,"mid":0.1,"near":0.015}}
12-28 05:50:55.148  2202  2429 I [SEO] HostPlatform: Passing env var _oc_shell_panel_session_id = 06168bae-9d99-4916-b7db-eddb240ba340-585
12-28 05:50:55.148  2202  2429 I [SEO] HostPlatform: Passing env var _oc_shell_valid_panel_session_ids = ["06168bae-9d99-4916-b7db-eddb240ba340-585"]
12-28 05:50:55.148  2202  2429 I [SEO] HostPlatform: Passing env var _oc_shell_back_navigation_enabled = false
12-28 05:50:55.148  2202  2429 I [SEO] HostPlatform: Passing env var _oc_shell_feature_sets = appmenu-v1,appmenu-v2,cooperativeState-v2,destinationUi-v2,dragDrop-v1,dragToDesktop-v1,layerClipping-v1,layerClipping-v2,layerOptions-v1,layerParent-v1,launchTargetNotSelf-v1,layerTranslate-v1,multiapp-v1,multiapp-v2,multiapp-v3,multitasking-v1,shellExperimentalAudio-v1,shellPanelAdaptability-v1,systemActionBackgroundPanels-v1,systemThemeSetting-v1,system-reauth-v1,system-ux-file-picker-v1,systemThemeSetting-v2,controlBar-v1,overlayDragAndDrop-v1,vrNotificationsBootLoad-v1,theaterScreen,theaterScreen-v2,recoverInstances-v1,systemThemeSetting-v3,androidOverscroll-v1,copresence-v1,copresenceVersion-v1,vrLibraryAppLock-v1,contextualModality-v1,unified-passthrough
12-28 05:50:55.148  2202  2429 I [SEO] HostPlatform: Passing env var _oc_launch_timestamp = 182425465
12-28 05:50:55.148  2202  2429 I [SEO] HostPlatform: Passing env var _oc_shell_host = vrshell
12-28 05:50:55.148  2202  2429 I [SEO] HostPlatform: Passing env var _oc_shell_panel_id = 585
12-28 05:50:55.148  2202  2429 D [SEO] ShellApplication: sendApkPanelLaunchIntent: packageName=com.oculus.vrshell, serviceClassName=com.oculus.panelapp.qam.QuickActionsMenuPanelService
12-28 05:50:55.148  2202  2429 D [SEO] PanelAppConnection: getSystemProcessUidForCurrentUser: 'android' systemUid = 1000
12-28 05:50:55.148  2202  2429 D [SEO] ShellApplication: bindService Intent { cmp=com.oculus.vrshell/com.oculus.panelapp.qam.QuickActionsMenuPanelService }
12-28 05:50:55.148  2875  3101 I Clocks  : CPU levels [0, 8]
12-28 05:50:55.148  2875  3101 I Clocks  : GPU levels [0, 7]
12-28 05:50:55.149  2202  2429 D [SEO] ShellApplication: notify OS to set com.oculus.vrshell/com.oculus.panelapp.qam.QuickActionsMenuPanelService to FOREGROUND
12-28 05:50:55.149  2202  2202 D [SEO] PanelServiceConnection: onSeviceConnected - component name (ComponentInfo{com.oculus.vrshell/com.oculus.panelapp.qam.QuickActionsMenuPanelService}), panel app id (585)
12-28 05:50:55.149  2202  2202 D [SEO] ShellApplication: notify OS to set com.oculus.vrshell/com.oculus.panelapp.qam.QuickActionsMenuPanelService to FOREGROUND
12-28 05:50:55.151  2202  2202 I [SEO] PanelAppConnection: verifyFirstPartyUID(Debug Signatures=false, uid=10025) => apkSignatureResult=SigCertInfo(isTrusted=true, packageNames=[com.oculus.vrshell], fingerprint sha1=331660b6dd3bd582f3dfd3cbae4546724668a021, fingerprint sha256=dc2f834e3c1942378b14f076c82cd1ab59ea6566bff4730b2047e98efc9f9daf, signature=3082038d30820275a00302010202041303858a300d06092a864886f70d01010b05003077310b3009060355040613025553310b3009060355040813024341311330110603550407130a4d656e6c6f205061726b31173015060355040a130e4f63756c75732056522c204c4c4331173015060355040b130e4f63756c75732056522c204c4c43311430120603550403130b4f63756c75732041707073301e170d3134313033303231343032315a170d3432303331373231343032315a3077310b3009060355040613025553310b3009060355040813024341311330110603550407130a4d656e6c6f205061726b31173015060355040a130e4f63756c75732056522c204c4c4331173015060355040b130e4f63756c75732056522c204c4c43311430120603550403130b4f63756c7573204170707330820122300d06092a864886f70d01010105000382010f003082010a0282010100a34c7fbd96dea95d811f21a0d760cabca85f2df5dbe19b62aca7a3e3e0b6e48f7e173345f2753c458d639cc2e222eeee4cfb5e89ac1c5060044414056709a43a7f1a6f1e4f2c3d708c48912634be08ad6da1fff92d9c0d4b85e4bc8a8b1c27de84c04eb1e6577c10693500af46beaf7bd2ce72a06a46f4e565859f242cecbef1a431ae8096db712cebe73840bacc64de6b99077ba1ca8c20e5d0b4870bd161f087abbf568dfef58e604068ca6f7cdea183c8681c306bc30cb223e7c5ce3a2fcf00d13e158475b3700ef62dcca46c57baecca4d91052e20b861a1a085d5fc8e99aed8c4a9cfd550d01e54ef5062133befcf7f9ea6a5a1d1575a72cd82279f34030203010001a321301f301d0603551d0e04160414ec7ccdaf8ccdc6dd1b87d4b561582ad8ec397b80300d06092a864886f70d01010b0500038201010014c557ecddc17ba8b979618036e7093b8e7307f624644532c31239f4dc83fd9424267ca7670fa9f78689cbc5bfd8a6312fdc214bd159d614a8753ceec0f2b2d9166217895b13c992e1d10ca625a3153dacfa51dbdb7fde139bd59510f5add29f88be3826b445ce7386dcf06577be72fbdf118fa81179091fad275981409e02d40422d8e86df5827a2c496a4b905b4825c3f1ba0af4cf509bf9b0d4d608cf0b4320ac60d1a8cbcc384de24f11a4c93c0fc5b887cbd6855871af1b1ef729c51a8a123efc6a627b6494e81a264587443b9156ad17772863c2f9685fae9c72a552b333f8ef2822bce5d4d178e45b3a8dd4e321924f6a5ba43f732971a9e74cbf0433)
12-28 05:50:55.151  2875  3101 I Clocks  : LockClocks( cpu=5, gpu=4 ) - end (3.3 ms)
12-28 05:50:55.151  2202  2429 I [SEO] SystemQuickActionsMenu: QAM Panel App initialized
12-28 05:50:55.152  2202  2429 I [SEO] ShellTransitionState: Logging ShellTransitionState to dumpsys: {"state":"Resuming frame loop","timeMillis":"182425470"}
12-28 05:50:55.152  2202  2429 I [SEO] LocalSpace: Reset - initialRawFromLocalPose: quat(0.143848, -0.093598, 0.018004, 0.984999), translation(-0.071116, -0.064083, -0.108436)
12-28 05:50:55.152  2202  2429 I [SEO] LocalSpace: Applying VRAPI Reorient, the reorient reason is 3
12-28 05:50:55.152  2875  3179 I VrRuntimeService: RuntimeServiceSDKServer::RecenterLocalSpace
12-28 05:50:55.152  2875  3179 I VrRuntimeService: RuntimeServiceSDKServer::RecenterLocalSpace_Internal
12-28 05:50:55.152  2875  3179 I VrRuntimeServer: UpdateLocalSpace: Src: 2, Version: 610, VersionUser: 2, RawFloorHeightOld: -1.675000, RawFloorHeightNew: -1.675000
12-28 05:50:55.153  2078  3201 W OVRLibrary: null cursor received for query content://com.oculus.ocms.library/apps/com.oculus.vrshell
12-28 05:50:55.161  3217  3237 I MRSVC   : MIXEDREALITY: MrServiceController: VrFocusManager::Top Activity Changed, topActivity now is: 'com.oculus.shellenv', immersiveApp now is: 'com.oculus.shellenv'.
12-28 05:50:55.161  2875  3106 W CompositorClientMgr: Client 2 disabled
12-28 05:50:55.161  2875  3106 I VrRuntimeServer: UpdateCompositorClientApertureMask client(2)
12-28 05:50:55.161  2875  3106 W ClientMgr: compositor client com.oculus.shellenv update attempt: failed, enable mask = 0
12-28 05:50:55.161  2875  3106 W CompositorClientMgr: Client 2 disabled
12-28 05:50:55.161  2875  3106 I VrRuntimeServer: UpdateCompositorClientApertureMask client(2)
12-28 05:50:55.161  2875  3106 W ClientMgr: compositor client com.oculus.shellenv update attempt: failed, enable mask = 0
12-28 05:50:55.163  2802  5265 I PanelVerifier: verifyVrShellUID(Debug Signatures=false, uid=10025) => apkSignatureResult=SigCertInfo(isTrusted=true, packageNames=[com.oculus.vrshell], fingerprint sha1=331660b6dd3bd582f3dfd3cbae4546724668a021, fingerprint sha256=dc2f834e3c1942378b14f076c82cd1ab59ea6566bff4730b2047e98efc9f9daf, signature=3082038d30820275a00302010202041303858a300d06092a864886f70d01010b05003077310b3009060355040613025553310b3009060355040813024341311330110603550407130a4d656e6c6f205061726b31173015060355040a130e4f63756c75732056522c204c4c4331173015060355040b130e4f63756c75732056522c204c4c43311430120603550403130b4f63756c75732041707073301e170d3134313033303231343032315a170d3432303331373231343032315a3077310b3009060355040613025553310b3009060355040813024341311330110603550407130a4d656e6c6f205061726b31173015060355040a130e4f63756c75732056522c204c4c4331173015060355040b130e4f63756c75732056522c204c4c43311430120603550403130b4f63756c7573204170707330820122300d06092a864886f70d01010105000382010f003082010a0282010100a34c7fbd96dea95d811f21a0d760cabca85f2df5dbe19b62aca7a3e3e0b6e48f7e173345f2753c458d639cc2e222eeee4cfb5e89ac1c5060044414056709a43a7f1a6f1e4f2c3d708c48912634be08ad6da1fff92d9c0d4b85e4bc8a8b1c27de84c04eb1e6577c10693500af46beaf7bd2ce72a06a46f4e565859f242cecbef1a431ae8096db712cebe73840bacc64de6b99077ba1ca8c20e5d0b4870bd161f087abbf568dfef58e604068ca6f7cdea183c8681c306bc30cb223e7c5ce3a2fcf00d13e158475b3700ef62dcca46c57baecca4d91052e20b861a1a085d5fc8e99aed8c4a9cfd550d01e54ef5062133befcf7f9ea6a5a1d1575a72cd82279f34030203010001a321301f301d0603551d0e04160414ec7ccdaf8ccdc6dd1b87d4b561582ad8ec397b80300d06092a864886f70d01010b0500038201010014c557ecddc17ba8b979618036e7093b8e7307f624644532c31239f4dc83fd9424267ca7670fa9f78689cbc5bfd8a6312fdc214bd159d614a8753ceec0f2b2d9166217895b13c992e1d10ca625a3153dacfa51dbdb7fde139bd59510f5add29f88be3826b445ce7386dcf06577be72fbdf118fa81179091fad275981409e02d40422d8e86df5827a2c496a4b905b4825c3f1ba0af4cf509bf9b0d4d608cf0b4320ac60d1a8cbcc384de24f11a4c93c0fc5b887cbd6855871af1b1ef729c51a8a123efc6a627b6494e81a264587443b9156ad17772863c2f9685fae9c72a552b333f8ef2822bce5d4d178e45b3a8dd4e321924f6a5ba43f732971a9e74cbf0433), time=5 ms
12-28 05:50:55.163  2802  2802 D PanelAppClient: BEGIN: Initializing panel application via MSG_CREATE_PANEL_APP.
12-28 05:50:55.161  3217  3237 I MRSVC   : MIXEDREALITY: MrServiceController: VrFocusManager::Top Activity Changed, topActivity now is: 'com.oculus.shellenv', immersiveApp now is: 'com.oculus.shellenv'.
12-28 05:50:55.165  2802  2802 I AndroidPanelApp: Created
12-28 05:50:55.166  3265  3265 V MetaCam (ForegroundAppChecker): Current foreground package is com.oculus.vrshell.
12-28 05:50:55.166   945  1100 W TrackingService: attachClient: found client in attached list
12-28 05:50:55.166  3265  3265 D FileCapture: Async on app switch
12-28 05:50:55.167  3265  5253 D MetaCam (MediaCapabilityChecker): checkMediaHasRecordingCapabilities packageName: com.oculus.vrshell
12-28 05:50:55.169  2802  1255 I ClientSharedTelemetryStats: App memory usage: PSS=222 MiB, PrivateDirty=211 MiB, PrivateClean=0 MiB, GPU=9.4/19.3 MiB (49% allocated)
12-28 05:50:55.169   945  1100 D TrackingService: getSharedMemory: com.oculus.vrshell, HeadTracker
12-28 05:50:55.171  3141  3206 I VrGuardianService: GuardianSDKServer::SetGuardianHitDialog 0
12-28 05:50:55.172  2802  2802 I AndroidPanelApp: HideLayer(#main, shape: 2, shouldMinimizeLayer: false)
12-28 05:50:55.173  3141  3190 I GuardianLaunchCheckMgr: [GuardianLaunchCheckMgr::HandleImmersiveAppChange] Immersive App: com.epicgames.AtomVR -> com.oculus.shellenv
12-28 05:50:55.173  3141  3190 I GuardianLifecycleMgr: [InternalSetIsGuardianlessModeEnable] isGuardianlessModeEnable: 0
12-28 05:50:55.173  3141  3190 I GuardianLifecycleMgr: [RequestIsGuardianlessModeEnable] isGuardianlessModeEnable: request 0, final 0
12-28 05:50:55.173  3141  3190 I GuardianLaunchCheckMgr: [GuardianLaunchCheckMgr::SetIsProcessingLaunchCheck] exiting launch check type NONE activity ImmersiveAppExited
12-28 05:50:55.174  3141  3190 I GuardianFocusListener: [GuardianFocusListener::NotifyImmersiveAppChanged] From app: com.epicgames.AtomVR To App: com.oculus.shellenv
12-28 05:50:55.174  3141  3190 I GuardianPassthroughMgr: GuardianPassthroughMgr::UpdateTransition - Guardian driven passthrough animation disabled
12-28 05:50:55.174  3141  3190 I GuardianFocusListener: [GuardianFocusListener::UpdateCurrentProcess] com.oculus.shellenv
12-28 05:50:55.174  3141  3190 I GuardianSystem: SetCurrentProcessName: com.oculus.shellenv, previous ProcessName: com.epicgames.AtomVR
12-28 05:50:55.175  3141  3190 I GuardianSystem: [GuardianSystem::DisableGuardianRendering] Guardian rendering enabled
12-28 05:50:55.175  3141  3190 I GuardianSystem: [GuardianSystem::SetBoundaryCheckDisabled] Boundary checking enabled
12-28 05:50:55.175  3141  3190 I GuardianBoundaryChecking: [GuardianBoundaryChecking::SetGuardianBoundaryCheckDisabled] Boundary check disabled: false
12-28 05:50:55.175  2875  3106 W CompositorClientMgr: Client 2 disabled
12-28 05:50:55.175  2875  3106 I VrRuntimeServer: UpdateCompositorClientApertureMask client(2)
12-28 05:50:55.175  2875  3106 W ClientMgr: compositor client com.oculus.shellenv update attempt: failed, enable mask = 0
12-28 05:50:55.175  2875  3106 W CompositorClientMgr: Client 2 disabled
12-28 05:50:55.175  2875  3106 I VrRuntimeServer: UpdateCompositorClientApertureMask client(2)
12-28 05:50:55.175  2875  3106 W ClientMgr: compositor client com.oculus.shellenv update attempt: failed, enable mask = 0
12-28 05:50:55.175  1152  1152 W NotificationHistory: Attempted to add notif for locked/gone/disabled user 0
12-28 05:50:55.176  1152 22549 I DisplayDeviceRepository: Display device added: DisplayDeviceInfo{"com.oculus.android_panel_app.AndroidPanelLayer-#main": uniqueId="virtual:com.oculus.vrshell,10025,com.oculus.android_panel_app.AndroidPanelLayer-#main,1", 355 x 181, modeId 1504, defaultModeId 1504, supportedModes [{id=1504, width=355, height=181, fps=60.0, alternativeRefreshRates=[]}], colorMode 0, supportedColorModes [0], hdrCapabilities null, allmSupported false, gameContentTypeSupported false, density 200, 200.0 x 200.0 dpi, appVsyncOff 0, presDeadline 16666666, touch NONE, rotation 0, type VIRTUAL, deviceProductInfo null, state OFF, owner com.oculus.vrshell (uid 10025), frameRateOverride , brightnessMinimum 0.0, brightnessMaximum 0.0, brightnessDefault 0.0, FLAG_PRIVATE, FLAG_NEVER_BLANK, FLAG_OWN_CONTENT_ONLY}
12-28 05:50:55.176  3141  3190 I Deque   : AddEventToQueue called. eventInfo.type: 40, eventInfo.next: 0
12-28 05:50:55.176  1152 22549 I LogicalDisplayMapper: Applying layout: [{addr: {port=129, model=0x40446d9218dcf4}, dispId: 0(ON)}], Previous layout: [{addr: {port=129, model=0x40446d9218dcf4}, dispId: 0(ON)}]
12-28 05:50:55.176  1152 22549 I LogicalDisplayMapper: Adding new display: 933: DisplayInfo{"com.oculus.android_panel_app.AndroidPanelLayer-#main", displayId 933", displayGroupId -1, FLAG_PRIVATE, real 355 x 181, largest app 355 x 181, smallest app 355 x 181, appVsyncOff 0, presDeadline 16666666, mode 1504, defaultMode 1504, modes [{id=1504, width=355, height=181, fps=60.0, alternativeRefreshRates=[]}], hdrCapabilities null, userDisabledHdrTypes [], minimalPostProcessingSupported false, rotation 0, state OFF, type VIRTUAL, uniqueId "virtual:com.oculus.vrshell,10025,com.oculus.android_panel_app.AndroidPanelLayer-#main,1", app 355 x 181, density 200 (200.0 x 200.0) dpi, layerStack 933, colorMode 0, supportedColorModes [0], deviceProductInfo null, owner com.oculus.vrshell (uid 10025), removeMode 1, refreshRateOverride 0.0, brightnessMinimum 0.0, brightnessMaximum 0.0, brightnessDefault 0.0}
12-28 05:50:55.177  1152 22549 I LogicalDisplayMapper: Setting new display group 0 for display 933, from previous group: null
12-28 05:50:55.177  3141  3190 E [CT]    : SpatialAnchorPipeline: checkStateNotEq: handleXrEvent Called in an invalid state. IDLE
12-28 05:50:55.177  1152 22549 W DisplayPowerController[933]: Screen brightness nits configuration is unavailable; falling back
12-28 05:50:55.177  2802  3044 I [OAO] FlowController: Reset resetReason : ReturnToShellHome
12-28 05:50:55.177  2802  3044 I [OAO] FlowController: Reset resetting current flow : NonModalFlow
12-28 05:50:55.178  2802  3044 I [OAO] NonModalFlow: Deactivated
12-28 05:50:55.178  2802  3044 I [OAO] OverlayDesktopFlow: OverlayDesktopFlow Reset
12-28 05:50:55.178  2802  3044 I [OAO] DesktopPanelControllerAnalytics: DesktopPanelControllerAnalytics flushing telemetry
12-28 05:50:55.178  2802  3044 I [OAO] DesktopPanelControllerAnalytics: FlushPendingDesktopMetrics Tablet
12-28 05:50:55.178  2802  3044 I [OAO] SystemAssistant: OnModeChanged from ImmersiveAppFocused to FullShell
12-28 05:50:55.179  1152  1168 I InputDispatcher: Created monitor PointerEventDispatcher933 for display 933, gesture=false, pid=1152
12-28 05:50:55.179  2802  3044 I [OAO] SystemAssistant: Assistant panel is not active. Command [hide-attention-instant] could not be sent
12-28 05:50:55.179  2802  3044 I [OAO] DialogController: Reset resetReason:6
12-28 05:50:55.179  2802  3044 I [OAO] PanelAppHost: PanelAppHost destructor, panel 237 (com.oculus.systemux/com.oculus.panelapp.anytimeui.AnytimeUIPanelService)
12-28 05:50:55.179  2802  3044 I [OAO] PanelAppHost: Panel app 237 (com.oculus.systemux/com.oculus.panelapp.anytimeui.AnytimeUIPanelService) changing state from foreground to shutdown
12-28 05:50:55.180  2802  3044 D [OAO] ShellApplication: Unbinding service for panel app id 237
12-28 05:50:55.181 28792 28792 D CppPanelService: onDestroy()
12-28 05:50:55.182  1152 22549 D ActivityManager: Is background playback GK enabled: false Is background playback enabled for all apps: false
12-28 05:50:55.184  1985  2764 W FrameQueue: MakeNonblockingRequest: request for frame 411143 is still invalid for com.oculus.shellenv after 25 tries.
12-28 05:50:55.184  1985  2764 W VrRuntimeClient: WarpSwap: MakeRequest failed
12-28 05:50:55.184  1985  2764 I OpenXR  : xrEndFrame FrameTransaction failure detected, might due to compositor frame blocking, swapchains not marked as used-in-frame 411143 
12-28 05:50:55.184  1985  2764 I Clay    : EnvironmentSystem: computed visibility changed from Visible to Hidden (reason: LayerRendering)
12-28 05:50:55.184  1985  2764 I Clay    : EnvironmentSystem: layerRenderingInstanceId=2728571920
12-28 05:50:55.184  1985  2764 I Clay    : HyperspaceClientSystem: localavatar not ready
12-28 05:50:55.184  2202  2429 I VrRuntimeClient: UpdateEvents: HMT was mounted
12-28 05:50:55.185  1985  2764 I Deque   : AddEventToQueue called. eventInfo.type: 40, eventInfo.next: 0
12-28 05:50:55.185  1985  2764 I Clay    : xrPollEvent: REFERENCE_SPACE_CHANGE_PENDING
12-28 05:50:55.185  2202  1435 I FenceChecker: FenceChecker::MainLoop - started
12-28 05:50:55.186 28792 28792 I PanelService: VR Shell socket closed(ECONNRESET); shutting down fd: 46
12-28 05:50:55.186 28792 28792 I PanelService: Quitting application via hardExit flag. Shutting down fd 46.
12-28 05:50:55.187  2202  2429 I Deque   : AddEventToQueue called. eventInfo.type: 1000075000, eventInfo.next: 1
12-28 05:50:55.187  2202  2429 I Deque   : AddEventToQueue called. eventInfo.type: 40, eventInfo.next: 0
12-28 05:50:55.187  2202  2429 I OpenXR  : PostSessionStateChange: XR_SESSION_STATE_READY -> XR_SESSION_STATE_SYNCHRONIZED
12-28 05:50:55.187  2202  2429 I Deque   : AddEventToQueue called. eventInfo.type: 18, eventInfo.next: 1
12-28 05:50:55.187  2202  2429 I [SEO] VrPlatformOpenXr: xrPollEvent: received XR_TYPE_EVENT_DATA_MOUNT_STATE_CHANGED_FB event: isMounted 1
12-28 05:50:55.187  2202  2429 I OpenXR  : PostSessionStateChange: XR_SESSION_STATE_SYNCHRONIZED -> XR_SESSION_STATE_VISIBLE
12-28 05:50:55.187  2202  2429 I Deque   : AddEventToQueue called. eventInfo.type: 18, eventInfo.next: 1
12-28 05:50:55.187  2202  2429 I OpenXR  : PostSessionStateChange: XR_SESSION_STATE_VISIBLE -> XR_SESSION_STATE_FOCUSED
12-28 05:50:55.187  2202  2429 I Deque   : AddEventToQueue called. eventInfo.type: 18, eventInfo.next: 1
12-28 05:50:55.187  2202  2429 I [SEO] VrPlatformOpenXr: xrPollEvent: received XR_TYPE_EVENT_DATA_REFERENCE_SPACE_CHANGE_PENDING event
12-28 05:50:55.187  2202  2429 I [SEO] VrPlatformOpenXr: xrPollEvent: received XR_TYPE_EVENT_DATA_SESSION_STATE_CHANGED: 3 for session 0x200000000000002 at time 182425.505471
12-28 05:50:55.187  2202  2429 I [SEO] VrPlatformOpenXr: Session state changed XR_SESSION_STATE_SYNCHRONIZED
12-28 05:50:55.187  2202  2429 I [SEO] VrPlatformOpenXr: xrPollEvent: received XR_TYPE_EVENT_DATA_SESSION_STATE_CHANGED: 4 for session 0x200000000000002 at time 182425.505530
12-28 05:50:55.187  2202  2429 I [SEO] VrPlatformOpenXr: Session state changed XR_SESSION_STATE_VISIBLE
12-28 05:50:55.187  2202  2429 I [SEO] VrPlatformOpenXr: xrPollEvent: received XR_TYPE_EVENT_DATA_SESSION_STATE_CHANGED: 5 for session 0x200000000000002 at time 182425.505551
12-28 05:50:55.187  2202  2429 I [SEO] VrPlatformOpenXr: Session state changed XR_SESSION_STATE_FOCUSED
12-28 05:50:55.188 28792 28792 V LifecycleAwareViewModelStore: LifecycleAwareViewModelStore destroyed
12-28 05:50:55.188  1152  1168 I WindowManager: Override config changes=20005df8 {0.0 ?mcc?mnc ?localeList ?layoutDir sw144dp w284dp h144dp 200dpi smll land ?uimode ?night -touch -keyb/v/h -nav/h winConfig={ mBounds=Rect(0, 0 - 355, 181) mAppBounds=Rect(0, 0 - 355, 181) mMaxBounds=Rect(0, 0 - 355, 181) mWindowingMode=fullscreen mDisplayWindowingMode=fullscreen mActivityType=undefined mAlwaysOnTop=undefined mRotation=ROTATION_0} ?fontWeightAdjustment} for displayId=933
12-28 05:50:55.188 28792 28792 V LifecycleAwarePanelApp: PanelApp lifecycle moved to final state: DESTROYED
12-28 05:50:55.188 28792 28792 I AndroidPanelApp: Destroyed
12-28 05:50:55.189  2875  3106 W CompositorClientMgr: Client 2 disabled
12-28 05:50:55.189  2875  3106 I VrRuntimeServer: UpdateCompositorClientApertureMask client(2)
12-28 05:50:55.189  2875  3106 W ClientMgr: compositor client com.oculus.shellenv update attempt: failed, enable mask = 0
12-28 05:50:55.189  2875  3106 W CompositorClientMgr: Client 2 disabled
12-28 05:50:55.189  2875  3106 I VrRuntimeServer: UpdateCompositorClientApertureMask client(2)
12-28 05:50:55.189  2875  3106 W ClientMgr: compositor client com.oculus.shellenv update attempt: failed, enable mask = 0
12-28 05:50:55.190  2202  2429 I [SEO] ShellAppBase: HMD Mount State Changed - mounted - duration in prior state 2146.715652s
12-28 05:50:55.190  2202  2429 I [SEO] LocalSpace: ResetNextFrame
12-28 05:50:55.190  2202  2429 I [SEO] ShellEnvHomeController: copresence: processing copresenceConnectionState
12-28 05:50:55.190  2202  2429 I [SEO] ShellEnvHomeController: copresence: processing currentCollisionShapes
12-28 05:50:55.190  2202  2429 I [SEO] ShellEnvHomeController: ShellEnvHomeController: processing 1 anchors
12-28 05:50:55.190  2202  2429 I [SEO] ShellEnvHomeController: theater transform node set for the env size x: 4.660000, y: 2.621250
12-28 05:50:55.190  2202  2429 I [SEO] LocalSpace: New Space: quat(-0.177503, -0.004940, -0.027375, 0.983727), translation(0.000000, 1.585314, 0.000000) - Prior Space: quat(0.144903, -0.000646, 0.004410, 0.989436), translation(0.000000, 1.610917, 0.000000)
12-28 05:50:55.190  2202  2429 I [SEO] LocalSpace: Local space version from 609 to 610, local space user version from 2 to 2.
12-28 05:50:55.190  2202  2429 I [SEO] SystemTaskBar: Create PanelApp
12-28 05:50:55.191  2202  2429 I [SEO] PanelAppLaunchInfo: PanelAppLaunchInfo componentString:com.oculus.systemux/com.oculus.panelapp.anytimeui.AnytimeUIPanelService packageName:com.oculus.systemux serviceName:com.oculus.panelapp.anytimeui.AnytimeUIPanelService componentName:com.oculus.systemux/com.oculus.panelapp.anytimeui.AnytimeUIPanelService
12-28 05:50:55.191  2202  2429 I [SEO] HostPlatform: Retrieving component launch information for package (com.oculus.systemux) and service (com.oculus.panelapp.anytimeui.AnytimeUIPanelService)
12-28 05:50:55.191 28792 28792 D [SUI] GraphQLExecutor: Destroying
12-28 05:50:55.191 28792 28792 D [SUI] PanelAppBase: Releasing viewModel StatusViewModel refCount: 1
12-28 05:50:55.191 28792 28792 D [SUI] AirlinkUtils: Destroying AirlinkUtils...
12-28 05:50:55.191  2202  2429 I [SEO] HostPlatform: Is valid panel service component for package (com.oculus.systemux) and service (com.oculus.panelapp.anytimeui.AnytimeUIPanelService) - true
12-28 05:50:55.191  2202  2429 I [SEO] ShellAppBase: CreatePanelApp( com.oculus.systemux/com.oculus.panelapp.anytimeui.AnytimeUIPanelService )
12-28 05:50:55.191  2202  2429 I [SEO] ShellAppBase: Environment:
12-28 05:50:55.191  2202  2429 I [SEO] ShellAppBase: _oc_shell_bar_corner_radiuses = {"bottomLeft":25,"bottomRight":25,"topLeft":25,"topRight":25}
12-28 05:50:55.192  2202  2429 I [SEO] PanelAppHost: PanelAppHost constructor, panel 586 (com.oculus.systemux/com.oculus.panelapp.anytimeui.AnytimeUIPanelService)
12-28 05:50:55.192  2202  2429 I [SEO] PanelAppHost: Panel app 586 (com.oculus.systemux/com.oculus.panelapp.anytimeui.AnytimeUIPanelService) changing state from startup to foreground
12-28 05:50:55.192  1152  1168 V WindowManager: Display 933 state is now (1), so update layer mirroring?
12-28 05:50:55.193  2875  3160 I VrRuntimeService: CreateAndroidSurfaceSwapChain: 41386587
12-28 05:50:55.193  2875  3160 I VrRuntimeService: CreateAndroidSurfaceSwapChain: 131072 1 32856 65536 65536 1 1 1 0 3 1 0
12-28 05:50:55.193  2875  3013 I SwapChain_Surface: CreateAndroidSurfaceSwapChainGLES: 2533, 0x749aadd000: SurfaceTexture 0x2df2 Surface 0x2dd6
12-28 05:50:55.193  2875  3160 I VrRuntimeServer: CreateAndroidSurfaceSwapChain: result surface 0x749aadd000
12-28 05:50:55.196  2202  2429 I [SEO] PanelRenderLayer: Created android surface with ID: 2533
12-28 05:50:55.197  2202  2429 I [SEO] PanelAppHost: Calling sendPanelLaunchIntent for panel app 586 (com.oculus.systemux/com.oculus.panelapp.anytimeui.AnytimeUIPanelService)
12-28 05:50:55.197  2202  2429 I [SEO] HostPlatform: Passing env var _oc_shell_bar_corner_radiuses = {"bottomLeft":25,"bottomRight":25,"topLeft":25,"topRight":25}
12-28 05:50:55.197  2202  2429 I [SEO] HostPlatform: Passing env var _oc_analytics_session_id = 06168bae-9d99-4916-b7db-eddb240ba340
12-28 05:50:55.197  2202  2429 I [SEO] HostPlatform: Passing env var _oc_userid = 104092326040843
12-28 05:50:55.197  2202  2429 I [SEO] HostPlatform: Passing env var _oc_shell_version_name = 59.0.0.172.706
12-28 05:50:55.197  2202  2429 I [SEO] HostPlatform: Passing env var _oc_shell_version_code = 535797236
12-28 05:50:55.197  2202  2429 I [SEO] HostPlatform: Passing env var _oc_shell_automation_enabled = false
12-28 05:50:55.197  2202  2429 I [SEO] HostPlatform: Passing env var _oc_shell_view_id_debugging_enabled = false
12-28 05:50:55.197  2202  2429 I [SEO] HostPlatform: Passing env var _oc_shell_pixel_density = 20
12-28 05:50:55.197  2202  2429 I [SEO] HostPlatform: Passing env var _oc_shell_render_scale = 1.250000
12-28 05:50:55.197  2202  2429 I [SEO] HostPlatform: Passing env var _oc_shell_ux_policy = {"panelBackgroundLayerOriginDepths":{"far":0.2,"mid":0.1,"near":0.015}}
12-28 05:50:55.197  2202  2429 I [SEO] HostPlatform: Passing env var _oc_shell_panel_session_id = 06168bae-9d99-4916-b7db-eddb240ba340-586
12-28 05:50:55.197  2202  2429 I [SEO] HostPlatform: Passing env var _oc_shell_valid_panel_session_ids = ["06168bae-9d99-4916-b7db-eddb240ba340-586"]
12-28 05:50:55.197  2202  2429 I [SEO] HostPlatform: Passing env var _oc_shell_back_navigation_enabled = false
12-28 05:50:55.197  2202  2429 I [SEO] HostPlatform: Passing env var _oc_shell_feature_sets = appmenu-v1,appmenu-v2,cooperativeState-v2,destinationUi-v2,dragDrop-v1,dragToDesktop-v1,layerClipping-v1,layerClipping-v2,layerOptions-v1,layerParent-v1,launchTargetNotSelf-v1,layerTranslate-v1,multiapp-v1,multiapp-v2,multiapp-v3,multitasking-v1,shellExperimentalAudio-v1,shellPanelAdaptability-v1,systemActionBackgroundPanels-v1,systemThemeSetting-v1,system-reauth-v1,system-ux-file-picker-v1,systemThemeSetting-v2,controlBar-v1,overlayDragAndDrop-v1,vrNotificationsBootLoad-v1,unifiedUI-v1,theaterScreen,theaterScreen-v2,recoverInstances-v1,systemThemeSetting-v3,androidOverscroll-v1,dynamicDockInOverlay-v1,copresence-v1,copresenceVersion-v1,vrLibraryAppLock-v1,contextualModality-v1,unified-passthrough
12-28 05:50:55.197  2202  2429 I [SEO] HostPlatform: Passing env var _oc_launch_timestamp = 182425510
12-28 05:50:55.197  2202  2429 I [SEO] HostPlatform: Passing env var _oc_shell_host = vrshell
12-28 05:50:55.197  2202  2429 I [SEO] HostPlatform: Passing env var _oc_shell_panel_id = 586
12-28 05:50:55.197  2202  2429 D [SEO] ShellApplication: sendApkPanelLaunchIntent: packageName=com.oculus.systemux, serviceClassName=com.oculus.panelapp.anytimeui.AnytimeUIPanelService
12-28 05:50:55.197  2202  2429 D [SEO] PanelAppConnection: getSystemProcessUidForCurrentUser: 'android' systemUid = 1000
12-28 05:50:55.197  2202  2429 D [SEO] ShellApplication: bindService Intent { cmp=com.oculus.systemux/com.oculus.panelapp.anytimeui.AnytimeUIPanelService }
12-28 05:50:55.199  2875 31739 I Vsync   : Vsync 7962:  2 x 13.92 ms (71.83 Hz, at 182425.517)
12-28 05:50:55.200  2202  2429 D [SEO] ShellApplication: notify OS to set com.oculus.systemux/com.oculus.panelapp.anytimeui.AnytimeUIPanelService to FOREGROUND
12-28 05:50:55.201  2202  2429 I [SEO] DisplayStatePreservationController: Applied preserved state by adapter: taskBarPositionAdapter
12-28 05:50:55.201  1985  3507 I Clay    : EnvironmentStateSystem: Received IPC call to set envStateSceneResolveURI: apk://com.oculus.environment.prod.adobe/assets/scene.zip
12-28 05:50:55.201  2202  2429 I [SEO] PanelAppLaunchInfo: PanelAppLaunchInfo componentString:com.oculus.systemux/com.oculus.panelapp.virtualobjects.VirtualObjectsPanelService packageName:com.oculus.systemux serviceName:com.oculus.panelapp.virtualobjects.VirtualObjectsPanelService componentName:com.oculus.systemux/com.oculus.panelapp.virtualobjects.VirtualObjectsPanelService
12-28 05:50:55.201  2202  2429 I [SEO] HostPlatform: Retrieving component launch information for package (com.oculus.systemux) and service (com.oculus.panelapp.virtualobjects.VirtualObjectsPanelService)
12-28 05:50:55.201  2202  2429 I [SEO] HostPlatform: Is valid panel service component for package (com.oculus.systemux) and service (com.oculus.panelapp.virtualobjects.VirtualObjectsPanelService) - true
12-28 05:50:55.201  2202  2429 I [SEO] ShellAppBase: CreatePanelApp( com.oculus.systemux/com.oculus.panelapp.virtualobjects.VirtualObjectsPanelService )
12-28 05:50:55.201  2202  2429 I [SEO] ShellAppBase: Environment:
12-28 05:50:55.202  2202  2429 I [SEO] PanelAppHost: PanelAppHost constructor, panel 587 (com.oculus.systemux/com.oculus.panelapp.virtualobjects.VirtualObjectsPanelService)
12-28 05:50:55.202  2202  2429 I [SEO] PanelAppHost: Panel app 587 (com.oculus.systemux/com.oculus.panelapp.virtualobjects.VirtualObjectsPanelService) changing state from startup to foreground
12-28 05:50:55.202  2202  2429 I [SEO] PanelAppHost: Calling sendPanelLaunchIntent for panel app 587 (com.oculus.systemux/com.oculus.panelapp.virtualobjects.VirtualObjectsPanelService)
12-28 05:50:55.202  2202  2429 I [SEO] HostPlatform: Passing env var _oc_analytics_session_id = 06168bae-9d99-4916-b7db-eddb240ba340
12-28 05:50:55.202  2202  2429 I [SEO] HostPlatform: Passing env var _oc_userid = 104092326040843
12-28 05:50:55.202  2202  2429 I [SEO] HostPlatform: Passing env var _oc_shell_version_name = 59.0.0.172.706
12-28 05:50:55.202  2202  2429 I [SEO] HostPlatform: Passing env var _oc_shell_version_code = 535797236
12-28 05:50:55.202  2202  2429 I [SEO] HostPlatform: Passing env var _oc_shell_automation_enabled = false
12-28 05:50:55.202  2202  2429 I [SEO] HostPlatform: Passing env var _oc_shell_view_id_debugging_enabled = false
12-28 05:50:55.202  2202  2429 I [SEO] HostPlatform: Passing env var _oc_shell_pixel_density = 20
12-28 05:50:55.202  2202  2429 I [SEO] HostPlatform: Passing env var _oc_shell_render_scale = 1.250000
12-28 05:50:55.202  2202  2429 I [SEO] HostPlatform: Passing env var _oc_shell_ux_policy = {"panelBackgroundLayerOriginDepths":{"far":0.2,"mid":0.1,"near":0.015}}
12-28 05:50:55.202  2202  2429 I [SEO] HostPlatform: Passing env var _oc_shell_panel_session_id = 06168bae-9d99-4916-b7db-eddb240ba340-587
12-28 05:50:55.202  2202  2429 I [SEO] HostPlatform: Passing env var _oc_shell_valid_panel_session_ids = ["06168bae-9d99-4916-b7db-eddb240ba340-587"]
12-28 05:50:55.202  2202  2429 I [SEO] HostPlatform: Passing env var _oc_shell_back_navigation_enabled = false
12-28 05:50:55.202  2202  2429 I [SEO] HostPlatform: Passing env var _oc_shell_feature_sets = appmenu-v1,appmenu-v2,cooperativeState-v2,destinationUi-v2,dragDrop-v1,dragToDesktop-v1,layerClipping-v1,layerClipping-v2,layerOptions-v1,layerParent-v1,launchTargetNotSelf-v1,layerTranslate-v1,multiapp-v1,multiapp-v2,multiapp-v3,multitasking-v1,shellExperimentalAudio-v1,shellPanelAdaptability-v1,systemActionBackgroundPanels-v1,systemThemeSetting-v1,system-reauth-v1,system-ux-file-picker-v1,systemThemeSetting-v2,controlBar-v1,overlayDragAndDrop-v1,vrNotificationsBootLoad-v1,theaterScreen,theaterScreen-v2,recoverInstances-v1,systemThemeSetting-v3,androidOverscroll-v1,copresence-v1,copresenceVersion-v1,vrLibraryAppLock-v1,contextualModality-v1,unified-passthrough
12-28 05:50:55.202  2202  2429 I [SEO] HostPlatform: Passing env var _oc_launch_timestamp = 182425519
12-28 05:50:55.202  2202  2429 I [SEO] HostPlatform: Passing env var _oc_shell_host = vrshell
12-28 05:50:55.202  2202  2429 I [SEO] HostPlatform: Passing env var _oc_shell_panel_id = 587
12-28 05:50:55.202  2202  2429 D [SEO] ShellApplication: sendApkPanelLaunchIntent: packageName=com.oculus.systemux, serviceClassName=com.oculus.panelapp.virtualobjects.VirtualObjectsPanelService
12-28 05:50:55.202  2202  2429 D [SEO] PanelAppConnection: getSystemProcessUidForCurrentUser: 'android' systemUid = 1000
12-28 05:50:55.202  2202  2429 D [SEO] ShellApplication: bindService Intent { cmp=com.oculus.systemux/com.oculus.panelapp.virtualobjects.VirtualObjectsPanelService }
12-28 05:50:55.204  3217  3278 W PhaseSync: [PS_Ver_1_0] DiscardFrame is triggered, frame->Stage 2 FrameBeginIndex 3013 
12-28 05:50:55.204  2202  2429 D [SEO] ShellApplication: notify OS to set com.oculus.systemux/com.oculus.panelapp.virtualobjects.VirtualObjectsPanelService to FOREGROUND
12-28 05:50:55.205  2202  2429 I [SEO] VirtualObjectController: Send anchorUpdatedIPC to VirtualObjects service {"AnchorState":{"theater":"theater"}}
12-28 05:50:55.205  2202  2429 I ClientInputTrackedKeyboardManager: TRACKEDKEYBOARD created PTKServiceClient
12-28 05:50:55.206  2202  2429 I PTKService: PTKServiceClient Init
12-28 05:50:55.207 28792 28792 I PresenceAPK(ServicePresenceClient): ServicePresenceClient close
12-28 05:50:55.207 28792 28792 I PresenceAPK(GroupManager): removeListener with id AnchoredHomeGroup
12-28 05:50:55.207 28792 28792 I PresenceAPK(ServiceApiManager): onApiNotReady
12-28 05:50:55.207 28792 28792 I PresenceAPK(ServiceApiManager): api was already not ready
12-28 05:50:55.208  2875  3106 W CompositorClientMgr: Client 2 disabled
12-28 05:50:55.208  2875  3106 I VrRuntimeServer: UpdateCompositorClientApertureMask client(2)
12-28 05:50:55.208 28792 28792 D [SUI] PanelAppBase: Releasing viewModel DynamicAppsViewModel refCount: 1
12-28 05:50:55.208  2875  3106 W ClientMgr: compositor client com.oculus.shellenv update attempt: failed, enable mask = 0
12-28 05:50:55.208  2875  3106 W CompositorClientMgr: Client 2 disabled
12-28 05:50:55.208 28792 28792 D [SUI] BarView: Destroying BarView
12-28 05:50:55.208  2875  3106 I VrRuntimeServer: UpdateCompositorClientApertureMask client(2)
12-28 05:50:55.208  2875  3106 W ClientMgr: compositor client com.oculus.shellenv update attempt: failed, enable mask = 0
12-28 05:50:55.208 28792 28792 D [SUI] SocialViewModel: removeObserver(): SystemStatusView$$ExternalSyntheticLambda9
12-28 05:50:55.208 28792 28792 D [SUI] PanelAppBase: Releasing viewModel SocialViewModel refCount: 0
12-28 05:50:55.208 28792 28792 D [SUI] SocialViewModel: Destroying ViewModel
12-28 05:50:55.208 28792 28792 D [SUI] PanelAppBase: Releasing viewModel SystemStatusViewModel refCount: 0
12-28 05:50:55.208 28792 28792 D [SUI] StatusViewModel: Destroying ViewModel
12-28 05:50:55.209 28792 28792 D [SUI] DynamicAppsView: Destroying DynamicAppsView on AUI bar
12-28 05:50:55.212  3217  3278 I MRSVC   : MIXEDREALITY: OpenXrSupport: OpenXR qualified success: xrBeginFrame(clientState_.session, &beginFrameDesc): XR_FRAME_DISCARDED
12-28 05:50:55.212 28792 28792 D [SUI] MessengerCallViewModel: removeObserver
12-28 05:50:55.212 28792 28792 D [SUI] PanelAppBase: Releasing viewModel ActiveCallBarViewModel refCount: 0
12-28 05:50:55.212 28792 28792 I PresenceAPK(ServicePresenceClient): ServicePresenceClient close
12-28 05:50:55.212 28792 28792 I PresenceAPK(GroupManager): removeListener with id SystemCallGroup
12-28 05:50:55.212 28792 28792 I PresenceAPK(ServiceApiManager): onApiNotReady
12-28 05:50:55.212 28792 28792 I PresenceAPK(ServiceApiManager): api was already not ready
12-28 05:50:55.213 28792 28792 D [SUI] MessengerCallViewModel: removeObserver
12-28 05:50:55.213 28792 28792 D [SUI] PanelAppBase: Releasing viewModel MessengerCallViewModel refCount: 0
12-28 05:50:55.213  3217 26779 I MRSVC   : MIXEDREALITY: MrServiceController: VrFocusManager::Top Activity Changed, topActivity now is: 'com.oculus.shellenv', immersiveApp now is: 'com.oculus.shellenv'.
12-28 05:50:55.214  2402  9080 I BpBinder: onLastStrongRef automatically unlinking death recipients: com.oculus.presence.hyperspace.ICallsInfoUpdateListener
12-28 05:50:55.214 28792 28792 I PresenceAPK(HyperspaceNativeServiceApiManager): onApiNotReady
12-28 05:50:55.214 28792 28792 I PresenceAPK(HyperspaceServiceApiManager): Not currently bound.
12-28 05:50:55.214 28792 28792 D [SUI] MessengerCallViewModel: released hyperspace client
12-28 05:50:55.214 28792 28792 D [SUI] MessengerCallViewModel: destroyed MessengerCallViewModel
12-28 05:50:55.214 28792 28792 D [SUI] MessengerCallBarViewModel: destroyed MessengerCallBarViewModel
12-28 05:50:55.214 28792 28792 D [SUI] AndroidCallBarViewModel: destroyed MessengerCallBarViewModel
12-28 05:50:55.214 28792 28792 D [SUI] PanelAppBase: Releasing viewModel DynamicAppsViewModel refCount: 0
12-28 05:50:55.214 28792 28792 D [SUI] DynamicAppsViewModel: Destroying DynamicAppsViewModel
12-28 05:50:55.214 28792 28792 D [SUI] PanelAppBase: Releasing viewModel BarViewModel refCount: 0
12-28 05:50:55.214 28792 28792 D [SUI] BarViewModel: Destroying BarViewModel
12-28 05:50:55.214 28792 28792 D [SUI] PanelAppBase: Releasing viewModel StatusViewModel refCount: 0
12-28 05:50:55.214 28792 28792 D [SUI] StatusViewModel: Destroying ViewModel
12-28 05:50:55.215  3217 26779 I MRSVC   : MIXEDREALITY: MrServiceController: VrFocusManager::Top Activity Changed, topActivity now is: 'com.oculus.shellenv', immersiveApp now is: 'com.oculus.shellenv'.
12-28 05:50:55.216 28792 28792 I [SUI] AnytimeUIPanelApp: Destroyed AUI PanelApp, isInOverlay: false, instanceCount: 0
12-28 05:50:55.217   945  1104 W TrackingService: attachClient: found client in attached list
12-28 05:50:55.217   945  1104 D TrackingService: getSharedMemory: com.oculus.mrservice#3217, HeadTracker
12-28 05:50:55.213  1682  1682 D ControllerNotifications: Enabling notifications
12-28 05:50:55.217  1152  4075 I RuntimeIpcHelperService: Going to start ComponentInfo{com.oculus.vrshell/com.oculus.vrshell.ShellOverlayService} as background
12-28 05:50:55.218  3217  3278 I MRSVC   : MIXEDREALITY: MrServiceView: renderIteration: Hibernating the rendering thread since ID is off and no active PT layers.
12-28 05:50:55.218  3217  3278 I MRSVC   : MIXEDREALITY: MrServiceModelBase: Hibernating caller (most likely rendering thread) due to commandQueue being empty.
12-28 05:50:55.218  3217  3278 I Deque   : AddEventToQueue called. eventInfo.type: 40, eventInfo.next: 1
12-28 05:50:55.218  2202  2429 I RuntimeIPCClient [RUNTIMEIPC]: ConnectToServer: SUCCESS: Client: com.oculus.vrshell:com.oculus.vrshell:2202, Server: com.oculus.vrshell:com.oculus.vrshell:Overlay (ptkserviceserver)
12-28 05:50:55.219  2202  2429 I [SEO] InputManager: Adding hand deviceId = 4
12-28 05:50:55.219  2202  2429 I [SEO] InputManager: Adding hand deviceId = 3
12-28 05:50:55.219  2202  2429 I [SEO] InputManager: Adding controller deviceId = 2
12-28 05:50:55.219  2202  2429 I [SEO] InputManager: Adding controller deviceId = 1
12-28 05:50:55.220  1152 22549 W InputManager-JNI: Input channel object '2299781 com.oculus.systemux (client)' was disposed without first being removed with the input manager!
12-28 05:50:55.220  1682  1682 I ControllerNotifications: Updating input notifications based on state ConnectedBatteryNormal
12-28 05:50:55.220  2202  2429 I [SEO] InputManager: Switching primary device (id -1 to 2).
12-28 05:50:55.220  2202  2429 I [SEO] InputManager: Switching secondary device (id to 1).
12-28 05:50:55.220  2202  2429 I [SEO] ShellFrameAnalytics: Shell Heartbeat focusedPanelTimeSpent: {"0":27} visibleTimeSpent: {"428":27,"586":27} inputTimeSpent: {"0":"{\"focus_controller\":27}","428":"{\"visible_controller\":27}","586":"{\"visible_controller\":27}"} inputClickCount: {} mouseMoveTimeSpent: 0 mouseScrollTimeSpent: 0 physicalKeyboardConnectedTimeSpent: 0 physicalKeyboardTrackedTimeSpent: 0 quickActionsMenuActivations: 0 quickActionsMenuTimeSpent: 0 quickActionsMenuSessionLengths: [] quickActionsMenuSelections: {} handTrackingOptIn: 0 handTrackingAutoTransition: 1 directTouchOptIn: 1
12-28 05:50:55.221  1985  2764 W FrameQueue: MakeNonblockingRequest: request for frame 411144 is still invalid for com.oculus.shellenv after 25 tries.
12-28 05:50:55.221  1985  2764 W VrRuntimeClient: WarpSwap: MakeRequest failed
12-28 05:50:55.221  1985  2764 I OpenXR  : xrEndFrame FrameTransaction failure detected, might due to compositor frame blocking, swapchains not marked as used-in-frame 411144 
12-28 05:50:55.221  2875  3106 W CompositorClientMgr: Client 2 disabled
12-28 05:50:55.221  2875  3106 I VrRuntimeServer: UpdateCompositorClientApertureMask client(2)
12-28 05:50:55.221  2875  3106 W ClientMgr: compositor client com.oculus.shellenv update attempt: failed, enable mask = 0
12-28 05:50:55.221  2875  3106 W CompositorClientMgr: Client 2 disabled
12-28 05:50:55.221  2875  3106 I VrRuntimeServer: UpdateCompositorClientApertureMask client(2)
12-28 05:50:55.221  2875  3106 W ClientMgr: compositor client com.oculus.shellenv update attempt: failed, enable mask = 0
12-28 05:50:55.221  2202  2429 I [SEO] SystemUXControllerHelper: OnReorient(reason: 3)
12-28 05:50:55.221  1152  2377 I DisplayDeviceRepository: Display device removed: DisplayDeviceInfo{"com.oculus.android_panel_app.AndroidPanelLayer-#main": uniqueId="virtual:com.oculus.systemux,10037,com.oculus.android_panel_app.AndroidPanelLayer-#main,0", 1000 x 80, modeId 1500, defaultModeId 1500, supportedModes [{id=1500, width=1000, height=80, fps=60.0, alternativeRefreshRates=[]}], colorMode 0, supportedColorModes [0], hdrCapabilities null, allmSupported false, gameContentTypeSupported false, density 200, 200.0 x 200.0 dpi, appVsyncOff 0, presDeadline 16666666, touch NONE, rotation 0, type VIRTUAL, deviceProductInfo null, state ON, owner com.oculus.systemux (uid 10037), frameRateOverride , brightnessMinimum 0.0, brightnessMaximum 0.0, brightnessDefault 0.0, FLAG_PRIVATE, FLAG_NEVER_BLANK, FLAG_OWN_CONTENT_ONLY}
12-28 05:50:55.222  2202  2429 I [SEO] TelemetryProvider: aui_reorient system -7 0 0 com.oculus.shellenv
12-28 05:50:55.222  2202  2429 I [SEO] PanelAppOSLifecycleNotificationManager: Sending frameState isForeground:1 to OS for app com.oculus.systemux/com.oculus.panelapp.anytimeui.AnytimeUIPanelService
12-28 05:50:55.222  2202  2429 I [SEO] PanelAppOSLifecycleNotificationManager: Sending frameState isForeground:1 to OS for app com.oculus.systemux/com.oculus.panelapp.virtualobjects.VirtualObjectsPanelService
12-28 05:50:55.222  1152  2377 I LogicalDisplayMapper: Removing display: 930
12-28 05:50:55.223 28792 28792 D CppPanelService: PanelService()
12-28 05:50:55.223 28792 28792 D CppPanelService: onCreate()
12-28 05:50:55.223 28792 28792 D CppPanelService: onBind()
12-28 05:50:55.224  2202  2202 D [SEO] PanelServiceConnection: onSeviceConnected - component name (ComponentInfo{com.oculus.systemux/com.oculus.panelapp.anytimeui.AnytimeUIPanelService}), panel app id (586)
12-28 05:50:55.224  2802  3044 I [OAO] SwapChainApiOpenXr: Destroying SwapChain:0x749ee96800
12-28 05:50:55.224  2202  2202 D [SEO] ShellApplication: notify OS to set com.oculus.systemux/com.oculus.panelapp.anytimeui.AnytimeUIPanelService to FOREGROUND
12-28 05:50:55.224 28792 28792 D CppPanelService: PanelService()
12-28 05:50:55.224 28792 28792 D CppPanelService: onCreate()
12-28 05:50:55.225 28792 28792 D CppPanelService: onBind()
12-28 05:50:55.225  1985  2764 I Clay    : OpenXR: set refresh-rate: 90.000000Hz
12-28 05:50:55.225  1985  2764 I Clay    : EnvironmentSystem: computed visibility changed from Hidden to Visible (reason: <none>)
12-28 05:50:55.225  1985  2764 I Clay    : EnvironmentSystem: layerRenderingInstanceId=2728571920
12-28 05:50:55.225  1985  2764 I Clay    : HyperspaceClientSystem: localavatar not ready
12-28 05:50:55.225  1985  2764 I Clay    : HomeAvatarSystem - solo body visibility (desiredVisibilityState 1 shouldChangeVisibilityState 1)
12-28 05:50:55.225  1985  2764 I Clay    : HomeAvatarSystem - _onAvatarVisibilityChanged(visible: 1)
12-28 05:50:55.225  2202  2429 I [SEO] LocalSpace: Reset - initialRawFromLocalPose: quat(-0.177855, 0.008274, -0.024989, 0.983705), translation(-0.005827, -0.089686, 0.456482)
12-28 05:50:55.225  2202  2429 I [SEO] LocalSpace: Applying VRAPI Reorient, the reorient reason is 3
12-28 05:50:55.227  1152  1256 I InputDispatcher: Erasing monitor PointerEventDispatcher930 (server) on display 930, pid=1152
12-28 05:50:55.227  1985  2764 I Clay    : EnvironmentSystem: layerRenderingInstanceId=2728571920
12-28 05:50:55.228  1985  2764 I Clay    : EnvironmentSystem: setCurrentEnvironment from '' to 'apk://com.oculus.environment.prod.adobe/assets/scene.zip'. Computed visibility: Visible (reason: <none>)
12-28 05:50:55.228  1985  2764 I Clay    : EnvironmentStateSystem: Received avatar visibility "visible" -1
12-28 05:50:55.228  1985  2764 I Clay    : m_permanentEntitiesIR: 0
12-28 05:50:55.228  1985  2764 I Clay    : no permanent entities
12-28 05:50:55.229  3217  3237 I MRSVC   : MIXEDREALITY: MrServiceController: VrFocusManager::Top Activity Changed, topActivity now is: 'com.oculus.shellenv', immersiveApp now is: 'com.oculus.shellenv'.
12-28 05:50:55.229  2202  2202 I [SEO] PanelAppConnection: verifyFirstPartyUID(Debug Signatures=false, uid=10037) => apkSignatureResult=SigCertInfo(isTrusted=true, packageNames=[com.oculus.systemux], fingerprint sha1=98a1809f3c3e79170e5df8135b500ecfa39df1be, fingerprint sha256=012f8165c191efe8fb0d6d4606aa4abac14d77d1d97d5340860c9f81045aa157, signature=308205cf308203b7a0030201020204097e91c1300d06092a864886f70d01010b0500308197310b3009060355040613025553311330110603550408130a43616c69666f726e6961311330110603550407130a4d656e6c6f205061726b31233021060355040a131a46616365626f6f6b20546563686e6f6c6f676965732c204c4c4331233021060355040b131a46616365626f6f6b20546563686e6f6c6f676965732c204c4c43311430120603550403130b4f63756c75732041707073301e170d3139303730343131333935315a170d3436313131393131333935315a308197310b3009060355040613025553311330110603550408130a43616c69666f726e6961311330110603550407130a4d656e6c6f205061726b31233021060355040a131a46616365626f6f6b20546563686e6f6c6f676965732c204c4c4331233021060355040b131a46616365626f6f6b20546563686e6f6c6f676965732c204c4c43311430120603550403130b4f63756c7573204170707330820222300d06092a864886f70d01010105000382020f003082020a0282020100b815642a5c201c8da044905dafbb06c05fddb75449cc75a716a0434da0493a52a4d60643532c237e76cb41d2c32a5e4474f12b37f632a809b5a5ceb8c6289ecf828e736b4ec452b1c2757bd0b5ed13eff5a7a47ab2ef6cdf60a8d749e9e8603f30d12b5db8f734c57578a2a4ce5ff5737c1f02c629d2dcb4f82726674663a699de94463ff370fa9eb48158831bf0b68bd6ec84293182d52e860bdd81bb9ce9cdd6a77fea0df25004da34d3cce7a31069646aa4628fba9ccb0952163793be9a4edf49a53f83179c2f44d8c87d6c129e8d590af0f3fced26201ee43b31fccd93b497cd198c5cd1f98d64c4f7ad79ca47278c02652d5dc072a99807e22f473f7bae4da2bafcae48cd49ad55a764b8d39f329f6175eac9074307deff48b1c4a6e19b748766617768c31a17feae8478eb7f9ebfb61af2b9f5a692b636342d7ebc53d7146626b51801b5a0a102e281475decdefb8683d0ca2843dc7aaeb6759bcab0dcba38db44f5d7f797a1c9c02dd159c0e3c72b14dc882d31c24ad8abee4ce0f7f0205e05efef551e2551a61e96636ed5dfd7435d3d24f5a130a12f10452cc954aa770d5d95e3e0cb9d7b05c5506a7947f8ff3437b3d82274fdaa156d85bfb7fbcb4fa5557080fedab86520b71d3d533e7bb3e7e3ebe9712b68e755d700b0afbf7595ffa80a6b3d90bfe599769138ee6515df415e32c0abed2b8e4aea1f47351f490203010001a321301f301d0603551d0e04160414a3c939e6b71c43bc9193f773c0351be1aff311f9300d06092a864886f70d01010b050003820201004e4c865231f2a3583c6af9488ecf9aa96b1ee84e2d7bfad00581537dc70c54ecfcf360e563d018efa4cdd77bf6fc4c9f1a20ebd4215cf1538686d4089bdcc8adb6ae4497ead14b0c18efd52ce93357019973e94e16b3326c60885b1bdc5f9cad1098f16732935876d8d19bda3ceeaaa69a83c4e2231710c6735f88abdfffe3dfa2be3f18f894923441b4e4a9c9664ed6294c16d7c073547063bfdbbefad184a001f1dce2feffdc96d10eb16a3bfbcd382cd297ca3b4edb7ebacd1a9931a1368a5157ceaebbca5b39bd5db5461a340db8ec076d38a94bcdd042bfb51388158ba97a49b631c1762fa746c7bb36eaf15cae23fa993cfb052e824f2ae173ea27b50a6cca91eb955f4faf131514757e5a3ecae9df6d23771279b7742f28fb9ce394eb9e03926f550716f1312355a5efdc479d8347b516cff55cb14307c81280142cacf2fd6562a2baacbfc97869272b1c51abf79121de8bab227e001313d4115eb9b33a332ebb34e290f14b5352ef1038f7a5f3740c9d1136b3526de4331deb4fa529c36a17c04c3e64d4f6ebda73d6e6e18281e3948fd11e685eab6611be1bc62839bce5962715e7f6537e6c083bcd3538d17407b26c850cd6b3f5e2149fdef027a6cfb7ed0f93c928aca14927b10c6a3f104ba1b10413af8b1868b84a004e5ddd065fff26a7bb3c818bb5a2d69aedf9441ef9033efae3ef52282a96f66d4b4ff3f2)
12-28 05:50:55.230  2202  2202 D [SEO] PanelServiceConnection: onSeviceConnected - component name (ComponentInfo{com.oculus.systemux/com.oculus.panelapp.virtualobjects.VirtualObjectsPanelService}), panel app id (587)
12-28 05:50:55.230  2202  2202 D [SEO] ShellApplication: notify OS to set com.oculus.systemux/com.oculus.panelapp.virtualobjects.VirtualObjectsPanelService to FOREGROUND
