12-26 22:50:23.271  1152  1152 D ActivityManager: Is background playback GK enabled: false Is background playback enabled for all apps: false
12-26 22:50:23.272   924  3261 I MRSS    : MIXEDREALITY: MrSystemServiceIPCServer: ChangeMrCapabilityStatus: client 1701905111, capability Playspace, command 0.
12-26 22:50:23.272   797 23942 D AF::TrackHandle: OpPlayAudio: track:64 uid:1000 pkg:android usage:13 not muted
12-26 22:50:23.272   797 23942 D AF::TrackHandle: OpPlayAudio: track:64 uid:1000 pkg:android usage:13 not muted
12-26 22:50:23.273  1152  1152 D ActivityManager: Is background playback GK enabled: false Is background playback enabled for all apps: false
12-26 22:50:23.273   797 20887 D AF::TrackHandle: OpPlayAudio: track:57 uid:10016 pkg:com.oculus.shellenv usage:1 muted
12-26 22:50:23.273  3217  3278 W PhaseSync: [PS_Ver_1_0] DiscardFrame is triggered, frame->Stage 2 FrameBeginIndex 717 
12-26 22:50:23.274   797 20887 D AF::TrackHandle: OpPlayAudio: track:57 uid:10016 pkg:com.oculus.shellenv usage:1 muted
12-26 22:50:23.274   797 23942 D AF::TrackHandle: OpPlayAudio: track:64 uid:1000 pkg:android usage:13 not muted
12-26 22:50:23.274   797 20887 D AF::TrackHandle: OpPlayAudio: track:57 uid:10016 pkg:com.oculus.shellenv usage:1 muted
12-26 22:50:23.274  3217  3278 I MRSVC   : MIXEDREALITY: OpenXrSupport: OpenXR qualified success: xrBeginFrame(clientState_.session, &beginFrameDesc): XR_FRAME_DISCARDED
12-26 22:50:23.274  3217  3278 I MRSVC   : MIXEDREALITY: MrServiceView: passthroughLayersToSubmit stats No submitted layers - there was render or submit failure. (every 10 sec).
12-26 22:50:23.274  3217  3278 I MRSVC   : MIXEDREALITY: MrServiceView: renderIteration: Hibernating the rendering thread since ID is off and no active PT layers.
12-26 22:50:23.274  1152  1152 D ActivityManager: Is background playback GK enabled: false Is background playback enabled for all apps: false
12-26 22:50:23.274  3217  3278 I MRSVC   : MIXEDREALITY: MrServiceModelBase: Hibernating caller (most likely rendering thread) due to commandQueue being empty.
12-26 22:50:23.275   797  4464 D AF::TrackHandle: OpPlayAudio: track:77 uid:1000 pkg:android usage:13 not muted
12-26 22:50:23.275  1152  1185 E KernelCpuUidActiveTimeReader: Negative delta from active time for uid: 10069, delta: -7
12-26 22:50:23.275  1152  1185 E KernelCpuUidActiveTimeReader: Negative delta from active time for uid: 10022, delta: -24
12-26 22:50:23.275  1152  1185 E KernelCpuUidActiveTimeReader: Negative delta from active time for uid: 10028, delta: -6
12-26 22:50:23.275  1152  1185 E KernelCpuUidActiveTimeReader: Negative delta from active time for uid: 10045, delta: -580
12-26 22:50:23.275   904  6612 D telemetry: Flush unrecorded events
12-26 22:50:23.275  1152  1152 D ActivityManager: Is background playback GK enabled: false Is background playback enabled for all apps: false
12-26 22:50:23.276  1152  1189 I DisplayPowerController[0]: Unblocked screen on after 14 ms
12-26 22:50:23.276  1152  1185 E KernelCpuUidClusterTimeReader: Negative delta from cluster time for uid: 10014, delta: -13
12-26 22:50:23.276  1152  1185 E KernelCpuUidClusterTimeReader: Negative delta from cluster time for uid: 10069, delta: -9
12-26 22:50:23.276  1152  1185 E KernelCpuUidClusterTimeReader: Negative delta from cluster time for uid: 10022, delta: -29
12-26 22:50:23.276  1152  1185 E KernelCpuUidClusterTimeReader: Negative delta from cluster time for uid: 10043, delta: -11
12-26 22:50:23.276   797  4464 D AF::TrackHandle: OpPlayAudio: track:77 uid:1000 pkg:android usage:13 not muted
12-26 22:50:23.276  1152  1185 E KernelCpuUidClusterTimeReader: Negative delta from cluster time for uid: 10030, delta: -18
12-26 22:50:23.276  1152  1185 E KernelCpuUidClusterTimeReader: Negative delta from cluster time for uid: 10085, delta: -2
12-26 22:50:23.276  1152  1185 E KernelCpuUidClusterTimeReader: Negative delta from cluster time for uid: 1066, delta: -6
12-26 22:50:23.276  1152  1185 E KernelCpuUidClusterTimeReader: Negative delta from cluster time for uid: 10025, delta: -4
12-26 22:50:23.276  1152  1185 E KernelCpuUidClusterTimeReader: Negative delta from cluster time for uid: 1040, delta: -5
12-26 22:50:23.276  1152  1185 E KernelCpuUidClusterTimeReader: Negative delta from cluster time for uid: 1069, delta: -5
12-26 22:50:23.276  1152  1185 E KernelCpuUidClusterTimeReader: Negative delta from cluster time for uid: 10062, delta: -25
12-26 22:50:23.276  1152  1185 E KernelCpuUidClusterTimeReader: Negative delta from cluster time for uid: 10028, delta: -11
12-26 22:50:23.277  1152  1185 E KernelCpuUidClusterTimeReader: Negative delta from cluster time for uid: 10015, delta: -9
12-26 22:50:23.277  1152  1185 E KernelCpuUidClusterTimeReader: Negative delta from cluster time for uid: 10036, delta: -28
12-26 22:50:23.277  1152  1185 E KernelCpuUidClusterTimeReader: Negative delta from cluster time for uid: 10002, delta: -5
12-26 22:50:23.277  1152  1185 E KernelCpuUidClusterTimeReader: Negative delta from cluster time for uid: 1017, delta: -1
12-26 22:50:23.277  1152  1185 E KernelCpuUidClusterTimeReader: Negative delta from cluster time for uid: 10099, delta: -4
12-26 22:50:23.277  1152  1185 E KernelCpuUidClusterTimeReader: Negative delta from cluster time for uid: 10010, delta: -4
12-26 22:50:23.277  1152  1185 E KernelCpuUidClusterTimeReader: Negative delta from cluster time for uid: 10031, delta: -48
12-26 22:50:23.277  1152  1185 E KernelCpuUidClusterTimeReader: Negative delta from cluster time for uid: 10018, delta: -12
12-26 22:50:23.277  1152  1185 E KernelCpuUidClusterTimeReader: Negative delta from cluster time for uid: 10026, delta: -8
12-26 22:50:23.277  1152  1185 E KernelCpuUidClusterTimeReader: Negative delta from cluster time for uid: 1041, delta: -215
12-26 22:50:23.277  1152  1185 E KernelCpuUidClusterTimeReader: Negative delta from cluster time for uid: 10034, delta: -67
12-26 22:50:23.277  1152  1185 E KernelCpuUidClusterTimeReader: Negative delta from cluster time for uid: 10089, delta: -25
12-26 22:50:23.277  1152  1185 E KernelCpuUidClusterTimeReader: Negative delta from cluster time for uid: 1036, delta: -7
12-26 22:50:23.277  1152  1185 E KernelCpuUidClusterTimeReader: Negative delta from cluster time for uid: 10084, delta: -3
12-26 22:50:23.277   797  4464 D AF::TrackHandle: OpPlayAudio: track:77 uid:1000 pkg:android usage:13 not muted
12-26 22:50:23.277  1152  1185 E KernelCpuUidClusterTimeReader: Negative delta from cluster time for uid: 10024, delta: -2
12-26 22:50:23.277  1152  1152 D ActivityManager: Is background playback GK enabled: false Is background playback enabled for all apps: false
12-26 22:50:23.266     0     0 I [drm:dsi_display_set_mode] [msm-dsi-info]: mdp_transfer_time_us=0 us
12-26 22:50:23.266     0     0 I [drm:dsi_display_set_mode] [msm-dsi-info]: hactive= 1920,vactive= 3664,fps=90
12-26 22:50:23.266     0     0 I [drm:dsi_ctrl_isr_configure] [msm-dsi-info]: dsi-ctrl-0: IRQ 394 registered
12-26 22:50:23.266     0     0 I [drm:dsi_ctrl_isr_configure] [msm-dsi-info]: dsi-ctrl-1: IRQ 395 registered
12-26 22:50:23.277  1152  1185 E KernelCpuUidClusterTimeReader: Negative delta from cluster time for uid: 10045, delta: -1156
12-26 22:50:23.278  1152  1185 E KernelCpuUidClusterTimeReader: Negative delta from cluster time for uid: 10032, delta: -8
12-26 22:50:23.278  1152  1185 E KernelCpuUidClusterTimeReader: Negative delta from cluster time for uid: 10087, delta: -13
12-26 22:50:23.278  1152  1185 E KernelCpuUidClusterTimeReader: Negative delta from cluster time for uid: 10019, delta: -11
12-26 22:50:23.278  1152  1185 E KernelCpuUidClusterTimeReader: Negative delta from cluster time for uid: 2906, delta: -1
12-26 22:50:23.279   797  4464 D AF::TrackHandle: OpPlayAudio: track:77 uid:1000 pkg:android usage:13 not muted
12-26 22:50:23.279   797  4293 D AF::TrackHandle: OpPlayAudio: track:64 uid:1000 pkg:android usage:13 not muted
12-26 22:50:23.279   797  7048 D AF::TrackHandle: OpPlayAudio: track:57 uid:10016 pkg:com.oculus.shellenv usage:1 muted
12-26 22:50:23.279  1152  1152 D ActivityManager: Is background playback GK enabled: false Is background playback enabled for all apps: false
12-26 22:50:23.279   797  4464 D AF::TrackHandle: OpPlayAudio: track:77 uid:1000 pkg:android usage:13 not muted
12-26 22:50:23.280  1152  1177 I AS.AudioService: Setting mMicMuteFromPrivacyToggle to false
12-26 22:50:23.280  1152  1177 I AS.AudioService: Mic mute false, user=0
12-26 22:50:23.280  1152  1152 D ActivityManager: Is background playback GK enabled: false Is background playback enabled for all apps: false
12-26 22:50:23.280   797  4464 D AF::TrackHandle: OpPlayAudio: track:77 uid:1000 pkg:android usage:13 not muted
12-26 22:50:23.280   797 20887 D AF::RecordHandle: OpRecordAudio: track:56 uid:10016 pkg:com.oculus.shellenv usage:0 source:1 muted
12-26 22:50:23.280  1152  1152 D ActivityManager: Is background playback GK enabled: false Is background playback enabled for all apps: false
12-26 22:50:23.281   777   777 D audio_hw_primary: adev_set_mic_mute state 0
12-26 22:50:23.281  1152  1152 D ActivityManager: Is background playback GK enabled: false Is background playback enabled for all apps: false
12-26 22:50:23.281  1152  1152 D ActivityManager: Is background playback GK enabled: false Is background playback enabled for all apps: false
12-26 22:50:23.281   797 20887 D AF::TrackHandle: OpPlayAudio: track:77 uid:1000 pkg:android usage:13 not muted
12-26 22:50:23.282   797  4293 D AF::TrackHandle: OpPlayAudio: track:57 uid:10016 pkg:com.oculus.shellenv usage:1 muted
12-26 22:50:23.282  1152  1152 D ActivityManager: Is background playback GK enabled: false Is background playback enabled for all apps: false
12-26 22:50:23.282   797  4464 D AF::TrackHandle: OpPlayAudio: track:64 uid:1000 pkg:android usage:13 not muted
12-26 22:50:23.282  1682  1986 I MicService.Privacy: Setting mic sensor privacy to false. reason: POWER_STATE. mounted: true. setting: false
12-26 22:50:23.282   797 23942 D AF::TrackHandle: OpPlayAudio: track:57 uid:10016 pkg:com.oculus.shellenv usage:1 muted
12-26 22:50:23.282   797  4464 D AF::TrackHandle: OpPlayAudio: track:64 uid:1000 pkg:android usage:13 not muted
12-26 22:50:23.282  1152  1152 D ActivityManager: Is background playback GK enabled: false Is background playback enabled for all apps: false
12-26 22:50:23.282   797 20887 D AF::TrackHandle: OpPlayAudio: track:77 uid:1000 pkg:android usage:13 not muted
12-26 22:50:23.283  1152  1152 D ActivityManager: Is background playback GK enabled: false Is background playback enabled for all apps: false
12-26 22:50:23.283   797 23942 D AF::TrackHandle: OpPlayAudio: track:57 uid:10016 pkg:com.oculus.shellenv usage:1 muted
12-26 22:50:23.283   797  4464 D AF::TrackHandle: OpPlayAudio: track:64 uid:1000 pkg:android usage:13 not muted
12-26 22:50:23.283   797 20887 D AF::TrackHandle: OpPlayAudio: track:77 uid:1000 pkg:android usage:13 not muted
12-26 22:50:23.283  1152  1152 D ActivityManager: Is background playback GK enabled: false Is background playback enabled for all apps: false
12-26 22:50:23.284  1152  1152 D ActivityManager: Is background playback GK enabled: false Is background playback enabled for all apps: false
12-26 22:50:23.284   797 20887 D AF::TrackHandle: OpPlayAudio: track:77 uid:1000 pkg:android usage:13 not muted
12-26 22:50:23.284  1152  1152 D ActivityManager: Is background playback GK enabled: false Is background playback enabled for all apps: false
12-26 22:50:23.285   797 23942 D AF::TrackHandle: OpPlayAudio: track:64 uid:1000 pkg:android usage:13 not muted
12-26 22:50:23.285   797 20887 D AF::TrackHandle: OpPlayAudio: track:77 uid:1000 pkg:android usage:13 not muted
12-26 22:50:23.285  1152  1152 D ActivityManager: Is background playback GK enabled: false Is background playback enabled for all apps: false
12-26 22:50:23.285   797 23942 D AF::TrackHandle: OpPlayAudio: track:64 uid:1000 pkg:android usage:13 not muted
12-26 22:50:23.285   797 20887 D AF::TrackHandle: OpPlayAudio: track:77 uid:1000 pkg:android usage:13 not muted
12-26 22:50:23.285   797  4464 D AF::TrackHandle: OpPlayAudio: track:57 uid:10016 pkg:com.oculus.shellenv usage:1 muted
12-26 22:50:23.286  1152  1152 D ActivityManager: Is background playback GK enabled: false Is background playback enabled for all apps: false
12-26 22:50:23.286   797 23942 D AF::TrackHandle: OpPlayAudio: track:64 uid:1000 pkg:android usage:13 not muted
12-26 22:50:23.286  1152  1152 D ActivityManager: Is background playback GK enabled: false Is background playback enabled for all apps: false
12-26 22:50:23.286   797  4464 D AF::TrackHandle: OpPlayAudio: track:57 uid:10016 pkg:com.oculus.shellenv usage:1 muted
12-26 22:50:23.287  1152  1152 D ActivityManager: Is background playback GK enabled: false Is background playback enabled for all apps: false
12-26 22:50:23.287   797 23942 D AF::TrackHandle: OpPlayAudio: track:77 uid:1000 pkg:android usage:13 not muted
12-26 22:50:23.287  1152  1152 D ActivityManager: Is background playback GK enabled: false Is background playback enabled for all apps: false
12-26 22:50:23.287   797  4464 D AF::TrackHandle: OpPlayAudio: track:57 uid:10016 pkg:com.oculus.shellenv usage:1 muted
12-26 22:50:23.287  1152  1152 D ActivityManager: Is background playback GK enabled: false Is background playback enabled for all apps: false
12-26 22:50:23.288   797  4464 D AF::TrackHandle: OpPlayAudio: track:57 uid:10016 pkg:com.oculus.shellenv usage:1 muted
12-26 22:50:23.288   797 20887 D AF::TrackHandle: OpPlayAudio: track:64 uid:1000 pkg:android usage:13 not muted
12-26 22:50:23.288  1152  1152 D ActivityManager: Is background playback GK enabled: false Is background playback enabled for all apps: false
12-26 22:50:23.288  1152  1152 D ActivityManager: Is background playback GK enabled: false Is background playback enabled for all apps: false
12-26 22:50:23.288   797 20887 D AF::TrackHandle: OpPlayAudio: track:57 uid:10016 pkg:com.oculus.shellenv usage:1 muted
12-26 22:50:23.289   797  4464 D AF::TrackHandle: OpPlayAudio: track:77 uid:1000 pkg:android usage:13 not muted
12-26 22:50:23.289   797 23942 D AF::TrackHandle: OpPlayAudio: track:64 uid:1000 pkg:android usage:13 not muted
12-26 22:50:23.289  1152  1152 D ActivityManager: Is background playback GK enabled: false Is background playback enabled for all apps: false
12-26 22:50:23.289  1152  1152 D ActivityManager: Is background playback GK enabled: false Is background playback enabled for all apps: false
12-26 22:50:23.290  1152  1152 D ActivityManager: Is background playback GK enabled: false Is background playback enabled for all apps: false
12-26 22:50:23.290   797 23942 D AF::TrackHandle: OpPlayAudio: track:77 uid:1000 pkg:android usage:13 not muted
12-26 22:50:23.290   797 20887 D AF::TrackHandle: OpPlayAudio: track:64 uid:1000 pkg:android usage:13 not muted
12-26 22:50:23.290  1152  1152 D ActivityManager: Is background playback GK enabled: false Is background playback enabled for all apps: false
12-26 22:50:23.290   797  4464 D AF::TrackHandle: OpPlayAudio: track:57 uid:10016 pkg:com.oculus.shellenv usage:1 muted
12-26 22:50:23.291   797  4464 D AF::TrackHandle: OpPlayAudio: track:77 uid:1000 pkg:android usage:13 not muted
12-26 22:50:23.291  1152  1152 D ActivityManager: Is background playback GK enabled: false Is background playback enabled for all apps: false
12-26 22:50:23.291   797 20887 D AF::TrackHandle: OpPlayAudio: track:64 uid:1000 pkg:android usage:13 not muted
12-26 22:50:23.291   797 23942 D AF::TrackHandle: OpPlayAudio: track:57 uid:10016 pkg:com.oculus.shellenv usage:1 muted
12-26 22:50:23.291  1152  1152 D ActivityManager: Is background playback GK enabled: false Is background playback enabled for all apps: false
12-26 22:50:23.291   797  4464 D AF::TrackHandle: OpPlayAudio: track:77 uid:1000 pkg:android usage:13 not muted
12-26 22:50:23.291   797 20887 D AF::TrackHandle: OpPlayAudio: track:64 uid:1000 pkg:android usage:13 not muted
12-26 22:50:23.292   797 23942 D AF::TrackHandle: OpPlayAudio: track:57 uid:10016 pkg:com.oculus.shellenv usage:1 muted
12-26 22:50:23.292  1152  1152 D ActivityManager: Is background playback GK enabled: false Is background playback enabled for all apps: false
12-26 22:50:23.292   797 20887 D AF::TrackHandle: OpPlayAudio: track:64 uid:1000 pkg:android usage:13 not muted
12-26 22:50:23.292   797  4464 D AF::TrackHandle: OpPlayAudio: track:77 uid:1000 pkg:android usage:13 not muted
12-26 22:50:23.292   797 20887 D AF::TrackHandle: OpPlayAudio: track:64 uid:1000 pkg:android usage:13 not muted
12-26 22:50:23.293   797 23942 D AF::TrackHandle: OpPlayAudio: track:57 uid:10016 pkg:com.oculus.shellenv usage:1 muted
12-26 22:50:23.293  4657  4657 D UE      : [GameActivity] Creating console command broadcast listener
12-26 22:50:23.294   787  1129 I CameraHalOculus: CameraHalLog:  vendor/oculus/camera/fastpath/camerahal/src/MonoCameraOculus.cpp:EnableCamera:116 Enabling MonoCamera 1
12-26 22:50:23.294  4657  4906 D UE      : LogAndroidEvents::EnqueueAppEvent : 9, [width=-1, height=-1], tid = 4906, APP_EVENT_STATE_ON_START
12-26 22:50:23.295  1152  1170 I DisplayDeviceRepository: Display device changed state: "Built-in Screen", ON
12-26 22:50:23.295   797 20887 D AF::TrackHandle: OpPlayAudio: track:77 uid:1000 pkg:android usage:13 not muted
12-26 22:50:23.296  1152  1170 I InputManager-JNI: Viewport [0] to add: local:4630946791093499009, isActive: true
12-26 22:50:23.296   797  4464 D AF::TrackHandle: OpPlayAudio: track:64 uid:1000 pkg:android usage:13 not muted
12-26 22:50:23.296  1152  1257 I InputReader: Reconfiguring input devices, changes=DISPLAY_INFO | 
12-26 22:50:23.298  1989 12692 W MediaProvider: Failed to fetch original file descriptor
12-26 22:50:23.298  1989 12692 W MediaProvider: java.io.FileNotFoundException: Input file descriptor is already original
12-26 22:50:23.298  1989 12692 W MediaProvider: 	at com.android.providers.media.MediaProvider.getOriginalMediaFormatFileDescriptor(MediaProvider.java:5756)
12-26 22:50:23.298  1989 12692 W MediaProvider: 	at com.android.providers.media.MediaProvider.openTypedAssetFileCommon(MediaProvider.java:7172)
12-26 22:50:23.298  1989 12692 W MediaProvider: 	at com.android.providers.media.MediaProvider.openTypedAssetFile(MediaProvider.java:7153)
12-26 22:50:23.298  1989 12692 W MediaProvider: 	at android.content.ContentProvider$Transport.openTypedAssetFile(ContentProvider.java:548)
12-26 22:50:23.298  1989 12692 W MediaProvider: 	at android.content.ContentProviderNative.onTransact(ContentProviderNative.java:327)
12-26 22:50:23.298  1989 12692 W MediaProvider: 	at android.os.Binder.execTransactInternal(Binder.java:1184)
12-26 22:50:23.298  1989 12692 W MediaProvider: 	at android.os.Binder.execTransact(Binder.java:1143)
12-26 22:50:23.300   797 20887 D AF::TrackHandle: OpPlayAudio: track:77 uid:1000 pkg:android usage:13 not muted
12-26 22:50:23.300  4657  4657 D UE      : [GameActivity] ==================================> Inside onStart function in GameActivity
12-26 22:50:23.290     0     0 I qcom,camera ac4f000.qcom,cci: qcom,cam-sensor1: Linked as a consumer to regulator.46
12-26 22:50:23.292     0     0 I qcom,camera ac4f000.qcom,cci: qcom,cam-sensor1: Linked as a consumer to regulator.7
12-26 22:50:23.292     0     0 I qcom,camera ac4f000.qcom,cci: qcom,cam-sensor1: Linked as a consumer to regulator.71
12-26 22:50:23.301  4657  4657 V UE      : [GameApp] App in foreground
12-26 22:50:23.301   797 23942 D AF::TrackHandle: OpPlayAudio: track:57 uid:10016 pkg:com.oculus.shellenv usage:1 muted
12-26 22:50:23.302  4657  4906 D UE      : Case APP_CMD_RESUME
12-26 22:50:23.302  4657  4906 D UE      : LogAndroidEvents::EnqueueAppEvent : 7, [width=-1, height=-1], tid = 4906, APP_EVENT_STATE_ON_RESUME
12-26 22:50:23.302  4657  4906 D UE      : LogAndroidEvents::EnqueueAppEvent : 11, [width=-1, height=-1], tid = 4906, APP_EVENT_STATE_WINDOW_GAINED_FOCUS
12-26 22:50:23.302  4657  4657 D UE      : [GameActivity] onResume: start memory reporter runnable
12-26 22:50:23.302  4657  4657 D UE      : [GameActivity] === Restoring Transparent Bars ===
12-26 22:50:23.302  4657  4657 D UE      : [GameActivity] ==============> [JAVA] AndroidThunkJava_KeepScreenOn(false) - Enabled screen saver
12-26 22:50:23.302   889  2929 D NuPlayerDriver: NuPlayerDriver(0xe8660640) created, clientPid(1152)
12-26 22:50:23.302   797 23942 D AF::TrackHandle: OpPlayAudio: track:57 uid:10016 pkg:com.oculus.shellenv usage:1 muted
12-26 22:50:23.302  4657  4657 D UE      : [GameActivity] ==============> [JAVA] AndroidThunkJava_DisableScreenCapture(false) - Enabled screen captures
12-26 22:50:23.302  4657  4657 D UE      : [GameActivity] Registering sensor listeners
12-26 22:50:23.302  4657  4657 D UE      : App is running in Landscape
12-26 22:50:23.302  4657  4657 D UE      : AndroidPropagateAlpha =  0
12-26 22:50:23.302  4657  4657 D UE      : [GameActivity] === Restoring Transparent Bars ===
12-26 22:50:23.302  4657  4657 D UE      : [GameActivity] ==============> Resuming main init
12-26 22:50:23.302  4657  4657 D UE      : [GameActivity] ==============> GameActive.onResume complete!
12-26 22:50:23.304  1152  1814 I Telecom : CallAudioRouteStateMachine: Message received: MUTE_EXTERNALLY_CHANGED=3004, arg1=0: CARSM.mCR->CARSM.pM_MUTE_EXTERNALLY_CHANGED@ANg
12-26 22:50:23.304  1152  1814 I Telecom : QuiescentSpeakerRoute: Processing message MUTE_EXTERNALLY_CHANGED: CARSM.mCR->CARSM.pM_MUTE_EXTERNALLY_CHANGED@ANg
12-26 22:50:23.305  1152  1152 E SensorManager: sensor or listener is null
12-26 22:50:23.312   889  5068 D GenericSource: FileSource remote
12-26 22:50:23.313   777   777 D audio_hw_primary: adev_set_parameters: enter: screen_state=on
12-26 22:50:23.320   787  1129 I CameraHalOculus: CameraHalLog:  vendor/oculus/camera/fastpath/camerahal/src/MonoCameraOculus.cpp:EnableCamera:116 Enabling MonoCamera 2
12-26 22:50:23.322   889  5067 I GenericSource: start
12-26 22:50:23.323   897  1193 I PerfStream: BatteryStatsStates::activeStartEvent()
12-26 22:50:23.324  2875  2875 I VrRuntimeService: nativeScreenStateChanged to on
12-26 22:50:23.324  2875  2875 I VrRuntimeService: Service entering RUNNING Mode
12-26 22:50:23.324  2875  2875 I VrRuntimeService: Resetting vsync state
12-26 22:50:23.324  2202  2202 D [SEO] BaseOverlayService: screenStateReceiver Received broadcast: com.oculus.intent.action.MOUNT_STATE_CHANGED
12-26 22:50:23.324  2202  2202 D [SEO] BaseOverlayService: onMountStateChanged: true
12-26 22:50:23.324 28792 28792 D [SUI] SystemUXBroadcastReceiver: action: com.oculus.intent.action.MOUNT_STATE_CHANGED
12-26 22:50:23.324  2875  2875 I VrRuntimeServer: RuntimeServer: Resuming operation
12-26 22:50:23.324  2875  2875 I TelemetryServer: StartTelemetryServer start
12-26 22:50:23.324  2875  2875 I TelemetryServer: StartTelemetryServer end - 0.08ms
12-26 22:50:23.316     0     0 I qcom,camera ac50000.qcom,cci: qcom,cam-sensor2: Linked as a consumer to regulator.46
12-26 22:50:23.317     0     0 I init    : processing action (ro.vendor.drm.irq=* && sys.hmt.mounted=1) from (/vendor/etc/init/hw/init.hollywood.rc:104)
12-26 22:50:23.317     0     0 I init    : processing action (sys.hmt.mounted=1) from (/vendor/etc/init/hw/init.hollywood.rc:107)
12-26 22:50:23.317     0     0 I init    : processing action (sys.hmt.mounted=1) from (/vendor/etc/init/hw/init.kona.rc:400)
12-26 22:50:23.318     0     0 E FG      : fg_psy_get_property: unsupported property 4
12-26 22:50:23.318     0     0 I qcom,camera ac50000.qcom,cci: qcom,cam-sensor2: Linked as a consumer to regulator.7
12-26 22:50:23.318     0     0 I qcom,camera ac50000.qcom,cci: qcom,cam-sensor2: Linked as a consumer to regulator.71
12-26 22:50:23.326  2875  2875 W Distortion: Invalid headset type.  Configuring default Quest 1 distortion
12-26 22:50:23.326  2875  2875 I Distortion: SetLensPositions - iad=0.0635, left offset=-0.002986,-0.00272, right offset=0.002986,-0.00272
12-26 22:50:23.326  2875  2875 W Distortion: Invalid headset type.  Configuring default Quest 1 distortion
12-26 22:50:23.326  2875  2875 I Distortion: SetLensPositions - iad=0.0635, left offset=-0.002986,-0.00272, right offset=0.002986,-0.00272
12-26 22:50:23.326  2875  2875 I CompositorVR: ---------------- CompositorVR() ----------------
12-26 22:50:23.326  2875  2875 W BystanderAwarenessIndicatorController: Bystander Awareness Indicator feature is not supported on this device.
12-26 22:50:23.326  2875  2875 I CompositorVR: No Bystander Awareness Indicator controller.
12-26 22:50:23.326  3265  3265 V MetaCam (DeviceLifecycleManager): Mount state changed: isMounted = true
12-26 22:50:23.326  3265  3265 D MetaCamNative (device_lifecycle_observer): OnDeviceMountedStateChange(is_mounted = 1)
12-26 22:50:23.326  2802  2802 D [OAO] BaseOverlayService: screenStateReceiver Received broadcast: com.oculus.intent.action.MOUNT_STATE_CHANGED
12-26 22:50:23.326  2802  2802 D [OAO] BaseOverlayService: onMountStateChanged: true
12-26 22:50:23.326  2802  2802 I [OAO] ShellApplicationJNI: NativeSendOverlayCommand
12-26 22:50:23.327  2802  2802 I [OAO] ShellOverlayMain: WakeVrThread - notifying vr thread
12-26 22:50:23.327  3265  5477 D MetaCam (EventBus): Publish the event MountStateEvent
12-26 22:50:23.327  2802  3044 I [OAO] ShellAppBase: WaitForWake: VrThread woke up
12-26 22:50:23.327  2802  3044 I [OAO] ShellAppBase: 0x74db1342f8 msg: overlayCommand:
12-26 22:50:23.327  2802  3044 I [OAO] ShellAppBase: command = mountStateChanged
12-26 22:50:23.327  2802  3044 I [OAO] ShellAppBase: state = 1
12-26 22:50:23.327  2802  3044 I [OAO] ShellAppBase: Process_OverlayCommand command : mountStateChanged
12-26 22:50:23.327  2802  3044 I [OAO] ShellAppBase: mountStateChanged message received
12-26 22:50:23.327  2802  3044 D [OAO] ShellApplication: ShellApplication isDeviceLocked
12-26 22:50:23.327  2078  2078 W VRLifecycleManager: onHeadsetMounted
12-26 22:50:23.328  2875  2875 I CompositorVR: AbuseReportCaptureEnabled=0
12-26 22:50:23.328  2875  2875 I CompositorVR: ForceChroma on
12-26 22:50:23.328  2875  2875 I CompositorVR: CheckDebuggerConnected: debugger 0
12-26 22:50:23.328  2875  2875 I CompositorVR: warpMeshClipMode = 1
12-26 22:50:23.328  2875  2875 I CompositorVR: colorScale: 1.000000 1.000000 1.000000
12-26 22:50:23.328   889  5075 D CCodec  : allocate(c2.android.vorbis.decoder)
12-26 22:50:23.328  2802  3044 D DeviceHelper: isDeviceLocked = false
12-26 22:50:23.328  2802  3044 I [OAO] ShellFrameHelpers: ResolveDeviceState: checking device lock status : 0
12-26 22:50:23.328  2802  3044 I [OAO] ShellAppBase: ResolveDeviceState: change from Sleep to Awake
12-26 22:50:23.328  2802  3044 I [OAO] ShellAppBase: ResolveDeviceState: isWakingOrUnlockingIntoWake : 1
12-26 22:50:23.328  2802  3044 I [OAO] ShellAppBase: ResolveDeviceState: interactionState : Rendering
12-26 22:50:23.328  2875  2875 W CompositorVR: GetNightShiftWhitePoint: night_shift_activated is not set
12-26 22:50:23.328  2802  3044 I [OAO] ShellOverlayApp: EnterVrMode
12-26 22:50:23.328  2802  3044 I [OAO] VrPlatformOpenXr: Setting clock levels to cpu=2, gpu=4
12-26 22:50:23.328  2802  3044 I [OAO] VrPlatformOpenXr: Setting perf thread tids to main=3044, render=unset
12-26 22:50:23.328  2802  3044 I OpenXR  : ------------ xrBeginSession [start] -----------
12-26 22:50:23.328  2802  3044 I VrApi   : OVR::Stats thread Resume
12-26 22:50:23.328  2802  3044 I VrRuntimeClient: Tracing is disabled
12-26 22:50:23.328  2802  3044 I VrRuntimeClient: SysProp debug mode is disabled on Client side
12-26 22:50:23.328  2802  3044 I DRR     : Discrete Render Rotation is disabled
12-26 22:50:23.329  2875  2875 I Vsync   : ---------------- Vsync::Init ----------------
12-26 22:50:23.329  2875  2875 I Vsync   : Adjusting vsync display refresh rate 72.000000 -> 72.000000
12-26 22:50:23.331   889  5075 I CCodec  : setting up 'default' as default (vendor) store
12-26 22:50:23.331   848   894 I libdisplayconfigqti: Register client name: vendor.oculus.hardware.graphics.composer953 device client: 0xb400007dfc5660c0
12-26 22:50:23.331   916 26456 V C2Store : in init
12-26 22:50:23.331   916 26456 V C2Store : loading dll
12-26 22:50:23.332  2802  3044 I VrRuntimeClient: DEVICE MODEL NUMBER = Quest 2
12-26 22:50:23.332  2802  3044 I VrRuntimeClient: DEVICE BUILD NAME = SQ3A.220605.009.A1
12-26 22:50:23.332  2802  3044 I VrRuntimeClient: DEVICE BUILD TYPE = user
12-26 22:50:23.332  2802  3044 I VrRuntimeClient: DEVICE OS VERSION = 12
12-26 22:50:23.332  2802  3044 I VrRuntimeClient: API LOADER VERSION = 1.0.29
12-26 22:50:23.332  2802  3044 I VrRuntimeClient: RUNTIME API VERSION = 1.0.29
12-26 22:50:23.332  2802  3044 I VrRuntimeClient: RUNTIME VERSION = 59.0.0.172.706 Nov  6 2023 00:25:46 RELEASE
12-26 22:50:23.333  2802  3044 I VrRuntimeClient: APP NAME = Oculus App Runtime
12-26 22:50:23.333  2802  3044 I VrRuntimeClient: APP VERSION = 59.0.0.172.706 versionCode 535797236 internalVersionName 59.0.0.172.706.64ce586c41bc 2023_11_09_18_27
12-26 22:50:23.333  2802  3044 I VrRuntimeClient: APP VR TYPE = vr_only
12-26 22:50:23.333  2802  3044 I VrRuntimeClient: APP MODE TYPE = VR
12-26 22:50:23.333  2802  3044 I VrRuntimeClient: APP PACKAGE NAME = com.oculus.vrshell
12-26 22:50:23.333  2802  3044 I VrRuntimeClient: APP ACTIVITY CLASS = com.oculus.vrshell.ShellApplication
12-26 22:50:23.333  2802  3044 I Sensor  : OSSDKTRACKING Initializing head tracking
12-26 22:50:23.333  2802  3044 D OsSdk   : TrackingServiceConnection ctor
12-26 22:50:23.333  2802  3044 I Sensor  : OSSDKTRACKING Head tracker != nullpointer 0x74fd20e198, 1
12-26 22:50:23.333  2802  3044 I Sensor  : OSSDKTRACKING Initializing controller tracking
12-26 22:50:23.333  2802  3044 I Sensor  : OSSDKTRACKING Controller tracker != nullpointer 0x74a0817db0, 1
12-26 22:50:23.334   889  5075 I CCodec  : Created component [c2.android.vorbis.decoder]
12-26 22:50:23.335   889  5075 D CCodecConfig: read media type: audio/vorbis
12-26 22:50:23.337   889  5075 D ReflectedParamUpdater: extent() != 1 for single value type: algo.buffers.max-count.values
12-26 22:50:23.338   889  5075 D ReflectedParamUpdater: extent() != 1 for single value type: output.subscribed-indices.values
12-26 22:50:23.338   889  5075 D ReflectedParamUpdater: extent() != 1 for single value type: input.buffers.allocator-ids.values
12-26 22:50:23.338   889  5075 D ReflectedParamUpdater: extent() != 1 for single value type: output.buffers.allocator-ids.values
12-26 22:50:23.338   889  5075 D ReflectedParamUpdater: extent() != 1 for single value type: algo.buffers.allocator-ids.values
12-26 22:50:23.338   889  5075 D ReflectedParamUpdater: extent() != 1 for single value type: output.buffers.pool-ids.values
12-26 22:50:23.325     0     0 W healthd : battery l=100 v=4398 t=27.7 h=2 st=4 c=185546 fc=3749000 cc=3 chg=u
12-26 22:50:23.332     0     0 W healthd : battery l=100 v=4398 t=27.7 h=2 st=4 c=185546 fc=3749000 cc=3 chg=u
12-26 22:50:23.339   889  5075 D ReflectedParamUpdater: extent() != 1 for single value type: algo.buffers.pool-ids.values
12-26 22:50:23.341   889  5075 I CCodecConfig: query failed after returning 7 values (BAD_INDEX)
12-26 22:50:23.341   889  5075 D CCodecConfig: c2 config diff is Dict {
12-26 22:50:23.341   889  5075 D CCodecConfig:   c2::u32 coded.bitrate.value = 64000
12-26 22:50:23.341   889  5075 D CCodecConfig:   c2::u32 input.buffers.max-size.value = 32768
12-26 22:50:23.341   889  5075 D CCodecConfig:   c2::u32 input.delay.value = 0
12-26 22:50:23.341   889  5075 D CCodecConfig:   string input.media-type.value = "audio/vorbis"
12-26 22:50:23.341   889  5075 D CCodecConfig:   string output.media-type.value = "audio/raw"
12-26 22:50:23.341   889  5075 D CCodecConfig:   c2::u32 raw.channel-count.value = 1
12-26 22:50:23.341   889  5075 D CCodecConfig:   c2::u32 raw.sample-rate.value = 48000
12-26 22:50:23.341   889  5075 D CCodecConfig: }
12-26 22:50:23.343   889  5075 D MediaCodec: flushMediametrics
12-26 22:50:23.343   889  5075 W mediametrics::Item: selfrecord: failed to record: {codec, (01-01 05:00:00.000), (, -1, -1), (android.media.mediacodec.codec=c2.android.vorbis.decoder, android.media.mediacodec.lifetimeMs=15, android.media.mediacodec.low-latency.first-frame=-1, android.media.mediacodec.low-latency.off=0, android.media.mediacodec.low-latency.on=0, android.media.mediacodec.mode=audio, android.media.mediacodec.secure=0)}
12-26 22:50:23.343   889  5075 D CCodec  : [c2.android.vorbis.decoder] buffers are bound to CCodec for this session
12-26 22:50:23.343   889  5075 D CCodecConfig: no c2 equivalents for durationUs
12-26 22:50:23.343   889  5075 D CCodecConfig: no c2 equivalents for csd-1
12-26 22:50:23.343   889  5075 D CCodecConfig: no c2 equivalents for channel-mask
12-26 22:50:23.343   889  5075 D CCodecConfig: no c2 equivalents for flags
12-26 22:50:23.344   889  5075 D CCodecConfig: c2 config diff is   c2::u32 coded.bitrate.value = 128000
12-26 22:50:23.344   889  5075 D CCodecConfig:   c2::u32 raw.channel-count.value = 2
12-26 22:50:23.345   889  5075 W Codec2Client: query -- param skipped: index = 1107298332.
12-26 22:50:23.345   889  5075 D CCodec  : setup formats input: AMessage(what = 0x00000000) = {
12-26 22:50:23.345   889  5075 D CCodec  :   int32_t bitrate = 128000
12-26 22:50:23.345   889  5075 D CCodec  :   int32_t channel-count = 2
12-26 22:50:23.345   889  5075 D CCodec  :   int32_t max-input-size = 32768
12-26 22:50:23.345   889  5075 D CCodec  :   string mime = "audio/vorbis"
12-26 22:50:23.345   889  5075 D CCodec  :   int32_t sample-rate = 48000
12-26 22:50:23.345   889  5075 D CCodec  : }
12-26 22:50:23.345   889  5075 D CCodec  : setup formats output: AMessage(what = 0x00000000) = {
12-26 22:50:23.345   889  5075 D CCodec  :   int32_t channel-count = 2
12-26 22:50:23.345   889  5075 D CCodec  :   string mime = "audio/raw"
12-26 22:50:23.345   889  5075 D CCodec  :   int32_t sample-rate = 48000
12-26 22:50:23.345   889  5075 D CCodec  :   int32_t channel-mask = 3
12-26 22:50:23.345   889  5075 D CCodec  : }
12-26 22:50:23.345   889  5075 I CCodecConfig: query failed after returning 7 values (BAD_INDEX)
12-26 22:50:23.346   889  5075 I MediaCodec: MediaCodec will operate in async mode
12-26 22:50:23.346   889  5073 D MediaCodec: keep callback message for reclaim
12-26 22:50:23.346   787  1129 I CameraHalOculus: CameraHalLog:  vendor/oculus/camera/fastpath/camerahal/src/MonoCameraOculus.cpp:EnableCamera:116 Enabling MonoCamera 3
12-26 22:50:23.346   889  5075 W Codec2Client: query -- param skipped: index = 1342179345.
12-26 22:50:23.346   889  5075 W Codec2Client: query -- param skipped: index = 2415921170.
12-26 22:50:23.347   889  5075 D CCodecBufferChannel: [c2.android.vorbis.decoder#405] Created input block pool with allocatorID 16 => poolID 53 - OK (0)
12-26 22:50:23.348   916 31476 D BufferPoolAccessor2.0: bufferpool2 0xb400007d1946d228 : 0(0 size) total buffers - 0(0 size) used buffers - 10/13 (recycle/alloc) - 3/12 (fetch/transfer)
12-26 22:50:23.348   916 31476 D BufferPoolAccessor2.0: Destruction - bufferpool2 0xb400007d1946d228 cached: 0/0M, 0/0% in use; allocs: 13, 77% recycled; transfers: 12, 75% unfetched
12-26 22:50:23.349   889  1641 D BufferPoolAccessor2.0: bufferpool2 0xe86567d8 : 0(0 size) total buffers - 0(0 size) used buffers - 10/18 (recycle/alloc) - 8/30 (fetch/transfer)
12-26 22:50:23.349   889  5075 I CCodecBufferChannel: [c2.android.vorbis.decoder#405] Created output block pool with allocatorID 16 => poolID 313 - OK
12-26 22:50:23.349   889  1641 D BufferPoolAccessor2.0: Destruction - bufferpool2 0xe86567d8 cached: 0/0M, 0/0% in use; allocs: 18, 56% recycled; transfers: 30, 73% unfetched
12-26 22:50:23.349   889  5075 D CCodecBufferChannel: [c2.android.vorbis.decoder#405] Configured output block pool ids 313 => OK
12-26 22:50:23.350   916  5078 D SimpleC2Component: Using output block pool with poolID 313 => got 313 - 0
12-26 22:50:23.338     0     0 W healthd : battery l=100 v=4398 t=27.7 h=2 st=4 c=185546 fc=3749000 cc=3 chg=u
12-26 22:50:23.341     0     0 W healthd : battery l=100 v=4398 t=27.7 h=2 st=4 c=185546 fc=3749000 cc=3 chg=u
12-26 22:50:23.343     0     0 I qcom,camera ac50000.qcom,cci: qcom,cam-sensor3: Linked as a consumer to regulator.46
12-26 22:50:23.359   797 23942 D AudioFlinger: Client defaulted notificationFrames to 12000 for frameCount 24000
12-26 22:50:23.360   797 23942 D AF::TrackHandle: OpPlayAudio: not muting track:265 flags 0x840 have FLAG_BYPASS_INTERRUPTION_POLICY
12-26 22:50:23.345     0     0 I qcom,camera ac50000.qcom,cci: qcom,cam-sensor3: Linked as a consumer to regulator.7
12-26 22:50:23.345     0     0 I qcom,camera ac50000.qcom,cci: qcom,cam-sensor3: Linked as a consumer to regulator.71
12-26 22:50:23.362   777  1650 D audio_hw_primary: start_output_stream: enter: stream(0xf6dbc000)usecase(1: low-latency-playback) devices(0x2) is_haptic_usecase(0)
12-26 22:50:23.362   777  1650 D audio_hw_primary: select_devices for use case (low-latency-playback)
12-26 22:50:23.362   777  1650 I msm8974_platform: platform_check_and_set_codec_backend_cfg:becf: afe: bitwidth 16, samplerate 48000 channels 2, backend_idx 0 usecase = 1 device (speaker)
12-26 22:50:23.362   777  1650 D msm8974_platform: platform_split_snd_device: snd_device(2) num devices(1) new_snd_devices(0)
12-26 22:50:23.362   777  1650 I msm8974_platform: platform_check_and_set_codec_backend_cfg: new_snd_devices[0] is 2
12-26 22:50:23.362   777  1650 I msm8974_platform: platform_check_codec_backend_cfg:becf: afe: bitwidth 16, samplerate 48000 channels 2, backend_idx 0 usecase = 1 device (speaker)
12-26 22:50:23.363   777  1650 D audio_hw_extn: audio_extn_enable_hifi_filter: mixer_value set 0
12-26 22:50:23.363   777  1650 D msm8974_platform: platform_check_codec_backend_cfg:becf: updated afe: bitwidth 16, samplerate 48000 channels 2,backend_idx 0 usecase = 1 device (speaker)
12-26 22:50:23.363   777  1650 D msm8974_platform: platform_check_codec_backend_cfg:becf: afe: playback on codec device not supporting native playback set default Sample Rate(48k)
12-26 22:50:23.363   777  1650 I msm8974_platform: platform_check_codec_backend_cfg:becf: afe: Codec selected backend: 0 updated bit width: 16 and sample rate: 48000
12-26 22:50:23.363   777  1650 D audio_hw_primary: check_usecases_codec_backend:becf: force routing 0
12-26 22:50:23.363   777  1650 E msm8974_platform: platform_check_backends_match: Invalid snd_device = 
12-26 22:50:23.363   777  1650 D audio_hw_primary: check_usecases_codec_backend:becf: (78) check_usecases curr device: speaker, usecase device: backends match 0
12-26 22:50:23.363   777  1650 D audio_hw_primary: check_usecases_codec_backend:becf: check_usecases num.of Usecases to switch 0
12-26 22:50:23.363   777  1650 D hardware_info: hw_info_append_hw_type : device_name = speaker
12-26 22:50:23.363   777  1650 D msm8974_platform: platform_split_snd_device: snd_device(2) num devices(0) new_snd_devices(0)
12-26 22:50:23.363   777  1650 D audio_hw_primary: enable_snd_device: snd_device(2: speaker)
12-26 22:50:23.363   777  1650 D msm8974_platform: platform_get_island_cfg_on_device:island cfg status on snd_device = (speaker 0)
12-26 22:50:23.363   777  1650 D audio_route: Apply path: speaker
12-26 22:50:23.369   889  5075 D CCodecBufferChannel: [c2.android.vorbis.decoder#405] buffers after EOS ignored (0 us)
12-26 22:50:23.369   777  1650 I audio_hw_utils: audio_extn_utils_update_stream_output_app_type_cfg Allowing 24 and above bits playback on speaker ONLY at default sampling rate
12-26 22:50:23.369   777  1650 D audio_hw_utils: audio_extn_utils_send_app_type_cfg: usecase->out_snd_device speaker
12-26 22:50:23.369   777  1650 D msm8974_platform: platform_split_snd_device: snd_device(2) num devices(0) new_snd_devices(0)
12-26 22:50:23.369   777  1650 D audio_hw_utils: audio_extn_btsco_get_sample_rate:Not a BT SCO device, need not update sampling rate
12-26 22:50:23.369   777  1650 I audio_hw_utils: send_app_type_cfg_for_device PLAYBACK app_type 69943, acdb_dev_id 15, sample_rate 48000, snd_device_be_idx 43
12-26 22:50:23.369   777  1650 D msm8974_platform: platform_split_snd_device: snd_device(2) num devices(1) new_snd_devices(0)
12-26 22:50:23.369   777  1650 D audio_hw_utils: audio_extn_btsco_get_sample_rate:Not a BT SCO device, need not update sampling rate
12-26 22:50:23.369   777  1650 D ACDB-LOADER: ACDB -> send_audio_cal, acdb_id = 15, path = 0, app id = 0x11137, sample rate = 48000, afe_sample_rate = 48000
12-26 22:50:23.369   777  1650 D ACDB-LOADER: ACDB -> send_asm_topology
12-26 22:50:23.369   777  1650 D ACDB-LOADER: ACDB -> ACDB_CMD_GET_AUDPROC_STREAM_TOPOLOGY_ID
12-26 22:50:23.369   777  1650 D ACDB-LOADER: ACDB -> send_adm_topology
12-26 22:50:23.369   777  1650 D ACDB-LOADER: ACDB -> ACDB_CMD_GET_AUDPROC_COMMON_TOPOLOGY_ID
12-26 22:50:23.369   777  1650 D ACDB-LOADER: ACDB -> send_audtable
12-26 22:50:23.369   777  1650 D ACDB-LOADER: ACDB -> ACDB_CMD_GET_AUDPROC_INSTANCE_COMMON_TABLE_SIZE
12-26 22:50:23.369   777  1650 D ACDB-LOADER: ACDB -> ACDB_CMD_GET_AUDPROC_INSTANCE_COMMON_TABLE
12-26 22:50:23.369   777  1650 D ACDB-LOADER: ACDB -> AUDIO_SET_AUDPROC_CAL cal_type[11] acdb_id[15] app_type[69943]
12-26 22:50:23.369   777  1650 D ACDB-LOADER: ACDB -> send_audvoltable
12-26 22:50:23.369   777  1650 D ACDB-LOADER: ACDB -> ACDB_CMD_GET_AUDPROC_INSTANCE_GAIN_DEP_STEP_TABLE_SIZE
12-26 22:50:23.369   777  1650 D android.hardware.audio.service: Failed to fetch the lookup information of the device 0000000F 
12-26 22:50:23.369   777  1650 D ACDB-LOADER: Error: ACDB_CMD_GET_AUDPROC_INSTANCE_GAIN_DEP_STEP_TABLE_SIZE Returned = -19
12-26 22:50:23.369   777  1650 D ACDB-LOADER: ACDB -> ACDB_CMD_GET_AUDPROC_INSTANCE_GAIN_DEP_STEP_TABLE, vol index 0
12-26 22:50:23.369   777  1650 D android.hardware.audio.service: Failed to fetch the lookup information of the device 0000000F 
12-26 22:50:23.369   777  1650 D ACDB-LOADER: Error: ACDB AudProc vol returned = -19
12-26 22:50:23.358     0     0 I cm710x 1-002c: cm710x_playback_in_enum_ext_get select PlaybackFrom = 1
12-26 22:50:23.369   777  1650 D ACDB-LOADER: ACDB -> AUDIO_SET_VOL_CAL cal type = 12
12-26 22:50:23.369   777  1650 D ACDB-LOADER: ACDB -> ACDB_CMD_GET_AUDPROC_INSTANCE_STREAM_TABLE_SIZE
12-26 22:50:23.369   777  1650 D ACDB-LOADER: ACDB -> send_audstrmtable
12-26 22:50:23.369   777  1650 D ACDB-LOADER: ACDB -> ACDB_CMD_GET_AUDPROC_INSTANCE_STREAM_TABLE
12-26 22:50:23.369   777  1650 D ACDB-LOADER: ACDB -> audstrm_cal->cal_type.cal_data.cal_size = 20
12-26 22:50:23.369   777  1650 D ACDB-LOADER: ACDB -> send_afe_topology
12-26 22:50:23.369   777  1650 D ACDB-LOADER: ACDB -> ACDB_CMD_GET_AFE_TOPOLOGY_ID
12-26 22:50:23.369   777  1650 D ACDB-LOADER: ACDB -> GET_AFE_TOPOLOGY_ID for adcd_id 15, Topology Id 112fc
12-26 22:50:23.369   777  1650 D ACDB-LOADER: ACDB -> send_afe_cal
12-26 22:50:23.369   777  1650 D ACDB-LOADER: ACDB -> ACDB_CMD_GET_AFE_INSTANCE_COMMON_TABLE_SIZE
12-26 22:50:23.369   777  1650 D android.hardware.audio.service: Failed to fetch the lookup information of the device 0000000F 
12-26 22:50:23.369   777  1650 D ACDB-LOADER: Error: ACDB_CMD_GET_AFE_INSTANCE_COMMON_TABLE_SIZE Returned = -19
12-26 22:50:23.369   777  1650 D ACDB-LOADER: ACDB -> ACDB_CMD_GET_AFE_INSTANCE_COMMON_TABLE
12-26 22:50:23.369   777  1650 D android.hardware.audio.service: Failed to fetch the lookup information of the device 0000000F 
12-26 22:50:23.369   777  1650 D ACDB-LOADER: Error: ACDB AFE returned = -19
12-26 22:50:23.369   777  1650 D ACDB-LOADER: ACDB -> AUDIO_SET_AFE_CAL cal_type[16] acdb_id[15]
12-26 22:50:23.369   777  1650 D ACDB-LOADER: ACDB -> send_hw_delay : acdb_id = 15 path = 0
12-26 22:50:23.369   777  1650 D ACDB-LOADER: ACDB -> ACDB_AVSYNC_INFO: ACDB_CMD_GET_DEVICE_PROPERTY
12-26 22:50:23.369   777  1650 D msm8974_platform: platform_split_snd_device: snd_device(2) num devices(0) new_snd_devices(0)
12-26 22:50:23.369   777  1650 I msm8974_platform: platform_get_custom_mtmx_params: no matching param with id 0 ip_ch 2 op_ch 2 uc_id 1 snd_dev 2
12-26 22:50:23.369   777  1650 D audio_hw_primary: enable_audio_route: apply mixer and update path: low-latency-playback
12-26 22:50:23.369   777  1650 D audio_route: Apply path: low-latency-playback
12-26 22:50:23.369   889  5070 D AudioTrack: stop(244): called with 11233 frames delivered
12-26 22:50:23.370   777  1650 D audio_hw_primary: select_devices: done
12-26 22:50:23.372  3141  3190 I GuardianPassthroughMgr: GuardianPassthroughMgr::UpdateTransition - Guardian driven passthrough animation enabled
12-26 22:50:23.373   787  1129 D SensorService: SyncbossEventHandler: Enabling sensor HMD_FSIN
12-26 22:50:23.373  3141  3190 I StateMachine: StateMachine::HandleEvent GuardianInitialization: mountEvent -> MountedTransition_Black
12-26 22:50:23.373   787  1129 D SensorService: SyncbossEventHandler: Active sensors: synthetic[EXTERNAL_TIMING,ZAP] non-synth[HMD_MAG,HMD_IMU,HMD_FSIN,PULSAR]
12-26 22:50:23.373  3141  3190 I StateMachine: StateMachine::HandleEvent HmdMovementTelemetry: hmdTelemetryMountEvent -> HmdTelemetry_Mounted
12-26 22:50:23.373   787  1129 D SensorService: SyncbossEventHandler: acquiring session; approx # alive: 4
12-26 22:50:23.373   787  3694 E SensorService: No syncboss_data_type_hmd_disp event received since 76253ms ago
12-26 22:50:23.373  3141  3190 I GuardianTelemetry: [ovrStatsThreadGuardian::SendGuardianStateChangeTelemetry] Sending state change event DON, dialog 
12-26 22:50:23.373  3141  3190 I Deque   : AddEventToQueue called. eventInfo.type: 1000101000, eventInfo.next: 1
12-26 22:50:23.373  3141  3190 E [CT]    : SpatialAnchorPipeline: [Throttled count=4] checkStateNotEq: handleXrEvent Called in an invalid state. IDLE
12-26 22:50:23.376   603   628 I SyncBossFW: 72237149 [info   ] {APPI}: Stopping camera streaming
12-26 22:50:23.368     0     0 I __afe_port_start: port id: 0x1000
12-26 22:50:23.368     0     0 I afe_find_cal_topo_id_by_port: port id: 0x1000, dev_acdb_id: 15
12-26 22:50:23.368     0     0 I afe_find_cal_topo_id_by_port: top_id:112fc acdb_id:15 afe_port_id:0x1000
12-26 22:50:23.368     0     0 I afe_get_cal_topology_id: port_id = 0x1000 acdb_id = 15 topology_id = 0x112fc cal_type_index=8 ret=0
12-26 22:50:23.368     0     0 I afe_send_port_topology_id: AFE set topology id 0x112fc  enable for port 0x1000 ret 0
12-26 22:50:23.368     0     0 I send_afe_cal_type: cal_index is 0
12-26 22:50:23.368     0     0 I send_afe_cal_type: dev_acdb_id[40] is 15
12-26 22:50:23.368     0     0 I afe_find_cal: cal_index 0 port_id 0x1000 port_index 40
12-26 22:50:23.368     0     0 I afe_find_cal: acdb_id 15 dev_acdb_id 15 sample_rate 48000 afe_sample_rates 48000
12-26 22:50:23.368     0     0 I afe_find_cal: cal block is a match, size is 0
12-26 22:50:23.368     0     0 I send_afe_cal_type: Sending cal_index cal 0
12-26 22:50:23.368     0     0 E send_afe_cal_type: No cal sent for cal_index 0, port_id = 0x1000! ret -22
12-26 22:50:23.368     0     0 I afe_send_hw_delay: port_id 0x1000 rate 48000 delay_usec 474 status 0
12-26 22:50:23.393   777  1650 D msm8974_platform: platform_set_channel_map mixer_ctl_name:Playback Channel Map9
12-26 22:50:23.393   777  1650 D msm8974_platform: platform_set_channel_map: set mapping(1 2 0 0 0 0 0 0) for channel:2
12-26 22:50:23.393   777  1650 D audio_hw_primary: start_output_stream: exit
12-26 22:50:23.393   777  1650 D audio_hw_primary: out_write: retry previous failed cal level set
12-26 22:50:23.393   777  1650 D msm8974_platform: platform_split_snd_device: snd_device(2) num devices(1) new_snd_devices(0)
12-26 22:50:23.426   603   628 I SyncBossFW: 72237198 [info   ] {BCAM}: OV7251 sensors found - 0xf
12-26 22:50:23.455   603   628 I SyncBossFW: 72237228 [info   ] {APPI}: Camera probe, found: 0xf
12-26 22:50:23.469   787  1129 I DiceCameraSystem: Set cameras to 10 bpp (format 0x00000007)
12-26 22:50:23.473   787  1129 I libsensorscommon: [HEADSET FSC] started at 73026.93
12-26 22:50:23.473   787  1045 I SyncBossHAL: [info   ] pulsar_manager.c(969): Setting controller LED config to period: 40000us, on-time: 34us, delay: -17us
12-26 22:50:23.473   787  1129 I CameraHalOculus: CameraHalLog:  vendor/oculus/camera/fastpath/camerahal/src/MonoCameraOculus.cpp:StartCamera:177 Starting MonoCamera 0
12-26 22:50:23.483   787  1129 I CameraHalOculus: CameraHalLog:  vendor/oculus/camera/fastpath/camerahal/src/MonoCameraOculus.cpp:StartCamera:177 Starting MonoCamera 1
12-26 22:50:23.492   787  1129 I CameraHalOculus: CameraHalLog:  vendor/oculus/camera/fastpath/camerahal/src/MonoCameraOculus.cpp:StartCamera:177 Starting MonoCamera 2
12-26 22:50:23.501   787  1129 I CameraHalOculus: CameraHalLog:  vendor/oculus/camera/fastpath/camerahal/src/MonoCameraOculus.cpp:StartCamera:177 Starting MonoCamera 3
12-26 22:50:23.514   787  1129 D CameraStream: Client 945: Finished StreamControl: 0
12-26 22:50:23.514   945  1105 I Tracking: InsideOutTrackingCapabilityTranslation: onResume
12-26 22:50:23.514   945  1105 I Tracking: TELEMETRY_COLLECTOR: Starting periodic telemetry polling...
12-26 22:50:23.515   945  1105 I Tracking: VIPER:TELEMETRY: Calcated needed IMU telemetry buffer size as 640 measurements.
12-26 22:50:23.517   945  1423 I Tracking: BackendReplayKpiLogger: No valid transforms found for context d9682588-8a69-e42d-0142-b878a1341dd1.  Cannot calculate bound box and volume
12-26 22:50:23.520   603   628 I SyncBossFW: 72237291 [info   ] {APPI}: Starting camera streaming
12-26 22:50:23.520   603   628 I SyncBossFW: 72237292 [info   ] {BCAM}: Camera streaming started
12-26 22:50:23.526   945  1105 I Tracking: FaceTracking:PeriodicTelemetry: Starting FaceTrackingTelemetryAggregator. Timestamp: 73026.973919224 [sec]
12-26 22:50:23.526   945  1105 I Tracking: FaceTracking:PeriodicTelemetry: Starting FT Telemetry Event at: 73026.986219484 [sec]
