12-31 02:25:34.093  1151 27955 E ActivityManager:     7.5% 27705/CtrlTracking: 7.5% user + 0% kernel
12-31 02:25:34.093  1151 27955 E ActivityManager:     2.5% 27763/ExposureControl: 2.5% user + 0% kernel
12-31 02:25:34.093  1151 27955 E ActivityManager:   24% 847/surfaceflinger: 14% user + 9.6% kernel / faults: 74 minor
12-31 02:25:34.093  1151 27955 E ActivityManager:     16% 847/surfaceflinger: 9.6% user + 7.2% kernel
12-31 02:25:34.093  1151 27955 E ActivityManager:     4.8% 954/Binder:847_2: 2.4% user + 2.4% kernel
12-31 02:25:34.093  1151 27955 E ActivityManager:     4.8% 1108/TimerDispatch: 2.4% user + 2.4% kernel
12-31 02:25:34.093  1151 27955 E ActivityManager:   19% 846/vendor.qti.hardware.display.composer-service: 0% user + 19% kernel / faults: 577 minor
12-31 02:25:34.093  1151 27955 E ActivityManager:     16% 962/HwBinder:846_2: 0% user + 16% kernel
12-31 02:25:34.093  1151 27955 E ActivityManager:     2.4% 949/SDM_EventThread: 0% user + 2.4% kernel
12-31 02:25:34.093  1151 27955 E ActivityManager:   16% 787/vendor.oculus.hardware.sensors@1.0-service: 9.5% user + 7.1% kernel
12-31 02:25:34.093  1151 27955 E ActivityManager:     7.1% 27667/SBEventHandler: 2.3% user + 4.7% kernel
12-31 02:25:34.093  1151 27955 E ActivityManager:     2.3% 27714/cam0 stream: 2.3% user + 0% kernel
12-31 02:25:34.093  1151 27955 E ActivityManager:     2.3% 27723/cam2 stream: 2.3% user + 0% kernel
12-31 02:25:34.093  1151 27955 E ActivityManager:   12% 979/adbd: 0% user + 12% kernel / faults: 173 minor
12-31 02:25:34.093  1151 27955 E ActivityManager:     2.5% 979/adbd: 0% user + 2.5% kernel
12-31 02:25:34.093  1151 27955 E ActivityManager:     2.5% 21029/UsbFfs-worker: 0% user + 2.5% kernel
12-31 02:25:34.093  1151 27955 E ActivityManager:   14% 2732/com.oculus.vrruntimeservice: 3.6% user + 11% kernel
12-31 02:25:34.093  1151 27955 E ActivityManager:     11% 27750/OVR::TimeWarp: 3.6% user + 7.3% kernel
12-31 02:25:34.093  1151 27955 E ActivityManager:     3.6% 3056/ClientRequest: 3.6% user + 0% kernel
12-31 02:25:34.093  1151 27955 E ActivityManager:   4.5% 406/crtc_commit:180: 0% user + 4.5% kernel
12-31 02:25:34.093  1151 27955 E ActivityManager:   6.8% 2144/com.oculus.shellenv: 3.4% user + 3.4% kernel
12-31 02:25:34.093  1151 27955 E ActivityManager:     3.4% 27494/OVRInput: 3.4% user + 0% kernel
12-31 02:25:34.093  1151 27955 E ActivityManager:   7.4% 3125/com.oculus.vrguardianservice: 7.4% user + 0% kernel / faults: 25 minor
12-31 02:25:34.093  1151 27955 E ActivityManager:     3.7% 3736/OVRInput: 3.7% user + 0% kernel
12-31 02:25:34.093  1151 27955 E ActivityManager:   2.1% 17/kernfs_notifier: 0% user + 2.1% kernel
12-31 02:25:34.093  1151 27955 E ActivityManager:   2.1% 32/rcuop/2: 0% user + 2.1% kernel
12-31 02:25:34.093  1151 27955 E ActivityManager:   2.1% 37/ksoftirqd/3: 0% user + 2.1% kernel
12-31 02:25:34.093  1151 27955 E ActivityManager:   2.1% 109/system: 0% user + 2.1% kernel
12-31 02:25:34.093  1151 27955 E ActivityManager:   2.2% 281/kgsl_worker_thr: 0% user + 2.2% kernel
12-31 02:25:34.093  1151 27955 E ActivityManager:   2.2% 404/crtc_commit:129: 0% user + 2.2% kernel
12-31 02:25:34.093  1151 27955 E ActivityManager:   3.7% 2760/com.facebook.spatial_persistence_service: 3.7% user + 0% kernel / faults: 3 minor
12-31 02:25:34.093  1151 27955 E ActivityManager:     3.7% 2979/JobPoolWorker: 0% user + 3.7% kernel
12-31 02:25:34.093  1151 27955 E ActivityManager:   4% 22353/syncboss:spi_th: 0% user + 4% kernel
12-31 02:25:34.093  1151 27955 E ActivityManager:   4% 23009/kworker/u17:8-dwc_wq: 0% user + 4% kernel
12-31 02:25:34.093  1151 27955 E ActivityManager:   4.1% 23927/kworker/u16:10-adb: 0% user + 4.1% kernel / faults: 8 minor
12-31 02:25:34.093  1151 27955 E ActivityManager:   4.2% 24499/kworker/u16:7+kgsl_devfreq_wq: 0% user + 4.2% kernel / faults: 1 minor
12-31 02:25:34.093  1151 27955 E ActivityManager:   4.3% 27234/com.oculus.os.clearactivity: 0% user + 4.3% kernel / faults: 3 minor
12-31 02:25:34.093  1151 27955 E ActivityManager:     4.3% 27234/s.clearactivity: 4.3% user + 0% kernel
12-31 02:25:34.093  1151 27955 E ActivityManager:   4.4% 27384/com.epicgames.AtomVR: 4.4% user + 0% kernel
12-31 02:25:34.093  1151 27955 E ActivityManager: 39% TOTAL: 15% user + 22% kernel + 0.2% iowait + 1.5% irq + 0.2% softirq
12-31 02:25:34.095  1151 27955 D ActivityManager: Completed ANR of com.epicgames.AtomVR in 10124ms, latency 0ms
12-31 02:25:34.097  1151 28136 I DropBoxManagerService: add tag=data_app_anr isTagEnabled=true flags=0x6
12-31 02:25:34.098  3209  3274 W PhaseSync: [PS_Ver_1_0] DiscardFrame is triggered, frame->Stage 2 FrameBeginIndex 128462 
12-31 02:25:34.098  3209  3274 I MRSVC   : MIXEDREALITY: OpenXrSupport: OpenXR qualified success: xrBeginFrame(clientState_.session, &beginFrameDesc): XR_FRAME_DISCARDED
12-31 02:25:34.098  3209  3274 I MRSVC   : MIXEDREALITY: MrServiceView: renderIteration: Hibernating the rendering thread since ID is off and no active PT layers.
12-31 02:25:34.098  3209  3274 I MRSVC   : MIXEDREALITY: MrServiceModelBase: Hibernating caller (most likely rendering thread) due to commandQueue being empty.
12-31 02:25:34.100  1151  1172 I VrApiLoader: VrApi Loader Version: 1.1.56.0-0-0 Feb 10 2022 05:09:47 
12-31 02:25:34.100  1151  1172 D ApplicationLoaders: Returning zygote-cached class loader: /system/framework/android.test.base.jar
12-31 02:25:34.100  1151  1172 D ApplicationLoaders: Returning zygote-cached class loader: /system/framework/android.hidl.manager-V1.0-java.jar
12-31 02:25:34.100  1151  1172 D ApplicationLoaders: Returning zygote-cached class loader: /system/framework/android.hidl.base-V1.0-java.jar
12-31 02:25:34.101  1151  1172 I VrApi_DriverLoader: nativeSetClassLoader:0xb806
12-31 02:25:34.101  1151  1172 I VrApi   : ----------- vrapi_Initialize [start] ----------
12-31 02:25:34.101  1151  1172 I XrRuntimeSharedClientState: SharedClientState::create called from 'vrapi_Initialize'
12-31 02:25:34.101  1151  1172 I RuntimeIpcHelperService: Going to start ComponentInfo{com.oculus.systemdriver/com.oculus.vrruntimeservice.VrRuntimeService} as foreground
12-31 02:25:34.102  2732 27377 D RPCServer [RUNTIMEIPC]: ConnectClient: Client: android.uid.system:1000:system_server:1151:, Server: com.oculus.systemdriver:com.oculus.vrruntimeservice (gkcache)
12-31 02:25:34.103  2732 27377 I RPCClientHandler [RUNTIMEIPC]: Event buffer size (server): 8192
12-31 02:25:34.103  2732 27377 I RuntimeIPCServerMgr [RUNTIMEIPC]: HandleClientConnect SUCCESS: Client: android.uid.system:1000:system_server:1151:, Server: com.oculus.systemdriver:com.oculus.vrruntimeservice (gkcache)
12-31 02:25:34.103  2732 28138 I GkCacheQuerierServer: Client 348466910 from system_server:1151 connected.
12-31 02:25:34.103  1151  1172 I RuntimeIPCClient [RUNTIMEIPC]: Event buffer size (client): 8192
12-31 02:25:34.103  1151  1172 I RuntimeIPCClient [RUNTIMEIPC]: TryToGetIPCResourcesFromServer: RPC_CONNECTOR_CONNECT_TO_SERVER SUCCESS: Client: android.uid.system:1000:system_server:1151, Server: com.oculus.systemdriver:com.oculus.vrruntimeservice (gkcache)
12-31 02:25:34.103  1151  1172 I RuntimeIPCClient [RUNTIMEIPC]: EnsureServerConnection: SUCCESS. Client: android.uid.system:1000:system_server:1151, Server: com.oculus.systemdriver:com.oculus.vrruntimeservice (gkcache)
12-31 02:25:34.103  1151  1172 I RuntimeIPCClient [RUNTIMEIPC]: ConnectToServer: SUCCESS: Client: android.uid.system:1000:system_server:1151, Server: com.oculus.systemdriver:com.oculus.vrruntimeservice (gkcache)
12-31 02:25:34.104  1151  1172 I RuntimeIPCClient [RUNTIMEIPC]: InitServerStateBuffer: SUCCESS. 0, Client: android.uid.system:1000:system_server:1151, Server: com.oculus.systemdriver:com.oculus.vrruntimeservice (gkcache)
12-31 02:25:34.104  1151  1172 I VrApi   : Client type: 0 flags: 0x0 placement: 0
12-31 02:25:34.104  1151  1172 I VrRuntimeClient: gRuntimeServiceSDKClient.InitClient
12-31 02:25:34.105  1151  1172 I RuntimeIpcHelperService: Going to start ComponentInfo{com.oculus.systemdriver/com.oculus.vrruntimeservice.VrRuntimeService} as foreground
12-31 02:25:34.105  2732 27377 D RPCServer [RUNTIMEIPC]: ConnectClient: Client: android.uid.system:1000:system_server:1151:, Server: com.oculus.systemdriver:com.oculus.vrruntimeservice (RuntimeServiceServer)
12-31 02:25:34.106  2732 27377 I RPCClientHandler [RUNTIMEIPC]: Event buffer size (server): 8192
12-31 02:25:34.106  2732 27377 I RuntimeIPCServerMgr [RUNTIMEIPC]: HandleClientConnect SUCCESS: Client: android.uid.system:1000:system_server:1151:, Server: com.oculus.systemdriver:com.oculus.vrruntimeservice (RuntimeServiceServer)
12-31 02:25:34.106  2732 28142 I VrRuntimeService: RuntimeIPC: IPC_SYSTEM_EVENT_CLIENT_CONNECTED_EXT: system_server:1151, Version: 5.0, Custom: 1.0
12-31 02:25:34.106  2732 28142 I VrRuntimeService: RuntimeIPC: SendPrimaryPackageChangeEvent: PostClientEvent SUCCESS: android.uid.system:1000:system_server:1151, com.oculus.shellenv, com.oculus.shellenv
12-31 02:25:34.107  1151  1172 I RuntimeIPCClient [RUNTIMEIPC]: Event buffer size (client): 8192
12-31 02:25:34.107  1151  1172 I RuntimeIPCClient [RUNTIMEIPC]: TryToGetIPCResourcesFromServer: RPC_CONNECTOR_CONNECT_TO_SERVER SUCCESS: Client: android.uid.system:1000:system_server:1151, Server: com.oculus.systemdriver:com.oculus.vrruntimeservice (RuntimeServiceServer)
12-31 02:25:34.107  1151  1172 I RuntimeIPCClient [RUNTIMEIPC]: EnsureServerConnection: SUCCESS. Client: android.uid.system:1000:system_server:1151, Server: com.oculus.systemdriver:com.oculus.vrruntimeservice (RuntimeServiceServer)
12-31 02:25:34.107  1151  1172 I RuntimeIPCClient [RUNTIMEIPC]: ConnectToServer: SUCCESS: Client: android.uid.system:1000:system_server:1151, Server: com.oculus.systemdriver:com.oculus.vrruntimeservice (RuntimeServiceServer)
12-31 02:25:34.107  1151 28141 I VrRuntimeClient: gRuntimeServiceSDKClient.Connected: com.oculus.systemdriver:com.oculus.vrruntimeservice
12-31 02:25:34.107  1151 28141 I VrRuntimeClient: RegisterClient RequestDescriptor android:1151 clientType 0 clientFlags 0 clientSessionPlacement 0
12-31 02:25:34.107  2732 28142 I VrRuntimeService: RuntimeServiceSDKServer::RegisterClient: clientName android.uid.system:1000 clientType 0 clientFlags 0 sessionPlacement 0 RequestDescriptor android:1151 uid 1000, pid 1151 ProcessName system_server RIPC clientId 348466910 (0x14c52ede)
12-31 02:25:34.107  2732 28142 I ClientMgr@: IsTrustedClient( android.uid.system:1000 )= false
12-31 02:25:34.107  2732 28142 I JniUtils: JNI exception before DeleteLocalRef!
12-31 02:25:34.107  2732 28142 I ClientMgr: CreateClient: 1151:android.uid.system:1000
12-31 02:25:34.108  2732 28142 W ActivityManagerUtils: The package name doesn't match for the given uid and pid
12-31 02:25:34.108  2732 28142 I CompositorClientMgr: Register client 39
12-31 02:25:34.108  2732 28142 I VrRuntimeServer: RegisterCompositorClient client(39)
12-31 02:25:34.108  2732 28142 I ClientMgr: SharedMemoryDebug: InitResources MapMemory (VrRuntimeService_PrivateReadWrite_android.uid.system:1000) size = 38496 ; flags = 3
12-31 02:25:34.108  2732 28142 I SharedMemoryServer: SharedMemoryServer::MapMemory: SharedMemoryDebug: Allocated shared memory fd 544 (VrRuntimeService_PrivateReadWrite_android.uid.system:1000) (size: 38496)
12-31 02:25:34.108  2732 28142 D RPCClientHandler [RUNTIMEIPC]: FinalizeClientState. Client: Client: android.uid.system:1000:system_server:1151:, Server: com.oculus.systemdriver:com.oculus.vrruntimeservice (RuntimeServiceServer)
12-31 02:25:34.109  2732 28142 I ServiceInputManager: HANDTRACKING Initial input state override: 0
12-31 02:25:34.109  2732 28142 I PTKService: PTKServiceClient Init
12-31 02:25:34.110  1151 24313 I RuntimeIpcHelperService: Going to start ComponentInfo{com.oculus.vrshell/com.oculus.vrshell.ShellOverlayService} as background
12-31 02:25:34.110  2710  2710 I [OAO] ShellOverlayService: onStartCommand(): Intent { cmp=com.oculus.vrshell/.ShellOverlayService }
12-31 02:25:34.111  2710  2727 D RPCServer [RUNTIMEIPC]: ConnectClient: Client: com.oculus.systemdriver:com.oculus.vrruntimeservice:2732:, Server: com.oculus.vrshell:com.oculus.vrshell:Overlay (ptkserviceserver)
12-31 02:25:34.111  2710  2727 I RPCClientHandler [RUNTIMEIPC]: Event buffer size (server): 8192
12-31 02:25:34.112  2710  2727 I RuntimeIPCServerMgr [RUNTIMEIPC]: HandleClientConnect SUCCESS: Client: com.oculus.systemdriver:com.oculus.vrruntimeservice:2732:, Server: com.oculus.vrshell:com.oculus.vrshell:Overlay (ptkserviceserver)
12-31 02:25:34.112  2732 28142 I RuntimeIPCClient [RUNTIMEIPC]: Event buffer size (client): 8192
12-31 02:25:34.112  2732 28142 I RuntimeIPCClient [RUNTIMEIPC]: TryToGetIPCResourcesFromServer: RPC_CONNECTOR_CONNECT_TO_SERVER SUCCESS: Client: com.oculus.systemdriver:com.oculus.vrruntimeservice:2732, Server: com.oculus.vrshell:com.oculus.vrshell:Overlay (ptkserviceserver)
12-31 02:25:34.112  2732 28142 I RuntimeIPCClient [RUNTIMEIPC]: EnsureServerConnection: SUCCESS. Client: com.oculus.systemdriver:com.oculus.vrruntimeservice:2732, Server: com.oculus.vrshell:com.oculus.vrshell:Overlay (ptkserviceserver)
12-31 02:25:34.112  2732 28142 I RuntimeIPCClient [RUNTIMEIPC]: ConnectToServer: SUCCESS: Client: com.oculus.systemdriver:com.oculus.vrruntimeservice:2732, Server: com.oculus.vrshell:com.oculus.vrshell:Overlay (ptkserviceserver)
12-31 02:25:34.112  2710 28145 D RPCClientHandler [RUNTIMEIPC]: Marking client as single-user belonging to user 0
12-31 02:25:33.951     0     0 I logd    : logdr: UID=1000 GID=1000 PID=28147 n tail=0 logMask=4 pid=0 start=0ns deadline=0ns
12-31 02:25:34.159   952 27729 W Tracking: TIMESTAMPCHECKER: Nominal rate wrong. Estimated data rate: 25, Nominal is 30
12-31 02:25:34.182   952  1386 I Tracking: VIPER:DEEP_DESCRIPTOR: Computing Deep Descriptors using gravity orientation.
12-31 02:25:34.213  2732 28142 I RuntimeIPCClient [RUNTIMEIPC]: InitServerStateBuffer: SUCCESS. 0, Client: com.oculus.systemdriver:com.oculus.vrruntimeservice:2732, Server: com.oculus.vrshell:com.oculus.vrshell:Overlay (ptkserviceserver)
12-31 02:25:34.213  2732 28142 W REFLECT [RUNTIMEIPC]: Most likely you forgot to call Shutdown before destroying your client. Calling Shutdown now...
12-31 02:25:34.214  2732 28142 I RuntimeIPCClient [RUNTIMEIPC]: Shutdown: 1, Client: com.oculus.systemdriver:com.oculus.vrruntimeservice:2732, Server: com.oculus.vrshell:com.oculus.vrshell:Overlay (ptkserviceserver)
12-31 02:25:34.214  2732 28142 I RuntimeIPCClient [RUNTIMEIPC]: ReleaseRef: Remaining refs: 0, Client: com.oculus.systemdriver:com.oculus.vrruntimeservice:2732, Server: com.oculus.vrshell:com.oculus.vrshell:Overlay (ptkserviceserver)
12-31 02:25:34.214  2732 28142 I RuntimeIPCClient [RUNTIMEIPC]: DisconnectFromServer: 0, Client: com.oculus.systemdriver:com.oculus.vrruntimeservice:2732, Server: com.oculus.vrshell:com.oculus.vrshell:Overlay (ptkserviceserver)
12-31 02:25:34.214  2710  2727 I RPCServer [RUNTIMEIPC]: HandleClientDisconnect: Client: com.oculus.systemdriver:com.oculus.vrruntimeservice:2732:, Server: com.oculus.vrshell:com.oculus.vrshell:Overlay (ptkserviceserver)
12-31 02:25:34.214  2732 28142 I ClientList: AddClient: android.uid.system:1000:system_server:1151
12-31 02:25:34.214  2732 28142 I ClientMgr: CreateClient: Sending PrimaryPackageChangeEvent outside of normal operation for Guardian.
12-31 02:25:34.214  2732 28142 I VrRuntimeService: RuntimeIPC: SendPrimaryPackageChangeEvent: PostClientEvent SUCCESS: com.oculus.guardian:com.oculus.vrguardianservice:3125, android.uid.system:1000, system_server
12-31 02:25:34.214  2732 28142 I UnifiedTelemetryWrapper: Started UT session lifetime:system_server
12-31 02:25:34.216  2732 28142 I ClientMgr: CreateClient: Value of tradeCpuForGpu is 0
12-31 02:25:34.216  2732 28142 I ClientMgr: CreateClient: Value of isCPUSingleThreadedBoost is 0 / 0
12-31 02:25:34.216  2732 28142 I CliengMgr: CreateClient: id 14c52ede, pid 1151, uid 1000, clientName android.uid.system:1000, processName system_server, processNameWithPID system_server:1151, permissionFlags 0, clientType 0, clientFlags 0, isApplication=true, isOsApp=false, clientSessionPlacement 128, clientDisplayId -1
12-31 02:25:34.216  2732 28142 I ClientMgr: CreateClient: Extra kickoff headroom = 0.000 ms
12-31 02:25:34.217  1151 28141 I VrRuntimeClient: RegisterClient success 
12-31 02:25:34.218  2732 28142 I VrRuntimeService: RuntimeServiceSDKServer::GetSharedMemoryFileDescriptor: SharedMemoryDebug: clientid 348466910
12-31 02:25:34.218  2732 28142 I VrRuntimeService: GetSharedMemoryFileDescriptor: SharedMemoryDebug: SharedMemoryType_PublicReadOnly: 64 (8984)
12-31 02:25:34.218  1151 28141 I VrRuntimeClient: RuntimeIPC: ServiceConnected: SharedMemoryDebug: publicReadOnly SharedMemorySize=8984 (android) sizeof(sharedMemoryPublicReadOnly)=9008
12-31 02:25:34.218  2732 28142 I VrRuntimeService: RuntimeServiceSDKServer::GetSharedMemoryFileDescriptor: SharedMemoryDebug: clientid 348466910
12-31 02:25:34.218  2732 28142 I VrRuntimeService: GetSharedMemoryFileDescriptor: SharedMemoryDebug: SharedMemoryType_PrivateReadWrite: 544 (38496)
12-31 02:25:34.219  1151 28141 I VrRuntimeClient: RuntimeIPC: ServiceConnected: SharedMemoryDebug: privateReadWrite SharedMemorySize=38496 (android) sizeof(privateSharedMemorySize)=8
12-31 02:25:34.219  1151 28141 I VrRuntimeClient: nativeRuntimeServiceConnected: SharedMemoryDebug: publicReadOnlyFd=451, privateReadWriteFd=452 (android)
12-31 02:25:34.222  1151  1172 I VrRuntimeClient: gRuntimeServiceSDKClient.InitClient SUCCESS. Version: 5.0, Custom: 1.0
12-31 02:25:34.222  1151  1172 I RuntimeIPCClientMgr [RUNTIMEIPC]: GetClientOptions
12-31 02:25:34.222  1151  1172 I VrApi   : vrapi_Initialize: Connected to VrRuntimeService after 0.117253s
12-31 02:25:34.222  1151  1172 I AdrenoGLES-0: QUALCOMM build                   : fa5d856e9e, I160a5475da
12-31 02:25:34.222  1151  1172 I AdrenoGLES-0: Build Date                       : 07/24/23
12-31 02:25:34.222  1151  1172 I AdrenoGLES-0: OpenGL ES Shader Compiler Version: E031.42.07.00
12-31 02:25:34.222  1151  1172 I AdrenoGLES-0: Local Branch                     : 
12-31 02:25:34.222  1151  1172 I AdrenoGLES-0: Remote Branch                    : 
12-31 02:25:34.222  1151  1172 I AdrenoGLES-0: Remote Branch                    : 
12-31 02:25:34.222  1151  1172 I AdrenoGLES-0: Reconstruct Branch               : 
12-31 02:25:34.222  1151  1172 I AdrenoGLES-0: Build Config                     : S P 10.0.7 AArch64
12-31 02:25:34.222  1151  1172 I AdrenoGLES-0: Driver Path                      : /vendor/lib64/egl/libGLESv2_adreno.so
12-31 02:25:34.222  1151  1172 I AdrenoGLES-0: Driver Version                   : 0728.0
12-31 02:25:34.222  1151  1172 I AdrenoGLES-0: Process Name                     : system_server
12-31 02:25:34.222  3125  3446 I [CT]    : SlamAnchorRebaseHandler: Kicked off bulk re-registration of 1 slam anchors.
12-31 02:25:34.224  1151  1172 I AdrenoGLES-0: PFP: 0x016dd112, ME: 0x00000000
12-31 02:25:34.225  1151  1172 I DeviceProperties: ovrDeviceProperties::Initialize
12-31 02:25:34.226  1151  1172 I DeviceProperties: Device Region: 'US'
12-31 02:25:34.227  1151  1172 I DeviceProperties: GPU Type: 'ADRENO_650'
12-31 02:25:34.227  1151  1172 I DeviceProperties: Num Refresh Rates Supported 61
12-31 02:25:34.227  1151  1172 I DeviceProperties: Refresh Rate (0): 120.000000Hz
12-31 02:25:34.228  1151  1172 I DeviceProperties: Refresh Rate (1): 119.000000Hz
12-31 02:25:34.228  1151  1172 I DeviceProperties: Refresh Rate (2): 118.000000Hz
12-31 02:25:34.228  1151  1172 I DeviceProperties: Refresh Rate (3): 117.000000Hz
12-31 02:25:34.228  1151  1172 I DeviceProperties: Refresh Rate (4): 116.000000Hz
12-31 02:25:34.228  1151  1172 I DeviceProperties: Refresh Rate (5): 115.000000Hz
12-31 02:25:34.228  1151  1172 I DeviceProperties: Refresh Rate (6): 114.000000Hz
12-31 02:25:34.228  1151  1172 I DeviceProperties: Refresh Rate (7): 113.000000Hz
12-31 02:25:34.228  1151  1172 I DeviceProperties: Refresh Rate (8): 112.000000Hz
12-31 02:25:34.228  1151  1172 I DeviceProperties: Refresh Rate (9): 111.000000Hz
12-31 02:25:34.228  1151  1172 I DeviceProperties: Refresh Rate (10): 110.000000Hz
12-31 02:25:34.228  1151  1172 I DeviceProperties: Refresh Rate (11): 109.000000Hz
12-31 02:25:34.228  1151  1172 I DeviceProperties: Refresh Rate (12): 108.000000Hz
12-31 02:25:34.228  1151  1172 I DeviceProperties: Refresh Rate (13): 107.000000Hz
12-31 02:25:34.228  1151  1172 I DeviceProperties: Refresh Rate (14): 106.000000Hz
12-31 02:25:34.228  1151  1172 I DeviceProperties: Refresh Rate (15): 105.000000Hz
12-31 02:25:34.228  1151  1172 I DeviceProperties: Refresh Rate (16): 104.000000Hz
12-31 02:25:34.228  1151  1172 I DeviceProperties: Refresh Rate (17): 103.000000Hz
12-31 02:25:34.228  1151  1172 I DeviceProperties: Refresh Rate (18): 102.000000Hz
12-31 02:25:34.228  1151  1172 I DeviceProperties: Refresh Rate (19): 101.000000Hz
12-31 02:25:34.228  1151  1172 I DeviceProperties: Refresh Rate (20): 100.000000Hz
12-31 02:25:34.228  1151  1172 I DeviceProperties: Refresh Rate (21): 99.000000Hz
12-31 02:25:34.228  1151  1172 I DeviceProperties: Refresh Rate (22): 98.000000Hz
12-31 02:25:34.228  1151  1172 I DeviceProperties: Refresh Rate (23): 97.000000Hz
12-31 02:25:34.228  1151  1172 I DeviceProperties: Refresh Rate (24): 96.000000Hz
12-31 02:25:34.228  1151  1172 I DeviceProperties: Refresh Rate (25): 95.000000Hz
12-31 02:25:34.228  1151  1172 I DeviceProperties: Refresh Rate (26): 94.000000Hz
12-31 02:25:34.228  1151  1172 I DeviceProperties: Refresh Rate (27): 93.000000Hz
12-31 02:25:34.228  1151  1172 I DeviceProperties: Refresh Rate (28): 92.000000Hz
12-31 02:25:34.228  1151  1172 I DeviceProperties: Refresh Rate (29): 91.000000Hz
12-31 02:25:34.228  1151  1172 I DeviceProperties: Refresh Rate (30): 90.000000Hz
12-31 02:25:34.228  1151  1172 I DeviceProperties: Refresh Rate (31): 89.000000Hz
12-31 02:25:34.228  1151  1172 I DeviceProperties: Refresh Rate (32): 88.000000Hz
12-31 02:25:34.228  1151  1172 I DeviceProperties: Refresh Rate (33): 87.000000Hz
12-31 02:25:34.228  1151  1172 I DeviceProperties: Refresh Rate (34): 86.000000Hz
12-31 02:25:34.228  1151  1172 I DeviceProperties: Refresh Rate (35): 85.000000Hz
12-31 02:25:34.228  1151  1172 I DeviceProperties: Refresh Rate (36): 84.000000Hz
12-31 02:25:34.228  1151  1172 I DeviceProperties: Refresh Rate (37): 83.000000Hz
12-31 02:25:34.228  1151  1172 I DeviceProperties: Refresh Rate (38): 82.000000Hz
12-31 02:25:34.228  1151  1172 I DeviceProperties: Refresh Rate (39): 81.000000Hz
12-31 02:25:34.228  1151  1172 I DeviceProperties: Refresh Rate (40): 80.000000Hz
12-31 02:25:34.228  1151  1172 I DeviceProperties: Refresh Rate (41): 79.000000Hz
12-31 02:25:34.228  1151  1172 I DeviceProperties: Refresh Rate (42): 78.000000Hz
12-31 02:25:34.228  1151  1172 I DeviceProperties: Refresh Rate (43): 77.000000Hz
12-31 02:25:34.228  1151  1172 I DeviceProperties: Refresh Rate (44): 76.000000Hz
12-31 02:25:34.228  1151  1172 I DeviceProperties: Refresh Rate (45): 75.000000Hz
12-31 02:25:34.228  1151  1172 I DeviceProperties: Refresh Rate (46): 74.000000Hz
12-31 02:25:34.228  1151  1172 I DeviceProperties: Refresh Rate (47): 73.000000Hz
12-31 02:25:34.228  1151  1172 I DeviceProperties: Refresh Rate (48): 72.000000Hz
12-31 02:25:34.228  1151  1172 I DeviceProperties: Refresh Rate (49): 71.000000Hz
12-31 02:25:34.228  1151  1172 I DeviceProperties: Refresh Rate (50): 70.000000Hz
12-31 02:25:34.228  1151  1172 I DeviceProperties: Refresh Rate (51): 69.000000Hz
12-31 02:25:34.228  1151  1172 I DeviceProperties: Refresh Rate (52): 68.000000Hz
12-31 02:25:34.228  1151  1172 I DeviceProperties: Refresh Rate (53): 67.000000Hz
12-31 02:25:34.228  1151  1172 I DeviceProperties: Refresh Rate (54): 66.000000Hz
12-31 02:25:34.228  1151  1172 I DeviceProperties: Refresh Rate (55): 65.000000Hz
12-31 02:25:34.228  1151  1172 I DeviceProperties: Refresh Rate (56): 64.000000Hz
12-31 02:25:34.228  1151  1172 I DeviceProperties: Refresh Rate (57): 63.000000Hz
12-31 02:25:34.228  1151  1172 I DeviceProperties: Refresh Rate (58): 62.000000Hz
12-31 02:25:34.228  1151  1172 I DeviceProperties: Refresh Rate (59): 61.000000Hz
12-31 02:25:34.228  1151  1172 I DeviceProperties: Refresh Rate (60): 60.000000Hz
12-31 02:25:34.230   924  2990 I CalibrationStore: loading calibration file: SYSTEM_SN
12-31 02:25:34.230  1151  1172 I DeviceProperties: DisplayParms.ScanoutDirection = 1
12-31 02:25:34.230  1151  1172 I DeviceProperties: DisplayParms.ShutterType = 1
12-31 02:25:34.230  1151  1172 W libc    : Access denied finding property "ro.vendor.product.model_extended"
12-31 02:25:34.217  1151  1151 W android.ui: type=1400 audit(0.0:1057): avc: denied { read } for name="u:object_r:vendor_board_init_prop:s0" dev="tmpfs" ino=12454 scontext=u:r:system_server:s0 tcontext=u:object_r:vendor_board_init_prop:s0 tclass=file permissive=0
12-31 02:25:34.230  1151  1172 I DeviceProperties: getDisplayDimensions returned: 3664, 1920
12-31 02:25:34.036     0     0 I logd    : logdr: UID=1000 GID=1000 PID=28149 n tail=0 logMask=8 pid=0 start=0ns deadline=0ns
12-31 02:25:34.231  1151  1172 I DeviceProperties: ovrDeviceProperties: OVR_DEVICE_CAPABILITY_POSITIONAL_TRACKING_BIT
12-31 02:25:34.231  1151  1172 I DeviceProperties: ovrDeviceProperties: OVR_DEVICE_CAPABILITY_PASSTHROUGH_CAMERA_BIT
12-31 02:25:34.231  1151  1172 I DeviceProperties: ovrDeviceProperties: OVR_DEVICE_CAPABILITY_DYNAMIC_DISPLAY_REFRESH_RATE_BIT
12-31 02:25:34.231  1151  1172 I DeviceProperties: ovrDeviceProperties: OVR_DEVICE_CAPABILITY_MEMORY_EXPORT_BIT
12-31 02:25:34.231  1151  1172 I DeviceProperties: ovrDeviceProperties: OVR_DEVICE_CAPABILITY_FIXED_FOVEATED_RENDERING_BIT
12-31 02:25:34.231  1151  1172 I DeviceProperties: ovrDeviceProperties: OVR_DEVICE_CAPABILITY_SUBSAMPLED_LAYOUT_BIT
12-31 02:25:34.231  1151  1172 I DeviceProperties: ovrDeviceProperties: OVR_DEVICE_CAPABILITY_KEYBOARD_TRACKING_BIT
12-31 02:25:34.231  1151  1172 I VrRuntimeClient: DevicesSupported : 1 devices, quest
12-31 02:25:34.231  1151  1172 I Distortion: Initializing Mesh Decenter Correction
12-31 02:25:34.232   924  2990 I CalibrationStore: loading calibration file: calibration/display/screen_offset.json
12-31 02:25:34.232  1151  1172 I Distortion: SetLensPositions - iad=0.0629361, left offset=-9.24766e-05,-0.00144994, right offset=0.000372306,-0.00144805
12-31 02:25:34.232  1151  1172 I VrRuntimeClient: VrRuntimeClient: Init
12-31 02:25:34.233  1151  1172 V OVR::Capture: Failed to open trace_marker ATrace file!
12-31 02:25:34.233  1151  1172 I RuntimeIPCClient [RUNTIMEIPC]: InitServerStateBuffer: SUCCESS. 0, Client: android.uid.system:1000:system_server:1151, Server: com.oculus.systemdriver:com.oculus.vrruntimeservice (RuntimeServiceServer)
12-31 02:25:34.233  1151  1172 W libc    : Access denied finding property "debug.egl.profiler"
12-31 02:25:34.233  1151  1172 I VrRuntimeClient: OSSDKTRACKING calculating secure tracking
12-31 02:25:34.227  1151  1151 W android.ui: type=1400 audit(0.0:1058): avc: denied { read } for name="u:object_r:qcom_pil_prop:s0" dev="tmpfs" ino=12399 scontext=u:r:system_server:s0 tcontext=u:object_r:qcom_pil_prop:s0 tclass=file permissive=0
12-31 02:25:34.233  1151  1172 W VrRuntimeClient: OSSDKTRACKING No package metadata available for android
12-31 02:25:34.233  1151  1172 I VrRuntimeClient: OSSDKTRACKING secure tracking is 0
12-31 02:25:34.233  1151  1172 I AudioCapture: AudioCapture::Init
12-31 02:25:34.233  1151  1172 I AudioCapture: AudioCapture::Init -> Initializing audio capture using direct OS Callbacks
12-31 02:25:34.233  1151  1172 I AudioCapture: AudioCapture::Init COMPLETE
12-31 02:25:34.234  1151  1172 W Foveation: Forcing on dynamic foveation
12-31 02:25:34.234  1151  1172 I Foveation: Vulkan foveation tile offset enabled: 0
12-31 02:25:34.234  1151  1172 I Foveation: Vulkan foveation tile turn off enabled: 1
12-31 02:25:34.234  1151  1172 I RuntimeIpcHelperService: Going to start ComponentInfo{com.oculus.guardian/com.oculus.vrguardianservice.VrGuardianService} as background
12-31 02:25:34.235  1151  1172 I RuntimeIpcHelperService: Going to start ComponentInfo{com.oculus.guardian/com.oculus.vrguardianservice.VrGuardianUserService} as background
12-31 02:25:34.236  3125 22922 D RPCServer [RUNTIMEIPC]: ConnectClient: Client: android.uid.system:1000:system_server:1151:, Server: com.oculus.guardian:com.oculus.vrguardianservice (guardianserver)
12-31 02:25:34.237  3125 22922 I RPCClientHandler [RUNTIMEIPC]: Event buffer size (server): 8192
12-31 02:25:34.237  3125  3125 I VrGuardianService: nativeSetCurrentUser userid = 0
12-31 02:25:34.237  3125  3125 I GuardianSystem: [GuardianSystem::SetCurrentUser] User ID from 0 to 0
12-31 02:25:34.238  3125 28154 I REFLECT [RUNTIMEIPC]: GuardianSDKServer Client Connected 348466910, android.uid.system:1000, system_server
12-31 02:25:34.238  3125 22922 I RuntimeIPCServerMgr [RUNTIMEIPC]: HandleClientConnect SUCCESS: Client: android.uid.system:1000:system_server:1151:, Server: com.oculus.guardian:com.oculus.vrguardianservice (guardianserver)
12-31 02:25:34.239  1151  1172 I RuntimeIPCClient [RUNTIMEIPC]: Event buffer size (client): 8192
12-31 02:25:34.239  1151  1172 I RuntimeIPCClient [RUNTIMEIPC]: TryToGetIPCResourcesFromServer: RPC_CONNECTOR_CONNECT_TO_SERVER SUCCESS: Client: android.uid.system:1000:system_server:1151, Server: com.oculus.guardian:com.oculus.vrguardianservice (guardianserver)
12-31 02:25:34.239  1151  1172 I RuntimeIPCClient [RUNTIMEIPC]: EnsureServerConnection: SUCCESS. Client: android.uid.system:1000:system_server:1151, Server: com.oculus.guardian:com.oculus.vrguardianservice (guardianserver)
12-31 02:25:34.239  1151  1172 I RuntimeIPCClient [RUNTIMEIPC]: ConnectToServer: SUCCESS: Client: android.uid.system:1000:system_server:1151, Server: com.oculus.guardian:com.oculus.vrguardianservice (guardianserver)
12-31 02:25:34.246  1151  1172 I VrGuardianClient: g_GuardianSDKClient connected.
12-31 02:25:34.248  2502  6366 I PublicLibraryProvider: Using legacy entitlement framework to get App data
12-31 02:25:34.249  2502  6366 W PublicLibraryProvider: Cannot find entitlement for android
12-31 02:25:34.249  2732 28142 I VrRuntimeService: RuntimeServiceSDKServer::IsExperimental120HzSupportEnabled
12-31 02:25:34.250  1151  1172 I VrRuntimeClient: Is120HzSupported: 1
12-31 02:25:34.250  1151  1172 I FaceEyeTrackingManagerHelpers: [FaceEyeTrackingManager] Audio FT GK: 0
12-31 02:25:34.250  1151  1172 I LogTimer: CPUTIME: VrRuntimeClient_Init took 17.9409 ms
12-31 02:25:34.250  1151  1172 I VrApi   : SkipPushFinalBlack=1
12-31 02:25:34.250  1151  1172 I VrApi   : isActivityFocusAware = 0
12-31 02:25:34.251  1151  1172 I Distortion: Initializing Mesh Decenter Correction
12-31 02:25:34.253   924  2905 I CalibrationStore: loading calibration file: calibration/display/screen_offset.json
12-31 02:25:34.253  1151  1172 I Distortion: SetLensPositions - iad=0.0629361, left offset=-9.24766e-05,-0.00144994, right offset=0.000372306,-0.00144805
12-31 02:25:34.253  1151  1172 I Distortion: Initializing Mesh Decenter Correction
12-31 02:25:34.254   924  2990 I CalibrationStore: loading calibration file: calibration/display/screen_offset.json
12-31 02:25:34.254  1151  1172 I Distortion: SetLensPositions - iad=0.0629361, left offset=-9.24766e-05,-0.00144994, right offset=0.000372306,-0.00144805
12-31 02:25:34.255  1151  1172 I ClientInputSettings: SYSTEMBUTTONSPACE GKS freeze '1' 
12-31 02:25:34.255  1151  1172 I ClientInputSettings: SYSTEMBUTTONSPACE 'android' Freeze input '1' on home button down
12-31 02:25:34.255  1151  1172 I ClientInputSettings: HANDTRACKING: Hands V2.0 enforced.
12-31 02:25:34.255  1151  1172 I ClientInputSettings: HANDTRACKING: YES, in the GK oculus_mobile_enable_hand_tracking_frequency_inter
12-31 02:25:34.255  1151  1172 I ClientInputInterface: HANDTRACKING sethandtrackingfrequency 1
12-31 02:25:34.255  1151  1172 I ClientInputSettings: HANDTRACKING: YES, in the GK oculus_mobile_30hz_handtracking_downclocking
12-31 02:25:34.255  1151  1172 I ClientInputInterface: Set30HzHandtrackingDownclockingGKFlag 1
12-31 02:25:34.255  1151  1172 I ClientInputSettings: HANDTRACKING: NO, not in the GK oculus_mobile_enable_hand_emulation_of_controllers
12-31 02:25:34.255  1151  1172 I ClientInputInterface: HANDTRACKING SetHandTrackingControllerEmulationGkFlag 0
12-31 02:25:34.255  1151  1172 I InputHooks: InitializeInputHooks
12-31 02:25:34.255  1151  1172 I InputHooks: InitializeInputHooks create
12-31 02:25:34.255  1151  1172 I TREX    : Initializing TREX for client 377c1d8bd4c8c90...
12-31 02:25:34.255  1151  1172 I TREX    : Initializing system...
12-31 02:25:34.256  1151  1172 I XrRuntimeSystem_Client: BodyPoweredHands checkSysPropForBodyAPIOverride 0
12-31 02:25:34.256  1151  1172 I TREX    : Created plugin package context for com.oculus.systemdriver
12-31 02:25:34.256  1151  1172 I RuntimeIpcHelperService: Going to start ComponentInfo{com.oculus.systemdriver/com.oculus.vrruntimeservice.VrRuntimeService} as foreground
12-31 02:25:34.258  2732 27377 D RPCServer [RUNTIMEIPC]: ConnectClient: Client: android.uid.system:1000:system_server:1151:, Server: com.oculus.systemdriver:com.oculus.vrruntimeservice (HapticsServer)
12-31 02:25:34.258  2732 27377 I RPCClientHandler [RUNTIMEIPC]: Event buffer size (server): 8192
12-31 02:25:34.259  2732 27377 I RuntimeIPCServerMgr [RUNTIMEIPC]: HandleClientConnect SUCCESS: Client: android.uid.system:1000:system_server:1151:, Server: com.oculus.systemdriver:com.oculus.vrruntimeservice (HapticsServer)
12-31 02:25:34.259  1151  1172 I RuntimeIPCClient [RUNTIMEIPC]: Event buffer size (client): 8192
12-31 02:25:34.259  1151  1172 I RuntimeIPCClient [RUNTIMEIPC]: TryToGetIPCResourcesFromServer: RPC_CONNECTOR_CONNECT_TO_SERVER SUCCESS: Client: android.uid.system:1000:system_server:1151, Server: com.oculus.systemdriver:com.oculus.vrruntimeservice (HapticsServer)
12-31 02:25:34.259  1151  1172 I RuntimeIPCClient [RUNTIMEIPC]: EnsureServerConnection: SUCCESS. Client: android.uid.system:1000:system_server:1151, Server: com.oculus.systemdriver:com.oculus.vrruntimeservice (HapticsServer)
12-31 02:25:34.259  1151  1172 I RuntimeIPCClient [RUNTIMEIPC]: ConnectToServer: SUCCESS: Client: android.uid.system:1000:system_server:1151, Server: com.oculus.systemdriver:com.oculus.vrruntimeservice (HapticsServer)
12-31 02:25:34.259  1151  1172 I TREX    : Loading plugin com.oculus.wearableinputservice:libtrex_wristband_client_plugin.so
12-31 02:25:34.259  1151  1172 I TREX    : package 'com.oculus.wearableinputservice' not found, skipping
12-31 02:25:34.259  1151  1172 I TREX    : Plugin 'com.oculus.wearableinputservice:libtrex_wristband_client_plugin.so' not loaded.
12-31 02:25:34.259  1151  1172 I PerformanceManagerInterface_Impl: PerformanceManagerInterface_Impl_V1: feature: 0: oculus.software.handtracking
12-31 02:25:34.259  1151  1172 E TREX    : Interface version 3 was not found. Check debug build for more information.
12-31 02:25:34.259  2732 28142 I VrRuntimeService: RuntimeServiceSDKServer::CreateAperture
12-31 02:25:34.259  2732 28142 W ClientMgr: ClientMgr::GetClientPermissionFlagsById: Client missing proper permissions: android.uid.system:1000, 4
12-31 02:25:34.259  2732 28142 W ClientMgr: ClientMgr::GetClientPermissionFlagsById: Client missing proper permissions: android.uid.system:1000, 64
12-31 02:25:34.260  2732 28142 I ClientMgr: createAperture, clientId=348466910, apertureId=39
12-31 02:25:34.260  1151  1172 I VrApi   : ----------- vrapi_Initialize [end] ----------
12-31 02:25:34.274  1151  1172 I ActivityTaskManager: START u0 {act=android.intent.action.MAIN cmp=com.oculus.os.clearactivity/.ClearActivity (has extras)} from uid 1000
12-31 02:25:34.274  1151  1172 W ActivityTaskManager: startActivity called from non-Activity context; forcing Intent.FLAG_ACTIVITY_NEW_TASK for: Intent { act=android.intent.action.MAIN flg=0x800000 cmp=com.oculus.os.clearactivity/.ClearActivity (has extras) }
12-31 02:25:34.274  1151  1172 W ActivityTaskManager: Can't find TaskDisplayArea to determine support for multi window. Task id=3200 attached=false
12-31 02:25:34.082     0     0 I logd    : logdr: UID=1000 GID=1000 PID=28156 n tail=0 logMask=3fff00ff pid=0 start=0ns deadline=0ns
12-31 02:25:34.282  1151  1172 W Looper  : Slow dispatch took 184ms android.ui h=com.android.server.am.ActivityManagerService$UiHandler c=com.android.server.am.ErrorDialogController$$ExternalSyntheticLambda2@43685de m=0
12-31 02:25:34.310  1151 28161 I VrApi   : ---------- vrapi_EnterVrMode [start] ----------
12-31 02:25:34.312  2732  2732 I ClientMgr: FocusedWindowChanged: uid = 1000 pid = 1151
12-31 02:25:34.312  2732  2732 W ClientMgr: ClientMgr::SetFocusedClient: No focused client
12-31 02:25:34.312  2732  2732 I ClientMgr: Releasing clocks.
12-31 02:25:34.312  2732  2732 I ClientMgr: SetFocusedPackageName - packageName  processName  clientId 0 clientPid 0
12-31 02:25:34.312  9166  9166 D [SUI] ActivityManagerUtilsHelper: onFocusedWindowChanged: Instance: com.oculus.common.activitymanager.ActivityManagerUtilsHelper@972713b, topWindowUid: 1000, focusedApp: android.uid.system:1000, previousApp: com.epicgames.AtomVR
12-31 02:25:34.312  9166  9166 D [SUI] AnytimeUIPanelApp: Received ActivityStateChanges - com.epicgames.AtomVR
12-31 02:25:34.312  1151 28161 I VrRuntimeClient: Tracing is disabled
12-31 02:25:34.312  1151 28161 I VrRuntimeClient: SysProp debug mode is disabled on Client side
12-31 02:25:34.312  1151 28161 I DRR     : Discrete Render Rotation is disabled
12-31 02:25:34.312  9166  9166 D [SUI] ActivityManagerUtilsHelper: onFocusedWindowChanged: Instance: com.oculus.common.activitymanager.ActivityManagerUtilsHelper@30cbe94, topWindowUid: 1000, focusedApp: android.uid.system:1000, previousApp: com.epicgames.AtomVR
12-31 02:25:34.312  9166  9166 D [SUI] AnytimeUIPanelApp: Received ActivityStateChanges - com.epicgames.AtomVR
12-31 02:25:34.312  9166  9166 D [SUI] ActivityManagerUtilsHelper: onFocusedWindowChanged: Instance: com.oculus.common.activitymanager.ActivityManagerUtilsHelper@776f98e, topWindowUid: 1000, focusedApp: android.uid.system:1000, previousApp: com.epicgames.AtomVR
12-31 02:25:34.313  3233  3233 V MetaCam (ForegroundAppChecker): Current foreground package is android.uid.system:1000.
12-31 02:25:34.313  1151 28161 I VrRuntimeClient: DEVICE MODEL NUMBER = Quest 2
12-31 02:25:34.313  1151 28161 I VrRuntimeClient: DEVICE BUILD NAME = SQ3A.220605.009.A1
12-31 02:25:34.313  1151 28161 I VrRuntimeClient: DEVICE BUILD TYPE = user
12-31 02:25:34.313  1151 28161 I VrRuntimeClient: DEVICE OS VERSION = 12
12-31 02:25:34.313  1151 28161 I VrRuntimeClient: API LOADER VERSION = 1.56.0
12-31 02:25:34.313  1151 28161 I VrRuntimeClient: RUNTIME API VERSION = 1.76.0
12-31 02:25:34.313  1151 28161 I VrRuntimeClient: RUNTIME VERSION = 59.0.0.172.706 Nov  6 2023 00:25:46 RELEASE
12-31 02:25:34.313  1151 28161 I VrRuntimeClient: APP NAME = Android System
12-31 02:25:34.313  1151 28161 I VrRuntimeClient: APP VERSION = 12 versionCode 32 internalVersionName <none>
12-31 02:25:34.313  1151 28161 I VrRuntimeClient: APP VR TYPE = <none>
12-31 02:25:34.313  1151 28161 I VrRuntimeClient: APP MODE TYPE = <none>
12-31 02:25:34.313  1151 28161 I VrRuntimeClient: APP PACKAGE NAME = android
12-31 02:25:34.313  1151 28161 I VrRuntimeClient: APP ACTIVITY CLASS = com.oculus.os.DialogContext
12-31 02:25:34.313  1151 28161 I Sensor  : OSSDKTRACKING Initializing head tracking
12-31 02:25:34.313  1151 28161 D OsSdk   : TrackingServiceConnection ctor
12-31 02:25:34.313  1151 28161 I Sensor  : OSSDKTRACKING Head tracker != nullpointer 0xb400007d3056a2b8, 1
12-31 02:25:34.313  1151 28161 I Sensor  : OSSDKTRACKING Initializing controller tracking
12-31 02:25:34.313  1151 28161 I Sensor  : OSSDKTRACKING Controller tracker != nullpointer 0xb400007d07aa3970, 1
12-31 02:25:34.313  3233  3233 D FileCapture: Async on app switch
12-31 02:25:34.313  3233  8815 D MetaCam (MediaCapabilityChecker): checkMediaHasRecordingCapabilities packageName: android.uid.system:1000
12-31 02:25:34.313  3209 14322 I MRSVC   : MIXEDREALITY: MrServiceController: VrFocusManager::Top Activity Changed, topActivity now is: 'com.epicgames.AtomVR', immersiveApp now is: ''.
12-31 02:25:34.314  3209 14322 I MRSVC   : MIXEDREALITY: MrServiceController: VrFocusManager::Top Activity Changed, topActivity now is: 'com.epicgames.AtomVR', immersiveApp now is: ''.
12-31 02:25:34.314  3209 14322 I MRSVC   : MIXEDREALITY: MrServiceController: VrFocusManager::Top Activity Changed, topActivity now is: 'com.epicgames.AtomVR', immersiveApp now is: 'com.android.networkstack.inprocess'.
12-31 02:25:34.315  2321  2455 I [SEO] ShellAppBase: Immersive Activity Changed to: com.android.networkstack.inprocess
12-31 02:25:34.315  2321  2455 I [SEO] PanelAppHost: Exiting panel application 222 (com.oculus.systemux/com.oculus.panelapp.library.LibraryPanelService) on next frame with reason System Defined Closure.
12-31 02:25:34.315  1151  9164 D ActivityManager: Is background playback GK enabled: false Is background playback enabled for all apps: false
12-31 02:25:34.316  2321  2455 I [SEO] PanelAppHost: PanelAppHost destructor, panel 220 (com.oculus.systemux/com.oculus.panelapp.anytimeui.AnytimeUIPanelService)
12-31 02:25:34.316  2321  2455 I [SEO] PanelAppHost: Panel app 220 (com.oculus.systemux/com.oculus.panelapp.anytimeui.AnytimeUIPanelService) changing state from foreground to shutdown
12-31 02:25:34.316  1151 28161 I DeviceStatus: nativeHeadsetEvent(0)
12-31 02:25:34.316  2321  2455 D [SEO] ShellApplication: Unbinding service for panel app id 220
12-31 02:25:34.316  1151 28161 I VrRuntimeClient: SetCompositorClientFeatureFlag ClientFeatureFlag 0 
12-31 02:25:34.316  1151 28161 I FaceEyeTrackingManagerHelpers: [FaceEyeTrackingManager] Audio FT GK: 0
12-31 02:25:34.317   801 24328 D AF::TrackHandle: OpPlayAudio: track:76 uid:1000 pkg:android usage:13 not muted
12-31 02:25:34.317   801 20244 D AF::TrackHandle: OpPlayAudio: track:57 uid:10016 pkg:com.oculus.shellenv usage:1 muted
12-31 02:25:34.317  9166  9166 I PanelService: VR Shell socket closed(ECONNRESET); shutting down fd: 55
12-31 02:25:34.317  9166  9166 I PanelService: Quitting application via hardExit flag. Shutting down fd 55.
12-31 02:25:34.318  9166  9166 V LifecycleAwareViewModelStore: LifecycleAwareViewModelStore destroyed
12-31 02:25:34.318  9166  9166 V LifecycleAwarePanelApp: PanelApp lifecycle moved to final state: DESTROYED
12-31 02:25:34.318  9166  9166 I AndroidPanelApp: Destroyed
12-31 02:25:34.318  9166  9166 D [SUI] GraphQLExecutor: Destroying
12-31 02:25:34.318  9166  9166 D [SUI] PanelAppBase: Releasing viewModel StatusViewModel refCount: 1
12-31 02:25:34.318  9166  9166 D [SUI] AirlinkUtils: Destroying AirlinkUtils...
12-31 02:25:34.319  2732  3056 I PerformanceManager_ZSF: SetClockLevels: Force releasing clocks
12-31 02:25:34.319  9166  9166 I PresenceAPK(ServicePresenceClient): ServicePresenceClient close
12-31 02:25:34.319  2732  3056 I PerformanceManager_ZSF: perfmgr: SetClockLevels: Apply pending clock request change: 5,3 -> -1,-1
12-31 02:25:34.319  9166  9166 I PresenceAPK(GroupManager): removeListener with id AnchoredHomeGroup
12-31 02:25:34.319  9166  9166 I PresenceAPK(ServiceApiManager): onApiNotReady
12-31 02:25:34.319  9166  9166 D PresenceAPK(ServicePresenceClient): Calling onServiceDown
12-31 02:25:34.319  9166  9166 I PresenceAPK(GroupManager): disconnected
12-31 02:25:34.319  2732  3051 I Clocks  : ReleaseClocks - start
12-31 02:25:34.322  2020  2277 E OVRMediaServiceManager: LivestreamingManager Not initialized
12-31 02:25:34.323  2732  3051 I Clocks  : ReleaseClocks - end (4.2 ms)
12-31 02:25:34.324  9166  9166 D [SUI] PanelAppBase: Releasing viewModel DynamicAppsViewModel refCount: 1
12-31 02:25:34.324  9166  9166 D [SUI] BarView: Destroying BarView
12-31 02:25:34.324  9166  9166 D [SUI] SocialViewModel: removeObserver(): SystemStatusView$$ExternalSyntheticLambda9
12-31 02:25:34.324  9166  9166 D [SUI] PanelAppBase: Releasing viewModel SocialViewModel refCount: 0
12-31 02:25:34.324  9166  9166 D [SUI] SocialViewModel: Destroying ViewModel
12-31 02:25:34.324  9166  9166 D [SUI] PanelAppBase: Releasing viewModel SystemStatusViewModel refCount: 0
12-31 02:25:34.324  9166  9166 D [SUI] StatusViewModel: Destroying ViewModel
12-31 02:25:34.325  9166  9166 D [SUI] DynamicAppsView: Destroying DynamicAppsView on AUI bar
12-31 02:25:34.326  1151 28161 I RuntimeIPCClient [RUNTIMEIPC]: InitServerStateBuffer: SUCCESS. 0, Client: android.uid.system:1000:system_server:1151, Server: com.oculus.guardian:com.oculus.vrguardianservice (guardianserver)
12-31 02:25:34.326  1151 28161 I LogTimer: CPUTIME: VrRuntimeClient_BeginSession took 13.6185 ms
12-31 02:25:34.327  1151 28161 I ClientInputSettings: HANDTRACKING: enabled input settings, setting hand mode control settings to ControllersOnly
12-31 02:25:34.327  1151 28161 I ClientInputInterface: DEADRECKONING SetControllerTrackingExtendedDeadreckoning 0
12-31 02:25:34.327  2732 28142 I VrRuntimeService: RuntimeServiceSDKServer::SetControllerTrackingExtendedDeadreckoning: 348466910
12-31 02:25:34.327  1151 28161 I ClientInputSettings: HANDTRACKING package name is android
12-31 02:25:34.327  1151 28161 I ClientInputSettings: HANDTRACKING: Manifest Permission request for android
12-31 02:25:34.327  1151 28161 I ClientInputSettings: HANDTRACKING:  'android' Is hands or controller.
12-31 02:25:34.328  1151 28161 I ClientInputSettings: HANDTRACKING: feature flag set to 2
12-31 02:25:34.328  1151 28161 I ClientInputInterface: HANDTRACKING sethandmanifest 2
12-31 02:25:34.328  1151 28161 I InputDeviceManager: ovrInputDeviceManager::Initialize
12-31 02:25:34.328  3125 22922 I GuardianFocusListener: [GuardianFocusListener::onTopActivityChanged] updated TopActivityChangeEvent - topActivityName: com.epicgames.AtomVR, immersiveAppPackageName: com.android.networkstack.inprocess, isImmersiveAppTopActivity: false
12-31 02:25:34.328  9166  9166 D [SUI] MessengerCallViewModel: removeObserver
12-31 02:25:34.328  1151 28161 I HandPoseSampler: Setting samplerconfig enum 0
12-31 02:25:34.328  3125 22922 I GuardianFocusListener: [GuardianFocusListener::UpdateImmersiveAppState] Pending immersive app updated from com.epicgames.AtomVR to com.android.networkstack.inprocess
12-31 02:25:34.328  1151 28161 I HandPoseSampler: Setting samplerconfig enum 0
12-31 02:25:34.328  9166  9166 D [SUI] PanelAppBase: Releasing viewModel ActiveCallBarViewModel refCount: 0
12-31 02:25:34.328  1151 28161 I HandPoseSampler: Setting samplerconfig enum 0
12-31 02:25:34.328  1151 28161 I HandPoseSampler: Setting samplerconfig enum 0
12-31 02:25:34.328  9166  9166 I PresenceAPK(ServicePresenceClient): ServicePresenceClient close
12-31 02:25:34.328  1151 28161 I HandPoseSampler: Setting samplerconfig enum 0
12-31 02:25:34.328  1151 28161 I InputDevice_Hand: BodyPoweredHands checkSysPropForBodyAPIOverride 0
12-31 02:25:34.328  9166  9166 I PresenceAPK(GroupManager): removeListener with id SystemCallGroup
12-31 02:25:34.328  1151 28161 I HandPoseSampler: Setting samplerconfig enum 0
12-31 02:25:34.328  1151 28161 I InputDevice_Hand: BodyPoweredHands checkSysPropForBodyAPIOverride 0
12-31 02:25:34.328  9166  9166 I PresenceAPK(ServiceApiManager): onApiNotReady
12-31 02:25:34.328  9166  9166 D PresenceAPK(ServicePresenceClient): Calling onServiceDown
12-31 02:25:34.328  9166  9166 I PresenceAPK(GroupManager): disconnected
12-31 02:25:34.330  2732  3056 I PerformanceManager_ZSF: perfmgr: SetClockLevels: Apply pending clock request change: -1,-1 -> 2,3
12-31 02:25:34.330  2732  3051 I Clocks  : LockClocks( cpu=2, gpu=3 ) - start
12-31 02:25:34.331  2732  3051 I Clocks  : CPU levels [0, 8]
12-31 02:25:34.331  2732  3051 I Clocks  : GPU levels [0, 7]
12-31 02:25:34.331  1151 28161 D OsSdk   : TrackingServiceConnection registered
12-31 02:25:34.332  9166  9166 D [SUI] MessengerCallViewModel: removeObserver
12-31 02:25:34.332  9166  9166 D [SUI] PanelAppBase: Releasing viewModel MessengerCallViewModel refCount: 0
12-31 02:25:34.332  9166  9166 D [SUI] MessengerCallViewModel: released hyperspace client
12-31 02:25:34.332  9166  9166 D [SUI] MessengerCallViewModel: destroyed MessengerCallViewModel
12-31 02:25:34.332  9166  9166 D [SUI] MessengerCallBarViewModel: destroyed MessengerCallBarViewModel
12-31 02:25:34.332  9166  9166 D [SUI] AndroidCallBarViewModel: destroyed MessengerCallBarViewModel
12-31 02:25:34.332  9166  9166 D [SUI] PanelAppBase: Releasing viewModel DynamicAppsViewModel refCount: 0
12-31 02:25:34.332  9166  9166 D [SUI] DynamicAppsViewModel: Destroying DynamicAppsViewModel
12-31 02:25:34.332  9166  9166 D [SUI] PanelAppBase: Releasing viewModel BarViewModel refCount: 0
12-31 02:25:34.332  9166  9166 D [SUI] BarViewModel: Destroying BarViewModel
12-31 02:25:34.332  9166  9166 D [SUI] PanelAppBase: Releasing viewModel StatusViewModel refCount: 0
12-31 02:25:34.332  9166  9166 D [SUI] StatusViewModel: Destroying ViewModel
12-31 02:25:34.332  2732  3051 I Clocks  : LockClocks( cpu=2, gpu=3 ) - end (2.3 ms)
12-31 02:25:34.333  3209  3274 W PhaseSync: [PS_Ver_1_0] DiscardFrame is triggered, frame->Stage 2 FrameBeginIndex 128463 
12-31 02:25:34.333  3209  3274 I MRSVC   : MIXEDREALITY: OpenXrSupport: OpenXR qualified success: xrBeginFrame(clientState_.session, &beginFrameDesc): XR_FRAME_DISCARDED
12-31 02:25:34.333  9166  9166 I [SUI] AnytimeUIPanelApp: Destroyed AUI PanelApp, isInOverlay: true, instanceCount: 1
12-31 02:25:34.336   952  1132 E TrackingService: Failed to open cmdline file, can't determine package name
12-31 02:25:34.338   952  1132 D TrackingService: getSharedMemory: com.android.networkstack.inprocess#1151, HeadTracker
12-31 02:25:34.338  1151 12740 W InputManager-JNI: Input channel object 'daca868 com.oculus.systemux (client)' was disposed without first being removed with the input manager!
