12-26 23:30:34.694   945  1425 I Tracking: LOCALIZATION_POSE_ESTIMATOR: Post-RANSAC iterative minimization converged? false, number of successful features: 1, number of inlier observations: 1
12-26 23:30:34.695   945  1425 I Tracking: LOCALIZATION_POSE_ESTIMATOR: Keeping RANSAC pose estimate, iterative-minimization result ignored.
12-26 23:30:34.695   945  1425 I Tracking: LOCALIZATION_POSE_ESTIMATOR: Removed 1 duplicate inliers from the localization result (before: 4, after: 3).
12-26 23:30:34.695   945  1425 I Tracking: LOCALIZATION_POSE_ESTIMATOR: removing duplicate inliers
12-26 23:30:34.695   945  1425 W Tracking: VEGA_LOCALIZER: RANSAC failure: didn't find enough inliers for next step. Needs at least 4, got 3.
12-26 23:30:34.804  1985 14814 I VrApi   : FPS=2/0,Prd=0ms,Tear=0,Early=0,Stale=0,Stale2/5/10/max=0/0/0/0,VSnc=0,Lat=-1,Fov=0,CPU4/GPU=5/3,1478/490MHz,OC=FF,TA=0/F/0,SP=N/N/N,Mem=2092MHz,Free=3218MB,PLS=0,Temp=28.5C/0.0C,TW=1.05ms,App=-47.38ms,GD=0.00ms,CPU&GPU=0.00ms,LCnt=1(DR0,LM0),GPU%=0.12,CPU%=0.11(W0.13),DSF=1.00,CFL=11.97/17.27,ICFLp95=15.27,LD=0,SF=0.00,LP=0,DVFS=0
12-26 23:30:34.871   945  1423 I Tracking: LocalizationStateMachine: All 1 submap set to load (and no more) are already in memory
12-26 23:30:34.871   945  1423 I Tracking: LocalizationStateMachine: Ignoring submap sets to be loaded since they are already all in memory.
12-26 23:30:34.871   945  1423 I Tracking: LocalizationStateMachine: Not scheduling coarse localization since last coarse reloc is < 1s old.
12-26 23:30:34.871   945  1423 I Tracking: LocalizationStateMachine: LocalizationStateMachine updated from CoarseAndFineLocalization to FineLocalizationOnly
12-26 23:30:34.872   945  1423 I Tracking: VEGA_MAPPER: Scheduling localization on root nodes 3c06380f-0958-3898-3af7-75699c3213b3.
12-26 23:30:34.926   945  1423 I Tracking: VEGA_LOCALIZER: Fallback descriptor ratio in index 0.4883193373680115 is lower than threshold 0.7, skipping fallback matching
12-26 23:30:34.929   945  1423 I Tracking: VEGA_LOCALIZER: Obtained 41 matches from 992 keypoints using udeep descriptors
12-26 23:30:34.929   945  1423 I Tracking: VEGA_LOCALIZER: Obtained 41 total matches from 992 total keypoints
12-26 23:30:34.930   945  1425 I Tracking: LOCALIZATION_POSE_ESTIMATOR: No pose scoring method was provided, not doing pose scoring
12-26 23:30:34.931   945  1425 I Tracking: LOCALIZATION_POSE_ESTIMATOR: Clustered estimation results from: 1 to : 1
12-26 23:30:34.931   945  1425 I Tracking: LOCALIZATION_POSE_ESTIMATOR: Post-RANSAC iterative minimization converged? false, number of successful features: 2, number of inlier observations: 5
12-26 23:30:34.931   945  1425 I Tracking: LOCALIZATION_POSE_ESTIMATOR: Keeping RANSAC pose estimate, iterative-minimization result ignored.
12-26 23:30:34.931   945  1425 I Tracking: LOCALIZATION_POSE_ESTIMATOR: Removed 2 duplicate inliers from the localization result (before: 4, after: 2).
12-26 23:30:34.931   945  1425 I Tracking: LOCALIZATION_POSE_ESTIMATOR: removing duplicate inliers
12-26 23:30:34.931   945  1425 W Tracking: VEGA_LOCALIZER: RANSAC failure: didn't find enough inliers for next step. Needs at least 4, got 2.
12-26 23:30:35.001 14681 15290 I VrApi   : FPS=55/72,Prd=56ms,Tear=0,Early=4,Stale=20,Stale2/5/10/max=2/0/0/2,VSnc=0,Lat=-1,Fov=0,CPU4/GPU=5/4,1478/525MHz,OC=FF,TA=0/0/0,SP=N/N/N,Mem=2092MHz,Free=2596MB,PLS=0,Temp=28.5C/0.0C,TW=1.74ms,App=15.22ms,GD=0.00ms,CPU&GPU=29.56ms,LCnt=1(DR72,LM0),GPU%=1.00,CPU%=0.35(W0.40),DSF=1.00,CFL=15.85/23.97,ICFLp95=21.23,LD=0,SF=1.00,LP=0,DVFS=0
12-26 23:30:35.112   945  1423 I Tracking: LocalizationStateMachine: Not scheduling coarse localization since last coarse reloc is < 1s old.
12-26 23:30:35.112   945  1423 I Tracking: VEGA_MAPPER: Scheduling localization on root nodes 3c06380f-0958-3898-3af7-75699c3213b3.
12-26 23:30:35.170   945  1423 I Tracking: VEGA_LOCALIZER: Fallback descriptor ratio in index 0.4883193373680115 is lower than threshold 0.7, skipping fallback matching
12-26 23:30:35.172   945  1423 I Tracking: VEGA_LOCALIZER: Obtained 53 matches from 993 keypoints using udeep descriptors
12-26 23:30:35.172   945  1423 I Tracking: VEGA_LOCALIZER: Obtained 53 total matches from 993 total keypoints
12-26 23:30:35.173   945  1425 I Tracking: LOCALIZATION_POSE_ESTIMATOR: No pose scoring method was provided, not doing pose scoring
12-26 23:30:35.174   945  1425 I Tracking: LOCALIZATION_POSE_ESTIMATOR: Clustered estimation results from: 1 to : 1
12-26 23:30:35.175   945  1425 I Tracking: LOCALIZATION_POSE_ESTIMATOR: Post-RANSAC iterative minimization converged? false, number of successful features: 1, number of inlier observations: 4
12-26 23:30:35.175   945  1425 I Tracking: LOCALIZATION_POSE_ESTIMATOR: Keeping RANSAC pose estimate, iterative-minimization result ignored.
12-26 23:30:35.175   945  1425 I Tracking: LOCALIZATION_POSE_ESTIMATOR: Removed 2 duplicate inliers from the localization result (before: 6, after: 4).
12-26 23:30:35.175   945  1425 I Tracking: LOCALIZATION_POSE_ESTIMATOR: removing duplicate inliers
12-26 23:30:35.175   945  1425 W Tracking: VEGA_LOCALIZER: RANSAC failure: pose couldn't be refined.
12-26 23:30:35.354   945  1423 I Tracking: Vega:MapBuilderBase: Created keyRig with frameID 186 and uid 8bcbac8a
12-26 23:30:35.358   945  1423 I Tracking: LocalizationStateMachine: Not scheduling coarse localization since last coarse reloc is < 1s old.
12-26 23:30:35.359   945  1423 I Tracking: KEYPOINT_CACHE: New keyrig added has 97 corners and 178 tracks to immature points @ frameID=186, processingTs=75438.813213773 [sec]
12-26 23:30:35.359   945  1423 I Tracking: VEGA_MAPPER: Scheduling localization on root nodes 3c06380f-0958-3898-3af7-75699c3213b3.
12-26 23:30:35.361   945  1423 I Tracking: VegaBAOptimize: Num points adjusted: 141 fixed: 0 Num residuals in-in: 527 in-out: 108 out-in: 0 fixed (out-out): 0 outside ROI: 0 total: 635
12-26 23:30:35.362   945  1423 I Tracking: VegaBAOptimize: Total: neighbor 1 L1s, adjust 1 L1s. KRs 6, Points 141, Cameras 24, FixedKr (small bubble) 1 (1), AdjustKR 5, Imus 5
12-26 23:30:35.365   945  1425 I Tracking: VIPER:DEEP_DESCRIPTOR: Computing Deep Descriptors using gravity orientation.
12-26 23:30:35.372   945  1423 I Tracking: VegaBAOptimize: resRemoved = 22, pntRemoved = 1
12-26 23:30:35.417   945  1424 I Tracking: VegaMapIO: VegaMapIO::saveKeypoints called for keyrigUid = 8bcbac8a-0ddd-3724-0c68-26a4888274a7
12-26 23:30:35.432   945  1423 I Tracking: VEGA_LOCALIZER: Fallback descriptor ratio in index 0.4883193373680115 is lower than threshold 0.7, skipping fallback matching
12-26 23:30:35.432   945  1425 I Tracking: VEGA_LOCALIZER: Computed 1104 orb descriptors that will be used for PBR or Orphans descriptor
12-26 23:30:35.432   945  1425 I Tracking: VEGA_LOCALIZER: Computed 1163 udeep descriptors that will be used for PBR or Orphans descriptor
12-26 23:30:35.435   945  1423 I Tracking: VEGA_LOCALIZER: Obtained 48 matches from 1246 keypoints using udeep descriptors
12-26 23:30:35.436   945  1423 I Tracking: VEGA_LOCALIZER: Obtained 48 total matches from 1246 total keypoints
12-26 23:30:35.437   945  1425 I Tracking: LOCALIZATION_POSE_ESTIMATOR: No pose scoring method was provided, not doing pose scoring
12-26 23:30:35.438   945  1425 I Tracking: LOCALIZATION_POSE_ESTIMATOR: Clustered estimation results from: 1 to : 1
12-26 23:30:35.438   945  1425 I Tracking: LOCALIZATION_POSE_ESTIMATOR: Post-RANSAC iterative minimization converged? false, number of successful features: 1, number of inlier observations: 1
12-26 23:30:35.438   945  1425 I Tracking: LOCALIZATION_POSE_ESTIMATOR: Keeping RANSAC pose estimate, iterative-minimization result ignored.
12-26 23:30:35.438   945  1425 I Tracking: LOCALIZATION_POSE_ESTIMATOR: Removed 1 duplicate inliers from the localization result (before: 6, after: 5).
12-26 23:30:35.438   945  1425 I Tracking: LOCALIZATION_POSE_ESTIMATOR: removing duplicate inliers
12-26 23:30:35.438   945  1425 W Tracking: VEGA_LOCALIZER: RANSAC failure: pose couldn't be refined.
12-26 23:30:35.439   945  1423 I Tracking: VEGA_LOCALIZER: Added 72/82 orb descriptors to the index. It has 2225 descriptors for 235 points, with stdev: 0.63 and max: 3.45.
12-26 23:30:35.442   945  1423 I Tracking: VEGA_LOCALIZER: Added place descriptor to keyrig h[70, 30]. PBR meta: type: vlad, descriptor: orb, version: 1, num_words: 256
12-26 23:30:35.443   945  1423 I Tracking: VEGA_LOCALIZER: Added 76/83 udeep descriptors to the index. It has 2332 descriptors for 235 points, with stdev: 0.79 and max: 5.05.
12-26 23:30:35.447   945  1423 I Tracking: VEGA_LOCALIZER: Added place descriptor to keyrig h[70, 30]. PBR meta: type: vlad, descriptor: udeep, version: 1, num_words: 256
12-26 23:30:35.447   945  1423 I Tracking: VEGA_LOCALIZER: New descriptors added - Regular: 148, Immature: 0, Resampled by OrphanDescriptors: 0. # Total descriptors: 2225 fallback and 2332 primary.
12-26 23:30:35.590   945  1423 I Tracking: LocalizationStateMachine: Not scheduling coarse localization since last coarse reloc is < 1s old.
12-26 23:30:35.590   945  1423 I Tracking: VEGA_MAPPER: Scheduling localization on root nodes 3c06380f-0958-3898-3af7-75699c3213b3.
12-26 23:30:35.644   945  1423 I Tracking: VEGA_LOCALIZER: Fallback descriptor ratio in index 0.48825982213020325 is lower than threshold 0.7, skipping fallback matching
12-26 23:30:35.647   945  1423 I Tracking: VEGA_LOCALIZER: Obtained 32 matches from 995 keypoints using udeep descriptors
12-26 23:30:35.647   945  1423 I Tracking: VEGA_LOCALIZER: Obtained 32 total matches from 995 total keypoints
12-26 23:30:35.648   945  1425 I Tracking: LOCALIZATION_POSE_ESTIMATOR: No pose scoring method was provided, not doing pose scoring
12-26 23:30:35.649   945  1425 I Tracking: LOCALIZATION_POSE_ESTIMATOR: Clustered estimation results from: 1 to : 1
12-26 23:30:35.649   945  1425 I Tracking: LOCALIZATION_POSE_ESTIMATOR: Post-RANSAC iterative minimization converged? false, number of successful features: 0, number of inlier observations: 0
12-26 23:30:35.649   945  1425 I Tracking: LOCALIZATION_POSE_ESTIMATOR: Keeping RANSAC pose estimate, iterative-minimization result ignored.
12-26 23:30:35.649   945  1425 I Tracking: LOCALIZATION_POSE_ESTIMATOR: Removed 3 duplicate inliers from the localization result (before: 5, after: 2).
12-26 23:30:35.649   945  1425 I Tracking: LOCALIZATION_POSE_ESTIMATOR: removing duplicate inliers
12-26 23:30:35.649   945  1425 W Tracking: VEGA_LOCALIZER: RANSAC failure: didn't find enough inliers for next step. Needs at least 4, got 2.
12-26 23:30:35.821  1985 14814 I VrApi   : FPS=2/0,Prd=0ms,Tear=0,Early=0,Stale=0,Stale2/5/10/max=0/0/0/0,VSnc=0,Lat=-1,Fov=0,CPU4/GPU=5/3,1478/490MHz,OC=FF,TA=0/F/0,SP=N/N/N,Mem=2092MHz,Free=3218MB,PLS=0,Temp=28.5C/0.0C,TW=1.05ms,App=-47.38ms,GD=0.00ms,CPU&GPU=0.00ms,LCnt=1(DR0,LM0),GPU%=0.12,CPU%=0.11(W0.13),DSF=1.00,CFL=11.97/17.27,ICFLp95=15.27,LD=0,SF=0.00,LP=0,DVFS=0
12-26 23:30:35.827   945  1423 I Tracking: Vega:MapBuilderBase: Created keyRig with frameID 198 and uid 09790dd9
12-26 23:30:35.833   945  1423 I Tracking: LocalizationStateMachine: LocalizationStateMachine updated from FineLocalizationOnly to CoarseAndFineLocalization
12-26 23:30:35.834   945  1423 I Tracking: KEYPOINT_CACHE: New keyrig added has 144 corners and 131 tracks to immature points @ frameID=198, processingTs=75439.286104241 [sec]
12-26 23:30:35.834   945  1423 I Tracking: VEGA_MAPPER: Scheduling coarse localization.
12-26 23:30:35.834   945  1423 I Tracking: VEGA_MAPPER: Scheduling localization on root nodes 3c06380f-0958-3898-3af7-75699c3213b3.
12-26 23:30:35.834   945  1429 E Tracking: FusedSubmapListProvider: fusion logic INTERSECTION_RANKED
12-26 23:30:35.835   945  1429 I Tracking: WifiSubmapListProvider: Using wifi distance model
12-26 23:30:35.839   945  1423 I Tracking: VegaBAOptimize: Num points adjusted: 174 fixed: 0 Num residuals in-in: 698 in-out: 108 out-in: 0 fixed (out-out): 0 outside ROI: 0 total: 806
12-26 23:30:35.839   945  1423 I Tracking: VegaBAOptimize: Total: neighbor 1 L1s, adjust 1 L1s. KRs 7, Points 174, Cameras 28, FixedKr (small bubble) 1 (1), AdjustKR 6, Imus 6
12-26 23:30:35.853   945  1429 W Tracking: PlaceRecognitionSubmapListProvider: Requested to extract top 20 submaps but we only have 4 in disk.
12-26 23:30:35.875   945  1423 I Tracking: VegaBAOptimize: resRemoved = 19, pntRemoved = 1
12-26 23:30:35.915   945  1424 I Tracking: VegaMapIO: VegaMapIO::saveKeypoints called for keyrigUid = 09790dd9-2cb5-d410-3c77-19100e6c112a
12-26 23:30:35.928   945  1423 I Tracking: VEGA_LOCALIZER: Fallback descriptor ratio in index 0.48825982213020325 is lower than threshold 0.7, skipping fallback matching
12-26 23:30:35.928   945  1425 I Tracking: VEGA_LOCALIZER: Computed 1059 orb descriptors that will be used for PBR or Orphans descriptor
12-26 23:30:35.928   945  1425 I Tracking: VEGA_LOCALIZER: Computed 1125 udeep descriptors that will be used for PBR or Orphans descriptor
12-26 23:30:35.933   945  1423 I Tracking: VEGA_LOCALIZER: Obtained 40 matches from 1258 keypoints using udeep descriptors
12-26 23:30:35.933   945  1423 I Tracking: VEGA_LOCALIZER: Obtained 40 total matches from 1258 total keypoints
12-26 23:30:35.934   945  1425 I Tracking: LOCALIZATION_POSE_ESTIMATOR: No pose scoring method was provided, not doing pose scoring
12-26 23:30:35.936   945  1425 I Tracking: LOCALIZATION_POSE_ESTIMATOR: Clustered estimation results from: 1 to : 1
12-26 23:30:35.936   945  1425 I Tracking: LOCALIZATION_POSE_ESTIMATOR: Post-RANSAC iterative minimization converged? false, number of successful features: 3, number of inlier observations: 6
12-26 23:30:35.936   945  1425 I Tracking: LOCALIZATION_POSE_ESTIMATOR: Keeping RANSAC pose estimate, iterative-minimization result ignored.
12-26 23:30:35.936   945  1425 I Tracking: LOCALIZATION_POSE_ESTIMATOR: Removed 1 duplicate inliers from the localization result (before: 6, after: 5).
12-26 23:30:35.936   945  1425 I Tracking: LOCALIZATION_POSE_ESTIMATOR: removing duplicate inliers
12-26 23:30:35.936   945  1425 W Tracking: VEGA_LOCALIZER: RANSAC failure: pose couldn't be refined.
12-26 23:30:35.937   945  1423 I Tracking: VEGA_LOCALIZER: Added 116/127 orb descriptors to the index. It has 2341 descriptors for 268 points, with stdev: 0.62 and max: 3.39.
12-26 23:30:35.940   945  1423 I Tracking: VEGA_LOCALIZER: Added place descriptor to keyrig h[71, 28]. PBR meta: type: vlad, descriptor: orb, version: 1, num_words: 256
12-26 23:30:35.942   945  1423 I Tracking: VEGA_LOCALIZER: Added 116/133 udeep descriptors to the index. It has 2448 descriptors for 268 points, with stdev: 0.78 and max: 4.92.
12-26 23:30:35.946   945  1423 I Tracking: VEGA_LOCALIZER: Added place descriptor to keyrig h[71, 28]. PBR meta: type: vlad, descriptor: udeep, version: 1, num_words: 256
12-26 23:30:35.946   945  1423 I Tracking: VEGA_LOCALIZER: New descriptors added - Regular: 232, Immature: 0, Resampled by OrphanDescriptors: 0. # Total descriptors: 2341 fallback and 2448 primary.
12-26 23:30:36.001 14681 15290 I VrApi   : FPS=54/72,Prd=55ms,Tear=0,Early=5,Stale=20,Stale2/5/10/max=2/0/0/2,VSnc=0,Lat=-1,Fov=0,CPU4/GPU=5/4,1478/525MHz,OC=FF,TA=0/0/0,SP=N/N/N,Mem=2092MHz,Free=2596MB,PLS=0,Temp=28.5C/0.0C,TW=1.79ms,App=16.69ms,GD=0.00ms,CPU&GPU=29.15ms,LCnt=1(DR72,LM0),GPU%=0.99,CPU%=0.44(W0.50),DSF=1.00,CFL=14.89/21.76,ICFLp95=19.09,LD=0,SF=1.00,LP=0,DVFS=0
12-26 23:30:36.070   945  1423 I Tracking: LocalizationStateMachine: All 1 submap set to load (and no more) are already in memory
12-26 23:30:36.070   945  1423 I Tracking: LocalizationStateMachine: Ignoring submap sets to be loaded since they are already all in memory.
12-26 23:30:36.070   945  1423 I Tracking: LocalizationStateMachine: Not scheduling coarse localization since last coarse reloc is < 1s old.
12-26 23:30:36.070   945  1423 I Tracking: LocalizationStateMachine: LocalizationStateMachine updated from CoarseAndFineLocalization to FineLocalizationOnly
12-26 23:30:36.070   945  1423 I Tracking: VEGA_MAPPER: Scheduling localization on root nodes 3c06380f-0958-3898-3af7-75699c3213b3.
12-26 23:30:36.129   945  1423 I Tracking: VEGA_LOCALIZER: Fallback descriptor ratio in index 0.48882856965065 is lower than threshold 0.7, skipping fallback matching
12-26 23:30:36.136   945  1423 I Tracking: VEGA_LOCALIZER: Obtained 33 matches from 992 keypoints using udeep descriptors
12-26 23:30:36.136   945  1423 I Tracking: VEGA_LOCALIZER: Obtained 33 total matches from 992 total keypoints
12-26 23:30:36.137   945  1425 I Tracking: LOCALIZATION_POSE_ESTIMATOR: No pose scoring method was provided, not doing pose scoring
12-26 23:30:36.138   945  1425 I Tracking: LOCALIZATION_POSE_ESTIMATOR: Clustered estimation results from: 1 to : 1
12-26 23:30:36.138   945  1425 I Tracking: LOCALIZATION_POSE_ESTIMATOR: Post-RANSAC iterative minimization converged? true, number of successful features: 3, number of inlier observations: 4
12-26 23:30:36.138   945  1425 I Tracking: LOCALIZATION_POSE_ESTIMATOR: Removed 1 duplicate inliers from the localization result (before: 4, after: 3).
12-26 23:30:36.138   945  1425 I Tracking: LOCALIZATION_POSE_ESTIMATOR: removing duplicate inliers
12-26 23:30:36.138   945  1425 W Tracking: VEGA_LOCALIZER: RANSAC failure: didn't find enough inliers for next step. Needs at least 4, got 3.
12-26 23:30:36.310   945  1423 I Tracking: Vega:MapBuilderBase: Created keyRig with frameID 210 and uid 13a82671
12-26 23:30:36.315   945  1423 I Tracking: LocalizationStateMachine: Not scheduling coarse localization since last coarse reloc is < 1s old.
12-26 23:30:36.315   945  1423 I Tracking: KEYPOINT_CACHE: New keyrig added has 209 corners and 129 tracks to immature points @ frameID=210, processingTs=75439.769450491 [sec]
12-26 23:30:36.316   945  1423 I Tracking: VEGA_MAPPER: Scheduling localization on root nodes 3c06380f-0958-3898-3af7-75699c3213b3.
12-26 23:30:36.324   945  1423 I Tracking: VegaBAOptimize: Num points adjusted: 228 fixed: 0 Num residuals in-in: 986 in-out: 107 out-in: 0 fixed (out-out): 0 outside ROI: 0 total: 1093
12-26 23:30:36.325   945  1423 I Tracking: VegaBAOptimize: Total: neighbor 1 L1s, adjust 1 L1s. KRs 8, Points 228, Cameras 32, FixedKr (small bubble) 1 (1), AdjustKR 7, Imus 7
12-26 23:30:36.354   945  1423 I Tracking: VegaBAOptimize: resRemoved = 27, pntRemoved = 0
12-26 23:30:36.368  2802  3044 I [OAO] FlowController: UpdateActiveFlow from NonModalFlow to (none)
12-26 23:30:36.368  2802  3044 I [OAO] NonModalFlow: Deactivated
12-26 23:30:36.374  2802  3044 I [OAO] ShellAppBase: ResolveInteractionState: change from Rendering to None
12-26 23:30:36.374  2802  3044 I [OAO] ShellAppBase: LeaveVrMode: Interaction state from Rendering to None
12-26 23:30:36.374  2802  3044 I [OAO] ShellTransitionState: Logging ShellTransitionState to dumpsys: {"state":"Backgrounding","timeMillis":"75439833"}
12-26 23:30:36.374  2802  3044 I [OAO] ShellAppBase: EmptyFrame: Pushing an empty frame
12-26 23:30:36.376   945  1424 I Tracking: VegaMapIO: VegaMapIO::saveKeypoints called for keyrigUid = 13a82671-3f7e-b994-0da8-d241ff49f6ae
12-26 23:30:36.382  2802  3044 I [OAO] VrPlatformOpenXr: VrPlatformOpenXr::SetPropInhibitHandleHomeKey inhibit:0
12-26 23:30:36.382  2802  3044 I OpenXR_DeviceSettings: ------------ xrSetDeviceSettingBooleanFB -----------
12-26 23:30:36.382  2802  3044 I ClientInputSettings: SetInhibitHandleHomeKey = false for com.oculus.vrshell
12-26 23:30:36.382  2802  3044 I ClientInputInterface: SetInhibitHandleHomeKey 0 for process com.oculus.vrshell 2802
12-26 23:30:36.382  2802  3044 I [OAO] VrPlatformOpenXr: VrPlatformOpenXr::SetPropInhibitHandleHomeKey result = 0
12-26 23:30:36.382  2802  3044 I [OAO] DesktopPanelControllerAnalytics: DesktopPanelControllerAnalytics flushing telemetry
12-26 23:30:36.382  2802  3044 I [OAO] DesktopPanelControllerAnalytics: FlushPendingDesktopMetrics Tablet
12-26 23:30:36.384  2802  3044 I [OAO] VrPlatformOpenXr: RequestEndSession state XR_SESSION_STATE_FOCUSED    focused:1
12-26 23:30:36.384  2802  3044 D [OAO] ShellApplication: setOverlayInputFocus: inputFocus=false
12-26 23:30:36.385  2802  3044 D [OAO] BaseOverlayService: setOverlayInputFocus : entrypoint - inputFocus=false
12-26 23:30:36.385  2802  3044 I OpenXR  : ------------ RequestExitSession [start] -----------
12-26 23:30:36.385  2802  3044 I OpenXR  : ------------ RequestExitSession [end] -----------
12-26 23:30:36.385  2802  3044 I OpenXR  : PostSessionStateChange: XR_SESSION_STATE_FOCUSED -> XR_SESSION_STATE_VISIBLE
12-26 23:30:36.385  2802  3044 I Deque   : AddEventToQueue called. eventInfo.type: 18, eventInfo.next: 1
12-26 23:30:36.385  2802  3044 I [OAO] VrPlatformOpenXr: xrPollEvent: received XR_TYPE_EVENT_DATA_SESSION_STATE_CHANGED: 4 for session 0x200000000000002 at time 75439.844728
12-26 23:30:36.385  2802  3044 I [OAO] VrPlatformOpenXr: Session state changed XR_SESSION_STATE_VISIBLE
12-26 23:30:36.385  2802  3044 I OpenXR  : PostSessionStateChange: XR_SESSION_STATE_VISIBLE -> XR_SESSION_STATE_SYNCHRONIZED
12-26 23:30:36.385  2802  3044 I Deque   : AddEventToQueue called. eventInfo.type: 18, eventInfo.next: 1
12-26 23:30:36.386  2802  3044 I [OAO] VrPlatformOpenXr: xrPollEvent: received XR_TYPE_EVENT_DATA_SESSION_STATE_CHANGED: 3 for session 0x200000000000002 at time 75439.845160
12-26 23:30:36.386  2802  3044 I [OAO] VrPlatformOpenXr: Session state changed XR_SESSION_STATE_SYNCHRONIZED
12-26 23:30:36.387  2802  3044 I OpenXR  : PostSessionStateChange: XR_SESSION_STATE_SYNCHRONIZED -> XR_SESSION_STATE_STOPPING
12-26 23:30:36.387  2802  3044 I Deque   : AddEventToQueue called. eventInfo.type: 18, eventInfo.next: 1
12-26 23:30:36.387  2802  3044 I [OAO] VrPlatformOpenXr: xrPollEvent: received XR_TYPE_EVENT_DATA_SESSION_STATE_CHANGED: 6 for session 0x200000000000002 at time 75439.846479
12-26 23:30:36.387  2802  3044 I [OAO] VrPlatformOpenXr: Session state changed XR_SESSION_STATE_STOPPING
12-26 23:30:36.387  2802  3044 I [OAO] VrPlatformOpenXr: EndSession state XR_SESSION_STATE_STOPPING    focused:0
12-26 23:30:36.387  2802  3044 I [OAO] VrPlatformOpenXr: EndSession calling MrServiceClient EndSession
12-26 23:30:36.387  2802  3044 I OpenXR_Passthrough: ------------ xrPassthroughPauseFB -----------
12-26 23:30:36.387  3217  3294 I MRSVC   : MIXEDREALITY: MrFeatureStatus: Passthrough: Client 3224358056 status changed from Started to Paused.
12-26 23:30:36.387  3217  3294 I MRSVC   : MIXEDREALITY: MrFeatureStatus: Passthrough: Target status Paused, CurrentStatus: Started
12-26 23:30:36.387  3217  3294 I MRSVC   : MIXEDREALITY: MrFeatureStatus: Operation chain: Pause
12-26 23:30:36.388  3217  3294 I MRSVC   : MIXEDREALITY: MrFeatureStatus: Passthrough: Global status changed from Started to Paused.
12-26 23:30:36.388  3217  3294 I MRSVC   : MIXEDREALITY: MrServiceController: Queuing command linked to operation Pause for feature 0, client 3224358056
12-26 23:30:36.388  3217  3278 I MRSVC   : MIXEDREALITY: MrServiceController: Executing passthroughPause on model for client 3224358056
12-26 23:30:36.388  3217  3278 I MRSVC   : MIXEDREALITY: MrServiceModel: passthroughPause()
12-26 23:30:36.388  3217  3278 I MRSVC   : MIXEDREALITY: MrServiceModel: passthroughPause: Paused Passthrough
12-26 23:30:36.389  3217  3278 I MRSVC   : MIXEDREALITY: MrRuntimeImpl: onPause: Capability Passthrough on device 2.
12-26 23:30:36.389   945  1423 I Tracking: VEGA_LOCALIZER: Fallback descriptor ratio in index 0.48882856965065 is lower than threshold 0.7, skipping fallback matching
12-26 23:30:36.390   945  1425 I Tracking: VEGA_LOCALIZER: Computed 940 orb descriptors that will be used for PBR or Orphans descriptor
12-26 23:30:36.390   945  1425 I Tracking: VEGA_LOCALIZER: Computed 1001 udeep descriptors that will be used for PBR or Orphans descriptor
12-26 23:30:36.390  2802  3044 I [OAO] VrPlatformOpenXr: EndSession MrServiceClient EndSession passed
12-26 23:30:36.390   924  3261 I MRSS    : MIXEDREALITY: MrSystemServiceIPCServer: ChangeMrCapabilityStatus: client 1701905111, capability Passthrough, command 0.
12-26 23:30:36.390  2802  3044 I [OAO] VrPlatformOpenXr: EndSession calling xrEndSession
12-26 23:30:36.390  2802  3044 I OpenXR  : ------------ xrEndSession [start] -----------
12-26 23:30:36.390  2802  3044 I VrApi   : OVR::Stats thread Suspend
12-26 23:30:36.390  2802  3044 I XrRuntimeUtils: XrRuntimeUtils::EndSession
12-26 23:30:36.391  3217  3278 I MRSVC   : MIXEDREALITY: MrRuntimeImpl: onPause: Capability Playspace on device 2.
12-26 23:30:36.391   924  3261 I MRSS    : MIXEDREALITY: MrSystemServiceIPCServer: ChangeMrCapabilityStatus: client 1701905111, capability Playspace, command 0.
12-26 23:30:36.391  2802  3044 I [CT]    : MIXEDREALITY: TREX: Suspending Insight MR session.
12-26 23:30:36.394   945  1423 I Tracking: VEGA_LOCALIZER: Obtained 31 matches from 1199 keypoints using udeep descriptors
12-26 23:30:36.394   945  1423 I Tracking: VEGA_LOCALIZER: Obtained 31 total matches from 1199 total keypoints
12-26 23:30:36.395   945  1425 I Tracking: LOCALIZATION_POSE_ESTIMATOR: No pose scoring method was provided, not doing pose scoring
12-26 23:30:36.396   945  1425 I Tracking: LOCALIZATION_POSE_ESTIMATOR: Clustered estimation results from: 1 to : 1
12-26 23:30:36.396   945  1425 I Tracking: LOCALIZATION_POSE_ESTIMATOR: Post-RANSAC iterative minimization converged? false, number of successful features: 0, number of inlier observations: 0
12-26 23:30:36.396   945  1425 I Tracking: LOCALIZATION_POSE_ESTIMATOR: Keeping RANSAC pose estimate, iterative-minimization result ignored.
12-26 23:30:36.396   945  1425 I Tracking: LOCALIZATION_POSE_ESTIMATOR: Removed 1 duplicate inliers from the localization result (before: 6, after: 5).
12-26 23:30:36.396   945  1425 I Tracking: LOCALIZATION_POSE_ESTIMATOR: removing duplicate inliers
12-26 23:30:36.396   945  1425 W Tracking: VEGA_LOCALIZER: RANSAC failure: pose couldn't be refined.
12-26 23:30:36.398   945  1423 I Tracking: VEGA_LOCALIZER: Added 172/192 orb descriptors to the index. It has 2513 descriptors for 323 points, with stdev: 0.61 and max: 3.67.
12-26 23:30:36.398  2802  3044 I VrRuntimeClient: DEVICE MODEL NUMBER = Quest 2
12-26 23:30:36.398  2802  3044 I VrRuntimeClient: DEVICE BUILD NAME = SQ3A.220605.009.A1
12-26 23:30:36.398  2802  3044 I VrRuntimeClient: DEVICE BUILD TYPE = user
12-26 23:30:36.398  2802  3044 I VrRuntimeClient: DEVICE OS VERSION = 12
12-26 23:30:36.398  2802  3044 I VrRuntimeClient: API LOADER VERSION = 1.0.29
12-26 23:30:36.398  2802  3044 I VrRuntimeClient: RUNTIME API VERSION = 1.0.29
12-26 23:30:36.398  2802  3044 I VrRuntimeClient: RUNTIME VERSION = 59.0.0.172.706 Nov  6 2023 00:25:46 RELEASE
12-26 23:30:36.398  2802  3044 I VrRuntimeClient: APP NAME = Oculus App Runtime
12-26 23:30:36.398  2802  3044 I VrRuntimeClient: APP VERSION = 59.0.0.172.706 versionCode 535797236 internalVersionName 59.0.0.172.706.64ce586c41bc 2023_11_09_18_27
12-26 23:30:36.398  2802  3044 I VrRuntimeClient: APP VR TYPE = vr_only
12-26 23:30:36.398  2802  3044 I VrRuntimeClient: APP MODE TYPE = VR
12-26 23:30:36.398  2802  3044 I VrRuntimeClient: APP PACKAGE NAME = com.oculus.vrshell
12-26 23:30:36.398  2802  3044 I VrRuntimeClient: APP ACTIVITY CLASS = com.oculus.vrshell.ShellApplication
12-26 23:30:36.401  2802  3044 I Sensor  : OSSDKTRACKING Shutdown tracking
12-26 23:30:36.401  2802  3044 I FaceEyeTrackingManagerHelpers: [FaceEyeTrackingManager] Audio FT GK: 0
12-26 23:30:36.401  2802  3044 I LogTimer: CPUTIME: VrRuntimeClient_EndSession took 9.6423 ms
12-26 23:30:36.401   945  1423 I Tracking: VEGA_LOCALIZER: Added place descriptor to keyrig h[72, 30]. PBR meta: type: vlad, descriptor: orb, version: 1, num_words: 256
12-26 23:30:36.402  2802  3044 I VrApi   : OVR::Stats thread stopped
12-26 23:30:36.402  2802  3044 I InputDeviceManager: ovrInputDeviceManager::~ovrInputDeviceManager
12-26 23:30:36.402   945  9887 D TrackingService: haptic socket already exists
12-26 23:30:36.402   945  9887 D TrackingService: getSocket: com.oculus.vrshell
12-26 23:30:36.402  2802  3044 I InputDevice_TrackedRemote: OSSDKTRACKING shutting down Haptics
12-26 23:30:36.402  2802  3044 I InputDevice_TrackedRemote: OSSDKTRACKING shutting down Haptics
12-26 23:30:36.402  2802  3044 I InputDevice_TrackedRemote: OSSDKTRACKING shutting down Haptics
12-26 23:30:36.402  2802  3044 I InputDevice_TrackedRemote: OSSDKTRACKING shutting down Haptics
12-26 23:30:36.402  2802  3044 I OSHandDataQuerier: OSSDKTRACKING shutting down HandsTracker
12-26 23:30:36.402  2802  3044 I OSHandDataQuerier: OSSDKTRACKING shutting down HandsTracker
12-26 23:30:36.403  2802  3044 D OsSdk   : TrackingServiceConnection dtor
12-26 23:30:36.403  3217  3278 W PhaseSync: [PS_Ver_1_0] DiscardFrame is triggered, frame->Stage 2 FrameBeginIndex 935 
12-26 23:30:36.403  3217  3278 I MRSVC   : MIXEDREALITY: OpenXrSupport: OpenXR qualified success: xrBeginFrame(clientState_.session, &beginFrameDesc): XR_FRAME_DISCARDED
12-26 23:30:36.403   945  9887 I TrackingService: Unregistering client by ITrackingService.unregisterClient
12-26 23:30:36.403   945  9887 I TrackingService: Failed to unregister client because client not found in registered list
12-26 23:30:36.403   945  9887 I TrackingService: Unregistering client by ITrackingService.unregisterClient
12-26 23:30:36.403   945  9887 I TrackingService: Failed to unregister client because client not found in registered list
12-26 23:30:36.403   945  9887 I TrackingService: Unregistering client by ITrackingService.unregisterClient
12-26 23:30:36.403   945  9887 I TrackingService: Failed to unregister client because client not found in registered list
12-26 23:30:36.403   945  9887 I TrackingService: Unregistering client by ITrackingService.unregisterClient
12-26 23:30:36.403   945  9887 I TrackingService: Unregistering client by ITrackingService.unregisterClient
12-26 23:30:36.403   945  9887 I TrackingService: Failed to unregister client because client not found in registered list
12-26 23:30:36.403  3217  3278 I MRSVC   : MIXEDREALITY: MrServiceView: renderIteration: Hibernating the rendering thread since ID is off and no active PT layers.
12-26 23:30:36.403  3217  3278 I MRSVC   : MIXEDREALITY: MrServiceModelBase: Hibernating caller (most likely rendering thread) due to commandQueue being empty.
12-26 23:30:36.403   945  9887 I TrackingService: Failed to unregister client because client not found in registered list
12-26 23:30:36.403   945  9887 I TrackingService: Failed to unregister client because client not found in registered list
12-26 23:30:36.403   945  9887 I TrackingService: Failed to unregister client because client not found in registered list
12-26 23:30:36.403   945  9887 I TrackingService: Failed to unregister client because client not found in registered list
12-26 23:30:36.403   945  9887 I TrackingService: Failed to unregister client because client not found in registered list
12-26 23:30:36.403   945  9887 I TrackingService: Failed to unregister client because client not found in registered list
12-26 23:30:36.403   945  9887 I TrackingService: Unregistering client by ITrackingService.unregisterClient
12-26 23:30:36.403   945  9887 I TrackingService: Failed to unregister client because client not found in registered list
12-26 23:30:36.403   945  9887 I TrackingService: Unregistering client by ITrackingService.unregisterClient
12-26 23:30:36.403   945  9887 I TrackingService: Failed to unregister client because client not found in registered list
12-26 23:30:36.403   945  9887 D TrackingService: unregister: com.oculus.vrshell
12-26 23:30:36.403  2802  3044 D OsSdk   : TrackingServiceConnection unregistered
12-26 23:30:36.404   945  1423 I Tracking: VEGA_LOCALIZER: Added 168/198 udeep descriptors to the index. It has 2616 descriptors for 323 points, with stdev: 0.81 and max: 4.99.
12-26 23:30:36.408   945  1423 I Tracking: VEGA_LOCALIZER: Added place descriptor to keyrig h[72, 30]. PBR meta: type: vlad, descriptor: udeep, version: 1, num_words: 256
12-26 23:30:36.408   945  1423 I Tracking: VEGA_LOCALIZER: New descriptors added - Regular: 340, Immature: 0, Resampled by OrphanDescriptors: 0. # Total descriptors: 2513 fallback and 2616 primary.
12-26 23:30:36.414  2802 15304 I ClientInputThread_Internal: InputThreadRun ShutdownRequest received
12-26 23:30:36.415  2802  3044 I ClientInputTrackedKeyboardManager: TRACKEDKEYBOARD ClearTrackedObjectManager called on client
12-26 23:30:36.415  2802  3044 W REFLECT [RUNTIMEIPC]: Most likely you forgot to call Shutdown before destroying your client. Calling Shutdown now...
12-26 23:30:36.415  2802  3044 I RuntimeIPCClient [RUNTIMEIPC]: Shutdown: 4, Client: com.oculus.vrshell:com.oculus.vrshell:Overlay:2802, Server: com.oculus.vrshell:com.oculus.vrshell:Overlay (ptkserviceserver)
12-26 23:30:36.415  2802  3044 I RuntimeIPCClient [RUNTIMEIPC]: ReleaseRef: Remaining refs: 3, Client: com.oculus.vrshell:com.oculus.vrshell:Overlay:2802, Server: com.oculus.vrshell:com.oculus.vrshell:Overlay (ptkserviceserver)
12-26 23:30:36.415  2875  3134 I VrRuntimeService: RuntimeServiceSDKServer::EnableRendering: 0x0, 0, com.oculus.vrshell:Overlay
12-26 23:30:36.415  2875  3134 I ClientMgr: ClientMgr::EnableRendering 2802:com.oculus.vrshell : type 1 comp-id 1: disable
12-26 23:30:36.415  2875  3134 I VrRuntimeServer: DisableCompositorClient: 1
12-26 23:30:36.415  2875  3134 I CompositorClientMgr: Disable client 1
12-26 23:30:36.416  2875  3134 I CompositorClient: DisableClient: frame flush required: 1
12-26 23:30:36.431  2875  3134 I UnifiedTelemetryWrapper: Stopped UT session render:com.oculus.vrshell:Overlay
12-26 23:30:36.431  2802 15335 I FenceChecker: FenceChecker::MainLoop - ended
12-26 23:30:36.432  2875  3106 I VrRuntimeServer: UpdateCompositorClientApertureMask client(34)
12-26 23:30:36.432  2875  3106 I VrRuntimeServer: UpdateCompositorClientLayerPlacement client(34): layer placement(128)
12-26 23:30:36.432  2875  3106 I VrRuntimeServer: UpdateCompositorClientApertureMask client(4)
12-26 23:30:36.432  2875  3106 I VrRuntimeServer: UpdateCompositorClientLayerPlacement client(4): layer placement(129)
12-26 23:30:36.432  2875  3106 I VrRuntimeServer: UpdateCompositorClientApertureMask client(2)
12-26 23:30:36.432  2875  3106 I VrRuntimeServer: UpdateCompositorClientLayerPlacement client(2): layer placement(128)
12-26 23:30:36.432  2875  3106 I VrRuntimeServer: UpdateCompositorClientApertureMask client(5)
12-26 23:30:36.432  2875  3106 I VrRuntimeServer: UpdateCompositorClientLayerPlacement client(5): layer placement(4294967293)
12-26 23:30:36.432  2802  3044 I VrRuntimeClient: PhaseSync Instance deleted
12-26 23:30:36.432  2802  3044 I OpenXR  : PostSessionStateChange: XR_SESSION_STATE_STOPPING -> XR_SESSION_STATE_IDLE
12-26 23:30:36.432  2802  3044 I Deque   : AddEventToQueue called. eventInfo.type: 18, eventInfo.next: 1
12-26 23:30:36.432  2802  3044 I OpenXR  : ------------ xrEndSession [end] -----------
12-26 23:30:36.432  2802  3044 I [OAO] VrPlatformOpenXr: EndSession xrEndSession passed
12-26 23:30:36.432  2802  3044 I [OAO] VrPlatformOpenXr: xrPollEvent: received XR_TYPE_EVENT_DATA_SESSION_STATE_CHANGED: 1 for session 0x200000000000002 at time 75439.891808
12-26 23:30:36.432  2802  3044 I [OAO] VrPlatformOpenXr: Session state changed XR_SESSION_STATE_IDLE
12-26 23:30:36.433  2802  3044 I OpenXR  : PostSessionStateChange: XR_SESSION_STATE_IDLE -> XR_SESSION_STATE_READY
12-26 23:30:36.433  2802  3044 I Deque   : AddEventToQueue called. eventInfo.type: 18, eventInfo.next: 1
12-26 23:30:36.433  2802  3044 I [OAO] VrPlatformOpenXr: xrPollEvent: received XR_TYPE_EVENT_DATA_SESSION_STATE_CHANGED: 2 for session 0x200000000000002 at time 75439.892368
12-26 23:30:36.433  2802  3044 I [OAO] VrPlatformOpenXr: Session state changed XR_SESSION_STATE_READY
12-26 23:30:36.436  2875 15089 I CompositorVR: LatchWarpClients: Multiple Primary Clients detected. Skipping frames for 2
12-26 23:30:36.443  2802  3044 I [OAO] VrPlatformOpenXr: EndSession passed message polling. count:1  count<maxRetryCount:1  sessionState:2
12-26 23:30:36.443  2802  3044 I [OAO] VrPlatformOpenXr: EndSession end
12-26 23:30:36.454   945 15068 W Tracking: TIMESTAMPCHECKER: Nominal rate wrong. Estimated data rate: 25, Nominal is 30
12-26 23:30:36.454  2802  3044 I [OAO] AudioMixer: Disabling AudioPlayer.
12-26 23:30:36.457  2802 15316 I [OAO] AudioMixer: Notifying VrThread to shutdown.
12-26 23:30:36.457  2802  3044 I [OAO] AudioMixer: Successful shutdown.
12-26 23:30:36.457  2802  3044 I [OAO] AudioEngine: virtual void AudioLibrary::AudioEngine::DisablePlayer()
12-26 23:30:36.457  2802  3044 I [OAO] AudioEngine: Setting ShuttingDown.
12-26 23:30:36.477  2802 15316 I [OAO] AudioMixer: Notifying VrThread to shutdown.
12-26 23:30:36.477  2802 15316 I [OAO] AudioEngine: Fading final buffer
12-26 23:30:36.497  2802 15316 I [OAO] AudioEngine: Notifying VrThread to shutdown.
12-26 23:30:36.497  2802 15316 D vrshell:Overla: PlayerBase::stop() from IPlayer
12-26 23:30:36.497  2802 15316 D AudioTrack: stop(326): called with 230400 frames delivered
12-26 23:30:36.497  2802  3044 I [OAO] AudioEngine: Stopping player
12-26 23:30:36.498  2802  3044 D vrshell:Overla: PlayerBase::stop() from IPlayer
12-26 23:30:36.498  2802  3044 W mediametrics::Item: selfrecord: failed to record: {audiotrack, (01-01 05:00:00.000), (, -1, -1), (android.media.audiotrack.attributes={ Content type: AUDIO_CONTENT_TYPE_UNKNOWN Usage: AUDIO_USAGE_UNKNOWN Source: AUDIO_SOURCE_DEFAULT Flags: 0x0 Tags:  }, android.media.audiotrack.channelMask=3, android.media.audiotrack.encoding=AUDIO_FORMAT_PCM_16_BIT, android.media.audiotrack.frameCount=384, android.media.audiotrack.logSessionId=, android.media.audiotrack.portId=326, android.media.audiotrack.sampleRate=48000, android.media.audiotrack.streamtype=AUDIO_STREAM_MUSIC, android.media.audiotrack.type=AUDIO_CONTENT_TYPE_UNKNOWN, android.media.audiotrack.underrunFrames=0, android.media.audiotrack.usage=AUDIO_USAGE_UNKNOWN)}
12-26 23:30:36.500  2802  3044 I [OAO] ShellAppBase: Start sleep timeout. Now:75439.959695, Timeout:75441.959695
12-26 23:30:36.548   945  1423 I Tracking: LocalizationStateMachine: Not scheduling coarse localization since last coarse reloc is < 1s old.
12-26 23:30:36.549   945  1423 I Tracking: VEGA_MAPPER: Scheduling localization on root nodes 3c06380f-0958-3898-3af7-75699c3213b3.
12-26 23:30:36.555   945  1425 I Tracking: VIPER:DEEP_DESCRIPTOR: Computing Deep Descriptors using gravity orientation.
12-26 23:30:36.595   916  1375 D BufferPoolAccessor2.0: bufferpool2 0xb400007d19495228 : 0(0 size) total buffers - 0(0 size) used buffers - 78/85 (recycle/alloc) - 7/84 (fetch/transfer)
12-26 23:30:36.596   916  1375 D BufferPoolAccessor2.0: bufferpool2 0xb400007d19495628 : 0(0 size) total buffers - 0(0 size) used buffers - 45/49 (recycle/alloc) - 4/48 (fetch/transfer)
12-26 23:30:36.596   916  1375 D BufferPoolAccessor2.0: evictor expired: 2, evicted: 2
12-26 23:30:36.606   945  1423 I Tracking: VEGA_LOCALIZER: Fallback descriptor ratio in index 0.48995906114578247 is lower than threshold 0.7, skipping fallback matching
12-26 23:30:36.610   945  1423 I Tracking: VEGA_LOCALIZER: Obtained 28 matches from 995 keypoints using udeep descriptors
12-26 23:30:36.610   945  1423 I Tracking: VEGA_LOCALIZER: Obtained 28 total matches from 995 total keypoints
12-26 23:30:36.611   945  1425 I Tracking: LOCALIZATION_POSE_ESTIMATOR: No pose scoring method was provided, not doing pose scoring
12-26 23:30:36.612   945  1425 I Tracking: LOCALIZATION_POSE_ESTIMATOR: Clustered estimation results from: 1 to : 1
12-26 23:30:36.612   945  1425 I Tracking: LOCALIZATION_POSE_ESTIMATOR: Post-RANSAC iterative minimization converged? false, number of successful features: 0, number of inlier observations: 0
12-26 23:30:36.612   945  1425 I Tracking: LOCALIZATION_POSE_ESTIMATOR: Keeping RANSAC pose estimate, iterative-minimization result ignored.
12-26 23:30:36.612   945  1425 I Tracking: LOCALIZATION_POSE_ESTIMATOR: removing duplicate inliers
12-26 23:30:36.612   945  1425 W Tracking: VEGA_LOCALIZER: RANSAC failure: didn't find enough inliers for next step. Needs at least 4, got 3.
12-26 23:30:36.789   945  1423 I Tracking: LocalizationStateMachine: Not scheduling coarse localization since last coarse reloc is < 1s old.
12-26 23:30:36.790   945  1423 I Tracking: VEGA_MAPPER: Scheduling localization on root nodes 3c06380f-0958-3898-3af7-75699c3213b3.
12-26 23:30:36.845   945  1423 I Tracking: VEGA_LOCALIZER: Fallback descriptor ratio in index 0.48995906114578247 is lower than threshold 0.7, skipping fallback matching
12-26 23:30:36.848   945  1423 I Tracking: VEGA_LOCALIZER: Obtained 22 matches from 996 keypoints using udeep descriptors
12-26 23:30:36.848   945  1423 I Tracking: VEGA_LOCALIZER: Obtained 22 total matches from 996 total keypoints
12-26 23:30:36.849   945  1425 I Tracking: LOCALIZATION_POSE_ESTIMATOR: No pose scoring method was provided, not doing pose scoring
12-26 23:30:36.850   945  1425 I Tracking: LOCALIZATION_POSE_ESTIMATOR: Clustered estimation results from: 1 to : 1
12-26 23:30:36.851   945  1425 I Tracking: LOCALIZATION_POSE_ESTIMATOR: Post-RANSAC iterative minimization converged? false, number of successful features: 1, number of inlier observations: 1
12-26 23:30:36.851   945  1425 I Tracking: LOCALIZATION_POSE_ESTIMATOR: Keeping RANSAC pose estimate, iterative-minimization result ignored.
12-26 23:30:36.851   945  1425 I Tracking: LOCALIZATION_POSE_ESTIMATOR: Removed 1 duplicate inliers from the localization result (before: 4, after: 3).
12-26 23:30:36.851   945  1425 I Tracking: LOCALIZATION_POSE_ESTIMATOR: removing duplicate inliers
12-26 23:30:36.851   945  1425 W Tracking: VEGA_LOCALIZER: RANSAC failure: didn't find enough inliers for next step. Needs at least 4, got 3.
12-26 23:30:36.857  1985 14814 I VrApi   : FPS=2/0,Prd=0ms,Tear=0,Early=0,Stale=0,Stale2/5/10/max=0/0/0/0,VSnc=0,Lat=-1,Fov=0,CPU4/GPU=5/3,1478/490MHz,OC=FF,TA=0/F/0,SP=N/N/N,Mem=2092MHz,Free=3218MB,PLS=0,Temp=28.5C/0.0C,TW=1.05ms,App=-47.38ms,GD=0.00ms,CPU&GPU=0.00ms,LCnt=1(DR0,LM0),GPU%=0.12,CPU%=0.11(W0.13),DSF=1.00,CFL=11.97/17.27,ICFLp95=15.27,LD=0,SF=0.00,LP=0,DVFS=0
12-26 23:30:37.001 14681 15290 I VrApi   : FPS=55/72,Prd=54ms,Tear=0,Early=7,Stale=24,Stale2/5/10/max=5/0/0/2,VSnc=0,Lat=-1,Fov=0,CPU4/GPU=5/4,1478/525MHz,OC=FF,TA=0/0/0,SP=N/N/N,Mem=2092MHz,Free=2596MB,PLS=0,Temp=28.5C/0.0C,TW=1.83ms,App=15.01ms,GD=0.00ms,CPU&GPU=31.56ms,LCnt=1(DR72,LM0),GPU%=1.00,CPU%=0.56(W0.57),DSF=1.00,CFL=14.23/20.43,ICFLp95=18.00,LD=0,SF=1.00,LP=0,DVFS=0
12-26 23:30:37.030   945 15068 I Tracking: VIPER: Mode=SuperVega,Status=6DoF,TRACKING,Inl=29,Mem=95.1,Jit=1.3mm,Issues(Cam/min=0.0,IMU/min=0.0),Exp=(9.7ms,g=12.0,I=82,Ir=705.1)(7.4ms,g=10.0,I=62,Ir=834.3)(7.4ms,g=10.0,I=75,Ir=1005.7)(6.2ms,g=7.0,I=76,Ir=1754.1)
12-26 23:30:37.031   945  1423 I Tracking: LocalizationStateMachine: LocalizationStateMachine updated from FineLocalizationOnly to CoarseAndFineLocalization
12-26 23:30:37.032   945  1423 I Tracking: VEGA_MAPPER: Scheduling coarse localization.
12-26 23:30:37.032   945  1423 I Tracking: VEGA_MAPPER: Scheduling localization on root nodes 3c06380f-0958-3898-3af7-75699c3213b3.
12-26 23:30:37.032   945  1429 E Tracking: FusedSubmapListProvider: fusion logic INTERSECTION_RANKED
12-26 23:30:37.032   945  1429 I Tracking: WifiSubmapListProvider: Using wifi distance model
12-26 23:30:37.044   945  1429 W Tracking: PlaceRecognitionSubmapListProvider: Requested to extract top 20 submaps but we only have 4 in disk.
12-26 23:30:37.055   945 15053 I Tracking: CONSTELLATION: left: Detected IMU motion => Leaving static state.
12-26 23:30:37.076   945 15075 I Tracking: CONSTELLATION: [Throttled count=20] left: : Pushing zero velocity update
12-26 23:30:37.086   945  1423 I Tracking: VEGA_LOCALIZER: Fallback descriptor ratio in index 0.48995906114578247 is lower than threshold 0.7, skipping fallback matching
12-26 23:30:37.088   945  1423 I Tracking: VEGA_LOCALIZER: Obtained 22 matches from 994 keypoints using udeep descriptors
12-26 23:30:37.088   945  1423 I Tracking: VEGA_LOCALIZER: Obtained 22 total matches from 994 total keypoints
12-26 23:30:37.089   945  1425 I Tracking: LOCALIZATION_POSE_ESTIMATOR: No pose scoring method was provided, not doing pose scoring
12-26 23:30:37.090   945  1425 I Tracking: LOCALIZATION_POSE_ESTIMATOR: Clustered estimation results from: 1 to : 1
12-26 23:30:37.090   945  1425 I Tracking: LOCALIZATION_POSE_ESTIMATOR: Post-RANSAC iterative minimization converged? false, number of successful features: 2, number of inlier observations: 2
12-26 23:30:37.090   945  1425 I Tracking: LOCALIZATION_POSE_ESTIMATOR: Keeping RANSAC pose estimate, iterative-minimization result ignored.
12-26 23:30:37.090   945  1425 I Tracking: LOCALIZATION_POSE_ESTIMATOR: Removed 1 duplicate inliers from the localization result (before: 4, after: 3).
12-26 23:30:37.090   945  1425 I Tracking: LOCALIZATION_POSE_ESTIMATOR: removing duplicate inliers
12-26 23:30:37.090   945  1425 W Tracking: VEGA_LOCALIZER: RANSAC failure: didn't find enough inliers for next step. Needs at least 4, got 3.
12-26 23:30:37.105 28792 28874 D BufferPoolAccessor2.0: bufferpool2 0x74b93efa28 : 0(0 size) total buffers - 0(0 size) used buffers - 1/7 (recycle/alloc) - 9/174 (fetch/transfer)
12-26 23:30:37.105 28792 28874 D BufferPoolAccessor2.0: bufferpool2 0x74b93ef428 : 0(0 size) total buffers - 0(0 size) used buffers - 1/7 (recycle/alloc) - 6/102 (fetch/transfer)
12-26 23:30:37.105 28792 28874 D BufferPoolAccessor2.0: bufferpool2 0x74c559d228 : 0(0 size) total buffers - 0(0 size) used buffers - 1/7 (recycle/alloc) - 6/106 (fetch/transfer)
12-26 23:30:37.105 28792 28874 D BufferPoolAccessor2.0: bufferpool2 0x754edf9428 : 0(0 size) total buffers - 0(0 size) used buffers - 1/7 (recycle/alloc) - 7/164 (fetch/transfer)
12-26 23:30:37.105 28792 28874 D BufferPoolAccessor2.0: evictor expired: 4, evicted: 4
12-26 23:30:37.129   945 15053 D TrackingService: 9d17e7ce194bc1ec: isControllerInHand(75440.59s): 1 ctEnabled: 1 btnPress: 0 btnOrTpdTouch: 0 btnOrTpdProx: 0 static(75440.59s): 1 thbstkOffCenter: 0 
12-26 23:30:37.129   945 15053 D TrackingService: [HANDTRACKING] Controller 9d17e7ce194bc1ec in hand: Y, valid: Y
12-26 23:30:37.216  2875 15089 I CompositorVR: WarpToScreen: Skipping frames for 2
12-26 23:30:37.267   945  1423 I Tracking: LocalizationStateMachine: All 1 submap set to load (and no more) are already in memory
12-26 23:30:37.267   945  1423 I Tracking: LocalizationStateMachine: Ignoring submap sets to be loaded since they are already all in memory.
12-26 23:30:37.267   945  1423 I Tracking: LocalizationStateMachine: Not scheduling coarse localization since last coarse reloc is < 1s old.
12-26 23:30:37.267   945  1423 I Tracking: LocalizationStateMachine: LocalizationStateMachine updated from CoarseAndFineLocalization to FineLocalizationOnly
12-26 23:30:37.269   945  1423 I Tracking: VEGA_MAPPER: Scheduling localization on root nodes 3c06380f-0958-3898-3af7-75699c3213b3.
12-26 23:30:37.324   945  1423 I Tracking: VEGA_LOCALIZER: Fallback descriptor ratio in index 0.48995906114578247 is lower than threshold 0.7, skipping fallback matching
12-26 23:30:37.327   945  1423 I Tracking: VEGA_LOCALIZER: Obtained 20 matches from 991 keypoints using udeep descriptors
12-26 23:30:37.327   945  1423 I Tracking: VEGA_LOCALIZER: Obtained 20 total matches from 991 total keypoints
12-26 23:30:37.328   945  1425 I Tracking: LOCALIZATION_POSE_ESTIMATOR: No pose scoring method was provided, not doing pose scoring
12-26 23:30:37.329   945  1425 I Tracking: LOCALIZATION_POSE_ESTIMATOR: Clustered estimation results from: 1 to : 1
12-26 23:30:37.329   945  1425 I Tracking: LOCALIZATION_POSE_ESTIMATOR: Post-RANSAC iterative minimization converged? false, number of successful features: 2, number of inlier observations: 3
12-26 23:30:37.329   945  1425 I Tracking: LOCALIZATION_POSE_ESTIMATOR: Keeping RANSAC pose estimate, iterative-minimization result ignored.
12-26 23:30:37.329   945  1425 I Tracking: LOCALIZATION_POSE_ESTIMATOR: Removed 1 duplicate inliers from the localization result (before: 3, after: 2).
12-26 23:30:37.329   945  1425 I Tracking: LOCALIZATION_POSE_ESTIMATOR: removing duplicate inliers
12-26 23:30:37.329   945  1425 W Tracking: VEGA_LOCALIZER: RANSAC failure: didn't find enough inliers for next step. Needs at least 4, got 2.
12-26 23:30:37.507   945  1423 I Tracking: LocalizationStateMachine: Not scheduling coarse localization since last coarse reloc is < 1s old.
12-26 23:30:37.507   945  1423 I Tracking: VEGA_MAPPER: Scheduling localization on root nodes 3c06380f-0958-3898-3af7-75699c3213b3.
12-26 23:30:37.517   945 15023 I Tracking: BOLT:HexagonTelemetry: Global DSP utilization: 18.98% (949 / 5003 ms), Scalar Util: 85.94%, HVX Util: 50.89%, HMX Util: 0.00%.
12-26 23:30:37.566   945  1423 I Tracking: VEGA_LOCALIZER: Fallback descriptor ratio in index 0.48995906114578247 is lower than threshold 0.7, skipping fallback matching
12-26 23:30:37.569   945  1423 I Tracking: VEGA_LOCALIZER: Obtained 19 matches from 995 keypoints using udeep descriptors
12-26 23:30:37.570   945  1423 I Tracking: VEGA_LOCALIZER: Obtained 19 total matches from 995 total keypoints
12-26 23:30:37.570   945  1425 I Tracking: LOCALIZATION_POSE_ESTIMATOR: No pose scoring method was provided, not doing pose scoring
12-26 23:30:37.571   945  1425 I Tracking: LOCALIZATION_POSE_ESTIMATOR: Clustered estimation results from: 1 to : 1
12-26 23:30:37.571   945  1425 I Tracking: LOCALIZATION_POSE_ESTIMATOR: Post-RANSAC iterative minimization converged? false, number of successful features: 2, number of inlier observations: 2
12-26 23:30:37.571   945  1425 I Tracking: LOCALIZATION_POSE_ESTIMATOR: Keeping RANSAC pose estimate, iterative-minimization result ignored.
