12-27 17:55:46.101   945  1423 I Tracking: LocalizationStateMachine: Not scheduling coarse localization since last coarse reloc is < 1s old.
12-27 17:55:46.101   945  1423 I Tracking: KEYPOINT_CACHE: New keyrig added has 140 corners and 173 tracks to immature points @ frameID=528, processingTs=141749.558393842 [sec]
12-27 17:55:46.101   945  1423 I Tracking: VEGA_MAPPER: Scheduling localization on root nodes 3c06380f-0958-3898-3af7-75699c3213b3.
12-27 17:55:46.108   945  1423 I Tracking: VegaBAOptimize: Num points adjusted: 194 fixed: 0 Num residuals in-in: 1004 in-out: 133 out-in: 0 fixed (out-out): 0 outside ROI: 0 total: 1137
12-27 17:55:46.109   945  1423 I Tracking: VegaBAOptimize: Total: neighbor 1 L1s, adjust 1 L1s. KRs 11, Points 194, Cameras 44, FixedKr (small bubble) 1 (1), AdjustKR 10, Imus 10
12-27 17:55:46.139   945  1423 I Tracking: VegaBAOptimize: resRemoved = 20, pntRemoved = 0
12-27 17:55:46.142   945 12183 I Tracking: VEGA:HIGH_FREQ_OCAL: 0:(241.77,(317.84,240.33)) 1:(241.82,(320.99,240.49)) 2:(241.59,(320.32,240.46)) 3:(241.68,(319.28,240.37)) 
12-27 17:55:46.164   945  1424 I Tracking: VegaMapIO: VegaMapIO::saveKeypoints called for keyrigUid = 9e319578-be43-bedc-63c4-c363a57c6189
12-27 17:55:46.178   945  1423 I Tracking: VEGA_LOCALIZER: Fallback descriptor ratio in index 0.48862960934638977 is lower than threshold 0.7, skipping fallback matching
12-27 17:55:46.178   945  1425 I Tracking: VEGA_LOCALIZER: Computed 1071 orb descriptors that will be used for PBR or Orphans descriptor
12-27 17:55:46.178   945  1425 I Tracking: VEGA_LOCALIZER: Computed 1143 udeep descriptors that will be used for PBR or Orphans descriptor
12-27 17:55:46.182   945  1423 I Tracking: VEGA_LOCALIZER: Obtained 34 matches from 1269 keypoints using udeep descriptors
12-27 17:55:46.182   945  1423 I Tracking: VEGA_LOCALIZER: Obtained 34 total matches from 1269 total keypoints
12-27 17:55:46.183   945  1425 I Tracking: LOCALIZATION_POSE_ESTIMATOR: No pose scoring method was provided, not doing pose scoring
12-27 17:55:46.185   945  1425 I Tracking: LOCALIZATION_POSE_ESTIMATOR: Clustered estimation results from: 1 to : 1
12-27 17:55:46.185   945  1425 I Tracking: LOCALIZATION_POSE_ESTIMATOR: Post-RANSAC iterative minimization converged? false, number of successful features: 1, number of inlier observations: 1
12-27 17:55:46.185   945  1425 I Tracking: LOCALIZATION_POSE_ESTIMATOR: Keeping RANSAC pose estimate, iterative-minimization result ignored.
12-27 17:55:46.185   945  1425 I Tracking: LOCALIZATION_POSE_ESTIMATOR: removing duplicate inliers
12-27 17:55:46.185   945  1423 I Tracking: VEGA_LOCALIZER: Added 110/116 orb descriptors to the index. It has 4214 descriptors for 289 points, with stdev: 0.60 and max: 4.25.
12-27 17:55:46.186   945  1425 W Tracking: VEGA_LOCALIZER: RANSAC failure: didn't find enough inliers for next step. Needs at least 4, got 3.
12-27 17:55:46.189   945  1423 I Tracking: VEGA_LOCALIZER: Added place descriptor to keyrig h[75, 67]. PBR meta: type: vlad, descriptor: orb, version: 1, num_words: 256
12-27 17:55:46.192   945  1423 I Tracking: VEGA_LOCALIZER: Added 116/126 udeep descriptors to the index. It has 4411 descriptors for 289 points, with stdev: 0.84 and max: 5.75.
12-27 17:55:46.196   945  1423 I Tracking: VEGA_LOCALIZER: Added place descriptor to keyrig h[75, 67]. PBR meta: type: vlad, descriptor: udeep, version: 1, num_words: 256
12-27 17:55:46.196   945  1423 I Tracking: VEGA_LOCALIZER: New descriptors added - Regular: 226, Immature: 0, Resampled by OrphanDescriptors: 0. # Total descriptors: 4214 fallback and 4411 primary.
12-27 17:55:46.260   945 12183 I Tracking: VIPER: Mode=SuperVega,Status=6DoF,TRACKING,Inl=30,Mem=91.0,Jit=0.2mm,Issues(Cam/min=0.0,IMU/min=0.0),Exp=(5.8ms,g=6.0,I=75,Ir=2169.1)(7.7ms,g=10.0,I=82,Ir=1054.0)(7.7ms,g=10.0,I=71,Ir=922.5)(7.3ms,g=8.0,I=76,Ir=1306.3)
12-27 17:55:46.341   945  1423 I Tracking: LocalizationStateMachine: LocalizationStateMachine updated from FineLocalizationOnly to CoarseAndFineLocalization
12-27 17:55:46.341   945  1423 I Tracking: VEGA_MAPPER: Scheduling coarse localization.
12-27 17:55:46.341   945  1423 I Tracking: VEGA_MAPPER: Scheduling localization on root nodes 3c06380f-0958-3898-3af7-75699c3213b3.
12-27 17:55:46.341   945  1429 E Tracking: FusedSubmapListProvider: fusion logic INTERSECTION_RANKED
12-27 17:55:46.341   945  1429 I Tracking: WifiSubmapListProvider: Using wifi distance model
12-27 17:55:46.359   945  1429 W Tracking: PlaceRecognitionSubmapListProvider: Requested to extract top 20 submaps but we only have 4 in disk.
12-27 17:55:46.404   945  1423 I Tracking: VEGA_LOCALIZER: Fallback descriptor ratio in index 0.48857972025871277 is lower than threshold 0.7, skipping fallback matching
12-27 17:55:46.409   945  1423 I Tracking: VEGA_LOCALIZER: Obtained 33 matches from 992 keypoints using udeep descriptors
12-27 17:55:46.409   945  1423 I Tracking: VEGA_LOCALIZER: Obtained 33 total matches from 992 total keypoints
12-27 17:55:46.411   945  1425 I Tracking: LOCALIZATION_POSE_ESTIMATOR: No pose scoring method was provided, not doing pose scoring
12-27 17:55:46.413   945  1425 I Tracking: LOCALIZATION_POSE_ESTIMATOR: Clustered estimation results from: 1 to : 1
12-27 17:55:46.413   945  1425 I Tracking: LOCALIZATION_POSE_ESTIMATOR: Post-RANSAC iterative minimization converged? false, number of successful features: 0, number of inlier observations: 0
12-27 17:55:46.413   945  1425 I Tracking: LOCALIZATION_POSE_ESTIMATOR: Keeping RANSAC pose estimate, iterative-minimization result ignored.
12-27 17:55:46.413   945  1425 I Tracking: LOCALIZATION_POSE_ESTIMATOR: removing duplicate inliers
12-27 17:55:46.413   945  1425 W Tracking: VEGA_LOCALIZER: RANSAC failure: didn't find enough inliers for next step. Needs at least 4, got 3.
12-27 17:55:46.470  3265  3265 D MetaCam (DeviceLifecycleManager): onCapabilitiesChanged(...). Has NET_CAPABILITY_VALIDATED.
12-27 17:55:46.472 11894 11939 V UE      : [NetworkChangedManager] Network Capabilities changed, has Internet: true
12-27 17:55:46.473 28111 28149 V UE      : [NetworkChangedManager] Network Capabilities changed, has Internet: true
12-27 17:55:46.473 11894 12708 V UE      : [NetworkChangedManager] Verifying internet connection with host: https://example.com/
12-27 17:55:46.473  8101  8121 V UE      : [NetworkChangedManager] Network Capabilities changed, has Internet: true
12-27 17:55:46.472  1658  1789 D ControllerManagement: P2p group not formed. No need to switch band.
12-27 17:55:46.474  8207  8276 V UE      : [NetworkChangedManager] Network Capabilities changed, has Internet: true
12-27 17:55:46.474  8143  8242 V UE      : [NetworkChangedManager] Network Capabilities changed, has Internet: true
12-27 17:55:46.475 28111 12709 V UE      : [NetworkChangedManager] Verifying internet connection with host: https://google.com/
12-27 17:55:46.476  8101 12710 V UE      : [NetworkChangedManager] Verifying internet connection with host: https://example.com/
12-27 17:55:46.477  8207 12712 V UE      : [NetworkChangedManager] Verifying internet connection with host: https://example.com/
12-27 17:55:46.477  8143 12711 V UE      : [NetworkChangedManager] Verifying internet connection with host: https://example.com/
12-27 17:55:46.591   945  1423 I Tracking: LocalizationStateMachine: All 1 submap set to load (and no more) are already in memory
12-27 17:55:46.591   945  1423 I Tracking: LocalizationStateMachine: Ignoring submap sets to be loaded since they are already all in memory.
12-27 17:55:46.591   945  1423 I Tracking: LocalizationStateMachine: Not scheduling coarse localization since last coarse reloc is < 1s old.
12-27 17:55:46.591   945  1423 I Tracking: LocalizationStateMachine: LocalizationStateMachine updated from CoarseAndFineLocalization to FineLocalizationOnly
12-27 17:55:46.591   945  1423 I Tracking: VEGA_MAPPER: Scheduling localization on root nodes 3c06380f-0958-3898-3af7-75699c3213b3.
12-27 17:55:46.616     0     0 W healthd : battery l=100 v=4282 t=25.7 h=2 st=4 c=-766601 fc=3749000 cc=3 chg=u
12-27 17:55:46.656   945  1423 I Tracking: VEGA_LOCALIZER: Fallback descriptor ratio in index 0.48857972025871277 is lower than threshold 0.7, skipping fallback matching
12-27 17:55:46.659   945  1423 I Tracking: VEGA_LOCALIZER: Obtained 27 matches from 912 keypoints using udeep descriptors
12-27 17:55:46.659   945  1423 I Tracking: VEGA_LOCALIZER: Obtained 27 total matches from 912 total keypoints
12-27 17:55:46.660   945  1425 I Tracking: LOCALIZATION_POSE_ESTIMATOR: No pose scoring method was provided, not doing pose scoring
12-27 17:55:46.661   945  1425 I Tracking: LOCALIZATION_POSE_ESTIMATOR: Clustered estimation results from: 1 to : 1
12-27 17:55:46.661   945  1425 I Tracking: LOCALIZATION_POSE_ESTIMATOR: Post-RANSAC iterative minimization converged? false, number of successful features: 1, number of inlier observations: 1
12-27 17:55:46.661   945  1425 I Tracking: LOCALIZATION_POSE_ESTIMATOR: Keeping RANSAC pose estimate, iterative-minimization result ignored.
12-27 17:55:46.661   945  1425 I Tracking: LOCALIZATION_POSE_ESTIMATOR: removing duplicate inliers
12-27 17:55:46.661   945  1425 W Tracking: VEGA_LOCALIZER: RANSAC failure: pose couldn't be refined.
12-27 17:55:46.695 28111 12709 V UE      : [NetworkChangedManager] Connectivity hasn't changed. Current state: CONNECTION_AVAILABLE
12-27 17:55:46.695 28111 12709 V UE      : [NetworkChangedManager] Full network check complete. State: CONNECTION_AVAILABLE
12-27 17:55:46.705 11894 12708 V UE      : [NetworkChangedManager] Connectivity hasn't changed. Current state: CONNECTION_AVAILABLE
12-27 17:55:46.705 11894 12708 V UE      : [NetworkChangedManager] Full network check complete. State: CONNECTION_AVAILABLE
12-27 17:55:46.727  8143 12711 V UE      : [NetworkChangedManager] Connectivity hasn't changed. Current state: CONNECTION_AVAILABLE
12-27 17:55:46.728  8143 12711 V UE      : [NetworkChangedManager] Full network check complete. State: CONNECTION_AVAILABLE
12-27 17:55:46.733  8101 12710 V UE      : [NetworkChangedManager] Connectivity hasn't changed. Current state: CONNECTION_AVAILABLE
12-27 17:55:46.734  8101 12710 V UE      : [NetworkChangedManager] Full network check complete. State: CONNECTION_AVAILABLE
12-27 17:55:46.738  8207 12712 V UE      : [NetworkChangedManager] Connectivity hasn't changed. Current state: CONNECTION_AVAILABLE
12-27 17:55:46.738  8207 12712 V UE      : [NetworkChangedManager] Full network check complete. State: CONNECTION_AVAILABLE
12-27 17:55:46.793   787 12132 W SyncBossHAL: [warning] syncboss_hal_data_handlers.c(149): s:0 Long processing time detected for streaming packet type 143 (1033us)
12-27 17:55:46.823   945  1423 I Tracking: LocalizationStateMachine: Not scheduling coarse localization since last coarse reloc is < 1s old.
12-27 17:55:46.824   945  1423 I Tracking: VEGA_MAPPER: Scheduling localization on root nodes 3c06380f-0958-3898-3af7-75699c3213b3.
12-27 17:55:46.879   945  1423 I Tracking: VEGA_LOCALIZER: Fallback descriptor ratio in index 0.48857972025871277 is lower than threshold 0.7, skipping fallback matching
12-27 17:55:46.882   945  1423 I Tracking: VEGA_LOCALIZER: Obtained 30 matches from 987 keypoints using udeep descriptors
12-27 17:55:46.882   945  1423 I Tracking: VEGA_LOCALIZER: Obtained 30 total matches from 987 total keypoints
12-27 17:55:46.883   945  1425 I Tracking: LOCALIZATION_POSE_ESTIMATOR: No pose scoring method was provided, not doing pose scoring
12-27 17:55:46.884   945  1425 I Tracking: LOCALIZATION_POSE_ESTIMATOR: Clustered estimation results from: 1 to : 1
12-27 17:55:46.884   945  1425 I Tracking: LOCALIZATION_POSE_ESTIMATOR: Post-RANSAC iterative minimization converged? false, number of successful features: 0, number of inlier observations: 0
12-27 17:55:46.884   945  1425 I Tracking: LOCALIZATION_POSE_ESTIMATOR: Keeping RANSAC pose estimate, iterative-minimization result ignored.
12-27 17:55:46.884   945  1425 I Tracking: LOCALIZATION_POSE_ESTIMATOR: Removed 1 duplicate inliers from the localization result (before: 4, after: 3).
12-27 17:55:46.884   945  1425 I Tracking: LOCALIZATION_POSE_ESTIMATOR: removing duplicate inliers
12-27 17:55:46.884   945  1425 W Tracking: VEGA_LOCALIZER: RANSAC failure: didn't find enough inliers for next step. Needs at least 4, got 3.
12-27 17:55:47.002 11894 12444 I VrApi   : FPS=46/72,Prd=53ms,Tear=0,Early=5,Stale=36,Stale2/5/10/max=5/1/0/9,VSnc=0,Lat=-1,Fov=0,CPU4/GPU=5/4,1478/525MHz,OC=FF,TA=0/0/0,SP=N/N/N,Mem=2092MHz,Free=2456MB,PLS=0,Temp=25.7C/0.0C,TW=1.71ms,App=17.12ms,GD=0.00ms,CPU&GPU=58.08ms,LCnt=1(DR72,LM0),GPU%=0.95,CPU%=0.55(W0.60),DSF=1.00,CFL=13.81/19.68,ICFLp95=17.71,LD=0,SF=1.00,LP=0,DVFS=0
12-27 17:55:47.061   945  1423 I Tracking: LocalizationStateMachine: Not scheduling coarse localization since last coarse reloc is < 1s old.
12-27 17:55:47.062   945  1423 I Tracking: VEGA_MAPPER: Scheduling localization on root nodes 3c06380f-0958-3898-3af7-75699c3213b3.
12-27 17:55:47.068   945  1425 I Tracking: VIPER:DEEP_DESCRIPTOR: Computing Deep Descriptors using gravity orientation.
12-27 17:55:47.124   945  1423 I Tracking: VEGA_LOCALIZER: Fallback descriptor ratio in index 0.48857972025871277 is lower than threshold 0.7, skipping fallback matching
12-27 17:55:47.127   945  1423 I Tracking: VEGA_LOCALIZER: Obtained 22 matches from 966 keypoints using udeep descriptors
12-27 17:55:47.128   945  1423 I Tracking: VEGA_LOCALIZER: Obtained 22 total matches from 966 total keypoints
12-27 17:55:47.128   945  1425 I Tracking: LOCALIZATION_POSE_ESTIMATOR: No pose scoring method was provided, not doing pose scoring
12-27 17:55:47.129   945  1425 I Tracking: LOCALIZATION_POSE_ESTIMATOR: Clustered estimation results from: 1 to : 1
12-27 17:55:47.130   945  1425 I Tracking: LOCALIZATION_POSE_ESTIMATOR: Post-RANSAC iterative minimization converged? false, number of successful features: 0, number of inlier observations: 0
12-27 17:55:47.130   945  1425 I Tracking: LOCALIZATION_POSE_ESTIMATOR: Keeping RANSAC pose estimate, iterative-minimization result ignored.
12-27 17:55:47.130   945  1425 I Tracking: LOCALIZATION_POSE_ESTIMATOR: Removed 1 duplicate inliers from the localization result (before: 4, after: 3).
12-27 17:55:47.130   945  1425 I Tracking: LOCALIZATION_POSE_ESTIMATOR: removing duplicate inliers
12-27 17:55:47.130   945  1425 W Tracking: VEGA_LOCALIZER: RANSAC failure: didn't find enough inliers for next step. Needs at least 4, got 3.
12-27 17:55:47.180  2875 12231 I Vsync   : Vsync 1600:  1 x 14.51 ms (71.82 Hz, at 141750.640)
12-27 17:55:47.174     0     0 E         : [drm:sde_encoder_lineptr_callback:4406] late lineptr, headroom -16
12-27 17:55:47.195  2875 12231 I Vsync   : Vsync 1601:  1 x 13.33 ms (71.82 Hz, at 141750.654)
12-27 17:55:47.301   945  1423 I Tracking: LocalizationStateMachine: Not scheduling coarse localization since last coarse reloc is < 1s old.
12-27 17:55:47.301   945  1423 I Tracking: VEGA_MAPPER: Scheduling localization on root nodes 3c06380f-0958-3898-3af7-75699c3213b3.
12-27 17:55:47.355   945  1423 I Tracking: VEGA_LOCALIZER: Fallback descriptor ratio in index 0.48857972025871277 is lower than threshold 0.7, skipping fallback matching
12-27 17:55:47.359   945  1423 I Tracking: VEGA_LOCALIZER: Obtained 35 matches from 926 keypoints using udeep descriptors
12-27 17:55:47.359   945  1423 I Tracking: VEGA_LOCALIZER: Obtained 35 total matches from 926 total keypoints
12-27 17:55:47.361   945  1425 I Tracking: LOCALIZATION_POSE_ESTIMATOR: No pose scoring method was provided, not doing pose scoring
12-27 17:55:47.362   945  1425 I Tracking: LOCALIZATION_POSE_ESTIMATOR: Clustered estimation results from: 1 to : 1
12-27 17:55:47.362   945  1425 I Tracking: LOCALIZATION_POSE_ESTIMATOR: Post-RANSAC iterative minimization converged? false, number of successful features: 0, number of inlier observations: 0
12-27 17:55:47.362   945  1425 I Tracking: LOCALIZATION_POSE_ESTIMATOR: Keeping RANSAC pose estimate, iterative-minimization result ignored.
12-27 17:55:47.362   945  1425 I Tracking: LOCALIZATION_POSE_ESTIMATOR: Removed 2 duplicate inliers from the localization result (before: 5, after: 3).
12-27 17:55:47.362   945  1425 I Tracking: LOCALIZATION_POSE_ESTIMATOR: removing duplicate inliers
12-27 17:55:47.362   945  1425 W Tracking: VEGA_LOCALIZER: RANSAC failure: didn't find enough inliers for next step. Needs at least 4, got 3.
12-27 17:55:47.375  2875 12231 I Vsync   : Vsync 1614:  1 x 14.52 ms (71.82 Hz, at 141750.835)
12-27 17:55:47.369     0     0 E         : [drm:sde_encoder_lineptr_callback:4406] late lineptr, headroom -20
12-27 17:55:47.390  2875 12231 I Vsync   : Vsync 1615:  1 x 13.33 ms (71.82 Hz, at 141750.850)
12-27 17:55:47.542   945  1423 I Tracking: Vega:MapBuilderBase: Created keyRig with frameID 564 and uid e670d838
12-27 17:55:47.546   945  1423 I Tracking: LocalizationStateMachine: LocalizationStateMachine updated from FineLocalizationOnly to CoarseAndFineLocalization
12-27 17:55:47.547   945  1423 I Tracking: KEYPOINT_CACHE: New keyrig added has 217 corners and 128 tracks to immature points @ frameID=564, processingTs=141751.001255351 [sec]
12-27 17:55:47.552   945  1423 I Tracking: VEGA_MAPPER: Scheduling coarse localization.
12-27 17:55:47.552   945  1423 I Tracking: VEGA_MAPPER: Scheduling localization on root nodes 3c06380f-0958-3898-3af7-75699c3213b3.
12-27 17:55:47.552   945  1429 E Tracking: FusedSubmapListProvider: fusion logic INTERSECTION_RANKED
12-27 17:55:47.552   945  1429 I Tracking: WifiSubmapListProvider: Using wifi distance model
12-27 17:55:47.555   945  1423 I Tracking: VegaBAOptimize: Num points adjusted: 204 fixed: 0 Num residuals in-in: 1211 in-out: 133 out-in: 0 fixed (out-out): 0 outside ROI: 0 total: 1344
12-27 17:55:47.556   945  1423 I Tracking: VegaBAOptimize: Total: neighbor 1 L1s, adjust 1 L1s. KRs 12, Points 204, Cameras 48, FixedKr (small bubble) 1 (1), AdjustKR 11, Imus 11
12-27 17:55:47.564   945  1429 W Tracking: PlaceRecognitionSubmapListProvider: Requested to extract top 20 submaps but we only have 4 in disk.
12-27 17:55:47.596   945  1423 I Tracking: VegaBAOptimize: resRemoved = 24, pntRemoved = 0
12-27 17:55:47.609   945  1424 I Tracking: VegaMapIO: VegaMapIO::saveKeypoints called for keyrigUid = e670d838-767e-db27-0d1b-b5e0b95e408b
12-27 17:55:47.621   945  1423 I Tracking: VEGA_LOCALIZER: Fallback descriptor ratio in index 0.48857972025871277 is lower than threshold 0.7, skipping fallback matching
12-27 17:55:47.621   945  1425 I Tracking: VEGA_LOCALIZER: Computed 933 orb descriptors that will be used for PBR or Orphans descriptor
12-27 17:55:47.622   945  1425 I Tracking: VEGA_LOCALIZER: Computed 995 udeep descriptors that will be used for PBR or Orphans descriptor
12-27 17:55:47.626   945  1423 I Tracking: VEGA_LOCALIZER: Obtained 50 matches from 1192 keypoints using udeep descriptors
12-27 17:55:47.626   945  1423 I Tracking: VEGA_LOCALIZER: Obtained 50 total matches from 1192 total keypoints
12-27 17:55:47.626   945  1425 I Tracking: LOCALIZATION_POSE_ESTIMATOR: No pose scoring method was provided, not doing pose scoring
12-27 17:55:47.631   945  1423 I Tracking: VEGA_LOCALIZER: Added 160/185 orb descriptors to the index. It has 4374 descriptors for 299 points, with stdev: 0.60 and max: 4.33.
12-27 17:55:47.631   945  1425 I Tracking: LOCALIZATION_POSE_ESTIMATOR: Clustered estimation results from: 1 to : 1
12-27 17:55:47.631   945  1425 I Tracking: LOCALIZATION_POSE_ESTIMATOR: Post-RANSAC iterative minimization converged? true, number of successful features: 3, number of inlier observations: 5
12-27 17:55:47.631   945  1425 I Tracking: LOCALIZATION_POSE_ESTIMATOR: removing duplicate inliers
12-27 17:55:47.631   945  1425 W Tracking: VEGA_LOCALIZER: RANSAC failure: pose couldn't be refined.
12-27 17:55:47.634   945  1423 I Tracking: VEGA_LOCALIZER: Added place descriptor to keyrig h[76, 57]. PBR meta: type: vlad, descriptor: orb, version: 1, num_words: 256
12-27 17:55:47.637   945  1423 I Tracking: VEGA_LOCALIZER: Added 172/197 udeep descriptors to the index. It has 4583 descriptors for 299 points, with stdev: 0.84 and max: 6.03.
12-27 17:55:47.640   945  1423 I Tracking: VEGA_LOCALIZER: Added place descriptor to keyrig h[76, 57]. PBR meta: type: vlad, descriptor: udeep, version: 1, num_words: 256
12-27 17:55:47.640   945  1423 I Tracking: VEGA_LOCALIZER: New descriptors added - Regular: 332, Immature: 0, Resampled by OrphanDescriptors: 0. # Total descriptors: 4374 fallback and 4583 primary.
12-27 17:55:47.766   945 12183 W Tracking: TIMESTAMPCHECKER: Nominal rate wrong. Estimated data rate: 25, Nominal is 30
12-27 17:55:47.786   945  1423 I Tracking: LocalizationStateMachine: All 1 submap set to load (and no more) are already in memory
12-27 17:55:47.786   945  1423 I Tracking: LocalizationStateMachine: Ignoring submap sets to be loaded since they are already all in memory.
12-27 17:55:47.786   945  1423 I Tracking: LocalizationStateMachine: Not scheduling coarse localization since last coarse reloc is < 1s old.
12-27 17:55:47.786   945  1423 I Tracking: LocalizationStateMachine: LocalizationStateMachine updated from CoarseAndFineLocalization to FineLocalizationOnly
12-27 17:55:47.787   945  1423 I Tracking: VEGA_MAPPER: Scheduling localization on root nodes 3c06380f-0958-3898-3af7-75699c3213b3.
12-27 17:55:47.838   945  1423 I Tracking: VEGA_LOCALIZER: Fallback descriptor ratio in index 0.488333135843277 is lower than threshold 0.7, skipping fallback matching
12-27 17:55:47.842   945  1423 I Tracking: VEGA_LOCALIZER: Obtained 42 matches from 940 keypoints using udeep descriptors
12-27 17:55:47.842   945  1423 I Tracking: VEGA_LOCALIZER: Obtained 42 total matches from 940 total keypoints
12-27 17:55:47.843   945  1425 I Tracking: LOCALIZATION_POSE_ESTIMATOR: No pose scoring method was provided, not doing pose scoring
12-27 17:55:47.844   945  1425 I Tracking: LOCALIZATION_POSE_ESTIMATOR: Clustered estimation results from: 1 to : 1
12-27 17:55:47.844   945  1425 I Tracking: LOCALIZATION_POSE_ESTIMATOR: Post-RANSAC iterative minimization converged? false, number of successful features: 0, number of inlier observations: 0
12-27 17:55:47.844   945  1425 I Tracking: LOCALIZATION_POSE_ESTIMATOR: Keeping RANSAC pose estimate, iterative-minimization result ignored.
12-27 17:55:47.844   945  1425 I Tracking: LOCALIZATION_POSE_ESTIMATOR: removing duplicate inliers
12-27 17:55:47.844   945  1425 W Tracking: VEGA_LOCALIZER: RANSAC failure: pose couldn't be refined.
12-27 17:55:48.002 11894 12444 I VrApi   : FPS=50/72,Prd=55ms,Tear=0,Early=3,Stale=22,Stale2/5/10/max=3/0/0/2,VSnc=0,Lat=-1,Fov=0,CPU4/GPU=5/4,2419/525MHz,OC=FF,TA=0/0/0,SP=N/N/N,Mem=2092MHz,Free=2456MB,PLS=0,Temp=25.7C/0.0C,TW=1.71ms,App=16.19ms,GD=0.00ms,CPU&GPU=32.57ms,LCnt=1(DR72,LM0),GPU%=0.98,CPU%=0.54(W0.60),DSF=1.00,CFL=14.09/19.65,ICFLp95=17.71,LD=0,SF=1.00,LP=0,DVFS=0
12-27 17:55:48.021   945  1423 I Tracking: LocalizationStateMachine: Not scheduling coarse localization since last coarse reloc is < 1s old.
12-27 17:55:48.022   945  1423 I Tracking: VEGA_MAPPER: Scheduling localization on root nodes 3c06380f-0958-3898-3af7-75699c3213b3.
12-27 17:55:48.077   945  1423 I Tracking: VEGA_LOCALIZER: Fallback descriptor ratio in index 0.488333135843277 is lower than threshold 0.7, skipping fallback matching
12-27 17:55:48.079   945  1423 I Tracking: VEGA_LOCALIZER: Obtained 39 matches from 952 keypoints using udeep descriptors
12-27 17:55:48.079   945  1423 I Tracking: VEGA_LOCALIZER: Obtained 39 total matches from 952 total keypoints
12-27 17:55:48.080   945  1425 I Tracking: LOCALIZATION_POSE_ESTIMATOR: No pose scoring method was provided, not doing pose scoring
12-27 17:55:48.081   945  1425 I Tracking: LOCALIZATION_POSE_ESTIMATOR: Clustered estimation results from: 1 to : 1
12-27 17:55:48.082   945  1425 I Tracking: LOCALIZATION_POSE_ESTIMATOR: Post-RANSAC iterative minimization converged? false, number of successful features: 2, number of inlier observations: 4
12-27 17:55:48.082   945  1425 I Tracking: LOCALIZATION_POSE_ESTIMATOR: Keeping RANSAC pose estimate, iterative-minimization result ignored.
12-27 17:55:48.082   945  1425 I Tracking: LOCALIZATION_POSE_ESTIMATOR: Removed 2 duplicate inliers from the localization result (before: 4, after: 2).
12-27 17:55:48.082   945  1425 I Tracking: LOCALIZATION_POSE_ESTIMATOR: removing duplicate inliers
12-27 17:55:48.082   945  1425 W Tracking: VEGA_LOCALIZER: RANSAC failure: didn't find enough inliers for next step. Needs at least 4, got 2.
12-27 17:55:48.262   945  1423 I Tracking: LocalizationStateMachine: Not scheduling coarse localization since last coarse reloc is < 1s old.
12-27 17:55:48.262   945  1423 I Tracking: VEGA_MAPPER: Scheduling localization on root nodes 3c06380f-0958-3898-3af7-75699c3213b3.
12-27 17:55:48.267   945  1425 I Tracking: VIPER:DEEP_DESCRIPTOR: Computing Deep Descriptors using gravity orientation.
12-27 17:55:48.317   945  1423 I Tracking: VEGA_LOCALIZER: Fallback descriptor ratio in index 0.488333135843277 is lower than threshold 0.7, skipping fallback matching
12-27 17:55:48.320   945  1423 I Tracking: VEGA_LOCALIZER: Obtained 33 matches from 952 keypoints using udeep descriptors
12-27 17:55:48.320   945  1423 I Tracking: VEGA_LOCALIZER: Obtained 33 total matches from 952 total keypoints
12-27 17:55:48.321   945  1425 I Tracking: LOCALIZATION_POSE_ESTIMATOR: No pose scoring method was provided, not doing pose scoring
12-27 17:55:48.321   945  1425 I Tracking: LOCALIZATION_POSE_ESTIMATOR: Clustered estimation results from: 1 to : 1
12-27 17:55:48.322   945  1425 I Tracking: LOCALIZATION_POSE_ESTIMATOR: Post-RANSAC iterative minimization converged? true, number of successful features: 3, number of inlier observations: 4
12-27 17:55:48.322   945  1425 I Tracking: LOCALIZATION_POSE_ESTIMATOR: removing duplicate inliers
12-27 17:55:48.322   945  1425 W Tracking: VEGA_LOCALIZER: RANSAC failure: pose couldn't be refined.
12-27 17:55:48.502   945  1423 I Tracking: LocalizationStateMachine: Not scheduling coarse localization since last coarse reloc is < 1s old.
12-27 17:55:48.502   945  1423 I Tracking: VEGA_MAPPER: Scheduling localization on root nodes 3c06380f-0958-3898-3af7-75699c3213b3.
12-27 17:55:48.561   945  1423 I Tracking: VEGA_LOCALIZER: Fallback descriptor ratio in index 0.488333135843277 is lower than threshold 0.7, skipping fallback matching
12-27 17:55:48.564   945  1423 I Tracking: VEGA_LOCALIZER: Obtained 30 matches from 956 keypoints using udeep descriptors
12-27 17:55:48.564   945  1423 I Tracking: VEGA_LOCALIZER: Obtained 30 total matches from 956 total keypoints
12-27 17:55:48.565   945  1425 I Tracking: LOCALIZATION_POSE_ESTIMATOR: No pose scoring method was provided, not doing pose scoring
12-27 17:55:48.566   945  1425 I Tracking: LOCALIZATION_POSE_ESTIMATOR: Clustered estimation results from: 1 to : 1
12-27 17:55:48.566   945  1425 I Tracking: LOCALIZATION_POSE_ESTIMATOR: Post-RANSAC iterative minimization converged? false, number of successful features: 1, number of inlier observations: 1
12-27 17:55:48.566   945  1425 I Tracking: LOCALIZATION_POSE_ESTIMATOR: Keeping RANSAC pose estimate, iterative-minimization result ignored.
12-27 17:55:48.566   945  1425 I Tracking: LOCALIZATION_POSE_ESTIMATOR: Removed 1 duplicate inliers from the localization result (before: 3, after: 2).
12-27 17:55:48.566   945  1425 I Tracking: LOCALIZATION_POSE_ESTIMATOR: removing duplicate inliers
12-27 17:55:48.566   945  1425 W Tracking: VEGA_LOCALIZER: RANSAC failure: didn't find enough inliers for next step. Needs at least 4, got 2.
12-27 17:55:48.741   945  1423 I Tracking: LocalizationStateMachine: LocalizationStateMachine updated from FineLocalizationOnly to CoarseAndFineLocalization
12-27 17:55:48.742   945  1423 I Tracking: VEGA_MAPPER: Scheduling coarse localization.
12-27 17:55:48.742   945  1423 I Tracking: VEGA_MAPPER: Scheduling localization on root nodes 3c06380f-0958-3898-3af7-75699c3213b3.
12-27 17:55:48.746   945  1429 E Tracking: FusedSubmapListProvider: fusion logic INTERSECTION_RANKED
12-27 17:55:48.746   945  1429 I Tracking: WifiSubmapListProvider: Using wifi distance model
12-27 17:55:48.761   945  1429 W Tracking: PlaceRecognitionSubmapListProvider: Requested to extract top 20 submaps but we only have 4 in disk.
12-27 17:55:48.802   945  1423 I Tracking: VEGA_LOCALIZER: Fallback descriptor ratio in index 0.488333135843277 is lower than threshold 0.7, skipping fallback matching
12-27 17:55:48.805   945  1423 I Tracking: VEGA_LOCALIZER: Obtained 25 matches from 961 keypoints using udeep descriptors
12-27 17:55:48.805   945  1423 I Tracking: VEGA_LOCALIZER: Obtained 25 total matches from 961 total keypoints
12-27 17:55:48.806   945  1425 I Tracking: LOCALIZATION_POSE_ESTIMATOR: No pose scoring method was provided, not doing pose scoring
12-27 17:55:48.807   945  1425 I Tracking: LOCALIZATION_POSE_ESTIMATOR: Clustered estimation results from: 1 to : 1
12-27 17:55:48.808   945  1425 I Tracking: LOCALIZATION_POSE_ESTIMATOR: Post-RANSAC iterative minimization converged? true, number of successful features: 4, number of inlier observations: 4
12-27 17:55:48.808   945  1425 I Tracking: LOCALIZATION_POSE_ESTIMATOR: Overwriting RANSAC pose and inlier estimates with iterative-minimization result
12-27 17:55:48.808   945  1423 I Tracking: VEGA_LOCALIZER: Localized into L1 submap f145beed-0beb-3926-2d39-0256681b1673 of root 3c06380f-0958-3898-3af7-75699c3213b3 with 4 inliers (4 unique)
12-27 17:55:48.810   945  1423 I Tracking: VEGA_LOCALIZER: Adding submap Submap id = 1, version = 396704886, counter 13824
12-27 17:55:48.840 11894 12083 D UE      : [2023.12.27-12.55.48:840][959]LogBlueprintUserMessages: [VRCharacterLobby_C_2147482465] GET READY
12-27 17:55:48.865 11894 12341 D UE      : [2023.12.27-12.55.48:865][960]LogHMD: Warning: Swapchain format not supported (50), falling back to runtime preferred format (43).
12-27 17:55:48.865  2875 12397 I VrRuntimeService: CreateSwapChain: 354954721
12-27 17:55:48.865  2875 12397 I VrRuntimeService: CreateSwapChain: api:vk 0 0x2b 1024 1024 1 3 1 0 3
12-27 17:55:48.869  2875 12397 I VrRuntimeServer: CreateTextureSwapChain: result importswapchaingles 1
12-27 17:55:48.873 11894 12341 I SwapChain_Vulkan_Memory_Export: Imported texture has requirements 3, ends up index 0
12-27 17:55:48.873 11894 12341 I SwapChain_Vulkan_Memory_Export: Imported texture has requirements 3, ends up index 0
12-27 17:55:48.874 11894 12341 I SwapChain_Vulkan_Memory_Export: Imported texture has requirements 3, ends up index 0
12-27 17:55:48.981   945  1423 I Tracking: LocalizationStateMachine: All 1 submap set to load (and no more) are already in memory
12-27 17:55:48.981   945  1423 I Tracking: LocalizationStateMachine: Ignoring submap sets to be loaded since they are already all in memory.
12-27 17:55:48.981   945  1423 I Tracking: LocalizationStateMachine: Not scheduling coarse localization since there is 1 successful reloc trial and mapper is probably still in ViT.
12-27 17:55:48.981   945  1423 I Tracking: LocalizationStateMachine: LocalizationStateMachine updated from CoarseAndFineLocalization to FineLocalizationOnly
12-27 17:55:48.981   945  1423 I Tracking: VEGA_MAPPER: Scheduling localization on root nodes 3c06380f-0958-3898-3af7-75699c3213b3.
12-27 17:55:49.007   945 12183 I Tracking: VegaTracker: ViT submap Submap id = 1, version = 396704886 detected.
12-27 17:55:49.008   945 12183 I Tracking: VioSubmapHelpers: Adding new submapId to filter from reloc. SubmapId: Submap id = 1, version = 396704886
12-27 17:55:49.009   945 12183 I Tracking: VegaTrackTracker: Starting map tracking on map. SubmapId Submap id = 1, version = 396704886 Active contexts: 1
12-27 17:55:49.025 11894 12444 I ClientSharedTelemetryStats: App memory usage: PSS=699 MiB, PrivateDirty=512 MiB, PrivateClean=166 MiB, GPU=283.8/284.4 MiB (100% allocated)
12-27 17:55:49.025 11894 12444 I VrApi   : FPS=49/72,Prd=53ms,Tear=0,Early=3,Stale=30,Stale2/5/10/max=6/0/0/3,VSnc=0,Lat=-1,Fov=0,CPU4/GPU=5/4,1478/525MHz,OC=FF,TA=0/0/0,SP=N/N/N,Mem=2092MHz,Free=2508MB,PLS=0,Temp=25.7C/0.0C,TW=1.72ms,App=18.92ms,GD=0.00ms,CPU&GPU=33.12ms,LCnt=1(DR72,LM0),GPU%=0.97,CPU%=0.36(W0.40),DSF=1.00,CFL=14.20/19.18,ICFLp95=17.44,LD=0,SF=1.00,LP=0,DVFS=0
12-27 17:55:49.043   945  1423 I Tracking: VEGA_LOCALIZER: Fallback descriptor ratio in index 0.488333135843277 is lower than threshold 0.7, skipping fallback matching
12-27 17:55:49.046   945  1423 I Tracking: VEGA_LOCALIZER: Obtained 34 matches from 967 keypoints using udeep descriptors
12-27 17:55:49.046   945  1423 I Tracking: VEGA_LOCALIZER: Obtained 34 total matches from 967 total keypoints
12-27 17:55:49.047   945  1425 I Tracking: LOCALIZATION_POSE_ESTIMATOR: No pose scoring method was provided, not doing pose scoring
12-27 17:55:49.048   945  1425 I Tracking: LOCALIZATION_POSE_ESTIMATOR: Clustered estimation results from: 1 to : 1
12-27 17:55:49.048   945  1425 I Tracking: LOCALIZATION_POSE_ESTIMATOR: Post-RANSAC iterative minimization converged? false, number of successful features: 2, number of inlier observations: 3
12-27 17:55:49.048   945  1425 I Tracking: LOCALIZATION_POSE_ESTIMATOR: Keeping RANSAC pose estimate, iterative-minimization result ignored.
12-27 17:55:49.048   945  1425 I Tracking: LOCALIZATION_POSE_ESTIMATOR: Removed 1 duplicate inliers from the localization result (before: 4, after: 3).
12-27 17:55:49.048   945  1425 I Tracking: LOCALIZATION_POSE_ESTIMATOR: removing duplicate inliers
12-27 17:55:49.048   945  1425 W Tracking: VEGA_LOCALIZER: RANSAC failure: didn't find enough inliers for next step. Needs at least 4, got 3.
12-27 17:55:49.059   945 12183 W Tracking: VEGA:HM:MAP_TRACKING: Validation failed after 0.04 seconds of bad frames. Switching from Validating to NoTracking on Submap id = 1, version = 396704886
12-27 17:55:49.091   945 12183 I Tracking: TrackedMapContext: Stop tracking map with ID Submap id = 1, version = 396704886 at index: 1 in contexts: 2
12-27 17:55:49.221   945  1423 I Tracking: VEGA_LOCALIZER: T2S submap id: Submap id = 1, version = 396704886, map context uid: 3c06380f-0958-3898-3af7-75699c3213b3, Validation-in-tracker failed
12-27 17:55:49.222   945  1423 I Tracking: LocalizationStateMachine: Not scheduling coarse localization since there is 1 successful reloc trial and mapper is probably still in ViT.
12-27 17:55:49.222   945  1423 I Tracking: VEGA_MAPPER: Scheduling localization on root nodes 3c06380f-0958-3898-3af7-75699c3213b3.
12-27 17:55:49.278   945  1423 I Tracking: VEGA_LOCALIZER: Fallback descriptor ratio in index 0.488333135843277 is lower than threshold 0.7, skipping fallback matching
12-27 17:55:49.281   945  1423 I Tracking: VEGA_LOCALIZER: Obtained 31 matches from 960 keypoints using udeep descriptors
12-27 17:55:49.281   945  1423 I Tracking: VEGA_LOCALIZER: Obtained 31 total matches from 960 total keypoints
12-27 17:55:49.281   945  1425 I Tracking: LOCALIZATION_POSE_ESTIMATOR: No pose scoring method was provided, not doing pose scoring
12-27 17:55:49.282   945  1425 I Tracking: LOCALIZATION_POSE_ESTIMATOR: Clustered estimation results from: 1 to : 1
12-27 17:55:49.282   945  1425 I Tracking: LOCALIZATION_POSE_ESTIMATOR: Post-RANSAC iterative minimization converged? false, number of successful features: 0, number of inlier observations: 0
12-27 17:55:49.282   945  1425 I Tracking: LOCALIZATION_POSE_ESTIMATOR: Keeping RANSAC pose estimate, iterative-minimization result ignored.
12-27 17:55:49.282   945  1425 I Tracking: LOCALIZATION_POSE_ESTIMATOR: removing duplicate inliers
12-27 17:55:49.282   945  1425 W Tracking: VEGA_LOCALIZER: RANSAC failure: pose couldn't be refined.
12-27 17:55:49.301   945 12183 I Tracking: VIPER: Mode=SuperVega,Status=6DoF,TRACKING,Inl=31,Mem=91.0,Jit=0.9mm,Issues(Cam/min=0.0,IMU/min=0.0),Exp=(6.9ms,g=7.0,I=75,Ir=1564.1)(8.8ms,g=11.0,I=68,Ir=705.5)(8.8ms,g=11.0,I=82,Ir=852.7)(6.4ms,g=6.0,I=75,Ir=1961.4)
12-27 17:55:49.469   945  1423 I Tracking: LocalizationStateMachine: Not scheduling coarse localization since there is 1 successful reloc trial and mapper is probably still in ViT.
12-27 17:55:49.470   945  1423 I Tracking: VEGA_MAPPER: Scheduling localization on root nodes 3c06380f-0958-3898-3af7-75699c3213b3.
12-27 17:55:49.475   945  1425 I Tracking: VIPER:DEEP_DESCRIPTOR: Computing Deep Descriptors using gravity orientation.
12-27 17:55:49.494  1658  1789 D ControllerManagement: P2p group not formed. No need to switch band.
12-27 17:55:49.498 11894 11939 V UE      : [NetworkChangedManager] Network Capabilities changed, has Internet: true
12-27 17:55:49.495  3265  3265 D MetaCam (DeviceLifecycleManager): onCapabilitiesChanged(...). Has NET_CAPABILITY_VALIDATED.
12-27 17:55:49.500 11894 12743 V UE      : [NetworkChangedManager] Verifying internet connection with host: https://example.com/
12-27 17:55:49.501 28111 28149 V UE      : [NetworkChangedManager] Network Capabilities changed, has Internet: true
12-27 17:55:49.509  8101  8121 V UE      : [NetworkChangedManager] Network Capabilities changed, has Internet: true
12-27 17:55:49.514  8143  8242 V UE      : [NetworkChangedManager] Network Capabilities changed, has Internet: true
12-27 17:55:49.514 28111 12746 V UE      : [NetworkChangedManager] Verifying internet connection with host: https://google.com/
12-27 17:55:49.514  8101 12747 V UE      : [NetworkChangedManager] Verifying internet connection with host: https://example.com/
12-27 17:55:49.517  8207  8276 V UE      : [NetworkChangedManager] Network Capabilities changed, has Internet: true
12-27 17:55:49.520  8143 12749 V UE      : [NetworkChangedManager] Verifying internet connection with host: https://example.com/
12-27 17:55:49.520  8207 12748 V UE      : [NetworkChangedManager] Verifying internet connection with host: https://example.com/
12-27 17:55:49.565   945  1423 I Tracking: VEGA_LOCALIZER: Fallback descriptor ratio in index 0.488333135843277 is lower than threshold 0.7, skipping fallback matching
12-27 17:55:49.575   945  1423 I Tracking: VEGA_LOCALIZER: Obtained 31 matches from 976 keypoints using udeep descriptors
12-27 17:55:49.575   945  1423 I Tracking: VEGA_LOCALIZER: Obtained 31 total matches from 976 total keypoints
12-27 17:55:49.580   945  1425 I Tracking: LOCALIZATION_POSE_ESTIMATOR: No pose scoring method was provided, not doing pose scoring
12-27 17:55:49.584   945  1425 I Tracking: LOCALIZATION_POSE_ESTIMATOR: Clustered estimation results from: 1 to : 1
12-27 17:55:49.587   945  1425 I Tracking: LOCALIZATION_POSE_ESTIMATOR: Post-RANSAC iterative minimization converged? false, number of successful features: 2, number of inlier observations: 3
12-27 17:55:49.587   945  1425 I Tracking: LOCALIZATION_POSE_ESTIMATOR: Keeping RANSAC pose estimate, iterative-minimization result ignored.
12-27 17:55:49.587   945  1425 I Tracking: LOCALIZATION_POSE_ESTIMATOR: Removed 1 duplicate inliers from the localization result (before: 3, after: 2).
12-27 17:55:49.587   945  1425 I Tracking: LOCALIZATION_POSE_ESTIMATOR: removing duplicate inliers
12-27 17:55:49.587   945  1425 W Tracking: VEGA_LOCALIZER: RANSAC failure: didn't find enough inliers for next step. Needs at least 4, got 2.
12-27 17:55:49.593   945 12141 I Tracking: BOLT:HexagonTelemetry: Global DSP utilization: 18.09% (906 / 5010 ms), Scalar Util: 87.87%, HVX Util: 49.19%, HMX Util: 0.00%.
12-27 17:55:49.701   945  1423 I Tracking: LocalizationStateMachine: Not scheduling coarse localization since there is 1 successful reloc trial and mapper is probably still in ViT.
12-27 17:55:49.702   945  1423 I Tracking: VEGA_MAPPER: Scheduling localization on root nodes 3c06380f-0958-3898-3af7-75699c3213b3.
12-27 17:55:49.733 11894 12743 V UE      : [NetworkChangedManager] Connectivity hasn't changed. Current state: CONNECTION_AVAILABLE
12-27 17:55:49.733 11894 12743 V UE      : [NetworkChangedManager] Full network check complete. State: CONNECTION_AVAILABLE
12-27 17:55:49.741 28111 12746 V UE      : [NetworkChangedManager] Connectivity hasn't changed. Current state: CONNECTION_AVAILABLE
12-27 17:55:49.741 28111 12746 V UE      : [NetworkChangedManager] Full network check complete. State: CONNECTION_AVAILABLE
12-27 17:55:49.767   945 12183 W Tracking: TIMESTAMPCHECKER: Nominal rate wrong. Estimated data rate: 25, Nominal is 30
12-27 17:55:49.770   945  1423 I Tracking: VEGA_LOCALIZER: Fallback descriptor ratio in index 0.488333135843277 is lower than threshold 0.7, skipping fallback matching
12-27 17:55:49.779  8143 12749 V UE      : [NetworkChangedManager] Connectivity hasn't changed. Current state: CONNECTION_AVAILABLE
12-27 17:55:49.780  8143 12749 V UE      : [NetworkChangedManager] Full network check complete. State: CONNECTION_AVAILABLE
12-27 17:55:49.780   945  1423 I Tracking: VEGA_LOCALIZER: Obtained 26 matches from 997 keypoints using udeep descriptors
12-27 17:55:49.780   945  1423 I Tracking: VEGA_LOCALIZER: Obtained 26 total matches from 997 total keypoints
12-27 17:55:49.782   945  1425 I Tracking: LOCALIZATION_POSE_ESTIMATOR: No pose scoring method was provided, not doing pose scoring
12-27 17:55:49.786  8101 12747 V UE      : [NetworkChangedManager] Connectivity hasn't changed. Current state: CONNECTION_AVAILABLE
12-27 17:55:49.788  8101 12747 V UE      : [NetworkChangedManager] Full network check complete. State: CONNECTION_AVAILABLE
12-27 17:55:49.788   945  1425 I Tracking: LOCALIZATION_POSE_ESTIMATOR: Clustered estimation results from: 1 to : 1
12-27 17:55:49.788   945  1425 I Tracking: LOCALIZATION_POSE_ESTIMATOR: Post-RANSAC iterative minimization converged? true, number of successful features: 3, number of inlier observations: 5
12-27 17:55:49.789   945  1425 I Tracking: LOCALIZATION_POSE_ESTIMATOR: Removed 1 duplicate inliers from the localization result (before: 5, after: 4).
12-27 17:55:49.789   945  1425 I Tracking: LOCALIZATION_POSE_ESTIMATOR: removing duplicate inliers
12-27 17:55:49.789   945  1425 W Tracking: VEGA_LOCALIZER: RANSAC failure: pose couldn't be refined.
12-27 17:55:49.792 11894 12340 I AppLoadTimeTelemetryCommon: App load time recorded [packageName=com.epicgames.AtomVR, time=85.288998, method="BeginFrame (1000)", launchType="Launch"]
12-27 17:55:49.795  8207 12748 V UE      : [NetworkChangedManager] Connectivity hasn't changed. Current state: CONNECTION_AVAILABLE
12-27 17:55:49.795  8207 12748 V UE      : [NetworkChangedManager] Full network check complete. State: CONNECTION_AVAILABLE
12-27 17:55:49.940   945  1423 I Tracking: LocalizationStateMachine: Not scheduling coarse localization since there is 1 successful reloc trial and mapper is probably still in ViT.
12-27 17:55:49.940   945  1423 I Tracking: VEGA_MAPPER: Scheduling localization on root nodes 3c06380f-0958-3898-3af7-75699c3213b3.
12-27 17:55:50.002 11894 12444 I VrApi   : FPS=46/72,Prd=55ms,Tear=0,Early=1,Stale=31,Stale2/5/10/max=4/0/0/4,VSnc=0,Lat=-1,Fov=0,CPU4/GPU=5/4,1670/525MHz,OC=FF,TA=0/0/0,SP=N/N/N,Mem=2092MHz,Free=2508MB,PLS=0,Temp=25.7C/0.0C,TW=2.13ms,App=18.22ms,GD=0.00ms,CPU&GPU=33.97ms,LCnt=2(DR54,LM0),GPU%=0.96,CPU%=0.40(W0.48),DSF=1.00,CFL=14.30/21.52,ICFLp95=18.53,LD=0,SF=1.00,LP=0,DVFS=0
12-27 17:55:50.012   945 12183 I Tracking: boltlib: DSP utilization: 20.67 % (1034 / 5003 ms)
12-27 17:55:50.015   945  1423 I Tracking: VEGA_LOCALIZER: Fallback descriptor ratio in index 0.488333135843277 is lower than threshold 0.7, skipping fallback matching
12-27 17:55:50.019   945  1423 I Tracking: VEGA_LOCALIZER: Obtained 23 matches from 999 keypoints using udeep descriptors
12-27 17:55:50.019   945  1423 I Tracking: VEGA_LOCALIZER: Obtained 23 total matches from 999 total keypoints
12-27 17:55:50.020   945  1425 I Tracking: LOCALIZATION_POSE_ESTIMATOR: No pose scoring method was provided, not doing pose scoring
12-27 17:55:50.021   945  1425 I Tracking: LOCALIZATION_POSE_ESTIMATOR: Clustered estimation results from: 1 to : 1
12-27 17:55:50.021   945  1425 I Tracking: LOCALIZATION_POSE_ESTIMATOR: Post-RANSAC iterative minimization converged? false, number of successful features: 2, number of inlier observations: 3
12-27 17:55:50.021   945  1425 I Tracking: LOCALIZATION_POSE_ESTIMATOR: Keeping RANSAC pose estimate, iterative-minimization result ignored.
12-27 17:55:50.021   945  1425 I Tracking: LOCALIZATION_POSE_ESTIMATOR: Removed 1 duplicate inliers from the localization result (before: 3, after: 2).
12-27 17:55:50.021   945  1425 I Tracking: LOCALIZATION_POSE_ESTIMATOR: removing duplicate inliers
12-27 17:55:50.021   945  1425 W Tracking: VEGA_LOCALIZER: RANSAC failure: didn't find enough inliers for next step. Needs at least 4, got 2.
12-27 17:55:50.181   945  1423 I Tracking: LocalizationStateMachine: Not scheduling coarse localization since there is 1 successful reloc trial and mapper is probably still in ViT.
12-27 17:55:50.181   945  1423 I Tracking: VEGA_MAPPER: Scheduling localization on root nodes 3c06380f-0958-3898-3af7-75699c3213b3.
12-27 17:55:50.242   945  1423 I Tracking: VEGA_LOCALIZER: Fallback descriptor ratio in index 0.488333135843277 is lower than threshold 0.7, skipping fallback matching
12-27 17:55:50.245   945  1423 I Tracking: VEGA_LOCALIZER: Obtained 36 matches from 994 keypoints using udeep descriptors
12-27 17:55:50.245   945  1423 I Tracking: VEGA_LOCALIZER: Obtained 36 total matches from 994 total keypoints
12-27 17:55:50.246   945  1425 I Tracking: LOCALIZATION_POSE_ESTIMATOR: No pose scoring method was provided, not doing pose scoring
12-27 17:55:50.248   945  1425 I Tracking: LOCALIZATION_POSE_ESTIMATOR: Clustered estimation results from: 1 to : 1
12-27 17:55:50.249   945  1425 I Tracking: LOCALIZATION_POSE_ESTIMATOR: Post-RANSAC iterative minimization converged? false, number of successful features: 2, number of inlier observations: 3
12-27 17:55:50.249   945  1425 I Tracking: LOCALIZATION_POSE_ESTIMATOR: Keeping RANSAC pose estimate, iterative-minimization result ignored.
12-27 17:55:50.249   945  1425 I Tracking: LOCALIZATION_POSE_ESTIMATOR: Removed 1 duplicate inliers from the localization result (before: 5, after: 4).
12-27 17:55:50.249   945  1425 I Tracking: LOCALIZATION_POSE_ESTIMATOR: removing duplicate inliers
12-27 17:55:50.249   945  1425 W Tracking: VEGA_LOCALIZER: RANSAC failure: pose couldn't be refined.
12-27 17:55:50.421   945  1423 I Tracking: LocalizationStateMachine: Not scheduling coarse localization since there is 1 successful reloc trial and mapper is probably still in ViT.
12-27 17:55:50.421   945  1423 I Tracking: VEGA_MAPPER: Scheduling localization on root nodes 3c06380f-0958-3898-3af7-75699c3213b3.
12-27 17:55:50.479   945  1423 I Tracking: VEGA_LOCALIZER: Fallback descriptor ratio in index 0.488333135843277 is lower than threshold 0.7, skipping fallback matching
12-27 17:55:50.483   945  1423 I Tracking: VEGA_LOCALIZER: Obtained 28 matches from 957 keypoints using udeep descriptors
12-27 17:55:50.484   945  1423 I Tracking: VEGA_LOCALIZER: Obtained 28 total matches from 957 total keypoints
12-27 17:55:50.485   945  1425 I Tracking: LOCALIZATION_POSE_ESTIMATOR: No pose scoring method was provided, not doing pose scoring
12-27 17:55:50.487   945  1425 I Tracking: LOCALIZATION_POSE_ESTIMATOR: Clustered estimation results from: 1 to : 1
12-27 17:55:50.488   945  1425 I Tracking: LOCALIZATION_POSE_ESTIMATOR: Post-RANSAC iterative minimization converged? false, number of successful features: 2, number of inlier observations: 2
12-27 17:55:50.488   945  1425 I Tracking: LOCALIZATION_POSE_ESTIMATOR: Keeping RANSAC pose estimate, iterative-minimization result ignored.
12-27 17:55:50.488   945  1425 I Tracking: LOCALIZATION_POSE_ESTIMATOR: Removed 1 duplicate inliers from the localization result (before: 4, after: 3).
12-27 17:55:50.488   945  1425 I Tracking: LOCALIZATION_POSE_ESTIMATOR: removing duplicate inliers
12-27 17:55:50.488   945  1425 W Tracking: VEGA_LOCALIZER: RANSAC failure: didn't find enough inliers for next step. Needs at least 4, got 3.
12-27 17:55:50.664   945  1423 I Tracking: LocalizationStateMachine: Not scheduling coarse localization since there is 1 successful reloc trial and mapper is probably still in ViT.
12-27 17:55:50.665   945  1423 I Tracking: VEGA_MAPPER: Scheduling localization on root nodes 3c06380f-0958-3898-3af7-75699c3213b3.
12-27 17:55:50.673   945  1425 I Tracking: VIPER:DEEP_DESCRIPTOR: Computing Deep Descriptors using gravity orientation.
12-27 17:55:50.723   945  1423 I Tracking: VEGA_LOCALIZER: Fallback descriptor ratio in index 0.488333135843277 is lower than threshold 0.7, skipping fallback matching
12-27 17:55:50.728   945  1423 I Tracking: VEGA_LOCALIZER: Obtained 22 matches from 925 keypoints using udeep descriptors
12-27 17:55:50.728   945  1423 I Tracking: VEGA_LOCALIZER: Obtained 22 total matches from 925 total keypoints
12-27 17:55:50.729   945  1425 I Tracking: LOCALIZATION_POSE_ESTIMATOR: No pose scoring method was provided, not doing pose scoring
12-27 17:55:50.730   945  1425 I Tracking: LOCALIZATION_POSE_ESTIMATOR: Clustered estimation results from: 1 to : 1
12-27 17:55:50.730   945  1425 I Tracking: LOCALIZATION_POSE_ESTIMATOR: Post-RANSAC iterative minimization converged? false, number of successful features: 2, number of inlier observations: 5
12-27 17:55:50.730   945  1425 I Tracking: LOCALIZATION_POSE_ESTIMATOR: Keeping RANSAC pose estimate, iterative-minimization result ignored.
12-27 17:55:50.730   945  1425 I Tracking: LOCALIZATION_POSE_ESTIMATOR: Removed 1 duplicate inliers from the localization result (before: 4, after: 3).
12-27 17:55:50.730   945  1425 I Tracking: LOCALIZATION_POSE_ESTIMATOR: removing duplicate inliers
12-27 17:55:50.730   945  1425 W Tracking: VEGA_LOCALIZER: RANSAC failure: didn't find enough inliers for next step. Needs at least 4, got 3.
12-27 17:55:50.888  2875 12397 I VrRuntimeService: DestroySwapChain: swapchain=1508
