12-26 08:10:32.007   945 11306 I Tracking: CONSTELLATION: 	isVisibleThreshold (deg): 85
12-26 08:10:32.007   945 11306 I Tracking: CONSTELLATION: 	isReliableThreshold (deg): 80
12-26 08:10:32.007   945 11306 I Tracking: CONSTELLATION: 	lensingIndex: 0
12-26 08:10:32.007   945 11306 I Tracking: CONSTELLATION: 
12-26 08:10:32.007   945 11306 I Tracking: CONSTELLATION: Model Point
12-26 08:10:32.007   945 11306 I Tracking: CONSTELLATION: 	Position: -0.0319749 0.0464076 0.0635594 
12-26 08:10:32.007   945 11306 I Tracking: CONSTELLATION: 	Normal: -0.687137 0.403588 0.604119 
12-26 08:10:32.007   945 11306 I Tracking: CONSTELLATION: 	isVisibleThreshold (deg): 85
12-26 08:10:32.007   945 11306 I Tracking: CONSTELLATION: 	isReliableThreshold (deg): 80
12-26 08:10:32.007   945 11306 I Tracking: CONSTELLATION: 	lensingIndex: 0
12-26 08:10:32.007   945 11306 I Tracking: CONSTELLATION: 
12-26 08:10:32.007   945 11306 I Tracking: CONSTELLATION: Model Point
12-26 08:10:32.007   945 11306 I Tracking: CONSTELLATION: 	Position: -0.00832021 0.063384 0.0533697 
12-26 08:10:32.007   945 11306 I Tracking: CONSTELLATION: 	Normal: -0.139838 0.988806 -0.052039 
12-26 08:10:32.007   945 11306 I Tracking: CONSTELLATION: 	isVisibleThreshold (deg): 85
12-26 08:10:32.007   945 11306 I Tracking: CONSTELLATION: 	isReliableThreshold (deg): 80
12-26 08:10:32.007   945 11306 I Tracking: CONSTELLATION: 	lensingIndex: 0
12-26 08:10:32.007   945 11306 I Tracking: CONSTELLATION: 
12-26 08:10:32.007   945 11306 I Tracking: CONSTELLATION: Model Point
12-26 08:10:32.007   945 11306 I Tracking: CONSTELLATION: 	Position: 0.015709 0.0543094 0.0702338 
12-26 08:10:32.007   945 11306 I Tracking: CONSTELLATION: 	Normal: 0.3356 0.594482 0.730728 
12-26 08:10:32.007   945 11306 I Tracking: CONSTELLATION: 	isVisibleThreshold (deg): 85
12-26 08:10:32.007   945 11306 I Tracking: CONSTELLATION: 	isReliableThreshold (deg): 80
12-26 08:10:32.007   945 11306 I Tracking: CONSTELLATION: 	lensingIndex: 0
12-26 08:10:32.007   945 11306 I Tracking: CONSTELLATION: 
12-26 08:10:32.007   945 11306 I Tracking: CONSTELLATION: Model Point
12-26 08:10:32.007   945 11306 I Tracking: CONSTELLATION: 	Position: 0.0298006 0.0552993 0.047555 
12-26 08:10:32.007   945 11306 I Tracking: CONSTELLATION: 	Normal: 0.521854 0.846815 -0.102825 
12-26 08:10:32.007   945 11306 I Tracking: CONSTELLATION: 	isVisibleThreshold (deg): 85
12-26 08:10:32.007   945 11306 I Tracking: CONSTELLATION: 	isReliableThreshold (deg): 80
12-26 08:10:32.007   945 11306 I Tracking: CONSTELLATION: 	lensingIndex: 0
12-26 08:10:32.007   945 11306 I Tracking: CONSTELLATION: 
12-26 08:10:32.007   945 11306 I Tracking: CONSTELLATION: Model Point
12-26 08:10:32.007   945 11306 I Tracking: CONSTELLATION: 	Position: 0.0447439 0.0283682 0.0481559 
12-26 08:10:32.007   945 11306 I Tracking: CONSTELLATION: 	Normal: 0.939979 -0.050734 0.337439 
12-26 08:10:32.007   945 11306 I Tracking: CONSTELLATION: 	isVisibleThreshold (deg): 85
12-26 08:10:32.007   945 11306 I Tracking: CONSTELLATION: 	isReliableThreshold (deg): 80
12-26 08:10:32.007   945 11306 I Tracking: CONSTELLATION: 	lensingIndex: 0
12-26 08:10:32.007   787 11269 I SyncBossInput: [info   ] [jedi ( left) 9d17e7cexxxxxxxx]: 4577702 [info   ] {APP }: Connected
12-26 08:10:32.007   945 11306 I Tracking: CONSTELLATION: 
12-26 08:10:32.007  3653  3653 I [SUI] ConsumerConfiguration: Setting SystemUX Configuration and Policy Settings.
12-26 08:10:32.007   945 11306 I Tracking: CONSTELLATION: Model Point
12-26 08:10:32.007   945 11306 I Tracking: CONSTELLATION: 	Position: 0.0444155 0.0239871 0.0237093 
12-26 08:10:32.008   945 11306 I Tracking: CONSTELLATION: 	Normal: 0.905272 0.145508 -0.399137 
12-26 08:10:32.008   945 11306 I Tracking: CONSTELLATION: 	isVisibleThreshold (deg): 85
12-26 08:10:32.008   945 11306 I Tracking: CONSTELLATION: 	isReliableThreshold (deg): 80
12-26 08:10:32.008   945 11306 I Tracking: CONSTELLATION: 	lensingIndex: 0
12-26 08:10:32.008   945 11306 I Tracking: CONSTELLATION: 
12-26 08:10:32.008   945 11306 I Tracking: CONSTELLATION: Model Point
12-26 08:10:32.008   945 11306 I Tracking: CONSTELLATION: 	Position: 0.0397352 0.00314417 0.0257086 
12-26 08:10:32.008   945 11306 I Tracking: CONSTELLATION: 	Normal: 0.864579 -0.491294 -0.105518 
12-26 08:10:32.008   945 11306 I Tracking: CONSTELLATION: 	isVisibleThreshold (deg): 85
12-26 08:10:32.008   945 11306 I Tracking: CONSTELLATION: 	isReliableThreshold (deg): 80
12-26 08:10:32.008   945 11306 I Tracking: CONSTELLATION: 	lensingIndex: 0
12-26 08:10:32.008   945 11306 I Tracking: CONSTELLATION: 
12-26 08:10:32.008   945 11306 I Tracking: CONSTELLATION: Model Point
12-26 08:10:32.008   945 11306 I Tracking: CONSTELLATION: 	Position: 0.0327836 0.00431212 0.00967246 
12-26 08:10:32.008   945 11306 I Tracking: CONSTELLATION: 	Normal: 0.700597 -0.381345 -0.603108 
12-26 08:10:32.008   945 11306 I Tracking: CONSTELLATION: 	isVisibleThreshold (deg): 85
12-26 08:10:32.008   945 11306 I Tracking: CONSTELLATION: 	isReliableThreshold (deg): 80
12-26 08:10:32.008   945 11306 I Tracking: CONSTELLATION: 	lensingIndex: 0
12-26 08:10:32.008   945 11306 I Tracking: CONSTELLATION: 
12-26 08:10:32.008   945 11306 I Tracking: CONSTELLATION: Model Point
12-26 08:10:32.008   945 11306 I Tracking: CONSTELLATION: 	Position: 0.0217941 -0.00491701 0.0063835 
12-26 08:10:32.008   945 11306 I Tracking: CONSTELLATION: 	Normal: 0.478401 -0.57575 -0.663056 
12-26 08:10:32.008   945 11306 I Tracking: CONSTELLATION: 	isVisibleThreshold (deg): 85
12-26 08:10:32.008   945 11306 I Tracking: CONSTELLATION: 	isReliableThreshold (deg): 80
12-26 08:10:32.008   945 11306 I Tracking: CONSTELLATION: 	lensingIndex: 0
12-26 08:10:32.008   945 11306 I Tracking: CONSTELLATION: 
12-26 08:10:32.008   945 11306 I Tracking: CONSTELLATION: 
12-26 08:10:32.008   945 11306 I Tracking: CONSTELLATION: Parsed calibration (TrackingModel) ^^^
12-26 08:10:32.008   945 11306 I Tracking: CONSTELLATION: Got device type string: CONTROLLER_JEDI_RIGHT
12-26 08:10:32.008   945 11306 I Tracking: CONSTELLATION: Parsed device of type: JEDI
12-26 08:10:32.008   945 11306 I Tracking: CONSTELLATION: Got device type string from calibration: 
12-26 08:10:32.008   945 11306 I Tracking: CONSTELLATION: Parsed device of type from calibration: UNKNOWN
12-26 08:10:32.008   945 11306 I Tracking: CONSTELLATION:CONFIG: Clearing Constellation config file overrides
12-26 08:10:32.008  3653  3653 D [SUI] MultiUserManagerHelper: Is Multiuser Enabled SystemUXConfig is MultiUser Enabled: true, OculusManager is MultiUser Enabled: true
12-26 08:10:32.008   945 11306 I Tracking: CONSTELLATION:CONFIG: Loading config file Constellation_JEDI.conf
12-26 08:10:32.008  3362 14796 E JavaBinder: *** Uncaught remote exception!  (Exceptions are not yet supported across processes.)
12-26 08:10:32.008   945 11306 I Tracking: CONSTELLATION:CONFIG: Applied config file Constellation_JEDI.conf
12-26 08:10:32.008   945 11306 I Tracking: CONSTELLATION:CONFIG: Loading config file Constellation_JEDI_RELEASE.conf
12-26 08:10:32.008   945 11306 W Tracking: CONSTELLATION:CONFIG: Failed to apply config file with non-existent key Constellation_JEDI_RELEASE.conf
12-26 08:10:32.008   945 11306 I Tracking: CONSTELLATION:CONFIG: Loading config file Constellation_JEDI_EVPR.conf
12-26 08:10:32.008   945 11306 W Tracking: CONSTELLATION:CONFIG: Failed to apply config file with non-existent key Constellation_JEDI_EVPR.conf
12-26 08:10:32.008   945 11306 I Tracking: CONSTELLATION:CONFIG: Loading config file Constellation_JEDI_RELEASE_EVPR.conf
12-26 08:10:32.008   945 11306 W Tracking: CONSTELLATION:CONFIG: Failed to apply config file with non-existent key Constellation_JEDI_RELEASE_EVPR.conf
12-26 08:10:32.008   945 11306 I Tracking: CONSTELLATION: Right handed controller found!
12-26 08:10:32.008   945 11306 I Tracking: CONSTELLATION: Imu Position = -0.0132781 -0.0108248 0.0246396 
12-26 08:10:32.009   945 11306 I Tracking: CONSTELLATION: right: ControllerStateBuffer: RESET
12-26 08:10:32.009   945 11306 I Tracking: CONSTELLATION: right: Creating Controller Fusion with 15 LEDs.
12-26 08:10:32.009   945 11306 I Tracking: CONSTELLATION: right: ControllerStateBuffer: RESET
12-26 08:10:32.009   945 11306 I Tracking: INPUT_TRACKING:MotionModel:Blackboard: reset
12-26 08:10:32.009   945 11306 I Tracking: CONSTELLATION:MATCHING: [BruteMatching] Pre-computed 105 model pairs.
12-26 08:10:32.012   787 11269 I SyncBossInput: [info   ] [jedi (right) d3d05f47xxxxxxxx]: 4578948 [info   ] {APP }: Connected
12-26 08:10:32.012  3653 11378 W OVRLibrary: null cursor received for query content://com.oculus.ocms.library/apps/share_system_app
12-26 08:10:32.015   945 11306 I Tracking: CONSTELLATION:MATCHING: [BruteMatching] Pre-computed 43 model triangles.
12-26 08:10:32.016   945 11306 I Tracking: BlobSizeChecker: Trying to get BlobSizeChecker for device type 3.
12-26 08:10:32.016   945 11306 I Tracking: CONSTELLATION: right: ControllerStateBuffer: RESET
12-26 08:10:32.016   945 11306 I Tracking: INPUT_TRACKING:MotionModel:Blackboard: reset
12-26 08:10:32.016   945 11306 I Tracking: CONSTELLATION:TRACKING_ENGINE: Attempting to set LED on time for device d3d05f47e2487092 to 34us.
12-26 08:10:32.016   945 11306 W TrackingService: Attempted to control leds, but gatekeeper is disabled. Skipping operation.
12-26 08:10:32.016   945 11306 E Tracking: ConstellationHealthMonitor: Attempting to register a third controller with id, 15262803899502325906
12-26 08:10:32.017   945 11306 W Tracking: CONSTELLATION_Left: [Throttled count=331] Could not retrieve 3dof fallback pose.
12-26 08:10:32.017   945 11306 I Tracking: CONSTELLATION:IMU_STATUS: 9d17e7ce194bc1ec (L): [FusionTracked=0.000, OutputTracked=0.000, OutputValid=0.000] [AccelSat=0.000, GyroSat=0.000] 
12-26 08:10:32.017   945 11306 D TrackingService: 9d17e7ce194bc1ec: isControllerInHand(20235.48s): 1 ctEnabled: 1 btnPress: 1 btnOrTpdTouch: 1 btnOrTpdProx: 1 static(20235.48s): 1 thbstkOffCenter: 1 
12-26 08:10:32.017   945 11306 D TrackingService: [HANDTRACKING] Controller 9d17e7ce194bc1ec in hand: Y, valid: Y
12-26 08:10:32.017  1658 11276 D OVRRemoteService: RemoteService::recordControllerStatusUpdate: device 9d17e7ce194bc1ec: status: CONNECTED_ACTIVE tracking: NONE, errors: --
12-26 08:10:32.018   945 11306 W Tracking: CONSTELLATION_Right: [Throttled count=327] Could not retrieve 3dof fallback pose.
12-26 08:10:32.018   945 11306 I Tracking: CONSTELLATION:IMU_STATUS: d3d05f47e2487092 (R): [FusionTracked=0.000, OutputTracked=0.000, OutputValid=0.000] [AccelSat=0.000, GyroSat=0.000] 
12-26 08:10:32.018   945 11306 D TrackingService: d3d05f47e2487092: isControllerInHand(20235.48s): 1 ctEnabled: 1 btnPress: 1 btnOrTpdTouch: 1 btnOrTpdProx: 1 static(20235.48s): 1 thbstkOffCenter: 1 
12-26 08:10:32.018   945 11306 D TrackingService: [HANDTRACKING] Controller d3d05f47e2487092 in hand: Y, valid: Y
12-26 08:10:32.018  1658 11276 D OVRRemoteService: RemoteService::recordControllerStatusUpdate: device d3d05f47e2487092: status: CONNECTED_ACTIVE tracking: NONE, errors: --
12-26 08:10:32.022   777   840 D msm8974_platform: platform_split_snd_device: snd_device(2) num devices(1) new_snd_devices(0)
12-26 08:10:32.022   777   840 D ACDB-LOADER: ACDB -> send_audvoltable
12-26 08:10:32.022   777   840 D ACDB-LOADER: ACDB -> ACDB_CMD_GET_AUDPROC_INSTANCE_GAIN_DEP_STEP_TABLE_SIZE
12-26 08:10:32.022   777   840 D android.hardware.audio.service: Failed to fetch the lookup information of the device 0000000F 
12-26 08:10:32.022   777   840 D ACDB-LOADER: Error: ACDB_CMD_GET_AUDPROC_INSTANCE_GAIN_DEP_STEP_TABLE_SIZE Returned = -19
12-26 08:10:32.022   777   840 D ACDB-LOADER: ACDB -> ACDB_CMD_GET_AUDPROC_INSTANCE_GAIN_DEP_STEP_TABLE, vol index 0
12-26 08:10:32.022   777   840 D android.hardware.audio.service: Failed to fetch the lookup information of the device 0000000F 
12-26 08:10:32.022   777   840 D ACDB-LOADER: Error: ACDB AudProc vol returned = -19
12-26 08:10:32.022   777   840 D ACDB-LOADER: ACDB -> AUDIO_SET_VOL_CAL cal type = 40
12-26 08:10:32.022   777 21701 D msm8974_platform: platform_split_snd_device: snd_device(2) num devices(1) new_snd_devices(0)
12-26 08:10:32.024   945 11323 I Tracking: CONSTELLATION: left: Successfully reinitialized 6DoF filter. Keep Cov and Calib States = N. Keep velocity state and covariance = N,Covariance of meas: 5.47034e-06 5.30932e-06 1.52244e-05 0.000511607 0.000632161  0.00018775
12-26 08:10:32.024  1658 11276 D OVRRemoteService: RemoteService::recordControllerStatusUpdate: device 9d17e7ce194bc1ec: status: CONNECTED_ACTIVE tracking: ORIENTATION, errors: --
12-26 08:10:32.024  1658 11276 D OVRRemoteService: RemoteService::recordControllerStatusUpdate: device d3d05f47e2487092: status: CONNECTED_ACTIVE tracking: NONE, errors: --
12-26 08:10:32.025  3210 24585 E AnalyticsEvent: could not set key=selection_args value=null
12-26 08:10:32.025  3210 24585 D CapabilitiesProvider: Capabilities Content Provider called content://com.oculus.identitymanagement.capabilities.contentprovider/account/activeuser/capabilities/com.oculus.capability.social.all, selection= null, selectionArgs=null, sortOrder= null
12-26 08:10:32.027  3653  3653 I [SUI] ConsumerConfiguration: Setting SystemUX Configuration and Policy Settings.
12-26 08:10:32.027  3653  3653 D [SUI] SettingsSectionUtil: Should Show Voice Commands Section SystemUXConfig is Voice Command UI Enabled: false
12-26 08:10:32.028  2078  6384 E LoggingErrorHandler: Retrofit error, url: [https://graph.oculus.com/authenticate_application], kind: [NETWORK], status: [0 - ], headers: , body: []
12-26 08:10:32.029  3653 11380 D CCodecBufferChannel: [c2.android.vorbis.decoder#375] MediaCodec discarded an unknown buffer
12-26 08:10:32.029  2078  2570 E LoggingErrorHandler: Retrofit error, url: [https://graph.oculus.com/user_heartbeat?current_status=ONLINE], kind: [NETWORK], status: [0 - ], headers: , body: []
12-26 08:10:32.029  3653 11380 D CCodecBufferChannel: [c2.android.vorbis.decoder#375] MediaCodec discarded an unknown buffer
12-26 08:10:32.029 10986 11182 I OpenXR  : PGK Status: exp = 0, hor = false, dc = false
12-26 08:10:32.030  2078  2078 I FBConnectInit: Updating linked FB account on android.intent.action.SCREEN_ON
12-26 08:10:32.030  3653 11416 I hw-BpHwBinder: onLastStrongRef automatically unlinking death recipients
12-26 08:10:32.031  3653  3653 D [SUI] SettingsService: appIdentity = com.oculus.systemux, is valid caller app
12-26 08:10:32.032  3653 11376 D MediaCodec: flushMediametrics
12-26 08:10:32.032  3653 11376 W mediametrics::Item: selfrecord: failed to record: {codec, (01-01 05:00:00.000), (, -1, -1), (android.media.mediacodec.channelCount=1, android.media.mediacodec.codec=c2.android.vorbis.decoder, android.media.mediacodec.encoder=0, android.media.mediacodec.latency.avg=10821, android.media.mediacodec.latency.max=23734, android.media.mediacodec.latency.min=2547, android.media.mediacodec.latency.n=47, android.media.mediacodec.latency.unknown=2, android.media.mediacodec.lifetimeMs=178, android.media.mediacodec.log-session-id=, android.media.mediacodec.low-latency.first-frame=-1, android.media.mediacodec.low-latency.off=0, android.media.mediacodec.low-latency.on=0, android.media.mediacodec.mime=audio/vorbis, android.media.mediacodec.mode=audio, android.media.mediacodec.sampleRate=48000)}
12-26 08:10:32.030  2078  2570 E PresenceManager: Heartbeat error.
12-26 08:10:32.033  2078  2608 I OVRMediaService: onStartCommand Received message type: com.oculus.horizon.GET_CAPTURE_STATE_ACTION, caller package: no_app_identity, app identify: null
12-26 08:10:32.034   887  1512 W mediametrics::Item: selfrecord: failed to record: {extractor, (01-01 05:00:00.000), (, -1, 10037), (android.media.mediaextractor.entry=ndk-with-jvm, android.media.mediaextractor.fmt=OggExtractor, android.media.mediaextractor.mime=audio/ogg, android.media.mediaextractor.ntrk=1)}
12-26 08:10:32.035  2078 11160 E LoggingErrorHandler: Retrofit error, url: [https://graph.oculus.com/graphql?q=viewer%28%29+%7B++linked_accounts_info+%7B++facebook_account+%7B++++facebook_id%2C++++friend_policy%2C++++needs_password_to_unlink%2C++%7D%2C++%7D%2C%7D], kind: [NETWORK], status: [0 - ], headers: , body: []
12-26 08:10:32.035  3653  3653 I PresenceAPK(BaseServiceApiManager$1): onServiceConnected componentName=ComponentInfo{com.oculus.presence/com.oculus.presence.services.presence.PresenceService}
12-26 08:10:32.036  3653  3653 I PresenceAPK(BaseServiceApiManager$1): setting serviceApi
12-26 08:10:32.037  3653  5362 I PresenceAPK(ServiceApiManager): onApiNotReady
12-26 08:10:32.037  3653  3653 W [SUI] AsyncQueryHandlerBase: Callback reference is null
12-26 08:10:32.037  3653  5362 D PresenceAPK(ServicePresenceClient): Calling onServiceDown
12-26 08:10:32.037  3653  5362 I PresenceAPK(GroupManager): disconnected
12-26 08:10:32.037  3653  3653 D [SUI] SettingsProvider: onServiceConnected
12-26 08:10:32.037  3653 11395 D [SUI] SettingsProvider: SettingsService getInstance
12-26 08:10:32.037  3653 11395 V [SUI] SettingsProvider: calling getAllVisibleSettingsItems
12-26 08:10:32.037  3653 11395 V [SUI] RawSettingsItem: valueFetcher is empty for id: pattern_reauth_apps_lock
12-26 08:10:32.037  3653 11395 V [SUI] RawSettingsItem: editableFetcher is empty for id: pattern_reauth_apps_lock
12-26 08:10:32.037  3653 11395 V [SUI] RawSettingsItem: valueFetcher is empty for id: keyboard_federated_learning_enabled_old
12-26 08:10:32.037  3653 11395 V [SUI] RawSettingsItem: editableFetcher is empty for id: keyboard_federated_learning_enabled_old
12-26 08:10:32.038  3653 11395 V [SUI] RawSettingsItem: valueFetcher is empty for id: hands_double_tap_transition_user_preference
12-26 08:10:32.038  3653 11395 V [SUI] RawSettingsItem: editableFetcher is empty for id: hands_double_tap_transition_user_preference
12-26 08:10:32.038  3653 11395 V [SUI] RawSettingsItem: editableFetcher is empty for id: locale_default
12-26 08:10:32.038  3653 11395 V [SUI] RawSettingsItem: visibilityFetcher is empty for id: system_developer_section
12-26 08:10:32.038  3653 11395 V [SUI] RawSettingsItem: valueFetcher is empty for id: system_developer_section
12-26 08:10:32.038  3653 11395 V [SUI] RawSettingsItem: editableFetcher is empty for id: system_developer_section
12-26 08:10:32.038  3653 11395 V [SUI] RawSettingsItem: visibilityFetcher is empty for id: supported_keyboards
12-26 08:10:32.038  3653 11395 V [SUI] RawSettingsItem: valueFetcher is empty for id: supported_keyboards
12-26 08:10:32.038  3653 11395 V [SUI] RawSettingsItem: editableFetcher is empty for id: supported_keyboards
12-26 08:10:32.039  3653 11395 V [SUI] RawSettingsItem: valueFetcher is empty for id: mobility_lying_down_mode
12-26 08:10:32.039  3653 11395 V [SUI] RawSettingsItem: editableFetcher is empty for id: mobility_lying_down_mode
12-26 08:10:32.039  3653 11395 V [SUI] RawSettingsItem: visibilityFetcher is empty for id: hand_section
12-26 08:10:32.039  3653 11395 V [SUI] RawSettingsItem: valueFetcher is empty for id: hand_section
12-26 08:10:32.039  3653 11395 V [SUI] RawSettingsItem: editableFetcher is empty for id: hand_section
12-26 08:10:32.039  3653 11395 V [SUI] RawSettingsItem: visibilityFetcher is empty for id: movement_tracking_grid_tile
12-26 08:10:32.039  3653 11395 V [SUI] RawSettingsItem: valueFetcher is empty for id: movement_tracking_grid_tile
12-26 08:10:32.039  3653 11395 V [SUI] RawSettingsItem: editableFetcher is empty for id: movement_tracking_grid_tile
12-26 08:10:32.039  3653 11395 V [SUI] RawSettingsItem: visibilityFetcher is empty for id: controllers_input_haptics_amplitude
12-26 08:10:32.039  3653 11395 V [SUI] RawSettingsItem: valueFetcher is empty for id: controllers_input_haptics_amplitude
12-26 08:10:32.039  3653 11395 V [SUI] RawSettingsItem: editableFetcher is empty for id: controllers_input_haptics_amplitude
12-26 08:10:32.039  3653 11395 V [SUI] RawSettingsItem: visibilityFetcher is empty for id: exp_mouse_sensitivity_slider_item
12-26 08:10:32.039  3653 11395 V [SUI] RawSettingsItem: valueFetcher is empty for id: exp_mouse_sensitivity_slider_item
12-26 08:10:32.039  3653 11395 V [SUI] RawSettingsItem: editableFetcher is empty for id: exp_mouse_sensitivity_slider_item
12-26 08:10:32.040  1985 11141 I InputDevice_TrackedRemote: REMOTE: Hand=2 IndexAnalog=0.00 GripAnalog=0.00 Buttons=0x00000000
12-26 08:10:32.041  3653 11378 W OVRLibrary: null cursor received for query content://com.oculus.ocms.library/apps/com.YourCompany.AtomVR
12-26 08:10:32.041  3653  3653 D [SUI] DynamicAppsViewModel: Initialized Dynamic Apps
12-26 08:10:32.041  3210 24585 E AnalyticsEvent: could not set key=selection_args value=null
12-26 08:10:32.042  3210 24585 D CapabilitiesProvider: Capabilities Content Provider called content://com.oculus.identitymanagement.capabilities.contentprovider/account/activeuser/capabilities/com.oculus.capability.social.all, selection= null, selectionArgs=null, sortOrder= null
12-26 08:10:32.047  3653 11395 I [SUI] ConsumerConfiguration: Setting SystemUX Configuration and Policy Settings.
12-26 08:10:32.047  3653 11395 D [SUI] SettingsSectionUtil: Should Show Voice Commands Section SystemUXConfig is Voice Command UI Enabled: false
12-26 08:10:32.047  3653 11395 V [SUI] RawSettingsItem: visibilityFetcher is empty for id: mobility_section
12-26 08:10:32.047  3653 11395 V [SUI] RawSettingsItem: valueFetcher is empty for id: mobility_section
12-26 08:10:32.047  3653 11395 V [SUI] RawSettingsItem: editableFetcher is empty for id: mobility_section
12-26 08:10:32.047  3653 11395 V [SUI] RawSettingsItem: visibilityFetcher is empty for id: system_sound_section
12-26 08:10:32.047  3653 11395 V [SUI] RawSettingsItem: valueFetcher is empty for id: system_sound_section
12-26 08:10:32.047  3653 11395 V [SUI] RawSettingsItem: editableFetcher is empty for id: system_sound_section
12-26 08:10:32.047  3653 11395 V [SUI] RawSettingsItem: visibilityFetcher is empty for id: local_keyboard_enabled_in_home
12-26 08:10:32.047  3653 11395 V [SUI] RawSettingsItem: valueFetcher is empty for id: local_keyboard_enabled_in_home
12-26 08:10:32.047  3653 11395 V [SUI] RawSettingsItem: editableFetcher is empty for id: local_keyboard_enabled_in_home
12-26 08:10:32.047  3653 11395 V [SUI] RawSettingsItem: valueFetcher is empty for id: cloud_backup_e2ee_setup
12-26 08:10:32.048  3653 11395 V [SUI] RawSettingsItem: editableFetcher is empty for id: cloud_backup_e2ee_setup
12-26 08:10:32.048  3653 11395 V [SUI] RawSettingsItem: visibilityFetcher is empty for id: system_keyboard_section
12-26 08:10:32.048  3653 11395 V [SUI] RawSettingsItem: valueFetcher is empty for id: system_keyboard_section
12-26 08:10:32.048  3653 11395 V [SUI] RawSettingsItem: editableFetcher is empty for id: system_keyboard_section
12-26 08:10:32.048  3653 11395 V [SUI] RawSettingsItem: visibilityFetcher is empty for id: auto_sleep_time
12-26 08:10:32.048  3653 11395 V [SUI] RawSettingsItem: valueFetcher is empty for id: auto_sleep_time
12-26 08:10:32.048  3653 11395 V [SUI] RawSettingsItem: editableFetcher is empty for id: auto_sleep_time
12-26 08:10:32.048  3653 11395 V [SUI] RawSettingsItem: visibilityFetcher is empty for id: guardian_boundary_section
12-26 08:10:32.048  3653 11395 V [SUI] RawSettingsItem: valueFetcher is empty for id: guardian_boundary_section
12-26 08:10:32.048  3653 11395 V [SUI] RawSettingsItem: editableFetcher is empty for id: guardian_boundary_section
12-26 08:10:32.048  3653 11395 V [SUI] RawSettingsItem: visibilityFetcher is empty for id: caption_text_color
12-26 08:10:32.048  3653 11395 V [SUI] RawSettingsItem: valueFetcher is empty for id: caption_text_color
12-26 08:10:32.048  3653 11395 V [SUI] RawSettingsItem: editableFetcher is empty for id: caption_text_color
12-26 08:10:32.048  3653 11395 V [SUI] RawSettingsItem: visibilityFetcher is empty for id: security_grid_tile
12-26 08:10:32.048  3653 11395 V [SUI] RawSettingsItem: valueFetcher is empty for id: security_grid_tile
12-26 08:10:32.048  3653 11395 V [SUI] RawSettingsItem: editableFetcher is empty for id: security_grid_tile
12-26 08:10:32.048  3653 11376 D MediaCodecList: codecHandlesFormat: no format, so no extra checks
12-26 08:10:32.048  3653 11395 V [SUI] RawSettingsItem: visibilityFetcher is empty for id: boundary_headset_distance_sensitivity
12-26 08:10:32.048  3653 11395 V [SUI] RawSettingsItem: valueFetcher is empty for id: boundary_headset_distance_sensitivity
12-26 08:10:32.048  3653 11395 V [SUI] RawSettingsItem: editableFetcher is empty for id: boundary_headset_distance_sensitivity
12-26 08:10:32.048  3653 11395 V [SUI] RawSettingsItem: visibilityFetcher is empty for id: my_apps_notif
12-26 08:10:32.048  3653 11395 V [SUI] RawSettingsItem: valueFetcher is empty for id: my_apps_notif
12-26 08:10:32.048  3653 11395 V [SUI] RawSettingsItem: editableFetcher is empty for id: my_apps_notif
12-26 08:10:32.048  3653 11395 V [SUI] RawSettingsItem: visibilityFetcher is empty for id: permissions_system_level_location_q4b
12-26 08:10:32.048  3653 11395 V [SUI] RawSettingsItem: editableFetcher is empty for id: permissions_system_level_location_q4b
12-26 08:10:32.048  3653 11395 V [SUI] RawSettingsItem: visibilityFetcher is empty for id: privacy_delete_point_cloud_storage
12-26 08:10:32.048  3653 11395 V [SUI] RawSettingsItem: valueFetcher is empty for id: privacy_delete_point_cloud_storage
12-26 08:10:32.049  3653 11395 V [SUI] RawSettingsItem: editableFetcher is empty for id: privacy_delete_point_cloud_storage
12-26 08:10:32.049  3653 11395 V [SUI] RawSettingsItem: visibilityFetcher is empty for id: personalization_display_theme_section
12-26 08:10:32.049  3653 11395 V [SUI] RawSettingsItem: valueFetcher is empty for id: personalization_display_theme_section
12-26 08:10:32.049  3653 11395 V [SUI] RawSettingsItem: editableFetcher is empty for id: personalization_display_theme_section
12-26 08:10:32.049  3653 11376 D MediaCodecList: codecHandlesFormat: no format, so no extra checks
12-26 08:10:32.050  2078  2078 W ContextScope: Warning: Memory Leak Likely! Caching values for context: android.app.ReceiverRestrictedContext@fab8c6
12-26 08:10:32.050  2078  2078 W ContextScope:  You should make this context implement the PropertyBag interface to avoid this leak
12-26 08:10:32.051  3653 11418 D CCodec  : allocate(c2.android.vorbis.decoder)
12-26 08:10:32.051  3210 24585 E AnalyticsEvent: could not set key=selection_args value=null
12-26 08:10:32.051  3210 24585 D CapabilitiesProvider: Capabilities Content Provider called content://com.oculus.identitymanagement.capabilities.contentprovider/account/activeuser/capabilities/com.oculus.capability.social.all, selection= null, selectionArgs=null, sortOrder= null
12-26 08:10:32.053   945 11323 W Tracking: CONSTELLATION: right: In GetVisionPrediction: No attitude buffer entries for prediction available. Muting log for 1 sec.
12-26 08:10:32.055  2078  2078 E FBConnectHelper: updateFBConnectAccountAsync failed with error: 
12-26 08:10:32.057  2078  2078 E AuthLogger: Action failed: FBCONNECT_FETCH_ACCOUNT, callingPackage: com.oculus.horizon, accountType: null, tokenType: null, extras: {origin=FBConnectInit}, duration: 0ms
12-26 08:10:32.057  2078  2078 E AuthLogger: Action failed: FBCONNECT_FETCH_ACCOUNT, callingPackage: com.oculus.horizon, accountType: null, tokenType: null, extras: {origin=FBConnectInit}, duration: 0ms
12-26 08:10:32.057   787 11269 I SyncBossInput: [info   ] [jedi ( left) 9d17e7cexxxxxxxx]: 4577703 [info   ] {THDG}: inactive_seek -> active_connected
12-26 08:10:32.058   787 11269 I SyncBossInput: [info   ] [jedi (right) d3d05f47xxxxxxxx]: 4578949 [info   ] {THDG}: inactive_seek -> active_connected
12-26 08:10:32.058  3653 11418 I CCodec  : setting up 'default' as default (vendor) store
12-26 08:10:32.059  2078  2346 I AuthLogger: Action succeeded: SYNC_ACCOUNTS, callingPackage: com.oculus.horizon, accountType: null, tokenType: null, extras: {}, duration: 0ms
12-26 08:10:32.059  2078 11419 E ACRA    : Handling exception for soft error
12-26 08:10:32.065  2802  2802 D [OAO] BaseOverlayService: screenStateReceiver Received broadcast: android.intent.action.SCREEN_ON
12-26 08:10:32.065  2802  2802 D [OAO] BaseOverlayService: onScreenStateChanged: true
12-26 08:10:32.065  2802  2802 I [OAO] ShellApplicationJNI: NativeSendOverlayCommand
12-26 08:10:32.065  3653  3653 D [SUI] SystemUXBroadcastReceiver: action: com.oculus.systemactivities.CAPTURE_STATE_UPDATE
12-26 08:10:32.066  3653  3653 I [SUI] SystemUXBroadcastReceiver: handleCaptureStateUpdate: captureToDisk false, captureEnabled false, isCapturingAbuseReport false, abuseRecordingUUID null, isMetacam false
12-26 08:10:32.066  3653  3653 D [SUI] ScreenCaptureUtil: onHorizonCaptureStateChanged isCaptureToDiskMode=false isCaptureEnabled=false
12-26 08:10:32.069  2875  2875 E AnalyticsEvent: could not set key=output value=null
12-26 08:10:32.069   945 11323 W Tracking: CONSTELLATION: Shortening deadreckoning timeouts due to high unknown velocity during reacquisition.
12-26 08:10:32.069  2078  2608 I FileCapture: broadcast capture state to AUI running = false, with mode -1
12-26 08:10:32.070   945 11323 I Tracking: CONSTELLATION_Right: Not reinitializing 6DoF filter yet (no valid pose from matching).
12-26 08:10:32.070   945 11323 I Tracking: CONSTELLATION:VISION_STATUS: d3d05f47e2487092 (R): BlobDetection:[#BlobsDetected=(25.00, 0.00)]Matching:[MatchSuccess=0.000, MatchCost=(0.00000, 0.00000), #MatchedBlobs=(0.00, 0.00), #MatchedLeds=(0.00, 0.00), RematchM=0.000, SkipRefine=0.000] MatchMethod:[Prox=0.000, ConstBrute=0.000, UnconstBrute=0.000] MatchResets[AnomBlobSize=0.000, SharedMatch=0.000, DenseReacq=0.000] | Fusion:[FusionError=0.000, ImuFromCamMs=(19.119, 0.000), RematchF=0.000] FusionUpdates:[Successful=0.000, Reliable=0.000, TightFusion=0.000, FullPose=0.000, StaticPrior=0.000, StaticForHandTrans=0.000, PoseUpdateMD=(0.0000, 0.0000)] FusionResets[6DoFReset=1.000, ResetSuccess=0.000] FusionStatus[HasPosition=0.000, HasVelocity=0.000] 
12-26 08:10:32.070   945 11323 I Tracking: TIMESTAMPCHECKER: Received first Camera-Constellation capture timestamp: 19447.440000000 [sec]
12-26 08:10:32.070  2875  2875 I VrRuntimeService: nativeScreenStateChanged to on
12-26 08:10:32.070  2875  2875 I VrRuntimeService: Previous running state: RUNNING
12-26 08:10:32.071  2802  3044 I [OAO] ShellAppBase: 0x74db1342f8 msg: overlayCommand:
12-26 08:10:32.071  2802  3044 I [OAO] ShellAppBase: command = screenStateChanged
12-26 08:10:32.071  2802  3044 I [OAO] ShellAppBase: state = 1
12-26 08:10:32.071  2802  3044 I [OAO] ShellAppBase: Process_OverlayCommand command : screenStateChanged
12-26 08:10:32.071  2802  3044 I [OAO] ShellAppBase: screenStateChanged message received
12-26 08:10:32.072  3265  3265 V MetaCam (DeviceLifecycleManager): Screen state changed: isScreenOn = true
12-26 08:10:32.072  3653 11418 I CCodec  : Created component [c2.android.vorbis.decoder]
12-26 08:10:32.072  3265  3265 D MetaCamNative (device_lifecycle_observer): OnScreenStateChange(is_screen_on = 1)
12-26 08:10:32.072  2078  6384 E AuthLogger: Action failed: OBTAIN_TOKEN, callingPackage: com.oculus.appsafety, accountType: com.oculus, tokenType: , extras: {}, duration: 32ms
12-26 08:10:32.072  3653 11395 I [SUI] ConsumerConfiguration: Setting SystemUX Configuration and Policy Settings.
12-26 08:10:32.072  3653 11395 D [SUI] SettingsSectionUtil: Should Show Voice Commands Section SystemUXConfig is Voice Command UI Enabled: false
12-26 08:10:32.072  2078  6384 E AuthLogger: Action failed: OBTAIN_TOKEN, callingPackage: com.oculus.appsafety, accountType: com.oculus, tokenType: , extras: {}, duration: 32ms
12-26 08:10:32.072  3653 11395 V [SUI] RawSettingsItem: visibilityFetcher is empty for id: boundary_enable_glanceable_bounds
12-26 08:10:32.072  3653 11395 V [SUI] RawSettingsItem: valueFetcher is empty for id: boundary_enable_glanceable_bounds
12-26 08:10:32.072  3653 11395 V [SUI] RawSettingsItem: editableFetcher is empty for id: boundary_enable_glanceable_bounds
12-26 08:10:32.072  3653 11395 V [SUI] RawSettingsItem: valueFetcher is empty for id: auto_os_critical_updates
12-26 08:10:32.072  3653 11395 V [SUI] RawSettingsItem: editableFetcher is empty for id: auto_os_critical_updates
12-26 08:10:32.073  3653 11418 D CCodecConfig: read media type: audio/vorbis
12-26 08:10:32.073  3653 11395 V [SUI] RawSettingsItem: valueFetcher is empty for id: hands_hand_tracking_autotransition_user_preference
12-26 08:10:32.073  3653 11395 V [SUI] RawSettingsItem: editableFetcher is empty for id: hands_hand_tracking_autotransition_user_preference
12-26 08:10:32.073  3653 11395 V [SUI] RawSettingsItem: visibilityFetcher is empty for id: accessibility_hearing_section
12-26 08:10:32.073  3653 11395 V [SUI] RawSettingsItem: valueFetcher is empty for id: accessibility_hearing_section
12-26 08:10:32.073  3653 11395 V [SUI] RawSettingsItem: editableFetcher is empty for id: accessibility_hearing_section
12-26 08:10:32.073  3653 11395 V [SUI] RawSettingsItem: valueFetcher is empty for id: bluetooth_device_details_name
12-26 08:10:32.073  3653 11395 V [SUI] RawSettingsItem: editableFetcher is empty for id: bluetooth_device_details_name
12-26 08:10:32.074  3653 11395 V [SUI] RawSettingsItem: valueFetcher is empty for id: environment_custom_background
12-26 08:10:32.074  3653 11395 V [SUI] RawSettingsItem: editableFetcher is empty for id: environment_custom_background
12-26 08:10:32.074  3653 11395 V [SUI] RawSettingsItem: visibilityFetcher is empty for id: personalization_virtual_environment_section
12-26 08:10:32.074  3653 11395 V [SUI] RawSettingsItem: valueFetcher is empty for id: personalization_virtual_environment_section
12-26 08:10:32.074  3653 11395 V [SUI] RawSettingsItem: editableFetcher is empty for id: personalization_virtual_environment_section
12-26 08:10:32.075  3653 11395 V [SUI] RawSettingsItem: editableFetcher is empty for id: wifi_refresh
12-26 08:10:32.075  3653 11395 V [SUI] RawSettingsItem: visibilityFetcher is empty for id: about_terms_of_service
12-26 08:10:32.075  3653 11395 V [SUI] RawSettingsItem: valueFetcher is empty for id: about_terms_of_service
12-26 08:10:32.075  3653 11395 V [SUI] RawSettingsItem: editableFetcher is empty for id: about_terms_of_service
12-26 08:10:32.075  3653 11395 V [SUI] RawSettingsItem: valueFetcher is empty for id: mobility_steady_hands
12-26 08:10:32.075  3653 11395 V [SUI] RawSettingsItem: editableFetcher is empty for id: mobility_steady_hands
12-26 08:10:32.075  5474 11338 E AppSafetyAccountsHelper: AppSafetyAccountsHelper blockingGetAuthToken throws exception
12-26 08:10:32.075  5474 11338 E AppSafetyAccountsHelper: java.io.IOException: com.oculus.auth.components.NetworkError: com.oculus.http.core.base.ApiError: retrofit.RetrofitError: Unable to resolve host "graph.oculus.com": No address associated with hostname
12-26 08:10:32.075  5474 11338 E AppSafetyAccountsHelper: 	at android.accounts.AccountManager.convertErrorToException(AccountManager.java:2621)
12-26 08:10:32.075  5474 11338 E AppSafetyAccountsHelper: 	at android.accounts.AccountManager.access$700(AccountManager.java:167)
12-26 08:10:32.075  5474 11338 E AppSafetyAccountsHelper: 	at android.accounts.AccountManager$AmsTask$Response.onError(AccountManager.java:2472)
12-26 08:10:32.075  5474 11338 E AppSafetyAccountsHelper: 	at android.accounts.IAccountManagerResponse$Stub.onTransact(IAccountManagerResponse.java:109)
12-26 08:10:32.075  5474 11338 E AppSafetyAccountsHelper: 	at android.os.Binder.execTransactInternal(Binder.java:1184)
12-26 08:10:32.075  5474 11338 E AppSafetyAccountsHelper: 	at android.os.Binder.execTransact(Binder.java:1143)
12-26 08:10:32.075  3653 11395 V [SUI] RawSettingsItem: valueFetcher is empty for id: accessibility_display_contrast
12-26 08:10:32.076  3653 11395 V [SUI] RawSettingsItem: editableFetcher is empty for id: accessibility_display_contrast
12-26 08:10:32.076  5474 11338 D PackageIntegrityGraphHelper: PackageIntegritySyncJobService job is skipped.
12-26 08:10:32.078   945 11316 I Tracking: MatchOutlierRejection: Matches: 192, Stereo matches: 5, Inlier ratio: 0.3125
12-26 08:10:32.079   945 11316 I Tracking: VioInitialization: Using feature measurements for direct initialization
12-26 08:10:32.079   945 11316 I Tracking: DirectInitialization: Number of points with map info: 0
12-26 08:10:32.081   945 11316 I Tracking: DirectInitialization: Unconstrained g solution 0.587435 -9.53553 -3.26813
12-26 08:10:32.081   945 11316 I Tracking: DirectInitialization: Newton g solution 0.563246 -9.31337 -3.01899
12-26 08:10:32.081   945 11316 I Tracking: InitializationBA: Computing calibration jacobians: true, Bootstrap iteration: true
12-26 08:10:32.084  3653 11378 W OVRLibrary: null cursor received for query content://com.oculus.ocms.library/apps/com.epicgames.AtomVR
12-26 08:10:32.085  3653 11378 D [SUI] AppStateUtil: Notifying observers com.epicgames.AtomVR is in 'recents'= true
12-26 08:10:32.086   945 11316 I Tracking: InitBAFeatures: Constraints: 427 Tried: 251, Failed: 4, Map features: 0, Above Huber: 143, Low-parallax: 227, Soft-constraint: 0
12-26 08:10:32.088   945 11316 I Tracking: InitializationBA: Iteration number: 1. Cost: 4147.95458984375, Correction norm: 0.13942310214042664
12-26 08:10:32.088   945 11316 I Tracking: InitializationBA: Computing calibration jacobians: true, Bootstrap iteration: false
12-26 08:10:32.091  3210 24585 E AnalyticsEvent: could not set key=selection_args value=null
12-26 08:10:32.092  3210 24585 D CapabilitiesProvider: Capabilities Content Provider called content://com.oculus.identitymanagement.capabilities.contentprovider/account/activeuser/capabilities/com.oculus.capability.social.all, selection= null, selectionArgs=null, sortOrder= null
12-26 08:10:32.095   945 11316 I Tracking: InitBAFeatures: Constraints: 327 Tried: 251, Failed: 76, Map features: 0, Above Huber: 18, Low-parallax: 5, Soft-constraint: 0
12-26 08:10:32.095   945 11316 I Tracking: InitializationBA: Iteration number: 2. Cost: 522.2622680664062, Correction norm: 0.05997282639145851
12-26 08:10:32.095   787 11269 I SyncBossHAL: [info   ] syncboss_hal_input_controller.c(184): Controller d3d05f47xxxxxxxx battery level changed: 0% -> 50%
12-26 08:10:32.095   945 11316 I Tracking: InitializationBA: Computing calibration jacobians: true, Bootstrap iteration: false
12-26 08:10:32.099  3653 11395 I [SUI] ConsumerConfiguration: Setting SystemUX Configuration and Policy Settings.
12-26 08:10:32.099  3653 11395 V [SUI] RawSettingsItem: valueFetcher is empty for id: video_capture_image_stabilization
12-26 08:10:32.099  3653 11395 V [SUI] RawSettingsItem: editableFetcher is empty for id: video_capture_image_stabilization
12-26 08:10:32.099  3653 11395 V [SUI] RawSettingsItem: editableFetcher is empty for id: auto_time
12-26 08:10:32.099  3653 11395 V [SUI] RawSettingsItem: valueFetcher is empty for id: environment_type_selector
12-26 08:10:32.099  3653 11395 V [SUI] RawSettingsItem: editableFetcher is empty for id: environment_type_selector
12-26 08:10:32.099   787 11268 D SensorService: Syncboss input 9d17e7ce194bc1ec hardware type 4, subtype 1, revision 0x09
12-26 08:10:32.099   787 11268 I SensorService: preparePairedControllerInfo is adding device with valid 1
12-26 08:10:32.099   787 11268 D SensorService: Syncboss input d3d05f47e2487092 hardware type 4, subtype 2, revision 0x09
12-26 08:10:32.099   787 11268 I SensorService: preparePairedControllerInfo is adding device with valid 1
12-26 08:10:32.099  3653 11395 V [SUI] RawSettingsItem: visibilityFetcher is empty for id: passthrough_turn_on
12-26 08:10:32.100  3653 11395 V [SUI] RawSettingsItem: valueFetcher is empty for id: passthrough_turn_on
12-26 08:10:32.100   787 11268 D SensorService: stateChangeNotifierFunc(): Reporting controller info. Change token: 40, paired=2 connected=2
12-26 08:10:32.100  3653 11395 V [SUI] RawSettingsItem: editableFetcher is empty for id: passthrough_turn_on
12-26 08:10:32.100  1658 11276 D OVRRemoteService: processStateChange([PairedControllerInfo JEDI 9d17e7ce194bc1ec connected mcnt=0])
12-26 08:10:32.100  1658 11276 D OVRRemoteService: processStateChange([PairedControllerInfo JEDI d3d05f47e2487092 connected mcnt=0])
12-26 08:10:32.100  3653 11418 D ReflectedParamUpdater: extent() != 1 for single value type: algo.buffers.max-count.values
12-26 08:10:32.101  3653 11395 V [SUI] RawSettingsItem: editableFetcher is empty for id: local_dimming
12-26 08:10:32.101   945 11316 I Tracking: InitBAFeatures: Constraints: 321 Tried: 251, Failed: 80, Map features: 0, Above Huber: 18, Low-parallax: 7, Soft-constraint: 0
12-26 08:10:32.102  3653 11418 D ReflectedParamUpdater: extent() != 1 for single value type: output.subscribed-indices.values
12-26 08:10:32.102  3653 11418 D ReflectedParamUpdater: extent() != 1 for single value type: input.buffers.allocator-ids.values
12-26 08:10:32.102   945 11316 I Tracking: InitializationBA: Iteration number: 3. Cost: 495.2658386230469, Correction norm: 0.004504604730755091
12-26 08:10:32.102   945 11316 I Tracking: VioInitialization: Initialization Complete!
12-26 08:10:32.102  3653 11418 D ReflectedParamUpdater: extent() != 1 for single value type: output.buffers.allocator-ids.values
12-26 08:10:32.102   945 11316 I Tracking: InitializationBA: Computing calibration jacobians: true, Bootstrap iteration: false
12-26 08:10:32.103  3653 11418 D ReflectedParamUpdater: extent() != 1 for single value type: algo.buffers.allocator-ids.values
12-26 08:10:32.104   945 11316 I Tracking: InitBAFeatures: Constraints: 249 Tried: 130, Failed: 1, Map features: 0, Above Huber: 14, Low-parallax: 4, Soft-constraint: 0
12-26 08:10:32.106  3653 11418 D ReflectedParamUpdater: extent() != 1 for single value type: output.buffers.pool-ids.values
12-26 08:10:32.106  3653 11418 D ReflectedParamUpdater: extent() != 1 for single value type: algo.buffers.pool-ids.values
12-26 08:10:32.108  3653 11418 I CCodecConfig: query failed after returning 7 values (BAD_INDEX)
12-26 08:10:32.108   945 11316 W Tracking: VIO_HAS_TRACKING: Bad tracking: too few inliers. num_inliers = 0 < 4
12-26 08:10:32.108   945 11316 W Tracking: VEGA:HM:MAP_TRACKING: [Throttled count=8] Map tracking did not run.
12-26 08:10:32.108   945 11316 W Tracking: VIO_HAS_TRACKING: Bad tracking: too few inliers. num_inliers = 0 < 5
12-26 08:10:32.109   945 11316 W Tracking: VEGA:HM:PERCEPTUAL: [19447.419 [sec]] Bad tracking: tracker health is bad
12-26 08:10:32.109   945 11316 I Tracking: VEGA:HM:PERCEPTUAL: [19447.419 [sec]] Perceptual tracking state transition from UNKNOWN to 3DoF.
12-26 08:10:32.109  3653 11418 D CCodecConfig: c2 config diff is Dict {
12-26 08:10:32.109  3653 11418 D CCodecConfig:   c2::u32 coded.bitrate.value = 64000
12-26 08:10:32.109  3653 11418 D CCodecConfig:   c2::u32 input.buffers.max-size.value = 32768
12-26 08:10:32.109  3653 11418 D CCodecConfig:   c2::u32 input.delay.value = 0
12-26 08:10:32.109  3653 11418 D CCodecConfig:   string input.media-type.value = "audio/vorbis"
12-26 08:10:32.109  3653 11418 D CCodecConfig:   string output.media-type.value = "audio/raw"
12-26 08:10:32.109  3653 11418 D CCodecConfig:   c2::u32 raw.channel-count.value = 1
12-26 08:10:32.109  3653 11418 D CCodecConfig:   c2::u32 raw.sample-rate.value = 48000
12-26 08:10:32.109  3653 11418 D CCodecConfig: }
12-26 08:10:32.109  2078  2078 I VRLifecycleManager: onReceive screen on
12-26 08:10:32.109  2078  2078 W VRLifecycleManager: onVRSessionStarted
12-26 08:10:32.109  2078  2078 I PlatformPluginManager: Setting headsetIsDocked: true
12-26 08:10:32.109  3653 11418 D MediaCodec: flushMediametrics
12-26 08:10:32.109  3653 11418 W mediametrics::Item: selfrecord: failed to record: {codec, (01-01 05:00:00.000), (, -1, -1), (android.media.mediacodec.codec=c2.android.vorbis.decoder, android.media.mediacodec.lifetimeMs=60, android.media.mediacodec.low-latency.first-frame=-1, android.media.mediacodec.low-latency.off=0, android.media.mediacodec.low-latency.on=0, android.media.mediacodec.mode=audio, android.media.mediacodec.secure=0)}
12-26 08:10:32.109  3653 11418 D CCodec  : [c2.android.vorbis.decoder] buffers are bound to CCodec for this session
12-26 08:10:32.110   945 11316 I Tracking: VegaTracker: VegaTracker::track returned 280 track measurement(s) 0 track-to-landmark association(s) and 104 closed track ID(s) while reporting poor tracking quality. (isTrackerHealthy = false, isMapTrackingHealthy = false)
12-26 08:10:32.110  3653 11418 D CCodecConfig: no c2 equivalents for durationUs
12-26 08:10:32.110  3653 11418 D CCodecConfig: no c2 equivalents for track-id
12-26 08:10:32.110  3653 11418 D CCodecConfig: no c2 equivalents for csd-1
12-26 08:10:32.110   945 11316 I Tracking: VIPER: Tracking initialization complete.
12-26 08:10:32.110  3653 11418 D CCodecConfig: no c2 equivalents for channel-mask
12-26 08:10:32.110  3653 11418 D CCodecConfig: no c2 equivalents for flags
12-26 08:10:32.110   945 11316 W Tracking: VIPER: Frame Tracking (0.070850625 [sec]) exceeded camera sampling time (0.033333333 [sec]).
12-26 08:10:32.113  3653 11418 D CCodecConfig: c2 config diff is   c2::u32 coded.bitrate.value = 120000
12-26 08:10:32.113  3210 24585 E AnalyticsEvent: could not set key=selection_args value=null
12-26 08:10:32.114  3210  3210 D MVanServiceReceiver: Sparty_Log: MVanServiceReceiver Action: com.oculus.intent.action.MOUNT_STATE_CHANGED
12-26 08:10:32.114  3210 24585 D CapabilitiesProvider: Capabilities Content Provider called content://com.oculus.identitymanagement.capabilities.contentprovider/account/activeuser/capabilities/com.oculus.capability.social.all, selection= null, selectionArgs=null, sortOrder= null
12-26 08:10:32.115 10986 11182 I OpenXR  : Extension status: P
12-26 08:10:32.115  3653 11418 W Codec2Client: query -- param skipped: index = 1107298332.
12-26 08:10:32.115  3653 11418 D CCodec  : setup formats input: AMessage(what = 0x00000000) = {
12-26 08:10:32.115  3653 11418 D CCodec  :   int32_t bitrate = 120000
12-26 08:10:32.115  3653 11418 D CCodec  :   int32_t channel-count = 1
12-26 08:10:32.115  3653 11418 D CCodec  :   int32_t max-input-size = 32768
12-26 08:10:32.115  3653 11418 D CCodec  :   string mime = "audio/vorbis"
12-26 08:10:32.115  3653 11418 D CCodec  :   int32_t sample-rate = 48000
12-26 08:10:32.115  3653 11418 D CCodec  : }
12-26 08:10:32.115  3653 11418 D CCodec  : setup formats output: AMessage(what = 0x00000000) = {
12-26 08:10:32.115  3653 11418 D CCodec  :   int32_t channel-count = 1
12-26 08:10:32.115  3653 11418 D CCodec  :   string mime = "audio/raw"
12-26 08:10:32.115  3653 11418 D CCodec  :   int32_t sample-rate = 48000
12-26 08:10:32.115  3653 11418 D CCodec  :   int32_t channel-mask = 1
12-26 08:10:32.115  3653 11418 D CCodec  : }
12-26 08:10:32.115  3653 11418 I CCodecConfig: query failed after returning 7 values (BAD_INDEX)
12-26 08:10:32.116 10986 11182 I OpenXR  : IsFirstParty 0
12-26 08:10:32.116  3362 14796 E LoggingErrorHandler: Retrofit error, url: [https://graph.oculus.com/graphql?q=viewer%28%29+%7B++user+%7B++++name%2C++++alias%2C++++profile_name%2C++++profile_username%2C++++biography%2C++++horizon_profile_synced_platform_names%2C++++profile_photo.size%28240x240%29+%7B++++++uri%2C++++%7D%2C++++avatar_image.size%28360x360%29+%7B++++++uri%2C++++%7D%2C++++full_body_avatar_image.width%28200%29.height%28420%29+%7B++++++uri++++%7D%2C++++friends+%7B++++++count%2C++++%7D%2C++++presence%2C++++most_recent_presence+%7B++++++is_current%2C++++%7D%2C++++home_instance+%7B++++++square_image_for_deeplink_target.oc_size%28300x300%29+%7B++++++++uri%2C++++++%7D%2C++++%7D%2C++%7D%2C+%7D], kind: [NETWORK], status: [0 - ], headers: , body: []
12-26 08:10:32.117 10986 11182 I DeviceProperties: ovrDeviceProperties::Initialize
12-26 08:10:32.117  2078 11417 I AuthLogger: Action succeeded: OBTAIN_TOKEN, callingPackage: com.oculus.systemux, accountType: null, tokenType: null, extras: {is_relogin=false}, duration: 0ms
12-26 08:10:32.117  3653  3653 I [SUI] OVRAuthHelper: fetchAuthToken - completed, result: -1
12-26 08:10:32.120   945 11316 I Tracking: TIMESTAMPCHECKER: Identified Camera-IOHM sampling rate: 25.00 Hz
12-26 08:10:32.120   945 11316 W Tracking: TIMESTAMPCHECKER: Nominal rate wrong. Estimated data rate: 25, Nominal is 30
12-26 08:10:32.121   953  1549 W ServiceManager: Permission failure: com.oculus.permission.SET_VR_DEVICE_PARAMS from uid=10108 pid=10986
12-26 08:10:32.121   953  1549 D PermissionCache: checking com.oculus.permission.SET_VR_DEVICE_PARAMS for uid=10108 => denied (1364 us)
12-26 08:10:32.121   953  1549 E VrDeviceManagerService: Permission denied: process 10986 (uid 10108) doesn't have the required permission: com.oculus.permission.SET_VR_DEVICE_PARAMS
12-26 08:10:32.122  3653 11418 W Codec2Client: query -- param skipped: index = 1342179345.
12-26 08:10:32.122  3653 11418 W Codec2Client: query -- param skipped: index = 2415921170.
12-26 08:10:32.122   953  1549 W ServiceManager: Permission failure: com.oculus.permission.READ_VR_DEVICE_PARAMS from uid=10108 pid=10986
12-26 08:10:32.122   953  1549 D PermissionCache: checking com.oculus.permission.READ_VR_DEVICE_PARAMS for uid=10108 => denied (724 us)
12-26 08:10:32.122   953  1549 E VrDeviceManagerService: Permission denied: process 10986 (uid 10108) doesn't have the required permission: com.oculus.permission.READ_VR_DEVICE_PARAMS
12-26 08:10:32.122   953  1549 W VrDeviceManagerService: getDeviceProperty: Ignoring com.oculus.permission.SET_VR_DEVICE_PARAMS/com.oculus.permission.READ_VR_DEVICE_PARAMS permission!
12-26 08:10:32.122 10986 11182 I DeviceProperties: Device Region: 'US'
12-26 08:10:32.122   953  1549 E VrDeviceManagerService: Permission denied: process 10986 (uid 10108) doesn't have the required permission: com.oculus.permission.SET_VR_DEVICE_PARAMS
