12-26 22:50:23.965 28792  5169 D ReflectedParamUpdater: extent() != 1 for single value type: algo.buffers.allocator-ids.values
12-26 22:50:23.965 28792 28792 D [SUI] PanelAppBase: Acquiring viewModel StatusViewModel refCount: 1
12-26 22:50:23.965 28792 28792 D [SUI] ActiveCallBarViewModel: Constructing ActiveCallBarViewModel
12-26 22:50:23.965 28792 28792 I [SUI] PartiesCallBarViewModel: new ServicePresenceClient
12-26 22:50:23.965 28792 28792 E QplClient: com.oculus.systemux: init() called multiple times.
12-26 22:50:23.965 28792  5169 D ReflectedParamUpdater: extent() != 1 for single value type: output.buffers.pool-ids.values
12-26 22:50:23.967 28792 28792 I PresenceAPK(ServiceApiManager): Trying to bind to com.oculus.presence.services.presence.PresenceService service inside com.oculus.presence package.
12-26 22:50:23.967 28792  5169 D ReflectedParamUpdater: extent() != 1 for single value type: algo.buffers.pool-ids.values
12-26 22:50:23.969 28792 28792 D PresenceAPK(PresenceClient): setEventListener id=SystemCallGroup
12-26 22:50:23.969 28792 28792 I PresenceAPK(GroupManager): addListener for id SystemCallGroup
12-26 22:50:23.969 28792 28792 D [SUI] MessengerCallBarViewModel: constructing MessengerCallBarViewModel
12-26 22:50:23.969 28792 28792 D [SUI] MessengerCallViewModel: constructing MessengerCallViewModel, instance count:22
12-26 22:50:23.969 28792 28792 D [SUI] MessengerCallViewModel: hyperspace client created
12-26 22:50:23.969 28792 28792 D [SUI] PanelAppBase: Acquiring viewModel MessengerCallViewModel refCount: 1
12-26 22:50:23.969 28792 28792 D [SUI] MessengerCallViewModel: registerObserver
12-26 22:50:23.969 28792 28792 D [SUI] AndroidCallBarViewModel: constructing AndroidCallBarViewModel
12-26 22:50:23.969 28792 28792 D [SUI] PanelAppBase: Acquiring viewModel ActiveCallBarViewModel refCount: 1
12-26 22:50:23.970 28792 28792 D [SUI] SystemStatusView: Initializing System Status
12-26 22:50:23.970  1152  1332 D ConnectivityService: ConnectivityService NetworkRequestInfo binderDied(uid/pid:10108/4657, android.os.BinderProxy@abfe9d7)
12-26 22:50:23.970  1152  1882 I WindowManager: WIN DEATH: Window{ecdf06d u0 com.epicgames.AtomVR/com.epicgames.unreal.GameActivity}
12-26 22:50:23.971  1152  2377 I ActivityManager: Process com.epicgames.AtomVR (pid 4657) has died: fg  TOP 
12-26 22:50:23.971  1152  1882 W InputManager-JNI: Input channel object 'ecdf06d com.epicgames.AtomVR/com.epicgames.unreal.GameActivity (client)' was disposed without first being removed with the input manager!
12-26 22:50:23.972 28792  5169 I CCodecConfig: query failed after returning 7 values (BAD_INDEX)
12-26 22:50:23.972 28792  5169 D CCodecConfig: c2 config diff is Dict {
12-26 22:50:23.972 28792  5169 D CCodecConfig:   c2::u32 coded.bitrate.value = 64000
12-26 22:50:23.972 28792  5169 D CCodecConfig:   c2::u32 input.buffers.max-size.value = 32768
12-26 22:50:23.972 28792  5169 D CCodecConfig:   c2::u32 input.delay.value = 0
12-26 22:50:23.972 28792  5169 D CCodecConfig:   string input.media-type.value = "audio/vorbis"
12-26 22:50:23.972 28792  5169 D CCodecConfig:   string output.media-type.value = "audio/raw"
12-26 22:50:23.972 28792  5169 D CCodecConfig:   c2::u32 raw.channel-count.value = 1
12-26 22:50:23.972 28792  5169 D CCodecConfig:   c2::u32 raw.sample-rate.value = 48000
12-26 22:50:23.972 28792  5169 D CCodecConfig: }
12-26 22:50:23.972   916  5164 D SimpleC2Component: Using output block pool with poolID 314 => got 314 - 0
12-26 22:50:23.972 28792  5169 D MediaCodec: flushMediametrics
12-26 22:50:23.972 28792  5169 W mediametrics::Item: selfrecord: failed to record: {codec, (01-01 05:00:00.000), (, -1, -1), (android.media.mediacodec.codec=c2.android.vorbis.decoder, android.media.mediacodec.lifetimeMs=50, android.media.mediacodec.low-latency.first-frame=-1, android.media.mediacodec.low-latency.off=0, android.media.mediacodec.low-latency.on=0, android.media.mediacodec.mode=audio, android.media.mediacodec.secure=0)}
12-26 22:50:23.972 28792  5169 D CCodec  : [c2.android.vorbis.decoder] buffers are bound to CCodec for this session
12-26 22:50:23.972 28792  5169 D CCodecConfig: no c2 equivalents for durationUs
12-26 22:50:23.972 28792  5169 D CCodecConfig: no c2 equivalents for track-id
12-26 22:50:23.972 28792  5169 D CCodecConfig: no c2 equivalents for csd-1
12-26 22:50:23.972 28792  5169 D CCodecConfig: no c2 equivalents for channel-mask
12-26 22:50:23.972 28792  5169 D CCodecConfig: no c2 equivalents for flags
12-26 22:50:23.974 28792 28803 I stemux:SystemU: Background concurrent copying GC freed 202279(10MB) AllocSpace objects, 42(840KB) LOS objects, 49% free, 12MB/24MB, paused 35us,34us total 118.289ms
12-26 22:50:23.975  1152  1170 V WindowManager: Unknown focus tokens, dropping reportFocusChanged
12-26 22:50:23.975  1152  2377 W ActivityManager: Scheduling restart of crashed service com.epicgames.AtomVR/com.epicgames.unreal.RemoteFileManagerService in 111650ms for start-requested
12-26 22:50:23.976  1152  2377 W ActivityTaskManager: Force removing ActivityRecord{1ef57c0 u0 com.epicgames.AtomVR/com.epicgames.unreal.GameActivity t1562}: app died, no saved state
12-26 22:50:23.977  1152  1180 I libprocessgroup: Successfully killed process cgroup uid 10108 pid 4657 in 5ms
12-26 22:50:23.977  3141  3190 I StateMachine: StateMachine::ProcessSignal HmdTelemetry_Mounted current state HmdMovementTelemetry received signal enterVR and queued event hmdTelemetryEnterVrEvent
12-26 22:50:23.977  3141  3190 I StateMachine: StateMachine::HandleEvent HmdMovementTelemetry: hmdTelemetryEnterVrEvent -> HmdTelemetry_Enter_VR_From_Don
12-26 22:50:23.977  3141  3190 I GuardianTelemetry: [ovrStatsThreadGuardian::SendGuardianStateChangeTelemetry] Sending state change event ENTER_VR_FROM_DON, dialog DIALOG_INVALID
12-26 22:50:23.977  3141  3190 I Deque   : AddEventToQueue called. eventInfo.type: 1000101000, eventInfo.next: 1
12-26 22:50:23.978 28792 28805 W System  : A resource failed to call release. 
12-26 22:50:23.978 28792 28805 W System  : A resource failed to call release. 
12-26 22:50:23.978 28792 28805 W System  : A resource failed to call release. 
12-26 22:50:23.979 28792 28805 W System  : A resource failed to call release. 
12-26 22:50:23.979 28792 28805 W System  : A resource failed to call release. 
12-26 22:50:23.979 28792 28805 W System  : A resource failed to call release. 
12-26 22:50:23.979 28792 28805 I [SUI] AnytimeUIPanelApp: GCing AnytimeUIPanelApp
12-26 22:50:23.982  1152  2377 W ActivityTaskManager: Can't find TaskDisplayArea to determine support for multi window. Task id=1562 attached=false
12-26 22:50:23.982  1152  2377 W ActivityTaskManager: Can't find TaskDisplayArea to determine support for multi window. Task id=1562 attached=false
12-26 22:50:23.985 28792 28805 W System  : A resource failed to call release. 
12-26 22:50:23.985 28792 28805 W System  : A resource failed to call release. 
12-26 22:50:23.985 28792 28805 W System  : A resource failed to call release. 
12-26 22:50:23.985 28792 28805 W System  : A resource failed to call release. 
12-26 22:50:23.985  1152  1170 W ActivityManager: setHasOverlayUi called on unknown pid: 4657
12-26 22:50:23.985 28792 28805 W System  : A resource failed to call release. 
12-26 22:50:23.986 28792 28792 D [SUI] SocialViewModel: Constructing ViewModel
12-26 22:50:23.986 28792 28792 D [SUI] PanelAppBase: Acquiring viewModel SocialViewModel refCount: 1
12-26 22:50:23.986 28792 28792 D [SUI] StatusViewModel: Constructing ViewModel
12-26 22:50:23.991  3141  3155 I GuardianFocusListener: [GuardianFocusListener::onTopActivityChanged] updated TopActivityChangeEvent - topActivityName: com.oculus.shellenv, immersiveAppPackageName: com.oculus.shellenv, isImmersiveAppTopActivity: true
12-26 22:50:23.991  3141  3155 I GuardianFocusListener: [GuardianFocusListener::UpdateImmersiveAppState] Pending immersive app updated from com.epicgames.AtomVR to com.oculus.shellenv
12-26 22:50:23.992 28792  5161 W OVRLibrary: null cursor received for query content://com.oculus.ocms.library/apps/com.YourCompany.WarStationGame
12-26 22:50:23.999  3217  8975 I MRSVC   : MIXEDREALITY: MrServiceController: VrFocusManager::Top Activity Changed, topActivity now is: 'com.epicgames.AtomVR', immersiveApp now is: ''.
12-26 22:50:23.999  3217  8975 I MRSVC   : MIXEDREALITY: MrServiceController: VrFocusManager::Top Activity Changed, topActivity now is: 'com.oculus.shellenv', immersiveApp now is: 'com.oculus.shellenv'.
12-26 22:50:24.001  2802  3044 I VrApi   : OVR::Stats thread stopped
12-26 22:50:24.001  2802  3044 I InputDeviceManager: ovrInputDeviceManager::~ovrInputDeviceManager
12-26 22:50:24.002   797  1023 D AF::TrackHandle: OpPlayAudio: track:267 uid:10025 pkg:com.oculus.vrshell usage:1 not muted
12-26 22:50:24.002   797  4293 D AF::TrackHandle: OpPlayAudio: track:64 uid:1000 pkg:android usage:13 not muted
12-26 22:50:24.003   797  4464 D AF::TrackHandle: OpPlayAudio: track:77 uid:1000 pkg:android usage:13 not muted
12-26 22:50:24.003   797  7048 D AF::TrackHandle: OpPlayAudio: track:57 uid:10016 pkg:com.oculus.shellenv usage:1 not muted
12-26 22:50:24.003   945 29997 D TrackingService: haptic socket already exists
12-26 22:50:24.003   945 29997 D TrackingService: getSocket: com.oculus.vrshell
12-26 22:50:24.004   797 20887 D AF::RecordHandle: OpRecordAudio: track:56 uid:10016 pkg:com.oculus.shellenv usage:0 source:1 not muted
12-26 22:50:24.007  3217  3278 W PhaseSync: [PS_Ver_1_0] DiscardFrame is triggered, frame->Stage 2 FrameBeginIndex 722 
12-26 22:50:24.007  3217  3278 I MRSVC   : MIXEDREALITY: OpenXrSupport: OpenXR qualified success: xrBeginFrame(clientState_.session, &beginFrameDesc): XR_FRAME_DISCARDED
12-26 22:50:24.007  3217  3278 I MRSVC   : MIXEDREALITY: MrServiceView: renderIteration: Hibernating the rendering thread since ID is off and no active PT layers.
12-26 22:50:24.007  3217  3278 I MRSVC   : MIXEDREALITY: MrServiceModelBase: Hibernating caller (most likely rendering thread) due to commandQueue being empty.
12-26 22:50:24.007  2802  3044 I InputDevice_TrackedRemote: OSSDKTRACKING shutting down Haptics
12-26 22:50:24.007  2802  3044 I InputDevice_TrackedRemote: OSSDKTRACKING shutting down Haptics
12-26 22:50:24.007  2802  3044 I InputDevice_TrackedRemote: OSSDKTRACKING shutting down Haptics
12-26 22:50:24.007  2802  3044 I InputDevice_TrackedRemote: OSSDKTRACKING shutting down Haptics
12-26 22:50:24.007  2802  3044 I OSHandDataQuerier: OSSDKTRACKING shutting down HandsTracker
12-26 22:50:24.007  2802  3044 I OSHandDataQuerier: OSSDKTRACKING shutting down HandsTracker
12-26 22:50:24.007  2802  3044 D OsSdk   : TrackingServiceConnection dtor
12-26 22:50:24.007   767   767 I Zygote  : Process 4657 exited cleanly (0)
12-26 22:50:24.009   945 29997 I TrackingService: Unregistering client by ITrackingService.unregisterClient
12-26 22:50:24.009   945 29997 I TrackingService: Failed to unregister client because client not found in registered list
12-26 22:50:24.009   945 29997 I TrackingService: Unregistering client by ITrackingService.unregisterClient
12-26 22:50:24.009   945 29997 I TrackingService: Failed to unregister client because client not found in registered list
12-26 22:50:24.009   945 29997 I TrackingService: Unregistering client by ITrackingService.unregisterClient
12-26 22:50:24.009   945 29997 I TrackingService: Failed to unregister client because client not found in registered list
12-26 22:50:24.009   945 29997 I TrackingService: Unregistering client by ITrackingService.unregisterClient
12-26 22:50:24.009   945 29997 I TrackingService: Unregistering client by ITrackingService.unregisterClient
12-26 22:50:24.009   945 29997 I TrackingService: Failed to unregister client because client not found in registered list
12-26 22:50:24.009   945 29997 I TrackingService: Failed to unregister client because client not found in registered list
12-26 22:50:24.009   945 29997 I TrackingService: Failed to unregister client because client not found in registered list
12-26 22:50:24.009   945 29997 I TrackingService: Failed to unregister client because client not found in registered list
12-26 22:50:24.009   945 29997 I TrackingService: Failed to unregister client because client not found in registered list
12-26 22:50:24.009   945 29997 I TrackingService: Failed to unregister client because client not found in registered list
12-26 22:50:24.009   945 29997 I TrackingService: Failed to unregister client because client not found in registered list
12-26 22:50:24.009   945 29997 I TrackingService: Unregistering client by ITrackingService.unregisterClient
12-26 22:50:24.009   945 29997 I TrackingService: Failed to unregister client because client not found in registered list
12-26 22:50:24.009   945 29997 I TrackingService: Unregistering client by ITrackingService.unregisterClient
12-26 22:50:24.009   945 29997 I TrackingService: Failed to unregister client because client not found in registered list
12-26 22:50:24.009   945 29997 D TrackingService: unregister: com.oculus.vrshell
12-26 22:50:24.009  2802  3044 D OsSdk   : TrackingServiceConnection unregistered
12-26 22:50:24.013  2078  2346 W OVRLibrary: null cursor received for query content://com.oculus.ocms.library/apps/com.epicgames.AtomVR
12-26 22:50:24.018   945  5089 W Tracking: MatchOutlierRejection: Too few stereo matches, performs non-stereo outlier rejection
12-26 22:50:24.018 28792 28792 I android_os_HwBinder: HwBinder: Starting thread pool for getting: vendor.oculus.hardware.battery@1.0::IBattery/default
12-26 22:50:24.020 28792 28792 D [SUI] StatusViewModel: Initializing wifi status BroadcastReceiver
12-26 22:50:24.020   945  5089 I Tracking: MatchOutlierRejection: Matches: 185, Stereo matches: 4, Inlier ratio: 0.4054054021835327
12-26 22:50:24.021 28792 28792 D [SUI] StatusViewModel: Initialized wifi status BroadcastReceiver
12-26 22:50:24.021 28792 28792 D [SUI] StatusViewModel: Initializing bluetooth BroadcastReceiver
12-26 22:50:24.021 28792 28792 D [SUI] StatusViewModel: Initialized bluetooth BroadcastReceiver
12-26 22:50:24.022   945  5089 W Tracking: VegaTracker: Returning without further processing frame. See previous logs for details.
12-26 22:50:24.024 28792 28792 D [SUI] PanelAppBase: Acquiring viewModel SystemStatusViewModel refCount: 1
12-26 22:50:24.024   797  1208 D AudioFlinger: mixer(0xb4000078904bfa00) throttle end: throttle time(8)
12-26 22:50:24.024  2802  5148 I ClientInputThread_Internal: InputThreadRun ShutdownRequest received
12-26 22:50:24.024 28792  5169 D CCodecConfig: c2 config diff is   c2::u32 coded.bitrate.value = 120000
12-26 22:50:24.025 28792 28792 D [SUI] SocialViewModel: registerObserver(): SystemStatusView$$ExternalSyntheticLambda9
12-26 22:50:24.025  2802  3044 I ClientInputTrackedKeyboardManager: TRACKEDKEYBOARD ClearTrackedObjectManager called on client
12-26 22:50:24.025  2802  3044 W REFLECT [RUNTIMEIPC]: Most likely you forgot to call Shutdown before destroying your client. Calling Shutdown now...
12-26 22:50:24.025  2802  3044 I RuntimeIPCClient [RUNTIMEIPC]: Shutdown: 4, Client: com.oculus.vrshell:com.oculus.vrshell:Overlay:2802, Server: com.oculus.vrshell:com.oculus.vrshell:Overlay (ptkserviceserver)
12-26 22:50:24.025  2802  3044 I RuntimeIPCClient [RUNTIMEIPC]: ReleaseRef: Remaining refs: 3, Client: com.oculus.vrshell:com.oculus.vrshell:Overlay:2802, Server: com.oculus.vrshell:com.oculus.vrshell:Overlay (ptkserviceserver)
12-26 22:50:24.025  2875  3134 I VrRuntimeService: RuntimeServiceSDKServer::EnableRendering: 0x0, 0, com.oculus.vrshell:Overlay
12-26 22:50:24.025  2875  3134 I ClientMgr: ClientMgr::EnableRendering 2802:com.oculus.vrshell : type 1 comp-id 1: disable
12-26 22:50:24.025  2875  3134 I VrRuntimeServer: DisableCompositorClient: 1
12-26 22:50:24.025  2875  3134 I CompositorClientMgr: Disable client 1
12-26 22:50:24.025  2875  3134 I CompositorClient: DisableClient: frame flush required: 1
12-26 22:50:24.025 28792 28792 D [SUI] SystemStatusView: Initialized System Status
12-26 22:50:24.025 28792 28792 D [SUI] PanelAppBase: Acquiring viewModel DynamicAppsViewModel refCount: 2
12-26 22:50:24.025 28792 28792 D [SUI] DynamicAppsView: Initializing DynamicAppsView on AUI bar
12-26 22:50:24.025 28792 28792 D [SUI] BarView: Initialized parties call bar
12-26 22:50:24.025 28792 28792 D [SUI] MessengerCallViewModel: registerObserver
12-26 22:50:24.025 28792 28792 D [SUI] BarView: Initialized messenger call bar
12-26 22:50:24.025 28792 28792 D [SUI] BarView: Initialized android call bar
12-26 22:50:24.025 28792 28792 V [SUI] BarView: Subscribing to notifications badge live data
12-26 22:50:24.025 28792 28792 D NotificationsBadgeLiveData: Initialized NotificationsBadgeLiveData
12-26 22:50:24.026 28792 28792 V [SUI] BarView: Notifs badge count: 0, Messenger badge count 0
12-26 22:50:24.026 28792 28792 V [SUI] BarView: Subscribing to online friend badge live data
12-26 22:50:24.026 28792 28792 D FollowUserOnlineRepo: Online follow user check for the badge has been started
12-26 22:50:24.026 28792 28792 D [SUI] SurveyController: Constructing SurveyController
12-26 22:50:24.028 28792 28792 I [SUI] OVRAuthHelper: fetchAuthToken - start
12-26 22:50:24.030 28792 28792 D [SUI] BarView: Initialized BarView
12-26 22:50:24.030 28792 28792 D OCPanelBackgroundDrawable: updateBorderRadius with type: All, value: 25
12-26 22:50:24.031 28792  5169 W Codec2Client: query -- param skipped: index = 1107298332.
12-26 22:50:24.032 28792  5169 D CCodec  : setup formats input: AMessage(what = 0x00000000) = {
12-26 22:50:24.032 28792  5169 D CCodec  :   int32_t bitrate = 120000
12-26 22:50:24.032 28792  5169 D CCodec  :   int32_t channel-count = 1
12-26 22:50:24.032 28792  5169 D CCodec  :   int32_t max-input-size = 32768
12-26 22:50:24.032 28792  5169 D CCodec  :   string mime = "audio/vorbis"
12-26 22:50:24.032 28792  5169 D CCodec  :   int32_t sample-rate = 48000
12-26 22:50:24.032 28792  5169 D CCodec  : }
12-26 22:50:24.032 28792  5169 D CCodec  : setup formats output: AMessage(what = 0x00000000) = {
12-26 22:50:24.032 28792  5169 D CCodec  :   int32_t channel-count = 1
12-26 22:50:24.032 28792  5169 D CCodec  :   string mime = "audio/raw"
12-26 22:50:24.032 28792  5169 D CCodec  :   int32_t sample-rate = 48000
12-26 22:50:24.032 28792  5169 D CCodec  :   int32_t channel-mask = 1
12-26 22:50:24.032 28792  5169 D CCodec  : }
12-26 22:50:24.034 28792  5169 I CCodecConfig: query failed after returning 7 values (BAD_INDEX)
12-26 22:50:24.035  1985  3168 I OpenXR  : nativeOnActivityReady
12-26 22:50:24.035  2875  3134 I UnifiedTelemetryWrapper: Stopped UT session render:com.oculus.vrshell:Overlay
12-26 22:50:24.036  2875  3106 I VrRuntimeServer: UpdateCompositorClientApertureMask client(4)
12-26 22:50:24.036  2875  3106 I VrRuntimeServer: UpdateCompositorClientLayerPlacement client(4): layer placement(129)
12-26 22:50:24.036  2875  3106 I VrRuntimeServer: UpdateCompositorClientApertureMask client(2)
12-26 22:50:24.036  2875  3106 I VrRuntimeServer: UpdateCompositorClientLayerPlacement client(2): layer placement(128)
12-26 22:50:24.036  2875  3106 I VrRuntimeServer: UpdateCompositorClientApertureMask client(5)
12-26 22:50:24.036  2875  3106 I VrRuntimeServer: UpdateCompositorClientLayerPlacement client(5): layer placement(4294967293)
12-26 22:50:24.041 28792  5161 W OVRLibrary: null cursor received for query content://com.oculus.ocms.library/apps/com.epicgames.WarStation
12-26 22:50:24.041 28792  5160 W OVRLibrary: null cursor received for query content://com.oculus.ocms.library/apps/messenger_system_app
12-26 22:50:24.044  2202  2202 D [SEO] ShellEnvOverlayService: onStartCommand() with action com.oculus.vrshell.SHELL_ENV_START_SERVICE
12-26 22:50:24.047  2202  2429 I [SEO] FrameCommandHelpers: Ignoring empty launch intent action com.oculus.vrshell.SHELL_ENV_START_SERVICE
12-26 22:50:24.047  2802  5155 I FenceChecker: FenceChecker::MainLoop - ended
12-26 22:50:24.048  2802  3044 I VrRuntimeClient: PhaseSync Instance deleted
12-26 22:50:24.048  2802  3044 I OpenXR  : PostSessionStateChange: XR_SESSION_STATE_STOPPING -> XR_SESSION_STATE_IDLE
12-26 22:50:24.048  2802  3044 I Deque   : AddEventToQueue called. eventInfo.type: 18, eventInfo.next: 1
12-26 22:50:24.048  2802  3044 I OpenXR  : ------------ xrEndSession [end] -----------
12-26 22:50:24.048  2802  3044 I [OAO] VrPlatformOpenXr: EndSession xrEndSession passed
12-26 22:50:24.048  2802  3044 I [OAO] VrPlatformOpenXr: xrPollEvent: received XR_TYPE_EVENT_DATA_SESSION_STATE_CHANGED: 1 for session 0x200000000000002 at time 73027.507523
12-26 22:50:24.048  2802  3044 I [OAO] VrPlatformOpenXr: Session state changed XR_SESSION_STATE_IDLE
12-26 22:50:24.048  2802  3044 I OpenXR  : PostSessionStateChange: XR_SESSION_STATE_IDLE -> XR_SESSION_STATE_READY
12-26 22:50:24.048  2802  3044 I Deque   : AddEventToQueue called. eventInfo.type: 18, eventInfo.next: 1
12-26 22:50:24.048  2802  3044 I [OAO] VrPlatformOpenXr: xrPollEvent: received XR_TYPE_EVENT_DATA_SESSION_STATE_CHANGED: 2 for session 0x200000000000002 at time 73027.507890
12-26 22:50:24.048  2802  3044 I [OAO] VrPlatformOpenXr: Session state changed XR_SESSION_STATE_READY
12-26 22:50:24.048  2202  2202 D [SEO] ShellEnvOverlayService: onRebind
12-26 22:50:24.051  2586  2603 I com.oculus.ocm: Background young concurrent copying GC freed 4677(578KB) AllocSpace objects, 16(284KB) LOS objects, 35% free, 3799KB/5934KB, paused 5.755ms,66us total 86.197ms
12-26 22:50:24.052 28792  5169 W Codec2Client: query -- param skipped: index = 1342179345.
12-26 22:50:24.052 28792  5169 W Codec2Client: query -- param skipped: index = 2415921170.
12-26 22:50:24.053 28792 28792 D [SUI] DynamicAppTileDragItem: Initialized DynamicAppDragItem for: com.oculus.explore
12-26 22:50:24.053 28792  5169 D CCodecBufferChannel: [c2.android.vorbis.decoder#402] Created input block pool with allocatorID 16 => poolID 102 - OK (0)
12-26 22:50:24.054  2202  2202 I [SEO] VrNotificationListenerService: onNotificationRemoved() - key = 0|com.epicgames.AtomVR|1|null|10108, type = unspecified
12-26 22:50:24.054 28792  5160 W OVRLibrary: null cursor received for query content://com.oculus.ocms.library/apps/share_system_app
12-26 22:50:24.056  2078  2078 I FBConnectInit: Updating linked FB account on android.intent.action.SCREEN_ON
12-26 22:50:24.058  2078  2798 I OVRMediaService: onStartCommand Received message type: com.oculus.horizon.GET_CAPTURE_STATE_ACTION, caller package: no_app_identity, app identify: null
12-26 22:50:24.057  1682  1682 D OculusNotificationListenerService: Notification removed: 0|com.epicgames.AtomVR|1|null|10108
12-26 22:50:24.059 28792 28792 D [SUI] DynamicAppTileDragItem: Initialized DynamicAppDragItem for: com.oculus.store
12-26 22:50:24.059  2802  3044 I [OAO] VrPlatformOpenXr: EndSession passed message polling. count:1  count<maxRetryCount:1  sessionState:2
12-26 22:50:24.059  2802  3044 I [OAO] VrPlatformOpenXr: EndSession end
12-26 22:50:24.060  1152  1170 I DisplayDeviceRepository: Display device changed: DisplayDeviceInfo{"com.oculus.android_panel_app.AndroidPanelLayer-#main": uniqueId="virtual:com.oculus.systemux,10037,com.oculus.android_panel_app.AndroidPanelLayer-#main,4", 1000 x 80, modeId 489, defaultModeId 489, supportedModes [{id=489, width=1000, height=80, fps=60.0, alternativeRefreshRates=[]}], colorMode 0, supportedColorModes [0], hdrCapabilities null, allmSupported false, gameContentTypeSupported false, density 200, 200.0 x 200.0 dpi, appVsyncOff 0, presDeadline 16666666, touch NONE, rotation 0, type VIRTUAL, deviceProductInfo null, state OFF, owner com.oculus.systemux (uid 10037), frameRateOverride , brightnessMinimum 0.0, brightnessMaximum 0.0, brightnessDefault 0.0, FLAG_PRIVATE, FLAG_NEVER_BLANK, FLAG_OWN_CONTENT_ONLY}
12-26 22:50:24.062  2202  2202 D VrNotificationAnalytics: logNotificationRemoved(unspecified)
12-26 22:50:24.063 28792 28792 I [SUI] AnytimeUIPanelApp: handleRoundedCornersEvent - {"bottomLeft":25,"bottomRight":25,"topLeft":25,"topRight":25}
12-26 22:50:24.063 28792 28792 D OCPanelBackgroundDrawable: updateBorderRadius with type: All, value: 25
12-26 22:50:24.063 28792  5184 D [SUI] SettingsAssistantJsonBuilder: Registering legacy settings
12-26 22:50:24.064 28792  5184 D [SUI] SettingsAssistantJsonBuilder: Not registering settings service settings. Blocked by GK
12-26 22:50:24.064  1985  2764 I Clay    : BaseApp: Hibernate transition Unhibernate
12-26 22:50:24.064  1985  2764 I Clay    : SoundSystem: setPaused(false), m_paused=true
12-26 22:50:24.064  1985  2764 D AAudio  : AAudioStream_requestStart(s#2) called --------------
12-26 22:50:24.064  1985  2764 D AAudioStream: setState(s#2) from 9 to 3
12-26 22:50:24.064 28792 28792 V [SUI] AnytimeUIPanelApp: Setting notifs badge
12-26 22:50:24.064 28792 28792 V [SUI] BarView: Subscribing to notifications badge live data
12-26 22:50:24.065 28792 28792 V [SUI] BarView: Notifs badge count: 0, Messenger badge count 0
12-26 22:50:24.065  1152  1168 I WindowManager: Override config changes=20000d80 {0.0 ?mcc?mnc ?localeList ?layoutDir sw64dp w800dp h64dp 200dpi nrml long land ?uimode ?night -touch -keyb/v/h -nav/h winConfig={ mBounds=Rect(0, 0 - 1000, 80) mAppBounds=Rect(0, 0 - 1000, 80) mMaxBounds=Rect(0, 0 - 1000, 80) mWindowingMode=fullscreen mDisplayWindowingMode=fullscreen mActivityType=undefined mAlwaysOnTop=undefined mRotation=ROTATION_0} ?fontWeightAdjustment} for displayId=277
12-26 22:50:24.065 28792 28792 V [SUI] BarView: Subscribing to online friend badge live data
12-26 22:50:24.065 28792 28792 D [SUI] PanelAppBase: Acquiring viewModel StatusViewModel refCount: 2
12-26 22:50:24.066  2078  5038 E LoggingErrorHandler: Retrofit error, url: [https://graph.oculus.com/graphql?q=viewer%28%29+%7B++linked_accounts_info+%7B++facebook_account+%7B++++facebook_id%2C++++friend_policy%2C++++needs_password_to_unlink%2C++%7D%2C++%7D%2C%7D], kind: [NETWORK], status: [0 - ], headers: , body: []
12-26 22:50:24.066 28792 28792 D [SUI] AirlinkUtils: Initializing AirlinkUtils...
12-26 22:50:24.066  1152  1168 V WindowManager: Display 277 state is now (1), so update layer mirroring?
12-26 22:50:24.067 28792  5184 D [SUI] AnytimeUIPanelApp: Stored settings in pref store in 2464844 ns
12-26 22:50:24.067 28792  5184 D [SUI] SettingsAssistantJsonBuilder: Registering settings service settings
12-26 22:50:24.067 28792  5184 D [SUI] SettingsProvider: SettingsService getInstance
12-26 22:50:24.067 28792  5184 D [SUI] SettingsProvider: connectToService with callback with total client count: 1
12-26 22:50:24.067 28792  5184 D [SUI] SettingsProvider: connectToSettingsService
12-26 22:50:24.068  1152  1168 V WindowManager: Display 277 state is now (1), so update layer mirroring?
12-26 22:50:24.068 28792 28792 D [SUI] AirlinkUtils: Initializing wifi status BroadcastReceiver
12-26 22:50:24.069  2802  3044 I [OAO] AudioMixer: Disabling AudioPlayer.
12-26 22:50:24.071  2078  2078 W ContextScope: Warning: Memory Leak Likely! Caching values for context: android.app.ReceiverRestrictedContext@fab8c6
12-26 22:50:24.071  2078  2078 W ContextScope:  You should make this context implement the PropertyBag interface to avoid this leak
12-26 22:50:24.074 28792 28792 I PanelService: BEGIN: nativeInitializePanelInstance - Configure and set up thread polling.
12-26 22:50:24.074 28792 28792 I PanelService: BEGIN: Call hosted app's Configure method.
12-26 22:50:24.074 28792 28792 I PanelService: END: Call hosted app's Configure method.
12-26 22:50:24.074 28792 28792 I PanelService: END: nativeInitializePanelInstance - Add fd 67 to looper with error code 1
12-26 22:50:24.074 28792 28792 D PanelAppClient: END: Initializing panel application via MSG_CREATE_PANEL_APP.
12-26 22:50:24.076 28792 28792 I [SUI] AnytimeUIPanelApp: updateGuardianConfig - $configIndex - $configValue
12-26 22:50:24.076 28792 28792 I [SUI] AnytimeUIPanelApp: updateGuardianConfig - $configIndex - $configValue
12-26 22:50:24.076 28792 28792 I [SUI] AnytimeUIPanelApp: updateGuardianConfig - $configIndex - $configValue
12-26 22:50:24.076 28792 28792 I [SUI] AnytimeUIPanelApp: updateGuardianConfig - $configIndex - $configValue
12-26 22:50:24.076 28792 28792 I [SUI] AnytimeUIPanelApp: updateGuardianConfig - $configIndex - $configValue
12-26 22:50:24.076 28792 28792 I [SUI] AnytimeUIPanelApp: updateGuardianConfig - $configIndex - $configValue
12-26 22:50:24.077 28792 28792 I [SUI] AnytimeUIPanelApp: updateGuardianConfig - $configIndex - $configValue
12-26 22:50:24.077 28792 28792 I [SUI] AnytimeUIPanelApp: updateGuardianConfig - $configIndex - $configValue
12-26 22:50:24.077 28792 28792 I [SUI] AnytimeUIPanelApp: updateGuardianConfig - $configIndex - $configValue
12-26 22:50:24.077 28792 28792 I [SUI] AnytimeUIPanelApp: updateGuardianConfig - $configIndex - $configValue
12-26 22:50:24.077 28792 28792 I [SUI] AnytimeUIPanelApp: updateGuardianConfig - $configIndex - $configValue
12-26 22:50:24.077 28792 28792 I [SUI] AnytimeUIPanelApp: updateGuardianConfig - $configIndex - $configValue
12-26 22:50:24.077 28792 28792 I [SUI] AnytimeUIPanelApp: updateGuardianConfig - $configIndex - $configValue
12-26 22:50:24.077 28792 28792 I [SUI] AnytimeUIPanelApp: updateGuardianConfig - $configIndex - $configValue
12-26 22:50:24.077 28792 28792 I AndroidPanelApp: Processing pending hide layer for layer #main.
12-26 22:50:24.077 28792 28792 I AndroidPanelApp: Processing pending show layer info for layer #main with width 1000 and height 80.
12-26 22:50:24.077 28792 28792 I AndroidPanelApp: layerSupersample no changes
12-26 22:50:24.077 28792 28792 D [SUI] ActivityManagerUtilsHelper: onFocusedWindowChanged: Instance: com.oculus.common.activitymanager.ActivityManagerUtilsHelper@909ae94, topWindowUid: 10108, focusedApp: com.epicgames.AtomVR, previousApp: null
12-26 22:50:24.077 28792 28792 D [SUI] AnytimeUIPanelApp: Received ActivityStateChanges - com.epicgames.AtomVR
12-26 22:50:24.078 28792 28792 I PresenceAPK(BaseServiceApiManager$1): onServiceConnected componentName=ComponentInfo{com.oculus.presence/com.oculus.presence.services.presence.PresenceService}
12-26 22:50:24.078 28792 28792 I PresenceAPK(BaseServiceApiManager$1): setting serviceApi
12-26 22:50:24.078 28792 28807 I PresenceAPK(ServiceApiManager): onApiNotReady
12-26 22:50:24.078 28792 28807 D PresenceAPK(ServicePresenceClient): Calling onServiceDown
12-26 22:50:24.078 28792 28807 I PresenceAPK(GroupManager): disconnected
12-26 22:50:24.071     0     0 I init    : Untracked pid 4725 received signal 9
12-26 22:50:24.080  2802  5153 I [OAO] AudioMixer: Notifying VrThread to shutdown.
12-26 22:50:24.080 28792  5169 I CCodecBufferChannel: [c2.android.vorbis.decoder#402] Created output block pool with allocatorID 16 => poolID 315 - OK
12-26 22:50:24.081 28792  5169 D CCodecBufferChannel: [c2.android.vorbis.decoder#402] Configured output block pool ids 315 => OK
12-26 22:50:24.081 28792 28792 I PresenceAPK(BaseServiceApiManager$1): onServiceConnected componentName=ComponentInfo{com.oculus.presence/com.oculus.presence.services.presence.PresenceService}
12-26 22:50:24.082 28792 28792 I PresenceAPK(BaseServiceApiManager$1): setting serviceApi
12-26 22:50:24.082   777   777 I EffectsFactory: EffectCreate() create_effect
12-26 22:50:24.082 28792 28807 I PresenceAPK(ServiceApiManager): onApiNotReady
12-26 22:50:24.082 28792 28807 D PresenceAPK(ServicePresenceClient): Calling onServiceDown
12-26 22:50:24.082 28792 28807 I PresenceAPK(GroupManager): disconnected
12-26 22:50:24.083  2078  2570 E LoggingErrorHandler: Retrofit error, url: [https://graph.oculus.com/user_heartbeat?current_status=ONLINE], kind: [NETWORK], status: [0 - ], headers: , body: []
12-26 22:50:24.083 28792 28792 D [SUI] ActivityManagerUtilsHelper: onForegroundActivitiesChanged: Instance: com.oculus.common.activitymanager.ActivityManagerUtilsHelper@cce2595, Pid: 1985, Tid: 10016, foregroundActivities: true, foreground app: com.oculus.shellenv, previous app: com.epicgames.AtomVR
12-26 22:50:24.084  2078  2570 E PresenceManager: Heartbeat error.
12-26 22:50:24.084 28792 28792 D [SUI] ActivityManagerUtilsHelper: onForegroundActivitiesChanged: Instance: com.oculus.common.activitymanager.ActivityManagerUtilsHelper@10bbfa6, Pid: 1985, Tid: 10016, foregroundActivities: true, foreground app: com.oculus.shellenv, previous app: com.epicgames.AtomVR
12-26 22:50:24.084 28792 28792 D [SUI] AnytimeUIPanelApp: Received ActivityStateChanges - com.oculus.shellenv
12-26 22:50:24.084 28792 28792 D [SUI] RunningAppManager: Updated current destination - com.oculus.shellenv
12-26 22:50:24.084 28792 28792 D [SUI] AppStateUtil: com.oculus.shellenv is running= true
12-26 22:50:24.084 28792 28792 D [SUI] AppStateUtil: com.epicgames.AtomVR is running= false
12-26 22:50:24.084  3217  3278 W PhaseSync: [PS_Ver_1_0] DiscardFrame is triggered, frame->Stage 2 FrameBeginIndex 723 
12-26 22:50:24.084  3217  3278 I MRSVC   : MIXEDREALITY: OpenXrSupport: OpenXR qualified success: xrBeginFrame(clientState_.session, &beginFrameDesc): XR_FRAME_DISCARDED
12-26 22:50:24.084  3217  3278 I MRSVC   : MIXEDREALITY: MrServiceView: renderIteration: Hibernating the rendering thread since ID is off and no active PT layers.
12-26 22:50:24.084  3217  3278 I MRSVC   : MIXEDREALITY: MrServiceModelBase: Hibernating caller (most likely rendering thread) due to commandQueue being empty.
12-26 22:50:24.085 28792 28792 D [SUI] ActivityManagerUtilsHelper: onForegroundActivitiesChanged: Instance: com.oculus.common.activitymanager.ActivityManagerUtilsHelper@909ae94, Pid: 1985, Tid: 10016, foregroundActivities: true, foreground app: com.oculus.shellenv, previous app: com.epicgames.AtomVR
12-26 22:50:24.085 28792 28792 D [SUI] AnytimeUIPanelApp: Received ActivityStateChanges - com.oculus.shellenv
12-26 22:50:24.085 28792 28792 D [SUI] RunningAppManager: Updated current destination - com.oculus.shellenv
12-26 22:50:24.085 28792 28792 D [SUI] AppStateUtil: com.oculus.shellenv is running= true
12-26 22:50:24.085 28792 28792 D [SUI] AppStateUtil: com.epicgames.AtomVR is running= false
12-26 22:50:24.088 28792 28792 D [SUI] NotificationBroadcastReceiver: action: com.oculus.intent.action.NOTIF_CHANGE
12-26 22:50:24.089 28792 28792 D [SUI] SettingsService: onCreate
12-26 22:50:24.091  1985  3355 D AAudioStream: setState(s#2) from 3 to 4
12-26 22:50:24.091  1985  4398 D AudioStreamLegacy: onAudioDeviceUpdate(deviceId = 2)
12-26 22:50:24.092  1985  2764 D AAudio  : AAudioStream_requestStart(s#2) returned 0 ---------
12-26 22:50:24.092  1985  2764 I TBAudioEngine: [start] aaudio player request result: OK [0]
12-26 22:50:24.092  1985  2764 I Clay    : EnvironmentSystem: computed visibility changed from Unload to Visible (reason: <none>)
12-26 22:50:24.092  1985  2764 I Clay    : EnvironmentSystem: layerRenderingInstanceId=2728571920
12-26 22:50:24.092  1985  2764 I Clay    : HyperspaceClientSystem: localavatar not ready
12-26 22:50:24.092  1985  2764 E Clay    : [1P] CoAvatar2::_enqueueHasAvatar(): ovrAvatar2_HasAvatar failed [MissingAccessToken]
12-26 22:50:24.093   916  5175 D SimpleC2Component: Using output block pool with poolID 315 => got 315 - 0
12-26 22:50:24.094  1985  2764 I OpenXR  : PostSessionStateChange: XR_SESSION_STATE_READY -> XR_SESSION_STATE_SYNCHRONIZED
12-26 22:50:24.094  2802  3044 I [OAO] AudioMixer: Successful shutdown.
12-26 22:50:24.094  2802  3044 I [OAO] AudioEngine: virtual void AudioLibrary::AudioEngine::DisablePlayer()
12-26 22:50:24.094  2802  3044 I [OAO] AudioEngine: Setting ShuttingDown.
12-26 22:50:24.094   569   569 I hwservicemanager: getTransport: Cannot find entry vendor.oculus.hardware.backlight@1.0::IBacklight/default in either framework or device VINTF manifest.
12-26 22:50:24.095 28792 28792 D BacklightManager: Backlight Service not available
12-26 22:50:24.096  1985  2764 I Deque   : AddEventToQueue called. eventInfo.type: 18, eventInfo.next: 1
12-26 22:50:24.096  1985  2764 I Clay    : xrPollEvent: SESSION_STATE_CHANGED: SYNCHRONIZED
12-26 22:50:24.096  1985  2764 I OpenXR  : PostSessionStateChange: XR_SESSION_STATE_SYNCHRONIZED -> XR_SESSION_STATE_VISIBLE
12-26 22:50:24.097  3217  3238 I MRSVC   : MIXEDREALITY: MrServiceController: VrFocusManager::Top Activity Changed, topActivity now is: 'com.oculus.shellenv', immersiveApp now is: 'com.oculus.shellenv'.
12-26 22:50:24.097   569   569 I hwservicemanager: getTransport: Cannot find entry vendor.oculus.hardware.backlight@1.0::IBacklight/default in either framework or device VINTF manifest.
12-26 22:50:24.098  1985  2764 I Deque   : AddEventToQueue called. eventInfo.type: 18, eventInfo.next: 1
12-26 22:50:24.098  1985  2764 I OpenXR  : PostSessionStateChange: XR_SESSION_STATE_VISIBLE -> XR_SESSION_STATE_FOCUSED
12-26 22:50:24.099 28792 28792 D BacklightManager: Backlight Service not available
12-26 22:50:24.100  1985  2764 I Deque   : AddEventToQueue called. eventInfo.type: 18, eventInfo.next: 1
12-26 22:50:24.100  2802  5153 I [OAO] AudioMixer: Notifying VrThread to shutdown.
12-26 22:50:24.100  2802  5153 I [OAO] AudioEngine: Fading final buffer
12-26 22:50:24.100  1985  2764 I Clay    : xrPollEvent: SESSION_STATE_CHANGED: VISIBLE
12-26 22:50:24.100  1985  2764 I Clay    : xrPollEvent: SESSION_STATE_CHANGED: FOCUSED
12-26 22:50:24.101  2078  2078 E FBConnectHelper: updateFBConnectAccountAsync failed with error: 
12-26 22:50:24.102   945  5089 I Tracking: MatchOutlierRejection: Matches: 208, Stereo matches: 6, Inlier ratio: 0.4663461446762085
12-26 22:50:24.102   945  5089 I Tracking: VioInitialization: Using feature measurements for direct initialization
12-26 22:50:24.102   945  5089 I Tracking: DirectInitialization: Number of points with map info: 0
12-26 22:50:24.103  3210  3253 E AnalyticsEvent: could not set key=selection_args value=null
12-26 22:50:24.103  3210  3253 D CapabilitiesProvider: Capabilities Content Provider called content://com.oculus.identitymanagement.capabilities.contentprovider/account/activeuser/capabilities/com.oculus.capability.social.all, selection= null, selectionArgs=null, sortOrder= null
12-26 22:50:24.104   945  5089 I Tracking: DirectInitialization: Unconstrained g solution -0.93984 -8.93393 -3.75305
12-26 22:50:24.104   945  5089 I Tracking: DirectInitialization: Newton g solution -0.960883  -8.98966  -3.79909
12-26 22:50:24.104   945  5089 I Tracking: InitializationBA: Computing calibration jacobians: true, Bootstrap iteration: true
12-26 22:50:24.107  3217  3238 I MRSVC   : MIXEDREALITY: MrServiceController: VrFocusManager::Top Activity Changed, topActivity now is: 'com.oculus.shellenv', immersiveApp now is: 'com.oculus.shellenv'.
12-26 22:50:24.104  2078  2078 E AuthLogger: Action failed: FBCONNECT_FETCH_ACCOUNT, callingPackage: com.oculus.horizon, accountType: null, tokenType: null, extras: {origin=FBConnectInit}, duration: 0ms
12-26 22:50:24.109  2078  2078 E AuthLogger: Action failed: FBCONNECT_FETCH_ACCOUNT, callingPackage: com.oculus.horizon, accountType: null, tokenType: null, extras: {origin=FBConnectInit}, duration: 0ms
12-26 22:50:24.109  1985  2764 I VrRuntimeClient: UpdateEvents: HMT was mounted
12-26 22:50:24.110 28792 28792 I [SUI] ConsumerConfiguration: Setting SystemUX Configuration and Policy Settings.
12-26 22:50:24.110   945  5089 I Tracking: InitBAFeatures: Constraints: 581 Tried: 255, Failed: 4, Map features: 0, Above Huber: 114, Low-parallax: 210, Soft-constraint: 1
12-26 22:50:24.110  1985  2764 I Clay    : HyperspaceClientSystem: localavatar not ready
12-26 22:50:24.112  1985  2764 I Deque   : AddEventToQueue called. eventInfo.type: 1000075000, eventInfo.next: 1
12-26 22:50:24.112  1985  2764 I Clay    : xrPollEvent: MOUNT_STATE_CHANGED_FB: isMounted 1
12-26 22:50:24.112   945  5089 I Tracking: InitializationBA: Iteration number: 1. Cost: 3541.514404296875, Correction norm: 0.15042205154895782
12-26 22:50:24.113   945  5089 I Tracking: InitializationBA: Computing calibration jacobians: true, Bootstrap iteration: false
12-26 22:50:24.113  2078  5190 E ACRA    : Handling exception for soft error
12-26 22:50:24.114  2875  5117 I CompositorUtil: SetSchedFifo( tid=2764, pol=3, pri=0 ) succeeded
12-26 22:50:24.114  2875  5117 I CompositorUtil: SetSchedFifo( tid=4843, pol=3, pri=0 ) succeeded
12-26 22:50:24.114 28792 28792 E QplClient: com.oculus.systemux: init() called multiple times.
12-26 22:50:24.115 28792 28792 I PresenceAPK(ServiceApiManager): Trying to bind to com.oculus.presence.services.presence.PresenceService service inside com.oculus.presence package.
12-26 22:50:24.117  1985  2764 I Clay    : copresence: microphone state transition, unpaused
12-26 22:50:24.117  1985  2764 I Clay    : HyperspaceClientSystem: localavatar not ready
12-26 22:50:24.117 28792 28792 D PresenceAPK(PresenceClient): setEventListener id=AnchoredHomeGroup
12-26 22:50:24.117 28792 28792 I PresenceAPK(GroupManager): addListener for id AnchoredHomeGroup
12-26 22:50:24.118  2875  3106 I VrRuntimeServer: DisableCompositorClient: 0
12-26 22:50:24.118  2875  3106 I CompositorClientMgr: Disable client 0
12-26 22:50:24.118  2875  3106 I CompositorClient: DisableClient: frame flush required: 1
12-26 22:50:24.119 28792 28792 D [SUI] SettingsService: mIsPrimaryUser = true
12-26 22:50:24.119   945  5089 I Tracking: InitBAFeatures: Constraints: 464 Tried: 255, Failed: 69, Map features: 0, Above Huber: 26, Low-parallax: 3, Soft-constraint: 0
12-26 22:50:24.120  2802  5153 I [OAO] AudioEngine: Notifying VrThread to shutdown.
12-26 22:50:24.120  2802  5153 D vrshell:Overla: PlayerBase::stop() from IPlayer
12-26 22:50:24.120  2802  5153 D AudioTrack: stop(247): called with 15360 frames delivered
12-26 22:50:24.121   945  5089 I Tracking: InitializationBA: Iteration number: 2. Cost: 701.8413696289062, Correction norm: 0.04157295450568199
12-26 22:50:24.121   945  5089 I Tracking: InitializationBA: Computing calibration jacobians: true, Bootstrap iteration: false
12-26 22:50:24.122  2802  3044 I [OAO] AudioEngine: Stopping player
12-26 22:50:24.123  2802  3044 D vrshell:Overla: PlayerBase::stop() from IPlayer
12-26 22:50:24.127  2875  5117 I CompositorProgs: Using GLES Version 310
12-26 22:50:24.127   945  5089 I Tracking: InitBAFeatures: Constraints: 470 Tried: 255, Failed: 65, Map features: 0, Above Huber: 20, Low-parallax: 12, Soft-constraint: 0
12-26 22:50:24.127  2875  2875 I ClientMgr: FocusedWindowChanged: uid = 10016 pid = 1985
12-26 22:50:24.127  2875  2875 I ClientMgr: FocusedWindowChanged: top window's client already enabled
12-26 22:50:24.127  2875  2875 I ClientMgr: FocusedClient changed.
12-26 22:50:24.127  2875  2875 I ClientMgr: ClientMgr::SetFocusedClient: 1985:com.oculus.shellenv type 0
12-26 22:50:24.128  1985  2764 I Clay    : HyperspaceClientSystem: localavatar not ready
12-26 22:50:24.129  2875  5117 I CompositorProgs: loaded binary layerProgram :0x200000000040083:0x in 2.2 ms
12-26 22:50:24.130   945  5089 I Tracking: InitializationBA: Iteration number: 3. Cost: 621.6243896484375, Correction norm: 0.006421245168894529
12-26 22:50:24.130   945  5089 I Tracking: VioInitialization: Initialization Complete!
12-26 22:50:24.130   945  5089 I Tracking: InitializationBA: Computing calibration jacobians: true, Bootstrap iteration: false
12-26 22:50:24.135  1985  2764 I Clay    : HyperspaceClientSystem: localavatar not ready
12-26 22:50:24.135   945  5089 I Tracking: InitBAFeatures: Constraints: 348 Tried: 140, Failed: 0, Map features: 0, Above Huber: 16, Low-parallax: 3, Soft-constraint: 0
12-26 22:50:24.136  2875  2875 I ClientMgr: SetFocusedPackageName - packageName com.oculus.shellenv processName com.oculus.shellenv clientId 41386587 clientPid 1985
12-26 22:50:24.137  2802  3044 W mediametrics::Item: selfrecord: failed to record: {audiotrack, (01-01 05:00:00.000), (, -1, -1), (android.media.audiotrack.attributes={ Content type: AUDIO_CONTENT_TYPE_UNKNOWN Usage: AUDIO_USAGE_UNKNOWN Source: AUDIO_SOURCE_DEFAULT Flags: 0x0 Tags:  }, android.media.audiotrack.channelMask=3, android.media.audiotrack.encoding=AUDIO_FORMAT_PCM_16_BIT, android.media.audiotrack.frameCount=384, android.media.audiotrack.logSessionId=, android.media.audiotrack.portId=247, android.media.audiotrack.sampleRate=48000, android.media.audiotrack.streamtype=AUDIO_STREAM_MUSIC, android.media.audiotrack.type=AUDIO_CONTENT_TYPE_UNKNOWN, android.media.audiotrack.underrunFrames=0, android.media.audiotrack.usage=AUDIO_USAGE_UNKNOWN)}
12-26 22:50:24.138   945  5089 W Tracking: VIO_HAS_TRACKING: Bad tracking: too few inliers. num_inliers = 0 < 4
12-26 22:50:24.138   945  5089 W Tracking: VEGA:HM:MAP_TRACKING: [Throttled count=8] Map tracking did not run.
12-26 22:50:24.138   945  5089 W Tracking: VIO_HAS_TRACKING: Bad tracking: too few inliers. num_inliers = 0 < 5
12-26 22:50:24.138   945  5089 W Tracking: VEGA:HM:PERCEPTUAL: [72237.819 [sec]] Bad tracking: tracker health is bad
12-26 22:50:24.138   945  5089 I Tracking: VEGA:HM:PERCEPTUAL: [72237.819 [sec]] Perceptual tracking state transition from UNKNOWN to 3DoF.
12-26 22:50:24.139  2802  2802 D KeyboardInputMethodService: onFinishInput
12-26 22:50:24.139   945  5089 I Tracking: VegaTracker: [Throttled count=8] VegaTracker::track returned 273 track measurement(s) 0 track-to-landmark association(s) and 88 closed track ID(s) while reporting poor tracking quality. (isTrackerHealthy = false, isMapTrackingHealthy = false)
12-26 22:50:24.139   945  5089 I Tracking: VIPER: Tracking initialization complete.
12-26 22:50:24.139   945  5089 W Tracking: VIPER: Frame Tracking (0.078152343 [sec]) exceeded camera sampling time (0.033333333 [sec]).
12-26 22:50:24.141  2875  2875 I ServiceInputManager: ServiceInputManager::SetFocusedPackageName 'com.oculus.shellenv'
12-26 22:50:24.141  2875  2875 I VrRuntimeService: RuntimeIPC: SendFocusChangeEventToAllClients: PostClientEvent SUCCESS: com.oculus.guardian:com.oculus.vrguardianservice:3141, com.oculus.shellenv, com.oculus.shellenv
12-26 22:50:24.141  2875  2875 I VrRuntimeService: RuntimeIPC: SendFocusChangeEventToAllClients: PostClientEvent SUCCESS: com.oculus.vrshell:com.oculus.vrshell:Overlay:2802, com.oculus.shellenv, com.oculus.shellenv
12-26 22:50:24.141  2875  2875 I VrRuntimeService: RuntimeIPC: SendFocusChangeEventToAllClients: PostClientEvent SUCCESS: com.oculus.vrshell:com.oculus.vrshell:2202, com.oculus.shellenv, com.oculus.shellenv
12-26 22:50:24.141  2875  2875 I VrRuntimeService: RuntimeIPC: SendFocusChangeEventToAllClients: PostClientEvent SUCCESS: com.oculus.shellenv:com.oculus.shellenv:1985, com.oculus.shellenv, com.oculus.shellenv
12-26 22:50:24.141  2875  2875 I VrRuntimeService: RuntimeIPC: SendFocusChangeEventToAllClients: PostClientEvent SUCCESS: com.oculus.mrservice:com.oculus.mrservice:3217, com.oculus.shellenv, com.oculus.shellenv
12-26 22:50:24.141  2875  3106 I SystemButtonHandler: InhibitHandleHomeKey has changed on the service. New value: 1
12-26 22:50:24.143  3265  3265 V MetaCam (ForegroundAppChecker): Current foreground package is com.oculus.shellenv.
12-26 22:50:24.143  3265  3265 D FileCapture: Async on app switch
12-26 22:50:24.145  3265  5253 D MetaCam (MediaCapabilityChecker): checkMediaHasRecordingCapabilities packageName: com.oculus.shellenv
12-26 22:50:24.147  3210  3253 E AnalyticsEvent: could not set key=selection_args value=null
12-26 22:50:24.147  3210  3253 D CapabilitiesProvider: Capabilities Content Provider called content://com.oculus.identitymanagement.capabilities.contentprovider/account/activeuser/capabilities/com.oculus.capability.social.all, selection= null, selectionArgs=null, sortOrder= null
12-26 22:50:24.147  2802  3044 I [OAO] DisplayStatePreservationController: Applied preserved state by adapter: taskBarPositionAdapter
12-26 22:50:24.148  2802  3044 I [OAO] PanelRenderLayer: ResetSurface #main 0 x 0 - shape:0 stereo:0
12-26 22:50:24.149  2802  3044 I [OAO] PanelRenderLayer: OS Panel Resize Notification to OS with width 0, height 0
12-26 22:50:24.149  2802  3044 I [OAO] PanelAppHost: Setting panel layer visibility of layer "#main" to invisible, panel 53 (com.oculus.systemux/com.oculus.panelapp.anytimeui.AnytimeUIPanelService)
12-26 22:50:24.149  2802  3044 I [OAO] PanelAppHost: Resize layer #main to size 1000 x 80 shape: 1 stereo: 0, panel 53 (com.oculus.systemux/com.oculus.panelapp.anytimeui.AnytimeUIPanelService)
12-26 22:50:24.149  2802  3044 I [OAO] PanelRenderLayer: ResetSurface #main 1000 x 80 - shape:1 stereo:0
12-26 22:50:24.149  2802  3044 I [OAO] PanelRenderLayer: OS Panel Resize Notification to OS with width 1000, height 80
12-26 22:50:24.149  1985  2764 I Clay    : HyperspaceClientSystem: localavatar not ready
12-26 22:50:24.151  2802  3044 I [OAO] LayerSwapChainResource: LayerSwapChainResource width(1000), height(80), swap chain length(3), mips(4)
12-26 22:50:24.151  2802  3044 I [OAO] SwapChainApiOpenXr: CreateTextureSwapChain 1000,80 - 3
12-26 22:50:24.152  3217  3238 I MRSVC   : MIXEDREALITY: MrServiceController: VrFocusManager::Top Activity Changed, topActivity now is: 'com.oculus.shellenv', immersiveApp now is: 'com.oculus.shellenv'.
12-26 22:50:24.153  2875  3134 I VrRuntimeService: CreateSwapChain: 3224358056
12-26 22:50:24.153  2875  3134 I VrRuntimeService: CreateSwapChain: api:gles 0 0x8c43 1000 80 4 3 1 0 3
12-26 22:50:24.154  2875  3134 I VrRuntimeServer: CreateTextureSwapChain: result importswapchaingles 1
12-26 22:50:24.160  1985  2764 I Clay    : HyperspaceClientSystem: localavatar not ready
12-26 22:50:24.160  2078  2346 E OVRMediaServiceManager: LivestreamingManager Not initialized
12-26 22:50:24.159  3217  3278 W PhaseSync: [PS_Ver_1_0] DiscardFrame is triggered, frame->Stage 2 FrameBeginIndex 724 
12-26 22:50:24.164  3217  3278 I MRSVC   : MIXEDREALITY: OpenXrSupport: OpenXR qualified success: xrBeginFrame(clientState_.session, &beginFrameDesc): XR_FRAME_DISCARDED
12-26 22:50:24.164  3217  3278 I MRSVC   : MIXEDREALITY: MrServiceView: renderIteration: Hibernating the rendering thread since ID is off and no active PT layers.
