12-26 23:30:37.571   945  1425 I Tracking: LOCALIZATION_POSE_ESTIMATOR: removing duplicate inliers
12-26 23:30:37.572   945  1425 W Tracking: VEGA_LOCALIZER: RANSAC failure: didn't find enough inliers for next step. Needs at least 4, got 2.
12-26 23:30:37.596   916  1375 D BufferPoolAccessor2.0: bufferpool2 0xb400007d19495828 : 0(0 size) total buffers - 0(0 size) used buffers - 47/51 (recycle/alloc) - 4/50 (fetch/transfer)
12-26 23:30:37.596   916  1375 D BufferPoolAccessor2.0: bufferpool2 0xb400007d19495a28 : 0(0 size) total buffers - 0(0 size) used buffers - 76/80 (recycle/alloc) - 6/79 (fetch/transfer)
12-26 23:30:37.596   916  1375 D BufferPoolAccessor2.0: evictor expired: 2, evicted: 2
12-26 23:30:37.728 14681 14681 D UE      : [GameActivity] Battery: status = 4, rawlevel = 100, scale = 100
12-26 23:30:37.729 14681 14681 D UE      : nativeBatteryEvent(stat = 4, lvl = 100  temp = 28.70 C)
12-26 23:30:37.718     0     0 W healthd : battery l=100 v=4298 t=28.7 h=2 st=4 c=-932616 fc=3749000 cc=3 chg=u
12-26 23:30:37.752   945  1423 I Tracking: LocalizationStateMachine: Not scheduling coarse localization since last coarse reloc is < 1s old.
12-26 23:30:37.752   945  1423 I Tracking: VEGA_MAPPER: Scheduling localization on root nodes 3c06380f-0958-3898-3af7-75699c3213b3.
12-26 23:30:37.757   945  1425 I Tracking: VIPER:DEEP_DESCRIPTOR: Computing Deep Descriptors using gravity orientation.
12-26 23:30:37.807   945  1423 I Tracking: VEGA_LOCALIZER: Fallback descriptor ratio in index 0.48995906114578247 is lower than threshold 0.7, skipping fallback matching
12-26 23:30:37.810   945  1423 I Tracking: VEGA_LOCALIZER: Obtained 20 matches from 993 keypoints using udeep descriptors
12-26 23:30:37.810   945  1423 I Tracking: VEGA_LOCALIZER: Obtained 20 total matches from 993 total keypoints
12-26 23:30:37.811   945  1425 I Tracking: LOCALIZATION_POSE_ESTIMATOR: No pose scoring method was provided, not doing pose scoring
12-26 23:30:37.812   945  1425 I Tracking: LOCALIZATION_POSE_ESTIMATOR: Clustered estimation results from: 1 to : 1
12-26 23:30:37.812   945  1425 I Tracking: LOCALIZATION_POSE_ESTIMATOR: Post-RANSAC iterative minimization converged? false, number of successful features: 1, number of inlier observations: 1
12-26 23:30:37.812   945  1425 I Tracking: LOCALIZATION_POSE_ESTIMATOR: Keeping RANSAC pose estimate, iterative-minimization result ignored.
12-26 23:30:37.812   945  1425 I Tracking: LOCALIZATION_POSE_ESTIMATOR: removing duplicate inliers
12-26 23:30:37.812   945  1425 W Tracking: VEGA_LOCALIZER: RANSAC failure: didn't find enough inliers for next step. Needs at least 4, got 3.
12-26 23:30:37.897  1985 14814 I VrApi   : FPS=2/0,Prd=0ms,Tear=0,Early=0,Stale=0,Stale2/5/10/max=0/0/0/0,VSnc=0,Lat=-1,Fov=0,CPU4/GPU=5/3,1478/490MHz,OC=FF,TA=0/F/0,SP=N/N/N,Mem=2092MHz,Free=3218MB,PLS=0,Temp=28.5C/0.0C,TW=1.05ms,App=-47.38ms,GD=0.00ms,CPU&GPU=0.00ms,LCnt=1(DR0,LM0),GPU%=0.12,CPU%=0.11(W0.13),DSF=1.00,CFL=11.97/17.27,ICFLp95=15.27,LD=0,SF=0.00,LP=0,DVFS=0
12-26 23:30:37.899   945 15068 I Tracking: boltlib: DSP utilization: 21.29 % (1064 / 5000 ms)
12-26 23:30:37.916   945 15075 I Tracking: CONSTELLATION:VISION_STATUS: d3d05f47e2487092 (R): BlobDetection:[#BlobsDetected=(20.66, 40.98)]Matching:[MatchSuccess=0.828, MatchCost=(0.00181, 0.00000), #MatchedBlobs=(8.40, 17.78), #MatchedLeds=(4.85, 5.62), RematchM=0.016, SkipRefine=0.000] MatchMethod:[Prox=0.804, ConstBrute=0.032, UnconstBrute=0.000] MatchResets[AnomBlobSize=0.008, SharedMatch=0.000, DenseReacq=0.000] | Fusion:[FusionError=0.000, ImuFromCamMs=(9.655, 3.557), RematchF=0.000] FusionUpdates:[Successful=0.460, Reliable=0.452, TightFusion=0.444, FullPose=0.008, StaticPrior=0.368, StaticForHandTrans=0.492, PoseUpdateMD=(0.3642, 0.0206)] FusionResets[6DoFReset=0.180, ResetSuccess=0.008] FusionStatus[HasPosition=0.828, HasVelocity=0.820] 
12-26 23:30:37.944     0     0 W healthd : battery l=100 v=4294 t=28.7 h=2 st=4 c=-999999 fc=3749000 cc=3 chg=u
12-26 23:30:37.957   945 15053 I Tracking: CONSTELLATION:IMU_STATUS: d3d05f47e2487092 (R): [FusionTracked=0.824, OutputTracked=0.816, OutputValid=0.828] [AccelSat=0.000, GyroSat=0.000] 
12-26 23:30:37.992   945  1423 I Tracking: LocalizationStateMachine: Not scheduling coarse localization since last coarse reloc is < 1s old.
12-26 23:30:37.992   945  1423 I Tracking: VEGA_MAPPER: Scheduling localization on root nodes 3c06380f-0958-3898-3af7-75699c3213b3.
12-26 23:30:37.995   945 15053 I Tracking: CONSTELLATION: left: Detected static IMU, no button event and has tracked position => Applying constant controller pose.
12-26 23:30:38.001 14681 15290 I VrApi   : FPS=53/72,Prd=54ms,Tear=0,Early=5,Stale=21,Stale2/5/10/max=4/0/0/2,VSnc=0,Lat=-1,Fov=0,CPU4/GPU=5/4,1958/525MHz,OC=FF,TA=0/0/0,SP=N/N/N,Mem=2092MHz,Free=2596MB,PLS=0,Temp=28.5C/0.0C,TW=1.81ms,App=15.87ms,GD=0.00ms,CPU&GPU=32.07ms,LCnt=1(DR72,LM0),GPU%=0.98,CPU%=0.48(W0.48),DSF=1.00,CFL=13.84/20.17,ICFLp95=17.64,LD=0,SF=1.00,LP=0,DVFS=0
12-26 23:30:38.008  2875  3106 E TREX    : Interface version 1 was not found. Check debug build for more information.
12-26 23:30:38.048   945  1423 I Tracking: VEGA_LOCALIZER: Fallback descriptor ratio in index 0.48995906114578247 is lower than threshold 0.7, skipping fallback matching
12-26 23:30:38.051   945  1423 I Tracking: VEGA_LOCALIZER: Obtained 21 matches from 995 keypoints using udeep descriptors
12-26 23:30:38.051   945  1423 I Tracking: VEGA_LOCALIZER: Obtained 21 total matches from 995 total keypoints
12-26 23:30:38.051   945  1425 I Tracking: LOCALIZATION_POSE_ESTIMATOR: No pose scoring method was provided, not doing pose scoring
12-26 23:30:38.052   945  1425 I Tracking: LOCALIZATION_POSE_ESTIMATOR: Clustered estimation results from: 1 to : 1
12-26 23:30:38.052   945  1425 I Tracking: LOCALIZATION_POSE_ESTIMATOR: Post-RANSAC iterative minimization converged? false, number of successful features: 0, number of inlier observations: 0
12-26 23:30:38.052   945  1425 I Tracking: LOCALIZATION_POSE_ESTIMATOR: Keeping RANSAC pose estimate, iterative-minimization result ignored.
12-26 23:30:38.052   945  1425 I Tracking: LOCALIZATION_POSE_ESTIMATOR: removing duplicate inliers
12-26 23:30:38.052   945  1425 W Tracking: VEGA_LOCALIZER: RANSAC failure: didn't find enough inliers for next step. Needs at least 4, got 2.
12-26 23:30:38.232   945  1423 W Tracking: VEGA_MAP_BUILDER: Resolved a potential TrackToMapPointAssosiation conflict between tracks 14155800 (index = 216, version = 24) and 1835046 (index = 28, version = 38). Point handle: h[368, 24].
12-26 23:30:38.233   945  1423 I Tracking: LocalizationStateMachine: LocalizationStateMachine updated from FineLocalizationOnly to CoarseAndFineLocalization
12-26 23:30:38.233   945  1423 I Tracking: VEGA_MAPPER: Scheduling coarse localization.
12-26 23:30:38.234   945  1423 I Tracking: VEGA_MAPPER: Scheduling localization on root nodes 3c06380f-0958-3898-3af7-75699c3213b3.
12-26 23:30:38.234   945  1429 E Tracking: FusedSubmapListProvider: fusion logic INTERSECTION_RANKED
12-26 23:30:38.234   945  1429 I Tracking: WifiSubmapListProvider: Using wifi distance model
12-26 23:30:38.246   945  1429 W Tracking: PlaceRecognitionSubmapListProvider: Requested to extract top 20 submaps but we only have 4 in disk.
12-26 23:30:38.288   945  1423 I Tracking: VEGA_LOCALIZER: Fallback descriptor ratio in index 0.48995906114578247 is lower than threshold 0.7, skipping fallback matching
12-26 23:30:38.291   945  1423 I Tracking: VEGA_LOCALIZER: Obtained 23 matches from 992 keypoints using udeep descriptors
12-26 23:30:38.291   945  1423 I Tracking: VEGA_LOCALIZER: Obtained 23 total matches from 992 total keypoints
12-26 23:30:38.292   945  1425 I Tracking: LOCALIZATION_POSE_ESTIMATOR: No pose scoring method was provided, not doing pose scoring
12-26 23:30:38.293   945  1425 I Tracking: LOCALIZATION_POSE_ESTIMATOR: Clustered estimation results from: 1 to : 1
12-26 23:30:38.293   945  1425 I Tracking: LOCALIZATION_POSE_ESTIMATOR: Post-RANSAC iterative minimization converged? false, number of successful features: 0, number of inlier observations: 0
12-26 23:30:38.293   945  1425 I Tracking: LOCALIZATION_POSE_ESTIMATOR: Keeping RANSAC pose estimate, iterative-minimization result ignored.
12-26 23:30:38.293   945  1425 I Tracking: LOCALIZATION_POSE_ESTIMATOR: Removed 1 duplicate inliers from the localization result (before: 3, after: 2).
12-26 23:30:38.293   945  1425 I Tracking: LOCALIZATION_POSE_ESTIMATOR: removing duplicate inliers
12-26 23:30:38.293   945  1425 W Tracking: VEGA_LOCALIZER: RANSAC failure: didn't find enough inliers for next step. Needs at least 4, got 2.
12-26 23:30:38.455   945 15068 W Tracking: TIMESTAMPCHECKER: Nominal rate wrong. Estimated data rate: 25, Nominal is 30
12-26 23:30:38.471   945  1423 I Tracking: LocalizationStateMachine: All 1 submap set to load (and no more) are already in memory
12-26 23:30:38.471   945  1423 I Tracking: LocalizationStateMachine: Ignoring submap sets to be loaded since they are already all in memory.
12-26 23:30:38.471   945  1423 I Tracking: LocalizationStateMachine: Not scheduling coarse localization since last coarse reloc is < 1s old.
12-26 23:30:38.471   945  1423 I Tracking: LocalizationStateMachine: LocalizationStateMachine updated from CoarseAndFineLocalization to FineLocalizationOnly
12-26 23:30:38.471   945  1423 I Tracking: VEGA_MAPPER: Scheduling localization on root nodes 3c06380f-0958-3898-3af7-75699c3213b3.
12-26 23:30:38.502  2802  3044 I [OAO] ShellAppBase: Sleep timeout exceeded. Timeout:75441.959695, Now:75441.961727. Sleeping... 
12-26 23:30:38.502  2802  3044 I [OAO] ShellAppBase: WaitForWake: VrThread entering waiting state
12-26 23:30:38.529   945  1423 I Tracking: VEGA_LOCALIZER: Fallback descriptor ratio in index 0.48995906114578247 is lower than threshold 0.7, skipping fallback matching
12-26 23:30:38.532   945  1423 I Tracking: VEGA_LOCALIZER: Obtained 23 matches from 986 keypoints using udeep descriptors
12-26 23:30:38.532   945  1423 I Tracking: VEGA_LOCALIZER: Obtained 23 total matches from 986 total keypoints
12-26 23:30:38.532   945  1425 I Tracking: LOCALIZATION_POSE_ESTIMATOR: No pose scoring method was provided, not doing pose scoring
12-26 23:30:38.533   945  1425 I Tracking: LOCALIZATION_POSE_ESTIMATOR: Clustered estimation results from: 1 to : 1
12-26 23:30:38.533   945  1425 I Tracking: LOCALIZATION_POSE_ESTIMATOR: Post-RANSAC iterative minimization converged? false, number of successful features: 0, number of inlier observations: 0
12-26 23:30:38.533   945  1425 I Tracking: LOCALIZATION_POSE_ESTIMATOR: Keeping RANSAC pose estimate, iterative-minimization result ignored.
12-26 23:30:38.534   945  1425 I Tracking: LOCALIZATION_POSE_ESTIMATOR: Removed 1 duplicate inliers from the localization result (before: 4, after: 3).
12-26 23:30:38.534   945  1425 I Tracking: LOCALIZATION_POSE_ESTIMATOR: removing duplicate inliers
12-26 23:30:38.534   945  1425 W Tracking: VEGA_LOCALIZER: RANSAC failure: didn't find enough inliers for next step. Needs at least 4, got 3.
12-26 23:30:38.713   945  1423 I Tracking: LocalizationStateMachine: Not scheduling coarse localization since last coarse reloc is < 1s old.
12-26 23:30:38.713   945  1423 I Tracking: VEGA_MAPPER: Scheduling localization on root nodes 3c06380f-0958-3898-3af7-75699c3213b3.
12-26 23:30:38.764   945  1423 I Tracking: VEGA_LOCALIZER: Fallback descriptor ratio in index 0.48995906114578247 is lower than threshold 0.7, skipping fallback matching
12-26 23:30:38.767   945  1423 I Tracking: VEGA_LOCALIZER: Obtained 26 matches from 996 keypoints using udeep descriptors
12-26 23:30:38.767   945  1423 I Tracking: VEGA_LOCALIZER: Obtained 26 total matches from 996 total keypoints
12-26 23:30:38.768   945  1425 I Tracking: LOCALIZATION_POSE_ESTIMATOR: No pose scoring method was provided, not doing pose scoring
12-26 23:30:38.769   945  1425 I Tracking: LOCALIZATION_POSE_ESTIMATOR: Clustered estimation results from: 1 to : 1
12-26 23:30:38.769   945  1425 I Tracking: LOCALIZATION_POSE_ESTIMATOR: Post-RANSAC iterative minimization converged? false, number of successful features: 1, number of inlier observations: 2
12-26 23:30:38.769   945  1425 I Tracking: LOCALIZATION_POSE_ESTIMATOR: Keeping RANSAC pose estimate, iterative-minimization result ignored.
12-26 23:30:38.769   945  1425 I Tracking: LOCALIZATION_POSE_ESTIMATOR: Removed 1 duplicate inliers from the localization result (before: 4, after: 3).
12-26 23:30:38.769   945  1425 I Tracking: LOCALIZATION_POSE_ESTIMATOR: removing duplicate inliers
12-26 23:30:38.769   945  1425 W Tracking: VEGA_LOCALIZER: RANSAC failure: didn't find enough inliers for next step. Needs at least 4, got 3.
12-26 23:30:38.936  1985 14814 I VrApi   : FPS=2/0,Prd=0ms,Tear=0,Early=0,Stale=0,Stale2/5/10/max=0/0/0/0,VSnc=0,Lat=-1,Fov=0,CPU4/GPU=5/3,1478/490MHz,OC=FF,TA=0/F/0,SP=N/N/N,Mem=2092MHz,Free=3218MB,PLS=0,Temp=28.5C/0.0C,TW=1.05ms,App=-47.38ms,GD=0.00ms,CPU&GPU=0.00ms,LCnt=1(DR0,LM0),GPU%=0.12,CPU%=0.11(W0.13),DSF=1.00,CFL=11.97/17.27,ICFLp95=15.27,LD=0,SF=0.00,LP=0,DVFS=0
12-26 23:30:38.949   945  1423 I Tracking: LocalizationStateMachine: Not scheduling coarse localization since last coarse reloc is < 1s old.
12-26 23:30:38.950   945  1423 I Tracking: VEGA_MAPPER: Scheduling localization on root nodes 3c06380f-0958-3898-3af7-75699c3213b3.
12-26 23:30:38.956   945  1425 I Tracking: VIPER:DEEP_DESCRIPTOR: Computing Deep Descriptors using gravity orientation.
12-26 23:30:39.001 14681 15290 I VrApi   : FPS=53/72,Prd=54ms,Tear=0,Early=6,Stale=27,Stale2/5/10/max=5/0/0/3,VSnc=0,Lat=-1,Fov=0,CPU4/GPU=5/4,1478/525MHz,OC=FF,TA=0/0/0,SP=N/N/N,Mem=2092MHz,Free=2596MB,PLS=0,Temp=28.7C/0.0C,TW=1.85ms,App=15.18ms,GD=0.00ms,CPU&GPU=36.28ms,LCnt=1(DR72,LM0),GPU%=0.96,CPU%=0.53(W0.59),DSF=1.00,CFL=13.82/19.62,ICFLp95=17.29,LD=0,SF=1.00,LP=0,DVFS=0
12-26 23:30:39.006   945  1423 I Tracking: VEGA_LOCALIZER: Fallback descriptor ratio in index 0.48995906114578247 is lower than threshold 0.7, skipping fallback matching
12-26 23:30:39.009   945  1423 I Tracking: VEGA_LOCALIZER: Obtained 19 matches from 987 keypoints using udeep descriptors
12-26 23:30:39.010   945  1423 I Tracking: VEGA_LOCALIZER: Obtained 19 total matches from 987 total keypoints
12-26 23:30:39.011   945  1425 I Tracking: LOCALIZATION_POSE_ESTIMATOR: No pose scoring method was provided, not doing pose scoring
12-26 23:30:39.012   945  1425 I Tracking: LOCALIZATION_POSE_ESTIMATOR: Clustered estimation results from: 1 to : 1
12-26 23:30:39.012   945  1425 I Tracking: LOCALIZATION_POSE_ESTIMATOR: Post-RANSAC iterative minimization converged? false, number of successful features: 2, number of inlier observations: 3
12-26 23:30:39.012   945  1425 I Tracking: LOCALIZATION_POSE_ESTIMATOR: Keeping RANSAC pose estimate, iterative-minimization result ignored.
12-26 23:30:39.012   945  1425 I Tracking: LOCALIZATION_POSE_ESTIMATOR: Removed 1 duplicate inliers from the localization result (before: 4, after: 3).
12-26 23:30:39.012   945  1425 I Tracking: LOCALIZATION_POSE_ESTIMATOR: removing duplicate inliers
12-26 23:30:39.012   945  1425 W Tracking: VEGA_LOCALIZER: RANSAC failure: didn't find enough inliers for next step. Needs at least 4, got 3.
12-26 23:30:39.191   945  1423 I Tracking: LocalizationStateMachine: Not scheduling coarse localization since last coarse reloc is < 1s old.
12-26 23:30:39.192   945  1423 I Tracking: VEGA_MAPPER: Scheduling localization on root nodes 3c06380f-0958-3898-3af7-75699c3213b3.
12-26 23:30:39.247   945  1423 I Tracking: VEGA_LOCALIZER: Fallback descriptor ratio in index 0.48995906114578247 is lower than threshold 0.7, skipping fallback matching
12-26 23:30:39.250   945  1423 I Tracking: VEGA_LOCALIZER: Obtained 19 matches from 984 keypoints using udeep descriptors
12-26 23:30:39.250   945  1423 I Tracking: VEGA_LOCALIZER: Obtained 19 total matches from 984 total keypoints
12-26 23:30:39.252   945  1425 I Tracking: LOCALIZATION_POSE_ESTIMATOR: No pose scoring method was provided, not doing pose scoring
12-26 23:30:39.253   945  1425 I Tracking: LOCALIZATION_POSE_ESTIMATOR: Clustered estimation results from: 1 to : 1
12-26 23:30:39.253   945  1425 I Tracking: LOCALIZATION_POSE_ESTIMATOR: Post-RANSAC iterative minimization converged? false, number of successful features: 0, number of inlier observations: 0
12-26 23:30:39.253   945  1425 I Tracking: LOCALIZATION_POSE_ESTIMATOR: Keeping RANSAC pose estimate, iterative-minimization result ignored.
12-26 23:30:39.253   945  1425 I Tracking: LOCALIZATION_POSE_ESTIMATOR: Removed 1 duplicate inliers from the localization result (before: 3, after: 2).
12-26 23:30:39.253   945  1425 I Tracking: LOCALIZATION_POSE_ESTIMATOR: removing duplicate inliers
12-26 23:30:39.253   945  1425 W Tracking: VEGA_LOCALIZER: RANSAC failure: didn't find enough inliers for next step. Needs at least 4, got 2.
12-26 23:30:39.432   945  1423 I Tracking: LocalizationStateMachine: LocalizationStateMachine updated from FineLocalizationOnly to CoarseAndFineLocalization
12-26 23:30:39.433   945  1423 I Tracking: VEGA_MAPPER: Scheduling coarse localization.
12-26 23:30:39.433   945  1423 I Tracking: VEGA_MAPPER: Scheduling localization on root nodes 3c06380f-0958-3898-3af7-75699c3213b3.
12-26 23:30:39.433   945  1429 E Tracking: FusedSubmapListProvider: fusion logic INTERSECTION_RANKED
12-26 23:30:39.433   945  1429 I Tracking: WifiSubmapListProvider: Using wifi distance model
12-26 23:30:39.446   945  1429 W Tracking: PlaceRecognitionSubmapListProvider: Requested to extract top 20 submaps but we only have 4 in disk.
12-26 23:30:39.477   945 15053 D TrackingService: 9d17e7ce194bc1ec: isControllerInHand(75440.94s): 0 ctEnabled: 1 btnPress: 0 btnOrTpdTouch: 0 btnOrTpdProx: 0 static(75440.94s): 0 thbstkOffCenter: 0 
12-26 23:30:39.478   945 15053 D TrackingService: [HANDTRACKING] Controller 9d17e7ce194bc1ec in hand: N, valid: Y
12-26 23:30:39.487   945  1423 I Tracking: VEGA_LOCALIZER: Fallback descriptor ratio in index 0.48995906114578247 is lower than threshold 0.7, skipping fallback matching
12-26 23:30:39.490   945  1423 I Tracking: VEGA_LOCALIZER: Obtained 27 matches from 993 keypoints using udeep descriptors
12-26 23:30:39.490   945  1423 I Tracking: VEGA_LOCALIZER: Obtained 27 total matches from 993 total keypoints
12-26 23:30:39.491   945  1425 I Tracking: LOCALIZATION_POSE_ESTIMATOR: No pose scoring method was provided, not doing pose scoring
12-26 23:30:39.492   945  1425 I Tracking: LOCALIZATION_POSE_ESTIMATOR: Clustered estimation results from: 1 to : 1
12-26 23:30:39.492   945  1425 I Tracking: LOCALIZATION_POSE_ESTIMATOR: Post-RANSAC iterative minimization converged? false, number of successful features: 2, number of inlier observations: 4
12-26 23:30:39.492   945  1425 I Tracking: LOCALIZATION_POSE_ESTIMATOR: Keeping RANSAC pose estimate, iterative-minimization result ignored.
12-26 23:30:39.492   945  1425 I Tracking: LOCALIZATION_POSE_ESTIMATOR: Removed 2 duplicate inliers from the localization result (before: 6, after: 4).
12-26 23:30:39.492   945  1425 I Tracking: LOCALIZATION_POSE_ESTIMATOR: removing duplicate inliers
12-26 23:30:39.492   945  1425 W Tracking: VEGA_LOCALIZER: RANSAC failure: pose couldn't be refined.
12-26 23:30:39.682   945  1423 I Tracking: LocalizationStateMachine: All 1 submap set to load (and no more) are already in memory
12-26 23:30:39.682   945  1423 I Tracking: LocalizationStateMachine: Ignoring submap sets to be loaded since they are already all in memory.
12-26 23:30:39.682   945  1423 I Tracking: LocalizationStateMachine: Not scheduling coarse localization since last coarse reloc is < 1s old.
12-26 23:30:39.682   945  1423 I Tracking: LocalizationStateMachine: LocalizationStateMachine updated from CoarseAndFineLocalization to FineLocalizationOnly
12-26 23:30:39.682   945  1423 I Tracking: VEGA_MAPPER: Scheduling localization on root nodes 3c06380f-0958-3898-3af7-75699c3213b3.
12-26 23:30:39.744   945  1423 I Tracking: VEGA_LOCALIZER: Fallback descriptor ratio in index 0.48995906114578247 is lower than threshold 0.7, skipping fallback matching
12-26 23:30:39.754   945  1423 I Tracking: VEGA_LOCALIZER: Obtained 26 matches from 989 keypoints using udeep descriptors
12-26 23:30:39.754   945  1423 I Tracking: VEGA_LOCALIZER: Obtained 26 total matches from 989 total keypoints
12-26 23:30:39.754   945  1425 I Tracking: LOCALIZATION_POSE_ESTIMATOR: No pose scoring method was provided, not doing pose scoring
12-26 23:30:39.755   945  1425 I Tracking: LOCALIZATION_POSE_ESTIMATOR: Clustered estimation results from: 1 to : 1
12-26 23:30:39.755   945  1425 I Tracking: LOCALIZATION_POSE_ESTIMATOR: Post-RANSAC iterative minimization converged? false, number of successful features: 0, number of inlier observations: 0
12-26 23:30:39.755   945  1425 I Tracking: LOCALIZATION_POSE_ESTIMATOR: Keeping RANSAC pose estimate, iterative-minimization result ignored.
12-26 23:30:39.755   945  1425 I Tracking: LOCALIZATION_POSE_ESTIMATOR: Removed 2 duplicate inliers from the localization result (before: 5, after: 3).
12-26 23:30:39.755   945  1425 I Tracking: LOCALIZATION_POSE_ESTIMATOR: removing duplicate inliers
12-26 23:30:39.755   945  1425 W Tracking: VEGA_LOCALIZER: RANSAC failure: didn't find enough inliers for next step. Needs at least 4, got 3.
12-26 23:30:39.910   945  1423 I Tracking: LocalizationStateMachine: Not scheduling coarse localization since last coarse reloc is < 1s old.
12-26 23:30:39.911   945  1423 I Tracking: VEGA_MAPPER: Scheduling localization on root nodes 3c06380f-0958-3898-3af7-75699c3213b3.
12-26 23:30:39.925  1152  1882 D ConnectivityService: requestNetwork for uid/pid:10024/3596 activeRequest: null callbackRequest: 1398 [NetworkRequest [ REQUEST id=1399, [ Capabilities: INTERNET&NOT_RESTRICTED&TRUSTED&NOT_VCN_MANAGED Uid: 10024 RequestorUid: 10024 RequestorPkg: com.oculus.systemutilities] ]] callback flags: 0 priority: 2147483647
12-26 23:30:39.926  1152  1276 D ConnectivityService: NetReassign [1399 : null  100]
12-26 23:30:39.926  1152  1269 D WifiNetworkFactory: got request NetworkRequest [ REQUEST id=1399, [ Capabilities: INTERNET&NOT_RESTRICTED&TRUSTED&NOT_VCN_MANAGED Uid: 10024 RequestorUid: 10024 RequestorPkg: com.oculus.systemutilities] ]
12-26 23:30:39.926  1152  1269 D UntrustedWifiNetworkFactory: got request NetworkRequest [ REQUEST id=1399, [ Capabilities: INTERNET&NOT_RESTRICTED&TRUSTED&NOT_VCN_MANAGED Uid: 10024 RequestorUid: 10024 RequestorPkg: com.oculus.systemutilities] ]
12-26 23:30:39.926  1152  1269 D OemPaidWifiNetworkFactory: got request NetworkRequest [ REQUEST id=1399, [ Capabilities: INTERNET&NOT_RESTRICTED&TRUSTED&NOT_VCN_MANAGED Uid: 10024 RequestorUid: 10024 RequestorPkg: com.oculus.systemutilities] ]
12-26 23:30:39.933  3141  3190 E [CT]    : SpatialAnchorPipeline: [Throttled count=49] checkStateEq: getActiveGuardian Called in an invalid state. IDLE
12-26 23:30:39.940  1989  5653 W MediaProvider: Recovered abusive '0,2147483647' from 'content://media/external/file?limit=0%2C2147483647'
12-26 23:30:39.940  1989  5653 W SQLiteQueryBuilder: Allowing abusive custom column: OR
12-26 23:30:39.941  1989  5653 W SQLiteQueryBuilder: Allowing abusive custom column: DESC
12-26 23:30:39.962  1989  5653 W MediaProvider: Recovered abusive '2147483647,2147483647' from 'content://media/external/file?limit=2147483647%2C2147483647'
12-26 23:30:39.963  1989  5653 W SQLiteQueryBuilder: Allowing abusive custom column: OR
12-26 23:30:39.963  1989  5653 W SQLiteQueryBuilder: Allowing abusive custom column: DESC
12-26 23:30:39.970  1985 14814 I VrApi   : FPS=2/0,Prd=0ms,Tear=0,Early=0,Stale=0,Stale2/5/10/max=0/0/0/0,VSnc=0,Lat=-1,Fov=0,CPU4/GPU=5/3,1478/490MHz,OC=FF,TA=0/F/0,SP=N/N/N,Mem=2092MHz,Free=3218MB,PLS=0,Temp=28.5C/0.0C,TW=1.05ms,App=-47.38ms,GD=0.00ms,CPU&GPU=0.00ms,LCnt=1(DR0,LM0),GPU%=0.12,CPU%=0.11(W0.13),DSF=1.00,CFL=11.97/17.27,ICFLp95=15.27,LD=0,SF=0.00,LP=0,DVFS=0
12-26 23:30:39.983   945  1423 I Tracking: VEGA_LOCALIZER: Fallback descriptor ratio in index 0.48995906114578247 is lower than threshold 0.7, skipping fallback matching
12-26 23:30:39.987   945  1423 I Tracking: VEGA_LOCALIZER: Obtained 23 matches from 984 keypoints using udeep descriptors
12-26 23:30:39.987   945  1423 I Tracking: VEGA_LOCALIZER: Obtained 23 total matches from 984 total keypoints
12-26 23:30:39.995   945  1425 I Tracking: LOCALIZATION_POSE_ESTIMATOR: No pose scoring method was provided, not doing pose scoring
12-26 23:30:40.001 14681 15290 I VrApi   : FPS=54/72,Prd=53ms,Tear=0,Early=8,Stale=31,Stale2/5/10/max=8/0/0/3,VSnc=0,Lat=-1,Fov=0,CPU4/GPU=5/4,1478/525MHz,OC=FF,TA=0/0/0,SP=N/N/N,Mem=2092MHz,Free=2596MB,PLS=0,Temp=28.7C/0.0C,TW=1.83ms,App=15.50ms,GD=0.00ms,CPU&GPU=31.47ms,LCnt=1(DR72,LM0),GPU%=0.99,CPU%=0.45(W0.50),DSF=1.00,CFL=13.80/19.50,ICFLp95=17.17,LD=0,SF=1.00,LP=0,DVFS=0
12-26 23:30:40.001   945  1425 I Tracking: LOCALIZATION_POSE_ESTIMATOR: Clustered estimation results from: 1 to : 1
12-26 23:30:40.002   945  1425 I Tracking: LOCALIZATION_POSE_ESTIMATOR: Post-RANSAC iterative minimization converged? false, number of successful features: 0, number of inlier observations: 0
12-26 23:30:40.002   945  1425 I Tracking: LOCALIZATION_POSE_ESTIMATOR: Keeping RANSAC pose estimate, iterative-minimization result ignored.
12-26 23:30:40.002   945  1425 I Tracking: LOCALIZATION_POSE_ESTIMATOR: Removed 2 duplicate inliers from the localization result (before: 5, after: 3).
12-26 23:30:40.002   945  1425 I Tracking: LOCALIZATION_POSE_ESTIMATOR: removing duplicate inliers
12-26 23:30:40.002   945  1425 W Tracking: VEGA_LOCALIZER: RANSAC failure: didn't find enough inliers for next step. Needs at least 4, got 3.
12-26 23:30:40.017  3265  3265 D MetaCam (DeviceBootJobService): MetaCamDeviceBootJobService started
12-26 23:30:40.018  3265  3265 E AnalyticsEvent: could not set key=initialization_session_id value=null
12-26 23:30:40.018  3265  3265 E AnalyticsEvent: could not set key=message value=null
12-26 23:30:40.018  3265  3265 E AnalyticsEvent: could not set key=dynamic_message value=null
12-26 23:30:40.018  3265  3265 E AnalyticsEvent: could not set key=event_session_id value=null
12-26 23:30:40.018  3265  3265 E AnalyticsEvent: could not set key=remote_surface_type value=null
12-26 23:30:40.018  3265  3265 E AnalyticsEvent: could not set key=initiation_source value=null
12-26 23:30:40.018  3265  3265 E AnalyticsEvent: could not set key=signaling_transport_type value=null
12-26 23:30:40.018  3265  3265 E AnalyticsEvent: could not set key=metric_name value=null
12-26 23:30:40.018  3265  3265 E AnalyticsEvent: could not set key=error_domain value=null
12-26 23:30:40.019  3265  5477 E AnalyticsEvent: could not set key=initialization_session_id value=null
12-26 23:30:40.019  3265  5477 E AnalyticsEvent: could not set key=message value=null
12-26 23:30:40.019  3265  5477 E AnalyticsEvent: could not set key=dynamic_message value=null
12-26 23:30:40.019  3265  5477 E AnalyticsEvent: could not set key=event_session_id value=null
12-26 23:30:40.019  3265  5477 E AnalyticsEvent: could not set key=remote_surface_type value=null
12-26 23:30:40.019  3265  5477 E AnalyticsEvent: could not set key=initiation_source value=null
12-26 23:30:40.019  3265  5477 E AnalyticsEvent: could not set key=signaling_transport_type value=null
12-26 23:30:40.019  3265  5477 E AnalyticsEvent: could not set key=metric_name value=null
12-26 23:30:40.019  3265  5477 E AnalyticsEvent: could not set key=error_domain value=null
12-26 23:30:40.072   945 15068 I Tracking: VIPER: Mode=SuperVega,Status=6DoF,TRACKING,Inl=26,Mem=95.3,Jit=0.4mm,Issues(Cam/min=0.0,IMU/min=0.0),Exp=(14.0ms,g=15.0,I=17,Ir=81.3)(7.0ms,g=8.0,I=72,Ir=1287.5)(7.0ms,g=8.0,I=79,Ir=1408.5)(6.6ms,g=7.0,I=73,Ir=1592.3)
12-26 23:30:40.151   945  1423 I Tracking: LocalizationStateMachine: Not scheduling coarse localization since last coarse reloc is < 1s old.
12-26 23:30:40.152   945  1423 I Tracking: VEGA_MAPPER: Scheduling localization on root nodes 3c06380f-0958-3898-3af7-75699c3213b3.
12-26 23:30:40.157   945  1425 I Tracking: VIPER:DEEP_DESCRIPTOR: Computing Deep Descriptors using gravity orientation.
12-26 23:30:40.224  2875 15089 I CompositorVR: WarpToScreen: Skipping frames for 2
12-26 23:30:40.228   945  1423 I Tracking: VEGA_LOCALIZER: Fallback descriptor ratio in index 0.48995906114578247 is lower than threshold 0.7, skipping fallback matching
12-26 23:30:40.232   945  1423 I Tracking: VEGA_LOCALIZER: Obtained 22 matches from 979 keypoints using udeep descriptors
12-26 23:30:40.232   945  1423 I Tracking: VEGA_LOCALIZER: Obtained 22 total matches from 979 total keypoints
12-26 23:30:40.233   945  1425 I Tracking: LOCALIZATION_POSE_ESTIMATOR: No pose scoring method was provided, not doing pose scoring
12-26 23:30:40.234   945  1425 I Tracking: LOCALIZATION_POSE_ESTIMATOR: Clustered estimation results from: 1 to : 1
12-26 23:30:40.234   945  1425 I Tracking: LOCALIZATION_POSE_ESTIMATOR: Post-RANSAC iterative minimization converged? false, number of successful features: 1, number of inlier observations: 1
12-26 23:30:40.234   945  1425 I Tracking: LOCALIZATION_POSE_ESTIMATOR: Keeping RANSAC pose estimate, iterative-minimization result ignored.
12-26 23:30:40.234   945  1425 I Tracking: LOCALIZATION_POSE_ESTIMATOR: removing duplicate inliers
12-26 23:30:40.235   945  1425 W Tracking: VEGA_LOCALIZER: RANSAC failure: pose couldn't be refined.
12-26 23:30:40.394   945  1423 I Tracking: LocalizationStateMachine: Not scheduling coarse localization since last coarse reloc is < 1s old.
12-26 23:30:40.395   945  1423 I Tracking: VEGA_MAPPER: Scheduling localization on root nodes 3c06380f-0958-3898-3af7-75699c3213b3.
12-26 23:30:40.398  2078  2999 W DeviceConfigVersionMapBuilder: Missing package(s) when building version map.
12-26 23:30:40.450  2078  2999 W MobileConfigAccessor: Failed to update sessionless configs within timeout 10000 ms
12-26 23:30:40.450  2078  2999 W DeviceConfigTelemetryLogger: Mobile Config fetch sessionless config has failed on 0 retry in 6 ms
12-26 23:30:40.461  2078  2999 W MobileConfigAccessor: Failed to update sessionbased configs within timeout 10000 ms
12-26 23:30:40.462  2078  2999 W DeviceConfigTelemetryLogger: Mobile Config fetch sessionbased config has failed on 0 retry in 11 ms
12-26 23:30:40.462  2078  2999 W MobileConfigAppAwareAccessorDecorator: Failed to update sessionless configs. Will retry for 3 more times with 20000 ms timeout
12-26 23:30:40.462  2078  2999 W MobileConfigAppAwareAccessorDecorator: Failed to update sessionbased configs. Will retry for 3 more times with 20000 ms timeout
12-26 23:30:40.478   945  1423 I Tracking: VEGA_LOCALIZER: Fallback descriptor ratio in index 0.48995906114578247 is lower than threshold 0.7, skipping fallback matching
12-26 23:30:40.481   945  1423 I Tracking: VEGA_LOCALIZER: Obtained 24 matches from 979 keypoints using udeep descriptors
12-26 23:30:40.481   945  1423 I Tracking: VEGA_LOCALIZER: Obtained 24 total matches from 979 total keypoints
12-26 23:30:40.482   945  1425 I Tracking: LOCALIZATION_POSE_ESTIMATOR: No pose scoring method was provided, not doing pose scoring
12-26 23:30:40.483   945  1425 I Tracking: LOCALIZATION_POSE_ESTIMATOR: Clustered estimation results from: 1 to : 1
12-26 23:30:40.483   945  1425 I Tracking: LOCALIZATION_POSE_ESTIMATOR: Post-RANSAC iterative minimization converged? false, number of successful features: 0, number of inlier observations: 0
12-26 23:30:40.483   945  1425 I Tracking: LOCALIZATION_POSE_ESTIMATOR: Keeping RANSAC pose estimate, iterative-minimization result ignored.
12-26 23:30:40.483   945  1425 I Tracking: LOCALIZATION_POSE_ESTIMATOR: removing duplicate inliers
12-26 23:30:40.483   945  1425 W Tracking: VEGA_LOCALIZER: RANSAC failure: didn't find enough inliers for next step. Needs at least 4, got 3.
12-26 23:30:40.495   945 15068 W Tracking: TIMESTAMPCHECKER: Nominal rate wrong. Estimated data rate: 25, Nominal is 30
12-26 23:30:40.500  2078  2088 I .oculus.horizo: Background concurrent copying GC freed 64039(4579KB) AllocSpace objects, 78(1876KB) LOS objects, 49% free, 7171KB/14MB, paused 5.701ms,523us total 136.115ms
12-26 23:30:40.630   945  1423 I Tracking: LocalizationStateMachine: LocalizationStateMachine updated from FineLocalizationOnly to CoarseAndFineLocalization
12-26 23:30:40.630   945  1423 I Tracking: VEGA_MAPPER: Scheduling coarse localization.
12-26 23:30:40.631   945  1423 I Tracking: VEGA_MAPPER: Scheduling localization on root nodes 3c06380f-0958-3898-3af7-75699c3213b3.
12-26 23:30:40.637   945  1429 E Tracking: FusedSubmapListProvider: fusion logic INTERSECTION_RANKED
12-26 23:30:40.637   945  1429 I Tracking: WifiSubmapListProvider: Using wifi distance model
12-26 23:30:40.650   945  1429 W Tracking: PlaceRecognitionSubmapListProvider: Requested to extract top 20 submaps but we only have 4 in disk.
12-26 23:30:40.685   945  1423 I Tracking: VEGA_LOCALIZER: Fallback descriptor ratio in index 0.48995906114578247 is lower than threshold 0.7, skipping fallback matching
12-26 23:30:40.688   945  1423 I Tracking: VEGA_LOCALIZER: Obtained 19 matches from 964 keypoints using udeep descriptors
12-26 23:30:40.688   945  1423 I Tracking: VEGA_LOCALIZER: Obtained 19 total matches from 964 total keypoints
12-26 23:30:40.689   945  1425 I Tracking: LOCALIZATION_POSE_ESTIMATOR: No pose scoring method was provided, not doing pose scoring
12-26 23:30:40.690   945  1425 I Tracking: LOCALIZATION_POSE_ESTIMATOR: Clustered estimation results from: 1 to : 1
12-26 23:30:40.690   945  1425 I Tracking: LOCALIZATION_POSE_ESTIMATOR: Post-RANSAC iterative minimization converged? false, number of successful features: 1, number of inlier observations: 2
12-26 23:30:40.690   945  1425 I Tracking: LOCALIZATION_POSE_ESTIMATOR: Keeping RANSAC pose estimate, iterative-minimization result ignored.
12-26 23:30:40.690   945  1425 I Tracking: LOCALIZATION_POSE_ESTIMATOR: Removed 1 duplicate inliers from the localization result (before: 4, after: 3).
12-26 23:30:40.690   945  1425 I Tracking: LOCALIZATION_POSE_ESTIMATOR: removing duplicate inliers
12-26 23:30:40.690   945  1425 W Tracking: VEGA_LOCALIZER: RANSAC failure: didn't find enough inliers for next step. Needs at least 4, got 3.
12-26 23:30:40.871   945  1423 I Tracking: LocalizationStateMachine: All 1 submap set to load (and no more) are already in memory
12-26 23:30:40.871   945  1423 I Tracking: LocalizationStateMachine: Ignoring submap sets to be loaded since they are already all in memory.
12-26 23:30:40.871   945  1423 I Tracking: LocalizationStateMachine: Not scheduling coarse localization since last coarse reloc is < 1s old.
12-26 23:30:40.871   945  1423 I Tracking: LocalizationStateMachine: LocalizationStateMachine updated from CoarseAndFineLocalization to FineLocalizationOnly
12-26 23:30:40.872   945  1423 I Tracking: VEGA_MAPPER: Scheduling localization on root nodes 3c06380f-0958-3898-3af7-75699c3213b3.
12-26 23:30:40.930   945  1423 I Tracking: VEGA_LOCALIZER: Fallback descriptor ratio in index 0.48995906114578247 is lower than threshold 0.7, skipping fallback matching
12-26 23:30:40.934   945  1423 I Tracking: VEGA_LOCALIZER: Obtained 23 matches from 982 keypoints using udeep descriptors
12-26 23:30:40.934   945  1423 I Tracking: VEGA_LOCALIZER: Obtained 23 total matches from 982 total keypoints
12-26 23:30:40.935   945  1425 I Tracking: LOCALIZATION_POSE_ESTIMATOR: No pose scoring method was provided, not doing pose scoring
12-26 23:30:40.936   945  1425 I Tracking: LOCALIZATION_POSE_ESTIMATOR: Clustered estimation results from: 1 to : 1
12-26 23:30:40.937   945  1425 I Tracking: LOCALIZATION_POSE_ESTIMATOR: Post-RANSAC iterative minimization converged? false, number of successful features: 2, number of inlier observations: 2
12-26 23:30:40.937   945  1425 I Tracking: LOCALIZATION_POSE_ESTIMATOR: Keeping RANSAC pose estimate, iterative-minimization result ignored.
12-26 23:30:40.937   945  1425 I Tracking: LOCALIZATION_POSE_ESTIMATOR: Removed 1 duplicate inliers from the localization result (before: 4, after: 3).
12-26 23:30:40.937   945  1425 I Tracking: LOCALIZATION_POSE_ESTIMATOR: removing duplicate inliers
12-26 23:30:40.937   945  1425 W Tracking: VEGA_LOCALIZER: RANSAC failure: didn't find enough inliers for next step. Needs at least 4, got 3.
12-26 23:30:40.945 14681 15216 I AppLoadTimeTelemetryCommon: App load time recorded [packageName=com.epicgames.AtomVR, time=80.267405, method="BeginFrame (500)", launchType="Launch"]
12-26 23:30:41.001 14681 15290 I VrApi   : FPS=55/72,Prd=53ms,Tear=0,Early=2,Stale=19,Stale2/5/10/max=1/0/0/3,VSnc=0,Lat=-1,Fov=0,CPU4/GPU=5/4,1574/525MHz,OC=FF,TA=0/0/0,SP=N/N/N,Mem=2092MHz,Free=2596MB,PLS=0,Temp=28.7C/0.0C,TW=1.86ms,App=14.11ms,GD=0.00ms,CPU&GPU=33.06ms,LCnt=1(DR72,LM0),GPU%=0.99,CPU%=0.55(W0.61),DSF=1.00,CFL=13.75/19.25,ICFLp95=17.18,LD=0,SF=1.00,LP=0,DVFS=0
12-26 23:30:41.011  1985 14814 I VrApi   : FPS=2/0,Prd=0ms,Tear=0,Early=0,Stale=0,Stale2/5/10/max=0/0/0/0,VSnc=0,Lat=-1,Fov=0,CPU4/GPU=5/3,1478/490MHz,OC=FF,TA=0/F/0,SP=N/N/N,Mem=2092MHz,Free=3218MB,PLS=0,Temp=28.5C/0.0C,TW=1.05ms,App=-47.38ms,GD=0.00ms,CPU&GPU=0.00ms,LCnt=1(DR0,LM0),GPU%=0.12,CPU%=0.11(W0.13),DSF=1.00,CFL=11.97/17.27,ICFLp95=15.27,LD=0,SF=0.00,LP=0,DVFS=0
12-26 23:30:41.056  2078 14837 I DefaultMqttClientCore: connection/cleanup_failure
12-26 23:30:41.056  2078 14837 I MqttClient: notifyStateChange, state = DISCONNECTED
12-26 23:30:41.058  2078 14837 I FbnsConnectionManager: connection/failed
12-26 23:30:41.058  2078 14837 I MqttClient: notifyStateChange, state = DISCONNECTED
12-26 23:30:41.058  2078 14837 I DefaultMqttClientCore: thread/exiting
12-26 23:30:41.058  2078  2607 I FbnsConnectionManager: connection/lost; reason=CONNECT_FAILED, extra=FAILED_SOCKET_CONNECT_TIMEOUT
12-26 23:30:41.059  2078  2607 I ConnectionRetryManager: Strategy=BackoffRetryStrategy: attempt:7/Infinite, delay:399 seconds
12-26 23:30:41.062  2078  2607 I MqttPushService: connection/lost; lastState=CONNECTING.
12-26 23:30:41.062  2078  2607 I MqttPushService: [state_machine] CONNECTING -> DISCONNECTED
12-26 23:30:41.111   945  1423 I Tracking: LocalizationStateMachine: Not scheduling coarse localization since last coarse reloc is < 1s old.
12-26 23:30:41.111   945  1423 I Tracking: VEGA_MAPPER: Scheduling localization on root nodes 3c06380f-0958-3898-3af7-75699c3213b3.
12-26 23:30:41.167   945  1423 I Tracking: VEGA_LOCALIZER: Fallback descriptor ratio in index 0.48995906114578247 is lower than threshold 0.7, skipping fallback matching
12-26 23:30:41.170   945  1423 I Tracking: VEGA_LOCALIZER: Obtained 22 matches from 982 keypoints using udeep descriptors
12-26 23:30:41.170   945  1423 I Tracking: VEGA_LOCALIZER: Obtained 22 total matches from 982 total keypoints
12-26 23:30:41.171   945  1425 I Tracking: LOCALIZATION_POSE_ESTIMATOR: No pose scoring method was provided, not doing pose scoring
12-26 23:30:41.172   945  1425 I Tracking: LOCALIZATION_POSE_ESTIMATOR: Clustered estimation results from: 1 to : 1
12-26 23:30:41.172   945  1425 I Tracking: LOCALIZATION_POSE_ESTIMATOR: Post-RANSAC iterative minimization converged? false, number of successful features: 0, number of inlier observations: 0
12-26 23:30:41.172   945  1425 I Tracking: LOCALIZATION_POSE_ESTIMATOR: Keeping RANSAC pose estimate, iterative-minimization result ignored.
12-26 23:30:41.172   945  1425 I Tracking: LOCALIZATION_POSE_ESTIMATOR: Removed 1 duplicate inliers from the localization result (before: 4, after: 3).
12-26 23:30:41.172   945  1425 I Tracking: LOCALIZATION_POSE_ESTIMATOR: removing duplicate inliers
12-26 23:30:41.172   945  1425 W Tracking: VEGA_LOCALIZER: RANSAC failure: didn't find enough inliers for next step. Needs at least 4, got 3.
12-26 23:30:41.188     0     0 W healthd : battery l=100 v=4312 t=28.7 h=2 st=4 c=-729491 fc=3749000 cc=3 chg=u
12-26 23:30:41.353   945  1423 I Tracking: LocalizationStateMachine: Not scheduling coarse localization since last coarse reloc is < 1s old.
12-26 23:30:41.353   945  1423 I Tracking: VEGA_MAPPER: Scheduling localization on root nodes 3c06380f-0958-3898-3af7-75699c3213b3.
12-26 23:30:41.358   945  1425 I Tracking: VIPER:DEEP_DESCRIPTOR: Computing Deep Descriptors using gravity orientation.
12-26 23:30:41.388  1152  1884 D ConnectivityService: requestNetwork for uid/pid:10024/3596 activeRequest: null callbackRequest: 1400 [NetworkRequest [ REQUEST id=1401, [ Capabilities: INTERNET&NOT_RESTRICTED&TRUSTED&NOT_VCN_MANAGED Uid: 10024 RequestorUid: 10024 RequestorPkg: com.oculus.systemutilities] ]] callback flags: 0 priority: 2147483647
12-26 23:30:41.389  1152  1276 D ConnectivityService: NetReassign [1401 : null  100]
12-26 23:30:41.389  1152  1269 D WifiNetworkFactory: got request NetworkRequest [ REQUEST id=1401, [ Capabilities: INTERNET&NOT_RESTRICTED&TRUSTED&NOT_VCN_MANAGED Uid: 10024 RequestorUid: 10024 RequestorPkg: com.oculus.systemutilities] ]
12-26 23:30:41.390  1152  1269 D UntrustedWifiNetworkFactory: got request NetworkRequest [ REQUEST id=1401, [ Capabilities: INTERNET&NOT_RESTRICTED&TRUSTED&NOT_VCN_MANAGED Uid: 10024 RequestorUid: 10024 RequestorPkg: com.oculus.systemutilities] ]
12-26 23:30:41.390  1152  1269 D OemPaidWifiNetworkFactory: got request NetworkRequest [ REQUEST id=1401, [ Capabilities: INTERNET&NOT_RESTRICTED&TRUSTED&NOT_VCN_MANAGED Uid: 10024 RequestorUid: 10024 RequestorPkg: com.oculus.systemutilities] ]
12-26 23:30:41.406  1989  5653 W MediaProvider: Recovered abusive '0,2147483647' from 'content://media/external/file?limit=0%2C2147483647'
12-26 23:30:41.406  1989  5653 W SQLiteQueryBuilder: Allowing abusive custom column: OR
12-26 23:30:41.406  1989  5653 W SQLiteQueryBuilder: Allowing abusive custom column: DESC
12-26 23:30:41.409   945  1423 I Tracking: VEGA_LOCALIZER: Fallback descriptor ratio in index 0.48995906114578247 is lower than threshold 0.7, skipping fallback matching
12-26 23:30:41.414   945  1423 I Tracking: VEGA_LOCALIZER: Obtained 26 matches from 989 keypoints using udeep descriptors
12-26 23:30:41.414   945  1423 I Tracking: VEGA_LOCALIZER: Obtained 26 total matches from 989 total keypoints
12-26 23:30:41.415   945  1425 I Tracking: LOCALIZATION_POSE_ESTIMATOR: No pose scoring method was provided, not doing pose scoring
12-26 23:30:41.416   945  1425 I Tracking: LOCALIZATION_POSE_ESTIMATOR: Clustered estimation results from: 1 to : 1
12-26 23:30:41.416   945  1425 I Tracking: LOCALIZATION_POSE_ESTIMATOR: Post-RANSAC iterative minimization converged? false, number of successful features: 0, number of inlier observations: 0
12-26 23:30:41.416   945  1425 I Tracking: LOCALIZATION_POSE_ESTIMATOR: Keeping RANSAC pose estimate, iterative-minimization result ignored.
12-26 23:30:41.417   945  1425 I Tracking: LOCALIZATION_POSE_ESTIMATOR: Removed 1 duplicate inliers from the localization result (before: 4, after: 3).
12-26 23:30:41.417   945  1425 I Tracking: LOCALIZATION_POSE_ESTIMATOR: removing duplicate inliers
12-26 23:30:41.417   945  1425 W Tracking: VEGA_LOCALIZER: RANSAC failure: didn't find enough inliers for next step. Needs at least 4, got 3.
12-26 23:30:41.424  1989  5653 W MediaProvider: Recovered abusive '2147483647,2147483647' from 'content://media/external/file?limit=2147483647%2C2147483647'
12-26 23:30:41.425  1989  5653 W SQLiteQueryBuilder: Allowing abusive custom column: OR
12-26 23:30:41.425  1989  5653 W SQLiteQueryBuilder: Allowing abusive custom column: DESC
12-26 23:30:41.456  3596  3607 W System  : A resource failed to call close. 
12-26 23:30:41.458  3596  3607 W System  : A resource failed to call close. 
12-26 23:30:41.460  3596  3607 W System  : A resource failed to call close. 
12-26 23:30:41.518   945 15075 I Tracking: CONSTELLATION:VISION_STATUS: 9d17e7ce194bc1ec (L): BlobDetection:[#BlobsDetected=(25.14, 12.39)]Matching:[MatchSuccess=0.304, MatchCost=(0.00221, 0.00000), #MatchedBlobs=(2.74, 17.73), #MatchedLeds=(1.69, 6.79), RematchM=0.004, SkipRefine=0.000] MatchMethod:[Prox=0.292, ConstBrute=0.012, UnconstBrute=0.000] MatchResets[AnomBlobSize=0.000, SharedMatch=0.000, DenseReacq=0.000] | Fusion:[FusionError=0.000, ImuFromCamMs=(11.320, 3.614), RematchF=0.008] FusionUpdates:[Successful=0.036, Reliable=0.032, TightFusion=0.028, FullPose=0.004, StaticPrior=0.808, StaticForHandTrans=0.896, PoseUpdateMD=(0.0324, 0.0000)] FusionResets[6DoFReset=0.068, ResetSuccess=0.004] FusionStatus[HasPosition=0.936, HasVelocity=0.932] 
12-26 23:30:41.553   945 15053 I Tracking: CONSTELLATION:IMU_STATUS: 9d17e7ce194bc1ec (L): [FusionTracked=0.931, OutputTracked=0.931, OutputValid=0.935] [AccelSat=0.000, GyroSat=0.000] 
12-26 23:30:41.590   945  1423 I Tracking: LocalizationStateMachine: Not scheduling coarse localization since last coarse reloc is < 1s old.
12-26 23:30:41.591   945  1423 I Tracking: VEGA_MAPPER: Scheduling localization on root nodes 3c06380f-0958-3898-3af7-75699c3213b3.
12-26 23:30:41.601  1152  1884 D ConnectivityService: requestNetwork for uid/pid:10024/3596 activeRequest: null callbackRequest: 1402 [NetworkRequest [ REQUEST id=1403, [ Capabilities: INTERNET&NOT_RESTRICTED&TRUSTED&NOT_VCN_MANAGED Uid: 10024 RequestorUid: 10024 RequestorPkg: com.oculus.systemutilities] ]] callback flags: 0 priority: 2147483647
12-26 23:30:41.601  1152  1276 D ConnectivityService: NetReassign [1403 : null  100]
12-26 23:30:41.602  1152  1269 D WifiNetworkFactory: got request NetworkRequest [ REQUEST id=1403, [ Capabilities: INTERNET&NOT_RESTRICTED&TRUSTED&NOT_VCN_MANAGED Uid: 10024 RequestorUid: 10024 RequestorPkg: com.oculus.systemutilities] ]
12-26 23:30:41.602  1152  1269 D UntrustedWifiNetworkFactory: got request NetworkRequest [ REQUEST id=1403, [ Capabilities: INTERNET&NOT_RESTRICTED&TRUSTED&NOT_VCN_MANAGED Uid: 10024 RequestorUid: 10024 RequestorPkg: com.oculus.systemutilities] ]
12-26 23:30:41.602  1152  1269 D OemPaidWifiNetworkFactory: got request NetworkRequest [ REQUEST id=1403, [ Capabilities: INTERNET&NOT_RESTRICTED&TRUSTED&NOT_VCN_MANAGED Uid: 10024 RequestorUid: 10024 RequestorPkg: com.oculus.systemutilities] ]
12-26 23:30:41.612  1989  5653 W MediaProvider: Recovered abusive '0,2147483647' from 'content://media/external/file?limit=0%2C2147483647'
12-26 23:30:41.612  1989  5653 W SQLiteQueryBuilder: Allowing abusive custom column: OR
12-26 23:30:41.612  1989  5653 W SQLiteQueryBuilder: Allowing abusive custom column: DESC
12-26 23:30:41.640  1989  5653 W MediaProvider: Recovered abusive '2147483647,2147483647' from 'content://media/external/file?limit=2147483647%2C2147483647'
12-26 23:30:41.642  1989  5653 W SQLiteQueryBuilder: Allowing abusive custom column: OR
12-26 23:30:41.643  1989  5653 W SQLiteQueryBuilder: Allowing abusive custom column: DESC
12-26 23:30:41.651   945  1423 I Tracking: VEGA_LOCALIZER: Fallback descriptor ratio in index 0.48995906114578247 is lower than threshold 0.7, skipping fallback matching
12-26 23:30:41.656   945  1423 I Tracking: VEGA_LOCALIZER: Obtained 24 matches from 973 keypoints using udeep descriptors
12-26 23:30:41.657   945  1423 I Tracking: VEGA_LOCALIZER: Obtained 24 total matches from 973 total keypoints
12-26 23:30:41.659   945  1425 I Tracking: LOCALIZATION_POSE_ESTIMATOR: No pose scoring method was provided, not doing pose scoring
12-26 23:30:41.659   945  1425 I Tracking: LOCALIZATION_POSE_ESTIMATOR: Clustered estimation results from: 1 to : 1
12-26 23:30:41.659   945  1425 I Tracking: LOCALIZATION_POSE_ESTIMATOR: Post-RANSAC iterative minimization converged? false, number of successful features: 0, number of inlier observations: 0
12-26 23:30:41.659   945  1425 I Tracking: LOCALIZATION_POSE_ESTIMATOR: Keeping RANSAC pose estimate, iterative-minimization result ignored.
12-26 23:30:41.659   945  1425 I Tracking: LOCALIZATION_POSE_ESTIMATOR: Removed 2 duplicate inliers from the localization result (before: 5, after: 3).
12-26 23:30:41.659   945  1425 I Tracking: LOCALIZATION_POSE_ESTIMATOR: removing duplicate inliers
12-26 23:30:41.660   945  1425 W Tracking: VEGA_LOCALIZER: RANSAC failure: didn't find enough inliers for next step. Needs at least 4, got 3.
12-26 23:30:41.788  1152  1332 D ConnectivityService: requestNetwork for uid/pid:10024/3596 activeRequest: null callbackRequest: 1404 [NetworkRequest [ REQUEST id=1405, [ Capabilities: INTERNET&NOT_RESTRICTED&TRUSTED&NOT_VCN_MANAGED Uid: 10024 RequestorUid: 10024 RequestorPkg: com.oculus.systemutilities] ]] callback flags: 0 priority: 2147483647
12-26 23:30:41.788  1152  1276 D ConnectivityService: NetReassign [1405 : null  100]
12-26 23:30:41.789  1152  1269 D WifiNetworkFactory: got request NetworkRequest [ REQUEST id=1405, [ Capabilities: INTERNET&NOT_RESTRICTED&TRUSTED&NOT_VCN_MANAGED Uid: 10024 RequestorUid: 10024 RequestorPkg: com.oculus.systemutilities] ]
12-26 23:30:41.789  1152  1269 D UntrustedWifiNetworkFactory: got request NetworkRequest [ REQUEST id=1405, [ Capabilities: INTERNET&NOT_RESTRICTED&TRUSTED&NOT_VCN_MANAGED Uid: 10024 RequestorUid: 10024 RequestorPkg: com.oculus.systemutilities] ]
12-26 23:30:41.789  1152  1269 D OemPaidWifiNetworkFactory: got request NetworkRequest [ REQUEST id=1405, [ Capabilities: INTERNET&NOT_RESTRICTED&TRUSTED&NOT_VCN_MANAGED Uid: 10024 RequestorUid: 10024 RequestorPkg: com.oculus.systemutilities] ]
12-26 23:30:41.801  1989  5653 W MediaProvider: Recovered abusive '0,2147483647' from 'content://media/external/file?limit=0%2C2147483647'
12-26 23:30:41.802  1989  5653 W SQLiteQueryBuilder: Allowing abusive custom column: OR
12-26 23:30:41.802  1989  5653 W SQLiteQueryBuilder: Allowing abusive custom column: DESC
12-26 23:30:41.810  1989  5653 W MediaProvider: Recovered abusive '2147483647,2147483647' from 'content://media/external/file?limit=2147483647%2C2147483647'
12-26 23:30:41.810  1989  5653 W SQLiteQueryBuilder: Allowing abusive custom column: OR
12-26 23:30:41.810  1989  5653 W SQLiteQueryBuilder: Allowing abusive custom column: DESC
