12-30 03:12:08.042  1151  1174 I DisplayDeviceRepository: Display device changed: DisplayDeviceInfo{"com.oculus.android_panel_app.AndroidPanelLayer-#main": uniqueId="virtual:com.oculus.socialplatform,10064,com.oculus.android_panel_app.AndroidPanelLayer-#main,0", 1280 x 800, modeId 274, defaultModeId 274, supportedModes [{id=274, width=1280, height=800, fps=60.0, alternativeRefreshRates=[]}], colorMode 0, supportedColorModes [0], hdrCapabilities null, allmSupported false, gameContentTypeSupported false, density 200, 200.0 x 200.0 dpi, appVsyncOff 0, presDeadline 16666666, touch NONE, rotation 0, type VIRTUAL, deviceProductInfo null, state ON, owner com.oculus.socialplatform (uid 10064), frameRateOverride , brightnessMinimum 0.0, brightnessMaximum 0.0, brightnessDefault 0.0, FLAG_PRIVATE, FLAG_NEVER_BLANK, FLAG_OWN_CONTENT_ONLY}
12-30 03:12:08.049  1151  1172 V WindowManager: Display 133 state is now (2), so update layer mirroring?
12-30 03:12:07.893     0     0 E         : [drm:sde_encoder_lineptr_callback:4406] late lineptr, headroom 36
12-30 03:12:08.140  1151  2962 I DisplayDeviceRepository: Display device added: DisplayDeviceInfo{"com.oculus.android_panel_app.AndroidPanelLayer-tooltip": uniqueId="virtual:com.oculus.systemux,10037,com.oculus.android_panel_app.AndroidPanelLayer-tooltip,0", 1250 x 1250, modeId 275, defaultModeId 275, supportedModes [{id=275, width=1250, height=1250, fps=60.0, alternativeRefreshRates=[]}], colorMode 0, supportedColorModes [0], hdrCapabilities null, allmSupported false, gameContentTypeSupported false, density 200, 200.0 x 200.0 dpi, appVsyncOff 0, presDeadline 16666666, touch NONE, rotation 0, type VIRTUAL, deviceProductInfo null, state OFF, owner com.oculus.systemux (uid 10037), frameRateOverride , brightnessMinimum 0.0, brightnessMaximum 0.0, brightnessDefault 0.0, FLAG_PRIVATE, FLAG_NEVER_BLANK, FLAG_OWN_CONTENT_ONLY}
12-30 03:12:08.141  1151  2962 I LogicalDisplayMapper: Applying layout: [{addr: {port=129, model=0x40446d9218dcf4}, dispId: 0(ON)}], Previous layout: [{addr: {port=129, model=0x40446d9218dcf4}, dispId: 0(ON)}]
12-30 03:12:08.141  1151  2962 I LogicalDisplayMapper: Adding new display: 134: DisplayInfo{"com.oculus.android_panel_app.AndroidPanelLayer-tooltip", displayId 134", displayGroupId -1, FLAG_PRIVATE, real 1250 x 1250, largest app 1250 x 1250, smallest app 1250 x 1250, appVsyncOff 0, presDeadline 16666666, mode 275, defaultMode 275, modes [{id=275, width=1250, height=1250, fps=60.0, alternativeRefreshRates=[]}], hdrCapabilities null, userDisabledHdrTypes [], minimalPostProcessingSupported false, rotation 0, state OFF, type VIRTUAL, uniqueId "virtual:com.oculus.systemux,10037,com.oculus.android_panel_app.AndroidPanelLayer-tooltip,0", app 1250 x 1250, density 200 (200.0 x 200.0) dpi, layerStack 134, colorMode 0, supportedColorModes [0], deviceProductInfo null, owner com.oculus.systemux (uid 10037), removeMode 1, refreshRateOverride 0.0, brightnessMinimum 0.0, brightnessMaximum 0.0, brightnessDefault 0.0}
12-30 03:12:08.142  1151  2962 I LogicalDisplayMapper: Setting new display group 0 for display 134, from previous group: null
12-30 03:12:08.143  1151  2962 W DisplayPowerController[134]: Screen brightness nits configuration is unavailable; falling back
12-30 03:12:07.969     0     0 I binder  : 5180:5238 ioctl 40046210 7d3abe4e84 returned -22
12-30 03:12:08.156  1151  1172 I WindowManager: Override config changes=20005df8 {0.0 ?mcc?mnc ?localeList ?layoutDir sw1000dp w1000dp h1000dp 200dpi xlrg port ?uimode ?night -touch -keyb/v/h -nav/h winConfig={ mBounds=Rect(0, 0 - 1250, 1250) mAppBounds=Rect(0, 0 - 1250, 1250) mMaxBounds=Rect(0, 0 - 1250, 1250) mWindowingMode=fullscreen mDisplayWindowingMode=fullscreen mActivityType=undefined mAlwaysOnTop=undefined mRotation=ROTATION_0} ?fontWeightAdjustment} for displayId=134
12-30 03:12:07.988     0     0 I binder  : 5180:5238 ioctl 40046210 7d3abe6ca4 returned -22
12-30 03:12:08.172  1151  1172 V WindowManager: Display 134 state is now (1), so update layer mirroring?
12-30 03:12:08.186  1151  1174 I DisplayDeviceRepository: Display device changed: DisplayDeviceInfo{"com.oculus.android_panel_app.AndroidPanelLayer-tooltip": uniqueId="virtual:com.oculus.systemux,10037,com.oculus.android_panel_app.AndroidPanelLayer-tooltip,0", 96 x 65, modeId 276, defaultModeId 276, supportedModes [{id=276, width=96, height=65, fps=60.0, alternativeRefreshRates=[]}], colorMode 0, supportedColorModes [0], hdrCapabilities null, allmSupported false, gameContentTypeSupported false, density 200, 200.0 x 200.0 dpi, appVsyncOff 0, presDeadline 16666666, touch NONE, rotation 0, type VIRTUAL, deviceProductInfo null, state OFF, owner com.oculus.systemux (uid 10037), frameRateOverride , brightnessMinimum 0.0, brightnessMaximum 0.0, brightnessDefault 0.0, FLAG_PRIVATE, FLAG_NEVER_BLANK, FLAG_OWN_CONTENT_ONLY}
12-30 03:12:08.190  1151  1172 I WindowManager: Override config changes=20000d80 {0.0 ?mcc?mnc ?localeList ?layoutDir sw52dp w76dp h52dp 200dpi smll land ?uimode ?night -touch -keyb/v/h -nav/h winConfig={ mBounds=Rect(0, 0 - 96, 65) mAppBounds=Rect(0, 0 - 96, 65) mMaxBounds=Rect(0, 0 - 96, 65) mWindowingMode=fullscreen mDisplayWindowingMode=fullscreen mActivityType=undefined mAlwaysOnTop=undefined mRotation=ROTATION_0} ?fontWeightAdjustment} for displayId=134
12-30 03:12:08.194  1151  1172 V WindowManager: Display 134 state is now (1), so update layer mirroring?
12-30 03:12:08.196  1151  1172 V WindowManager: Display 134 state is now (1), so update layer mirroring?
12-30 03:12:08.238  1151  1174 I DisplayDeviceRepository: Display device changed: DisplayDeviceInfo{"com.oculus.android_panel_app.AndroidPanelLayer-tooltip": uniqueId="virtual:com.oculus.systemux,10037,com.oculus.android_panel_app.AndroidPanelLayer-tooltip,0", 96 x 65, modeId 276, defaultModeId 276, supportedModes [{id=276, width=96, height=65, fps=60.0, alternativeRefreshRates=[]}], colorMode 0, supportedColorModes [0], hdrCapabilities null, allmSupported false, gameContentTypeSupported false, density 200, 200.0 x 200.0 dpi, appVsyncOff 0, presDeadline 16666666, touch NONE, rotation 0, type VIRTUAL, deviceProductInfo null, state OFF, owner com.oculus.systemux (uid 10037), frameRateOverride , brightnessMinimum 0.0, brightnessMaximum 0.0, brightnessDefault 0.0, FLAG_PRIVATE, FLAG_NEVER_BLANK, FLAG_OWN_CONTENT_ONLY}
12-30 03:12:08.239  1151  1174 I DisplayDeviceRepository: Display device changed: DisplayDeviceInfo{"com.oculus.android_panel_app.AndroidPanelLayer-tooltip": uniqueId="virtual:com.oculus.systemux,10037,com.oculus.android_panel_app.AndroidPanelLayer-tooltip,0", 96 x 65, modeId 276, defaultModeId 276, supportedModes [{id=276, width=96, height=65, fps=60.0, alternativeRefreshRates=[]}], colorMode 0, supportedColorModes [0], hdrCapabilities null, allmSupported false, gameContentTypeSupported false, density 200, 200.0 x 200.0 dpi, appVsyncOff 0, presDeadline 16666666, touch NONE, rotation 0, type VIRTUAL, deviceProductInfo null, state ON, owner com.oculus.systemux (uid 10037), frameRateOverride , brightnessMinimum 0.0, brightnessMaximum 0.0, brightnessDefault 0.0, FLAG_PRIVATE, FLAG_NEVER_BLANK, FLAG_OWN_CONTENT_ONLY}
12-30 03:12:08.244  1151  1172 V WindowManager: Display 134 state is now (2), so update layer mirroring?
12-30 03:12:08.346  1151  4321 I DisplayDeviceRepository: Display device removed: DisplayDeviceInfo{"com.oculus.android_panel_app.AndroidPanelLayer-tooltip": uniqueId="virtual:com.oculus.systemux,10037,com.oculus.android_panel_app.AndroidPanelLayer-tooltip,0", 96 x 65, modeId 276, defaultModeId 276, supportedModes [{id=276, width=96, height=65, fps=60.0, alternativeRefreshRates=[]}], colorMode 0, supportedColorModes [0], hdrCapabilities null, allmSupported false, gameContentTypeSupported false, density 200, 200.0 x 200.0 dpi, appVsyncOff 0, presDeadline 16666666, touch NONE, rotation 0, type VIRTUAL, deviceProductInfo null, state ON, owner com.oculus.systemux (uid 10037), frameRateOverride , brightnessMinimum 0.0, brightnessMaximum 0.0, brightnessDefault 0.0, FLAG_PRIVATE, FLAG_NEVER_BLANK, FLAG_OWN_CONTENT_ONLY}
12-30 03:12:08.347  1151  4321 I LogicalDisplayMapper: Removing display: 134
12-30 03:12:08.419  1151  1336 D ActivityManager: Is background playback GK enabled: false Is background playback enabled for all apps: false
12-30 03:12:08.449  1151  2962 I DisplayDeviceRepository: Display device removed: DisplayDeviceInfo{"com.oculus.android_panel_app.AndroidPanelLayer-controlbar4": uniqueId="virtual:com.oculus.systemux,10037,com.oculus.android_panel_app.AndroidPanelLayer-controlbar4,0", 1000 x 50, modeId 273, defaultModeId 273, supportedModes [{id=273, width=1000, height=50, fps=60.0, alternativeRefreshRates=[]}], colorMode 0, supportedColorModes [0], hdrCapabilities null, allmSupported false, gameContentTypeSupported false, density 200, 200.0 x 200.0 dpi, appVsyncOff 0, presDeadline 16666666, touch NONE, rotation 0, type VIRTUAL, deviceProductInfo null, state ON, owner com.oculus.systemux (uid 10037), frameRateOverride , brightnessMinimum 0.0, brightnessMaximum 0.0, brightnessDefault 0.0, FLAG_PRIVATE, FLAG_NEVER_BLANK, FLAG_OWN_CONTENT_ONLY}
12-30 03:12:08.452  1151  2962 I LogicalDisplayMapper: Removing display: 132
12-30 03:12:08.460  1151  1336 I DisplayDeviceRepository: Display device added: DisplayDeviceInfo{"com.oculus.android_panel_app.AndroidPanelLayer-controlbar3": uniqueId="virtual:com.oculus.systemux,10037,com.oculus.android_panel_app.AndroidPanelLayer-controlbar3,0", 1250 x 50, modeId 277, defaultModeId 277, supportedModes [{id=277, width=1250, height=50, fps=60.0, alternativeRefreshRates=[]}], colorMode 0, supportedColorModes [0], hdrCapabilities null, allmSupported false, gameContentTypeSupported false, density 200, 200.0 x 200.0 dpi, appVsyncOff 0, presDeadline 16666666, touch NONE, rotation 0, type VIRTUAL, deviceProductInfo null, state OFF, owner com.oculus.systemux (uid 10037), frameRateOverride , brightnessMinimum 0.0, brightnessMaximum 0.0, brightnessDefault 0.0, FLAG_PRIVATE, FLAG_NEVER_BLANK, FLAG_OWN_CONTENT_ONLY}
12-30 03:12:08.461  1151  1336 I LogicalDisplayMapper: Applying layout: [{addr: {port=129, model=0x40446d9218dcf4}, dispId: 0(ON)}], Previous layout: [{addr: {port=129, model=0x40446d9218dcf4}, dispId: 0(ON)}]
12-30 03:12:08.462  1151  1336 I LogicalDisplayMapper: Adding new display: 135: DisplayInfo{"com.oculus.android_panel_app.AndroidPanelLayer-controlbar3", displayId 135", displayGroupId -1, FLAG_PRIVATE, real 1250 x 50, largest app 1250 x 50, smallest app 1250 x 50, appVsyncOff 0, presDeadline 16666666, mode 277, defaultMode 277, modes [{id=277, width=1250, height=50, fps=60.0, alternativeRefreshRates=[]}], hdrCapabilities null, userDisabledHdrTypes [], minimalPostProcessingSupported false, rotation 0, state OFF, type VIRTUAL, uniqueId "virtual:com.oculus.systemux,10037,com.oculus.android_panel_app.AndroidPanelLayer-controlbar3,0", app 1250 x 50, density 200 (200.0 x 200.0) dpi, layerStack 135, colorMode 0, supportedColorModes [0], deviceProductInfo null, owner com.oculus.systemux (uid 10037), removeMode 1, refreshRateOverride 0.0, brightnessMinimum 0.0, brightnessMaximum 0.0, brightnessDefault 0.0}
12-30 03:12:08.462  1151  1336 I LogicalDisplayMapper: Setting new display group 0 for display 135, from previous group: null
12-30 03:12:08.463  1151  1336 W DisplayPowerController[135]: Screen brightness nits configuration is unavailable; falling back
12-30 03:12:08.493  1151  1172 I WindowManager: Override config changes=20005df8 {0.0 ?mcc?mnc ?localeList ?layoutDir sw40dp w1000dp h40dp 200dpi nrml long land ?uimode ?night -touch -keyb/v/h -nav/h winConfig={ mBounds=Rect(0, 0 - 1250, 50) mAppBounds=Rect(0, 0 - 1250, 50) mMaxBounds=Rect(0, 0 - 1250, 50) mWindowingMode=fullscreen mDisplayWindowingMode=fullscreen mActivityType=undefined mAlwaysOnTop=undefined mRotation=ROTATION_0} ?fontWeightAdjustment} for displayId=135
12-30 03:12:08.499  1151  1172 V WindowManager: Display 135 state is now (1), so update layer mirroring?
12-30 03:12:08.510  1151  1174 I DisplayDeviceRepository: Display device changed: DisplayDeviceInfo{"com.oculus.android_panel_app.AndroidPanelLayer-controlbar3": uniqueId="virtual:com.oculus.systemux,10037,com.oculus.android_panel_app.AndroidPanelLayer-controlbar3,0", 1280 x 50, modeId 278, defaultModeId 278, supportedModes [{id=278, width=1280, height=50, fps=60.0, alternativeRefreshRates=[]}], colorMode 0, supportedColorModes [0], hdrCapabilities null, allmSupported false, gameContentTypeSupported false, density 200, 200.0 x 200.0 dpi, appVsyncOff 0, presDeadline 16666666, touch NONE, rotation 0, type VIRTUAL, deviceProductInfo null, state OFF, owner com.oculus.systemux (uid 10037), frameRateOverride , brightnessMinimum 0.0, brightnessMaximum 0.0, brightnessDefault 0.0, FLAG_PRIVATE, FLAG_NEVER_BLANK, FLAG_OWN_CONTENT_ONLY}
12-30 03:12:08.518  1151  1172 I WindowManager: Override config changes=20000400 {0.0 ?mcc?mnc ?localeList ?layoutDir sw40dp w1024dp h40dp 200dpi nrml long land ?uimode ?night -touch -keyb/v/h -nav/h winConfig={ mBounds=Rect(0, 0 - 1280, 50) mAppBounds=Rect(0, 0 - 1280, 50) mMaxBounds=Rect(0, 0 - 1280, 50) mWindowingMode=fullscreen mDisplayWindowingMode=fullscreen mActivityType=undefined mAlwaysOnTop=undefined mRotation=ROTATION_0} ?fontWeightAdjustment} for displayId=135
12-30 03:12:08.522  1151  1172 V WindowManager: Display 135 state is now (1), so update layer mirroring?
12-30 03:12:08.522  1151  1172 V WindowManager: Display 135 state is now (1), so update layer mirroring?
12-30 03:12:08.561  1151  1174 I DisplayDeviceRepository: Display device changed: DisplayDeviceInfo{"com.oculus.android_panel_app.AndroidPanelLayer-controlbar3": uniqueId="virtual:com.oculus.systemux,10037,com.oculus.android_panel_app.AndroidPanelLayer-controlbar3,0", 1280 x 50, modeId 278, defaultModeId 278, supportedModes [{id=278, width=1280, height=50, fps=60.0, alternativeRefreshRates=[]}], colorMode 0, supportedColorModes [0], hdrCapabilities null, allmSupported false, gameContentTypeSupported false, density 200, 200.0 x 200.0 dpi, appVsyncOff 0, presDeadline 16666666, touch NONE, rotation 0, type VIRTUAL, deviceProductInfo null, state OFF, owner com.oculus.systemux (uid 10037), frameRateOverride , brightnessMinimum 0.0, brightnessMaximum 0.0, brightnessDefault 0.0, FLAG_PRIVATE, FLAG_NEVER_BLANK, FLAG_OWN_CONTENT_ONLY}
12-30 03:12:08.563  1151  1174 I DisplayDeviceRepository: Display device changed: DisplayDeviceInfo{"com.oculus.android_panel_app.AndroidPanelLayer-controlbar3": uniqueId="virtual:com.oculus.systemux,10037,com.oculus.android_panel_app.AndroidPanelLayer-controlbar3,0", 1280 x 50, modeId 278, defaultModeId 278, supportedModes [{id=278, width=1280, height=50, fps=60.0, alternativeRefreshRates=[]}], colorMode 0, supportedColorModes [0], hdrCapabilities null, allmSupported false, gameContentTypeSupported false, density 200, 200.0 x 200.0 dpi, appVsyncOff 0, presDeadline 16666666, touch NONE, rotation 0, type VIRTUAL, deviceProductInfo null, state ON, owner com.oculus.systemux (uid 10037), frameRateOverride , brightnessMinimum 0.0, brightnessMaximum 0.0, brightnessDefault 0.0, FLAG_PRIVATE, FLAG_NEVER_BLANK, FLAG_OWN_CONTENT_ONLY}
12-30 03:12:08.566  1151  1172 V WindowManager: Display 135 state is now (2), so update layer mirroring?
12-30 03:12:08.547     0     0 E         : [drm:sde_encoder_lineptr_callback:4406] late lineptr, headroom -9
--------- beginning of main
12-30 03:12:09.274  9166 14665 I OpenGLRenderer: Davey! duration=9223350652632ms; Flags=0, FrameTimelineVsyncId=275151, IntendedVsync=21384212340993, Vsync=21384212340993, InputEventId=0, HandleInputStart=21384212869861, AnimationStart=21384212871945, PerformTraversalsStart=21384213082309, DrawStart=21384213160226, FrameDeadline=21384247452100, FrameInterval=21384212861684, FrameStartTime=8333333, SyncQueued=21384213428403, SyncStart=21384223399653, IssueDrawCommandsStart=21384223466893, SwapBuffers=21384235685486, FrameCompleted=9223372036854775807, DequeueBufferDuration=11470938, QueueBufferDuration=345000, GpuCompleted=9223372036854775807, SwapBuffersCompleted=21384236226216, DisplayPresentTime=0, 
12-30 03:12:09.274  5180  5223 I OpenGLRenderer: Davey! duration=9223350652623ms; Flags=2, FrameTimelineVsyncId=275149, IntendedVsync=21384231767401, Vsync=21384231767401, InputEventId=0, HandleInputStart=21384231767401, AnimationStart=21384231767401, PerformTraversalsStart=21384231767401, DrawStart=21384231767401, FrameDeadline=21384233545176, FrameInterval=0, FrameStartTime=8333333, SyncQueued=21384234219132, SyncStart=21384234220799, IssueDrawCommandsStart=21384234324184, SwapBuffers=21384236852674, FrameCompleted=9223372036854775807, DequeueBufferDuration=50469, QueueBufferDuration=1937031, GpuCompleted=9223372036854775807, SwapBuffersCompleted=21384239919861, DisplayPresentTime=23081235858260002, 
12-30 03:12:09.280  2732  4024 I Vsync   : Vsync 5108:  1 x 14.30 ms (71.82 Hz, at 21384.268)
12-30 03:12:09.289  9166 14665 I OpenGLRenderer: Davey! duration=9223350652620ms; Flags=0, FrameTimelineVsyncId=275153, IntendedVsync=21384226251175, Vsync=21384226251175, InputEventId=0, HandleInputStart=21384227615747, AnimationStart=21384227617882, PerformTraversalsStart=21384227752934, DrawStart=21384227829132, FrameDeadline=21384261362282, FrameInterval=21384227605955, FrameStartTime=8333333, SyncQueued=21384228149184, SyncStart=21384236246320, IssueDrawCommandsStart=21384236328195, SwapBuffers=21384245776528, FrameCompleted=9223372036854775807, DequeueBufferDuration=8600938, QueueBufferDuration=1345000, GpuCompleted=9223372036854775807, SwapBuffersCompleted=21384247404497, DisplayPresentTime=0, 
12-30 03:12:09.321  9166 12458 I OpenGLRenderer: Davey! duration=9223350652583ms; Flags=0, FrameTimelineVsyncId=275157, IntendedVsync=21384254073738, Vsync=21384254073738, InputEventId=0, HandleInputStart=21384254372413, AnimationStart=21384254374288, PerformTraversalsStart=21384254574236, DrawStart=21384254630330, FrameDeadline=21384289184845, FrameInterval=21384254365278, FrameStartTime=8333333, SyncQueued=21384254857882, SyncStart=21384271687570, IssueDrawCommandsStart=21384271742934, SwapBuffers=21384277156893, FrameCompleted=9223372036854775807, DequeueBufferDuration=4840365, QueueBufferDuration=323958, GpuCompleted=9223372036854775807, SwapBuffersCompleted=21384277875226, DisplayPresentTime=0, 
12-30 03:12:09.325  5180  5223 I OpenGLRenderer: Davey! duration=9223350652581ms; Flags=2, FrameTimelineVsyncId=275155, IntendedVsync=21384273495473, Vsync=21384273495473, InputEventId=0, HandleInputStart=21384273495473, AnimationStart=21384273495473, PerformTraversalsStart=21384273495473, DrawStart=21384273495473, FrameDeadline=21384275273248, FrameInterval=0, FrameStartTime=8333333, SyncQueued=21384277447674, SyncStart=21384277449184, IssueDrawCommandsStart=21384277677413, SwapBuffers=21384279928299, FrameCompleted=9223372036854775807, DequeueBufferDuration=42240, QueueBufferDuration=1143073, GpuCompleted=9223372036854775807, SwapBuffersCompleted=21384281915330, DisplayPresentTime=16325694684921971, 
12-30 03:12:09.331   952  3960 W Tracking: VIPER: Frame Tracking (0.034597135 [sec]) exceeded camera sampling time (0.033333333 [sec]).
12-30 03:12:09.362  5180  5223 I OpenGLRenderer: Davey! duration=9223350652531ms; Flags=2, FrameTimelineVsyncId=275161, IntendedVsync=21384323649368, Vsync=21384323649368, InputEventId=0, HandleInputStart=21384323649368, AnimationStart=21384323649368, PerformTraversalsStart=21384323649368, DrawStart=21384323649368, FrameDeadline=21384317093810, FrameInterval=0, FrameStartTime=8333333, SyncQueued=21384325265695, SyncStart=21384325267049, IssueDrawCommandsStart=21384325626268, SwapBuffers=21384332122518, FrameCompleted=9223372036854775807, DequeueBufferDuration=39166, QueueBufferDuration=455625, GpuCompleted=9223372036854775807, SwapBuffersCompleted=21384333360538, DisplayPresentTime=29273822787207202, 
12-30 03:12:09.414  9166  9166 I [SUI] PauseDestinationView: maybeShowHomeOptionsTravelDialog isViewerInCall: false - isCopresenceEnabled: true - hasAnchoredHome: false - isViewerCallOwner: false
12-30 03:12:09.414  9166  9166 D [SUI] DestinationUiPanelApp: ClickEventButtonId: AUI_DESTINATION_UI_V2_QUIT
12-30 03:12:09.415  9166  9166 I [SUI] DestinationUiPanelApp: actionPauseStateResult - quit
12-30 03:12:09.415  9166  9166 I [SUI] DestinationUiPanelApp: actionQuitAndHide
12-30 03:12:09.415  9166  9166 D [SUI] PanelAppBase: ClickEventButtonId: AUI_DESTINATION_UI_V2_QUIT
12-30 03:12:09.423  2732  4024 I CompositorVR: WarpToScreen: Skipping frames for 3
12-30 03:12:09.439  2710  2974 W [OAO] AudioSystem: Spatialized Audio request suppressed, on file select1:apk://com.oculus.vrshell/assets/audio/ui_button_release_general.ogg had 1 channels
12-30 03:12:09.439  2710  2974 I [OAO] SysUXCommandHandler: SystemUX Pause State Result quit
12-30 03:12:09.439  2710  2974 I [OAO] SystemUXControllerHelper: Handling 'quit' result
12-30 03:12:09.439  2710  2974 I [OAO] SystemUXControllerHelper: OnExitToHome
12-30 03:12:09.442  2710  2974 I [OAO] PanelAppLaunchInfo: PanelAppLaunchInfo componentString:com.oculus.shellenv packageName:com.oculus.shellenv serviceName: componentName:com.oculus.shellenv/
12-30 03:12:09.442  2710  2974 I [OAO] HostPlatform: Retrieving component launch information for package (com.oculus.shellenv) and service ()
12-30 03:12:09.444  2710  2974 I [OAO] HostPlatform: Is valid panel service component for package (com.oculus.shellenv) and service () - false
12-30 03:12:09.446  2710  2974 I [OAO] PanelAppLaunchInfo: PanelAppLaunchInfo componentString:com.oculus.shellenv packageName:com.oculus.shellenv serviceName: componentName:com.oculus.shellenv/
12-30 03:12:09.446  2710  2974 I [OAO] HostPlatform: Retrieving component launch information for package (com.oculus.shellenv) and service ()
12-30 03:12:09.446  2710  2974 I [OAO] HostPlatform: Is valid panel service component for package (com.oculus.shellenv) and service () - false
12-30 03:12:09.448  2710  2974 I [OAO] LaunchController: Registering Pending Launch of type External with com.oculus.shellenv requested by on_exit_to_home, overwriting existing launch false, of type None.
12-30 03:12:09.448  2710  2974 I [OAO] PanelAppHost: Exiting panel application 42 (com.oculus.systemux/com.oculus.panelapp.destinationui.DestinationUiPanelService) on next frame with reason App Closed.
12-30 03:12:09.448  2710  2974 I [OAO] FlowController: RequestResumePrimaryClient
12-30 03:12:09.449  2710  2974 I [OAO] PanelAppHost: ExitNextFrame triggered on panel com.oculus.systemux/com.oculus.panelapp.destinationui.DestinationUiPanelService:42 for reason App Closed
12-30 03:12:09.451  2710  2974 I [OAO] FlowController: ResumePrimaryClient
12-30 03:12:09.451  2710  2974 I [OAO] FlowController: Reset resetReason : Dismissed
12-30 03:12:09.451  2710  2974 I [OAO] FlowController: Reset resetting current flow : OverlayDesktopFlow
12-30 03:12:09.451  2710  2974 I [OAO] OverlayDesktopFlow: Deactivated
12-30 03:12:09.451  2710  2974 I [OAO] VrShellDesktopBase: BackgroundDesktop: Invalid, reason flowDeactivation
12-30 03:12:09.451  2710  2974 I [OAO] VrShellDesktopBase: Remove panelApp: com.oculus.systemux/com.oculus.panelapp.destinationui.DestinationUiPanelService from monitor 5
12-30 03:12:09.451  2710  2974 I [OAO] PanelAppHost: PanelAppHost destructor, panel 42 (com.oculus.systemux/com.oculus.panelapp.destinationui.DestinationUiPanelService)
12-30 03:12:09.451  2710  2974 I [OAO] PanelAppHost: Panel app 42 (com.oculus.systemux/com.oculus.panelapp.destinationui.DestinationUiPanelService) changing state from foreground to shutdown
12-30 03:12:09.451  2710  2974 D [OAO] ShellApplication: Unbinding service for panel app id 42
12-30 03:12:09.410     0     0 E         : [drm:sde_encoder_lineptr_callback:4406] late lineptr, headroom 37
12-30 03:12:09.424     0     0 E         : [drm:sde_encoder_lineptr_callback:4406] late lineptr, headroom -31
12-30 03:12:09.453  9166  9166 D CppPanelService: onDestroy()
12-30 03:12:09.454  9166  9166 I PanelService: VR Shell socket closed(ECONNRESET); shutting down fd: 55
12-30 03:12:09.454  9166  9166 I PanelService: Quitting application via hardExit flag. Shutting down fd 55.
12-30 03:12:09.455  2710  2974 I [OAO] PanelAppHost: PanelAppHost destructor, panel 43 (com.oculus.systemux/com.oculus.panelapp.controlbar.ControlBarPanelService)
12-30 03:12:09.455  2710  2974 I [OAO] PanelAppHost: Panel app 43 (com.oculus.systemux/com.oculus.panelapp.controlbar.ControlBarPanelService) changing state from foreground to shutdown
12-30 03:12:09.455  2710  2974 D [OAO] ShellApplication: Unbinding service for panel app id 43
12-30 03:12:09.455  9166  9166 V LifecycleAwareViewModelStore: LifecycleAwareViewModelStore destroyed
12-30 03:12:09.455  9166  9166 V LifecycleAwarePanelApp: PanelApp lifecycle moved to final state: DESTROYED
12-30 03:12:09.455  9166  9166 I AndroidPanelApp: Destroyed
12-30 03:12:09.455  9166  9166 D [SUI] PauseDestinationView: Destroying PauseDestinationView
12-30 03:12:09.457  2710  2974 I [OAO] SwapChainApiOpenXr: Destroying SwapChain:0x7db38b9e00
12-30 03:12:09.459  2732  3118 I VrRuntimeService: DestroySwapChain: swapchain=552
12-30 03:12:09.459  2732  2954 I SwapChain: Clearing Reusable SwapChain and destroying
12-30 03:12:09.459  2732  2954 I SwapChain: DestroyAndroidSurfaceSwapChain: 0x7d351f4800: Destroying SurfaceTexture 0x2c46 Surface 0x2c32
12-30 03:12:09.459  9166  9166 V CastingServiceConnectionHandler: removeCastStateListener()
12-30 03:12:09.460  2732  3118 I VrRuntimeServer: DestroyTextureSwapChain: result destroyswapchain 1
12-30 03:12:09.460  2710  2974 I [OAO] SwapChainApiOpenXr: Destroying SwapChain:0x7db38b9b80
12-30 03:12:09.460  2732  3118 I VrRuntimeService: DestroySwapChain: swapchain=550
12-30 03:12:09.462  2732  2954 I SwapChain: Clearing Reusable SwapChain and destroying
12-30 03:12:09.462  2732  2954 I SwapChain: DestroyAndroidSurfaceSwapChain: 0x7d35142800: Destroying SurfaceTexture 0x2cc2 Surface 0x2cb2
12-30 03:12:09.463  2732  3056 E TREX    : Interface version 1 was not found. Check debug build for more information.
12-30 03:12:09.464  2732  3118 I VrRuntimeServer: DestroyTextureSwapChain: result destroyswapchain 1
12-30 03:12:09.464  2710  2974 I [OAO] SwapChainApiOpenXr: Destroying SwapChain:0x7db38b9a80
12-30 03:12:09.464  9166  9166 D [SUI] PauseDestinationViewModel: Destroying PauseDestinationViewModel
12-30 03:12:09.464  9166  9166 D [SUI] GraphQLExecutor: Destroying
12-30 03:12:09.464  2732  3118 I VrRuntimeService: DestroySwapChain: swapchain=549
12-30 03:12:09.464  9166  9166 D [SUI] GraphQLExecutor: Destroying
12-30 03:12:09.464  9166  9166 D [SUI] PresenceLocationManager: Destroying PresenceLocationManager: instance count = 0
12-30 03:12:09.464  2710  2974 I [OAO] SwapChainApiOpenXr: Destroying SwapChain:0x7db38b9980
12-30 03:12:09.465  2732  3118 I VrRuntimeService: DestroySwapChain: swapchain=548
12-30 03:12:09.465  2732  2954 I SwapChain: Clearing Reusable SwapChain and destroying
12-30 03:12:09.465  2732  2954 I SwapChain: DestroyAndroidSurfaceSwapChain: 0x7d54b1c800: Destroying SurfaceTexture 0x2d62 Surface 0x2d52
12-30 03:12:09.465  2732  3118 I VrRuntimeServer: DestroyTextureSwapChain: result destroyswapchain 1
12-30 03:12:09.465  2710  2974 I [OAO] DesktopPanelController: Backgrounded desktop Tablet with reason flowDeactivation
12-30 03:12:09.465  2710  2974 I [OAO] OverlayDesktopFlow: OverlayDesktopFlow Reset
12-30 03:12:09.465  2710  2974 I [OAO] TelemetryProvider: Toggling egocentric panels visible: false
12-30 03:12:09.465  2710  2974 I [OAO] DialogController: Reset resetReason:1
12-30 03:12:09.467  2710  2974 I [OAO] PanelAppOSLifecycleNotificationManager: Sending frameState isForeground:0 to OS for app com.oculus.systemux/com.oculus.panelapp.destinationui.DestinationUiPanelService
12-30 03:12:09.467  2710  2974 I [OAO] PanelAppOSLifecycleNotificationManager: Sending frameState isForeground:0 to OS for app com.oculus.systemux/com.oculus.panelapp.controlbar.ControlBarPanelService
12-30 03:12:09.467  2710  2974 I [OAO] ShellAppBase: ResolveInteractionState: change from InputFocus to None
12-30 03:12:09.467  2710  2974 I [OAO] ShellAppBase: LeaveVrMode: Interaction state from InputFocus to None
12-30 03:12:09.467  2710  2974 I [OAO] ShellTransitionState: Logging ShellTransitionState to dumpsys: {"state":"Backgrounding","timeMillis":"21384454"}
12-30 03:12:09.467  2710  2974 I [OAO] ShellAppBase: EmptyFrame: Pushing an empty frame
12-30 03:12:09.467  9166  9166 I PresenceAPK(ServicePresenceClient): ServicePresenceClient close
12-30 03:12:09.467  9166  9166 I PresenceAPK(GroupManager): removeListener with id AnchoredHomeGroup
12-30 03:12:09.467  9166  9166 I PresenceAPK(ServiceApiManager): onApiNotReady
12-30 03:12:09.467  9166  9166 D PresenceAPK(ServicePresenceClient): Calling onServiceDown
12-30 03:12:09.467  9166  9166 I PresenceAPK(GroupManager): disconnected
12-30 03:12:09.474  2710  2974 I [OAO] VrPlatformOpenXr: VrPlatformOpenXr::SetPropInhibitHandleHomeKey inhibit:0
12-30 03:12:09.474  2710  2974 I OpenXR_DeviceSettings: ------------ xrSetDeviceSettingBooleanFB -----------
12-30 03:12:09.474  2710  2974 I ClientInputSettings: SetInhibitHandleHomeKey = false for com.oculus.vrshell
12-30 03:12:09.474  2710  2974 I ClientInputInterface: SetInhibitHandleHomeKey 0 for process com.oculus.vrshell 2710
12-30 03:12:09.474  2710  2974 I [OAO] VrPlatformOpenXr: VrPlatformOpenXr::SetPropInhibitHandleHomeKey result = 0
12-30 03:12:09.474  2710  2974 I [OAO] SwapChainApiOpenXr: Destroying SwapChain:0x7db39b0400
12-30 03:12:09.477  2732  3056 I SystemButtonHandler: InhibitHandleHomeKey has changed on the service. New value: 0
12-30 03:12:09.478  2732  3118 I VrRuntimeService: DestroySwapChain: swapchain=585
12-30 03:12:09.478  2710  2974 I [OAO] DesktopPanelControllerAnalytics: DesktopPanelControllerAnalytics flushing telemetry
12-30 03:12:09.478  2710  2974 I [OAO] DesktopPanelControllerAnalytics: FlushPendingDesktopMetrics Tablet
12-30 03:12:09.478  2710  2974 I [OAO] VrPlatformOpenXr: RequestEndSession state XR_SESSION_STATE_FOCUSED    focused:1
12-30 03:12:09.478  2710  2974 D [OAO] ShellApplication: setOverlayInputFocus: inputFocus=false
12-30 03:12:09.478  2710  2974 D [OAO] BaseOverlayService: setOverlayInputFocus : entrypoint - inputFocus=false
12-30 03:12:09.478  2710  2974 D [OAO] BaseOverlayService: Uninstalling global InputFilter
12-30 03:12:09.479  2710  3082 D [OAO] ShellInputFilter: onUninstalled
12-30 03:12:09.479  2710  2710 D [OAO] BaseOverlayService: detachServiceWindowView
12-30 03:12:09.479  2710  2974 I OpenXR  : ------------ RequestExitSession [start] -----------
12-30 03:12:09.479  2710  2974 I OpenXR  : ------------ RequestExitSession [end] -----------
12-30 03:12:09.479  2710  2974 I OpenXR  : PostSessionStateChange: XR_SESSION_STATE_FOCUSED -> XR_SESSION_STATE_VISIBLE
12-30 03:12:09.479  2710  2974 I Deque   : AddEventToQueue called. eventInfo.type: 18, eventInfo.next: 1
12-30 03:12:09.479  2710  2974 I [OAO] VrPlatformOpenXr: xrPollEvent: received XR_TYPE_EVENT_DATA_SESSION_STATE_CHANGED: 4 for session 0x200000000000002 at time 21384.467220
12-30 03:12:09.479  2710  2974 I [OAO] VrPlatformOpenXr: Session state changed XR_SESSION_STATE_VISIBLE
12-30 03:12:09.480  2710  2974 I OpenXR  : PostSessionStateChange: XR_SESSION_STATE_VISIBLE -> XR_SESSION_STATE_SYNCHRONIZED
12-30 03:12:09.480  2710  2974 I Deque   : AddEventToQueue called. eventInfo.type: 18, eventInfo.next: 1
12-30 03:12:09.480  2710  2974 I [OAO] VrPlatformOpenXr: xrPollEvent: received XR_TYPE_EVENT_DATA_SESSION_STATE_CHANGED: 3 for session 0x200000000000002 at time 21384.467305
12-30 03:12:09.480  2710  2974 I [OAO] VrPlatformOpenXr: Session state changed XR_SESSION_STATE_SYNCHRONIZED
12-30 03:12:09.480  2710  2974 I OpenXR  : PostSessionStateChange: XR_SESSION_STATE_SYNCHRONIZED -> XR_SESSION_STATE_STOPPING
12-30 03:12:09.480  2710  2974 I Deque   : AddEventToQueue called. eventInfo.type: 18, eventInfo.next: 1
12-30 03:12:09.480  2710  2974 I [OAO] VrPlatformOpenXr: xrPollEvent: received XR_TYPE_EVENT_DATA_SESSION_STATE_CHANGED: 6 for session 0x200000000000002 at time 21384.467398
12-30 03:12:09.480  2710  2974 I [OAO] VrPlatformOpenXr: Session state changed XR_SESSION_STATE_STOPPING
12-30 03:12:09.480  2710  2974 I [OAO] VrPlatformOpenXr: EndSession state XR_SESSION_STATE_STOPPING    focused:0
12-30 03:12:09.480  2710  2974 I [OAO] VrPlatformOpenXr: EndSession calling MrServiceClient EndSession
12-30 03:12:09.480  2710  2974 I OpenXR_Passthrough: ------------ xrPassthroughPauseFB -----------
12-30 03:12:09.486  2710  2710 D [OAO] BaseOverlayService: setOverlayInputFocus : completed - inputFocus=false actionTaken:true
12-30 03:12:09.487  1151  2522 W InputManager-JNI: Input channel object 'e5ae19f Shell.EventInterceptor (client)' was disposed without first being removed with the input manager!
12-30 03:12:09.488  1151  1174 W NotificationHistory: Attempted to remove channel for locked/gone/disabled user 0
12-30 03:12:09.507  1151  1174 V WindowManager: Unknown focus tokens, dropping reportFocusChanged
12-30 03:12:09.517  2732  4024 I Vsync   : Vsync 5125:  2 x 13.92 ms (71.85 Hz, at 21384.504)
12-30 03:12:09.517  1151  2522 W InputManager-JNI: Input channel object 'a185813 com.oculus.systemux (client)' was disposed without first being removed with the input manager!
12-30 03:12:09.524  1151  2522 I DisplayDeviceRepository: Display device removed: DisplayDeviceInfo{"com.oculus.android_panel_app.AndroidPanelLayer-#main": uniqueId="virtual:com.oculus.systemux,10037,com.oculus.android_panel_app.AndroidPanelLayer-#main,1", 1280 x 800, modeId 251, defaultModeId 251, supportedModes [{id=251, width=1280, height=800, fps=60.0, alternativeRefreshRates=[]}], colorMode 0, supportedColorModes [0], hdrCapabilities null, allmSupported false, gameContentTypeSupported false, density 200, 200.0 x 200.0 dpi, appVsyncOff 0, presDeadline 16666666, touch NONE, rotation 0, type VIRTUAL, deviceProductInfo null, state ON, owner com.oculus.systemux (uid 10037), frameRateOverride , brightnessMinimum 0.0, brightnessMaximum 0.0, brightnessDefault 0.0, FLAG_PRIVATE, FLAG_NEVER_BLANK, FLAG_OWN_CONTENT_ONLY}
12-30 03:12:09.525  1151  2522 I LogicalDisplayMapper: Removing display: 120
12-30 03:12:09.527  9166  9166 D CppPanelService: onDestroy()
12-30 03:12:09.527  9166  9166 I PanelService: VR Shell socket closed(ECONNRESET); shutting down fd: 124
12-30 03:12:09.527  9166  9166 I PanelService: Quitting application via hardExit flag. Shutting down fd 124.
12-30 03:12:09.527  9166  9166 I AndroidPanelApp: Destroyed
12-30 03:12:09.530  2732  4024 I SwapChain: Clearing Reusable SwapChain and destroying
12-30 03:12:09.530  2732  4024 I SwapChain: DestroyAndroidSurfaceSwapChain: 0x7d35140000: Destroying SurfaceTexture 0x2d22 Surface 0x2d12
12-30 03:12:09.531  3512  3733 D UE      : [2023.12.29-22.12.09:531][325]LogAndroid: Case APP_CMD_GAINED_FOCUS
12-30 03:12:09.532  1151  1257 I InputDispatcher: Erasing monitor PointerEventDispatcher120 (server) on display 120, pid=1151
12-30 03:12:09.536  1151  1336 W InputManager-JNI: Input channel object '921f78e com.oculus.systemux (client)' was disposed without first being removed with the input manager!
12-30 03:12:09.547  2710  2710 D KeyboardInputMethodService: onFinishInput
12-30 03:12:09.547  1151  1336 I DisplayDeviceRepository: Display device removed: DisplayDeviceInfo{"com.oculus.android_panel_app.AndroidPanelLayer-controlbar3": uniqueId="virtual:com.oculus.systemux,10037,com.oculus.android_panel_app.AndroidPanelLayer-controlbar3,0", 1280 x 50, modeId 278, defaultModeId 278, supportedModes [{id=278, width=1280, height=50, fps=60.0, alternativeRefreshRates=[]}], colorMode 0, supportedColorModes [0], hdrCapabilities null, allmSupported false, gameContentTypeSupported false, density 200, 200.0 x 200.0 dpi, appVsyncOff 0, presDeadline 16666666, touch NONE, rotation 0, type VIRTUAL, deviceProductInfo null, state ON, owner com.oculus.systemux (uid 10037), frameRateOverride , brightnessMinimum 0.0, brightnessMaximum 0.0, brightnessDefault 0.0, FLAG_PRIVATE, FLAG_NEVER_BLANK, FLAG_OWN_CONTENT_ONLY}
12-30 03:12:09.549  2732  2732 I ClientMgr: FocusedWindowChanged: uid = 10110 pid = 3512
12-30 03:12:09.549  2732  2732 I ClientMgr: FocusedWindowChanged: top window's client already enabled
12-30 03:12:09.549  2732  2732 I ClientMgr: FocusedClient changed.
12-30 03:12:09.549  2732  2732 I ClientMgr: ClientMgr::SetFocusedClient: 3512:com.epicgames.AtomVR type 0
12-30 03:12:09.549  2732  2732 I ClientMgr: SetFocusedPackageName - packageName com.epicgames.AtomVR processName com.epicgames.AtomVR clientId 857578125 clientPid 3512
12-30 03:12:09.549  2732  2732 I ServiceInputManager: ServiceInputManager::SetFocusedPackageName 'com.epicgames.AtomVR'
12-30 03:12:09.549  2732  2732 I VrRuntimeService: RuntimeIPC: SendFocusChangeEventToAllClients: PostClientEvent SUCCESS: com.epicgames.AtomVR:com.epicgames.AtomVR:3512, com.epicgames.AtomVR, com.epicgames.AtomVR
12-30 03:12:09.549  2732  2732 I VrRuntimeService: RuntimeIPC: SendFocusChangeEventToAllClients: PostClientEvent SUCCESS: com.oculus.guardian:com.oculus.vrguardianservice:3125, com.epicgames.AtomVR, com.epicgames.AtomVR
12-30 03:12:09.549  2732  2732 I VrRuntimeService: RuntimeIPC: SendFocusChangeEventToAllClients: PostClientEvent SUCCESS: com.oculus.shellenv:com.oculus.shellenv:2144, com.epicgames.AtomVR, com.epicgames.AtomVR
12-30 03:12:09.549  2732  2732 I VrRuntimeService: RuntimeIPC: SendFocusChangeEventToAllClients: PostClientEvent SUCCESS: com.oculus.vrshell:com.oculus.vrshell:Overlay:2710, com.epicgames.AtomVR, com.epicgames.AtomVR
12-30 03:12:09.549  2732  2732 I VrRuntimeService: RuntimeIPC: SendFocusChangeEventToAllClients: PostClientEvent SUCCESS: com.oculus.mrservice:com.oculus.mrservice:3209, com.epicgames.AtomVR, com.epicgames.AtomVR
12-30 03:12:09.549  2732  2732 I VrRuntimeService: RuntimeIPC: SendFocusChangeEventToAllClients: PostClientEvent SUCCESS: com.oculus.vrshell:com.oculus.vrshell:2321, com.epicgames.AtomVR, com.epicgames.AtomVR
12-30 03:12:09.551  1151  1336 I LogicalDisplayMapper: Removing display: 135
12-30 03:12:09.551  3512  4124 I VrRuntimeClient: Client has gained focus.
12-30 03:12:09.555  1151  1257 I InputDispatcher: Erasing monitor PointerEventDispatcher135 (server) on display 135, pid=1151
12-30 03:12:09.559  9166  9166 D [SUI] ActivityManagerUtilsHelper: onFocusedWindowChanged: Instance: com.oculus.common.activitymanager.ActivityManagerUtilsHelper@f9aa175, topWindowUid: 10110, focusedApp: com.epicgames.AtomVR, previousApp: com.oculus.vrshell
12-30 03:12:09.559  9166  9166 D [SUI] AnytimeUIPanelApp: Received ActivityStateChanges - com.epicgames.AtomVR
12-30 03:12:09.559  9166  9166 D [SUI] ActivityManagerUtilsHelper: onFocusedWindowChanged: Instance: com.oculus.common.activitymanager.ActivityManagerUtilsHelper@54b9abd, topWindowUid: 10110, focusedApp: com.epicgames.AtomVR, previousApp: com.oculus.vrshell
12-30 03:12:09.560  9166  9166 D [SUI] ActivityManagerUtilsHelper: onFocusedWindowChanged: Instance: com.oculus.common.activitymanager.ActivityManagerUtilsHelper@79014d5, topWindowUid: 10110, focusedApp: com.epicgames.AtomVR, previousApp: com.oculus.vrshell
12-30 03:12:09.561  3512  3732 I OpenXR  : PostSessionStateChange: XR_SESSION_STATE_VISIBLE -> XR_SESSION_STATE_FOCUSED
12-30 03:12:09.561  3512  3732 I Deque   : AddEventToQueue called. eventInfo.type: 18, eventInfo.next: 1
12-30 03:12:09.567   952  3960 I Tracking: VIPER: Mode=SuperVega,Status=6DoF,TRACKING,Inl=36,Mem=101.3,Jit=0.3mm,Issues(Cam/min=0.0,IMU/min=0.0),Exp=(10.4ms,g=13.0,I=75,Ir=553.9)(12.1ms,g=15.0,I=61,Ir=336.3)(12.1ms,g=15.0,I=90,Ir=496.0)(6.4ms,g=7.0,I=75,Ir=1673.1)
12-30 03:12:09.567   952  3960 W Tracking: VIPER: Environment trending to dark, 
12-30 03:12:09.567   952 12739 W TrackingService: attachClient: found client in attached list
12-30 03:12:09.573   952 12739 D TrackingService: getSharedMemory: com.epicgames.AtomVR, Controller
12-30 03:12:09.582  3209  3596 I MRSVC   : MIXEDREALITY: MrServiceController: VrFocusManager::Top Activity Changed, topActivity now is: 'com.epicgames.AtomVR', immersiveApp now is: 'com.epicgames.AtomVR'.
12-30 03:12:09.582  3209  3596 I MRSVC   : MIXEDREALITY: MrServiceController: VrFocusManager::Top Activity Changed, topActivity now is: 'com.epicgames.AtomVR', immersiveApp now is: 'com.epicgames.AtomVR'.
12-30 03:12:09.586  2732  4024 I Vsync   : Vsync 5130:  1 x 14.39 ms (71.84 Hz, at 21384.574)
12-30 03:12:09.609  3209  3330 I MRSVC   : MIXEDREALITY: MrFeatureStatus: Passthrough: Client 487993102 status changed from Started to Paused.
12-30 03:12:09.609  3209  3330 I MRSVC   : MIXEDREALITY: MrFeatureStatus: Passthrough: Target status Paused, CurrentStatus: Started
12-30 03:12:09.609  3209  3330 I MRSVC   : MIXEDREALITY: MrFeatureStatus: Operation chain: Pause
12-30 03:12:09.609  3209  3330 I MRSVC   : MIXEDREALITY: MrFeatureStatus: Passthrough: Global status changed from Started to Paused.
12-30 03:12:09.609  3209  3330 I MRSVC   : MIXEDREALITY: MrServiceController: Queuing command linked to operation Pause for feature 0, client 487993102
12-30 03:12:09.610  2710  2974 I [OAO] VrPlatformOpenXr: EndSession MrServiceClient EndSession passed
12-30 03:12:09.610  2710  2974 I [OAO] VrPlatformOpenXr: EndSession calling xrEndSession
12-30 03:12:09.610  2710  2974 I OpenXR  : ------------ xrEndSession [start] -----------
12-30 03:12:09.610  2710  2974 I VrApi   : OVR::Stats thread Suspend
12-30 03:12:09.610  2710  2974 I XrRuntimeUtils: XrRuntimeUtils::EndSession
12-30 03:12:09.610  2710  2974 I [CT]    : MIXEDREALITY: TREX: Suspending Insight MR session.
12-30 03:12:09.610  3209  3274 W PhaseSync: [PS_Ver_1_0] DiscardFrame is triggered, frame->Stage 2 FrameBeginIndex 456 
12-30 03:12:09.610  3209  3274 I MRSVC   : MIXEDREALITY: OpenXrSupport: OpenXR qualified success: xrBeginFrame(clientState_.session, &beginFrameDesc): XR_FRAME_DISCARDED
12-30 03:12:09.611  3209  3274 I MRSVC   : MIXEDREALITY: MrServiceView: renderIteration: Hibernating the rendering thread since ID is off and no active PT layers.
12-30 03:12:09.611  3209  3274 I MRSVC   : MIXEDREALITY: MrServiceController: Executing passthroughPause on model for client 487993102
12-30 03:12:09.611  3209  3274 I MRSVC   : MIXEDREALITY: MrServiceModel: passthroughPause()
12-30 03:12:09.611  3209  3274 I MRSVC   : MIXEDREALITY: MrServiceModel: passthroughPause: Paused Passthrough
12-30 03:12:09.611  3209  3274 I MRSVC   : MIXEDREALITY: MrRuntimeImpl: onPause: Capability Passthrough on device 2.
12-30 03:12:09.611   944  3267 I MRSS    : MIXEDREALITY: MrSystemServiceIPCServer: ChangeMrCapabilityStatus: client 3831201270, capability Passthrough, command 0.
12-30 03:12:09.615  2732  4024 I Vsync   : Vsync 5132:  1 x 13.31 ms (71.74 Hz, at 21384.602)
12-30 03:12:09.622  3233  3233 V MetaCam (ForegroundAppChecker): Current foreground package is com.epicgames.AtomVR.
12-30 03:12:09.626  2710  2974 I VrRuntimeClient: DEVICE MODEL NUMBER = Quest 2
12-30 03:12:09.626  2710  2974 I VrRuntimeClient: DEVICE BUILD NAME = SQ3A.220605.009.A1
12-30 03:12:09.626  2710  2974 I VrRuntimeClient: DEVICE BUILD TYPE = user
12-30 03:12:09.626  2710  2974 I VrRuntimeClient: DEVICE OS VERSION = 12
12-30 03:12:09.626  2710  2974 I VrRuntimeClient: API LOADER VERSION = 1.0.29
12-30 03:12:09.626  2710  2974 I VrRuntimeClient: RUNTIME API VERSION = 1.0.29
12-30 03:12:09.626  2710  2974 I VrRuntimeClient: RUNTIME VERSION = 59.0.0.172.706 Nov  6 2023 00:25:46 RELEASE
12-30 03:12:09.626  2710  2974 I VrRuntimeClient: APP NAME = Oculus App Runtime
12-30 03:12:09.626  2710  2974 I VrRuntimeClient: APP VERSION = 59.0.0.172.706 versionCode 535797236 internalVersionName 59.0.0.172.706.64ce586c41bc 2023_11_09_18_27
12-30 03:12:09.626  2710  2974 I VrRuntimeClient: APP VR TYPE = vr_only
12-30 03:12:09.626  2710  2974 I VrRuntimeClient: APP MODE TYPE = VR
12-30 03:12:09.626  2710  2974 I VrRuntimeClient: APP PACKAGE NAME = com.oculus.vrshell
12-30 03:12:09.626  2710  2974 I VrRuntimeClient: APP ACTIVITY CLASS = com.oculus.vrshell.ShellApplication
12-30 03:12:09.626  5180  5223 I OpenGLRenderer: Davey! duration=9223350652266ms; Flags=2, FrameTimelineVsyncId=275186, IntendedVsync=21384587953138, Vsync=21384587953138, InputEventId=0, HandleInputStart=21384587953138, AnimationStart=21384587953138, PerformTraversalsStart=21384587953138, DrawStart=21384587953138, FrameDeadline=21384489730917, FrameInterval=0, FrameStartTime=8333333, SyncQueued=21384590260382, SyncStart=21384590261580, IssueDrawCommandsStart=21384590839288, SwapBuffers=21384594211111, FrameCompleted=9223372036854775807, DequeueBufferDuration=37865, QueueBufferDuration=1040156, GpuCompleted=9223372036854775807, SwapBuffersCompleted=21384597218142, DisplayPresentTime=12385045012086898, 
12-30 03:12:09.626  2710  2974 I Sensor  : OSSDKTRACKING Shutdown tracking
12-30 03:12:09.626  2710  2974 I FaceEyeTrackingManagerHelpers: [FaceEyeTrackingManager] Audio FT GK: 0
12-30 03:12:09.626  2710  2974 I LogTimer: CPUTIME: VrRuntimeClient_EndSession took 2.2874 ms
12-30 03:12:09.627  2710  2974 I VrApi   : OVR::Stats thread stopped
12-30 03:12:09.627  2710  2974 I InputDeviceManager: ovrInputDeviceManager::~ovrInputDeviceManager
12-30 03:12:09.627   952  1132 D TrackingService: haptic socket already exists
12-30 03:12:09.627   952  1132 D TrackingService: getSocket: com.oculus.vrshell
12-30 03:12:09.627  3209  3274 I MRSVC   : MIXEDREALITY: MrRuntimeImpl: onPause: Capability Playspace on device 2.
12-30 03:12:09.628  2710  2974 I InputDevice_TrackedRemote: OSSDKTRACKING shutting down Haptics
12-30 03:12:09.628  2710  2974 I InputDevice_TrackedRemote: OSSDKTRACKING shutting down Haptics
12-30 03:12:09.628  2710  2974 I InputDevice_TrackedRemote: OSSDKTRACKING shutting down Haptics
12-30 03:12:09.628  2710  2974 I InputDevice_TrackedRemote: OSSDKTRACKING shutting down Haptics
12-30 03:12:09.628  2710  2974 I OSHandDataQuerier: OSSDKTRACKING shutting down HandsTracker
12-30 03:12:09.628  2710  2974 I OSHandDataQuerier: OSSDKTRACKING shutting down HandsTracker
12-30 03:12:09.628  2710  2974 D OsSdk   : TrackingServiceConnection dtor
12-30 03:12:09.628   952  1132 I TrackingService: Unregistering client by ITrackingService.unregisterClient
12-30 03:12:09.628   952  1132 I TrackingService: Failed to unregister client because client not found in registered list
12-30 03:12:09.628   952  1132 I TrackingService: Unregistering client by ITrackingService.unregisterClient
12-30 03:12:09.628   952  1132 I TrackingService: Failed to unregister client because client not found in registered list
12-30 03:12:09.628   952  1132 I TrackingService: Unregistering client by ITrackingService.unregisterClient
12-30 03:12:09.628   952  1132 I TrackingService: Failed to unregister client because client not found in registered list
12-30 03:12:09.628   952  1132 I TrackingService: Unregistering client by ITrackingService.unregisterClient
12-30 03:12:09.628   952  1132 I TrackingService: Unregistering client by ITrackingService.unregisterClient
12-30 03:12:09.628   952  1132 I TrackingService: Failed to unregister client because client not found in registered list
12-30 03:12:09.629   952  1132 I TrackingService: Failed to unregister client because client not found in registered list
12-30 03:12:09.629   952  1132 I TrackingService: Failed to unregister client because client not found in registered list
12-30 03:12:09.629   952  1132 I TrackingService: Failed to unregister client because client not found in registered list
12-30 03:12:09.629   952  1132 I TrackingService: Failed to unregister client because client not found in registered list
12-30 03:12:09.629   952  1132 I TrackingService: Failed to unregister client because client not found in registered list
12-30 03:12:09.629   952  1132 I TrackingService: Failed to unregister client because client not found in registered list
12-30 03:12:09.629   952  1132 I TrackingService: Unregistering client by ITrackingService.unregisterClient
12-30 03:12:09.629   952  1132 I TrackingService: Failed to unregister client because client not found in registered list
12-30 03:12:09.629   952  1132 I TrackingService: Unregistering client by ITrackingService.unregisterClient
12-30 03:12:09.629   952  1132 I TrackingService: Failed to unregister client because client not found in registered list
12-30 03:12:09.629   952  1132 D TrackingService: unregister: com.oculus.vrshell
12-30 03:12:09.753   787  3906 W SyncBossHAL: [warning] syncboss_hal_data_handlers.c(149): s:0 Long processing time detected for streaming packet type 143 (1005us)
12-30 03:12:09.808  1151  1151 W Looper  : Slow dispatch took 116ms main h=android.os.Handler c=com.oculus.os.VrFocusManager$VrFocusListenerWrapper$1@2707afe m=0
12-30 03:12:09.808  1151  1151 W Looper  : Slow delivery took 256ms main h=android.hardware.display.DisplayManagerGlobal$DisplayListenerDelegate c=null m=3
12-30 03:12:09.821  1151  1151 W Looper  : Drained
12-30 03:12:10.046  1151  2962 I ActivityTaskManager: START u0 {act=android.intent.action.MAIN cat=[android.intent.category.LAUNCHER] id=com.oculus.vrshell.activity.completed_launch_checks flg=0x10010000 pkg=com.oculus.shellenv cmp=com.oculus.shellenv/.ShellEnvActivity (has extras)} from uid 10025
12-30 03:12:10.074  1151  1174 D ActivityManager: Is background playback GK enabled: false Is background playback enabled for all apps: false
12-30 03:12:10.204   952  1132 D TrackingService: getSharedMemory: com.oculus.vrshell, HeadTracker
12-30 03:12:10.206  3125  3200 I GuardianFocusListener: [GuardianFocusListener::onTopActivityChanged] updated TopActivityChangeEvent - topActivityName: com.oculus.shellenv, immersiveAppPackageName: com.oculus.shellenv, isImmersiveAppTopActivity: true
