12-27 17:55:55.832  8207 12820 V UE      : [NetworkChangedManager] Full network check complete. State: CONNECTION_AVAILABLE
12-27 17:55:55.847   945 12183 W Tracking: TIMESTAMPCHECKER: Nominal rate wrong. Estimated data rate: 25, Nominal is 30
12-27 17:55:55.859  3265  3265 D MetaCam (DeviceBootJobService): MetaCamDeviceBootJobService started
12-27 17:55:55.859  3265  3265 E AnalyticsEvent: could not set key=initialization_session_id value=null
12-27 17:55:55.859  3265  3265 E AnalyticsEvent: could not set key=message value=null
12-27 17:55:55.859  3265  3265 E AnalyticsEvent: could not set key=dynamic_message value=null
12-27 17:55:55.859  3265  3265 E AnalyticsEvent: could not set key=event_session_id value=null
12-27 17:55:55.859  3265  3265 E AnalyticsEvent: could not set key=remote_surface_type value=null
12-27 17:55:55.859  3265  3265 E AnalyticsEvent: could not set key=initiation_source value=null
12-27 17:55:55.859  3265  3265 E AnalyticsEvent: could not set key=signaling_transport_type value=null
12-27 17:55:55.859  3265  3265 E AnalyticsEvent: could not set key=metric_name value=null
12-27 17:55:55.859  3265  3265 E AnalyticsEvent: could not set key=error_domain value=null
12-27 17:55:55.860  3265  5477 E AnalyticsEvent: could not set key=initialization_session_id value=null
12-27 17:55:55.860  3265  5477 E AnalyticsEvent: could not set key=message value=null
12-27 17:55:55.860  3265  5477 E AnalyticsEvent: could not set key=dynamic_message value=null
12-27 17:55:55.860  3265  5477 E AnalyticsEvent: could not set key=event_session_id value=null
12-27 17:55:55.860  3265  5477 E AnalyticsEvent: could not set key=remote_surface_type value=null
12-27 17:55:55.860  3265  5477 E AnalyticsEvent: could not set key=initiation_source value=null
12-27 17:55:55.860  3265  5477 E AnalyticsEvent: could not set key=signaling_transport_type value=null
12-27 17:55:55.860  3265  5477 E AnalyticsEvent: could not set key=metric_name value=null
12-27 17:55:55.860  3265  5477 E AnalyticsEvent: could not set key=error_domain value=null
12-27 17:55:55.873  2078  2093 E LoggingErrorHandler: Retrofit error, url: [https://graph.oculus.com/authenticate_application], kind: [NETWORK], status: [0 - ], headers: , body: []
12-27 17:55:55.873  2078  2093 E AuthLogger: Action failed: OBTAIN_TOKEN, callingPackage: com.oculus.appsafety, accountType: com.oculus, tokenType: , extras: {}, duration: 4ms
12-27 17:55:55.873  2078  2093 E AuthLogger: Action failed: OBTAIN_TOKEN, callingPackage: com.oculus.appsafety, accountType: com.oculus, tokenType: , extras: {}, duration: 4ms
12-27 17:55:55.875  8422 12829 E AppSafetyAccountsHelper: AppSafetyAccountsHelper blockingGetAuthToken throws exception
12-27 17:55:55.875  8422 12829 E AppSafetyAccountsHelper: java.io.IOException: com.oculus.auth.components.NetworkError: com.oculus.http.core.base.ApiError: retrofit.RetrofitError: Unable to resolve host "graph.oculus.com": No address associated with hostname
12-27 17:55:55.875  8422 12829 E AppSafetyAccountsHelper: 	at android.accounts.AccountManager.convertErrorToException(AccountManager.java:2621)
12-27 17:55:55.875  8422 12829 E AppSafetyAccountsHelper: 	at android.accounts.AccountManager.access$700(AccountManager.java:167)
12-27 17:55:55.875  8422 12829 E AppSafetyAccountsHelper: 	at android.accounts.AccountManager$AmsTask$Response.onError(AccountManager.java:2472)
12-27 17:55:55.875  8422 12829 E AppSafetyAccountsHelper: 	at android.accounts.IAccountManagerResponse$Stub.onTransact(IAccountManagerResponse.java:109)
12-27 17:55:55.875  8422 12829 E AppSafetyAccountsHelper: 	at android.os.Binder.execTransactInternal(Binder.java:1184)
12-27 17:55:55.875  8422 12829 E AppSafetyAccountsHelper: 	at android.os.Binder.execTransact(Binder.java:1143)
12-27 17:55:55.876  8422 12829 D PackageIntegrityGraphHelper: PackageIntegritySyncJobService job is skipped.
12-27 17:55:55.917 13102 13117 D DeviceAuthenticator: Fetching credentials
12-27 17:55:55.918 13102 13117 D DeviceAuthenticator: Fetching new credentials
12-27 17:55:55.918 13102 13117 D DeviceAuthenticator: Fetching new credentials asynchronously
12-27 17:55:55.922 13102 13176 I DeviceAuthUtils: The device might not be connected to network, as we failed to resolve DNS for graph.facebook-hardware.com
12-27 17:55:55.922 13102 13117 E DeviceAuthenticator: Error fetching new credentials
12-27 17:55:55.922 13102 13117 E DeviceAuthenticator: com.android.volley.NetworkError: java.lang.Exception: Unable to resolve graph.facebook-hardware.com
12-27 17:55:55.922 13102 13117 E DeviceAuthenticator: 	at com.oculus.deviceauthserver.DeviceAuthenticator.lambda$fetchNewCredentialsAsync$3(DeviceAuthenticator.java:183)
12-27 17:55:55.922 13102 13117 E DeviceAuthenticator: 	at com.oculus.deviceauthserver.DeviceAuthenticator.$r8$lambda$I8baxuVHGvfy-u6FH8FV9RIWp-s(Unknown Source:0)
12-27 17:55:55.922 13102 13117 E DeviceAuthenticator: 	at com.oculus.deviceauthserver.DeviceAuthenticator$$ExternalSyntheticLambda2.run(Unknown Source:6)
12-27 17:55:55.922 13102 13117 E DeviceAuthenticator: 	at java.util.concurrent.ThreadPoolExecutor.runWorker(ThreadPoolExecutor.java:1167)
12-27 17:55:55.922 13102 13117 E DeviceAuthenticator: 	at java.util.concurrent.ThreadPoolExecutor$Worker.run(ThreadPoolExecutor.java:641)
12-27 17:55:55.922 13102 13117 E DeviceAuthenticator: 	at java.lang.Thread.run(Thread.java:920)
12-27 17:55:55.922 13102 13117 E DeviceAuthenticator: Caused by: java.lang.Exception: Unable to resolve graph.facebook-hardware.com
12-27 17:55:55.922 13102 13117 E DeviceAuthenticator: 	... 6 more
12-27 17:55:55.923 13102 13117 E DeviceAuthService: Error fetching credentials
12-27 17:55:55.923 13102 13117 E DeviceAuthService: com.android.volley.NetworkError: java.lang.Exception: Unable to resolve graph.facebook-hardware.com
12-27 17:55:55.923 13102 13117 E DeviceAuthService: 	at com.oculus.deviceauthserver.DeviceAuthenticator.lambda$fetchNewCredentialsAsync$3(DeviceAuthenticator.java:183)
12-27 17:55:55.923 13102 13117 E DeviceAuthService: 	at com.oculus.deviceauthserver.DeviceAuthenticator.$r8$lambda$I8baxuVHGvfy-u6FH8FV9RIWp-s(Unknown Source:0)
12-27 17:55:55.923 13102 13117 E DeviceAuthService: 	at com.oculus.deviceauthserver.DeviceAuthenticator$$ExternalSyntheticLambda2.run(Unknown Source:6)
12-27 17:55:55.923 13102 13117 E DeviceAuthService: 	at java.util.concurrent.ThreadPoolExecutor.runWorker(ThreadPoolExecutor.java:1167)
12-27 17:55:55.923 13102 13117 E DeviceAuthService: 	at java.util.concurrent.ThreadPoolExecutor$Worker.run(ThreadPoolExecutor.java:641)
12-27 17:55:55.923 13102 13117 E DeviceAuthService: 	at java.lang.Thread.run(Thread.java:920)
12-27 17:55:55.923 13102 13117 E DeviceAuthService: Caused by: java.lang.Exception: Unable to resolve graph.facebook-hardware.com
12-27 17:55:55.923 13102 13117 E DeviceAuthService: 	... 6 more
12-27 17:55:55.932  8422 12830 E PackagePartsUploadJobService: Failed to fetch device auth token
12-27 17:55:55.932  8422 12830 E PackagePartsUploadJobService: com.oculus.os.DeviceAuth$NetworkException: java.lang.Exception: Unable to resolve graph.facebook-hardware.com
12-27 17:55:55.932  8422 12830 E PackagePartsUploadJobService: 	at com.oculus.os.DeviceAuth.fetchToken(DeviceAuth.java:71)
12-27 17:55:55.932  8422 12830 E PackagePartsUploadJobService: 	at com.oculus.appsafety.PackagePartsUploadJobService.init(PackagePartsUploadJobService.java:207)
12-27 17:55:55.932  8422 12830 E PackagePartsUploadJobService: 	at com.oculus.appsafety.PackagePartsUploadJobService.lambda$onStartJob$1(PackagePartsUploadJobService.java:133)
12-27 17:55:55.932  8422 12830 E PackagePartsUploadJobService: 	at com.oculus.appsafety.PackagePartsUploadJobService.$r8$lambda$gSiYR6zBTq6Odo9W8GyRvyrpONc(Unknown Source:0)
12-27 17:55:55.932  8422 12830 E PackagePartsUploadJobService: 	at com.oculus.appsafety.PackagePartsUploadJobService$$ExternalSyntheticLambda2.run(Unknown Source:2)
12-27 17:55:55.932  8422 12830 E PackagePartsUploadJobService: 	at java.util.concurrent.CompletableFuture$AsyncRun.run(CompletableFuture.java:1663)
12-27 17:55:55.932  8422 12830 E PackagePartsUploadJobService: 	at java.util.concurrent.CompletableFuture$AsyncRun.exec(CompletableFuture.java:1655)
12-27 17:55:55.932  8422 12830 E PackagePartsUploadJobService: 	at java.util.concurrent.ForkJoinTask.doExec(ForkJoinTask.java:285)
12-27 17:55:55.932  8422 12830 E PackagePartsUploadJobService: 	at java.util.concurrent.ForkJoinPool$WorkQueue.runTask(ForkJoinPool.java:1155)
12-27 17:55:55.932  8422 12830 E PackagePartsUploadJobService: 	at java.util.concurrent.ForkJoinPool.scan(ForkJoinPool.java:1993)
12-27 17:55:55.932  8422 12830 E PackagePartsUploadJobService: 	at java.util.concurrent.ForkJoinPool.runWorker(ForkJoinPool.java:1941)
12-27 17:55:55.932  8422 12830 E PackagePartsUploadJobService: 	at java.util.concurrent.ForkJoinWorkerThread.run(ForkJoinWorkerThread.java:157)
12-27 17:55:55.932  8422 12830 E PackagePartsUploadJobService: Caused by: android.os.ServiceSpecificException: java.lang.Exception: Unable to resolve graph.facebook-hardware.com (code 2)
12-27 17:55:55.932  8422 12830 E PackagePartsUploadJobService: 	at android.os.Parcel.createExceptionOrNull(Parcel.java:2440)
12-27 17:55:55.932  8422 12830 E PackagePartsUploadJobService: 	at android.os.Parcel.createException(Parcel.java:2410)
12-27 17:55:55.932  8422 12830 E PackagePartsUploadJobService: 	at android.os.Parcel.readException(Parcel.java:2393)
12-27 17:55:55.932  8422 12830 E PackagePartsUploadJobService: 	at android.os.Parcel.readException(Parcel.java:2335)
12-27 17:55:55.932  8422 12830 E PackagePartsUploadJobService: 	at com.oculus.aidl.IDeviceAuthService$Stub$Proxy.fetchDeviceAuthToken(IDeviceAuthService.java:207)
12-27 17:55:55.932  8422 12830 E PackagePartsUploadJobService: 	at com.oculus.os.DeviceAuth.fetchToken(DeviceAuth.java:59)
12-27 17:55:55.932  8422 12830 E PackagePartsUploadJobService: 	... 11 more
12-27 17:55:55.952   945  1423 I Tracking: RELOC_TIMER: Running localization in background with throttling - It's 30.36 seconds since first attempt, background timeout after 3600 seconds
12-27 17:55:55.952   945  1423 I Tracking: LocalizationStateMachine: Not scheduling fine localization since last fine reloc is < 1s old.
12-27 17:55:55.952   945  1423 I Tracking: LocalizationStateMachine: Not scheduling coarse localization since there is 1 successful reloc trial and mapper is probably still in ViT.
12-27 17:55:55.952   945  1423 I Tracking: VEGA_MAPPER: Did not schedule localization because in cooldown.
12-27 17:55:55.952   945  1423 I Tracking: RELOC_TIMER: Running localization in background with throttling - It's 30.36 seconds since first attempt, background timeout after 3600 seconds
12-27 17:55:55.954   945  1424 I Tracking: AnchorCache: Removed 0 L1s from cache.
12-27 17:55:55.960   945  1424 I Tracking: AnchorCacheHelpers: Wrote Anchor Cache To Disk: 4 anchors 0 anchor loc edges 0 l1 loc edges
12-27 17:55:56.003 11894 12444 I VrApi   : FPS=50/72,Prd=54ms,Tear=0,Early=4,Stale=32,Stale2/5/10/max=7/1/0/5,VSnc=0,Lat=-1,Fov=0,CPU4/GPU=5/4,2419/525MHz,OC=FF,TA=0/0/0,SP=N/N/N,Mem=2092MHz,Free=2508MB,PLS=0,Temp=25.7C/0.0C,TW=1.75ms,App=19.03ms,GD=0.00ms,CPU&GPU=35.40ms,LCnt=1(DR72,LM0),GPU%=0.96,CPU%=0.46(W0.52),DSF=1.00,CFL=13.70/19.37,ICFLp95=17.58,LD=0,SF=1.00,LP=0,DVFS=0
12-27 17:55:56.185   945  1423 I Tracking: RELOC_TIMER: Running localization in background with throttling - It's 30.6 seconds since first attempt, background timeout after 3600 seconds
12-27 17:55:56.185   945  1423 I Tracking: LocalizationStateMachine: Not scheduling fine localization since last fine reloc is < 1s old.
12-27 17:55:56.185   945  1423 I Tracking: LocalizationStateMachine: Not scheduling coarse localization since there is 1 successful reloc trial and mapper is probably still in ViT.
12-27 17:55:56.185   945  1423 I Tracking: VEGA_MAPPER: Did not schedule localization because in cooldown.
12-27 17:55:56.185   945  1423 I Tracking: RELOC_TIMER: Running localization in background with throttling - It's 30.6 seconds since first attempt, background timeout after 3600 seconds
12-27 17:55:56.185   945  1423 I Tracking: VIPER: InternalAnchorHealthMonitor: Anchors: 2 | Persistent anchors: 0 | Anchors never observed: 0
12-27 17:55:56.185   945  1423 I Tracking:   (min/avg/max) Anchor landmarks: (-1|-1|-1) | Covisible keyframes: (-1|-1|-1) | Times since observation: (0|0|0)
12-27 17:55:56.381   945 12183 I Tracking: VEGA:HIGH_FREQ_OCAL: 0:(241.68,(317.81,240.36)) 1:(241.83,(321.03,240.44)) 2:(241.60,(320.35,240.48)) 3:(241.74,(319.30,240.36)) 
12-27 17:55:56.421   945  1423 I Tracking: RELOC_TIMER: Running localization in background with throttling - It's 30.84 seconds since first attempt, background timeout after 3600 seconds
12-27 17:55:56.421   945  1423 I Tracking: LocalizationStateMachine: Not scheduling fine localization since last fine reloc is < 1s old.
12-27 17:55:56.421   945  1423 I Tracking: LocalizationStateMachine: Not scheduling coarse localization since there is 1 successful reloc trial and mapper is probably still in ViT.
12-27 17:55:56.422   945  1423 I Tracking: VEGA_MAPPER: Did not schedule localization because in cooldown.
12-27 17:55:56.422   945  1423 I Tracking: RELOC_TIMER: Running localization in background with throttling - It's 30.84 seconds since first attempt, background timeout after 3600 seconds
12-27 17:55:56.663   945  1423 I Tracking: RELOC_TIMER: Running localization in background with throttling - It's 31.08 seconds since first attempt, background timeout after 3600 seconds
12-27 17:55:56.663   945  1423 I Tracking: LocalizationStateMachine: Not scheduling coarse localization since there is 1 successful reloc trial and mapper is probably still in ViT.
12-27 17:55:56.663   945  1423 I Tracking: LocalizationStateMachine: LocalizationStateMachine updated from NoAction to FineLocalizationOnly
12-27 17:55:56.664   945  1423 I Tracking: VEGA_MAPPER: Scheduling localization on root nodes 3c06380f-0958-3898-3af7-75699c3213b3.
12-27 17:55:56.665   945  1423 I Tracking: RELOC_TIMER: Running localization in background with throttling - It's 31.08 seconds since first attempt, background timeout after 3600 seconds
12-27 17:55:56.670   945  1425 I Tracking: VIPER:DEEP_DESCRIPTOR: Computing Deep Descriptors using gravity orientation.
12-27 17:55:56.723   945  1423 I Tracking: VEGA_LOCALIZER: Fallback descriptor ratio in index 0.48805275559425354 is lower than threshold 0.7, skipping fallback matching
12-27 17:55:56.729   945  1423 I Tracking: VEGA_LOCALIZER: Obtained 35 matches from 971 keypoints using udeep descriptors
12-27 17:55:56.729   945  1423 I Tracking: VEGA_LOCALIZER: Obtained 35 total matches from 971 total keypoints
12-27 17:55:56.730   945  1425 I Tracking: LOCALIZATION_POSE_ESTIMATOR: No pose scoring method was provided, not doing pose scoring
12-27 17:55:56.731   945  1425 I Tracking: LOCALIZATION_POSE_ESTIMATOR: Clustered estimation results from: 1 to : 1
12-27 17:55:56.731   945  1425 I Tracking: LOCALIZATION_POSE_ESTIMATOR: Post-RANSAC iterative minimization converged? false, number of successful features: 2, number of inlier observations: 4
12-27 17:55:56.731   945  1425 I Tracking: LOCALIZATION_POSE_ESTIMATOR: Keeping RANSAC pose estimate, iterative-minimization result ignored.
12-27 17:55:56.731   945  1425 I Tracking: LOCALIZATION_POSE_ESTIMATOR: Removed 2 duplicate inliers from the localization result (before: 6, after: 4).
12-27 17:55:56.731   945  1425 I Tracking: LOCALIZATION_POSE_ESTIMATOR: removing duplicate inliers
12-27 17:55:56.731   945  1425 W Tracking: VEGA_LOCALIZER: RANSAC failure: pose couldn't be refined.
12-27 17:55:56.903   945  1423 I Tracking: RELOC_TIMER: Running localization in background with throttling - It's 31.32 seconds since first attempt, background timeout after 3600 seconds
12-27 17:55:56.903   945  1423 I Tracking: LocalizationStateMachine: Not scheduling fine localization since last fine reloc is < 1s old.
12-27 17:55:56.903   945  1423 I Tracking: LocalizationStateMachine: Not scheduling coarse localization since there is 1 successful reloc trial and mapper is probably still in ViT.
12-27 17:55:56.903   945  1423 I Tracking: LocalizationStateMachine: LocalizationStateMachine updated from FineLocalizationOnly to NoAction
12-27 17:55:56.903   945  1423 I Tracking: VEGA_MAPPER: Did not schedule localization because in cooldown.
12-27 17:55:56.903   945  1423 I Tracking: RELOC_TIMER: Running localization in background with throttling - It's 31.32 seconds since first attempt, background timeout after 3600 seconds
12-27 17:55:57.003 11894 12444 I VrApi   : FPS=47/72,Prd=54ms,Tear=0,Early=4,Stale=34,Stale2/5/10/max=4/1/0/9,VSnc=0,Lat=-1,Fov=0,CPU4/GPU=5/4,1574/525MHz,OC=FF,TA=0/0/0,SP=N/N/N,Mem=2092MHz,Free=2508MB,PLS=0,Temp=25.7C/0.0C,TW=1.72ms,App=17.32ms,GD=0.00ms,CPU&GPU=32.20ms,LCnt=1(DR72,LM0),GPU%=0.96,CPU%=0.47(W0.50),DSF=1.00,CFL=13.88/20.13,ICFLp95=17.67,LD=0,SF=1.00,LP=0,DVFS=0
12-27 17:55:57.143   945  1423 I Tracking: RELOC_TIMER: Running localization in background with throttling - It's 31.56 seconds since first attempt, background timeout after 3600 seconds
12-27 17:55:57.143   945  1423 I Tracking: LocalizationStateMachine: Not scheduling fine localization since last fine reloc is < 1s old.
12-27 17:55:57.143   945  1423 I Tracking: LocalizationStateMachine: Not scheduling coarse localization since there is 1 successful reloc trial and mapper is probably still in ViT.
12-27 17:55:57.143   945  1423 I Tracking: VEGA_MAPPER: Did not schedule localization because in cooldown.
12-27 17:55:57.143   945  1423 I Tracking: RELOC_TIMER: Running localization in background with throttling - It's 31.56 seconds since first attempt, background timeout after 3600 seconds
12-27 17:55:57.382   945  1423 W Tracking: VEGA_MAP_BUILDER: Resolved a potential TrackToMapPointAssosiation conflict between tracks 1572931 (index = 24, version = 67) and 1572929 (index = 24, version = 65). Point handle: h[310, 50].
12-27 17:55:57.382   945  1423 I Tracking: RELOC_TIMER: Running localization in background with throttling - It's 31.8 seconds since first attempt, background timeout after 3600 seconds
12-27 17:55:57.382   945  1423 I Tracking: LocalizationStateMachine: Not scheduling fine localization since last fine reloc is < 1s old.
12-27 17:55:57.382   945  1423 I Tracking: LocalizationStateMachine: Not scheduling coarse localization since there is 1 successful reloc trial and mapper is probably still in ViT.
12-27 17:55:57.382   945  1423 I Tracking: VEGA_MAPPER: Did not schedule localization because in cooldown.
12-27 17:55:57.382   945  1423 I Tracking: RELOC_TIMER: Running localization in background with throttling - It's 31.8 seconds since first attempt, background timeout after 3600 seconds
12-27 17:55:57.621   945  1423 I Tracking: RELOC_TIMER: Running localization in background with throttling - It's 32.04 seconds since first attempt, background timeout after 3600 seconds
12-27 17:55:57.621   945  1423 I Tracking: LocalizationStateMachine: Not scheduling fine localization since last fine reloc is < 1s old.
12-27 17:55:57.621   945  1423 I Tracking: LocalizationStateMachine: Not scheduling coarse localization since there is 1 successful reloc trial and mapper is probably still in ViT.
12-27 17:55:57.621   945  1423 I Tracking: VEGA_MAPPER: Did not schedule localization because in cooldown.
12-27 17:55:57.621   945  1423 I Tracking: RELOC_TIMER: Running localization in background with throttling - It's 32.04 seconds since first attempt, background timeout after 3600 seconds
12-27 17:55:57.776  2875 12231 I Vsync   : Vsync 2361:  1 x 14.30 ms (71.82 Hz, at 141761.236)
12-27 17:55:57.847   945 12183 W Tracking: TIMESTAMPCHECKER: Nominal rate wrong. Estimated data rate: 25, Nominal is 30
12-27 17:55:57.860   945  1423 I Tracking: RELOC_TIMER: Running localization in background with throttling - It's 32.28 seconds since first attempt, background timeout after 3600 seconds
12-27 17:55:57.860   945  1423 I Tracking: LocalizationStateMachine: Not scheduling coarse localization since there is 1 successful reloc trial and mapper is probably still in ViT.
12-27 17:55:57.860   945  1423 I Tracking: LocalizationStateMachine: LocalizationStateMachine updated from NoAction to FineLocalizationOnly
12-27 17:55:57.860   945  1423 I Tracking: VEGA_MAPPER: Scheduling localization on root nodes 3c06380f-0958-3898-3af7-75699c3213b3.
12-27 17:55:57.861   945  1423 I Tracking: RELOC_TIMER: Running localization in background with throttling - It's 32.28 seconds since first attempt, background timeout after 3600 seconds
12-27 17:55:57.866   945  1425 I Tracking: VIPER:DEEP_DESCRIPTOR: Computing Deep Descriptors using gravity orientation.
12-27 17:55:57.922   945  1423 I Tracking: VEGA_LOCALIZER: Fallback descriptor ratio in index 0.48805275559425354 is lower than threshold 0.7, skipping fallback matching
12-27 17:55:57.926   945  1423 I Tracking: VEGA_LOCALIZER: Obtained 34 matches from 965 keypoints using udeep descriptors
12-27 17:55:57.926   945  1423 I Tracking: VEGA_LOCALIZER: Obtained 34 total matches from 965 total keypoints
12-27 17:55:57.927   945  1425 I Tracking: LOCALIZATION_POSE_ESTIMATOR: No pose scoring method was provided, not doing pose scoring
12-27 17:55:57.929   945  1425 I Tracking: LOCALIZATION_POSE_ESTIMATOR: Clustered estimation results from: 1 to : 1
12-27 17:55:57.930   945  1425 I Tracking: LOCALIZATION_POSE_ESTIMATOR: Post-RANSAC iterative minimization converged? false, number of successful features: 1, number of inlier observations: 1
12-27 17:55:57.930   945  1425 I Tracking: LOCALIZATION_POSE_ESTIMATOR: Keeping RANSAC pose estimate, iterative-minimization result ignored.
12-27 17:55:57.930   945  1425 I Tracking: LOCALIZATION_POSE_ESTIMATOR: Removed 1 duplicate inliers from the localization result (before: 5, after: 4).
12-27 17:55:57.930   945  1425 I Tracking: LOCALIZATION_POSE_ESTIMATOR: removing duplicate inliers
12-27 17:55:57.930   945  1425 W Tracking: VEGA_LOCALIZER: RANSAC failure: pose couldn't be refined.
12-27 17:55:58.003 11894 12444 I VrApi   : FPS=49/72,Prd=54ms,Tear=0,Early=2,Stale=34,Stale2/5/10/max=9/0/0/2,VSnc=0,Lat=-1,Fov=0,CPU4/GPU=5/4,2419/525MHz,OC=FF,TA=0/0/0,SP=N/N/N,Mem=2092MHz,Free=2508MB,PLS=0,Temp=25.7C/0.0C,TW=1.76ms,App=15.98ms,GD=0.00ms,CPU&GPU=36.01ms,LCnt=1(DR72,LM0),GPU%=0.93,CPU%=0.49(W0.50),DSF=1.00,CFL=14.04/19.24,ICFLp95=17.47,LD=0,SF=1.00,LP=0,DVFS=0
12-27 17:55:58.103   945  1423 I Tracking: RELOC_TIMER: Running localization in background with throttling - It's 32.52 seconds since first attempt, background timeout after 3600 seconds
12-27 17:55:58.103   945  1423 I Tracking: LocalizationStateMachine: Not scheduling fine localization since last fine reloc is < 1s old.
12-27 17:55:58.103   945  1423 I Tracking: LocalizationStateMachine: Not scheduling coarse localization since there is 1 successful reloc trial and mapper is probably still in ViT.
12-27 17:55:58.103   945  1423 I Tracking: LocalizationStateMachine: LocalizationStateMachine updated from FineLocalizationOnly to NoAction
12-27 17:55:58.103   945  1423 I Tracking: VEGA_MAPPER: Did not schedule localization because in cooldown.
12-27 17:55:58.103   945  1423 I Tracking: RELOC_TIMER: Running localization in background with throttling - It's 32.52 seconds since first attempt, background timeout after 3600 seconds
12-27 17:55:58.343   945  1423 I Tracking: RELOC_TIMER: Running localization in background with throttling - It's 32.76 seconds since first attempt, background timeout after 3600 seconds
12-27 17:55:58.343   945  1423 I Tracking: LocalizationStateMachine: Not scheduling fine localization since last fine reloc is < 1s old.
12-27 17:55:58.343   945  1423 I Tracking: LocalizationStateMachine: Not scheduling coarse localization since there is 1 successful reloc trial and mapper is probably still in ViT.
12-27 17:55:58.350   945  1423 I Tracking: VEGA_MAPPER: Did not schedule localization because in cooldown.
12-27 17:55:58.350   945  1423 I Tracking: RELOC_TIMER: Running localization in background with throttling - It's 32.76 seconds since first attempt, background timeout after 3600 seconds
12-27 17:55:58.422   945 12183 I Tracking: VIPER: Mode=SuperVega,Status=6DoF,TRACKING,Inl=35,Mem=91.4,Jit=0.1mm,Issues(Cam/min=0.0,IMU/min=0.0),Exp=(6.8ms,g=8.0,I=73,Ir=1337.5)(9.9ms,g=13.0,I=67,Ir=519.9)(9.9ms,g=13.0,I=84,Ir=653.1)(6.6ms,g=6.0,I=76,Ir=1913.8)
12-27 17:55:58.424     0     0 E         : [drm:sde_encoder_lineptr_callback:4406] late lineptr, headroom -13
12-27 17:55:58.431  2875 12231 I Vsync   : Vsync 2408:  1 x 14.51 ms (71.82 Hz, at 141761.890)
12-27 17:55:58.445  2875 12231 I Vsync   : Vsync 2409:  1 x 13.34 ms (71.82 Hz, at 141761.905)
12-27 17:55:58.540  3217  3532 I ClientSharedTelemetryStats: App memory usage: PSS=19 MiB, PrivateDirty=13 MiB, PrivateClean=1 MiB, GPU=0.9/0.9 MiB (100% allocated)
12-27 17:55:58.584   945  1423 I Tracking: RELOC_TIMER: Running localization in background with throttling - It's 33 seconds since first attempt, background timeout after 3600 seconds
12-27 17:55:58.584   945  1423 I Tracking: LocalizationStateMachine: Not scheduling fine localization since last fine reloc is < 1s old.
12-27 17:55:58.584   945  1423 I Tracking: LocalizationStateMachine: Not scheduling coarse localization since there is 1 successful reloc trial and mapper is probably still in ViT.
12-27 17:55:58.584   945  1423 I Tracking: VEGA_MAPPER: Did not schedule localization because in cooldown.
12-27 17:55:58.584   945  1423 I Tracking: RELOC_TIMER: Running localization in background with throttling - It's 33 seconds since first attempt, background timeout after 3600 seconds
12-27 17:55:58.667     0     0 W healthd : battery l=100 v=4288 t=25.7 h=2 st=4 c=-649902 fc=3749000 cc=3 chg=u
12-27 17:55:58.823   945  1423 I Tracking: RELOC_TIMER: Running localization in background with throttling - It's 33.24 seconds since first attempt, background timeout after 3600 seconds
12-27 17:55:58.824   945  1423 I Tracking: LocalizationStateMachine: Not scheduling fine localization since last fine reloc is < 1s old.
12-27 17:55:58.824   945  1423 I Tracking: LocalizationStateMachine: Not scheduling coarse localization since there is 1 successful reloc trial and mapper is probably still in ViT.
12-27 17:55:58.824   945  1423 I Tracking: VEGA_MAPPER: Did not schedule localization because in cooldown.
12-27 17:55:58.824   945  1423 I Tracking: RELOC_TIMER: Running localization in background with throttling - It's 33.24 seconds since first attempt, background timeout after 3600 seconds
12-27 17:55:59.003 11894 12444 I VrApi   : FPS=48/72,Prd=54ms,Tear=0,Early=2,Stale=29,Stale2/5/10/max=6/0/0/2,VSnc=0,Lat=-1,Fov=0,CPU4/GPU=5/4,1478/525MHz,OC=FF,TA=0/0/0,SP=N/N/N,Mem=2092MHz,Free=2508MB,PLS=0,Temp=25.7C/0.0C,TW=1.72ms,App=17.90ms,GD=0.00ms,CPU&GPU=33.17ms,LCnt=1(DR72,LM0),GPU%=0.94,CPU%=0.51(W0.52),DSF=1.00,CFL=14.01/19.81,ICFLp95=17.65,LD=0,SF=1.00,LP=0,DVFS=0
12-27 17:55:59.067   945  1423 I Tracking: RELOC_TIMER: Running localization in background with throttling - It's 33.48 seconds since first attempt, background timeout after 3600 seconds
12-27 17:55:59.067   945  1423 I Tracking: LocalizationStateMachine: Not scheduling coarse localization since there is 1 successful reloc trial and mapper is probably still in ViT.
12-27 17:55:59.067   945  1423 I Tracking: LocalizationStateMachine: LocalizationStateMachine updated from NoAction to FineLocalizationOnly
12-27 17:55:59.067   945  1423 I Tracking: VEGA_MAPPER: Scheduling localization on root nodes 3c06380f-0958-3898-3af7-75699c3213b3.
12-27 17:55:59.068   945  1423 I Tracking: RELOC_TIMER: Running localization in background with throttling - It's 33.48 seconds since first attempt, background timeout after 3600 seconds
12-27 17:55:59.072   945  1425 I Tracking: VIPER:DEEP_DESCRIPTOR: Computing Deep Descriptors using gravity orientation.
12-27 17:55:59.137   945  1423 I Tracking: VEGA_LOCALIZER: Fallback descriptor ratio in index 0.48805275559425354 is lower than threshold 0.7, skipping fallback matching
12-27 17:55:59.140   945  1423 I Tracking: VEGA_LOCALIZER: Obtained 35 matches from 993 keypoints using udeep descriptors
12-27 17:55:59.140   945  1423 I Tracking: VEGA_LOCALIZER: Obtained 35 total matches from 993 total keypoints
12-27 17:55:59.141   945  1425 I Tracking: LOCALIZATION_POSE_ESTIMATOR: No pose scoring method was provided, not doing pose scoring
12-27 17:55:59.142   945  1425 I Tracking: LOCALIZATION_POSE_ESTIMATOR: Clustered estimation results from: 1 to : 1
12-27 17:55:59.142   945  1425 I Tracking: LOCALIZATION_POSE_ESTIMATOR: Post-RANSAC iterative minimization converged? false, number of successful features: 2, number of inlier observations: 4
12-27 17:55:59.142   945  1425 I Tracking: LOCALIZATION_POSE_ESTIMATOR: Keeping RANSAC pose estimate, iterative-minimization result ignored.
12-27 17:55:59.142   945  1425 I Tracking: LOCALIZATION_POSE_ESTIMATOR: Removed 1 duplicate inliers from the localization result (before: 4, after: 3).
12-27 17:55:59.142   945  1425 I Tracking: LOCALIZATION_POSE_ESTIMATOR: removing duplicate inliers
12-27 17:55:59.142   945  1425 W Tracking: VEGA_LOCALIZER: RANSAC failure: didn't find enough inliers for next step. Needs at least 4, got 3.
12-27 17:55:59.306   945  1423 I Tracking: RELOC_TIMER: Running localization in background with throttling - It's 33.72 seconds since first attempt, background timeout after 3600 seconds
12-27 17:55:59.306   945  1423 I Tracking: LocalizationStateMachine: Not scheduling fine localization since last fine reloc is < 1s old.
12-27 17:55:59.306   945  1423 I Tracking: LocalizationStateMachine: Not scheduling coarse localization since there is 1 successful reloc trial and mapper is probably still in ViT.
12-27 17:55:59.306   945  1423 I Tracking: LocalizationStateMachine: LocalizationStateMachine updated from FineLocalizationOnly to NoAction
12-27 17:55:59.306   945  1423 I Tracking: VEGA_MAPPER: Did not schedule localization because in cooldown.
12-27 17:55:59.306   945  1423 I Tracking: RELOC_TIMER: Running localization in background with throttling - It's 33.72 seconds since first attempt, background timeout after 3600 seconds
12-27 17:55:59.433  2875 12231 I Vsync   : Vsync 2480:  1 x 14.48 ms (71.82 Hz, at 141762.893)
12-27 17:55:59.426     0     0 E         : [drm:sde_encoder_lineptr_callback:4406] late lineptr, headroom -3
12-27 17:55:59.448  2875 12231 I Vsync   : Vsync 2481:  1 x 13.36 ms (71.82 Hz, at 141762.907)
12-27 17:55:59.536  3141  3669 I ClientSharedTelemetryStats: App memory usage: PSS=37 MiB, PrivateDirty=29 MiB, PrivateClean=3 MiB, GPU=0.6/1.4 MiB (47% allocated)
12-27 17:55:59.545   945  1423 I Tracking: RELOC_TIMER: Running localization in background with throttling - It's 33.96 seconds since first attempt, background timeout after 3600 seconds
12-27 17:55:59.545   945  1423 I Tracking: LocalizationStateMachine: Not scheduling fine localization since last fine reloc is < 1s old.
12-27 17:55:59.545   945  1423 I Tracking: LocalizationStateMachine: Not scheduling coarse localization since there is 1 successful reloc trial and mapper is probably still in ViT.
12-27 17:55:59.545   945  1423 I Tracking: VEGA_MAPPER: Did not schedule localization because in cooldown.
12-27 17:55:59.545   945  1423 I Tracking: RELOC_TIMER: Running localization in background with throttling - It's 33.96 seconds since first attempt, background timeout after 3600 seconds
12-27 17:55:59.599   945 12141 I Tracking: BOLT:HexagonTelemetry: Global DSP utilization: 13.49% (674 / 5002 ms), Scalar Util: 78.75%, HVX Util: 44.68%, HMX Util: 0.00%.
12-27 17:55:59.781  2875 12231 I Vsync   : Vsync 2505:  1 x 14.32 ms (71.82 Hz, at 141763.241)
12-27 17:55:59.783   945  1423 I Tracking: RELOC_TIMER: Running localization in background with throttling - It's 34.2 seconds since first attempt, background timeout after 3600 seconds
12-27 17:55:59.783   945  1423 I Tracking: LocalizationStateMachine: Not scheduling fine localization since last fine reloc is < 1s old.
12-27 17:55:59.783   945  1423 I Tracking: LocalizationStateMachine: Not scheduling coarse localization since there is 1 successful reloc trial and mapper is probably still in ViT.
12-27 17:55:59.783   945  1423 I Tracking: VEGA_MAPPER: Did not schedule localization because in cooldown.
12-27 17:55:59.784   945  1423 I Tracking: RELOC_TIMER: Running localization in background with throttling - It's 34.2 seconds since first attempt, background timeout after 3600 seconds
12-27 17:55:59.849   945 12183 W Tracking: TIMESTAMPCHECKER: Nominal rate wrong. Estimated data rate: 25, Nominal is 30
12-27 17:56:00.003 11894 12444 I VrApi   : FPS=47/72,Prd=54ms,Tear=0,Early=2,Stale=34,Stale2/5/10/max=7/0/0/2,VSnc=0,Lat=-1,Fov=0,CPU4/GPU=5/4,1478/525MHz,OC=FF,TA=0/0/0,SP=N/N/N,Mem=2092MHz,Free=2508MB,PLS=0,Temp=25.7C/0.0C,TW=1.74ms,App=17.02ms,GD=0.00ms,CPU&GPU=35.89ms,LCnt=1(DR72,LM0),GPU%=0.92,CPU%=0.36(W0.41),DSF=1.00,CFL=14.00/19.34,ICFLp95=17.49,LD=0,SF=1.00,LP=0,DVFS=0
12-27 17:56:00.014   945 12183 I Tracking: boltlib: DSP utilization: 14.65 % (733 / 5001 ms)
12-27 17:56:00.032   945  1423 I Tracking: RELOC_TIMER: Running localization in background with throttling - It's 34.44 seconds since first attempt, background timeout after 3600 seconds
12-27 17:56:00.032   945  1423 I Tracking: LocalizationStateMachine: Not scheduling fine localization since last fine reloc is < 1s old.
12-27 17:56:00.032   945  1423 I Tracking: LocalizationStateMachine: Not scheduling coarse localization since there is 1 successful reloc trial and mapper is probably still in ViT.
12-27 17:56:00.032   945  1423 I Tracking: VEGA_MAPPER: Did not schedule localization because in cooldown.
12-27 17:56:00.032   945  1423 I Tracking: RELOC_TIMER: Running localization in background with throttling - It's 34.44 seconds since first attempt, background timeout after 3600 seconds
12-27 17:56:00.266   945  1423 I Tracking: RELOC_TIMER: Running localization in background with throttling - It's 34.68 seconds since first attempt, background timeout after 3600 seconds
12-27 17:56:00.266   945  1423 I Tracking: LocalizationStateMachine: Not scheduling coarse localization since there is 1 successful reloc trial and mapper is probably still in ViT.
12-27 17:56:00.266   945  1423 I Tracking: LocalizationStateMachine: LocalizationStateMachine updated from NoAction to FineLocalizationOnly
12-27 17:56:00.267   945  1423 I Tracking: VEGA_MAPPER: Scheduling localization on root nodes 3c06380f-0958-3898-3af7-75699c3213b3.
12-27 17:56:00.267   945  1423 I Tracking: RELOC_TIMER: Running localization in background with throttling - It's 34.68 seconds since first attempt, background timeout after 3600 seconds
12-27 17:56:00.272   945  1425 I Tracking: VIPER:DEEP_DESCRIPTOR: Computing Deep Descriptors using gravity orientation.
12-27 17:56:00.321   945  1423 I Tracking: VEGA_LOCALIZER: Fallback descriptor ratio in index 0.48805275559425354 is lower than threshold 0.7, skipping fallback matching
12-27 17:56:00.324   945  1423 I Tracking: VEGA_LOCALIZER: Obtained 35 matches from 995 keypoints using udeep descriptors
12-27 17:56:00.324   945  1423 I Tracking: VEGA_LOCALIZER: Obtained 35 total matches from 995 total keypoints
12-27 17:56:00.325   945  1425 I Tracking: LOCALIZATION_POSE_ESTIMATOR: No pose scoring method was provided, not doing pose scoring
12-27 17:56:00.326   945  1425 I Tracking: LOCALIZATION_POSE_ESTIMATOR: Clustered estimation results from: 1 to : 1
12-27 17:56:00.326   945  1425 I Tracking: LOCALIZATION_POSE_ESTIMATOR: Post-RANSAC iterative minimization converged? false, number of successful features: 2, number of inlier observations: 5
12-27 17:56:00.326   945  1425 I Tracking: LOCALIZATION_POSE_ESTIMATOR: Keeping RANSAC pose estimate, iterative-minimization result ignored.
12-27 17:56:00.326   945  1425 I Tracking: LOCALIZATION_POSE_ESTIMATOR: removing duplicate inliers
12-27 17:56:00.326   945  1425 W Tracking: VEGA_LOCALIZER: RANSAC failure: didn't find enough inliers for next step. Needs at least 4, got 3.
12-27 17:56:00.503   945  1423 I Tracking: RELOC_TIMER: Running localization in background with throttling - It's 34.92 seconds since first attempt, background timeout after 3600 seconds
12-27 17:56:00.503   945  1423 I Tracking: LocalizationStateMachine: Not scheduling fine localization since last fine reloc is < 1s old.
12-27 17:56:00.503   945  1423 I Tracking: LocalizationStateMachine: Not scheduling coarse localization since there is 1 successful reloc trial and mapper is probably still in ViT.
12-27 17:56:00.503   945  1423 I Tracking: LocalizationStateMachine: LocalizationStateMachine updated from FineLocalizationOnly to NoAction
12-27 17:56:00.504   945  1423 I Tracking: VEGA_MAPPER: Did not schedule localization because in cooldown.
12-27 17:56:00.504   945  1423 I Tracking: RELOC_TIMER: Running localization in background with throttling - It's 34.92 seconds since first attempt, background timeout after 3600 seconds
12-27 17:56:00.686  2875 12231 I Vsync   : Vsync 2570:  1 x 14.34 ms (71.82 Hz, at 141764.146)
12-27 17:56:00.701  2875 12231 I Vsync   : Vsync 2571:  1 x 13.50 ms (71.82 Hz, at 141764.161)
12-27 17:56:00.728  2875 12231 I Vsync   : Vsync 2573:  1 x 14.29 ms (71.82 Hz, at 141764.188)
12-27 17:56:00.746   945  1423 I Tracking: RELOC_TIMER: Running localization in background with throttling - It's 35.16 seconds since first attempt, background timeout after 3600 seconds
12-27 17:56:00.746   945  1423 I Tracking: LocalizationStateMachine: Not scheduling fine localization since last fine reloc is < 1s old.
12-27 17:56:00.746   945  1423 I Tracking: LocalizationStateMachine: Not scheduling coarse localization since there is 1 successful reloc trial and mapper is probably still in ViT.
12-27 17:56:00.746   945  1423 I Tracking: VEGA_MAPPER: Did not schedule localization because in cooldown.
12-27 17:56:00.747   945  1423 I Tracking: RELOC_TIMER: Running localization in background with throttling - It's 35.16 seconds since first attempt, background timeout after 3600 seconds
12-27 17:56:00.855  1152  1574 D SntpClient: request time failed: java.net.SocketTimeoutException: Poll timed out
12-27 17:56:00.855  1152  1574 D SntpClient: request time failed
12-27 17:56:00.937  2875 12231 I Vsync   : Vsync 2588:  1 x 14.40 ms (71.87 Hz, at 141764.396)
12-27 17:56:00.930     0     0 E         : [drm:sde_encoder_lineptr_callback:4406] late lineptr, headroom 31
12-27 17:56:00.951  2875 12231 I Vsync   : Vsync 2589:  1 x 13.45 ms (71.87 Hz, at 141764.411)
12-27 17:56:00.982   945  1423 I Tracking: RELOC_TIMER: Running localization in background with throttling - It's 35.4 seconds since first attempt, background timeout after 3600 seconds
12-27 17:56:00.982   945  1423 I Tracking: LocalizationStateMachine: Not scheduling fine localization since last fine reloc is < 1s old.
12-27 17:56:00.982   945  1423 I Tracking: LocalizationStateMachine: Not scheduling coarse localization since there is 1 successful reloc trial and mapper is probably still in ViT.
12-27 17:56:00.982   945  1423 I Tracking: VEGA_MAPPER: Did not schedule localization because in cooldown.
12-27 17:56:00.982   945  1423 I Tracking: RELOC_TIMER: Running localization in background with throttling - It's 35.4 seconds since first attempt, background timeout after 3600 seconds
12-27 17:56:01.003 11894 12444 I VrApi   : FPS=48/72,Prd=54ms,Tear=0,Early=4,Stale=30,Stale2/5/10/max=5/0/0/3,VSnc=0,Lat=-1,Fov=0,CPU4/GPU=5/4,1478/525MHz,OC=FF,TA=0/0/0,SP=N/N/N,Mem=2092MHz,Free=2508MB,PLS=0,Temp=25.7C/0.0C,TW=1.71ms,App=18.32ms,GD=0.00ms,CPU&GPU=33.21ms,LCnt=1(DR72,LM0),GPU%=0.97,CPU%=0.44(W0.50),DSF=1.00,CFL=13.79/19.59,ICFLp95=17.38,LD=0,SF=1.00,LP=0,DVFS=0
12-27 17:56:01.020  2875 12231 I Vsync   : Vsync 2594:  1 x 14.31 ms (71.87 Hz, at 141764.480)
12-27 17:56:01.223   945  1423 I Tracking: RELOC_TIMER: Running localization in background with throttling - It's 35.64 seconds since first attempt, background timeout after 3600 seconds
12-27 17:56:01.223   945  1423 I Tracking: LocalizationStateMachine: Not scheduling fine localization since last fine reloc is < 1s old.
12-27 17:56:01.223   945  1423 I Tracking: LocalizationStateMachine: Not scheduling coarse localization since there is 1 successful reloc trial and mapper is probably still in ViT.
12-27 17:56:01.223   945  1423 I Tracking: VEGA_MAPPER: Did not schedule localization because in cooldown.
12-27 17:56:01.223   945  1423 I Tracking: RELOC_TIMER: Running localization in background with throttling - It's 35.64 seconds since first attempt, background timeout after 3600 seconds
12-27 17:56:01.466   945 12183 I Tracking: VIPER: Mode=SuperVega,Status=6DoF,TRACKING,Inl=33,Mem=91.4,Jit=0.7mm,Issues(Cam/min=0.0,IMU/min=0.0),Exp=(8.3ms,g=10.0,I=64,Ir=764.0)(12.0ms,g=14.0,I=55,Ir=327.4)(12.0ms,g=14.0,I=79,Ir=467.0)(6.3ms,g=6.0,I=74,Ir=1938.5)
12-27 17:56:01.468   945  1423 I Tracking: RELOC_TIMER: Running localization in background with throttling - It's 35.88 seconds since first attempt, background timeout after 3600 seconds
12-27 17:56:01.468   945  1423 I Tracking: LocalizationStateMachine: Not scheduling coarse localization since there is 1 successful reloc trial and mapper is probably still in ViT.
12-27 17:56:01.468   945  1423 I Tracking: LocalizationStateMachine: LocalizationStateMachine updated from NoAction to FineLocalizationOnly
12-27 17:56:01.468   945  1423 I Tracking: VEGA_MAPPER: Scheduling localization on root nodes 3c06380f-0958-3898-3af7-75699c3213b3.
12-27 17:56:01.468   945  1423 I Tracking: RELOC_TIMER: Running localization in background with throttling - It's 35.88 seconds since first attempt, background timeout after 3600 seconds
12-27 17:56:01.474   945  1425 I Tracking: VIPER:DEEP_DESCRIPTOR: Computing Deep Descriptors using gravity orientation.
12-27 17:56:01.523   945  1423 I Tracking: VEGA_LOCALIZER: Fallback descriptor ratio in index 0.48805275559425354 is lower than threshold 0.7, skipping fallback matching
12-27 17:56:01.526   945  1423 I Tracking: VEGA_LOCALIZER: Obtained 39 matches from 994 keypoints using udeep descriptors
12-27 17:56:01.526   945  1423 I Tracking: VEGA_LOCALIZER: Obtained 39 total matches from 994 total keypoints
12-27 17:56:01.527   945  1425 I Tracking: LOCALIZATION_POSE_ESTIMATOR: No pose scoring method was provided, not doing pose scoring
12-27 17:56:01.529   945  1425 I Tracking: LOCALIZATION_POSE_ESTIMATOR: Clustered estimation results from: 1 to : 1
12-27 17:56:01.530   945  1425 I Tracking: LOCALIZATION_POSE_ESTIMATOR: Post-RANSAC iterative minimization converged? false, number of successful features: 0, number of inlier observations: 0
12-27 17:56:01.530   945  1425 I Tracking: LOCALIZATION_POSE_ESTIMATOR: Keeping RANSAC pose estimate, iterative-minimization result ignored.
12-27 17:56:01.530   945  1425 I Tracking: LOCALIZATION_POSE_ESTIMATOR: Removed 2 duplicate inliers from the localization result (before: 4, after: 2).
12-27 17:56:01.530   945  1425 I Tracking: LOCALIZATION_POSE_ESTIMATOR: removing duplicate inliers
12-27 17:56:01.530   945  1425 W Tracking: VEGA_LOCALIZER: RANSAC failure: didn't find enough inliers for next step. Needs at least 4, got 2.
12-27 17:56:01.705   945  1423 I Tracking: RELOC_TIMER: Running localization in background with throttling - It's 36.12 seconds since first attempt, background timeout after 3600 seconds
12-27 17:56:01.705   945  1423 I Tracking: LocalizationStateMachine: Not scheduling fine localization since last fine reloc is < 1s old.
12-27 17:56:01.705   945  1423 I Tracking: LocalizationStateMachine: Not scheduling coarse localization since there is 1 successful reloc trial and mapper is probably still in ViT.
12-27 17:56:01.705   945  1423 I Tracking: LocalizationStateMachine: LocalizationStateMachine updated from FineLocalizationOnly to NoAction
12-27 17:56:01.706   945  1423 I Tracking: VEGA_MAPPER: Did not schedule localization because in cooldown.
12-27 17:56:01.706   945  1423 I Tracking: RELOC_TIMER: Running localization in background with throttling - It's 36.12 seconds since first attempt, background timeout after 3600 seconds
12-27 17:56:01.849   945 12183 W Tracking: TIMESTAMPCHECKER: Nominal rate wrong. Estimated data rate: 25, Nominal is 30
12-27 17:56:01.943   945  1423 I Tracking: RELOC_TIMER: Running localization in background with throttling - It's 36.36 seconds since first attempt, background timeout after 3600 seconds
12-27 17:56:01.943   945  1423 I Tracking: LocalizationStateMachine: Not scheduling fine localization since last fine reloc is < 1s old.
12-27 17:56:01.943   945  1423 I Tracking: LocalizationStateMachine: Not scheduling coarse localization since there is 1 successful reloc trial and mapper is probably still in ViT.
12-27 17:56:01.943   945  1423 I Tracking: VEGA_MAPPER: Did not schedule localization because in cooldown.
12-27 17:56:01.943   945  1423 I Tracking: RELOC_TIMER: Running localization in background with throttling - It's 36.36 seconds since first attempt, background timeout after 3600 seconds
12-27 17:56:01.995  2875 12231 I Vsync   : Vsync 2664:  1 x 14.40 ms (71.82 Hz, at 141765.455)
12-27 17:56:01.988     0     0 E         : [drm:sde_encoder_lineptr_callback:4406] late lineptr, headroom 32
12-27 17:56:02.003 11894 12444 I VrApi   : FPS=47/72,Prd=54ms,Tear=0,Early=2,Stale=29,Stale2/5/10/max=3/0/0/2,VSnc=0,Lat=-1,Fov=0,CPU4/GPU=5/4,1478/525MHz,OC=FF,TA=0/0/0,SP=N/N/N,Mem=2092MHz,Free=2508MB,PLS=0,Temp=25.7C/0.0C,TW=1.71ms,App=17.59ms,GD=0.00ms,CPU&GPU=33.25ms,LCnt=1(DR72,LM0),GPU%=0.99,CPU%=0.49(W0.55),DSF=1.00,CFL=14.04/19.46,ICFLp95=17.60,LD=0,SF=1.00,LP=0,DVFS=0
12-27 17:56:02.009  2875 12231 I Vsync   : Vsync 2665:  1 x 13.44 ms (71.82 Hz, at 141765.469)
12-27 17:56:02.037  2875 12231 I Vsync   : Vsync 2667:  1 x 14.42 ms (71.82 Hz, at 141765.497)
12-27 17:56:02.030     0     0 E         : [drm:sde_encoder_lineptr_callback:4406] late lineptr, headroom 23
12-27 17:56:02.051  2875 12231 I Vsync   : Vsync 2668:  1 x 13.42 ms (71.82 Hz, at 141765.511)
12-27 17:56:02.183   945  1423 I Tracking: RELOC_TIMER: Running localization in background with throttling - It's 36.6 seconds since first attempt, background timeout after 3600 seconds
12-27 17:56:02.183   945  1423 I Tracking: LocalizationStateMachine: Not scheduling fine localization since last fine reloc is < 1s old.
12-27 17:56:02.184   945  1423 I Tracking: LocalizationStateMachine: Not scheduling coarse localization since there is 1 successful reloc trial and mapper is probably still in ViT.
12-27 17:56:02.184   945  1423 I Tracking: VEGA_MAPPER: Did not schedule localization because in cooldown.
12-27 17:56:02.184   945  1423 I Tracking: RELOC_TIMER: Running localization in background with throttling - It's 36.6 seconds since first attempt, background timeout after 3600 seconds
12-27 17:56:02.192  2078  2093 E LoggingErrorHandler: Retrofit error, url: [https://graph.oculus.com/authenticate_application], kind: [NETWORK], status: [0 - ], headers: , body: []
12-27 17:56:02.192  2078  2093 E ExternalPlatformNetwork: could not get access token from the server for 'com.oculus.shellenv'
12-27 17:56:02.192  2078  2093 E AppScopedAccessTokenResultBuilder: ResultBuilder error has been set to: Unable to resolve host "graph.oculus.com": No address associated with hostname
12-27 17:56:02.192  2078  2093 E com.oculus.platform.util.Util: operation failed
12-27 17:56:02.193  1985  2904 I OVRPlatform: [RequestStopwatch] AccessTokenRequest took 7.7700 milliseconds
12-27 17:56:02.257  1985  2764 E Clay    : Oculus Platform SDK failed to get access token with error 'Unable to resolve host "graph.oculus.com": No address associated with hostname'
12-27 17:56:02.420   945  1423 I Tracking: Vega:MapBuilderBase: Created keyRig with frameID 936 and uid 37826146
12-27 17:56:02.422   945  1423 I Tracking: RELOC_TIMER: Running localization in background with throttling - It's 36.84 seconds since first attempt, background timeout after 3600 seconds
12-27 17:56:02.422   945  1423 I Tracking: LocalizationStateMachine: Not scheduling fine localization since last fine reloc is < 1s old.
12-27 17:56:02.422   945  1423 I Tracking: LocalizationStateMachine: Not scheduling coarse localization since there is 1 successful reloc trial and mapper is probably still in ViT.
12-27 17:56:02.423   945  1423 I Tracking: KEYPOINT_CACHE: New keyrig added has 245 corners and 96 tracks to immature points @ frameID=936, processingTs=141765.879495867 [sec]
12-27 17:56:02.423   945  1423 I Tracking: VEGA_MAPPER: Did not schedule localization because in cooldown.
12-27 17:56:02.423   945  1423 I Tracking: RELOC_TIMER: Running localization in background with throttling - It's 36.84 seconds since first attempt, background timeout after 3600 seconds
12-27 17:56:02.420     0     0 E         : [drm:sde_encoder_lineptr_callback:4406] late lineptr, headroom 16
12-27 17:56:02.427  2875 12231 I Vsync   : Vsync 2695:  1 x 14.44 ms (71.82 Hz, at 141765.886)
12-27 17:56:02.430   945  1423 I Tracking: VegaBAOptimize: Num points adjusted: 217 fixed: 0 Num residuals in-in: 1580 in-out: 131 out-in: 0 fixed (out-out): 0 outside ROI: 0 total: 1711
12-27 17:56:02.431   945  1423 I Tracking: VegaBAOptimize: Total: neighbor 1 L1s, adjust 1 L1s. KRs 14, Points 217, Cameras 56, FixedKr (small bubble) 1 (1), AdjustKR 13, Imus 13
12-27 17:56:02.441  2875 12231 I Vsync   : Vsync 2696:  1 x 13.42 ms (71.82 Hz, at 141765.901)
12-27 17:56:02.488   945  1425 I Tracking: VEGA_LOCALIZER: Computed 1008 orb descriptors that will be used for PBR or Orphans descriptor
12-27 17:56:02.488   945  1425 I Tracking: VEGA_LOCALIZER: Computed 1074 udeep descriptors that will be used for PBR or Orphans descriptor
12-27 17:56:02.495   945  1423 I Tracking: VegaBAOptimize: resRemoved = 26, pntRemoved = 0
