12-26 23:30:32.339 28792 15311 E [SUI] SettingsAssistantJsonBuilder: Missing assistant ID for setting wifi_connect_disconnect
12-26 23:30:32.339 28792 15311 D [SUI] SettingsAssistantJsonBuilder: Skipped NULL setting: NULL
12-26 23:30:32.339 28792 15311 D [SUI] SettingsAssistantJsonBuilder: Skipped existing setting: CONTROLLERS
12-26 23:30:32.339 28792 15311 E [SUI] SettingsAssistantJsonBuilder: Missing assistant ID for setting wifi_ssid
12-26 23:30:32.339 28792 15311 D [SUI] SettingsAssistantJsonBuilder: Skipped NULL setting: NULL
12-26 23:30:32.339 28792 15311 D [SUI] SettingsAssistantJsonBuilder: Registering setting PERSONALIZATION with route systemux://settings/environment?setting=personalization_grid_tile
12-26 23:30:32.339 28792 15311 D [SUI] SettingsAssistantJsonBuilder: Skipped existing setting: BUG_REPORT
12-26 23:30:32.339 28792 15311 D [SUI] SettingsAssistantJsonBuilder: Skipped existing setting: VIDEO_CAPTURE
12-26 23:30:32.339 28792 15311 D [SUI] SettingsAssistantJsonBuilder: Registering setting PRIVACY_DEVICE_PERMISSIONS with route systemux://settings/device_permissions?setting=device_permissions_sidenav
12-26 23:30:32.339 28792 15311 D [SUI] SettingsAssistantJsonBuilder: Registering setting HEADSET_SPEED with route systemux://settings/boundary?setting=boundary_headset_speed_sensitivity
12-26 23:30:32.339 28792 15311 D [SUI] SettingsAssistantJsonBuilder: Skipped existing setting: NOTIFICATIONS
12-26 23:30:32.339 28792 15311 D [SUI] SettingsAssistantJsonBuilder: Registering setting AUTO_OS_NORMAL_UPDATES with route systemux://settings/software_update?setting=auto_os_normal_updates
12-26 23:30:32.339 28792 15311 D [SUI] SettingsAssistantJsonBuilder: Registering setting CONTROLLER_DISTANCE with route systemux://settings/boundary?setting=boundary_controller_distance_sensitivity
12-26 23:30:32.339 28792 15311 D [SUI] SettingsAssistantJsonBuilder: Registering setting PERSONALIZATION_TEXT with route systemux://settings/text_personalization?setting=personalization_text_section
12-26 23:30:32.339 28792 15311 D [SUI] SettingsAssistantJsonBuilder: Registering setting DEV_GUARDIAN with route systemux://settings/developer?setting=guardian_toggle
12-26 23:30:32.339 28792 15311 D [SUI] SettingsAssistantJsonBuilder: Registering setting APP_PERMISSIONS with route systemux://settings/permissions?setting=apps_permissions_grid_tile
12-26 23:30:32.339 28792 15311 D [SUI] SettingsAssistantJsonBuilder: Skipped existing setting: SWAP_HANDEDNESS
12-26 23:30:32.339 28792 15311 D [SUI] SettingsProvider: disconnectFromService with total client count = 0
12-26 23:30:32.340   945  1425 I Tracking: LOCALIZATION_POSE_ESTIMATOR: No pose scoring method was provided, not doing pose scoring
12-26 23:30:32.341 28792 28792 D [SUI] SettingsService: onDestroy
12-26 23:30:32.341   945  1425 I Tracking: LOCALIZATION_POSE_ESTIMATOR: Clustered estimation results from: 1 to : 1
12-26 23:30:32.341   945  1425 I Tracking: LOCALIZATION_POSE_ESTIMATOR: Post-RANSAC iterative minimization converged? true, number of successful features: 3, number of inlier observations: 4
12-26 23:30:32.342   945  1425 I Tracking: LOCALIZATION_POSE_ESTIMATOR: Removed 1 duplicate inliers from the localization result (before: 3, after: 2).
12-26 23:30:32.342   945  1425 I Tracking: LOCALIZATION_POSE_ESTIMATOR: removing duplicate inliers
12-26 23:30:32.342   945  1425 W Tracking: VEGA_LOCALIZER: RANSAC failure: didn't find enough inliers for next step. Needs at least 4, got 2.
12-26 23:30:32.342 28792 28792 I PresenceAPK(ServicePresenceClient): ServicePresenceClient close
12-26 23:30:32.342 28792 28792 I PresenceAPK(GroupManager): removeListener with id AnchoredHomeGroup
12-26 23:30:32.342 28792 28792 I PresenceAPK(ServiceApiManager): onApiNotReady
12-26 23:30:32.342 28792 28792 I PresenceAPK(ServiceApiManager): api was already not ready
12-26 23:30:32.343   945  1423 I Tracking: VEGA_LOCALIZER: Added 117/135 orb descriptors to the index. It has 2008 descriptors for 209 points, with stdev: 0.64 and max: 3.31.
12-26 23:30:32.346 28792 15311 D [SUI] AnytimeUIPanelApp: Stored settings in pref store in 4574948 ns
12-26 23:30:32.355   945  1423 I Tracking: VEGA_LOCALIZER: Added place descriptor to keyrig h[67, 29]. PBR meta: type: vlad, descriptor: orb, version: 1, num_words: 256
12-26 23:30:32.355 28792 30279 I OpenGLRenderer: Davey! duration=9223296601061ms; Flags=0, FrameTimelineVsyncId=235919, IntendedVsync=75435765832995, Vsync=75435765832995, InputEventId=0, HandleInputStart=75435766178930, AnimationStart=75435766180649, PerformTraversalsStart=75435766353930, DrawStart=75435766407003, FrameDeadline=75435800944102, FrameInterval=75435766172732, FrameStartTime=8333333, SyncQueued=75435766425336, SyncStart=75435793828617, IssueDrawCommandsStart=75435793917680, SwapBuffers=75435794614295, FrameCompleted=9223372036854775807, DequeueBufferDuration=13906, QueueBufferDuration=438594, GpuCompleted=9223372036854775807, SwapBuffersCompleted=75435795271274, DisplayPresentTime=0, 
12-26 23:30:32.358   945  1423 I Tracking: VEGA_LOCALIZER: Added 122/148 udeep descriptors to the index. It has 2095 descriptors for 209 points, with stdev: 0.84 and max: 5.13.
12-26 23:30:32.361   945  1423 I Tracking: VEGA_LOCALIZER: Added place descriptor to keyrig h[67, 29]. PBR meta: type: vlad, descriptor: udeep, version: 1, num_words: 256
12-26 23:30:32.362   945  1423 I Tracking: VEGA_LOCALIZER: New descriptors added - Regular: 239, Immature: 0, Resampled by OrphanDescriptors: 0. # Total descriptors: 2008 fallback and 2095 primary.
12-26 23:30:32.382 28792 30279 I OpenGLRenderer: Davey! duration=9223296601040ms; Flags=0, FrameTimelineVsyncId=235924, IntendedVsync=75435807592408, Vsync=75435807592408, InputEventId=0, HandleInputStart=75435809187367, AnimationStart=75435809188826, PerformTraversalsStart=75435809357784, DrawStart=75435809425180, FrameDeadline=75435842703515, FrameInterval=75435809179972, FrameStartTime=8333333, SyncQueued=75435809448826, SyncStart=75435815672003, IssueDrawCommandsStart=75435815752784, SwapBuffers=75435816585388, FrameCompleted=9223372036854775807, DequeueBufferDuration=10990, QueueBufferDuration=510782, GpuCompleted=9223372036854775807, SwapBuffersCompleted=75435817279190, DisplayPresentTime=0, 
12-26 23:30:32.392  3210  3223 E AnalyticsEvent: could not set key=selection_args value=null
12-26 23:30:32.393  3210  3223 D CapabilitiesProvider: Capabilities Content Provider called content://com.oculus.identitymanagement.capabilities.contentprovider/account/activeuser/capabilities/com.oculus.capability.social.all, selection= null, selectionArgs=null, sortOrder= null
12-26 23:30:32.396 28792 30279 I OpenGLRenderer: Davey! duration=9223296601033ms; Flags=0, FrameTimelineVsyncId=235926, IntendedVsync=75435821515041, Vsync=75435821515041, InputEventId=0, HandleInputStart=75435821867420, AnimationStart=75435821868930, PerformTraversalsStart=75435822076690, DrawStart=75435822148097, FrameDeadline=75435856626148, FrameInterval=75435821859295, FrameStartTime=8333333, SyncQueued=75435822182159, SyncStart=75435822204659, IssueDrawCommandsStart=75435822435961, SwapBuffers=75435827555180, FrameCompleted=9223372036854775807, DequeueBufferDuration=3928334, QueueBufferDuration=8271511, GpuCompleted=9223372036854775807, SwapBuffersCompleted=75435836079347, DisplayPresentTime=0, 
12-26 23:30:32.398 28792 28792 D [SUI] SystemUXFunnelLogServerLogger: VPV Event: oculus_impressions_tile_vpved PersistableBundle[{duration=250, surface=AUI, rawclienttime=1703615432389, utl_uptime_ms=75435849, aui_section=pinned, aui_position_in_section=0, content_id=2646830762095036, position=0, content_type=APP, utl_realtime_ms=79820858, aui_in_app=true, position_x=0, position_y=0}]
12-26 23:30:32.399  3210  3223 E AnalyticsEvent: could not set key=selection_args value=null
12-26 23:30:32.399  3210  3223 D CapabilitiesProvider: Capabilities Content Provider called content://com.oculus.identitymanagement.capabilities.contentprovider/account/activeuser/capabilities/com.oculus.capability.social.all, selection= null, selectionArgs=null, sortOrder= null
12-26 23:30:32.401 28792 28792 D [SUI] SystemUXFunnelLogServerLogger: VPV Event: oculus_impressions_tile_vpved PersistableBundle[{duration=250, surface=AUI, rawclienttime=1703615432389, utl_uptime_ms=75435857, aui_section=pinned, aui_position_in_section=1, content_id=3209391179128490, position=1, content_type=APP, utl_realtime_ms=79820866, aui_in_app=true, position_x=1, position_y=0}]
12-26 23:30:32.402  3210  3224 E AnalyticsEvent: could not set key=selection_args value=null
12-26 23:30:32.404  3210  3224 D CapabilitiesProvider: Capabilities Content Provider called content://com.oculus.identitymanagement.capabilities.contentprovider/account/activeuser/capabilities/com.oculus.capability.social.all, selection= null, selectionArgs=null, sortOrder= null
12-26 23:30:32.407 28792 28792 D [SUI] SystemUXFunnelLogServerLogger: VPV Event: oculus_impressions_tile_vpved PersistableBundle[{duration=250, surface=AUI, rawclienttime=1703615432389, utl_uptime_ms=75435861, aui_section=pinned, aui_position_in_section=2, content_id=messenger_system_app, position=2, content_type=APP, utl_realtime_ms=79820869, aui_in_app=true, position_x=2, position_y=0}]
12-26 23:30:32.407 28792 28792 D [SUI] SystemUXFunnelLogServerLogger: VPV Event: oculus_impressions_tile_vpved PersistableBundle[{duration=250, surface=AUI, rawclienttime=1703615432389, utl_uptime_ms=75435866, aui_section=pinned, aui_position_in_section=3, content_id=share_system_app, position=3, content_type=APP, utl_realtime_ms=79820875, aui_in_app=true, position_x=3, position_y=0}]
12-26 23:30:32.407 28792 28792 D [SUI] SystemUXFunnelLogServerLogger: VPV Event: oculus_impressions_tile_vpved PersistableBundle[{duration=250, surface=AUI, rawclienttime=1703615432389, utl_uptime_ms=75435866, aui_section=recent, aui_position_in_section=0, content_id=com.epicgames.AtomVR, position=5, content_type=APP, utl_realtime_ms=79820875, aui_in_app=true, position_x=5, position_y=0}]
12-26 23:30:32.409 28792  4422 I OpenGLRenderer: Davey! duration=9223296601019ms; Flags=0, FrameTimelineVsyncId=235928, IntendedVsync=75435835439661, Vsync=75435835439661, InputEventId=0, HandleInputStart=75435835979711, AnimationStart=75435835981378, PerformTraversalsStart=75435836269659, DrawStart=75435836325232, FrameDeadline=75435870550768, FrameInterval=75435835969867, FrameStartTime=8333333, SyncQueued=75435836344503, SyncStart=75435836364815, IssueDrawCommandsStart=75435836439711, SwapBuffers=75435842612784, FrameCompleted=9223372036854775807, DequeueBufferDuration=5462656, QueueBufferDuration=13940833, GpuCompleted=9223372036854775807, SwapBuffersCompleted=75435856732680, DisplayPresentTime=0, 
12-26 23:30:32.415   945 15068 W Tracking: TIMESTAMPCHECKER: Nominal rate wrong. Estimated data rate: 25, Nominal is 30
12-26 23:30:32.421 28792  4422 I OpenGLRenderer: Davey! duration=9223296601005ms; Flags=0, FrameTimelineVsyncId=235930, IntendedVsync=75435849358452, Vsync=75435866025118, InputEventId=0, HandleInputStart=75435866839920, AnimationStart=75435866841274, PerformTraversalsStart=75435866983774, DrawStart=75435867063357, FrameDeadline=75435884469559, FrameInterval=75435866835128, FrameStartTime=8333333, SyncQueued=75435867087159, SyncStart=75435867123357, IssueDrawCommandsStart=75435867231847, SwapBuffers=75435867941847, FrameCompleted=9223372036854775807, DequeueBufferDuration=12708, QueueBufferDuration=8053438, GpuCompleted=9223372036854775807, SwapBuffersCompleted=75435876326222, DisplayPresentTime=0, 
12-26 23:30:32.449 28792  4422 I OpenGLRenderer: Davey! duration=9223296600977ms; Flags=0, FrameTimelineVsyncId=235934, IntendedVsync=75435877204283, Vsync=75435877204283, InputEventId=0, HandleInputStart=75435877630909, AnimationStart=75435877632524, PerformTraversalsStart=75435877835180, DrawStart=75435877913826, FrameDeadline=75435912315390, FrameInterval=75435877620128, FrameStartTime=8333333, SyncQueued=75435877938982, SyncStart=75435877971690, IssueDrawCommandsStart=75435878091013, SwapBuffers=75435879035961, FrameCompleted=9223372036854775807, DequeueBufferDuration=22239, QueueBufferDuration=16538333, GpuCompleted=9223372036854775807, SwapBuffersCompleted=75435895866326, DisplayPresentTime=0, 
12-26 23:30:32.470   945  1423 I Tracking: LocalizationStateMachine: All 1 submap set to load (and no more) are already in memory
12-26 23:30:32.470   945  1423 I Tracking: LocalizationStateMachine: Ignoring submap sets to be loaded since they are already all in memory.
12-26 23:30:32.470   945  1423 I Tracking: LocalizationStateMachine: Not scheduling coarse localization since last coarse reloc is < 1s old.
12-26 23:30:32.470   945  1423 I Tracking: LocalizationStateMachine: LocalizationStateMachine updated from CoarseAndFineLocalization to FineLocalizationOnly
12-26 23:30:32.470   945  1423 I Tracking: VEGA_MAPPER: Scheduling localization on root nodes 3c06380f-0958-3898-3af7-75699c3213b3.
12-26 23:30:32.478 28792  4422 I OpenGLRenderer: Davey! duration=9223296600939ms; Flags=0, FrameTimelineVsyncId=235938, IntendedVsync=75435905049341, Vsync=75435905049341, InputEventId=0, HandleInputStart=75435905426586, AnimationStart=75435905427784, PerformTraversalsStart=75435905769034, DrawStart=75435905825857, FrameDeadline=75435940160448, FrameInterval=75435905418930, FrameStartTime=8333333, SyncQueued=75435905848409, SyncStart=75435915669920, IssueDrawCommandsStart=75435915793045, SwapBuffers=75435916509242, FrameCompleted=9223372036854775807, DequeueBufferDuration=22188, QueueBufferDuration=305261, GpuCompleted=9223372036854775807, SwapBuffersCompleted=75435916986430, DisplayPresentTime=0, 
12-26 23:30:32.493  1682  1682 D ControllerNotifications: Enabling notifications
12-26 23:30:32.496  1682  1682 I ControllerNotifications: Updating input notifications based on state ConnectedBatteryNormal
12-26 23:30:32.513   945 15023 I Tracking: BOLT:HexagonTelemetry: Global DSP utilization: 16.00% (640 / 4002 ms), Scalar Util: 95.92%, HVX Util: 52.56%, HMX Util: 0.00%.
12-26 23:30:32.519 28792  4422 I OpenGLRenderer: Davey! duration=9223296600907ms; Flags=0, FrameTimelineVsyncId=235944, IntendedVsync=75435946817483, Vsync=75435946817483, InputEventId=0, HandleInputStart=75435947182784, AnimationStart=75435947185753, PerformTraversalsStart=75435947404867, DrawStart=75435947474711, FrameDeadline=75435981928590, FrameInterval=75435947171534, FrameStartTime=8333333, SyncQueued=75435947505544, SyncStart=75435947559399, IssueDrawCommandsStart=75435947643669, SwapBuffers=75435951274138, FrameCompleted=9223372036854775807, DequeueBufferDuration=2632240, QueueBufferDuration=5339896, GpuCompleted=9223372036854775807, SwapBuffersCompleted=75435956869972, DisplayPresentTime=0, 
12-26 23:30:32.533 28792  4422 I OpenGLRenderer: Davey! duration=9223296600893ms; Flags=0, FrameTimelineVsyncId=235946, IntendedVsync=75435960738711, Vsync=75435960738711, InputEventId=0, HandleInputStart=75435961185232, AnimationStart=75435961186899, PerformTraversalsStart=75435961382940, DrawStart=75435961438878, FrameDeadline=75435995849818, FrameInterval=75435961178513, FrameStartTime=8333333, SyncQueued=75435961459763, SyncStart=75435961498305, IssueDrawCommandsStart=75435961606742, SwapBuffers=75435966137836, FrameCompleted=9223372036854775807, DequeueBufferDuration=3668750, QueueBufferDuration=11870573, GpuCompleted=9223372036854775807, SwapBuffersCompleted=75435978310232, DisplayPresentTime=0, 
12-26 23:30:32.534   945  1423 I Tracking: VEGA_LOCALIZER: Fallback descriptor ratio in index 0.4893980026245117 is lower than threshold 0.7, skipping fallback matching
12-26 23:30:32.539   945  1423 I Tracking: VEGA_LOCALIZER: Obtained 40 matches from 987 keypoints using udeep descriptors
12-26 23:30:32.539   945  1423 I Tracking: VEGA_LOCALIZER: Obtained 40 total matches from 987 total keypoints
12-26 23:30:32.540   945  1425 I Tracking: LOCALIZATION_POSE_ESTIMATOR: No pose scoring method was provided, not doing pose scoring
12-26 23:30:32.541   945  1425 I Tracking: LOCALIZATION_POSE_ESTIMATOR: Clustered estimation results from: 1 to : 1
12-26 23:30:32.541   945  1425 I Tracking: LOCALIZATION_POSE_ESTIMATOR: Post-RANSAC iterative minimization converged? false, number of successful features: 2, number of inlier observations: 5
12-26 23:30:32.541   945  1425 I Tracking: LOCALIZATION_POSE_ESTIMATOR: Keeping RANSAC pose estimate, iterative-minimization result ignored.
12-26 23:30:32.541   945  1425 I Tracking: LOCALIZATION_POSE_ESTIMATOR: Removed 1 duplicate inliers from the localization result (before: 4, after: 3).
12-26 23:30:32.541   945  1425 I Tracking: LOCALIZATION_POSE_ESTIMATOR: removing duplicate inliers
12-26 23:30:32.541   945  1425 W Tracking: VEGA_LOCALIZER: RANSAC failure: didn't find enough inliers for next step. Needs at least 4, got 3.
12-26 23:30:32.545  1152  1574 D SntpClient: request time failed: java.net.SocketTimeoutException: Poll timed out
12-26 23:30:32.546  1152  1574 D SntpClient: request time failed
12-26 23:30:32.548  2875 15089 I CompositorProgs: Using GLES Version 310
12-26 23:30:32.550  2875 15089 I CompositorProgs: loaded binary layerProgram :0x100000048002:0x in 2.4 ms
12-26 23:30:32.564 28792  4422 I OpenGLRenderer: Davey! duration=9223296600856ms; Flags=0, FrameTimelineVsyncId=235950, IntendedVsync=75435988592158, Vsync=75435988592158, InputEventId=0, HandleInputStart=75435988972836, AnimationStart=75435988974399, PerformTraversalsStart=75435989149555, DrawStart=75435989199972, FrameDeadline=75436023703265, FrameInterval=75435988965336, FrameStartTime=8333333, SyncQueued=75435989216899, SyncStart=75435998819138, IssueDrawCommandsStart=75435998923201, SwapBuffers=75435999899399, FrameCompleted=9223372036854775807, DequeueBufferDuration=17760, QueueBufferDuration=518750, GpuCompleted=9223372036854775807, SwapBuffersCompleted=75436000639607, DisplayPresentTime=0, 
12-26 23:30:32.576 28792  4422 I OpenGLRenderer: Davey! duration=9223296600852ms; Flags=0, FrameTimelineVsyncId=235952, IntendedVsync=75436002516196, Vsync=75436002516196, InputEventId=0, HandleInputStart=75436003045649, AnimationStart=75436003050128, PerformTraversalsStart=75436003409919, DrawStart=75436003465024, FrameDeadline=75436037627303, FrameInterval=75436003031117, FrameStartTime=8333333, SyncQueued=75436003485492, SyncStart=75436003522003, IssueDrawCommandsStart=75436003631169, SwapBuffers=75436009591378, FrameCompleted=9223372036854775807, DequeueBufferDuration=5049844, QueueBufferDuration=10563489, GpuCompleted=9223372036854775807, SwapBuffersCompleted=75436020811534, DisplayPresentTime=0, 
12-26 23:30:32.591   889  1623 D BufferPoolAccessor2.0: bufferpool2 0xe8656418 : 0(0 size) total buffers - 0(0 size) used buffers - 10/18 (recycle/alloc) - 8/30 (fetch/transfer)
12-26 23:30:32.593   889  1623 D BufferPoolAccessor2.0: evictor expired: 2, evicted: 1
12-26 23:30:32.594   916  1375 D BufferPoolAccessor2.0: bufferpool2 0xb400007d19496028 : 0(0 size) total buffers - 0(0 size) used buffers - 10/13 (recycle/alloc) - 3/12 (fetch/transfer)
12-26 23:30:32.594   916  1375 D BufferPoolAccessor2.0: evictor expired: 2, evicted: 1
12-26 23:30:32.603 28792  4422 I OpenGLRenderer: Davey! duration=9223296600814ms; Flags=0, FrameTimelineVsyncId=235956, IntendedVsync=75436030368168, Vsync=75436030368168, InputEventId=0, HandleInputStart=75436030690753, AnimationStart=75436030692263, PerformTraversalsStart=75436031015753, DrawStart=75436031068513, FrameDeadline=75436065479275, FrameInterval=75436030683461, FrameStartTime=8333333, SyncQueued=75436031095857, SyncStart=75436041205284, IssueDrawCommandsStart=75436041282888, SwapBuffers=75436043248357, FrameCompleted=9223372036854775807, DequeueBufferDuration=17552, QueueBufferDuration=445000, GpuCompleted=9223372036854775807, SwapBuffersCompleted=75436044146899, DisplayPresentTime=0, 
12-26 23:30:32.617 28792  4422 I OpenGLRenderer: Davey! duration=9223296600810ms; Flags=0, FrameTimelineVsyncId=235958, IntendedVsync=75436044295778, Vsync=75436044295778, InputEventId=0, HandleInputStart=75436044841586, AnimationStart=75436044843409, PerformTraversalsStart=75436045149555, DrawStart=75436045202940, FrameDeadline=75436079406885, FrameInterval=75436044832472, FrameStartTime=8333333, SyncQueued=75436045219711, SyncStart=75436045246586, IssueDrawCommandsStart=75436045324034, SwapBuffers=75436052190440, FrameCompleted=9223372036854775807, DequeueBufferDuration=6044062, QueueBufferDuration=8669948, GpuCompleted=9223372036854775807, SwapBuffersCompleted=75436061128878, DisplayPresentTime=0, 
12-26 23:30:32.645 28792  4422 I OpenGLRenderer: Davey! duration=9223296600773ms; Flags=0, FrameTimelineVsyncId=235962, IntendedVsync=75436072144269, Vsync=75436072144269, InputEventId=0, HandleInputStart=75436072510909, AnimationStart=75436072512524, PerformTraversalsStart=75436072663409, DrawStart=75436072733878, FrameDeadline=75436107255376, FrameInterval=75436072504190, FrameStartTime=8333333, SyncQueued=75436072763982, SyncStart=75436081700753, IssueDrawCommandsStart=75436081802524, SwapBuffers=75436083109555, FrameCompleted=9223372036854775807, DequeueBufferDuration=415885, QueueBufferDuration=788958, GpuCompleted=9223372036854775807, SwapBuffersCompleted=75436084154451, DisplayPresentTime=0, 
12-26 23:30:32.701 28792  4422 I OpenGLRenderer: Davey! duration=9223296600726ms; Flags=0, FrameTimelineVsyncId=235970, IntendedVsync=75436127840613, Vsync=75436127840613, InputEventId=0, HandleInputStart=75436129070544, AnimationStart=75436129072211, PerformTraversalsStart=75436129256013, DrawStart=75436129331742, FrameDeadline=75436162951720, FrameInterval=75436129061899, FrameStartTime=8333333, SyncQueued=75436129362159, SyncStart=75436129395492, IssueDrawCommandsStart=75436129514294, SwapBuffers=75436134076430, FrameCompleted=9223372036854775807, DequeueBufferDuration=3799011, QueueBufferDuration=6134115, GpuCompleted=9223372036854775807, SwapBuffersCompleted=75436140385909, DisplayPresentTime=0, 
12-26 23:30:32.710   945  1423 I Tracking: LocalizationStateMachine: Not scheduling coarse localization since last coarse reloc is < 1s old.
12-26 23:30:32.713   945  1423 I Tracking: VEGA_MAPPER: Scheduling localization on root nodes 3c06380f-0958-3898-3af7-75699c3213b3.
12-26 23:30:32.729  1985 14814 I VrApi   : FPS=2/0,Prd=0ms,Tear=0,Early=0,Stale=0,Stale2/5/10/max=0/0/0/0,VSnc=0,Lat=-1,Fov=0,CPU4/GPU=5/3,1478/490MHz,OC=FF,TA=0/F/0,SP=N/N/N,Mem=2092MHz,Free=3218MB,PLS=0,Temp=28.5C/0.0C,TW=1.05ms,App=-47.38ms,GD=0.00ms,CPU&GPU=0.00ms,LCnt=1(DR0,LM0),GPU%=0.12,CPU%=0.11(W0.13),DSF=1.00,CFL=11.97/17.27,ICFLp95=15.27,LD=0,SF=0.00,LP=0,DVFS=0
12-26 23:30:32.743 28792  4422 I OpenGLRenderer: Davey! duration=9223296600685ms; Flags=0, FrameTimelineVsyncId=235976, IntendedVsync=75436169608155, Vsync=75436169608155, InputEventId=0, HandleInputStart=75436169960544, AnimationStart=75436169961899, PerformTraversalsStart=75436170218826, DrawStart=75436170272992, FrameDeadline=75436204719262, FrameInterval=75436169953409, FrameStartTime=8333333, SyncQueued=75436170291482, SyncStart=75436170329086, IssueDrawCommandsStart=75436170462524, SwapBuffers=75436174942471, FrameCompleted=9223372036854775807, DequeueBufferDuration=3745156, QueueBufferDuration=5316771, GpuCompleted=9223372036854775807, SwapBuffersCompleted=75436180474294, DisplayPresentTime=0, 
12-26 23:30:32.762   945  1425 I Tracking: LOCALIZER_KPI_TELEMETRY_LOGGER: Motion_Detection| <Rotation> Motion detected at frame 120. Localization attempt start frame is 15
12-26 23:30:32.773   945  1423 I Tracking: VEGA_LOCALIZER: Fallback descriptor ratio in index 0.4893980026245117 is lower than threshold 0.7, skipping fallback matching
12-26 23:30:32.777   945  1423 I Tracking: VEGA_LOCALIZER: Obtained 34 matches from 994 keypoints using udeep descriptors
12-26 23:30:32.777   945  1423 I Tracking: VEGA_LOCALIZER: Obtained 34 total matches from 994 total keypoints
12-26 23:30:32.779   945  1425 I Tracking: LOCALIZATION_POSE_ESTIMATOR: No pose scoring method was provided, not doing pose scoring
12-26 23:30:32.780   945  1425 I Tracking: LOCALIZATION_POSE_ESTIMATOR: Clustered estimation results from: 1 to : 1
12-26 23:30:32.780   945  1425 I Tracking: LOCALIZATION_POSE_ESTIMATOR: Post-RANSAC iterative minimization converged? false, number of successful features: 2, number of inlier observations: 2
12-26 23:30:32.780   945  1425 I Tracking: LOCALIZATION_POSE_ESTIMATOR: Keeping RANSAC pose estimate, iterative-minimization result ignored.
12-26 23:30:32.780   945  1425 I Tracking: LOCALIZATION_POSE_ESTIMATOR: Removed 2 duplicate inliers from the localization result (before: 4, after: 2).
12-26 23:30:32.781   945  1425 I Tracking: LOCALIZATION_POSE_ESTIMATOR: removing duplicate inliers
12-26 23:30:32.781   945  1425 W Tracking: VEGA_LOCALIZER: RANSAC failure: didn't find enough inliers for next step. Needs at least 4, got 2.
12-26 23:30:32.784 28792  4422 I OpenGLRenderer: Davey! duration=9223296600643ms; Flags=0, FrameTimelineVsyncId=235982, IntendedVsync=75436211378589, Vsync=75436211378589, InputEventId=0, HandleInputStart=75436212687367, AnimationStart=75436212689867, PerformTraversalsStart=75436213079867, DrawStart=75436213159971, FrameDeadline=75436246489696, FrameInterval=75436212673878, FrameStartTime=8333333, SyncQueued=75436213182211, SyncStart=75436213224346, IssueDrawCommandsStart=75436213347367, SwapBuffers=75436218064294, FrameCompleted=9223372036854775807, DequeueBufferDuration=3551511, QueueBufferDuration=3656406, GpuCompleted=9223372036854775807, SwapBuffersCompleted=75436222011221, DisplayPresentTime=0, 
12-26 23:30:32.774     0     0 I CAM_ERR : CAM-CRM: __cam_req_mgr_process_sof_freeze: 1806 SOF freeze for session 5964288 link 0x6e0107
12-26 23:30:32.775     0     0 I CAM_ERR : CAM-CRM: __cam_req_mgr_process_sof_freeze: 1806 SOF freeze for session 5964288 link 0xbf0103
12-26 23:30:32.854     0     0 I CAM_ERR : CAM-CRM: __cam_req_mgr_process_sof_freeze: 1806 SOF freeze for session 5964288 link 0x1a010f
12-26 23:30:32.854     0     0 I CAM_ERR : CAM-CRM: __cam_req_mgr_process_sof_freeze: 1806 SOF freeze for session 5964288 link 0xab010b
12-26 23:30:32.899   945 15068 I Tracking: boltlib: DSP utilization: 16.42 % (821 / 5001 ms)
12-26 23:30:32.957   945  1423 I Tracking: LocalizationStateMachine: Not scheduling coarse localization since last coarse reloc is < 1s old.
12-26 23:30:32.957   945  1423 I Tracking: VEGA_MAPPER: Scheduling localization on root nodes 3c06380f-0958-3898-3af7-75699c3213b3.
12-26 23:30:33.019   945  1423 I Tracking: VEGA_LOCALIZER: Fallback descriptor ratio in index 0.4893980026245117 is lower than threshold 0.7, skipping fallback matching
12-26 23:30:33.019 14681 15290 I ClientSharedTelemetryStats: App memory usage: PSS=663 MiB, PrivateDirty=475 MiB, PrivateClean=168 MiB, GPU=276.0/276.6 MiB (100% allocated)
12-26 23:30:33.020 14681 15290 I VrApi   : FPS=43/72,Prd=75ms,Tear=1,Early=6,Stale=48,Stale2/5/10/max=6/0/1/1408,VSnc=0,Lat=-1,Fov=0,CPU4/GPU=5/4,2246/525MHz,OC=FF,TA=0/0/0,SP=N/N/N,Mem=2092MHz,Free=2596MB,PLS=0,Temp=28.5C/0.0C,TW=1.69ms,App=16.79ms,GD=0.00ms,CPU&GPU=56.12ms,LCnt=2(DR50,LM2),GPU%=0.99,CPU%=0.53(W0.57),DSF=1.00,CFL=7.08/25.18,ICFLp95=24.08,LD=0,SF=1.00,LP=0,DVFS=0
12-26 23:30:33.024   945  1423 I Tracking: VEGA_LOCALIZER: Obtained 42 matches from 996 keypoints using udeep descriptors
12-26 23:30:33.024   945  1423 I Tracking: VEGA_LOCALIZER: Obtained 42 total matches from 996 total keypoints
12-26 23:30:33.025   945  1425 I Tracking: LOCALIZATION_POSE_ESTIMATOR: No pose scoring method was provided, not doing pose scoring
12-26 23:30:33.026   945  1425 I Tracking: LOCALIZATION_POSE_ESTIMATOR: Clustered estimation results from: 1 to : 1
12-26 23:30:33.027   945  1425 I Tracking: LOCALIZATION_POSE_ESTIMATOR: Post-RANSAC iterative minimization converged? false, number of successful features: 2, number of inlier observations: 2
12-26 23:30:33.027   945  1425 I Tracking: LOCALIZATION_POSE_ESTIMATOR: Keeping RANSAC pose estimate, iterative-minimization result ignored.
12-26 23:30:33.027   945  1425 I Tracking: LOCALIZATION_POSE_ESTIMATOR: removing duplicate inliers
12-26 23:30:33.027   945  1425 W Tracking: VEGA_LOCALIZER: RANSAC failure: pose couldn't be refined.
12-26 23:30:33.043  2802 15312 I ClientSharedTelemetryStats: App memory usage: PSS=127 MiB, PrivateDirty=114 MiB, PrivateClean=0 MiB, GPU=8.6/11.4 MiB (76% allocated)
12-26 23:30:33.035     0     0 W healthd : battery l=100 v=4298 t=28.5 h=2 st=4 c=-959472 fc=3749000 cc=3 chg=u
12-26 23:30:33.047  2802  3044 I [OAO] TrackedHand: Hand lost, disconnecting. 3
12-26 23:30:33.047  2802  3044 I [OAO] InputManager: Removing device 3
12-26 23:30:33.047  2802  3044 I [OAO] TrackedHand: Hand lost, disconnecting. 4
12-26 23:30:33.047  2802  3044 I [OAO] InputManager: Removing device 4
12-26 23:30:33.105 28792 28874 D BufferPoolAccessor2.0: bufferpool2 0x74d01b7e28 : 0(0 size) total buffers - 0(0 size) used buffers - 2/7 (recycle/alloc) - 8/102 (fetch/transfer)
12-26 23:30:33.105 28792 28874 D BufferPoolAccessor2.0: evictor expired: 1, evicted: 1
12-26 23:30:33.144 14681 15363 D UE      : [2023.12.26-18.30.33:144][ 82]LogTcpMessaging: Started Connection to '127.0.0.1:38311'
12-26 23:30:33.144 14681 15363 D UE      : [2023.12.26-18.30.33:144][ 82]LogTcpMessaging: Discovered node '78FFD7AA449D70AA08053E80D06FB303' on connection '127.0.0.1:38311'...
12-26 23:30:33.190   945  1423 I Tracking: LocalizationStateMachine: Not scheduling coarse localization since last coarse reloc is < 1s old.
12-26 23:30:33.190   945  1423 I Tracking: VEGA_MAPPER: Scheduling localization on root nodes 3c06380f-0958-3898-3af7-75699c3213b3.
12-26 23:30:33.196   945  1425 I Tracking: VIPER:DEEP_DESCRIPTOR: Computing Deep Descriptors using gravity orientation.
12-26 23:30:33.247   945  1423 I Tracking: VEGA_LOCALIZER: Fallback descriptor ratio in index 0.4893980026245117 is lower than threshold 0.7, skipping fallback matching
12-26 23:30:33.250   945  1423 I Tracking: VEGA_LOCALIZER: Obtained 37 matches from 993 keypoints using udeep descriptors
12-26 23:30:33.250   945  1423 I Tracking: VEGA_LOCALIZER: Obtained 37 total matches from 993 total keypoints
12-26 23:30:33.250   945  1425 I Tracking: LOCALIZATION_POSE_ESTIMATOR: No pose scoring method was provided, not doing pose scoring
12-26 23:30:33.251   945  1425 I Tracking: LOCALIZATION_POSE_ESTIMATOR: Clustered estimation results from: 1 to : 1
12-26 23:30:33.251   945  1425 I Tracking: LOCALIZATION_POSE_ESTIMATOR: Post-RANSAC iterative minimization converged? false, number of successful features: 1, number of inlier observations: 1
12-26 23:30:33.251   945  1425 I Tracking: LOCALIZATION_POSE_ESTIMATOR: Keeping RANSAC pose estimate, iterative-minimization result ignored.
12-26 23:30:33.251   945  1425 I Tracking: LOCALIZATION_POSE_ESTIMATOR: removing duplicate inliers
12-26 23:30:33.252   945  1425 W Tracking: VEGA_LOCALIZER: RANSAC failure: didn't find enough inliers for next step. Needs at least 4, got 2.
12-26 23:30:33.355  2586  2855 I ForegroundAppHandler: Changing in focus immersive app from () to (com.epicgames.AtomVR)
12-26 23:30:33.431   945  1423 I Tracking: Vega:MapBuilderBase: Created keyRig with frameID 138 and uid 1ccb7fe7
12-26 23:30:33.432   945  1423 I Tracking: LocalizationStateMachine: LocalizationStateMachine updated from FineLocalizationOnly to CoarseAndFineLocalization
12-26 23:30:33.433   945  1423 I Tracking: KEYPOINT_CACHE: New keyrig added has 80 corners and 168 tracks to immature points @ frameID=138, processingTs=75436.890519867 [sec]
12-26 23:30:33.433   945  1423 I Tracking: VEGA_MAPPER: Scheduling coarse localization.
12-26 23:30:33.433   945  1423 I Tracking: VEGA_MAPPER: Scheduling localization on root nodes 3c06380f-0958-3898-3af7-75699c3213b3.
12-26 23:30:33.433   945  1429 E Tracking: FusedSubmapListProvider: fusion logic INTERSECTION_RANKED
12-26 23:30:33.433   945  1429 I Tracking: WifiSubmapListProvider: Using wifi distance model
12-26 23:30:33.436   945  1423 I Tracking: VegaBAOptimize: Num points adjusted: 116 fixed: 0 Num residuals in-in: 358 in-out: 112 out-in: 0 fixed (out-out): 0 outside ROI: 0 total: 470
12-26 23:30:33.436   945  1423 I Tracking: VegaBAOptimize: Total: neighbor 1 L1s, adjust 1 L1s. KRs 4, Points 116, Cameras 16, FixedKr (small bubble) 1 (1), AdjustKR 3, Imus 3
12-26 23:30:33.444   945  1429 W Tracking: PlaceRecognitionSubmapListProvider: Requested to extract top 20 submaps but we only have 4 in disk.
12-26 23:30:33.446   945  1423 I Tracking: VegaBAOptimize: resRemoved = 39, pntRemoved = 0
12-26 23:30:33.489   945  1424 I Tracking: VegaMapIO: VegaMapIO::saveKeypoints called for keyrigUid = 1ccb7fe7-c3e3-9478-a228-b5ab802e1c32
12-26 23:30:33.504   945  1423 I Tracking: VEGA_LOCALIZER: Fallback descriptor ratio in index 0.4893980026245117 is lower than threshold 0.7, skipping fallback matching
12-26 23:30:33.505   945  1425 I Tracking: VEGA_LOCALIZER: Computed 1075 orb descriptors that will be used for PBR or Orphans descriptor
12-26 23:30:33.505   945  1425 I Tracking: VEGA_LOCALIZER: Computed 1138 udeep descriptors that will be used for PBR or Orphans descriptor
12-26 23:30:33.511   945  1423 I Tracking: VEGA_LOCALIZER: Obtained 43 matches from 1207 keypoints using udeep descriptors
12-26 23:30:33.511   945  1423 I Tracking: VEGA_LOCALIZER: Obtained 43 total matches from 1207 total keypoints
12-26 23:30:33.514   945  1425 I Tracking: LOCALIZATION_POSE_ESTIMATOR: No pose scoring method was provided, not doing pose scoring
12-26 23:30:33.515   945  1423 I Tracking: VEGA_LOCALIZER: Added 52/60 orb descriptors to the index. It has 2060 descriptors for 211 points, with stdev: 0.65 and max: 3.60.
12-26 23:30:33.515   945  1425 I Tracking: LOCALIZATION_POSE_ESTIMATOR: Clustered estimation results from: 1 to : 1
12-26 23:30:33.515   945  1425 I Tracking: LOCALIZATION_POSE_ESTIMATOR: Post-RANSAC iterative minimization converged? false, number of successful features: 2, number of inlier observations: 5
12-26 23:30:33.515   945  1425 I Tracking: LOCALIZATION_POSE_ESTIMATOR: Keeping RANSAC pose estimate, iterative-minimization result ignored.
12-26 23:30:33.515   945  1425 I Tracking: LOCALIZATION_POSE_ESTIMATOR: Removed 2 duplicate inliers from the localization result (before: 4, after: 2).
12-26 23:30:33.515   945  1425 I Tracking: LOCALIZATION_POSE_ESTIMATOR: removing duplicate inliers
12-26 23:30:33.515   945  1425 W Tracking: VEGA_LOCALIZER: RANSAC failure: didn't find enough inliers for next step. Needs at least 4, got 2.
12-26 23:30:33.518   945  1423 I Tracking: VEGA_LOCALIZER: Added place descriptor to keyrig h[68, 29]. PBR meta: type: vlad, descriptor: orb, version: 1, num_words: 256
12-26 23:30:33.519   945  1423 I Tracking: VEGA_LOCALIZER: Added 64/69 udeep descriptors to the index. It has 2159 descriptors for 211 points, with stdev: 0.82 and max: 5.10.
12-26 23:30:33.523   945  1423 I Tracking: VEGA_LOCALIZER: Added place descriptor to keyrig h[68, 29]. PBR meta: type: vlad, descriptor: udeep, version: 1, num_words: 256
12-26 23:30:33.523   945  1423 I Tracking: VEGA_LOCALIZER: New descriptors added - Regular: 116, Immature: 0, Resampled by OrphanDescriptors: 0. # Total descriptors: 2060 fallback and 2159 primary.
12-26 23:30:33.594   916  1375 D BufferPoolAccessor2.0: bufferpool2 0xb400007d1946d028 : 0(0 size) total buffers - 0(0 size) used buffers - 44/49 (recycle/alloc) - 6/48 (fetch/transfer)
12-26 23:30:33.594   916  1375 D BufferPoolAccessor2.0: bufferpool2 0xb400007d1946da28 : 0(0 size) total buffers - 0(0 size) used buffers - 74/80 (recycle/alloc) - 8/79 (fetch/transfer)
12-26 23:30:33.594   916  1375 D BufferPoolAccessor2.0: bufferpool2 0xb400007d1949a028 : 0(0 size) total buffers - 0(0 size) used buffers - 79/85 (recycle/alloc) - 7/84 (fetch/transfer)
12-26 23:30:33.594   916  1375 D BufferPoolAccessor2.0: bufferpool2 0xb400007d19495428 : 0(0 size) total buffers - 0(0 size) used buffers - 47/51 (recycle/alloc) - 4/50 (fetch/transfer)
12-26 23:30:33.594   916  1375 D BufferPoolAccessor2.0: evictor expired: 12, evicted: 4
12-26 23:30:33.674   945  1423 I Tracking: LocalizationStateMachine: All 1 submap set to load (and no more) are already in memory
12-26 23:30:33.674   945  1423 I Tracking: LocalizationStateMachine: Ignoring submap sets to be loaded since they are already all in memory.
12-26 23:30:33.674   945  1423 I Tracking: LocalizationStateMachine: Not scheduling coarse localization since last coarse reloc is < 1s old.
12-26 23:30:33.674   945  1423 I Tracking: LocalizationStateMachine: LocalizationStateMachine updated from CoarseAndFineLocalization to FineLocalizationOnly
12-26 23:30:33.675   945  1423 I Tracking: VEGA_MAPPER: Scheduling localization on root nodes 3c06380f-0958-3898-3af7-75699c3213b3.
12-26 23:30:33.729   945  1423 I Tracking: VEGA_LOCALIZER: Fallback descriptor ratio in index 0.48826736211776733 is lower than threshold 0.7, skipping fallback matching
12-26 23:30:33.732   945  1423 I Tracking: VEGA_LOCALIZER: Obtained 44 matches from 990 keypoints using udeep descriptors
12-26 23:30:33.732   945  1423 I Tracking: VEGA_LOCALIZER: Obtained 44 total matches from 990 total keypoints
12-26 23:30:33.733   945  1425 I Tracking: LOCALIZATION_POSE_ESTIMATOR: No pose scoring method was provided, not doing pose scoring
12-26 23:30:33.734   945  1425 I Tracking: LOCALIZATION_POSE_ESTIMATOR: Clustered estimation results from: 1 to : 1
12-26 23:30:33.734   945  1425 I Tracking: LOCALIZATION_POSE_ESTIMATOR: Post-RANSAC iterative minimization converged? false, number of successful features: 2, number of inlier observations: 5
12-26 23:30:33.734   945  1425 I Tracking: LOCALIZATION_POSE_ESTIMATOR: Keeping RANSAC pose estimate, iterative-minimization result ignored.
12-26 23:30:33.735   945  1425 I Tracking: LOCALIZATION_POSE_ESTIMATOR: Removed 2 duplicate inliers from the localization result (before: 5, after: 3).
12-26 23:30:33.735   945  1425 I Tracking: LOCALIZATION_POSE_ESTIMATOR: removing duplicate inliers
12-26 23:30:33.735   945  1425 W Tracking: VEGA_LOCALIZER: RANSAC failure: didn't find enough inliers for next step. Needs at least 4, got 3.
12-26 23:30:33.765  1985 14814 I VrApi   : FPS=2/0,Prd=0ms,Tear=0,Early=0,Stale=0,Stale2/5/10/max=0/0/0/0,VSnc=0,Lat=-1,Fov=0,CPU4/GPU=5/3,1478/490MHz,OC=FF,TA=0/F/0,SP=N/N/N,Mem=2092MHz,Free=3218MB,PLS=0,Temp=28.5C/0.0C,TW=1.05ms,App=-47.38ms,GD=0.00ms,CPU&GPU=0.00ms,LCnt=1(DR0,LM0),GPU%=0.12,CPU%=0.11(W0.13),DSF=1.00,CFL=11.97/17.27,ICFLp95=15.27,LD=0,SF=0.00,LP=0,DVFS=0
12-26 23:30:33.911   945  1423 I Tracking: LocalizationStateMachine: Not scheduling coarse localization since last coarse reloc is < 1s old.
12-26 23:30:33.911   945  1423 I Tracking: VEGA_MAPPER: Scheduling localization on root nodes 3c06380f-0958-3898-3af7-75699c3213b3.
12-26 23:30:33.965   945  1423 I Tracking: VEGA_LOCALIZER: Fallback descriptor ratio in index 0.48826736211776733 is lower than threshold 0.7, skipping fallback matching
12-26 23:30:33.968   945  1423 I Tracking: VEGA_LOCALIZER: Obtained 39 matches from 996 keypoints using udeep descriptors
12-26 23:30:33.968   945  1423 I Tracking: VEGA_LOCALIZER: Obtained 39 total matches from 996 total keypoints
12-26 23:30:33.969   945  1425 I Tracking: LOCALIZATION_POSE_ESTIMATOR: No pose scoring method was provided, not doing pose scoring
12-26 23:30:33.970   945  1425 I Tracking: LOCALIZATION_POSE_ESTIMATOR: Clustered estimation results from: 1 to : 1
12-26 23:30:33.970   945  1425 I Tracking: LOCALIZATION_POSE_ESTIMATOR: Post-RANSAC iterative minimization converged? false, number of successful features: 2, number of inlier observations: 3
12-26 23:30:33.970   945  1425 I Tracking: LOCALIZATION_POSE_ESTIMATOR: Keeping RANSAC pose estimate, iterative-minimization result ignored.
12-26 23:30:33.970   945  1425 I Tracking: LOCALIZATION_POSE_ESTIMATOR: Removed 1 duplicate inliers from the localization result (before: 3, after: 2).
12-26 23:30:33.970   945  1425 I Tracking: LOCALIZATION_POSE_ESTIMATOR: removing duplicate inliers
12-26 23:30:33.970   945  1425 W Tracking: VEGA_LOCALIZER: RANSAC failure: didn't find enough inliers for next step. Needs at least 4, got 2.
12-26 23:30:33.991   945 15068 I Tracking: VIPER: Mode=SuperVega,Status=6DoF,TRACKING,Inl=31,Mem=95.1,Jit=0.9mm,Issues(Cam/min=0.0,IMU/min=0.0),Exp=(14.0ms,g=15.0,I=62,Ir=293.5)(14.0ms,g=15.0,I=61,Ir=292.2)(14.0ms,g=15.0,I=77,Ir=365.9)(6.9ms,g=9.0,I=78,Ir=1268.1)
12-26 23:30:34.001 14681 15290 I VrApi   : FPS=50/72,Prd=67ms,Tear=0,Early=14,Stale=23,Stale2/5/10/max=0/0/0/1,VSnc=0,Lat=-1,Fov=0,CPU4/GPU=5/4,2419/525MHz,OC=FF,TA=0/0/0,SP=N/N/N,Mem=2092MHz,Free=2596MB,PLS=0,Temp=28.5C/0.0C,TW=1.67ms,App=15.37ms,GD=0.00ms,CPU&GPU=29.80ms,LCnt=1(DR72,LM0),GPU%=0.99,CPU%=0.36(W0.43),DSF=1.00,CFL=17.01/25.44,ICFLp95=22.96,LD=0,SF=1.00,LP=0,DVFS=0
12-26 23:30:34.016  2875 15089 I Vsync   : Vsync 520:  2 x 13.92 ms (71.82 Hz, at 75437.476)
12-26 23:30:34.058  2875 15089 I Vsync   : Vsync 523:  2 x 13.92 ms (71.82 Hz, at 75437.518)
12-26 23:30:34.105 28792 28874 D BufferPoolAccessor2.0: bufferpool2 0x74d05f5828 : 0(0 size) total buffers - 0(0 size) used buffers - 2/7 (recycle/alloc) - 5/106 (fetch/transfer)
12-26 23:30:34.105 28792 28874 D BufferPoolAccessor2.0: bufferpool2 0x74d05f3c28 : 0(0 size) total buffers - 0(0 size) used buffers - 2/7 (recycle/alloc) - 8/174 (fetch/transfer)
12-26 23:30:34.105 28792 28874 D BufferPoolAccessor2.0: bufferpool2 0x74d05f5628 : 0(0 size) total buffers - 0(0 size) used buffers - 2/7 (recycle/alloc) - 5/164 (fetch/transfer)
12-26 23:30:34.105 28792 28874 D BufferPoolAccessor2.0: evictor expired: 3, evicted: 3
12-26 23:30:34.107   945 15053 I Tracking: CONSTELLATION: right: Detected IMU motion => Leaving static state.
12-26 23:30:34.111  2802  3044 I [OAO] InputManager: Adding hand deviceId = 4
12-26 23:30:34.114  2875 15089 I Vsync   : Vsync 527:  2 x 13.92 ms (71.82 Hz, at 75437.573)
12-26 23:30:34.150   945  1423 I Tracking: Vega:MapBuilderBase: Created keyRig with frameID 156 and uid cffb9192
12-26 23:30:34.152   945  1423 I Tracking: LocalizationStateMachine: Not scheduling coarse localization since last coarse reloc is < 1s old.
12-26 23:30:34.152   945  1423 I Tracking: KEYPOINT_CACHE: New keyrig added has 115 corners and 189 tracks to immature points @ frameID=156, processingTs=75437.609364190 [sec]
12-26 23:30:34.153   945  1423 I Tracking: VEGA_MAPPER: Scheduling localization on root nodes 3c06380f-0958-3898-3af7-75699c3213b3.
12-26 23:30:34.158   945  1423 I Tracking: VegaBAOptimize: Num points adjusted: 125 fixed: 0 Num residuals in-in: 447 in-out: 110 out-in: 0 fixed (out-out): 0 outside ROI: 0 total: 557
12-26 23:30:34.158   945  1423 I Tracking: VegaBAOptimize: Total: neighbor 1 L1s, adjust 1 L1s. KRs 5, Points 125, Cameras 20, FixedKr (small bubble) 1 (1), AdjustKR 4, Imus 4
12-26 23:30:34.165  2802  3044 I [OAO] InputManager: Adding hand deviceId = 3
12-26 23:30:34.165   945 15053 I Tracking: CONSTELLATION: left: Detected IMU motion => Leaving static state.
12-26 23:30:34.169   945  1423 I Tracking: VegaBAOptimize: resRemoved = 37, pntRemoved = 1
12-26 23:30:34.196   945  1425 I Tracking: VIPER:DEEP_DESCRIPTOR: Computing Deep Descriptors using gravity orientation.
12-26 23:30:34.206  2875 15089 I CompositorVR: WarpToScreen: Skipping frames for 2
12-26 23:30:34.210   945  1424 I Tracking: VegaMapIO: VegaMapIO::saveKeypoints called for keyrigUid = cffb9192-6e2c-ae57-7378-072a14ee73c7
12-26 23:30:34.211   945 15053 D TrackingService: 9d17e7ce194bc1ec: isControllerInHand(75435.67s): 0 ctEnabled: 1 btnPress: 0 btnOrTpdTouch: 0 btnOrTpdProx: 0 static(75435.67s): 0 thbstkOffCenter: 0 
12-26 23:30:34.211   945 15053 D TrackingService: [HANDTRACKING] Controller 9d17e7ce194bc1ec in hand: N, valid: Y
12-26 23:30:34.224   945  1423 I Tracking: VEGA_LOCALIZER: Fallback descriptor ratio in index 0.48826736211776733 is lower than threshold 0.7, skipping fallback matching
12-26 23:30:34.224   945  1425 I Tracking: VEGA_LOCALIZER: Computed 1109 orb descriptors that will be used for PBR or Orphans descriptor
12-26 23:30:34.224   945  1425 I Tracking: VEGA_LOCALIZER: Computed 1169 udeep descriptors that will be used for PBR or Orphans descriptor
12-26 23:30:34.230   945  1423 I Tracking: VEGA_LOCALIZER: Obtained 44 matches from 1277 keypoints using udeep descriptors
12-26 23:30:34.230   945  1423 I Tracking: VEGA_LOCALIZER: Obtained 44 total matches from 1277 total keypoints
12-26 23:30:34.232   945  1425 I Tracking: LOCALIZATION_POSE_ESTIMATOR: No pose scoring method was provided, not doing pose scoring
12-26 23:30:34.234   945  1425 I Tracking: LOCALIZATION_POSE_ESTIMATOR: Clustered estimation results from: 1 to : 1
12-26 23:30:34.234   945  1425 I Tracking: LOCALIZATION_POSE_ESTIMATOR: Post-RANSAC iterative minimization converged? false, number of successful features: 2, number of inlier observations: 6
12-26 23:30:34.234   945  1425 I Tracking: LOCALIZATION_POSE_ESTIMATOR: Keeping RANSAC pose estimate, iterative-minimization result ignored.
12-26 23:30:34.234   945  1425 I Tracking: LOCALIZATION_POSE_ESTIMATOR: Removed 3 duplicate inliers from the localization result (before: 6, after: 3).
12-26 23:30:34.234   945  1425 I Tracking: LOCALIZATION_POSE_ESTIMATOR: removing duplicate inliers
12-26 23:30:34.234   945  1425 W Tracking: VEGA_LOCALIZER: RANSAC failure: didn't find enough inliers for next step. Needs at least 4, got 3.
12-26 23:30:34.236   945  1423 I Tracking: VEGA_LOCALIZER: Added 93/102 orb descriptors to the index. It has 2153 descriptors for 219 points, with stdev: 0.63 and max: 3.57.
12-26 23:30:34.240   945  1423 I Tracking: VEGA_LOCALIZER: Added place descriptor to keyrig h[69, 27]. PBR meta: type: vlad, descriptor: orb, version: 1, num_words: 256
12-26 23:30:34.242   945  1423 I Tracking: VEGA_LOCALIZER: Added 97/108 udeep descriptors to the index. It has 2256 descriptors for 219 points, with stdev: 0.80 and max: 5.11.
12-26 23:30:34.245   945  1423 I Tracking: VEGA_LOCALIZER: Added place descriptor to keyrig h[69, 27]. PBR meta: type: vlad, descriptor: udeep, version: 1, num_words: 256
12-26 23:30:34.245   945  1423 I Tracking: VEGA_LOCALIZER: New descriptors added - Regular: 190, Immature: 0, Resampled by OrphanDescriptors: 0. # Total descriptors: 2153 fallback and 2256 primary.
12-26 23:30:34.307   945 15053 I Tracking: CONSTELLATION: left: Detected static IMU, no button event and has tracked position => Applying constant controller pose.
12-26 23:30:34.390   945  1423 I Tracking: LocalizationStateMachine: Not scheduling coarse localization since last coarse reloc is < 1s old.
12-26 23:30:34.391   945  1423 I Tracking: VEGA_MAPPER: Scheduling localization on root nodes 3c06380f-0958-3898-3af7-75699c3213b3.
12-26 23:30:34.415   945 15068 W Tracking: TIMESTAMPCHECKER: Nominal rate wrong. Estimated data rate: 25, Nominal is 30
12-26 23:30:34.439   945 15053 I Tracking: CONSTELLATION: left: Detected IMU motion => Leaving static state.
12-26 23:30:34.450   945  1423 I Tracking: VEGA_LOCALIZER: Fallback descriptor ratio in index 0.4883193373680115 is lower than threshold 0.7, skipping fallback matching
12-26 23:30:34.453   945  1423 I Tracking: VEGA_LOCALIZER: Obtained 42 matches from 991 keypoints using udeep descriptors
12-26 23:30:34.453   945  1423 I Tracking: VEGA_LOCALIZER: Obtained 42 total matches from 991 total keypoints
12-26 23:30:34.454   945  1425 I Tracking: LOCALIZATION_POSE_ESTIMATOR: No pose scoring method was provided, not doing pose scoring
12-26 23:30:34.455   945  1425 I Tracking: LOCALIZATION_POSE_ESTIMATOR: Clustered estimation results from: 1 to : 1
12-26 23:30:34.456   945  1425 I Tracking: LOCALIZATION_POSE_ESTIMATOR: Post-RANSAC iterative minimization converged? false, number of successful features: 1, number of inlier observations: 1
12-26 23:30:34.456   945  1425 I Tracking: LOCALIZATION_POSE_ESTIMATOR: Keeping RANSAC pose estimate, iterative-minimization result ignored.
12-26 23:30:34.456   945  1425 I Tracking: LOCALIZATION_POSE_ESTIMATOR: Removed 3 duplicate inliers from the localization result (before: 5, after: 2).
12-26 23:30:34.456   945  1425 I Tracking: LOCALIZATION_POSE_ESTIMATOR: removing duplicate inliers
12-26 23:30:34.456   945  1425 W Tracking: VEGA_LOCALIZER: RANSAC failure: didn't find enough inliers for next step. Needs at least 4, got 2.
12-26 23:30:34.632   945  1423 I Tracking: LocalizationStateMachine: LocalizationStateMachine updated from FineLocalizationOnly to CoarseAndFineLocalization
12-26 23:30:34.633   945  1423 I Tracking: VEGA_MAPPER: Scheduling coarse localization.
12-26 23:30:34.633   945  1423 I Tracking: VEGA_MAPPER: Scheduling localization on root nodes 3c06380f-0958-3898-3af7-75699c3213b3.
12-26 23:30:34.633   945  1429 E Tracking: FusedSubmapListProvider: fusion logic INTERSECTION_RANKED
12-26 23:30:34.633   945 15053 I Tracking: CONSTELLATION: left: Detected static IMU, no button event and has tracked position => Applying constant controller pose.
12-26 23:30:34.633   945  1429 I Tracking: WifiSubmapListProvider: Using wifi distance model
12-26 23:30:34.645   945  1429 W Tracking: PlaceRecognitionSubmapListProvider: Requested to extract top 20 submaps but we only have 4 in disk.
12-26 23:30:34.690   945  1423 I Tracking: VEGA_LOCALIZER: Fallback descriptor ratio in index 0.4883193373680115 is lower than threshold 0.7, skipping fallback matching
12-26 23:30:34.692   945  1423 I Tracking: VEGA_LOCALIZER: Obtained 48 matches from 997 keypoints using udeep descriptors
12-26 23:30:34.692   945  1423 I Tracking: VEGA_LOCALIZER: Obtained 48 total matches from 997 total keypoints
12-26 23:30:34.693   945  1425 I Tracking: LOCALIZATION_POSE_ESTIMATOR: No pose scoring method was provided, not doing pose scoring
12-26 23:30:34.694   945  1425 I Tracking: LOCALIZATION_POSE_ESTIMATOR: Clustered estimation results from: 1 to : 1
