--------- beginning of kernel
12-27 04:57:59.905     0     0 I binder  : 9900:9900 ioctl 40046210 7fc461f384 returned -22
--------- beginning of system
12-27 04:57:59.915  1152  4074 I ActivityTaskManager: START u0 {flg=0x10000000 cmp=com.epicgames.AtomVR/com.epicgames.unreal.GameActivity (has extras)} from uid 2000
12-27 04:57:59.916  1152  4074 W ActivityTaskManager: Can't find TaskDisplayArea to determine support for multi window. Task id=1758 attached=false
12-27 04:57:59.920  1152  4074 W ActivityTaskManager: Tried to set launchTime (0) < mLastActivityLaunchTime (95028777)
12-27 04:57:59.928  1152  4145 W ProcessStats: Tracking association SourceState{a589a9a com.oculus.ocms/10011 BTopFgs #63291} whose proc state 2 is better than process ProcessState{943c4fa com.oculus.qplservice/10043 pkg=com.oculus.qplservice} proc state 3 (0 skipped)
12-27 04:57:59.995     0     0 I binder  : 9727:9727 ioctl 40046210 7fc99b47c4 returned -22
12-27 04:58:00.006     0     0 I binder  : 9727:9727 ioctl 40046210 7fc99b65e4 returned -22
12-27 04:58:00.186  1152  2020 W WindowManager: Failed looking up window session=Session{633e342 9727:u0a10108} callers=com.android.server.wm.WindowManagerService.windowForClientLocked:5848 com.android.server.wm.Session.updateRequestedVisibilities:640 android.view.IWindowSession$Stub.onTransact:1175 
12-27 04:58:01.154     0     0 W healthd : battery l=100 v=4380 t=24.7 h=2 st=5 c=488 fc=3749000 cc=3 chg=u
12-27 04:58:01.978     0     0 I logd    : logdr: UID=2000 GID=2000 PID=9913 b tail=0 logMask=10099 pid=0 start=0ns deadline=0ns
12-27 04:58:02.978  1152  1965 E TaskPersister: File error accessing recents directory (directory doesn't exist?).
12-27 04:58:03.984     0     0 W healthd : battery l=100 v=4380 t=24.7 h=2 st=5 c=488 fc=3749000 cc=3 chg=u
12-27 04:58:07.808     0     0 W healthd : battery l=100 v=4380 t=24.7 h=2 st=5 c=488 fc=3749000 cc=3 chg=u
12-27 04:58:09.304     0     0 W healthd : battery l=100 v=4380 t=24.7 h=2 st=5 c=0 fc=3749000 cc=3 chg=u
12-27 04:58:12.794  1152  1178 W ActivityManager: Stopping service due to app idle: u0a17 -1m9s926ms com.oculus.appsafety/.AppSafetyService
12-27 04:58:17.457     0     0 W healthd : battery l=100 v=4380 t=24.7 h=2 st=5 c=488 fc=3749000 cc=3 chg=u
12-27 04:58:17.819     0     0 W healthd : battery l=100 v=4380 t=24.7 h=2 st=5 c=488 fc=3749000 cc=3 chg=u
--------- beginning of tracking
12-27 04:58:18.579   787  1059 I SyncBossHAL: [info   ] syncboss_hal_powerstate.c(52): Reporting powerstate event: PROX_ON
12-27 04:58:18.580   787  1059 D SensorService: Received Powerstate PROX_ON
12-27 04:58:18.581   945  1102 I TrackingService: ActivityMonitor: prox_on event received
12-27 04:58:18.581  1152  1362 I PowerManagerService: Powering on display group fromAsleep (groupId=0, uid=1000, reason=WAKE_REASON_UNKNOWN, details=VrPwMng:leave-standby)...
12-27 04:58:18.581  1152  1362 I PowerManagerService: Waking up from Asleep (uid=1000, reason=WAKE_REASON_UNKNOWN, details=VrPwMng:leave-standby)...
12-27 04:58:18.584   924 23979 D SensorClientUtils: Cancelling delayed transition to SLEEP
12-27 04:58:18.584  1152  1189 I DisplayPowerController[0]: Blocking screen on until initial contents have been drawn.
12-27 04:58:18.584   945  1104 D SensorClientUtils: Cancelling delayed transition to SLEEP
12-27 04:58:18.585  1152  1189 D ActivityTaskManager: Top Process State changed to PROCESS_STATE_TOP
12-27 04:58:18.585   924 23979 D SensorClientUtils: Received transition request from SLEEP to RUNNING
12-27 04:58:18.585  1152  1152 D ActivityManager: Is background playback GK enabled: false Is background playback enabled for all apps: false
12-27 04:58:18.585   945  1104 D SensorClientUtils: Received transition request from SLEEP to RUNNING
12-27 04:58:18.586   924 23979 D SensorClientUtils: Executing transition from SLEEP to STANDBY
12-27 04:58:18.586   924 23979 D MrSystemService: AOSP setPowerState: STANDBY.
12-27 04:58:18.586   924 23979 D SensorClientUtils: Executing transition from STANDBY to RUNNING
12-27 04:58:18.586   924 23979 D MrSystemService: AOSP setPowerState: RUNNING.
12-27 04:58:18.586  1658 15059 D SensorClientUtils: Cancelling delayed transition to SLEEP
12-27 04:58:18.587  1152  4074 D CompatibilityChangeReporter: Compat change id reported: 151105954; UID 1000; state: ENABLED
12-27 04:58:18.588  1152  4074 D CompatibilityChangeReporter: Compat change id reported: 151105954; UID 1000; state: DISABLED
12-27 04:58:18.588  1658 15059 D SensorClientUtils: Received transition request from SLEEP to RUNNING
12-27 04:58:18.588  1152  4074 E AppOps  : package system not found, can't check for attributionTag null
12-27 04:58:18.588  1152  1152 D ActivityManager: Is background playback GK enabled: false Is background playback enabled for all apps: false
12-27 04:58:18.589  1152  4074 E AppOps  : startOperation
12-27 04:58:18.589  1152  4074 E AppOps  : java.lang.SecurityException: Specified package system under uid 1000 but it is not
12-27 04:58:18.589  1152  4074 E AppOps  : 	at com.android.server.appop.AppOpsService.verifyAndGetBypass(AppOpsService.java:4627)
12-27 04:58:18.589  1152  4074 E AppOps  : 	at com.android.server.appop.AppOpsService.startOperationUnchecked(AppOpsService.java:3950)
12-27 04:58:18.589  1152  4074 E AppOps  : 	at com.android.server.appop.AppOpsService.startOperationImpl(AppOpsService.java:3841)
12-27 04:58:18.589  1152  4074 E AppOps  : 	at com.android.server.appop.AppOpsService.access$4100(AppOpsService.java:215)
12-27 04:58:18.589  1152  4074 E AppOps  : 	at com.android.server.appop.AppOpsService$CheckOpsDelegateDispatcher.lambda$startOperation$8(AppOpsService.java:7627)
12-27 04:58:18.589  1152  4074 E AppOps  : 	at com.android.server.appop.AppOpsService$CheckOpsDelegateDispatcher$$ExternalSyntheticLambda23.apply(Unknown Source:53)
12-27 04:58:18.589  1152  4074 E AppOps  : 	at com.android.server.policy.AppOpsPolicy.startOperation(AppOpsPolicy.java:251)
12-27 04:58:18.589  1152  4074 E AppOps  : 	at com.android.server.appop.AppOpsService$CheckOpsDelegateDispatcher.startOperation(AppOpsService.java:7624)
12-27 04:58:18.589  1152  4074 E AppOps  : 	at com.android.server.appop.AppOpsService.startOperation(AppOpsService.java:3810)
12-27 04:58:18.589  1152  4074 E AppOps  : 	at android.app.AppOpsManager.startOpNoThrow(AppOpsManager.java:8888)
12-27 04:58:18.589  1152  4074 E AppOps  : 	at android.app.AppOpsManager.startOpNoThrow(AppOpsManager.java:8864)
12-27 04:58:18.589  1152  4074 E AppOps  : 	at android.app.AppOpsManager.startOpNoThrow(AppOpsManager.java:8853)
12-27 04:58:18.589  1152  4074 E AppOps  : 	at android.app.AppOpsManager.startOpNoThrow(AppOpsManager.java:8822)
12-27 04:58:18.589  1152  4074 E AppOps  : 	at com.android.server.power.Notifier.onWakeLockAcquired(Notifier.java:239)
12-27 04:58:18.589  1152  4074 E AppOps  : 	at com.android.server.power.PowerManagerService.notifyWakeLockAcquiredLocked(PowerManagerService.java:1610)
12-27 04:58:18.589  1152  4074 E AppOps  : 	at com.android.server.power.PowerManagerService.acquireWakeLockInternal(PowerManagerService.java:1439)
12-27 04:58:18.589  1152  4074 E AppOps  : 	at com.android.server.power.PowerManagerService.access$4600(PowerManagerService.java:143)
12-27 04:58:18.589  1152  4074 E AppOps  : 	at com.android.server.power.PowerManagerService$BinderService.acquireWakeLock(PowerManagerService.java:5198)
12-27 04:58:18.589  1152  4074 E AppOps  : 	at android.os.IPowerManager$Stub.onTransact(IPowerManager.java:473)
12-27 04:58:18.589  1152  4074 E AppOps  : 	at android.os.Binder.execTransactInternal(Binder.java:1184)
12-27 04:58:18.589  1152  4074 E AppOps  : 	at android.os.Binder.execTransact(Binder.java:1143)
12-27 04:58:18.589  1152  1152 D ActivityManager: Is background playback GK enabled: false Is background playback enabled for all apps: false
12-27 04:58:18.589  1658 15059 D SensorClientUtils: Executing transition from SLEEP to STANDBY
12-27 04:58:18.589  1658 15059 D OVRRemoteService: [controller] SLEEP -> STANDBY
12-27 04:58:18.589  1658 15059 D OVRRemoteService: ControllerGlue: setting expected mode to Streaming
12-27 04:58:18.590  1658 15059 D OVRRemoteService: ControllerGlue: Setting current mode to Streaming
12-27 04:58:18.590  1658 15059 D OVRRemoteService: ControllerGlue: leave mode Disabled
12-27 04:58:18.590  1658 15059 D OVRRemoteService: ControllerGlue: Setting mode to Streaming
12-27 04:58:18.590  1658 15059 D OVRRemoteService: ControllerGlue: enter mode Streaming
12-27 04:58:18.590   945  1104 D SensorClientUtils: Executing transition from SLEEP to STANDBY
12-27 04:58:18.590   945  1104 D TrackingService: Enqueued transition to (targetPowerState, targetMuxName): (STANDBY, --) - transition timeout: 1000000000 ns
12-27 04:58:18.591   787   837 D SensorService: ControllerProvider: acquiring StreamingSession
12-27 04:58:18.592   787   837 D SensorService: SyncbossEventHandler: Enabling sensor PULSAR
12-27 04:58:18.592   787   837 D SensorService: SyncbossEventHandler: Active sensors: synthetic[EXTERNAL_TIMING,ZAP] non-synth[PULSAR]
12-27 04:58:18.592   787   837 D SensorService: SyncbossEventHandler: starting all streams
12-27 04:58:18.593   787   837 D SensorService: SyncbossEventHandler: acquiring session; approx # alive: 1
12-27 04:58:18.593   787 10113 D SensorService: SyncbossEventHandler::producerThreadFunc() start
12-27 04:58:18.593  1152  1152 D ActivityManager: Is background playback GK enabled: false Is background playback enabled for all apps: false
12-27 04:58:18.596  1152  1152 D ActivityManager: Is background playback GK enabled: false Is background playback enabled for all apps: false
12-27 04:58:18.596  1152  1189 I DisplayPowerController[0]: Unblocked screen on after 12 ms
12-27 04:58:18.585     0     0 I         : powerstate_mgr_open succeeded, refcount=1. (pid 837)
12-27 04:58:18.590     0     0 I [drm:dsi_display_set_mode] [msm-dsi-info]: mdp_transfer_time_us=0 us
12-27 04:58:18.590     0     0 I [drm:dsi_display_set_mode] [msm-dsi-info]: hactive= 1920,vactive= 3664,fps=90
12-27 04:58:18.590     0     0 I [drm:dsi_ctrl_isr_configure] [msm-dsi-info]: dsi-ctrl-0: IRQ 394 registered
12-27 04:58:18.590     0     0 I [drm:dsi_ctrl_isr_configure] [msm-dsi-info]: dsi-ctrl-1: IRQ 395 registered
12-27 04:58:18.600   945  1105 I TrackingService: [                  vision_manager] Power transition: SLEEP -> STANDBY transition time: 10 ms
12-27 04:58:18.601   945  1105 I TrackingService: [                             iad] Power transition: SLEEP -> STANDBY transition time: 0 ms
12-27 04:58:18.601  1152  1185 E KernelCpuUidActiveTimeReader: Negative delta from active time for uid: 10069, delta: -7
12-27 04:58:18.601  1152  1185 E KernelCpuUidActiveTimeReader: Negative delta from active time for uid: 10022, delta: -24
12-27 04:58:18.601  1152  1185 E KernelCpuUidActiveTimeReader: Negative delta from active time for uid: 10028, delta: -6
12-27 04:58:18.601  1152  1185 E KernelCpuUidActiveTimeReader: Negative delta from active time for uid: 10045, delta: -580
12-27 04:58:18.602  1152  1185 E KernelCpuUidClusterTimeReader: Negative delta from cluster time for uid: 10014, delta: -10
12-27 04:58:18.602  1152  1185 E KernelCpuUidClusterTimeReader: Negative delta from cluster time for uid: 10069, delta: -9
12-27 04:58:18.602  1152  1185 E KernelCpuUidClusterTimeReader: Negative delta from cluster time for uid: 10022, delta: -29
12-27 04:58:18.602  1152  1185 E KernelCpuUidClusterTimeReader: Negative delta from cluster time for uid: 10043, delta: -11
12-27 04:58:18.602  1152  1185 E KernelCpuUidClusterTimeReader: Negative delta from cluster time for uid: 10030, delta: -18
12-27 04:58:18.602  1152  1185 E KernelCpuUidClusterTimeReader: Negative delta from cluster time for uid: 10085, delta: -2
12-27 04:58:18.602  1152  1185 E KernelCpuUidClusterTimeReader: Negative delta from cluster time for uid: 1066, delta: -6
12-27 04:58:18.602  1152  1185 E KernelCpuUidClusterTimeReader: Negative delta from cluster time for uid: 10025, delta: -4
12-27 04:58:18.602  1152  1185 E KernelCpuUidClusterTimeReader: Negative delta from cluster time for uid: 1040, delta: -5
12-27 04:58:18.602  1152  1185 E KernelCpuUidClusterTimeReader: Negative delta from cluster time for uid: 1069, delta: -5
12-27 04:58:18.602  1152  1185 E KernelCpuUidClusterTimeReader: Negative delta from cluster time for uid: 10062, delta: -25
12-27 04:58:18.602   787   837 I SyncBossHAL: [info   ] syncboss_hal_impl_input.c(277): No pulsar frequency blocklist set
12-27 04:58:18.602  1152  1185 E KernelCpuUidClusterTimeReader: Negative delta from cluster time for uid: 10028, delta: -11
12-27 04:58:18.602   787   837 I SyncBossHAL: [info   ] syncboss_hal_impl_input.c(304): No AFH behavior specified, enabled by default
12-27 04:58:18.602  1152  1185 E KernelCpuUidClusterTimeReader: Negative delta from cluster time for uid: 10015, delta: -9
12-27 04:58:18.602  1152  1185 E KernelCpuUidClusterTimeReader: Negative delta from cluster time for uid: 10036, delta: -8
12-27 04:58:18.602  1152  1185 E KernelCpuUidClusterTimeReader: Negative delta from cluster time for uid: 10002, delta: -5
12-27 04:58:18.602  1152  1185 E KernelCpuUidClusterTimeReader: Negative delta from cluster time for uid: 1017, delta: -1
12-27 04:58:18.602  1152  1185 E KernelCpuUidClusterTimeReader: Negative delta from cluster time for uid: 10099, delta: -4
12-27 04:58:18.602  1152  1185 E KernelCpuUidClusterTimeReader: Negative delta from cluster time for uid: 10010, delta: -4
12-27 04:58:18.602  1152  1185 E KernelCpuUidClusterTimeReader: Negative delta from cluster time for uid: 10031, delta: -48
12-27 04:58:18.602  1152  1185 E KernelCpuUidClusterTimeReader: Negative delta from cluster time for uid: 10018, delta: -12
12-27 04:58:18.603  1152  1185 E KernelCpuUidClusterTimeReader: Negative delta from cluster time for uid: 10026, delta: -8
12-27 04:58:18.603  1152  1185 E KernelCpuUidClusterTimeReader: Negative delta from cluster time for uid: 1041, delta: -215
12-27 04:58:18.603  1152  1185 E KernelCpuUidClusterTimeReader: Negative delta from cluster time for uid: 10034, delta: -67
12-27 04:58:18.603  1152  1185 E KernelCpuUidClusterTimeReader: Negative delta from cluster time for uid: 10089, delta: -25
12-27 04:58:18.603  1152  1185 E KernelCpuUidClusterTimeReader: Negative delta from cluster time for uid: 1036, delta: -7
12-27 04:58:18.603  1152  1185 E KernelCpuUidClusterTimeReader: Negative delta from cluster time for uid: 10084, delta: -3
12-27 04:58:18.603  1152  1185 E KernelCpuUidClusterTimeReader: Negative delta from cluster time for uid: 10024, delta: -2
12-27 04:58:18.603  1152  1185 E KernelCpuUidClusterTimeReader: Negative delta from cluster time for uid: 10045, delta: -1156
12-27 04:58:18.603  1152  1185 E KernelCpuUidClusterTimeReader: Negative delta from cluster time for uid: 10032, delta: -8
12-27 04:58:18.603  1152  1185 E KernelCpuUidClusterTimeReader: Negative delta from cluster time for uid: 10087, delta: -13
12-27 04:58:18.603  1152  1185 E KernelCpuUidClusterTimeReader: Negative delta from cluster time for uid: 10019, delta: -11
12-27 04:58:18.603  1152  1185 E KernelCpuUidClusterTimeReader: Negative delta from cluster time for uid: 2906, delta: -1
12-27 04:58:18.603  1152  1152 D ActivityManager: Is background playback GK enabled: false Is background playback enabled for all apps: false
12-27 04:58:18.604  1152  1152 D ActivityManager: Is background playback GK enabled: false Is background playback enabled for all apps: false
12-27 04:58:18.605  1152  1152 D ActivityManager: Is background playback GK enabled: false Is background playback enabled for all apps: false
12-27 04:58:18.607   787   837 D SensorService: ControllerProvider: acquiring StreamingClient impl; approx # alive: 1
12-27 04:58:18.607   787   837 D libsensorscommon: ControllerProvider: acquiring StreamingClient hidl
12-27 04:58:18.607  1658 15059 D OVRRemoteService: RemoteService::recordControllerStatusUpdate: device d3d05f47e2487092: status: SEARCHING tracking: NONE, errors: --
12-27 04:58:18.607  1658 15059 D OVRRemoteService: RemoteService::recordControllerStatusUpdate: device 9d17e7ce194bc1ec: status: SEARCHING tracking: NONE, errors: --
12-27 04:58:18.609  1658 10121 D OVRRemoteService: processStateChange([PairedControllerInfo JEDI 9d17e7ce194bc1ec disconnected mcnt=0])
12-27 04:58:18.609  1658 10121 D OVRRemoteService: processStateChange([PairedControllerInfo JEDI d3d05f47e2487092 disconnected mcnt=0])
12-27 04:58:18.609  1658 15059 D SensorClientUtils: Executing transition from STANDBY to RUNNING
12-27 04:58:18.609  1658 15059 D OVRRemoteService: [controller] STANDBY -> RUNNING
12-27 04:58:18.602     0     0 I cm710x 1-002c: cm710x_playback_in_enum_ext_get select PlaybackFrom = 1
12-27 04:58:18.611   787 10112 D SensorService: Syncboss input 9d17e7ce194bc1ec hardware type 4, subtype 1, revision 
12-27 04:58:18.611   787 10112 I SensorService: preparePairedControllerInfo is adding device with valid 1
12-27 04:58:18.611   787 10112 D SensorService: Syncboss input d3d05f47e2487092 hardware type 4, subtype 2, revision 
12-27 04:58:18.611   787 10112 I SensorService: preparePairedControllerInfo is adding device with valid 1
12-27 04:58:18.612   945  1105 I TrackingService: [                            bolt] Power transition: SLEEP -> STANDBY transition time: 11 ms
12-27 04:58:18.612   945  1105 D TrackingService: IOT sleep to standby started
12-27 04:58:18.615   787 10112 D SensorService: stateChangeNotifierFunc(): Reporting controller info. Change token: 109, paired=2 connected=0
12-27 04:58:18.616  1658 10121 D OVRRemoteService: processStateChange([PairedControllerInfo JEDI 9d17e7ce194bc1ec disconnected update-required mcnt=0])
12-27 04:58:18.616  1658 10121 D OVRRemoteService: processStateChange([PairedControllerInfo JEDI d3d05f47e2487092 disconnected update-required mcnt=0])
12-27 04:58:18.620  1152  1152 D ActivityManager: Is background playback GK enabled: false Is background playback enabled for all apps: false
12-27 04:58:18.621  1152  1152 D ActivityManager: Is background playback GK enabled: false Is background playback enabled for all apps: false
12-27 04:58:18.622  1152  1152 D ActivityManager: Is background playback GK enabled: false Is background playback enabled for all apps: false
12-27 04:58:18.623  1152  1152 D ActivityManager: Is background playback GK enabled: false Is background playback enabled for all apps: false
12-27 04:58:18.624  1152  1152 D ActivityManager: Is background playback GK enabled: false Is background playback enabled for all apps: false
12-27 04:58:18.625  1152  1152 D ActivityManager: Is background playback GK enabled: false Is background playback enabled for all apps: false
12-27 04:58:18.626  1152  1152 D ActivityManager: Is background playback GK enabled: false Is background playback enabled for all apps: false
12-27 04:58:18.626  1152  1152 D ActivityManager: Is background playback GK enabled: false Is background playback enabled for all apps: false
12-27 04:58:18.627  1152  1152 D ActivityManager: Is background playback GK enabled: false Is background playback enabled for all apps: false
12-27 04:58:18.627  1152  1152 D ActivityManager: Is background playback GK enabled: false Is background playback enabled for all apps: false
12-27 04:58:18.628  1152  1152 D ActivityManager: Is background playback GK enabled: false Is background playback enabled for all apps: false
12-27 04:58:18.628  1152  1152 D ActivityManager: Is background playback GK enabled: false Is background playback enabled for all apps: false
12-27 04:58:18.629  1152  1152 D ActivityManager: Is background playback GK enabled: false Is background playback enabled for all apps: false
12-27 04:58:18.629  1152  1152 D ActivityManager: Is background playback GK enabled: false Is background playback enabled for all apps: false
12-27 04:58:18.630  1152  1152 D ActivityManager: Is background playback GK enabled: false Is background playback enabled for all apps: false
12-27 04:58:18.630  1152  1152 D ActivityManager: Is background playback GK enabled: false Is background playback enabled for all apps: false
12-27 04:58:18.618     0     0 I __afe_port_start: port id: 0x1000
12-27 04:58:18.618     0     0 I afe_find_cal_topo_id_by_port: port id: 0x1000, dev_acdb_id: 15
12-27 04:58:18.618     0     0 I afe_find_cal_topo_id_by_port: top_id:112fc acdb_id:15 afe_port_id:0x1000
12-27 04:58:18.618     0     0 I afe_get_cal_topology_id: port_id = 0x1000 acdb_id = 15 topology_id = 0x112fc cal_type_index=8 ret=0
12-27 04:58:18.619     0     0 I afe_send_port_topology_id: AFE set topology id 0x112fc  enable for port 0x1000 ret 0
12-27 04:58:18.619     0     0 I send_afe_cal_type: cal_index is 0
12-27 04:58:18.619     0     0 I send_afe_cal_type: dev_acdb_id[40] is 15
12-27 04:58:18.619     0     0 I afe_find_cal: cal_index 0 port_id 0x1000 port_index 40
12-27 04:58:18.619     0     0 I afe_find_cal: acdb_id 15 dev_acdb_id 15 sample_rate 48000 afe_sample_rates 48000
12-27 04:58:18.619     0     0 I afe_find_cal: cal block is a match, size is 0
12-27 04:58:18.619     0     0 I send_afe_cal_type: Sending cal_index cal 0
12-27 04:58:18.619     0     0 E send_afe_cal_type: No cal sent for cal_index 0, port_id = 0x1000! ret -22
12-27 04:58:18.619     0     0 I afe_send_hw_delay: port_id 0x1000 rate 48000 delay_usec 474 status 0
12-27 04:58:18.631  1152  1152 D ActivityManager: Is background playback GK enabled: false Is background playback enabled for all apps: false
12-27 04:58:18.632  1152  1152 D ActivityManager: Is background playback GK enabled: false Is background playback enabled for all apps: false
12-27 04:58:18.632  1152  1152 D ActivityManager: Is background playback GK enabled: false Is background playback enabled for all apps: false
12-27 04:58:18.633  1152  1152 D ActivityManager: Is background playback GK enabled: false Is background playback enabled for all apps: false
12-27 04:58:18.633  1152  1152 D ActivityManager: Is background playback GK enabled: false Is background playback enabled for all apps: false
12-27 04:58:18.634  1152  1152 D ActivityManager: Is background playback GK enabled: false Is background playback enabled for all apps: false
12-27 04:58:18.634  1152  1152 D ActivityManager: Is background playback GK enabled: false Is background playback enabled for all apps: false
12-27 04:58:18.634  1152  1152 D ActivityManager: Is background playback GK enabled: false Is background playback enabled for all apps: false
12-27 04:58:18.635  1152  1152 D ActivityManager: Is background playback GK enabled: false Is background playback enabled for all apps: false
12-27 04:58:18.635  1152  1152 D ActivityManager: Is background playback GK enabled: false Is background playback enabled for all apps: false
12-27 04:58:18.636  1152  1152 D ActivityManager: Is background playback GK enabled: false Is background playback enabled for all apps: false
12-27 04:58:18.636  1152  1152 D ActivityManager: Is background playback GK enabled: false Is background playback enabled for all apps: false
12-27 04:58:18.636  1152  1152 D ActivityManager: Is background playback GK enabled: false Is background playback enabled for all apps: false
12-27 04:58:18.637  1152  1152 D ActivityManager: Is background playback GK enabled: false Is background playback enabled for all apps: false
12-27 04:58:18.637  1152  1152 D ActivityManager: Is background playback GK enabled: false Is background playback enabled for all apps: false
12-27 04:58:18.638  1152  1152 D ActivityManager: Is background playback GK enabled: false Is background playback enabled for all apps: false
12-27 04:58:18.638  1152  1152 D ActivityManager: Is background playback GK enabled: false Is background playback enabled for all apps: false
12-27 04:58:18.641  1152  1170 I DisplayDeviceRepository: Display device changed state: "Built-in Screen", ON
12-27 04:58:18.661  1152  1814 I Telecom : CallAudioRouteStateMachine: Message received: MUTE_EXTERNALLY_CHANGED=3004, arg1=0: CARSM.mCR->CARSM.pM_MUTE_EXTERNALLY_CHANGED@ATs
12-27 04:58:18.661  1152  1814 I Telecom : QuiescentSpeakerRoute: Processing message MUTE_EXTERNALLY_CHANGED: CARSM.mCR->CARSM.pM_MUTE_EXTERNALLY_CHANGED@ATs
12-27 04:58:18.673     0     0 I init    : processing action (ro.vendor.drm.irq=* && sys.hmt.mounted=1) from (/vendor/etc/init/hw/init.hollywood.rc:104)
12-27 04:58:18.673     0     0 I init    : processing action (sys.hmt.mounted=1) from (/vendor/etc/init/hw/init.hollywood.rc:107)
12-27 04:58:18.673     0     0 I init    : processing action (sys.hmt.mounted=1) from (/vendor/etc/init/hw/init.kona.rc:400)
12-27 04:58:18.673     0     0 E FG      : fg_psy_get_property: unsupported property 4
12-27 04:58:18.696   787   837 D SensorService: SyncbossEventHandler: Enabling sensor HMD_IMU
12-27 04:58:18.696   787   837 D SensorService: SyncbossEventHandler: Active sensors: synthetic[EXTERNAL_TIMING,ZAP] non-synth[HMD_IMU,PULSAR]
12-27 04:58:18.696   787   837 D SensorService: SyncbossEventHandler: acquiring session; approx # alive: 2
12-27 04:58:18.686     0     0 W healthd : battery l=100 v=4380 t=24.7 h=2 st=4 c=976 fc=3749000 cc=3 chg=u
12-27 04:58:18.695     0     0 W healthd : battery l=100 v=4380 t=24.7 h=2 st=4 c=976 fc=3749000 cc=3 chg=u
12-27 04:58:18.700   787   837 D SensorService: SyncbossEventHandler: Enabling sensor HMD_MAG
12-27 04:58:18.700   787   837 D SensorService: SyncbossEventHandler: Active sensors: synthetic[EXTERNAL_TIMING,ZAP] non-synth[HMD_MAG,HMD_IMU,PULSAR]
12-27 04:58:18.700   787   837 D SensorService: SyncbossEventHandler: acquiring session; approx # alive: 3
12-27 04:58:18.704   945  1105 D TrackingService: IOT sleep to standby completed
12-27 04:58:18.704   945  1105 I TrackingService: [                             iot] Power transition: SLEEP -> STANDBY transition time: 91 ms
12-27 04:58:18.706   945 10143 D TrackingService: starting IOT motion thread, imu batch dispatch enabled=false
12-27 04:58:18.709   945  1105 I TrackingService: ConstellationTrackingGlue: setEnableExtendedDeadreckoning to false
12-27 04:58:18.709   945  1105 I TrackingService: [                   constellation] Power transition: SLEEP -> STANDBY transition time: 5 ms
12-27 04:58:18.699     0     0 W healthd : battery l=100 v=4380 t=24.7 h=2 st=4 c=976 fc=3749000 cc=3 chg=u
12-27 04:58:18.712   945  1105 I TrackingService: [              selftracked_client] Power transition: SLEEP -> STANDBY transition time: 2 ms
12-27 04:58:18.712   945  1105 I TrackingService: [                            hand] Power transition: SLEEP -> STANDBY transition time: 0 ms
12-27 04:58:18.712   945  1105 I TrackingService: [                            face] Power transition: SLEEP -> STANDBY transition time: 0 ms
12-27 04:58:18.713   945  1105 I TrackingService: [                          object] Power transition: SLEEP -> STANDBY transition time: 1 ms
12-27 04:58:18.713   945  1105 I TrackingService: [                      controller] Power transition: SLEEP -> STANDBY transition time: 0 ms
12-27 04:58:18.714   787   837 D SensorService: ControllerProvider: acquiring StreamingClient impl; approx # alive: 2
12-27 04:58:18.714   787   837 D libsensorscommon: ControllerProvider: acquiring StreamingClient hidl
12-27 04:58:18.714   945  1105 I TrackingService: [                 ExposureControl] Power transition: SLEEP -> STANDBY transition time: 0 ms
12-27 04:58:18.714  1658 10121 D OVRRemoteService: processStateChange([PairedControllerInfo JEDI 9d17e7ce194bc1ec disconnected update-required mcnt=0])
12-27 04:58:18.714  1658 10121 D OVRRemoteService: processStateChange([PairedControllerInfo JEDI d3d05f47e2487092 disconnected update-required mcnt=0])
12-27 04:58:18.714   945  1104 D TrackingService: Transition completed for (null)
12-27 04:58:18.714   945  1104 D TrackingService: setPowerState: STANDBY
12-27 04:58:18.714   945  1104 D SensorClientUtils: Executing transition from STANDBY to RUNNING
12-27 04:58:18.714   945  1104 D TrackingService: Enqueued transition to (targetPowerState, targetMuxName): (RUNNING, --) - transition timeout: 1000000000 ns
12-27 04:58:18.714   945  1105 I TrackingService: [                  vision_manager] Power transition: STANDBY -> RUNNING transition time: 0 ms
12-27 04:58:18.715   945  1105 I TrackingService: [                             iad] Power transition: STANDBY -> RUNNING transition time: 0 ms
12-27 04:58:18.715   945  1105 I TrackingService: [                            bolt] Power transition: STANDBY -> RUNNING transition time: 0 ms
12-27 04:58:18.715   945  1105 D TrackingService: IOT standby to running started
12-27 04:58:18.715   787   837 D CameraStream: Client 945: Attempting StreamControl: 0
12-27 04:58:18.715   787   837 D CameraClientManager: [HEADSET] Attempting starting camera client.
12-27 04:58:18.715   787   837 D CameraClientManager: [HEADSET] Successfully found client (945) to start in CameraClientManager list.
12-27 04:58:18.715  1658 15059 D RemoteService: RemoteService - Registering status callback
12-27 04:58:18.717   787   837 I FrameSetDispatcher: [HEADSET] Client pid=945 (IOT): Client thread started
12-27 04:58:18.717   787   837 I CameraClientManager: [HEADSET] Added client (945)(IOT)
12-27 04:58:18.717   787   837 D CameraClientManager: [HEADSET] Attempting to start stream
12-27 04:58:18.717   787   837 I CameraClientManager: [HEADSET] Started clients: 1
12-27 04:58:18.717   787   837 I CameraClientManager: [HEADSET] Starting stream
12-27 04:58:18.714     0     0 I qcom,camera ac4f000.qcom,cci: qcom,cam-sensor0: Linked as a consumer to regulator.46
12-27 04:58:18.717     0     0 I qcom,camera ac4f000.qcom,cci: qcom,cam-sensor0: Linked as a consumer to regulator.7
12-27 04:58:18.718     0     0 I qcom,camera ac4f000.qcom,cci: qcom,cam-sensor0: Linked as a consumer to regulator.71
12-27 04:58:18.741   787 10113 W SensorService: Data for sensor type HMD_IMU dropped because of failure to update clock drift from vsync. 1 drops in the last 0s.
12-27 04:58:18.748   787 10113 W SensorService: Data for sensor type HMD_MAG dropped because of failure to update clock drift from vsync. 1 drops in the last 0s.
12-27 04:58:18.743     0     0 I qcom,camera ac4f000.qcom,cci: qcom,cam-sensor1: Linked as a consumer to regulator.46
12-27 04:58:18.746     0     0 I qcom,camera ac4f000.qcom,cci: qcom,cam-sensor1: Linked as a consumer to regulator.7
12-27 04:58:18.746     0     0 I qcom,camera ac4f000.qcom,cci: qcom,cam-sensor1: Linked as a consumer to regulator.71
12-27 04:58:18.769     0     0 I qcom,camera ac50000.qcom,cci: qcom,cam-sensor2: Linked as a consumer to regulator.46
12-27 04:58:18.771     0     0 I qcom,camera ac50000.qcom,cci: qcom,cam-sensor2: Linked as a consumer to regulator.7
12-27 04:58:18.771     0     0 I qcom,camera ac50000.qcom,cci: qcom,cam-sensor2: Linked as a consumer to regulator.71
12-27 04:58:18.795     0     0 I qcom,camera ac50000.qcom,cci: qcom,cam-sensor3: Linked as a consumer to regulator.46
12-27 04:58:18.796     0     0 I qcom,camera ac50000.qcom,cci: qcom,cam-sensor3: Linked as a consumer to regulator.7
12-27 04:58:18.797     0     0 I qcom,camera ac50000.qcom,cci: qcom,cam-sensor3: Linked as a consumer to regulator.71
12-27 04:58:18.824   787   837 D SensorService: SyncbossEventHandler: Enabling sensor HMD_FSIN
12-27 04:58:18.824   787   837 D SensorService: SyncbossEventHandler: Active sensors: synthetic[EXTERNAL_TIMING,ZAP] non-synth[HMD_MAG,HMD_IMU,HMD_FSIN,PULSAR]
12-27 04:58:18.824   787   837 D SensorService: SyncbossEventHandler: acquiring session; approx # alive: 4
12-27 04:58:18.904   787   837 I DiceCameraSystem: Set cameras to 10 bpp (format 0x00000007)
12-27 04:58:18.908   787   837 I libsensorscommon: [HEADSET FSC] started at 95102.37
12-27 04:58:18.908   787  1045 I SyncBossHAL: [info   ] pulsar_manager.c(960): No IRLED tracked controllers connected/ready
12-27 04:58:18.921  1152  1178 W ActivityManager: Slow operation: 236ms so far, now at startProcess: done creating new process record
12-27 04:58:18.922  1152  1178 W ActivityManager: Slow operation: 236ms so far, now at startProcess: stepping in to startProcess
12-27 04:58:18.922  1152  1178 D CompatibilityChangeReporter: Compat change id reported: 135634846; UID 10030; state: DISABLED
12-27 04:58:18.922  1152  1178 D CompatibilityChangeReporter: Compat change id reported: 177438394; UID 10030; state: DISABLED
12-27 04:58:18.922  1152  1178 D CompatibilityChangeReporter: Compat change id reported: 135772972; UID 10030; state: DISABLED
12-27 04:58:18.922  1152  1178 D CompatibilityChangeReporter: Compat change id reported: 135754954; UID 10030; state: DISABLED
12-27 04:58:18.923  1152  1178 W ActivityManager: Slow operation: 237ms so far, now at startProcess: done starting proc!
12-27 04:58:18.923  1152  1179 D CompatibilityChangeReporter: Compat change id reported: 143937733; UID 10030; state: DISABLED
12-27 04:58:18.933  1152  1152 W Looper  : Slow dispatch took 230ms main h=android.os.Handler c=com.android.server.BatteryService$$ExternalSyntheticLambda4@8674af3 m=0
12-27 04:58:18.940  1152  1179 D ActivityManager: Is background playback GK enabled: false Is background playback enabled for all apps: false
12-27 04:58:18.941  1152  1333 E DisplayDeviceConfig: requesting nits when no mapping exists.
12-27 04:58:18.941  1152  1189 W PowerManagerService: Screen on took 360 ms
12-27 04:58:18.941  1152  1179 I ActivityManager: Start proc 10171:com.oculus.assistant/u0a30 for broadcast {com.oculus.assistant/com.oculus.assistant.service.startup.WakeWordHMDMountReciever}
12-27 04:58:18.942  1152  1333 E DisplayDeviceConfig: requesting nits when no mapping exists.
12-27 04:58:18.943  1152  1178 I DropBoxManagerService: add tag=system_server_wtf isTagEnabled=true flags=0x2
12-27 04:58:18.945  1152  1178 I DropBoxManagerService: add tag=system_server_wtf isTagEnabled=true flags=0x2
12-27 04:58:18.965   787   837 D CameraStream: Client 945: Finished StreamControl: 0
12-27 04:58:18.972  1152  4074 W ProcessStats: Tracking association SourceState{a589a9a com.oculus.ocms/10011 BTopFgs #63351} whose proc state 2 is better than process ProcessState{943c4fa com.oculus.qplservice/10043 pkg=com.oculus.qplservice} proc state 3 (4 skipped)
12-27 04:58:18.974     0     0 I binder  : 10171:10171 ioctl 40046210 7fc99baf34 returned -22
12-27 04:58:18.988   945  1105 D TrackingService: IOT standby to running completed
12-27 04:58:18.988   945  1105 I TrackingService: [                             iot] Power transition: STANDBY -> RUNNING transition time: 273 ms
12-27 04:58:18.989   787   837 D CameraStream: Client 945: Attempting StreamControl: 0
12-27 04:58:18.989   787   837 D CameraClientManager: [CONTROLLER] Attempting starting camera client.
12-27 04:58:18.989   787   837 D CameraClientManager: [CONTROLLER] Successfully found client (945) to start in CameraClientManager list.
12-27 04:58:19.005   787   837 I FrameSetDispatcher: [CONTROLLER] Client pid=945 (Cnst): Client thread started
12-27 04:58:19.005   787   837 I CameraClientManager: [CONTROLLER] Added client (945)(Cnst)
12-27 04:58:19.005   787   837 D CameraClientManager: [CONTROLLER] Attempting to start stream
12-27 04:58:19.005   787   837 I CameraClientManager: [CONTROLLER] Started clients: 1
12-27 04:58:19.005   787   837 I CameraClientManager: [CONTROLLER] Starting stream
12-27 04:58:19.005   787   837 I libsensorscommon: [CONTROLLER FSC] started at 95102.47
12-27 04:58:19.005   787   837 D CameraStream: Client 945: Finished StreamControl: 0
12-27 04:58:19.006   945  1105 I TrackingService: ConstellationTrackingGlue: setEnableExtendedDeadreckoning to false
12-27 04:58:19.006   945  1105 I TrackingService: [                   constellation] Power transition: STANDBY -> RUNNING transition time: 17 ms
12-27 04:58:19.007   945  1105 I TrackingService: [              selftracked_client] Power transition: STANDBY -> RUNNING transition time: 0 ms
12-27 04:58:19.007   945  1105 I TrackingService: [                            hand] Power transition: STANDBY -> RUNNING transition time: 0 ms
12-27 04:58:19.007   945  1105 I TrackingService: [                            face] Power transition: STANDBY -> RUNNING transition time: 0 ms
12-27 04:58:19.008   787   837 D CameraStream: Client 945: Attempting StreamControl: 0
12-27 04:58:19.008   787   837 D CameraClientManager: [HEADSET] Attempting starting camera client.
12-27 04:58:19.008   787   837 D CameraClientManager: [HEADSET] Successfully found client (945) to start in CameraClientManager list.
12-27 04:58:19.010   787   837 I FrameSetDispatcher: [HEADSET] Client pid=945 (Obj): Client thread started
12-27 04:58:19.010   787   837 I CameraClientManager: [HEADSET] Added client (945)(Obj)
12-27 04:58:19.010   787   837 D CameraClientManager: [HEADSET] Attempting to start stream
12-27 04:58:19.010   787   837 I CameraClientManager: [HEADSET] Started clients: 2
12-27 04:58:19.010   787   837 D CameraStream: Client 945: Finished StreamControl: 0
12-27 04:58:19.011   945  1105 I TrackingService: [                          object] Power transition: STANDBY -> RUNNING transition time: 3 ms
12-27 04:58:19.011   945  1105 I TrackingService: [                      controller] Power transition: STANDBY -> RUNNING transition time: 0 ms
12-27 04:58:19.029   787   837 D CameraStream: Client 945: Attempting StreamControl: 0
12-27 04:58:19.029   787   837 D CameraClientManager: [HEADSET] Attempting starting camera client.
12-27 04:58:19.029   787   837 D CameraClientManager: [HEADSET] Successfully found client (945) to start in CameraClientManager list.
12-27 04:58:19.034   787   837 I FrameSetDispatcher: [HEADSET] Client pid=945 (ExpCtl): Client thread started
12-27 04:58:19.034   787   837 I CameraClientManager: [HEADSET] Added client (945)(ExpCtl)
12-27 04:58:19.034   787   837 D CameraClientManager: [HEADSET] Attempting to start stream
12-27 04:58:19.034   787   837 I CameraClientManager: [HEADSET] Started clients: 3
12-27 04:58:19.034   787   837 D CameraStream: Client 945: Finished StreamControl: 0
12-27 04:58:19.034   787   837 D CameraStream: Client 945: Attempting StreamControl: 0
12-27 04:58:19.034   787   837 D CameraClientManager: [CONTROLLER] Attempting starting camera client.
12-27 04:58:19.034   787   837 D CameraClientManager: [CONTROLLER] Successfully found client (945) to start in CameraClientManager list.
12-27 04:58:19.035   787   837 I FrameSetDispatcher: [CONTROLLER] Client pid=945 (ExpCtl): Client thread started
12-27 04:58:19.035   787   837 I CameraClientManager: [CONTROLLER] Added client (945)(ExpCtl)
12-27 04:58:19.035   787   837 D CameraClientManager: [CONTROLLER] Attempting to start stream
12-27 04:58:19.035   787   837 I CameraClientManager: [CONTROLLER] Started clients: 2
12-27 04:58:19.035   787   837 D CameraStream: Client 945: Finished StreamControl: 0
12-27 04:58:19.036   945  1105 I TrackingService: [                 ExposureControl] Power transition: STANDBY -> RUNNING transition time: 25 ms
12-27 04:58:19.036   945  1104 D TrackingService: Transition completed for (null)
12-27 04:58:19.036   945  1104 D TrackingService: setPowerState: RUNNING
12-27 04:58:19.064     0     0 I [drm:dsi_display_set_mode] [msm-dsi-info]: mdp_transfer_time_us=0 us
12-27 04:58:19.064     0     0 I [drm:dsi_display_set_mode] [msm-dsi-info]: hactive= 1920,vactive= 3664,fps=72
12-27 04:58:19.065   787 10161 E libsensorscommon: [CONTROLLER FSC] 1 FrameSets had unexpected timestamps. Ex: (slot 2) prev 0.000ms->cur 94312160.000ms (ts diff of -94312120.000ms vs expected period of 40.000ms)
12-27 04:58:19.094   787 10160 E libsensorscommon: [HEADSET FSC] 1 FrameSets had unexpected timestamps. Ex: (slot 1) prev 0.000ms->cur 94312179.532ms (ts diff of -94312139.532ms vs expected period of 40.000ms)
12-27 04:58:19.094   945  1104 D TrackingService: haptic socket already exists
12-27 04:58:19.094   945  1104 D TrackingService: getSocket: com.oculus.vrshell
12-27 04:58:19.096   787   837 W SyncBossHAL: [warning] pulsar_manager.c(860): No cache entry for device d3d05f47xxxxxxxx with unknown type
12-27 04:58:19.097   787   837 E SyncBossHAL: [error  ] syncboss_hal_input_helpers.c(177): Failure reading cache data when attempting to check if input is awake
12-27 04:58:19.099   787   837 W SyncBossHAL: [warning] pulsar_manager.c(860): No cache entry for device d3d05f47xxxxxxxx with unknown type
12-27 04:58:19.100   787   837 E SyncBossHAL: [error  ] syncboss_hal_input_helpers.c(177): Failure reading cache data when attempting to check if input is awake
12-27 04:58:19.100   787   837 W SyncBossHAL: [warning] pulsar_manager.c(860): No cache entry for device 9d17e7cexxxxxxxx with unknown type
12-27 04:58:19.100   787   837 E SyncBossHAL: [error  ] syncboss_hal_input_helpers.c(177): Failure reading cache data when attempting to check if input is awake
12-27 04:58:19.111   787   837 W SyncBossHAL: [warning] pulsar_manager.c(860): No cache entry for device 9d17e7cexxxxxxxx with unknown type
12-27 04:58:19.112   787   837 E SyncBossHAL: [error  ] syncboss_hal_input_helpers.c(177): Failure reading cache data when attempting to check if input is awake
12-27 04:58:19.131     0     0 I [drm:dsi_display_set_mode] [msm-dsi-info]: mdp_transfer_time_us=0 us
12-27 04:58:19.131     0     0 I [drm:dsi_display_set_mode] [msm-dsi-info]: hactive= 1920,vactive= 3664,fps=90
12-27 04:58:19.136     0     0 E         : [drm:sde_encoder_lineptr_callback:4406] late lineptr, headroom -994
12-27 04:58:19.147  1152  1332 I DisplayDeviceRepository: Display device added: DisplayDeviceInfo{"com.oculus.android_panel_app.AndroidPanelLayer-#main": uniqueId="virtual:com.oculus.systemux,10037,com.oculus.android_panel_app.AndroidPanelLayer-#main,13", 1000 x 1250, modeId 707, defaultModeId 707, supportedModes [{id=707, width=1000, height=1250, fps=60.0, alternativeRefreshRates=[]}], colorMode 0, supportedColorModes [0], hdrCapabilities null, allmSupported false, gameContentTypeSupported false, density 200, 200.0 x 200.0 dpi, appVsyncOff 0, presDeadline 16666666, touch NONE, rotation 0, type VIRTUAL, deviceProductInfo null, state OFF, owner com.oculus.systemux (uid 10037), frameRateOverride , brightnessMinimum 0.0, brightnessMaximum 0.0, brightnessDefault 0.0, FLAG_PRIVATE, FLAG_NEVER_BLANK, FLAG_OWN_CONTENT_ONLY}
12-27 04:58:19.149  1152  1332 I LogicalDisplayMapper: Applying layout: [{addr: {port=129, model=0x40446d9218dcf4}, dispId: 0(ON)}], Previous layout: [{addr: {port=129, model=0x40446d9218dcf4}, dispId: 0(ON)}]
12-27 04:58:19.149  1152  1332 I LogicalDisplayMapper: Adding new display: 430: DisplayInfo{"com.oculus.android_panel_app.AndroidPanelLayer-#main", displayId 430", displayGroupId -1, FLAG_PRIVATE, real 1000 x 1250, largest app 1000 x 1250, smallest app 1000 x 1250, appVsyncOff 0, presDeadline 16666666, mode 707, defaultMode 707, modes [{id=707, width=1000, height=1250, fps=60.0, alternativeRefreshRates=[]}], hdrCapabilities null, userDisabledHdrTypes [], minimalPostProcessingSupported false, rotation 0, state OFF, type VIRTUAL, uniqueId "virtual:com.oculus.systemux,10037,com.oculus.android_panel_app.AndroidPanelLayer-#main,13", app 1000 x 1250, density 200 (200.0 x 200.0) dpi, layerStack 430, colorMode 0, supportedColorModes [0], deviceProductInfo null, owner com.oculus.systemux (uid 10037), removeMode 1, refreshRateOverride 0.0, brightnessMinimum 0.0, brightnessMaximum 0.0, brightnessDefault 0.0}
12-27 04:58:19.149  1152  1332 I LogicalDisplayMapper: Setting new display group 0 for display 430, from previous group: null
12-27 04:58:19.150  1152  1332 W DisplayPowerController[430]: Screen brightness nits configuration is unavailable; falling back
12-27 04:58:19.161  1152  1168 I WindowManager: Override config changes=20005df8 {0.0 ?mcc?mnc ?localeList ?layoutDir sw800dp w800dp h1000dp 200dpi xlrg port ?uimode ?night -touch -keyb/v/h -nav/h winConfig={ mBounds=Rect(0, 0 - 1000, 1250) mAppBounds=Rect(0, 0 - 1000, 1250) mMaxBounds=Rect(0, 0 - 1000, 1250) mWindowingMode=fullscreen mDisplayWindowingMode=fullscreen mActivityType=undefined mAlwaysOnTop=undefined mRotation=ROTATION_0} ?fontWeightAdjustment} for displayId=430
12-27 04:58:19.168  1152  1168 V WindowManager: Display 430 state is now (1), so update layer mirroring?
12-27 04:58:19.210   787 10157 E FrameSetDispatcher: [HEADSET] Client pid=945 (IOT): Failed to read from receive FMQ for 1 packets in 5000ms.
12-27 04:58:19.210   787 10157 E FrameSetDispatcher: This probably means this client is taking more than 33 ms to process the frame.
12-27 04:58:19.210   787 10157 E FrameSetDispatcher: Retrying.
12-27 04:58:19.216   787   837 W SyncBossHAL: [warning] pulsar_manager.c(860): No cache entry for device 9d17e7cexxxxxxxx with unknown type
12-27 04:58:19.216   787   837 E SyncBossHAL: [error  ] syncboss_hal_input_helpers.c(177): Failure reading cache data when attempting to check if input is awake
12-27 04:58:19.218   787   837 W SyncBossHAL: [warning] pulsar_manager.c(860): No cache entry for device d3d05f47xxxxxxxx with unknown type
12-27 04:58:19.219   787   837 E SyncBossHAL: [error  ] syncboss_hal_input_helpers.c(177): Failure reading cache data when attempting to check if input is awake
12-27 04:58:19.247   945  1104 I TrackingService: Unregistering client by ITrackingService.unregisterClient
12-27 04:58:19.247   945  1104 I TrackingService: Failed to unregister client because client not found in registered list
12-27 04:58:19.247   945  1104 I TrackingService: Unregistering client by ITrackingService.unregisterClient
12-27 04:58:19.247   945  1104 I TrackingService: Failed to unregister client because client not found in registered list
12-27 04:58:19.247   945  1104 I TrackingService: Unregistering client by ITrackingService.unregisterClient
12-27 04:58:19.247   945  1104 I TrackingService: Failed to unregister client because client not found in registered list
12-27 04:58:19.247   945  1104 I TrackingService: Unregistering client by ITrackingService.unregisterClient
12-27 04:58:19.247   945  1104 I TrackingService: Unregistering client by ITrackingService.unregisterClient
12-27 04:58:19.247   945  1104 I TrackingService: Failed to unregister client because client not found in registered list
12-27 04:58:19.247   945  1104 I TrackingService: Failed to unregister client because client not found in registered list
12-27 04:58:19.247   945  1104 I TrackingService: Failed to unregister client because client not found in registered list
12-27 04:58:19.247   945  1104 I TrackingService: Failed to unregister client because client not found in registered list
12-27 04:58:19.247   945  1104 I TrackingService: Failed to unregister client because client not found in registered list
12-27 04:58:19.247   945  1104 I TrackingService: Failed to unregister client because client not found in registered list
12-27 04:58:19.247   945  1104 I TrackingService: Failed to unregister client because client not found in registered list
12-27 04:58:19.247   945  1104 I TrackingService: Unregistering client by ITrackingService.unregisterClient
12-27 04:58:19.247   945  1104 I TrackingService: Failed to unregister client because client not found in registered list
12-27 04:58:19.247   945  1104 I TrackingService: Unregistering client by ITrackingService.unregisterClient
12-27 04:58:19.247   945  1104 I TrackingService: Failed to unregister client because client not found in registered list
12-27 04:58:19.247   945  1104 D TrackingService: unregister: com.oculus.vrshell
12-27 04:58:19.296  1152  1170 I DisplayDeviceRepository: Display device changed: DisplayDeviceInfo{"com.oculus.android_panel_app.AndroidPanelLayer-#main": uniqueId="virtual:com.oculus.systemux,10037,com.oculus.android_panel_app.AndroidPanelLayer-#main,13", 1000 x 80, modeId 708, defaultModeId 708, supportedModes [{id=708, width=1000, height=80, fps=60.0, alternativeRefreshRates=[]}], colorMode 0, supportedColorModes [0], hdrCapabilities null, allmSupported false, gameContentTypeSupported false, density 200, 200.0 x 200.0 dpi, appVsyncOff 0, presDeadline 16666666, touch NONE, rotation 0, type VIRTUAL, deviceProductInfo null, state OFF, owner com.oculus.systemux (uid 10037), frameRateOverride , brightnessMinimum 0.0, brightnessMaximum 0.0, brightnessDefault 0.0, FLAG_PRIVATE, FLAG_NEVER_BLANK, FLAG_OWN_CONTENT_ONLY}
12-27 04:58:19.299  1152  1168 I WindowManager: Override config changes=20000d80 {0.0 ?mcc?mnc ?localeList ?layoutDir sw64dp w800dp h64dp 200dpi nrml long land ?uimode ?night -touch -keyb/v/h -nav/h winConfig={ mBounds=Rect(0, 0 - 1000, 80) mAppBounds=Rect(0, 0 - 1000, 80) mMaxBounds=Rect(0, 0 - 1000, 80) mWindowingMode=fullscreen mDisplayWindowingMode=fullscreen mActivityType=undefined mAlwaysOnTop=undefined mRotation=ROTATION_0} ?fontWeightAdjustment} for displayId=430
12-27 04:58:19.302  1152  1168 V WindowManager: Display 430 state is now (1), so update layer mirroring?
12-27 04:58:19.305  1152  1168 V WindowManager: Display 430 state is now (1), so update layer mirroring?
12-27 04:58:19.482  1152  1170 I DisplayDeviceRepository: Display device changed: DisplayDeviceInfo{"com.oculus.android_panel_app.AndroidPanelLayer-#main": uniqueId="virtual:com.oculus.systemux,10037,com.oculus.android_panel_app.AndroidPanelLayer-#main,13", 1000 x 80, modeId 708, defaultModeId 708, supportedModes [{id=708, width=1000, height=80, fps=60.0, alternativeRefreshRates=[]}], colorMode 0, supportedColorModes [0], hdrCapabilities null, allmSupported false, gameContentTypeSupported false, density 200, 200.0 x 200.0 dpi, appVsyncOff 0, presDeadline 16666666, touch NONE, rotation 0, type VIRTUAL, deviceProductInfo null, state OFF, owner com.oculus.systemux (uid 10037), frameRateOverride , brightnessMinimum 0.0, brightnessMaximum 0.0, brightnessDefault 0.0, FLAG_PRIVATE, FLAG_NEVER_BLANK, FLAG_OWN_CONTENT_ONLY}
