--------- beginning of system
12-26 22:50:08.747  1152 22548 I ActivityTaskManager: START u0 {flg=0x10000000 cmp=com.epicgames.AtomVR/com.epicgames.unreal.GameActivity (has extras)} from uid 2000
12-26 22:50:08.748  1152 22548 W ActivityTaskManager: Can't find TaskDisplayArea to determine support for multi window. Task id=1562 attached=false
--------- beginning of kernel
12-26 22:50:08.738     0     0 I binder  : 4895:4895 ioctl 40046210 7fde3fed94 returned -22
12-26 22:50:08.752  1152 22548 W ActivityTaskManager: Tried to set launchTime (0) < mLastActivityLaunchTime (72972137)
--------- beginning of main
12-26 22:50:08.756 28792 28792 D [SUI] ActivityManagerUtilsHelper: onForegroundActivitiesChanged: Instance: com.oculus.common.activitymanager.ActivityManagerUtilsHelper@cce2595, Pid: 4657, Tid: 10108, foregroundActivities: true, foreground app: com.epicgames.AtomVR, previous app: com.oculus.shellenv
12-26 22:50:08.757 28792 28792 D [SUI] ActivityManagerUtilsHelper: onForegroundActivitiesChanged: Instance: com.oculus.common.activitymanager.ActivityManagerUtilsHelper@10bbfa6, Pid: 4657, Tid: 10108, foregroundActivities: true, foreground app: com.epicgames.AtomVR, previous app: com.oculus.shellenv
12-26 22:50:08.757 28792 28792 D [SUI] AnytimeUIPanelApp: Received ActivityStateChanges - com.epicgames.AtomVR
12-26 22:50:08.757 28792 28792 D [SUI] RunningAppManager: Updated current destination - com.epicgames.AtomVR
12-26 22:50:08.757 28792 28792 D [SUI] AppStateUtil: com.epicgames.AtomVR is running= true
12-26 22:50:08.757 28792 28792 D [SUI] AppStateUtil: com.oculus.shellenv is running= false
12-26 22:50:08.759  3217  8975 I MRSVC   : MIXEDREALITY: MrServiceController: VrFocusManager::Top Activity Changed, topActivity now is: 'com.epicgames.AtomVR', immersiveApp now is: ''.
12-26 22:50:08.759  3141  7130 I GuardianFocusListener: [GuardianFocusListener::onTopActivityChanged] updated TopActivityChangeEvent - topActivityName: com.epicgames.AtomVR, immersiveAppPackageName: nullopt, isImmersiveAppTopActivity: false
12-26 22:50:08.759  2802  2802 I [OAO] ShellOverlayMain: WakeVrThread - notifying vr thread
12-26 22:50:08.759  2802  3044 I [OAO] ShellAppBase: WaitForWake: VrThread woke up
12-26 22:50:08.759  3217  3278 I MRSVC   : MIXEDREALITY: MrService: renderIteration: (every 10 seconds), screen is: OFF, PT is: OFF, ID is: OFF, Depth is: OFF
12-26 22:50:08.760  2802  3044 I [OAO] ShellAppBase: Start sleep timeout. Now:73012.219431, Timeout:73014.219431
12-26 22:50:08.760  3217  3278 I MRSVC   : MIXEDREALITY: MrServiceView: deallocateLayerFramebuffers: Failed to deallocate framebuffers for layer with id -1.
12-26 22:50:08.760  3217  3278 I MRSVC   : MIXEDREALITY: MrServiceModelBase: Hibernating caller (most likely rendering thread) due to screen being off.
12-26 22:50:08.760  1152  2594 W ProcessStats: Tracking association SourceState{a589a9a com.oculus.ocms/10011 BTopFgs #46288} whose proc state 2 is better than process ProcessState{943c4fa com.oculus.qplservice/10043 pkg=com.oculus.qplservice} proc state 3 (0 skipped)
12-26 22:50:08.762  3217  8975 I MRSVC   : MIXEDREALITY: MrServiceController: VrFocusManager::Top Activity Changed, topActivity now is: 'com.epicgames.AtomVR', immersiveApp now is: ''.
12-26 22:50:08.764  3217  3278 I MRSVC   : MIXEDREALITY: MrServiceView: deallocateLayerFramebuffers: Failed to deallocate framebuffers for layer with id -1.
12-26 22:50:08.764  3217  3278 I MRSVC   : MIXEDREALITY: MrServiceModelBase: Hibernating caller (most likely rendering thread) due to screen being off.
12-26 22:50:08.768 28792  4361 W OVRLibrary: null cursor received for query content://com.oculus.ocms.library/apps/com.epicgames.AtomVR
12-26 22:50:08.768 28792  4374 W OVRLibrary: null cursor received for query content://com.oculus.ocms.library/apps/com.epicgames.AtomVR
12-26 22:50:08.789  4657  4905 D UE      : Entering native app glue main function
12-26 22:50:08.789  4657  4905 D UE      : Created event thread
12-26 22:50:08.789  4657  4906 D UE      : Entering event processing thread engine entry point
12-26 22:50:08.789  4657  4905 D UE      : Entered AndroidMain()
12-26 22:50:08.789  4657  4906 D UE      : Prepared looper for event thread
12-26 22:50:08.789  4657  4906 D UE      : Passed callback initialization
12-26 22:50:08.789  4657  4906 D UE      : Passed sensor initialization
12-26 22:50:08.791  1152  7027 W ServiceManager: Permission failure: android.permission.HIGH_SAMPLING_RATE_SENSORS from uid=10108 pid=4657
12-26 22:50:08.792  4657  4905 D UE      : Controller interface supported
12-26 22:50:08.795  4657  4657 E PermissionHelper: GVRTransition2DActivity.getActivity() failed. Trying to get GameActivity.
12-26 22:50:08.797  4657  4657 D PermissionHelper: checkPermission: android.permission.CHANGE_WIFI_MULTICAST_STATE has not granted
12-26 22:50:08.799  4657  4657 D UE      : [GameActivity] Target SDK is 26.  This may cause issues if permissions are denied by the user.
12-26 22:50:08.800  4657  4657 E PermissionHelper: GVRTransition2DActivity.getActivity() failed. Trying to get GameActivity.
12-26 22:50:08.800  4657  4657 D PermissionHelper: checkPermission: android.permission.WRITE_EXTERNAL_STORAGE has granted
12-26 22:50:08.804  4657  4657 D UE      : [GameActivity] Vulkan version: 1.1.0
12-26 22:50:08.804  4657  4657 D UE      : [GameActivity] Vulkan level: 1
12-26 22:50:08.805  4657  4657 D UE      : [GameActivity] Found DepthBufferPreference = 0
12-26 22:50:08.805  4657  4657 D UE      : [GameActivity] Found PropagateAlpha = 0
12-26 22:50:08.805  4657  4657 D UE      : [GameActivity] Found bPackageDataInsideApk = 0
12-26 22:50:08.805  4657  4657 D UE      : [GameActivity] Found ProjectName = AtomVR
12-26 22:50:08.806  4657  4657 D UE      : [GameActivity] Found AppType = 
12-26 22:50:08.806  4657  4657 D UE      : [GameActivity] Found bHasOBBFiles = 0
12-26 22:50:08.806  4657  4657 D UE      : [GameActivity] Found bVerifyOBBOnStartUp = false
12-26 22:50:08.806  4657  4657 D UE      : [GameActivity] UI hiding set to true
12-26 22:50:08.806  4657  4657 D UE      : [GameActivity] Display cutout set to false
12-26 22:50:08.806  4657  4657 D UE      : [GameActivity] BuildConfiguration set to Development
12-26 22:50:08.806  4657  4657 D UE      : [GameActivity] UseExternalFilesDir set to true
12-26 22:50:08.806  4657  4657 D UE      : [GameActivity] PublicLogFiles set to false
12-26 22:50:08.806  4657  4657 D UE      : [GameActivity] AllowIMU set to true
12-26 22:50:08.806  4657  4657 D UE      : [GameActivity] SupportsVulkan set to true
12-26 22:50:08.808  4657  4657 D UE      : [GameActivity] Found OpenXR Oculus Mobile mode.
12-26 22:50:08.808  4657  4657 D UE      : [GameActivity] Parsing commandline: -project="../../../AtomVR/AtomVR.uproject" /Game/Maps/Lobby/ClientSetupMap -Messaging -CrashForUAT -SessionId=AE3127A64D566E7D4AE9B3A9CBFFEB65 -SessionOwner="nick1" -SessionName="Launch On Device"  
12-26 22:50:08.811  4657  4657 I AdrenoGLES-0: QUALCOMM build                   : fa5d856e9e, I160a5475da
12-26 22:50:08.811  4657  4657 I AdrenoGLES-0: Build Date                       : 07/24/23
12-26 22:50:08.811  4657  4657 I AdrenoGLES-0: OpenGL ES Shader Compiler Version: E031.42.07.00
12-26 22:50:08.811  4657  4657 I AdrenoGLES-0: Local Branch                     : 
12-26 22:50:08.811  4657  4657 I AdrenoGLES-0: Remote Branch                    : 
12-26 22:50:08.811  4657  4657 I AdrenoGLES-0: Remote Branch                    : 
12-26 22:50:08.811  4657  4657 I AdrenoGLES-0: Reconstruct Branch               : 
12-26 22:50:08.811  4657  4657 I AdrenoGLES-0: Build Config                     : S P 10.0.7 AArch64
12-26 22:50:08.811  4657  4657 I AdrenoGLES-0: Driver Path                      : /vendor/lib64/egl/libGLESv2_adreno.so
12-26 22:50:08.811  4657  4657 I AdrenoGLES-0: Driver Version                   : 0728.0
12-26 22:50:08.811  4657  4657 I AdrenoGLES-0: Process Name                     : com.epicgames.AtomVR
12-26 22:50:08.806     0     0 I binder  : 4657:4657 ioctl 40046210 7fc99b47c4 returned -22
12-26 22:50:08.819  4657  4657 I AdrenoGLES-0: PFP: 0x016dd112, ME: 0x00000000
12-26 22:50:08.823   569   569 I hwservicemanager: getTransport: Cannot find entry android.hardware.configstore@1.0::ISurfaceFlingerConfigs/default in either framework or device VINTF manifest.
12-26 22:50:08.817     0     0 I binder  : 4657:4657 ioctl 40046210 7fc99b65e4 returned -22
12-26 22:50:08.842  4657  4909 D UE      : [GameActivity] --- memstats: 
12-26 22:50:08.842  4657  4909 D UE      : memstat: Used memory:  (updated): 157304
12-26 22:50:08.842  4657  4909 D UE      : memstat: VmSize:	 6652040 kB
12-26 22:50:08.842  4657  4909 D UE      : memstat: VmHWM:	  249124 kB
12-26 22:50:08.842  4657  4909 D UE      : memstat: VmRSS:	  247784 kB
12-26 22:50:08.842  4657  4909 D UE      : memstat: VmData:	 1329016 kB
12-26 22:50:08.842  4657  4909 D UE      : memstat: VmSwap:	       0 kB
12-26 22:50:08.850  4657  4657 D UE      : [GameActivity] ro.hardware: hollywood
12-26 22:50:08.850  4657  4657 D UE      : [GameActivity] Hardware: Qualcomm Technologies, Inc KONA
12-26 22:50:08.850  4657  4657 D UE      : [GameActivity] ro.soc.model: SM8250
12-26 22:50:08.851  4657  4657 D UE      : [GameActivity] Warning: hardware does not match ro.soc.model, assuming hardware is correct
12-26 22:50:08.851  4657  4657 D UE      : [GameActivity] Memory: 5840 MB
12-26 22:50:08.854  4657  4657 D UE      : [GameActivity] failed to get bytes from asset java.io.FileNotFoundException: configrules.bin.png
12-26 22:50:08.856  4657  4657 D UE      : [GameActivity] configrulesversion: no data
12-26 22:50:08.856  4657  4657 D UE      : [GameActivity] configrulesversion: no data
12-26 22:50:08.856  4657  4657 D UE      : [GameActivity] configrulesversion: no data
12-26 22:50:08.856  4657  4657 D UE      : [GameActivity] UseAffinity: false
12-26 22:50:08.856  4657  4657 D UE      : [GameActivity] BigCoreMask: 0xffff
12-26 22:50:08.856  4657  4657 D UE      : [GameActivity] LittleCoreMask: 0x0
12-26 22:50:08.858  4657  4657 D UE      : [GameActivity] APK path: /data/app/~~ULNBJC3Swwbgg4mfueuWfg==/com.epicgames.AtomVR-uASjFLNC37H9Up9SXwDr7w==/base.apk
12-26 22:50:08.858  4657  4657 D UE      : [GameActivity] OBB in APK: false
12-26 22:50:08.859  4657  4657 D UE      : GFilePathBase Path override to'/storage/emulated/0/Android/data/com.epicgames.AtomVR/files'
12-26 22:50:08.859  4657  4657 D UE      : InternalFilePath found as '/data/user/0/com.epicgames.AtomVR/files'
12-26 22:50:08.859  4657  4657 D UE      : ExternalFilePath found as '/storage/emulated/0/Android/data/com.epicgames.AtomVR/files'
12-26 22:50:08.859  4657  4657 D UE      : App is running in Landscape
12-26 22:50:08.859  4657  4657 D UE      : AndroidPropagateAlpha =  0
12-26 22:50:08.860  4657  4657 D UE      : [GameActivity] Android version is 12
12-26 22:50:08.860  4657  4657 D UE      : [GameActivity] Android manufacturer is Oculus
12-26 22:50:08.860  4657  4657 D UE      : [GameActivity] Android model is Quest
12-26 22:50:08.860  4657  4657 D UE      : [GameActivity] Android build number is SQ3A.220605.009.A1
12-26 22:50:08.860  4657  4657 D UE      : [GameActivity] OS language is set to en_US
12-26 22:50:08.860  4657  4657 D UE      : [GameActivity] Debugger attached is false
12-26 22:50:08.933  3141  3190 I GuardianFocusListener: [GuardianFocusListener::UpdateCurrentProcess] com.epicgames.AtomVR
12-26 22:50:08.933  3141  3190 I GuardianSystem: SetCurrentProcessName: com.epicgames.AtomVR, previous ProcessName: com.oculus.shellenv
12-26 22:50:08.935  4657  4669 I picgames.AtomV: Compiler allocated 5768KB to compile boolean com.epicgames.unreal.GameActivity.processSystemInfo(java.lang.String, java.lang.String)
12-26 22:50:08.957  4657  4657 D UE      : [GameActivity] GoogleApiClient exception caught: java.lang.IllegalArgumentException: must call addApi() to add at least one API
12-26 22:50:08.958  4657  4657 D UE      : [GameActivity] googleClient is disabled
12-26 22:50:08.958  4657  4657 D UE      : [GameActivity] ==============> GameActive.onCreate complete!
12-26 22:50:08.961  4657  4657 D UE      : [GameActivity] Creating console command broadcast listener
12-26 22:50:08.961  4657  4906 D UE      : LogAndroidEvents::EnqueueAppEvent : 9, [width=-1, height=-1], tid = 4906, APP_EVENT_STATE_ON_START
12-26 22:50:08.962  4657  4657 D UE      : [GameActivity] ==================================> Inside onStart function in GameActivity
12-26 22:50:08.963  4657  4657 V UE      : [GameApp] App in foreground
12-26 22:50:08.965  4657  4906 D UE      : Case APP_CMD_RESUME
12-26 22:50:08.965  4657  4906 D UE      : LogAndroidEvents::EnqueueAppEvent : 7, [width=-1, height=-1], tid = 4906, APP_EVENT_STATE_ON_RESUME
12-26 22:50:08.965  4657  4906 D UE      : LogAndroidEvents::EnqueueAppEvent : 11, [width=-1, height=-1], tid = 4906, APP_EVENT_STATE_WINDOW_GAINED_FOCUS
12-26 22:50:08.965  4657  4657 D UE      : [GameActivity] === Restoring Transparent Bars ===
12-26 22:50:08.966  4657  4657 D UE      : [GameActivity] ==============> [JAVA] AndroidThunkJava_KeepScreenOn(false) - Enabled screen saver
12-26 22:50:08.966  4657  4657 D UE      : [GameActivity] ==============> [JAVA] AndroidThunkJava_DisableScreenCapture(false) - Enabled screen captures
12-26 22:50:08.966  4657  4657 D UE      : [GameActivity] Registering sensor listeners
12-26 22:50:08.966  4657  4657 D UE      : App is running in Landscape
12-26 22:50:08.966  4657  4657 D UE      : AndroidPropagateAlpha =  0
12-26 22:50:08.966  4657  4657 D UE      : [GameActivity] === Restoring Transparent Bars ===
12-26 22:50:08.966  4657  4657 D UE      : [GameActivity] ==============> Resuming main init
12-26 22:50:08.968  4657  4905 D UE      : adb am start command line override: -project="../../../AtomVR/AtomVR.uproject" /Game/Maps/Lobby/ClientSetupMap -Messaging -CrashForUAT -SessionId=AE3127A64D566E7D4AE9B3A9CBFFEB65 -SessionOwner="nick1" -SessionName="Launch On Device"
12-26 22:50:08.968  4657  4905 D UE      : Final commandline: -project="../../../AtomVR/AtomVR.uproject" /Game/Maps/Lobby/ClientSetupMap -Messaging -CrashForUAT -SessionId=AE3127A64D566E7D4AE9B3A9CBFFEB65 -SessionOwner="nick1" -SessionName="Launch On Device" (len 196)
12-26 22:50:08.968  4657  4905 D UE      : Created sync event
12-26 22:50:08.977  4657  4657 D UE      : [GameActivity] ==============> GameActive.onResume complete!
12-26 22:50:08.982  4657  4657 D CompatibilityChangeReporter: Compat change id reported: 175409955; UID 10108; state: DISABLED
12-26 22:50:08.982  4657  4657 D CompatibilityChangeReporter: Compat change id reported: 175409954; UID 10108; state: DISABLED
12-26 22:50:08.990  1152  7027 W WindowManager: Failed looking up window session=Session{528ed16 4657:u0a10108} callers=com.android.server.wm.WindowManagerService.windowForClientLocked:5848 com.android.server.wm.Session.updateRequestedVisibilities:640 android.view.IWindowSession$Stub.onTransact:1175 
12-26 22:50:08.995  4657  4657 D UE      : [GameActivity] onPause: stop memory reporter runnable
12-26 22:50:08.995  4657  4657 D UE      : [GameActivity] Unregistering sensor listeners
12-26 22:50:08.995  4657  4906 D UE      : Case APP_CMD_PAUSE
12-26 22:50:08.995  4657  4657 D UE      : [GameActivity] ==============> GameActive.onPause complete!
12-26 22:50:08.995  4657  4906 D UE      : LogAndroidEvents::EnqueueAppEvent : 10, [width=-1, height=-1], tid = 4906, APP_EVENT_STATE_WINDOW_LOST_FOCUS
12-26 22:50:08.996  4657  4906 D UE      : Oculus: Ignoring APP_CMD_PAUSE command before APP_CMD_INIT_WINDOW
12-26 22:50:08.996  4657  4657 D UE      : [GameActivity] === Thermal status changed to 0
12-26 22:50:09.020  4657  4906 D UE      : LogAndroidEvents::EnqueueAppEvent : 12, [width=-1, height=-1], tid = 4906, APP_EVENT_STATE_SAVE_STATE
12-26 22:50:09.021  4657  4906 D UE      : LogAndroidEvents::EnqueueAppEvent : 8, [width=-1, height=-1], tid = 4906, APP_EVENT_STATE_ON_STOP
12-26 22:50:09.021  4657  4657 D UE      : [GameActivity] ==============> GameActive.onStop complete!
12-26 22:50:09.023  4657  4657 D UE      : [GameActivity] === Restoring Transparent Bars due to Visibility Change ===
12-26 22:50:09.023  4657  4657 D UE      : [GameActivity] === Restoring Transparent Bars ===
12-26 22:50:09.196  1985  4841 I VrApi   : FPS=2/0,Prd=0ms,Tear=0,Early=0,Stale=0,Stale2/5/10/max=0/0/0/0,VSnc=0,Lat=-1,Fov=0,CPU4/GPU=5/3,1478/490MHz,OC=FF,TA=0/F/0,SP=N/N/N,Mem=1555MHz,Free=3238MB,PLS=0,Temp=27.7C/0.0C,TW=1.08ms,App=-48.46ms,GD=0.00ms,CPU&GPU=0.00ms,LCnt=1(DR0,LM0),GPU%=0.12,CPU%=0.09(W0.12),DSF=1.00,CFL=11.89/17.20,ICFLp95=15.31,LD=0,SF=0.00,LP=0,DVFS=0
12-26 22:50:09.421  1152  1266 W BestClock: java.time.DateTimeException: Missing NTP fix
12-26 22:50:09.425  1152  1266 W BestClock: java.time.DateTimeException: Missing NTP fix
12-26 22:50:09.427  1152  1267 W BestClock: java.time.DateTimeException: Missing NTP fix
12-26 22:50:09.428  1152  1267 W BestClock: java.time.DateTimeException: Missing NTP fix
12-26 22:50:09.565   945  3754 E Tracking: VisionInterface: [Throttled count=1005] Requesting IOT State when IOT is not running!
12-26 22:50:09.697  4657  4657 V UE      : [GameApp] App in background
12-26 22:50:10.200  1985  4841 I VrApi   : FPS=2/0,Prd=0ms,Tear=0,Early=0,Stale=0,Stale2/5/10/max=0/0/0/0,VSnc=0,Lat=-1,Fov=0,CPU4/GPU=5/3,1478/490MHz,OC=FF,TA=0/F/0,SP=N/N/N,Mem=1555MHz,Free=3238MB,PLS=0,Temp=27.7C/0.0C,TW=1.08ms,App=-48.46ms,GD=0.00ms,CPU&GPU=0.00ms,LCnt=1(DR0,LM0),GPU%=0.12,CPU%=0.09(W0.12),DSF=1.00,CFL=11.89/17.20,ICFLp95=15.31,LD=0,SF=0.00,LP=0,DVFS=0
12-26 22:50:10.461   973   973 E adbd    : failed to connect to socket 'tcp:6666': Connection refused
12-26 22:50:10.565   945  3754 E Tracking: VisionInterface: [Throttled count=1002] Requesting IOT State when IOT is not running!
12-26 22:50:10.766  2802  3044 I [OAO] ShellAppBase: Sleep timeout exceeded. Timeout:73014.219431, Now:73014.225653. Sleeping... 
12-26 22:50:10.766  2802  3044 I [OAO] ShellAppBase: WaitForWake: VrThread entering waiting state
12-26 22:50:10.811     0     0 I logd    : logdr: UID=2000 GID=2000 PID=4913 b tail=0 logMask=10099 pid=0 start=0ns deadline=0ns
12-26 22:50:11.229  1985  4841 I VrApi   : FPS=2/0,Prd=0ms,Tear=0,Early=0,Stale=0,Stale2/5/10/max=0/0/0/0,VSnc=0,Lat=-1,Fov=0,CPU4/GPU=5/3,1478/490MHz,OC=FF,TA=0/F/0,SP=N/N/N,Mem=1555MHz,Free=3238MB,PLS=0,Temp=27.7C/0.0C,TW=1.08ms,App=-48.46ms,GD=0.00ms,CPU&GPU=0.00ms,LCnt=1(DR0,LM0),GPU%=0.12,CPU%=0.09(W0.12),DSF=1.00,CFL=11.89/17.20,ICFLp95=15.31,LD=0,SF=0.00,LP=0,DVFS=0
12-26 22:50:11.567   945  3754 E Tracking: VisionInterface: [Throttled count=1006] Requesting IOT State when IOT is not running!
12-26 22:50:11.825  1152  1965 E TaskPersister: File error accessing recents directory (directory doesn't exist?).
12-26 22:50:12.302  1985  4841 I ClientSharedTelemetryStats: App memory usage: PSS=324 MiB, PrivateDirty=271 MiB, PrivateClean=35 MiB, GPU=103.2/103.4 MiB (100% allocated)
12-26 22:50:12.302  1985  4841 I VrApi   : FPS=2/0,Prd=0ms,Tear=0,Early=0,Stale=0,Stale2/5/10/max=0/0/0/0,VSnc=0,Lat=-1,Fov=0,CPU4/GPU=5/3,1478/490MHz,OC=FF,TA=0/F/0,SP=N/N/N,Mem=1555MHz,Free=3228MB,PLS=0,Temp=27.7C/0.0C,TW=1.08ms,App=-48.46ms,GD=0.00ms,CPU&GPU=0.00ms,LCnt=1(DR0,LM0),GPU%=0.12,CPU%=0.09(W0.12),DSF=1.00,CFL=11.89/17.20,ICFLp95=15.31,LD=0,SF=0.00,LP=0,DVFS=0
12-26 22:50:12.368   945  3711 I Tracking: BOLT:HexagonTelemetry: Global DSP utilization: 0.02% (0 / 5002 ms), Scalar Util: 23.81%, HVX Util: 0.00%, HMX Util: 0.00%.
12-26 22:50:12.464   973   973 E adbd    : failed to connect to socket 'tcp:6666': Connection refused
12-26 22:50:12.567   945  3754 E Tracking: VisionInterface: [Throttled count=1003] Requesting IOT State when IOT is not running!
12-26 22:50:13.178     0     0 W healthd : battery l=100 v=4399 t=27.7 h=2 st=2 c=198730 fc=3749000 cc=3 chg=u
12-26 22:50:13.303  1985  4841 I VrApi   : FPS=2/0,Prd=0ms,Tear=0,Early=0,Stale=0,Stale2/5/10/max=0/0/0/0,VSnc=0,Lat=-1,Fov=0,CPU4/GPU=5/3,1478/490MHz,OC=FF,TA=0/F/0,SP=N/N/N,Mem=1555MHz,Free=3228MB,PLS=0,Temp=27.7C/0.0C,TW=1.08ms,App=-48.46ms,GD=0.00ms,CPU&GPU=0.00ms,LCnt=1(DR0,LM0),GPU%=0.12,CPU%=0.09(W0.12),DSF=1.00,CFL=11.89/17.20,ICFLp95=15.31,LD=0,SF=0.00,LP=0,DVFS=0
12-26 22:50:13.569   945  3754 E Tracking: VisionInterface: [Throttled count=1004] Requesting IOT State when IOT is not running!
12-26 22:50:13.617     0     0 W healthd : battery l=100 v=4399 t=27.7 h=2 st=2 c=195312 fc=3749000 cc=3 chg=u
12-26 22:50:14.322  1985  4841 I VrApi   : FPS=2/0,Prd=0ms,Tear=0,Early=0,Stale=0,Stale2/5/10/max=0/0/0/0,VSnc=0,Lat=-1,Fov=0,CPU4/GPU=5/3,1478/490MHz,OC=FF,TA=0/F/0,SP=N/N/N,Mem=1555MHz,Free=3228MB,PLS=0,Temp=27.7C/0.0C,TW=1.08ms,App=-48.46ms,GD=0.00ms,CPU&GPU=0.00ms,LCnt=1(DR0,LM0),GPU%=0.12,CPU%=0.09(W0.12),DSF=1.00,CFL=11.89/17.20,ICFLp95=15.31,LD=0,SF=0.00,LP=0,DVFS=0
12-26 22:50:14.465   973   973 E adbd    : failed to connect to socket 'tcp:6666': Connection refused
12-26 22:50:14.569   945  3754 E Tracking: VisionInterface: [Throttled count=1003] Requesting IOT State when IOT is not running!
12-26 22:50:15.043   945  3754 I Tracking: CONSTELLATION:IMU_STATUS: d3d05f47e2487092 (R): [FusionTracked=0.000, OutputTracked=0.000, OutputValid=1.000] [AccelSat=0.000, GyroSat=0.000] 
12-26 22:50:15.049   945  3754 I Tracking: CONSTELLATION:IMU_STATUS: 9d17e7ce194bc1ec (L): [FusionTracked=0.000, OutputTracked=0.000, OutputValid=1.000] [AccelSat=0.000, GyroSat=0.000] 
12-26 22:50:15.253     0     0 W healthd : battery l=100 v=4399 t=27.7 h=2 st=2 c=195312 fc=3749000 cc=3 chg=u
12-26 22:50:15.360  1985  4841 I VrApi   : FPS=2/0,Prd=0ms,Tear=0,Early=0,Stale=0,Stale2/5/10/max=0/0/0/0,VSnc=0,Lat=-1,Fov=0,CPU4/GPU=5/3,1478/490MHz,OC=FF,TA=0/F/0,SP=N/N/N,Mem=1555MHz,Free=3228MB,PLS=0,Temp=27.7C/0.0C,TW=1.08ms,App=-48.46ms,GD=0.00ms,CPU&GPU=0.00ms,LCnt=1(DR0,LM0),GPU%=0.12,CPU%=0.09(W0.12),DSF=1.00,CFL=11.89/17.20,ICFLp95=15.31,LD=0,SF=0.00,LP=0,DVFS=0
12-26 22:50:15.571   945  3754 E Tracking: VisionInterface: [Throttled count=1004] Requesting IOT State when IOT is not running!
12-26 22:50:16.391  1985  4841 I VrApi   : FPS=2/0,Prd=0ms,Tear=0,Early=0,Stale=0,Stale2/5/10/max=0/0/0/0,VSnc=0,Lat=-1,Fov=0,CPU4/GPU=5/3,1478/490MHz,OC=FF,TA=0/F/0,SP=N/N/N,Mem=1555MHz,Free=3228MB,PLS=0,Temp=27.7C/0.0C,TW=1.08ms,App=-48.46ms,GD=0.00ms,CPU&GPU=0.00ms,LCnt=1(DR0,LM0),GPU%=0.12,CPU%=0.09(W0.12),DSF=1.00,CFL=11.89/17.20,ICFLp95=15.31,LD=0,SF=0.00,LP=0,DVFS=0
12-26 22:50:16.467   973   973 E adbd    : failed to connect to socket 'tcp:6666': Connection refused
12-26 22:50:16.571   945  3754 E Tracking: VisionInterface: [Throttled count=1003] Requesting IOT State when IOT is not running!
12-26 22:50:17.370   945  3711 I Tracking: BOLT:HexagonTelemetry: Global DSP utilization: 0.01% (0 / 5001 ms), Scalar Util: 24.16%, HVX Util: 0.00%, HMX Util: 0.00%.
12-26 22:50:17.402  1985  4841 I VrApi   : FPS=2/0,Prd=0ms,Tear=0,Early=0,Stale=0,Stale2/5/10/max=0/0/0/0,VSnc=0,Lat=-1,Fov=0,CPU4/GPU=5/3,1478/490MHz,OC=FF,TA=0/F/0,SP=N/N/N,Mem=1555MHz,Free=3228MB,PLS=0,Temp=27.7C/0.0C,TW=1.08ms,App=-48.46ms,GD=0.00ms,CPU&GPU=0.00ms,LCnt=1(DR0,LM0),GPU%=0.12,CPU%=0.09(W0.12),DSF=1.00,CFL=11.89/17.20,ICFLp95=15.31,LD=0,SF=0.00,LP=0,DVFS=0
12-26 22:50:17.571   945  3754 E Tracking: VisionInterface: [Throttled count=1004] Requesting IOT State when IOT is not running!
12-26 22:50:17.957  3141  3190 E [CT]    : SpatialAnchorPipeline: [Throttled count=49] checkStateEq: getActiveGuardian Called in an invalid state. IDLE
12-26 22:50:18.403  1985  4841 I VrApi   : FPS=2/0,Prd=0ms,Tear=0,Early=0,Stale=0,Stale2/5/10/max=0/0/0/0,VSnc=0,Lat=-1,Fov=0,CPU4/GPU=5/3,1478/490MHz,OC=FF,TA=0/F/0,SP=N/N/N,Mem=1555MHz,Free=3228MB,PLS=0,Temp=27.7C/0.0C,TW=1.08ms,App=-48.46ms,GD=0.00ms,CPU&GPU=0.00ms,LCnt=1(DR0,LM0),GPU%=0.12,CPU%=0.09(W0.12),DSF=1.00,CFL=11.89/17.20,ICFLp95=15.31,LD=0,SF=0.00,LP=0,DVFS=0
12-26 22:50:18.469   973   973 E adbd    : failed to connect to socket 'tcp:6666': Connection refused
12-26 22:50:18.573   945  3754 E Tracking: VisionInterface: [Throttled count=1004] Requesting IOT State when IOT is not running!
12-26 22:50:19.403  1985  4841 I VrApi   : FPS=2/0,Prd=0ms,Tear=0,Early=0,Stale=0,Stale2/5/10/max=0/0/0/0,VSnc=0,Lat=-1,Fov=0,CPU4/GPU=5/3,1478/490MHz,OC=FF,TA=0/F/0,SP=N/N/N,Mem=1555MHz,Free=3228MB,PLS=0,Temp=27.7C/0.0C,TW=1.08ms,App=-48.46ms,GD=0.00ms,CPU&GPU=0.00ms,LCnt=1(DR0,LM0),GPU%=0.12,CPU%=0.09(W0.12),DSF=1.00,CFL=11.89/17.20,ICFLp95=15.31,LD=0,SF=0.00,LP=0,DVFS=0
12-26 22:50:19.573   945  3754 E Tracking: VisionInterface: [Throttled count=1003] Requesting IOT State when IOT is not running!
12-26 22:50:19.797  1687  5008 E WifiModule: Error connecting to Oculus.com
12-26 22:50:19.798  1687  5008 E WifiModule: Error connecting to Oculus.com
12-26 22:50:20.426  1985  4841 I VrApi   : FPS=2/0,Prd=0ms,Tear=0,Early=0,Stale=0,Stale2/5/10/max=0/0/0/0,VSnc=0,Lat=-1,Fov=0,CPU4/GPU=5/3,1478/490MHz,OC=FF,TA=0/F/0,SP=N/N/N,Mem=1555MHz,Free=3228MB,PLS=0,Temp=27.7C/0.0C,TW=1.08ms,App=-48.46ms,GD=0.00ms,CPU&GPU=0.00ms,LCnt=1(DR0,LM0),GPU%=0.12,CPU%=0.09(W0.12),DSF=1.00,CFL=11.89/17.20,ICFLp95=15.31,LD=0,SF=0.00,LP=0,DVFS=0
12-26 22:50:20.471   973   973 E adbd    : failed to connect to socket 'tcp:6666': Connection refused
12-26 22:50:20.573   945  3754 E Tracking: VisionInterface: [Throttled count=1002] Requesting IOT State when IOT is not running!
12-26 22:50:21.242  2078  2607 I FbnsConnectionManager: connection/reconnect
12-26 22:50:21.243  2078  2607 I MqttPushService: connection/lost; lastState=DISCONNECTED.
12-26 22:50:21.243  2078  2607 I MqttPushService: [state_machine] state = DISCONNECTED
12-26 22:50:21.244  2078  2607 I FbnsConnectionManager: connection/create_client; mqttClient=[MqttClient (mqtt-mini.facebook.com:0 +ssl) DISCONNECTED]
12-26 22:50:21.247  2078  2607 I FbnsConnectionManager: connection/connecting
12-26 22:50:21.248  2078  2607 I MqttPushService: connection/connecting
12-26 22:50:21.248  2078  2607 I MqttPushService: [state_machine] DISCONNECTED -> CONNECTING
12-26 22:50:21.248  2078  5028 I DefaultMqttClientCore: connection/connecting
12-26 22:50:21.249  9981  9981 D TelemetryScheduleJobService: Start the scheduled job: 1
12-26 22:50:21.250   904  1313 D TelemetryService: History store cleanup completed with 0 elements removed
12-26 22:50:21.252  9981  9981 D TelemetryScheduleJobService: onDestroy
12-26 22:50:21.253  2078  5031 E LoggingErrorHandler: Retrofit error, url: [https://graph.oculus.com/graphql?doc=query+%7B++entitlements%3A+me+%7B++++active_android_entitlements+%7B++++++nodes+%7B++++++++...+on+Entitlement+%7B++++++++++item+%7B++++++++++++...+on+Application+%7B++++++++++++++grouping+%7B++++++++++++++++id%2C++++++++++++++%7D++++++++++++++iap_entitlements+%7B++++++++++++++++...+on+IAPEntitlement+%7B++++++++++++++++++id%2C++++++++++++++++++++++grant_time%2C++++++++++++++++++++++expiration_time%2C++++++++++++++++++++++active_state%2C++++++++++++++++++++++item+%7B++++++++++++++++++++...+on+IAPItem+%7B++++++++++++++++++++++sku%2C++++++++++++++++++++%7D++++++++++++++++++%7D++++++++++++++++%7D++++++++++++++%7D++++++++++++%7D++++++++++%7D++++++++%7D++++++%7D++++%7D++%7D%7D], kind: [NETWORK], status: [0 - ], headers: , body: []
12-26 22:50:21.253  2078  5031 E DurableIAPJobService: onJobFailed()
12-26 22:50:21.265  2078  2078 I MeManager: Refreshing user data now
12-26 22:50:21.269  2078  5038 E LoggingErrorHandler: Retrofit error, url: [https://graph.oculus.com/graphql?q=viewer%28%29+%7B++user+%7B++++id%2C++++email%2C++++name%2C++++account_creation_time%2C++++notifications++++++++.notification_type%28room_invite%29++++++++.application_platform%28android%29++++++++.notification_is_read%28false%29++++++++.sent_after%28%3Csent_after%3E%29+%7B++++++nodes+%7B++++++++id%2C++++++%7D%2C++++%7D%2C++++profile_photo.size%28%3Cpic_dimension%3E%29+%7B++++++name%2C++++++uri%2C++++++width%2C++++++height%2C++++%7D%2C++++avatar_image.size%28%3Cpic_dimension%3E%29+%7B++++++name%2C++++++uri%2C++++++width%2C++++++height%2C++++%7D%2C++++friend_requests_received_2+%7B++++++count%2C++++%7D%2C++++friends+%7B++++++count%2C++++%7D%2C++++alias%2C++++is_pin_set%2C++++current_room+%7B++++++nodes+%7B++++++++app+%7B++++++++++display_name%2C++++++++%7D%2C++++++%7D%2C++++%7D%2C++++payment_methods+%7B++++++nodes+%7B++++++++id%2C++++++++last4%2C++++++++card_type%2C++++++%7D%2C++++%7D%2C++++all_payment_methods+%7B++++++nodes+%7B++++++++id%2C++++++++last4%2C++++++++card_type%2C++++++++display_name%2C++++++++paypal_context%2C++++++%7D%2C++++%7D%2C++++client_preference_data+%7B++++++type%2C++++++value%2C++++%7D%2C++++reachability_data+%7B++++++type%2C++++++value%2C++++%7D%2C++%7D%2C++privacy_audience_options++++++.privacy_concept%28REAL_WORLD_IDENTITY%29+as+privacy_real_world_identity+%7Bidentity_in_search_state%2Cedges+%7B++is_currently_selected%2C++is_default_option%2C++node+%7Bbase_state%2Cincluded_users+%7B++count%2C++nodes+%7B++++id%2C++%7D%2C%7D%2C++%7D%7D%2C++%7D%2C++privacy_audience_options++++++.privacy_concept%28CURRENT_ACTIVITY%29+as+privacy_current_activity+%7Bidentity_in_search_state%2Cedges+%7B++is_currently_selected%2C++is_default_option%2C++node+%7Bbase_state%2Cincluded_users+%7B++count%2C++nodes+%7B++++id%2C++%7D%2C%7D%2C++%7D%7D%2C++%7D%2C++privacy_audience_options++++++.privacy_concept%28FRIENDS%29+as+privacy_friends+%7Bidentity_in_search_state%2Cedges+%7B++is_currently_selected%2C++is_default_option%2C++node+%7Bbase_state%2Cincluded_users+%7B++count%2C++nodes+%7B++++id%2C++%7D%2C%7D%2C++%7D%7D%2C++%7D%2C++linked_accounts_info+%7B++++facebook_account+%7B++++++friend_policy%2C++++++facebook_id%2C++++++facebook_email%2C++++++needs_password_to_unlink%2C++++%7D++%7D%7D&query_params=%7B%22pic_dimension%22%3A%22360x360%22%2C%22sent_after%22%3A%221703612421%22%7D], kind: [NETWORK], status: [0 - ], headers: , body: []
12-26 22:50:21.269  2078  3584 E LoggingErrorHandler: Retrofit error, url: [https://graph.oculus.com/authenticate_application], kind: [NETWORK], status: [0 - ], headers: , body: []
12-26 22:50:21.269  2078  2078 E MeManager: Failed to refresh current user information. retrofit.RetrofitError: Unable to resolve host "graph.oculus.com": No address associated with hostname
12-26 22:50:21.269  2078  3584 E AuthLogger: Action failed: OBTAIN_TOKEN, callingPackage: com.oculus.appsafety, accountType: com.oculus, tokenType: , extras: {}, duration: 4ms
12-26 22:50:21.269  2078  2078 E SocialJobService: onJobFailed()
12-26 22:50:21.269  2078  3584 E AuthLogger: Action failed: OBTAIN_TOKEN, callingPackage: com.oculus.appsafety, accountType: com.oculus, tokenType: , extras: {}, duration: 4ms
12-26 22:50:21.271 24176  5034 E AppSafetyAccountsHelper: AppSafetyAccountsHelper blockingGetAuthToken throws exception
12-26 22:50:21.271 24176  5034 E AppSafetyAccountsHelper: java.io.IOException: com.oculus.auth.components.NetworkError: com.oculus.http.core.base.ApiError: retrofit.RetrofitError: Unable to resolve host "graph.oculus.com": No address associated with hostname
12-26 22:50:21.271 24176  5034 E AppSafetyAccountsHelper: 	at android.accounts.AccountManager.convertErrorToException(AccountManager.java:2621)
12-26 22:50:21.271 24176  5034 E AppSafetyAccountsHelper: 	at android.accounts.AccountManager.access$700(AccountManager.java:167)
12-26 22:50:21.271 24176  5034 E AppSafetyAccountsHelper: 	at android.accounts.AccountManager$AmsTask$Response.onError(AccountManager.java:2472)
12-26 22:50:21.271 24176  5034 E AppSafetyAccountsHelper: 	at android.accounts.IAccountManagerResponse$Stub.onTransact(IAccountManagerResponse.java:109)
12-26 22:50:21.271 24176  5034 E AppSafetyAccountsHelper: 	at android.os.Binder.execTransactInternal(Binder.java:1184)
12-26 22:50:21.271 24176  5034 E AppSafetyAccountsHelper: 	at android.os.Binder.execTransact(Binder.java:1143)
12-26 22:50:21.272 24176  5034 D PackageIntegrityGraphHelper: PackageIntegritySyncJobService job is skipped.
12-26 22:50:21.302 31987  1518 D DeviceAuthenticator: Fetching credentials
12-26 22:50:21.302 31987  1518 D DeviceAuthenticator: Fetching new credentials
12-26 22:50:21.302 31987  1518 D DeviceAuthenticator: Fetching new credentials asynchronously
12-26 22:50:21.304 31987 32021 I DeviceAuthUtils: The device might not be connected to network, as we failed to resolve DNS for graph.facebook-hardware.com
12-26 22:50:21.305 31987  1518 E DeviceAuthenticator: Error fetching new credentials
12-26 22:50:21.305 31987  1518 E DeviceAuthenticator: com.android.volley.NetworkError: java.lang.Exception: Unable to resolve graph.facebook-hardware.com
12-26 22:50:21.305 31987  1518 E DeviceAuthenticator: 	at com.oculus.deviceauthserver.DeviceAuthenticator.lambda$fetchNewCredentialsAsync$3(DeviceAuthenticator.java:183)
12-26 22:50:21.305 31987  1518 E DeviceAuthenticator: 	at com.oculus.deviceauthserver.DeviceAuthenticator.$r8$lambda$I8baxuVHGvfy-u6FH8FV9RIWp-s(Unknown Source:0)
12-26 22:50:21.305 31987  1518 E DeviceAuthenticator: 	at com.oculus.deviceauthserver.DeviceAuthenticator$$ExternalSyntheticLambda2.run(Unknown Source:6)
12-26 22:50:21.305 31987  1518 E DeviceAuthenticator: 	at java.util.concurrent.ThreadPoolExecutor.runWorker(ThreadPoolExecutor.java:1167)
12-26 22:50:21.305 31987  1518 E DeviceAuthenticator: 	at java.util.concurrent.ThreadPoolExecutor$Worker.run(ThreadPoolExecutor.java:641)
12-26 22:50:21.305 31987  1518 E DeviceAuthenticator: 	at java.lang.Thread.run(Thread.java:920)
12-26 22:50:21.305 31987  1518 E DeviceAuthenticator: Caused by: java.lang.Exception: Unable to resolve graph.facebook-hardware.com
12-26 22:50:21.305 31987  1518 E DeviceAuthenticator: 	... 6 more
12-26 22:50:21.305 31987  1518 E DeviceAuthService: Error fetching credentials
12-26 22:50:21.305 31987  1518 E DeviceAuthService: com.android.volley.NetworkError: java.lang.Exception: Unable to resolve graph.facebook-hardware.com
12-26 22:50:21.305 31987  1518 E DeviceAuthService: 	at com.oculus.deviceauthserver.DeviceAuthenticator.lambda$fetchNewCredentialsAsync$3(DeviceAuthenticator.java:183)
12-26 22:50:21.305 31987  1518 E DeviceAuthService: 	at com.oculus.deviceauthserver.DeviceAuthenticator.$r8$lambda$I8baxuVHGvfy-u6FH8FV9RIWp-s(Unknown Source:0)
12-26 22:50:21.305 31987  1518 E DeviceAuthService: 	at com.oculus.deviceauthserver.DeviceAuthenticator$$ExternalSyntheticLambda2.run(Unknown Source:6)
12-26 22:50:21.305 31987  1518 E DeviceAuthService: 	at java.util.concurrent.ThreadPoolExecutor.runWorker(ThreadPoolExecutor.java:1167)
12-26 22:50:21.305 31987  1518 E DeviceAuthService: 	at java.util.concurrent.ThreadPoolExecutor$Worker.run(ThreadPoolExecutor.java:641)
12-26 22:50:21.305 31987  1518 E DeviceAuthService: 	at java.lang.Thread.run(Thread.java:920)
12-26 22:50:21.305 31987  1518 E DeviceAuthService: Caused by: java.lang.Exception: Unable to resolve graph.facebook-hardware.com
12-26 22:50:21.305 31987  1518 E DeviceAuthService: 	... 6 more
12-26 22:50:21.307 24176  5034 E PackagePartsUploadJobService: Failed to fetch device auth token
12-26 22:50:21.307 24176  5034 E PackagePartsUploadJobService: com.oculus.os.DeviceAuth$NetworkException: java.lang.Exception: Unable to resolve graph.facebook-hardware.com
12-26 22:50:21.307 24176  5034 E PackagePartsUploadJobService: 	at com.oculus.os.DeviceAuth.fetchToken(DeviceAuth.java:71)
12-26 22:50:21.307 24176  5034 E PackagePartsUploadJobService: 	at com.oculus.appsafety.PackagePartsUploadJobService.init(PackagePartsUploadJobService.java:207)
12-26 22:50:21.307 24176  5034 E PackagePartsUploadJobService: 	at com.oculus.appsafety.PackagePartsUploadJobService.lambda$onStartJob$1(PackagePartsUploadJobService.java:133)
12-26 22:50:21.307 24176  5034 E PackagePartsUploadJobService: 	at com.oculus.appsafety.PackagePartsUploadJobService.$r8$lambda$gSiYR6zBTq6Odo9W8GyRvyrpONc(Unknown Source:0)
12-26 22:50:21.307 24176  5034 E PackagePartsUploadJobService: 	at com.oculus.appsafety.PackagePartsUploadJobService$$ExternalSyntheticLambda2.run(Unknown Source:2)
12-26 22:50:21.307 24176  5034 E PackagePartsUploadJobService: 	at java.util.concurrent.CompletableFuture$AsyncRun.run(CompletableFuture.java:1663)
12-26 22:50:21.307 24176  5034 E PackagePartsUploadJobService: 	at java.util.concurrent.CompletableFuture$AsyncRun.exec(CompletableFuture.java:1655)
12-26 22:50:21.307 24176  5034 E PackagePartsUploadJobService: 	at java.util.concurrent.ForkJoinTask.doExec(ForkJoinTask.java:285)
12-26 22:50:21.307 24176  5034 E PackagePartsUploadJobService: 	at java.util.concurrent.ForkJoinPool$WorkQueue.runTask(ForkJoinPool.java:1155)
12-26 22:50:21.307 24176  5034 E PackagePartsUploadJobService: 	at java.util.concurrent.ForkJoinPool.scan(ForkJoinPool.java:1993)
12-26 22:50:21.307 24176  5034 E PackagePartsUploadJobService: 	at java.util.concurrent.ForkJoinPool.runWorker(ForkJoinPool.java:1941)
12-26 22:50:21.307 24176  5034 E PackagePartsUploadJobService: 	at java.util.concurrent.ForkJoinWorkerThread.run(ForkJoinWorkerThread.java:157)
12-26 22:50:21.307 24176  5034 E PackagePartsUploadJobService: Caused by: android.os.ServiceSpecificException: java.lang.Exception: Unable to resolve graph.facebook-hardware.com (code 2)
12-26 22:50:21.307 24176  5034 E PackagePartsUploadJobService: 	at android.os.Parcel.createExceptionOrNull(Parcel.java:2440)
12-26 22:50:21.307 24176  5034 E PackagePartsUploadJobService: 	at android.os.Parcel.createException(Parcel.java:2410)
12-26 22:50:21.307 24176  5034 E PackagePartsUploadJobService: 	at android.os.Parcel.readException(Parcel.java:2393)
12-26 22:50:21.307 24176  5034 E PackagePartsUploadJobService: 	at android.os.Parcel.readException(Parcel.java:2335)
12-26 22:50:21.307 24176  5034 E PackagePartsUploadJobService: 	at com.oculus.aidl.IDeviceAuthService$Stub$Proxy.fetchDeviceAuthToken(IDeviceAuthService.java:207)
12-26 22:50:21.307 24176  5034 E PackagePartsUploadJobService: 	at com.oculus.os.DeviceAuth.fetchToken(DeviceAuth.java:59)
12-26 22:50:21.307 24176  5034 E PackagePartsUploadJobService: 	... 11 more
12-26 22:50:21.456  1985  4841 I VrApi   : FPS=2/0,Prd=0ms,Tear=0,Early=0,Stale=0,Stale2/5/10/max=0/0/0/0,VSnc=0,Lat=-1,Fov=0,CPU4/GPU=5/3,1478/490MHz,OC=FF,TA=0/F/0,SP=N/N/N,Mem=1555MHz,Free=3228MB,PLS=0,Temp=27.7C/0.0C,TW=1.08ms,App=-48.46ms,GD=0.00ms,CPU&GPU=0.00ms,LCnt=1(DR0,LM0),GPU%=0.12,CPU%=0.09(W0.12),DSF=1.00,CFL=11.89/17.20,ICFLp95=15.31,LD=0,SF=0.00,LP=0,DVFS=0
12-26 22:50:21.574   945  3754 E Tracking: VisionInterface: [Throttled count=1003] Requesting IOT State when IOT is not running!
12-26 22:50:22.372   945  3711 I Tracking: BOLT:HexagonTelemetry: Global DSP utilization: 0.02% (0 / 5001 ms), Scalar Util: 22.54%, HVX Util: 0.00%, HMX Util: 0.00%.
12-26 22:50:22.475   973   973 E adbd    : failed to connect to socket 'tcp:6666': Connection refused
12-26 22:50:22.494  1985  4841 I VrApi   : FPS=2/0,Prd=0ms,Tear=0,Early=0,Stale=0,Stale2/5/10/max=0/0/0/0,VSnc=0,Lat=-1,Fov=0,CPU4/GPU=5/3,1478/490MHz,OC=FF,TA=0/F/0,SP=N/N/N,Mem=1555MHz,Free=3228MB,PLS=0,Temp=27.7C/0.0C,TW=1.08ms,App=-48.46ms,GD=0.00ms,CPU&GPU=0.00ms,LCnt=1(DR0,LM0),GPU%=0.12,CPU%=0.09(W0.12),DSF=1.00,CFL=11.89/17.20,ICFLp95=15.31,LD=0,SF=0.00,LP=0,DVFS=0
12-26 22:50:22.574   945  3754 E Tracking: VisionInterface: [Throttled count=1004] Requesting IOT State when IOT is not running!
12-26 22:50:23.028  2078  2570 E LoggingErrorHandler: Retrofit error, url: [https://graph.oculus.com/user_heartbeat?current_status=ONLINE], kind: [NETWORK], status: [0 - ], headers: , body: []
12-26 22:50:23.029  2078  2570 E PresenceManager: Heartbeat error.
--------- beginning of tracking
12-26 22:50:23.258   787  1059 I SyncBossHAL: [info   ] syncboss_hal_powerstate.c(52): Reporting powerstate event: PROX_ON
12-26 22:50:23.258   787  1059 D SensorService: Received Powerstate PROX_ON
12-26 22:50:23.258   945  4746 I TrackingService: ActivityMonitor: prox_on event received
12-26 22:50:23.259  1152  1362 I VrPowerManagerService: transition from STANDBY to HEADSET_MOUNTED
12-26 22:50:23.259  1152  1362 I PowerManagerService: Powering on display group fromAsleep (groupId=0, uid=1000, reason=WAKE_REASON_UNKNOWN, details=VrPwMng:leave-standby)...
12-26 22:50:23.259  1152  1362 I PowerManagerService: Waking up from Asleep (uid=1000, reason=WAKE_REASON_UNKNOWN, details=VrPwMng:leave-standby)...
12-26 22:50:23.261  1152  1152 D ActivityManager: Is background playback GK enabled: false Is background playback enabled for all apps: false
12-26 22:50:23.262  1152  1152 D ActivityManager: Is background playback GK enabled: false Is background playback enabled for all apps: false
12-26 22:50:23.262  1152  1152 D ActivityManager: Is background playback GK enabled: false Is background playback enabled for all apps: false
12-26 22:50:23.262   924  1370 D SensorClientUtils: Cancelling delayed transition to SLEEP
12-26 22:50:23.262  1152  1189 I DisplayPowerController[0]: Blocking screen on until initial contents have been drawn.
12-26 22:50:23.262   945  9887 D SensorClientUtils: Cancelling delayed transition to SLEEP
12-26 22:50:23.262   924  1370 D SensorClientUtils: Received transition request from SLEEP to RUNNING
12-26 22:50:23.262  1152  1152 D ActivityManager: Is background playback GK enabled: false Is background playback enabled for all apps: false
12-26 22:50:23.262   904  6612 D telemetry: Transitioning to session state: Active Session, Headset In Use (donned and screen on)
12-26 22:50:23.263   945  9887 D SensorClientUtils: Received transition request from SLEEP to RUNNING
12-26 22:50:23.263   945  9887 D SensorClientUtils: Executing transition from STANDBY to RUNNING
12-26 22:50:23.263  1152  1152 D ActivityManager: Is background playback GK enabled: false Is background playback enabled for all apps: false
12-26 22:50:23.263   945  9887 D TrackingService: Enqueued transition to (targetPowerState, targetMuxName): (RUNNING, --) - transition timeout: 1000000000 ns
12-26 22:50:23.263   945  1105 I TrackingService: [                  vision_manager] Power transition: STANDBY -> RUNNING transition time: 0 ms
12-26 22:50:23.263  1152  1189 D ActivityTaskManager: Top Process State changed to PROCESS_STATE_TOP
12-26 22:50:23.263  1682  1718 D VrPowerManagerClient: Headset state: 1
12-26 22:50:23.263   620   620 I libiad  : Enabling IAD polling
12-26 22:50:23.263  1658  1676 D SensorClientUtils: Cancelling delayed transition to SLEEP
12-26 22:50:23.263   797 23942 D AF::TrackHandle: OpPlayAudio: track:57 uid:10016 pkg:com.oculus.shellenv usage:1 muted
12-26 22:50:23.264   945  1105 I TrackingService: [                             iad] Power transition: STANDBY -> RUNNING transition time: 0 ms
12-26 22:50:23.264   945  1105 I TrackingService: [                            bolt] Power transition: STANDBY -> RUNNING transition time: 0 ms
12-26 22:50:23.264   945  1105 D TrackingService: IOT standby to running started
12-26 22:50:23.264   787  1129 D CameraStream: Client 945: Attempting StreamControl: 0
12-26 22:50:23.264   787  1129 D CameraClientManager: [HEADSET] Attempting starting camera client.
12-26 22:50:23.264   787  1129 D CameraClientManager: [HEADSET] Successfully found client (945) to start in CameraClientManager list.
12-26 22:50:23.265   797  1023 D AF::TrackHandle: OpPlayAudio: track:77 uid:1000 pkg:android usage:13 not muted
12-26 22:50:23.265  1152  1152 D ActivityManager: Is background playback GK enabled: false Is background playback enabled for all apps: false
12-26 22:50:23.266   787  1129 I FrameSetDispatcher: [HEADSET] Client pid=945 (IOT): Client thread started
12-26 22:50:23.266   787  1129 I CameraClientManager: [HEADSET] Added client (945)(IOT)
12-26 22:50:23.266   787  1129 D CameraClientManager: [HEADSET] Attempting to start stream
12-26 22:50:23.266   787  1129 I CameraClientManager: [HEADSET] Started clients: 1
12-26 22:50:23.266   787  1129 I CameraClientManager: [HEADSET] Starting stream
12-26 22:50:23.266   787  1129 I CameraHalOculus: CameraHalLog:  vendor/oculus/camera/fastpath/camerahal/src/MonoCameraOculus.cpp:EnableCamera:116 Enabling MonoCamera 0
12-26 22:50:23.266   924  1370 D SensorClientUtils: Executing transition from SLEEP to STANDBY
12-26 22:50:23.266   924  1370 D MrSystemService: AOSP setPowerState: STANDBY.
12-26 22:50:23.266   924  1370 I MRSS    : MIXEDREALITY: MrEngine: Received power state change from AOSP, new state: STANDBY.
12-26 22:50:23.266   924  1370 W MRSS    : MIXEDREALITY: MrEngine: screenStatus notification but no change
12-26 22:50:23.266   924  1370 D SensorClientUtils: Executing transition from STANDBY to RUNNING
12-26 22:50:23.266   924  1370 D MrSystemService: AOSP setPowerState: RUNNING.
12-26 22:50:23.266   924  1370 I MRSS    : MIXEDREALITY: MrEngine: Received power state change from AOSP, new state: RUNNING.
12-26 22:50:23.266   924  1379 I MRSS    : MIXEDREALITY: ServiceLogic: managePowerAndScreenStatus: Allowing start all capabilities
12-26 22:50:23.266   924  1379 I MRSS    : MIXEDREALITY: CapabilityController: Change fidelity Camera to 1.
12-26 22:50:23.266   924  1379 I MRSS    : MIXEDREALITY: MrSystemServiceIPCServer: Got notification for Camera, fidelity level: 1, command: NONE
12-26 22:50:23.266   924  1379 I MRSS    : MIXEDREALITY: CapabilityController: Change fidelity Depth to 1.
12-26 22:50:23.266   924  1379 I MRSS    : MIXEDREALITY: MrSystemServiceIPCServer: Got notification for Depth, fidelity level: 1, command: NONE
12-26 22:50:23.266   924  1379 I MRSS    : MIXEDREALITY: CapabilityController: Change fidelity IntrusionDetection to 1.
12-26 22:50:23.266   924  1379 I MRSS    : MIXEDREALITY: MrSystemServiceIPCServer: Got notification for IntrusionDetection, fidelity level: 1, command: NONE
12-26 22:50:23.266   924  1379 I MRSS    : MIXEDREALITY: CapabilityController: Change fidelity Playspace to 1.
12-26 22:50:23.266   924  1379 I MRSS    : MIXEDREALITY: MrSystemServiceIPCServer: Got notification for Playspace, fidelity level: 1, command: NONE
12-26 22:50:23.266   924  1379 I MRSS    : MIXEDREALITY: CapabilityController: Change fidelity Passthrough to 1.
12-26 22:50:23.266   924  1379 I MRSS    : MIXEDREALITY: MrSystemServiceIPCServer: Got notification screen status is ON
12-26 22:50:23.266  1152  1152 D ActivityManager: Is background playback GK enabled: false Is background playback enabled for all apps: false
12-26 22:50:23.267  3217  3263 I MRSVC   : MIXEDREALITY: MrService: ScreenStateChanged: true
12-26 22:50:23.267  3217  3263 I MRSVC   : MIXEDREALITY: MrService: onWakeup
12-26 22:50:23.267  3217  3278 I MRSVC   : MIXEDREALITY: MrService: renderIteration: (every 10 seconds), screen is: ON, PT is: OFF, ID is: OFF, Depth is: OFF
12-26 22:50:23.267  1658  1676 D SensorClientUtils: Received transition request from SLEEP to RUNNING
12-26 22:50:23.267  1658  1676 D SensorClientUtils: Executing transition from STANDBY to RUNNING
12-26 22:50:23.267  3217  3278 I MRSVC   : MIXEDREALITY: MrServiceModelBase: commitLayerState: PassthroughMode: kNone.
12-26 22:50:23.267  1658  1676 D OVRRemoteService: [controller] STANDBY -> RUNNING
12-26 22:50:23.267  3217  3278 I MRSVC   : MIXEDREALITY: MrRuntimeImpl: Changing mode to kNone
12-26 22:50:23.267  3217  3278 I MRSVC   : MIXEDREALITY: MrRuntimeImpl: onPause: Capability Passthrough on device 2.
12-26 22:50:23.268   924  3261 I MRSS    : MIXEDREALITY: MrSystemServiceIPCServer: ChangeMrCapabilityStatus: client 1701905111, capability Passthrough, command 0.
12-26 22:50:23.268  1152  1152 D ActivityManager: Is background playback GK enabled: false Is background playback enabled for all apps: false
12-26 22:50:23.268  3217  3278 I MRSVC   : MIXEDREALITY: MrRuntimeImpl: onPause: Capability Passthrough on device 2.
12-26 22:50:23.268   797  7048 D AF::TrackHandle: OpPlayAudio: track:64 uid:1000 pkg:android usage:13 not muted
12-26 22:50:23.268  1152  1152 D ActivityManager: Is background playback GK enabled: false Is background playback enabled for all apps: false
12-26 22:50:23.269  1682  1718 V ControllerNotifications: Headset was mounted, requesting that notifications are enabled
12-26 22:50:23.269  1152  1152 D ActivityManager: Is background playback GK enabled: false Is background playback enabled for all apps: false
12-26 22:50:23.269  1682  1718 V ControllerNotifications: Queueing enable of notifications in 5000ms
12-26 22:50:23.268   797 20887 D AF::TrackHandle: OpPlayAudio: track:57 uid:10016 pkg:com.oculus.shellenv usage:1 muted
12-26 22:50:23.269  1152  1152 D ActivityManager: Is background playback GK enabled: false Is background playback enabled for all apps: false
12-26 22:50:23.269  1152  1152 D ActivityManager: Is background playback GK enabled: false Is background playback enabled for all apps: false
12-26 22:50:23.270   924  3261 I MRSS    : MIXEDREALITY: MrSystemServiceIPCServer: ChangeMrCapabilityStatus: client 1701905111, capability Passthrough, command 0.
12-26 22:50:23.270   797  4293 D AF::TrackHandle: OpPlayAudio: track:64 uid:1000 pkg:android usage:13 not muted
12-26 22:50:23.270   849   849 D SurfaceFlinger: Setting power mode 2 on display 4630946791093499009
12-26 22:50:23.270  1152  1152 D ActivityManager: Is background playback GK enabled: false Is background playback enabled for all apps: false
12-26 22:50:23.270   797 20887 D AF::TrackHandle: OpPlayAudio: track:57 uid:10016 pkg:com.oculus.shellenv usage:1 muted
12-26 22:50:23.270   848   848 I SDM     : DisplayBase::SetDisplayState: Set state = 1, display 29-0, teardown = 0
12-26 22:50:23.262     0     0 I qcom,camera ac4f000.qcom,cci: qcom,cam-sensor0: Linked as a consumer to regulator.46
12-26 22:50:23.265     0     0 I qcom,camera ac4f000.qcom,cci: qcom,cam-sensor0: Linked as a consumer to regulator.7
12-26 22:50:23.265     0     0 I qcom,camera ac4f000.qcom,cci: qcom,cam-sensor0: Linked as a consumer to regulator.71
12-26 22:50:23.271  3217  3278 I MRSVC   : MIXEDREALITY: MrRuntimeImpl: onPause: Capability Playspace on device 2.
12-26 22:50:23.271   797  4293 D AF::TrackHandle: OpPlayAudio: track:64 uid:1000 pkg:android usage:13 not muted
