12-26 08:10:32.201  1152 25216 I RuntimeIpcHelperService: Going to start ComponentInfo{com.oculus.systemdriver/com.oculus.vrruntimeservice.VrRuntimeService} as foreground
12-26 08:10:32.203  2875  2981 D RPCServer [RUNTIMEIPC]: ConnectClient: Client: com.epicgames.AtomVR:com.epicgames.AtomVR:10986:, Server: com.oculus.systemdriver:com.oculus.vrruntimeservice (HapticsServer)
12-26 08:10:32.203  2875  2981 I RPCClientHandler [RUNTIMEIPC]: Event buffer size (server): 8192
12-26 08:10:32.204  2875  2981 I RuntimeIPCServerMgr [RUNTIMEIPC]: HandleClientConnect SUCCESS: Client: com.epicgames.AtomVR:com.epicgames.AtomVR:10986:, Server: com.oculus.systemdriver:com.oculus.vrruntimeservice (HapticsServer)
12-26 08:10:32.204 10986 11182 I RuntimeIPCClient [RUNTIMEIPC]: Event buffer size (client): 8192
12-26 08:10:32.204 10986 11182 I RuntimeIPCClient [RUNTIMEIPC]: TryToGetIPCResourcesFromServer: RPC_CONNECTOR_CONNECT_TO_SERVER SUCCESS: Client: com.epicgames.AtomVR:com.epicgames.AtomVR:10986, Server: com.oculus.systemdriver:com.oculus.vrruntimeservice (HapticsServer)
12-26 08:10:32.204 10986 11182 I RuntimeIPCClient [RUNTIMEIPC]: EnsureServerConnection: SUCCESS. Client: com.epicgames.AtomVR:com.epicgames.AtomVR:10986, Server: com.oculus.systemdriver:com.oculus.vrruntimeservice (HapticsServer)
12-26 08:10:32.204 10986 11182 I RuntimeIPCClient [RUNTIMEIPC]: ConnectToServer: SUCCESS: Client: com.epicgames.AtomVR:com.epicgames.AtomVR:10986, Server: com.oculus.systemdriver:com.oculus.vrruntimeservice (HapticsServer)
12-26 08:10:32.204 10986 11182 I TREX    : Loading plugin com.oculus.wearableinputservice:libtrex_wristband_client_plugin.so
12-26 08:10:32.205 10986 11182 I TREX    : package 'com.oculus.wearableinputservice' not found, skipping
12-26 08:10:32.205 10986 11182 I TREX    : Plugin 'com.oculus.wearableinputservice:libtrex_wristband_client_plugin.so' not loaded.
12-26 08:10:32.205 10986 11182 I PerformanceManagerInterface_Impl: perfmgr: Skipping initial server state initialization, will initialize next time around
12-26 08:10:32.205 10986 11182 E TREX    : Interface version 3 was not found. Check debug build for more information.
12-26 08:10:32.206  3653 11381 D CCodecBufferChannel: [c2.android.vorbis.decoder#296] MediaCodec discarded an unknown buffer
12-26 08:10:32.206 10986 11182 W picgames.AtomV: Accessing hidden method Landroid/app/Activity;->isResumed()Z (unsupported, reflection, allowed)
12-26 08:10:32.206  3265  3265 D MetaCam (DeviceBootBroadcastReceiver): onReceive(intent.action = android.intent.action.USER_PRESENT)
12-26 08:10:32.206 10986 11182 I DeviceProperties: ovrDeviceProperties::Initialize
12-26 08:10:32.207   953  1549 E VrDeviceManagerService: Permission denied: process 10986 (uid 10108) doesn't have the required permission: com.oculus.permission.SET_VR_DEVICE_PARAMS
12-26 08:10:32.207   953  1549 E VrDeviceManagerService: Permission denied: process 10986 (uid 10108) doesn't have the required permission: com.oculus.permission.READ_VR_DEVICE_PARAMS
12-26 08:10:32.207   953  1549 W VrDeviceManagerService: getDeviceProperty: Ignoring com.oculus.permission.SET_VR_DEVICE_PARAMS/com.oculus.permission.READ_VR_DEVICE_PARAMS permission!
12-26 08:10:32.207 10986 11186 I OpenXR  : nativeOnActivityReady
12-26 08:10:32.207 10986 11182 I DeviceProperties: Device Region: 'US'
12-26 08:10:32.207  3653 11447 I hw-BpHwBinder: onLastStrongRef automatically unlinking death recipients
12-26 08:10:32.207   953  1549 E VrDeviceManagerService: Permission denied: process 10986 (uid 10108) doesn't have the required permission: com.oculus.permission.SET_VR_DEVICE_PARAMS
12-26 08:10:32.207   953  1549 E VrDeviceManagerService: Permission denied: process 10986 (uid 10108) doesn't have the required permission: com.oculus.permission.READ_VR_DEVICE_PARAMS
12-26 08:10:32.207   953  1549 W VrDeviceManagerService: getDeviceProperty: Ignoring com.oculus.permission.SET_VR_DEVICE_PARAMS/com.oculus.permission.READ_VR_DEVICE_PARAMS permission!
12-26 08:10:32.207 10986 11182 I DeviceProperties: GPU Type: 'ADRENO_650'
12-26 08:10:32.208   953  1549 E VrDeviceManagerService: Permission denied: process 10986 (uid 10108) doesn't have the required permission: com.oculus.permission.SET_VR_DEVICE_PARAMS
12-26 08:10:32.208   953  1549 E VrDeviceManagerService: Permission denied: process 10986 (uid 10108) doesn't have the required permission: com.oculus.permission.READ_VR_DEVICE_PARAMS
12-26 08:10:32.208   953  1549 W VrDeviceManagerService: getDeviceProperty: Ignoring com.oculus.permission.SET_VR_DEVICE_PARAMS/com.oculus.permission.READ_VR_DEVICE_PARAMS permission!
12-26 08:10:32.208   953  1549 E VrDeviceManagerService: Permission denied: process 10986 (uid 10108) doesn't have the required permission: com.oculus.permission.SET_VR_DEVICE_PARAMS
12-26 08:10:32.208   953  1549 E VrDeviceManagerService: Permission denied: process 10986 (uid 10108) doesn't have the required permission: com.oculus.permission.READ_VR_DEVICE_PARAMS
12-26 08:10:32.208   953  1549 W VrDeviceManagerService: getDeviceProperty: Ignoring com.oculus.permission.SET_VR_DEVICE_PARAMS/com.oculus.permission.READ_VR_DEVICE_PARAMS permission!
12-26 08:10:32.208   953  1549 E VrDeviceManagerService: Permission denied: process 10986 (uid 10108) doesn't have the required permission: com.oculus.permission.SET_VR_DEVICE_PARAMS
12-26 08:10:32.208   953  1549 E VrDeviceManagerService: Permission denied: process 10986 (uid 10108) doesn't have the required permission: com.oculus.permission.READ_VR_DEVICE_PARAMS
12-26 08:10:32.208   953  1549 W VrDeviceManagerService: getSupportedDisplayRefreshRates: Ignoring com.oculus.permission.SET_VR_DEVICE_PARAMS/com.oculus.permission.READ_VR_DEVICE_PARAMS permission!
12-26 08:10:32.208 10986 11182 I DeviceProperties: Num Refresh Rates Supported 61
12-26 08:10:32.208 10986 11182 I DeviceProperties: Refresh Rate (0): 120.000000Hz
12-26 08:10:32.208 10986 11182 I DeviceProperties: Refresh Rate (1): 119.000000Hz
12-26 08:10:32.208 10986 11182 I DeviceProperties: Refresh Rate (2): 118.000000Hz
12-26 08:10:32.208 10986 11182 I DeviceProperties: Refresh Rate (3): 117.000000Hz
12-26 08:10:32.208 10986 11182 I DeviceProperties: Refresh Rate (4): 116.000000Hz
12-26 08:10:32.208 10986 11182 I DeviceProperties: Refresh Rate (5): 115.000000Hz
12-26 08:10:32.208 10986 11182 I DeviceProperties: Refresh Rate (6): 114.000000Hz
12-26 08:10:32.208 10986 11182 I DeviceProperties: Refresh Rate (7): 113.000000Hz
12-26 08:10:32.208 10986 11182 I DeviceProperties: Refresh Rate (8): 112.000000Hz
12-26 08:10:32.208 10986 11182 I DeviceProperties: Refresh Rate (9): 111.000000Hz
12-26 08:10:32.208 10986 11182 I DeviceProperties: Refresh Rate (10): 110.000000Hz
12-26 08:10:32.208 10986 11182 I DeviceProperties: Refresh Rate (11): 109.000000Hz
12-26 08:10:32.208 10986 11182 I DeviceProperties: Refresh Rate (12): 108.000000Hz
12-26 08:10:32.209 10986 11182 I DeviceProperties: Refresh Rate (13): 107.000000Hz
12-26 08:10:32.209 10986 11182 I DeviceProperties: Refresh Rate (14): 106.000000Hz
12-26 08:10:32.209 10986 11182 I DeviceProperties: Refresh Rate (15): 105.000000Hz
12-26 08:10:32.209 10986 11182 I DeviceProperties: Refresh Rate (16): 104.000000Hz
12-26 08:10:32.209 10986 11182 I DeviceProperties: Refresh Rate (17): 103.000000Hz
12-26 08:10:32.209 10986 11182 I DeviceProperties: Refresh Rate (18): 102.000000Hz
12-26 08:10:32.209 10986 11182 I DeviceProperties: Refresh Rate (19): 101.000000Hz
12-26 08:10:32.209 10986 11182 I DeviceProperties: Refresh Rate (20): 100.000000Hz
12-26 08:10:32.209 10986 11182 I DeviceProperties: Refresh Rate (21): 99.000000Hz
12-26 08:10:32.209 10986 11182 I DeviceProperties: Refresh Rate (22): 98.000000Hz
12-26 08:10:32.209 10986 11182 I DeviceProperties: Refresh Rate (23): 97.000000Hz
12-26 08:10:32.209 10986 11182 I DeviceProperties: Refresh Rate (24): 96.000000Hz
12-26 08:10:32.209 10986 11182 I DeviceProperties: Refresh Rate (25): 95.000000Hz
12-26 08:10:32.209 10986 11182 I DeviceProperties: Refresh Rate (26): 94.000000Hz
12-26 08:10:32.209 10986 11182 I DeviceProperties: Refresh Rate (27): 93.000000Hz
12-26 08:10:32.209 10986 11182 I DeviceProperties: Refresh Rate (28): 92.000000Hz
12-26 08:10:32.209 10986 11182 I DeviceProperties: Refresh Rate (29): 91.000000Hz
12-26 08:10:32.209 10986 11182 I DeviceProperties: Refresh Rate (30): 90.000000Hz
12-26 08:10:32.209 10986 11182 I DeviceProperties: Refresh Rate (31): 89.000000Hz
12-26 08:10:32.209 10986 11182 I DeviceProperties: Refresh Rate (32): 88.000000Hz
12-26 08:10:32.209 10986 11182 I DeviceProperties: Refresh Rate (33): 87.000000Hz
12-26 08:10:32.209 10986 11182 I DeviceProperties: Refresh Rate (34): 86.000000Hz
12-26 08:10:32.209 10986 11182 I DeviceProperties: Refresh Rate (35): 85.000000Hz
12-26 08:10:32.209 10986 11182 I DeviceProperties: Refresh Rate (36): 84.000000Hz
12-26 08:10:32.209 10986 11182 I DeviceProperties: Refresh Rate (37): 83.000000Hz
12-26 08:10:32.209 10986 11182 I DeviceProperties: Refresh Rate (38): 82.000000Hz
12-26 08:10:32.209 10986 11182 I DeviceProperties: Refresh Rate (39): 81.000000Hz
12-26 08:10:32.209 10986 11182 I DeviceProperties: Refresh Rate (40): 80.000000Hz
12-26 08:10:32.209 10986 11182 I DeviceProperties: Refresh Rate (41): 79.000000Hz
12-26 08:10:32.209 10986 11182 I DeviceProperties: Refresh Rate (42): 78.000000Hz
12-26 08:10:32.209 10986 11182 I DeviceProperties: Refresh Rate (43): 77.000000Hz
12-26 08:10:32.209 10986 11182 I DeviceProperties: Refresh Rate (44): 76.000000Hz
12-26 08:10:32.209 10986 11182 I DeviceProperties: Refresh Rate (45): 75.000000Hz
12-26 08:10:32.209 10986 11182 I DeviceProperties: Refresh Rate (46): 74.000000Hz
12-26 08:10:32.209 10986 11182 I DeviceProperties: Refresh Rate (47): 73.000000Hz
12-26 08:10:32.209 10986 11182 I DeviceProperties: Refresh Rate (48): 72.000000Hz
12-26 08:10:32.209 10986 11182 I DeviceProperties: Refresh Rate (49): 71.000000Hz
12-26 08:10:32.209 10986 11182 I DeviceProperties: Refresh Rate (50): 70.000000Hz
12-26 08:10:32.209 10986 11182 I DeviceProperties: Refresh Rate (51): 69.000000Hz
12-26 08:10:32.209 10986 11182 I DeviceProperties: Refresh Rate (52): 68.000000Hz
12-26 08:10:32.209 10986 11182 I DeviceProperties: Refresh Rate (53): 67.000000Hz
12-26 08:10:32.209 10986 11182 I DeviceProperties: Refresh Rate (54): 66.000000Hz
12-26 08:10:32.209 10986 11182 I DeviceProperties: Refresh Rate (55): 65.000000Hz
12-26 08:10:32.209 10986 11182 I DeviceProperties: Refresh Rate (56): 64.000000Hz
12-26 08:10:32.209 10986 11182 I DeviceProperties: Refresh Rate (57): 63.000000Hz
12-26 08:10:32.209 10986 11182 I DeviceProperties: Refresh Rate (58): 62.000000Hz
12-26 08:10:32.209  3653 11377 D MediaCodec: flushMediametrics
12-26 08:10:32.209 10986 11182 I DeviceProperties: Refresh Rate (59): 61.000000Hz
12-26 08:10:32.209 10986 11182 I DeviceProperties: Refresh Rate (60): 60.000000Hz
12-26 08:10:32.209  3653 11377 W mediametrics::Item: selfrecord: failed to record: {codec, (01-01 05:00:00.000), (, -1, -1), (android.media.mediacodec.channelCount=1, android.media.mediacodec.codec=c2.android.vorbis.decoder, android.media.mediacodec.encoder=0, android.media.mediacodec.latency.avg=14336, android.media.mediacodec.latency.max=46735, android.media.mediacodec.latency.min=3172, android.media.mediacodec.latency.n=83, android.media.mediacodec.latency.unknown=2, android.media.mediacodec.lifetimeMs=338, android.media.mediacodec.log-session-id=, android.media.mediacodec.low-latency.first-frame=-1, android.media.mediacodec.low-latency.off=0, android.media.mediacodec.low-latency.on=0, android.media.mediacodec.mime=audio/vorbis, android.media.mediacodec.mode=audio, android.media.mediacodec.sampleRate=48000)}
12-26 08:10:32.211   887   987 W mediametrics::Item: selfrecord: failed to record: {extractor, (01-01 05:00:00.000), (, -1, 10037), (android.media.mediaextractor.entry=ndk-with-jvm, android.media.mediaextractor.fmt=OggExtractor, android.media.mediaextractor.mime=audio/ogg, android.media.mediaextractor.ntrk=1)}
12-26 08:10:32.211   918  3014 I CalibrationStore: loading calibration file: SYSTEM_SN
12-26 08:10:32.211   953  1549 E VrDeviceManagerService: Permission denied: process 10986 (uid 10108) doesn't have the required permission: com.oculus.permission.SET_VR_DEVICE_PARAMS
12-26 08:10:32.211   953  1549 E VrDeviceManagerService: Permission denied: process 10986 (uid 10108) doesn't have the required permission: com.oculus.permission.READ_VR_DEVICE_PARAMS
12-26 08:10:32.211   953  1549 W VrDeviceManagerService: getDisplayParams: Ignoring com.oculus.permission.SET_VR_DEVICE_PARAMS/com.oculus.permission.READ_VR_DEVICE_PARAMS permission!
12-26 08:10:32.211 10986 11182 I DeviceProperties: DisplayParms.ScanoutDirection = 1
12-26 08:10:32.211 10986 11182 I DeviceProperties: DisplayParms.ShutterType = 1
12-26 08:10:32.211 10986 11182 W libc    : Access denied finding property "ro.vendor.product.model_extended"
12-26 08:10:32.212 10986 11182 I DeviceProperties: getDisplayDimensions returned: 3664, 1920
12-26 08:10:32.205 10986 10986 W GameThread: type=1400 audit(0.0:360): avc: denied { read } for name="u:object_r:vendor_board_init_prop:s0" dev="tmpfs" ino=13482 scontext=u:r:untrusted_app_27:s0:c512,c768 tcontext=u:object_r:vendor_board_init_prop:s0 tclass=file permissive=0 app=com.epicgames.AtomVR
12-26 08:10:32.212 10986 11182 I DeviceProperties: ovrDeviceProperties: OVR_DEVICE_CAPABILITY_POSITIONAL_TRACKING_BIT
12-26 08:10:32.212 10986 11182 I DeviceProperties: ovrDeviceProperties: OVR_DEVICE_CAPABILITY_PASSTHROUGH_CAMERA_BIT
12-26 08:10:32.212 10986 11182 I DeviceProperties: ovrDeviceProperties: OVR_DEVICE_CAPABILITY_DYNAMIC_DISPLAY_REFRESH_RATE_BIT
12-26 08:10:32.212 10986 11182 I DeviceProperties: ovrDeviceProperties: OVR_DEVICE_CAPABILITY_MEMORY_EXPORT_BIT
12-26 08:10:32.212 10986 11182 I DeviceProperties: ovrDeviceProperties: OVR_DEVICE_CAPABILITY_FIXED_FOVEATED_RENDERING_BIT
12-26 08:10:32.212 10986 11182 I DeviceProperties: ovrDeviceProperties: OVR_DEVICE_CAPABILITY_SUBSAMPLED_LAYOUT_BIT
12-26 08:10:32.212 10986 11182 I DeviceProperties: ovrDeviceProperties: OVR_DEVICE_CAPABILITY_KEYBOARD_TRACKING_BIT
12-26 08:10:32.212 10986 11182 I VrRuntimeClient: DevicesSupported : 4 devices, quest|quest2|questpro
12-26 08:10:32.212 10986 11182 I Distortion: Initializing Mesh Decenter Correction
12-26 08:10:32.213   918  3014 I CalibrationStore: loading calibration file: calibration/display/screen_offset.json
12-26 08:10:32.214 10986 11182 I Distortion: SetLensPositions - iad=0.06485, left offset=0.000864491,-0.00144994, right offset=-0.000584662,-0.00144805
12-26 08:10:32.214 10986 11182 I Distortion: Initializing Mesh Decenter Correction
12-26 08:10:32.215   918  3014 I CalibrationStore: loading calibration file: calibration/display/screen_offset.json
12-26 08:10:32.215 10986 11182 I Distortion: SetLensPositions - iad=0.06485, left offset=0.000864491,-0.00144994, right offset=-0.000584662,-0.00144805
12-26 08:10:32.215 10986 11182 I OpenXR  : ----------- xrCreateInstance [end] ----------
12-26 08:10:32.215 10986 11182 V OpenXR-Loader: Verbose [GENERAL | xrCreateInstance | OpenXR-Loader] : Completed loader terminator
12-26 08:10:32.215 10986 11182 I OpenXR-Loader: Info [GENERAL | xrCreateInstance | OpenXR-Loader] : LoaderInstance::CreateInstance succeeded with 0 layers enabled and runtime interface - created instance = 0x0100000000000001
12-26 08:10:32.215 10986 11182 V OpenXR-Loader: Verbose [GENERAL | xrCreateInstance | OpenXR-Loader] : Completed loader trampoline
12-26 08:10:32.216 10986 11182 D UE      : LogHMD: Initialized OpenXR on Oculus runtime version 59.172.0
12-26 08:10:32.216 10986 11182 D UE      : LogInit: ExecutableName: AtomVR
12-26 08:10:32.216 10986 11182 D UE      : LogInit: Build: ++UE5+Release-5.3-CL-29314046
12-26 08:10:32.216 10986 11182 D UE      : LogInit: Engine Version: 5.3.2-29314046+++UE5+Release-5.3
12-26 08:10:32.216 10986 11182 D UE      : LogInit: Compatible Engine Version: 5.3.0-27405482+++UE5+Release-5.3
12-26 08:10:32.216 10986 11182 D UE      : LogInit: Net CL: 27405482
12-26 08:10:32.216 10986 11182 D UE      : LogInit: OS: Android (12), CPU: Quest, GPU: Adreno (TM) 650
12-26 08:10:32.216 10986 11182 D UE      : LogInit: Compiled (64-bit): Nov  3 2023 16:31:36
12-26 08:10:32.216 10986 11182 D UE      : LogInit: Architecture: arm64
12-26 08:10:32.216 10986 11182 D UE      : LogInit: Compiled with Clang: 14.0.6 (https://android.googlesource.com/toolchain/llvm-project 4c603efb0cca074e9238af8b4106c30add4418f6)
12-26 08:10:32.216 10986 11182 D UE      : LogInit: Build Configuration: Development
12-26 08:10:32.216 10986 11182 D UE      : LogInit: Branch Name: ++UE5+Release-5.3
12-26 08:10:32.216 10986 11182 D UE      : LogInit: Command Line:  -project="../../../AtomVR/AtomVR.uproject" /Game/Maps/Lobby/lobby1 -Messaging -CrashForUAT -SessionId=D1A40CD44AE13C0C5CBAC8AE78EE9665 -SessionOwner="nick1" -SessionName="Launch On Device"
12-26 08:10:32.216 10986 11182 D UE      : LogInit: Base Directory: 
12-26 08:10:32.217 10986 11182 D UE      : LogInit: Allocator: binned2
12-26 08:10:32.217 10986 11182 D UE      : LogInit: Installed Engine Build: 0
12-26 08:10:32.217 10986 11182 D UE      : LogInit: This binary is optimized with LTO: no, PGO: no, instrumented for PGO data collection: no
12-26 08:10:32.217 10986 11182 D UE      : LogDevObjectVersion: Number of dev versions registered: 39
12-26 08:10:32.217 10986 11182 D UE      : LogDevObjectVersion:   Dev-Blueprints (B0D832E4-1F89-4F0D-ACCF-7EB736FD4AA2): 10
12-26 08:10:32.217 10986 11182 D UE      : LogDevObjectVersion:   Dev-Build (E1C64328-A22C-4D53-A36C-8E866417BD8C): 0
12-26 08:10:32.217 10986 11182 D UE      : LogDevObjectVersion:   Dev-Core (375EC13C-06E4-48FB-B500-84F0262A717E): 4
12-26 08:10:32.217 10986 11182 D UE      : LogDevObjectVersion:   Dev-Editor (E4B068ED-F494-42E9-A231-DA0B2E46BB41): 40
12-26 08:10:32.217 10986 11182 D UE      : LogDevObjectVersion:   Dev-Framework (CFFC743F-43B0-4480-9391-14DF171D2073): 37
12-26 08:10:32.217 10986 11182 D UE      : LogDevObjectVersion:   Dev-Mobile (B02B49B5-BB20-44E9-A304-32B752E40360): 3
12-26 08:10:32.217 10986 11182 D UE      : LogDevObjectVersion:   Dev-Networking (A4E4105C-59A1-49B5-A7C5-40C4547EDFEE): 0
12-26 08:10:32.217 10986 11182 D UE      : LogDevObjectVersion:   Dev-Online (39C831C9-5AE6-47DC-9A44-9C173E1C8E7C): 0
12-26 08:10:32.217 10986 11182 D UE      : LogDevObjectVersion:   Dev-Physics (78F01B33-EBEA-4F98-B9B4-84EACCB95AA2): 20
12-26 08:10:32.217 10986 11182 D UE      : LogDevObjectVersion:   Dev-Platform (6631380F-2D4D-43E0-8009-CF276956A95A): 0
12-26 08:10:32.217 10986 11182 D UE      : LogDevObjectVersion:   Dev-Rendering (12F88B9F-8875-4AFC-A67C-D90C383ABD29): 47
12-26 08:10:32.217 10986 11182 D UE      : LogDevObjectVersion:   Dev-Sequencer (7B5AE74C-D270-4C10-A958-57980B212A5A): 13
12-26 08:10:32.217 10986 11182 D UE      : LogDevObjectVersion:   Dev-VR (D7296918-1DD6-4BDD-9DE2-64A83CC13884): 3
12-26 08:10:32.217 10986 11182 D UE      : LogDevObjectVersion:   Dev-LoadTimes (C2A15278-BFE7-4AFE-6C17-90FF531DF755): 1
12-26 08:10:32.217 10986 11182 D UE      : LogDevObjectVersion:   Private-Geometry (6EACA3D4-40EC-4CC1-B786-8BED09428FC5): 3
12-26 08:10:32.217 10986 11182 D UE      : LogDevObjectVersion:   Dev-AnimPhys (29E575DD-E0A3-4627-9D10-D276232CDCEA): 17
12-26 08:10:32.217 10986 11182 D UE      : LogDevObjectVersion:   Dev-Anim (AF43A65D-7FD3-4947-9873-3E8ED9C1BB05): 15
12-26 08:10:32.217 10986 11182 D UE      : LogDevObjectVersion:   Dev-ReflectionCapture (6B266CEC-1EC7-4B8F-A30B-E4D90942FC07): 1
12-26 08:10:32.217 10986 11182 D UE      : LogDevObjectVersion:   Dev-Automation (0DF73D61-A23F-47EA-B727-89E90C41499A): 1
12-26 08:10:32.217 10986 11182 D UE      : LogDevObjectVersion:   FortniteMain (601D1886-AC64-4F84-AA16-D3DE0DEAC7D6): 111
12-26 08:10:32.217 10986 11182 D UE      : LogDevObjectVersion:   FortniteValkyrie (8DBC2C5B-54A7-43E0-A768-FCBB7DA29060): 2
12-26 08:10:32.217 10986 11182 D UE      : LogDevObjectVersion:   FortniteSeason (5B4C06B7-2463-4AF8-805B-BF70CDF5D0DD): 10
12-26 08:10:32.217 10986 11182 D UE      : LogDevObjectVersion:   FortniteRelease (E7086368-6B23-4C58-8439-1B7016265E91): 11
12-26 08:10:32.217 10986 11182 D UE      : LogDevObjectVersion:   Dev-Enterprise (9DFFBCD6-494F-0158-E221-12823C92A888): 10
12-26 08:10:32.217 10986 11182 D UE      : LogDevObjectVersion:   Dev-Niagara (F2AED0AC-9AFE-416F-8664-AA7FFA26D6FC): 1
12-26 08:10:32.217 10986 11182 D UE      : LogDevObjectVersion:   Dev-Destruction (174F1F0B-B4C6-45A5-B13F-2EE8D0FB917D): 10
12-26 08:10:32.217 10986 11182 D UE      : LogDevObjectVersion:   Dev-Physics-Ext (35F94A83-E258-406C-A318-09F59610247C): 41
12-26 08:10:32.217 10986 11182 D UE      : LogDevObjectVersion:   Dev-PhysicsMaterial-Chaos (B68FC16E-8B1B-42E2-B453-215C058844FE): 1
12-26 08:10:32.217 10986 11182 D UE      : LogDevObjectVersion:   Dev-CineCamera (B2E18506-4273-CFC2-A54E-F4BB758BBA07): 1
12-26 08:10:32.217 10986 11182 D UE      : LogDevObjectVersion:   Dev-VirtualProduction (64F58936-FD1B-42BA-BA96-7289D5D0FA4E): 1
12-26 08:10:32.218 10986 11182 D UE      : LogDevObjectVersion:   UE5-Main (697DD581-E64F-41AB-AA4A-51ECBEB7B628): 118
12-26 08:10:32.218 10986 11182 D UE      : LogDevObjectVersion:   UE5-Release (D89B5E42-24BD-4D46-8412-ACA8DF641779): 47
12-26 08:10:32.218 10986 11182 D UE      : LogDevObjectVersion:   UE5-PrivateFrosty (59DA5D52-1232-4948-B878-597870B8E98B): 8
12-26 08:10:32.218 10986 11182 D UE      : LogDevObjectVersion:   UE5-Dev-Cooker (26075A32-730F-4708-88E9-8C32F1599D05): 0
12-26 08:10:32.218 10986 11182 D UE      : LogDevObjectVersion:   Dev-MediaFramework (6F0ED827-A609-4895-9C91-998D90180EA4): 2
12-26 08:10:32.218 10986 11182 D UE      : LogDevObjectVersion:   UE5-Dev-LWCRendering (30D58BE3-95EA-4282-A6E3-B159D8EBB06A): 1
12-26 08:10:32.218 10986 11182 D UE      : LogDevObjectVersion:   Dev-RigVM (DC49959B-53C0-4DE7-9156-EA885E7C5D39): 2
12-26 08:10:32.218 10986 11182 D UE      : LogDevObjectVersion:   Dev-ControlRig (A7820CFB-20A7-4359-8C54-2C149623CF50): 27
12-26 08:10:32.218 10986 11182 D UE      : LogDevObjectVersion:   Dev-IKRig (F6DFBB78-BB50-A0E4-4018-B84D60CBAF23): 2
12-26 08:10:32.218  3265  3265 E AnalyticsEvent: could not set key=initialization_session_id value=null
12-26 08:10:32.218  3265  3265 E AnalyticsEvent: could not set key=message value=null
12-26 08:10:32.218  3265  3265 E AnalyticsEvent: could not set key=dynamic_message value=null
12-26 08:10:32.218  3265  3265 E AnalyticsEvent: could not set key=event_session_id value=null
12-26 08:10:32.218  3265  3265 E AnalyticsEvent: could not set key=remote_surface_type value=null
12-26 08:10:32.218  3265  3265 E AnalyticsEvent: could not set key=initiation_source value=null
12-26 08:10:32.218  3265  3265 E AnalyticsEvent: could not set key=signaling_transport_type value=null
12-26 08:10:32.218  3265  3265 E AnalyticsEvent: could not set key=metric_name value=null
12-26 08:10:32.218  3265  3265 E AnalyticsEvent: could not set key=error_domain value=null
12-26 08:10:32.218  3265  3265 D MetaCam (Companion): Scheduling new MetaCamDeviceBootJobService
12-26 08:10:32.224  2078  2607 I MqttPushService: service/onStart; flag=0, id=15, intent=Orca.START, caller=android.intent.action.USER_PRESENT
12-26 08:10:32.226  3653 11377 D MediaCodecList: codecHandlesFormat: no format, so no extra checks
12-26 08:10:32.227  3653 11377 D MediaCodecList: codecHandlesFormat: no format, so no extra checks
12-26 08:10:32.229  3653 11448 D CCodec  : allocate(c2.android.vorbis.decoder)
12-26 08:10:32.229  3653 11395 I [SUI] ConsumerConfiguration: Setting SystemUX Configuration and Policy Settings.
12-26 08:10:32.229  3653 11395 V [SUI] RawSettingsItem: valueFetcher is empty for id: video_capture_eye_selection
12-26 08:10:32.230  3653 11395 V [SUI] RawSettingsItem: editableFetcher is empty for id: video_capture_eye_selection
12-26 08:10:32.230  3653 11395 V [SUI] RawSettingsItem: visibilityFetcher is empty for id: mobility_boost_your_height
12-26 08:10:32.230  3653 11395 V [SUI] RawSettingsItem: valueFetcher is empty for id: mobility_boost_your_height
12-26 08:10:32.230  3653 11395 V [SUI] RawSettingsItem: editableFetcher is empty for id: mobility_boost_your_height
12-26 08:10:32.230  3653 11395 V [SUI] RawSettingsItem: visibilityFetcher is empty for id: manage_saved_keyboards
12-26 08:10:32.230  3653 11395 V [SUI] RawSettingsItem: valueFetcher is empty for id: manage_saved_keyboards
12-26 08:10:32.230  3653 11395 V [SUI] RawSettingsItem: editableFetcher is empty for id: manage_saved_keyboards
12-26 08:10:32.230  3653 11395 V [SUI] RawSettingsItem: visibilityFetcher is empty for id: hands_swap_system_button_handedness
12-26 08:10:32.230  3653 11395 V [SUI] RawSettingsItem: valueFetcher is empty for id: hands_swap_system_button_handedness
12-26 08:10:32.230  3653 11395 V [SUI] RawSettingsItem: editableFetcher is empty for id: hands_swap_system_button_handedness
12-26 08:10:32.230  3653 11395 V [SUI] RawSettingsItem: visibilityFetcher is empty for id: privacy_hand_tracking
12-26 08:10:32.230  3653 11395 V [SUI] RawSettingsItem: valueFetcher is empty for id: privacy_hand_tracking
12-26 08:10:32.230  3653 11395 V [SUI] RawSettingsItem: editableFetcher is empty for id: privacy_hand_tracking
12-26 08:10:32.230  3653 11395 V [SUI] RawSettingsItem: editableFetcher is empty for id: objects_furniture_mr_ident
12-26 08:10:32.230  3653 11395 V [SUI] RawSettingsItem: visibilityFetcher is empty for id: color_filter
12-26 08:10:32.230  3653 11395 V [SUI] RawSettingsItem: valueFetcher is empty for id: color_filter
12-26 08:10:32.231  3653 11395 V [SUI] RawSettingsItem: editableFetcher is empty for id: color_filter
12-26 08:10:32.231  3653 11395 V [SUI] RawSettingsItem: visibilityFetcher is empty for id: display_theme
12-26 08:10:32.231  3653 11395 V [SUI] RawSettingsItem: valueFetcher is empty for id: display_theme
12-26 08:10:32.231  3653 11395 V [SUI] RawSettingsItem: editableFetcher is empty for id: display_theme
12-26 08:10:32.232  2078  2607 I FbnsConnectionManager: connection/kick_connect; kicked_by: android.intent.action.USER_PRESENT reason: SERVICE_START
12-26 08:10:32.232  3653 11448 I CCodec  : setting up 'default' as default (vendor) store
12-26 08:10:32.234  2078  2607 I ConnectionRetryManager: Strategy=BackToBackRetryStrategy: attempt:1/3/1, delay:0 seconds
12-26 08:10:32.235  3210 24585 E AnalyticsEvent: could not set key=selection_args value=null
12-26 08:10:32.235  3210 24585 D CapabilitiesProvider: Capabilities Content Provider called content://com.oculus.identitymanagement.capabilities.contentprovider/account/activeuser/capabilities/com.oculus.capability.social.all, selection= null, selectionArgs=null, sortOrder= null
12-26 08:10:32.235  3653 11448 I CCodec  : Created component [c2.android.vorbis.decoder]
12-26 08:10:32.235  3653 11448 D CCodecConfig: read media type: audio/vorbis
12-26 08:10:32.237 10986 11182 D UE      : LogInit: Presizing for max 131072 objects, including 1 objects not considered by GC, pre-allocating 0 bytes for permanent pool.
12-26 08:10:32.239 10986 11182 D UE      : LogStreaming: Display: Async Loading initialized: Event Driven Loader: true, Async Loading Thread: true, Async Post Load: true
12-26 08:10:32.240  2078  2607 I FbnsConnectionManager: connection/reconnect
12-26 08:10:32.240  2078  2607 I MqttPushService: connection/lost; lastState=DISCONNECTED.
12-26 08:10:32.240  2078  2607 I MqttPushService: [state_machine] state = DISCONNECTED
12-26 08:10:32.241  3653 11448 D ReflectedParamUpdater: extent() != 1 for single value type: algo.buffers.max-count.values
12-26 08:10:32.241  3653 11448 D ReflectedParamUpdater: extent() != 1 for single value type: output.subscribed-indices.values
12-26 08:10:32.241  3653 11448 D ReflectedParamUpdater: extent() != 1 for single value type: input.buffers.allocator-ids.values
12-26 08:10:32.242  3653 11448 D ReflectedParamUpdater: extent() != 1 for single value type: output.buffers.allocator-ids.values
12-26 08:10:32.242  3653 11448 D ReflectedParamUpdater: extent() != 1 for single value type: algo.buffers.allocator-ids.values
12-26 08:10:32.242  3653 11448 D ReflectedParamUpdater: extent() != 1 for single value type: output.buffers.pool-ids.values
12-26 08:10:32.243  3653 11448 D ReflectedParamUpdater: extent() != 1 for single value type: algo.buffers.pool-ids.values
12-26 08:10:32.244  2202  2202 D [SEO] ShellControlBroadcastReceiver: onReceive with VR Client native pointer 503833885568, action com.oculus.systemactivities.CAPTURE_STATE_UPDATE
12-26 08:10:32.244  2078 11417 I AuthLogger: Action succeeded: OBTAIN_TOKEN, callingPackage: com.oculus.systemux, accountType: null, tokenType: null, extras: {is_relogin=false}, duration: 0ms
12-26 08:10:32.244  3653 11448 I CCodecConfig: query failed after returning 7 values (BAD_INDEX)
12-26 08:10:32.244  3653 11448 D CCodecConfig: c2 config diff is Dict {
12-26 08:10:32.244  3653 11448 D CCodecConfig:   c2::u32 coded.bitrate.value = 64000
12-26 08:10:32.244  3653 11448 D CCodecConfig:   c2::u32 input.buffers.max-size.value = 32768
12-26 08:10:32.244  3653 11448 D CCodecConfig:   c2::u32 input.delay.value = 0
12-26 08:10:32.244  3653 11448 D CCodecConfig:   string input.media-type.value = "audio/vorbis"
12-26 08:10:32.244  3653 11448 D CCodecConfig:   string output.media-type.value = "audio/raw"
12-26 08:10:32.244  3653 11448 D CCodecConfig:   c2::u32 raw.channel-count.value = 1
12-26 08:10:32.244  3653 11448 D CCodecConfig:   c2::u32 raw.sample-rate.value = 48000
12-26 08:10:32.244  3653 11448 D CCodecConfig: }
12-26 08:10:32.245  3653 11395 I [SUI] ConsumerConfiguration: Setting SystemUX Configuration and Policy Settings.
12-26 08:10:32.245  3653 11395 V [SUI] RawSettingsItem: editableFetcher is empty for id: video capture default include mic audio
12-26 08:10:32.246  3653 11395 V [SUI] RawSettingsItem: visibilityFetcher is empty for id: app_locks_toolbar_item
12-26 08:10:32.246  3653 11395 V [SUI] RawSettingsItem: valueFetcher is empty for id: app_locks_toolbar_item
12-26 08:10:32.246  3653 11395 V [SUI] RawSettingsItem: editableFetcher is empty for id: app_locks_toolbar_item
12-26 08:10:32.246  3653 11395 V [SUI] RawSettingsItem: valueFetcher is empty for id: accessibility_voice_controller
12-26 08:10:32.246  3653 11395 V [SUI] RawSettingsItem: editableFetcher is empty for id: accessibility_voice_controller
12-26 08:10:32.246  3653 11395 V [SUI] RawSettingsItem: visibilityFetcher is empty for id: system_language_and_region_section
12-26 08:10:32.246  3653 11395 V [SUI] RawSettingsItem: valueFetcher is empty for id: system_language_and_region_section
12-26 08:10:32.246  3653 11395 V [SUI] RawSettingsItem: editableFetcher is empty for id: system_language_and_region_section
12-26 08:10:32.246  3653 11395 V [SUI] RawSettingsItem: visibilityFetcher is empty for id: microphone
12-26 08:10:32.246  3653 11448 D MediaCodec: flushMediametrics
12-26 08:10:32.246  3653 11448 W mediametrics::Item: selfrecord: failed to record: {codec, (01-01 05:00:00.000), (, -1, -1), (android.media.mediacodec.codec=c2.android.vorbis.decoder, android.media.mediacodec.lifetimeMs=18, android.media.mediacodec.low-latency.first-frame=-1, android.media.mediacodec.low-latency.off=0, android.media.mediacodec.low-latency.on=0, android.media.mediacodec.mode=audio, android.media.mediacodec.secure=0)}
12-26 08:10:32.246  3653 11448 D CCodec  : [c2.android.vorbis.decoder] buffers are bound to CCodec for this session
12-26 08:10:32.246  3653 11448 D CCodecConfig: no c2 equivalents for durationUs
12-26 08:10:32.246  3653 11448 D CCodecConfig: no c2 equivalents for track-id
12-26 08:10:32.246  3653 11448 D CCodecConfig: no c2 equivalents for csd-1
12-26 08:10:32.246  2202  2202 D DeviceHelper: isScreenOn = true
12-26 08:10:32.246  3653 11448 D CCodecConfig: no c2 equivalents for channel-mask
12-26 08:10:32.246  3653 11448 D CCodecConfig: no c2 equivalents for flags
12-26 08:10:32.246  2078  2607 I FbnsConnectionManager: connection/create_client; mqttClient=[MqttClient (mqtt-mini.facebook.com:0 +ssl) DISCONNECTED]
12-26 08:10:32.246  2202  2202 D [SEO] ShellControlBroadcastReceiver: isLaunchAction = false, isTrustedAppLaunch = false
12-26 08:10:32.246  3653 11395 V [SUI] RawSettingsItem: editableFetcher is empty for id: microphone
12-26 08:10:32.247  3653 11395 V [SUI] RawSettingsItem: valueFetcher is empty for id: wifi_saved_networks
12-26 08:10:32.247  3653 11395 V [SUI] RawSettingsItem: editableFetcher is empty for id: wifi_saved_networks
12-26 08:10:32.247  3653 11395 V [SUI] RawSettingsItem: visibilityFetcher is empty for id: boundary_adjust_floor
12-26 08:10:32.247  3653 11395 V [SUI] RawSettingsItem: valueFetcher is empty for id: boundary_adjust_floor
12-26 08:10:32.247  3653 11395 V [SUI] RawSettingsItem: editableFetcher is empty for id: boundary_adjust_floor
12-26 08:10:32.247  3653  3653 I [SUI] OVRAuthHelper: fetchAuthToken - completed, result: -1
12-26 08:10:32.247  2202  2202 D [SEO] ShellControlBroadcastReceiver: IsCaptureStateUpdateAction
12-26 08:10:32.247  3653 11395 V [SUI] RawSettingsItem: valueFetcher is empty for id: wifi_subnet
12-26 08:10:32.247  3653 11395 V [SUI] RawSettingsItem: editableFetcher is empty for id: wifi_subnet
12-26 08:10:32.247  3653 11448 D CCodecConfig: c2 config diff is   c2::u32 coded.bitrate.value = 120000
12-26 08:10:32.248  3653 11448 W Codec2Client: query -- param skipped: index = 1107298332.
12-26 08:10:32.248  3653 11448 D CCodec  : setup formats input: AMessage(what = 0x00000000) = {
12-26 08:10:32.248  3653 11448 D CCodec  :   int32_t bitrate = 120000
12-26 08:10:32.248  3653 11448 D CCodec  :   int32_t channel-count = 1
12-26 08:10:32.248  3653 11448 D CCodec  :   int32_t max-input-size = 32768
12-26 08:10:32.248  3653 11448 D CCodec  :   string mime = "audio/vorbis"
12-26 08:10:32.248  3653 11448 D CCodec  :   int32_t sample-rate = 48000
12-26 08:10:32.248  3653 11448 D CCodec  : }
12-26 08:10:32.248  3653 11448 D CCodec  : setup formats output: AMessage(what = 0x00000000) = {
12-26 08:10:32.248  3653 11448 D CCodec  :   int32_t channel-count = 1
12-26 08:10:32.248  3653 11448 D CCodec  :   string mime = "audio/raw"
12-26 08:10:32.248  3653 11448 D CCodec  :   int32_t sample-rate = 48000
12-26 08:10:32.248  3653 11448 D CCodec  :   int32_t channel-mask = 1
12-26 08:10:32.248  3653 11448 D CCodec  : }
12-26 08:10:32.248  3653 11448 I CCodecConfig: query failed after returning 7 values (BAD_INDEX)
12-26 08:10:32.248  3653 11395 V [SUI] RawSettingsItem: valueFetcher is empty for id: wifi_grid_tile
12-26 08:10:32.248  3653 11395 V [SUI] RawSettingsItem: editableFetcher is empty for id: wifi_grid_tile
12-26 08:10:32.248  3653 11395 V [SUI] RawSettingsItem: visibilityFetcher is empty for id: reset_experiments_to_default
12-26 08:10:32.249  3653 11395 V [SUI] RawSettingsItem: valueFetcher is empty for id: reset_experiments_to_default
12-26 08:10:32.249  3653 11395 V [SUI] RawSettingsItem: editableFetcher is empty for id: reset_experiments_to_default
12-26 08:10:32.249  3653 11448 W Codec2Client: query -- param skipped: index = 1342179345.
12-26 08:10:32.249  3653 11448 W Codec2Client: query -- param skipped: index = 2415921170.
12-26 08:10:32.249  3653 11395 V [SUI] RawSettingsItem: valueFetcher is empty for id: wifi_signal_strength
12-26 08:10:32.249  3653 11395 V [SUI] RawSettingsItem: editableFetcher is empty for id: wifi_signal_strength
12-26 08:10:32.249  3653 11395 V [SUI] RawSettingsItem: valueFetcher is empty for id: pin_unlock_browser_password_autofill
12-26 08:10:32.249  3653 11395 V [SUI] RawSettingsItem: editableFetcher is empty for id: pin_unlock_browser_password_autofill
12-26 08:10:32.249  3653 11395 V [SUI] RawSettingsItem: visibilityFetcher is empty for id: experimental_grid_tile
12-26 08:10:32.249  3653 11395 V [SUI] RawSettingsItem: valueFetcher is empty for id: experimental_grid_tile
12-26 08:10:32.249  3653 11395 V [SUI] RawSettingsItem: editableFetcher is empty for id: experimental_grid_tile
12-26 08:10:32.249  3653 11395 V [SUI] RawSettingsItem: valueFetcher is empty for id: selected_local_keyboard
12-26 08:10:32.249  3653 11395 V [SUI] RawSettingsItem: editableFetcher is empty for id: selected_local_keyboard
12-26 08:10:32.249  3653 11395 V [SUI] RawSettingsItem: visibilityFetcher is empty for id: system_grid_tile
12-26 08:10:32.249  3653 11395 V [SUI] RawSettingsItem: valueFetcher is empty for id: system_grid_tile
12-26 08:10:32.249  3653 11395 V [SUI] RawSettingsItem: editableFetcher is empty for id: system_grid_tile
12-26 08:10:32.250  3653 11448 D CCodecBufferChannel: [c2.android.vorbis.decoder#94] Created input block pool with allocatorID 16 => poolID 144 - OK (0)
12-26 08:10:32.250  3653 11395 V [SUI] RawSettingsItem: valueFetcher is empty for id: wifi_tx_speed
12-26 08:10:32.250  3653 11395 V [SUI] RawSettingsItem: editableFetcher is empty for id: wifi_tx_speed
12-26 08:10:32.251   945  1423 I Tracking: VEGA_MAPPER: In-place context switching occurred. Evicting context: 886e0612-9427-9f60-5a8a-9a2a54c9e0e5
12-26 08:10:32.251   945  1423 I Tracking: VEGA_MAPPER: == Evicting Kc data for Map Context 886e0612 ==
12-26 08:10:32.251   945  1423 I Tracking: MapDB: VegaMapStorageInterfaceWrapper::deleteKeypoints - deleting 9330d14b-e00d-95fe-3f37-b786efb80189
12-26 08:10:32.251   945  1423 I Tracking: MapDB: VegaMapStorageInterfaceWrapper::deleteKeypoints - deleting 7eccde4f-9a3b-2ea2-d122-8de156c753b4
12-26 08:10:32.251   945  1423 I Tracking: MapDB: VegaMapStorageInterfaceWrapper::deleteKeypoints - deleting e18bd160-b848-2b6c-918b-dcfaeb97d84f
12-26 08:10:32.251   945  1423 I Tracking: MapDB: VegaMapStorageInterfaceWrapper::deleteKeypoints - deleting 0153be63-6669-669a-9a5e-454fdd575243
12-26 08:10:32.251   945  1423 I Tracking: MapDB: VegaMapStorageInterfaceWrapper::deleteKeypoints - deleting a1eac176-209d-dbbd-e3a4-748f61a18e22
12-26 08:10:32.251   945  1423 I Tracking: MapDB: VegaMapStorageInterfaceWrapper::deleteKeypoints - deleting 03180a9f-a348-2a88-bf0a-08fa26881441
12-26 08:10:32.251   945  1423 I Tracking: MapDB: VegaMapStorageInterfaceWrapper::deleteKeypoints - deleting 0a8c1251-b5b4-bf05-488c-8d4a73cc5cb4
12-26 08:10:32.251   945  1423 I Tracking: MapDB: VegaMapStorageInterfaceWrapper::deleteKeypoints - deleting 82312105-ae10-08f3-ccf3-6af057bfa585
12-26 08:10:32.251   945  1423 I Tracking: MapDB: VegaMapStorageInterfaceWrapper::deleteKeypoints - deleting 0929ac92-8a09-052c-4389-eb885639b17d
12-26 08:10:32.251   945  1423 I Tracking: MapDB: VegaMapStorageInterfaceWrapper::deleteKeypoints - deleting 605d0073-74c5-9206-11e7-5e7b7dc75230
12-26 08:10:32.251   945  1423 I Tracking: MapDB: VegaMapStorageInterfaceWrapper::deleteKeypoints - deleting d934f3f9-d314-f46f-1d2c-2c2d339e3d3e
12-26 08:10:32.251   945  1423 I Tracking: MapDB: VegaMapStorageInterfaceWrapper::deleteKeypoints - deleting 27c07939-607e-86bc-0131-2a63da668c48
12-26 08:10:32.251   945  1423 I Tracking: MapDB: VegaMapStorageInterfaceWrapper::deleteKeypoints - deleting bc154f6c-89c1-8e79-95a6-67aab0b32457
12-26 08:10:32.251   945  1423 I Tracking: MapDB: VegaMapStorageInterfaceWrapper::deleteKeypoints - deleting b20774f4-c6ff-bf94-c1ec-5832a37048b5
12-26 08:10:32.251   945  1423 I Tracking: MapDB: VegaMapStorageInterfaceWrapper::deleteKeypoints - deleting 3a4d3ebf-5dbe-1f4b-9242-c9428561251f
12-26 08:10:32.251   945  1423 I Tracking: MapDB: VegaMapStorageInterfaceWrapper::deleteKeypoints - deleting d30db234-5488-0d04-5070-1c6e0e4a6c36
12-26 08:10:32.251   945  1423 I Tracking: MapDB: VegaMapStorageInterfaceWrapper::deleteKeypoints - deleting 23de3f87-8cc9-2263-cba2-ec0c4cea0ca1
12-26 08:10:32.251   945  1423 I Tracking: MapDB: VegaMapStorageInterfaceWrapper::deleteKeypoints - deleting 53fdf59a-cb1a-900f-a90e-0e79bdf1fe63
12-26 08:10:32.251   945  1423 I Tracking: MapDB: VegaMapStorageInterfaceWrapper::deleteKeypoints - deleting bb71c1d8-0180-fbf9-d8f5-eab4079253a9
12-26 08:10:32.251   945  1423 I Tracking: MapDB: VegaMapStorageInterfaceWrapper::deleteKeypoints - deleting 27d9e40a-1041-b4ff-5b7f-ad3c10319025
12-26 08:10:32.251  3653 11395 V [SUI] RawSettingsItem: editableFetcher is empty for id: assistant_wakeword_enabled
12-26 08:10:32.252  2802  2802 D DeviceHelper: isScreenOn = true
12-26 08:10:32.252  2802  2802 D [OAO] ShellOverlayBroadcastReceiver: onReceive with ShellOverlayService native pointer 503834521152, action com.oculus.systemactivities.CAPTURE_STATE_UPDATE
12-26 08:10:32.252  3653 11395 V [SUI] RawSettingsItem: visibilityFetcher is empty for id: boundary_clear_history
12-26 08:10:32.252  3653 11395 V [SUI] RawSettingsItem: valueFetcher is empty for id: boundary_clear_history
12-26 08:10:32.252  3653 11395 V [SUI] RawSettingsItem: editableFetcher is empty for id: boundary_clear_history
12-26 08:10:32.252  3653 11395 V [SUI] RawSettingsItem: valueFetcher is empty for id: unlock_pattern
12-26 08:10:32.252  3653 11395 V [SUI] RawSettingsItem: editableFetcher is empty for id: unlock_pattern
12-26 08:10:32.252  3653 11395 V [SUI] RawSettingsItem: visibilityFetcher is empty for id: accessibility_mono_audio
12-26 08:10:32.252  3653 11395 V [SUI] RawSettingsItem: valueFetcher is empty for id: accessibility_mono_audio
12-26 08:10:32.252  3653 11395 V [SUI] RawSettingsItem: editableFetcher is empty for id: accessibility_mono_audio
12-26 08:10:32.252  3653 11395 V [SUI] RawSettingsItem: visibilityFetcher is empty for id: overlay_position
12-26 08:10:32.252  3653 11395 V [SUI] RawSettingsItem: valueFetcher is empty for id: overlay_position
12-26 08:10:32.252  3653 11395 V [SUI] RawSettingsItem: editableFetcher is empty for id: overlay_position
12-26 08:10:32.253  3653 11448 I CCodecBufferChannel: [c2.android.vorbis.decoder#94] Created output block pool with allocatorID 16 => poolID 199 - OK
12-26 08:10:32.254  3653 11448 D CCodecBufferChannel: [c2.android.vorbis.decoder#94] Configured output block pool ids 199 => OK
12-26 08:10:32.255   916 11450 D SimpleC2Component: Using output block pool with poolID 199 => got 199 - 0
12-26 08:10:32.255  3210 24585 E AnalyticsEvent: could not set key=selection_args value=null
12-26 08:10:32.257  3210 24585 D CapabilitiesProvider: Capabilities Content Provider called content://com.oculus.identitymanagement.capabilities.contentprovider/account/activeuser/capabilities/com.oculus.capability.social.all, selection= null, selectionArgs=null, sortOrder= null
12-26 08:10:32.259   945  1423 I Tracking: AnchorCache: Handled Root Node Deletion! Removed 1 l1s, added 0 anchorLocEdges.
12-26 08:10:32.259   945  1423 E Tracking: AnchorCacheHelpers: World Origin anchor 716ecd03-d778-053e-a2d6-3f31c2edd31e points to missing L1 node.
12-26 08:10:32.259   945  1423 I Tracking: VEGA_MAP_CULLING: processing L2 node 886e0612
12-26 08:10:32.259   945  1423 I Tracking: VEGA_MAP_CULLING: processing L1 node 07450ce7
12-26 08:10:32.259   945  1423 I Tracking: VEGA_MAP_CULLING: Delete anchor 716ecd03: registered Y, persistent N, worldOrigin Y, rebased N, source AnchorSource::ORIGINAL(1)
12-26 08:10:32.259   945  1423 I Tracking: VEGA_MAP_CULLING: Delete high level Nodes level 2 uid 886e0612 
12-26 08:10:32.262  3653 11395 I [SUI] ConsumerConfiguration: Setting SystemUX Configuration and Policy Settings.
12-26 08:10:32.262  3653 11395 D [SUI] SettingsSectionUtil: Should Show Voice Commands Section SystemUXConfig is Voice Command UI Enabled: false
12-26 08:10:32.262  3653 11395 V [SUI] RawSettingsItem: visibilityFetcher is empty for id: support
12-26 08:10:32.262  3653 11395 V [SUI] RawSettingsItem: valueFetcher is empty for id: support
12-26 08:10:32.262  3653 11395 V [SUI] RawSettingsItem: editableFetcher is empty for id: support
12-26 08:10:32.262  3653 11395 V [SUI] RawSettingsItem: valueFetcher is empty for id: screen_off_time
12-26 08:10:32.262  3653 11395 V [SUI] RawSettingsItem: editableFetcher is empty for id: screen_off_time
12-26 08:10:32.262  3653 11395 V [SUI] RawSettingsItem: visibilityFetcher is empty for id: boundary_simple_sensitivity
12-26 08:10:32.263  3653 11395 V [SUI] RawSettingsItem: valueFetcher is empty for id: boundary_simple_sensitivity
12-26 08:10:32.263  3653 11395 V [SUI] RawSettingsItem: editableFetcher is empty for id: boundary_simple_sensitivity
12-26 08:10:32.263  3653 11395 V [SUI] RawSettingsItem: visibilityFetcher is empty for id: new_notifications_sound
12-26 08:10:32.263  3653 11395 V [SUI] RawSettingsItem: editableFetcher is empty for id: new_notifications_sound
12-26 08:10:32.263  3653 11395 V [SUI] RawSettingsItem: visibilityFetcher is empty for id: system_backup_section
12-26 08:10:32.263  3653 11395 V [SUI] RawSettingsItem: valueFetcher is empty for id: system_backup_section
12-26 08:10:32.263  3653 11395 V [SUI] RawSettingsItem: editableFetcher is empty for id: system_backup_section
12-26 08:10:32.263  3653 11395 V [SUI] RawSettingsItem: valueFetcher is empty for id: wifi_rx_speed
12-26 08:10:32.263  3653 11395 V [SUI] RawSettingsItem: editableFetcher is empty for id: wifi_rx_speed
12-26 08:10:32.264  3653 11395 V [SUI] RawSettingsItem: valueFetcher is empty for id: keyboard_dictation_federated_learning_enabled_old
12-26 08:10:32.264  3653 11395 V [SUI] RawSettingsItem: editableFetcher is empty for id: keyboard_dictation_federated_learning_enabled_old
12-26 08:10:32.264  3653 11395 V [SUI] RawSettingsItem: valueFetcher is empty for id: controllers_key_remap
12-26 08:10:32.264  3653 11395 V [SUI] RawSettingsItem: editableFetcher is empty for id: controllers_key_remap
12-26 08:10:32.264  3653 11395 V [SUI] RawSettingsItem: visibilityFetcher is empty for id: move_notification
12-26 08:10:32.264  3653 11395 V [SUI] RawSettingsItem: valueFetcher is empty for id: move_notification
12-26 08:10:32.264  3653 11395 V [SUI] RawSettingsItem: editableFetcher is empty for id: move_notification
12-26 08:10:32.264   945  1423 I Tracking: VEGA_MAP_CULLING: deleteSubtree deletes 1 L1 nodes
12-26 08:10:32.264   945  1423 I Tracking: VEGA_MAPPER: == Initializing a new Map Context ==
12-26 08:10:32.264   945  1423 W Tracking: MAP_TELEMETRY: Map UUID mismatch. 00000000-0000-0000-0000-000000000000 stored in periodic, 886e0612-9427-9f60-5a8a-9a2a54c9e0e5 on context switch
12-26 08:10:32.264   945  1423 I Tracking: MAP_TELEMETRY: Flush map telemetry and reset!
12-26 08:10:32.265   945  1423 W Tracking: TrackerReceiverUtil: [Throttled count=1] Cannot find trackParent from VIO submaps: 0
12-26 08:10:32.265  3653 11395 V [SUI] RawSettingsItem: editableFetcher is empty for id: 24_hour_format
12-26 08:10:32.265   945  1423 W Tracking: TrackerReceiverUtil: Cannot find new parent from recentCreatedKrs. All recent created keyrigs and parent are invalid or non-primary, need reset!
12-26 08:10:32.265   945  1423 I Tracking: Vega:MapBuilderBase: Created keyRig with frameID 15 and uid 362f1658
12-26 08:10:32.265   945  1423 W Tracking: Vega:MapBuilderBase: Cannot run Cklam due to last KR invalid. This frameID 15
12-26 08:10:32.265  3362  3362 D BinderClient: Connected to vrfocus
12-26 08:10:32.266  3653 11395 V [SUI] RawSettingsItem: valueFetcher is empty for id: objects_furniture_manage_rooms
12-26 08:10:32.266  3653 11395 V [SUI] RawSettingsItem: editableFetcher is empty for id: objects_furniture_manage_rooms
12-26 08:10:32.266  3653 11395 V [SUI] RawSettingsItem: valueFetcher is empty for id: unlock_pin
12-26 08:10:32.266  3653 11395 V [SUI] RawSettingsItem: editableFetcher is empty for id: unlock_pin
12-26 08:10:32.267   945  1423 I Tracking: Perception:MapBuilderUtil: New keyRig created with new L1 of uid 39823cc8
12-26 08:10:32.267   945  1423 I Tracking: Vega:MapMetaDataUtils: Initialize metaTopNode to L2: e28aad7b
12-26 08:10:32.267 10986 11182 D UE      : LogInit: Object subsystem initialized
12-26 08:10:32.267  3653 11395 V [SUI] RawSettingsItem: valueFetcher is empty for id: wifi_security
12-26 08:10:32.267  3653 11395 V [SUI] RawSettingsItem: editableFetcher is empty for id: wifi_security
12-26 08:10:32.271   945  1423 I Tracking: LocalizationStateMachine: Not scheduling coarse localization since no reloc trials have been registered yet.
12-26 08:10:32.271   945  1423 I Tracking: LocalizationStateMachine: Submaps NOT stale, num failed trials is 0 which is lower than the threshlod 1
12-26 08:10:32.271   945  1423 I Tracking: LocalizationStateMachine: LocalizationStateMachine updated from NoAction to FineLocalizationOnly
12-26 08:10:32.271   945  1423 W Tracking: VEGA_MAPPER: [Throttled count=1] No submap for tracked pose, cannot add anchor data to AdditionalFramesetFeatureData
12-26 08:10:32.271   945  1423 W Tracking: DEVICE_TO_MAP_LANDMARKS_CALC: DeviceToMapLandmarksBuilder::withNearbyAnchors - can't determine rootNode because trackedPose_.parent isn't populated
12-26 08:10:32.271   945  1423 W Tracking: DEVICE_TO_MAP_LANDMARKS_CALC: DeviceToMapLandmarksBuilder::withKeyrigs - can't determine rootNode because trackedPose_.parent isn't populated
12-26 08:10:32.271   945  1423 W Tracking: KEYPOINT_CACHE: No newest() KC element. Size of buffer: 0.
12-26 08:10:32.271   945  1423 I Tracking: KEYPOINT_CACHE: New keyrig added has 105 corners and 218 tracks to immature points @ frameID=15, processingTs=20235.710246393 [sec]
12-26 08:10:32.271   945  1423 I Tracking: VEGA_MAPPER: Scheduling localization on root nodes 3c06380f-0958-3898-3af7-75699c3213b3.
12-26 08:10:32.272 10986 11182 D UE      : LogConfig: Set CVar [[con.DebugEarlyDefault:1]]
12-26 08:10:32.272 10986 11182 D UE      : LogConfig: CVar [[con.DebugLateDefault:1]] deferred - dummy variable created
12-26 08:10:32.272 10986 11182 D UE      : LogConfig: CVar [[con.DebugLateCheat:1]] deferred - dummy variable created
12-26 08:10:32.272 10986 11182 D UE      : LogConfig: CVar [[LogNamedEventFilters:Frame *]] deferred - dummy variable created
12-26 08:10:32.272  1152 15309 I WifiService: startScan uid=10087
