12-28 23:34:39.025  2784  3189 I ClientMgr: EnableRendering2: matched uid: 10025 and pid: 2728 
12-28 23:34:39.025  2784  3189 I ClientMgr: EnableRendering2: Calling SetFocusedClient: 3033801969
12-28 23:34:39.025  2784  3189 I ClientMgr: ClientMgr::SetFocusedClient: 2728:com.oculus.vrshell type 1
12-28 23:34:39.025  2784  3189 I ClientMgr: SetFocusedPackageName - packageName com.oculus.vrshell processName com.oculus.vrshell:Overlay clientId 3033801969 clientPid 2728
12-28 23:34:39.025  2784  3189 I ServiceInputManager: ServiceInputManager::SetFocusedPackageName 'com.oculus.vrshell'
12-28 23:34:39.025  2784  3189 I ClientMgr: ClientMgr::EnableRendering 2728:com.oculus.vrshell : type 1 comp-id 3: enable
12-28 23:34:39.025  2784  3189 I CompositorClientMgr: Enable client 3
12-28 23:34:39.025  2784  3189 I VrRuntimeServer: EnableCompositorClient client(3): layer placement(2147483775) flags(0) sm(0x6fa92b8010)
12-28 23:34:39.025  2784  3189 I CompositorVR: CheckDebuggerConnected: debugger 0
12-28 23:34:39.025  2784  3189 I VrRuntimeServer: SysProp debug mode is disabled on Server side
12-28 23:34:39.026  2784  3189 I UnifiedTelemetryWrapper: Started UT session render:com.oculus.vrshell:Overlay
12-28 23:34:39.026  2728  3090 I VrApi   : OVR::Stats thread started
12-28 23:34:39.026  2728  3090 I XrRuntimeUtils: XrRuntimeUtils::BeginSession
12-28 23:34:39.026  2728  3090 I XrRuntimeSystem_Client: BeginSession
12-28 23:34:39.026  2728  3090 I [CT]    : MIXEDREALITY: TREX: Resuming Insight MR session.
12-28 23:34:39.028  2728   987 I JniUtils: ovr_GetCurrentPackageSignature 
12-28 23:34:39.028  2784  3058 I VrRuntimeServer: UpdateCompositorClientApertureMask client(5)
12-28 23:34:39.028  2784  3058 I VrRuntimeServer: UpdateCompositorClientLayerPlacement client(5): layer placement(129)
12-28 23:34:39.028  2784  3058 I VrRuntimeServer: UpdateCompositorClientApertureMask client(4)
12-28 23:34:39.028  2784  3058 I VrRuntimeServer: UpdateCompositorClientLayerPlacement client(4): layer placement(4294967293)
12-28 23:34:39.028  2784  3058 I VrRuntimeServer: UpdateCompositorClientApertureMask client(3)
12-28 23:34:39.028  2784  3058 I VrRuntimeServer: UpdateCompositorClientLayerPlacement client(3): layer placement(2147483775)
12-28 23:34:39.028  2728  3090 I OpenXR  : usesManifestForCpuBoost:0
12-28 23:34:39.028  2728  3090 I OpenXR  : ------------ xrBeginSession [end] -----------
12-28 23:34:39.028  2728  3090 I OpenXR_Passthrough: ------------ xrPassthroughStartFB -----------
12-28 23:34:39.028  2078  3141 I OVRMediaService: Received OVERLAY_INPUT_FOCUS_CHANGE. is focused: true
12-28 23:34:39.030  3282  3484 I MRSVC   : MIXEDREALITY: MrFeatureStatus: Passthrough: Client 3033801969 status changed from Paused to Started.
12-28 23:34:39.030  3282  3484 I MRSVC   : MIXEDREALITY: MrFeatureStatus: Passthrough: Target status Started, CurrentStatus: Paused
12-28 23:34:39.030  3282  3484 I MRSVC   : MIXEDREALITY: MrFeatureStatus: Operation chain: Start
12-28 23:34:39.030  3282  3484 I MRSVC   : MIXEDREALITY: MrFeatureStatus: Passthrough: Global status changed from Paused to Started.
12-28 23:34:39.031  3282  3484 I MRSVC   : MIXEDREALITY: MrServiceController: Queuing command linked to operation Start for feature 0, client 3033801969
12-28 23:34:39.031  2728  3090 I [OAO] ShellTransitionState: Logging ShellTransitionState to dumpsys: {"state":"Foregrounding","timeMillis":"33353585"}
12-28 23:34:39.031  2728  3090 I [OAO] VrPlatformOpenXr: VrPlatformOpenXr::SetPropInhibitHandleHomeKey inhibit:1
12-28 23:34:39.031  2728  3090 I OpenXR_DeviceSettings: ------------ xrSetDeviceSettingBooleanFB -----------
12-28 23:34:39.031  2728  3090 I ClientInputSettings: SetInhibitHandleHomeKey = true for com.oculus.vrshell
12-28 23:34:39.031  2728  3090 I ClientInputInterface: SetInhibitHandleHomeKey 1 for process com.oculus.vrshell 2728
12-28 23:34:39.031  2728  3090 I [OAO] VrPlatformOpenXr: VrPlatformOpenXr::SetPropInhibitHandleHomeKey result = 0
12-28 23:34:39.031  2728  3090 I [OAO] Compositor: EnterVrMode with eye buffer: 1024x1024 : 2
12-28 23:34:39.031  2728  3090 I [OAO] AudioMixer: Enabling AudioPlayer.
12-28 23:34:39.031  2728  3090 I [OAO] AudioEngine: virtual void AudioLibrary::AudioEngine::EnablePlayer()
12-28 23:34:39.031 24279   859 V UE      : [NetworkChangedManager] Connectivity hasn't changed. Current state: CONNECTION_AVAILABLE
12-28 23:34:39.031  2728  3090 I [OAO] LocalSpace: EnterVrMode: Setting local pose state.
12-28 23:34:39.031  2728  3090 I [OAO] ShellTransitionState: Logging ShellTransitionState to dumpsys: {"state":"Resuming frame loop","timeMillis":"33353585"}
12-28 23:34:39.031  2728  3090 I [OAO] ShellAppBase: ProcessForegroundBlockingState Requesting blocking foreground app
12-28 23:34:39.031  2728  3090 D [OAO] ShellApplication: setRequestForegroundAppPaused: 'true
12-28 23:34:39.031  2728   987 I Metrics : device name = Oculus Quest 2
12-28 23:34:39.031 24279   859 V UE      : [NetworkChangedManager] Full network check complete. State: CONNECTION_AVAILABLE
12-28 23:34:39.033  3245  5111 D MetaCam (MediaCapabilityChecker): checkMediaHasRecordingCapabilities packageName: com.oculus.vrshell
12-28 23:34:39.034  1155  4213 I ActivityTaskManager: START u0 {act=android.intent.action.MAIN cmp=com.oculus.os.clearactivity/.ClearActivity (has extras)} from uid 10025
12-28 23:34:39.033 24250   861 V UE      : [NetworkChangedManager] Connectivity hasn't changed. Current state: CONNECTION_AVAILABLE
12-28 23:34:39.034 24250   861 V UE      : [NetworkChangedManager] Full network check complete. State: CONNECTION_AVAILABLE
12-28 23:34:39.035  1155  4213 W ActivityTaskManager: startActivity called from non-Activity context; forcing Intent.FLAG_ACTIVITY_NEW_TASK for: Intent { act=android.intent.action.MAIN flg=0x800000 cmp=com.oculus.os.clearactivity/.ClearActivity (has extras) }
12-28 23:34:39.036  1155  4213 W ActivityTaskManager: Can't find TaskDisplayArea to determine support for multi window. Task id=2583 attached=false
12-28 23:34:39.036 24368   858 V UE      : [NetworkChangedManager] Connectivity hasn't changed. Current state: CONNECTION_AVAILABLE
12-28 23:34:39.036 24368   858 V UE      : [NetworkChangedManager] Full network check complete. State: CONNECTION_AVAILABLE
12-28 23:34:39.041  2784  3058 I SystemButtonHandler: InhibitHandleHomeKey has changed on the service. New value: 1
12-28 23:34:39.042  3282  3407 W PhaseSync: [PS_Ver_1_0] DiscardFrame is triggered, frame->Stage 2 FrameBeginIndex 303254 
12-28 23:34:39.042  3282  3407 I MRSVC   : MIXEDREALITY: OpenXrSupport: OpenXR qualified success: xrBeginFrame(clientState_.session, &beginFrameDesc): XR_FRAME_DISCARDED
12-28 23:34:39.044 24328   860 V UE      : [NetworkChangedManager] Connectivity hasn't changed. Current state: CONNECTION_AVAILABLE
12-28 23:34:39.044 24328   860 V UE      : [NetworkChangedManager] Full network check complete. State: CONNECTION_AVAILABLE
12-28 23:34:39.050  3282  3407 I MRSVC   : MIXEDREALITY: MrServiceView: renderIteration: Hibernating the rendering thread since ID is off and no active PT layers.
12-28 23:34:39.050  3282  3407 I MRSVC   : MIXEDREALITY: MrServiceController: Executing passthroughStart on model for client 3033801969
12-28 23:34:39.050  3282  3407 I MRSVC   : MIXEDREALITY: MrServiceModel: passthroughStart()
12-28 23:34:39.050  3282  3407 I MRSVC   : MIXEDREALITY: MrServiceModel: passthroughStart: Started Passthrough
12-28 23:34:39.051  1691  1691 D OculusNotificationListenerService: Notification posted: 0|android|0|com.android.server.wm.AlertWindowNotification - com.oculus.vrshell|1000
12-28 23:34:39.053 32514 32514 D UE      : [GameActivity] onPause: stop memory reporter runnable
12-28 23:34:39.053 32514 32514 D UE      : [GameActivity] Unregistering sensor listeners
12-28 23:34:39.053 32514 32514 I OpenXR  : nativeOnActivityPaused
12-28 23:34:39.053 32514 32666 D UE      : Case APP_CMD_PAUSE
12-28 23:34:39.053 32514 32666 D UE      : [2023.12.28-18.34.39:053][  0]LogAndroid: Case APP_CMD_PAUSE
12-28 23:34:39.053 32514 32514 D UE      : [GameActivity] ==============> GameActive.onPause complete!
12-28 23:34:39.054 32514 32666 D UE      : LogAndroidEvents::EnqueueAppEvent : 10, [width=-1, height=-1], tid = 32666, APP_EVENT_STATE_WINDOW_LOST_FOCUS
12-28 23:34:39.054 32514 32666 D UE      : LogAndroidEvents::EnqueueAppEvent : 6, [width=-1, height=-1], tid = 32666, APP_EVENT_STATE_ON_PAUSE
12-28 23:34:39.054 32514 32666 D UE      : [2023.12.28-18.34.39:054][  0]LogAndroid: event thread, suspending app, acquiring HW window lock.
12-28 23:34:39.054 32514 32666 D UE      : LogAndroidEvents::EnqueueAppEvent : 15, [width=-1, height=-1], tid = 32666, APP_EVENT_RUN_CALLBACK
12-28 23:34:39.054 32514 32666 D UE      : [2023.12.28-18.34.39:054][  0]LogAndroid: AndroidEGL::  SuspendApp_EventThread, waiting for event manager to process. tid: 32666
12-28 23:34:39.054  1155  4213 W ActivityTaskManager: Tried to set launchTime (0) < mLastActivityLaunchTime (33193593)
12-28 23:34:39.057  2728  3090 I [OAO] DisplayStatePreservationController: Applied preserved state by adapter: taskBarPositionAdapter
12-28 23:34:39.058  2728  3090 I [OAO] InputManager: Adding controller deviceId = 2
12-28 23:34:39.058  2728  3090 I [OAO] InputManager: Adding controller deviceId = 1
12-28 23:34:39.058  2728  3090 I [OAO] ModelCache: Load controller model
12-28 23:34:39.058  2728  3090 I [OAO] ModelCache: Load controller model
12-28 23:34:39.059  2728  3090 I ClientInputTrackedKeyboardManager: TRACKEDKEYBOARD created PTKServiceClient
12-28 23:34:39.059  2728  3090 I PTKService: PTKServiceClient Init
12-28 23:34:39.062  1155  1176 D ActivityManager: Is background playback GK enabled: false Is background playback enabled for all apps: false
12-28 23:34:39.062  3629  3629 D [SUI] ActivityManagerUtilsHelper: onForegroundActivitiesChanged: Instance: com.oculus.common.activitymanager.ActivityManagerUtilsHelper@aea0be4, Pid: 27471, Tid: 10020, foregroundActivities: true, foreground app: com.oculus.os.clearactivity, previous app: com.epicgames.AtomVR
12-28 23:34:39.062  3629  3629 D [SUI] AnytimeUIPanelApp: Received ActivityStateChanges - com.oculus.os.clearactivity
12-28 23:34:39.062  3629  3629 D [SUI] RunningAppManager: Updated current destination - com.oculus.os.clearactivity
12-28 23:34:39.062  3629  3629 D [SUI] AppStateUtil: com.oculus.os.clearactivity is running= true
12-28 23:34:39.062  3629  3629 D [SUI] AppStateUtil: com.epicgames.AtomVR is running= false
12-28 23:34:39.064  3629  3629 D [SUI] ActivityManagerUtilsHelper: onForegroundActivitiesChanged: Instance: com.oculus.common.activitymanager.ActivityManagerUtilsHelper@330f6b8, Pid: 27471, Tid: 10020, foregroundActivities: true, foreground app: com.oculus.os.clearactivity, previous app: com.epicgames.AtomVR
12-28 23:34:39.069  1155  1409 I RuntimeIpcHelperService: Going to start ComponentInfo{com.oculus.vrshell/com.oculus.vrshell.ShellOverlayService} as background
12-28 23:34:39.072   811  7973 D AF::TrackHandle: OpPlayAudio: track:329 uid:10044 pkg:com.oculus.xrstreamingclient usage:1 muted
12-28 23:34:39.072  2728  2728 I [OAO] ShellOverlayService: onStartCommand(): Intent { cmp=com.oculus.vrshell/.ShellOverlayService }
12-28 23:34:39.072   811  7015 D AF::TrackHandle: OpPlayAudio: track:216 uid:1000 pkg:android usage:13 not muted
12-28 23:34:39.075  2728  3090 I RuntimeIPCClient [RUNTIMEIPC]: ConnectToServer: SUCCESS: Client: com.oculus.vrshell:com.oculus.vrshell:Overlay:2728, Server: com.oculus.vrshell:com.oculus.vrshell:Overlay (ptkserviceserver)
12-28 23:34:39.076  2728  3090 I [OAO] InputManager: Switching primary device (id -1 to 2).
12-28 23:34:39.076  2728  3090 I [OAO] InputManager: Switching secondary device (id to 1).
12-28 23:34:39.077  2728  3090 I [OAO] PanelAppAnalytics: First frame latency: 86.619 for id 129 com.oculus.systemux/com.oculus.panelapp.anytimeui.AnytimeUIPanelService
12-28 23:34:39.078  1155  3669 W WindowManager: Failed looking up window session=Session{f367e18 27471:u0a10020} callers=com.android.server.wm.WindowManagerService.windowForClientLocked:5848 com.android.server.wm.Session.updateRequestedVisibilities:640 android.view.IWindowSession$Stub.onTransact:1175 
12-28 23:34:39.078  2728  3090 I VrRuntimeClient: UpdateEvents: HMT was mounted
12-28 23:34:39.079  2728  1006 I FenceChecker: FenceChecker::MainLoop - started
12-28 23:34:39.079  3080  3568 I GuardianFocusListener: [GuardianFocusListener::onTopActivityChanged] updated TopActivityChangeEvent - topActivityName: com.oculus.os.clearactivity, immersiveAppPackageName: nullopt, isImmersiveAppTopActivity: false
12-28 23:34:39.079   811  7707 D AF::TrackHandle: OpPlayAudio: track:216 uid:1000 pkg:android usage:13 not muted
12-28 23:34:39.081  2728  3090 I [OAO] FlowController: Reset resetReason : LaunchVoidActivity
12-28 23:34:39.081  2728  3090 I [OAO] FlowController: Reset resetting current flow : GuardianSetupFlow
12-28 23:34:39.081  2728  3090 I [OAO] GuardianSetupFlow: GuardianSetupFlow Deactivated
12-28 23:34:39.081  2728  3090 I [OAO] GuardianSetupFlow: GuardianSetupFlow::ParseShellUri shellGuardianState = 2
12-28 23:34:39.081  2728  3090 I [OAO] GuardianController: SETUP STATE1 ACTIVE: GUARDIAN_SYSTEM_TRACKING_LOST
12-28 23:34:39.081  2728  3090 I [OAO] GuardianController: SETUP STATE1 ACTIVE: GUARDIAN_SYSTEM_GUARDIAN_VALID
12-28 23:34:39.081  2728  3090 I [OAO] GuardianController: SETUP STATE1 ACTIVE: GUARDIAN_SYSTEM_PLAYSPACE_SCAN_WARNING
12-28 23:34:39.081  2728  3090 I [OAO] GuardianController: SETUP STATE2 ACTIVE: GUARDIAN_SYSTEM_2_DIRECTIONAL_PASSTHROUGH_ENABLED
12-28 23:34:39.081  2728  3090 I [OAO] GuardianController: SETUP STATE2 ACTIVE: GUARDIAN_SYSTEM_2_SHOULD_PUSH_BLACK
12-28 23:34:39.081  2728  3090 I [OAO] DialogController: Reset resetReason:8
12-28 23:34:39.081  2728  3090 I [OAO] OverlayKeyboardFlow: Deactivated
12-28 23:34:39.082  2728  3090 I [OAO] FlowController: UpdateActiveFlow from (none) to GuardianSetupFlow
12-28 23:34:39.082  2728  3090 I [OAO] GuardianSetupFlow: GuardianSetupFlow Activated
12-28 23:34:39.082  2728  3090 I [OAO] GuardianSetupFlow: GuardianSetupFlow::ParseShellUri shellGuardianState = 2
12-28 23:34:39.082  2728  3090 I [OAO] GuardianController: SETUP STATE1 ACTIVE: GUARDIAN_SYSTEM_TRACKING_LOST
12-28 23:34:39.082  2728  3090 I [OAO] GuardianController: SETUP STATE1 ACTIVE: GUARDIAN_SYSTEM_GUARDIAN_VALID
12-28 23:34:39.082  2728  3090 I [OAO] GuardianController: SETUP STATE1 ACTIVE: GUARDIAN_SYSTEM_PLAYSPACE_SCAN_WARNING
12-28 23:34:39.082  2728  3090 I [OAO] GuardianController: SETUP STATE2 ACTIVE: GUARDIAN_SYSTEM_2_DIRECTIONAL_PASSTHROUGH_ENABLED
12-28 23:34:39.082  2728  3090 I [OAO] GuardianController: SETUP STATE2 ACTIVE: GUARDIAN_SYSTEM_2_SHOULD_PUSH_BLACK
12-28 23:34:39.082  2728  3090 I [OAO] DialogController: Reset resetReason:2
12-28 23:34:39.082  2728  3090 I Deque   : AddEventToQueue called. eventInfo.type: 1000075000, eventInfo.next: 1
12-28 23:34:39.082  2728  3090 I OpenXR  : PostSessionStateChange: XR_SESSION_STATE_READY -> XR_SESSION_STATE_SYNCHRONIZED
12-28 23:34:39.082  2728  3090 I Deque   : AddEventToQueue called. eventInfo.type: 18, eventInfo.next: 1
12-28 23:34:39.082  2728  3090 I [OAO] VrPlatformOpenXr: xrPollEvent: received XR_TYPE_EVENT_DATA_MOUNT_STATE_CHANGED_FB event: isMounted 1
12-28 23:34:39.082  2728  3090 I OpenXR  : PostSessionStateChange: XR_SESSION_STATE_SYNCHRONIZED -> XR_SESSION_STATE_VISIBLE
12-28 23:34:39.082  2728  3090 I Deque   : AddEventToQueue called. eventInfo.type: 18, eventInfo.next: 1
12-28 23:34:39.082  2728  3090 I OpenXR  : PostSessionStateChange: XR_SESSION_STATE_VISIBLE -> XR_SESSION_STATE_FOCUSED
12-28 23:34:39.082  2728  3090 I Deque   : AddEventToQueue called. eventInfo.type: 18, eventInfo.next: 1
12-28 23:34:39.082  2728  3090 I [OAO] VrPlatformOpenXr: xrPollEvent: received XR_TYPE_EVENT_DATA_SESSION_STATE_CHANGED: 3 for session 0x200000000000002 at time 33353.636871
12-28 23:34:39.082  2728  3090 I [OAO] VrPlatformOpenXr: Session state changed XR_SESSION_STATE_SYNCHRONIZED
12-28 23:34:39.082  2728  3090 I [OAO] VrPlatformOpenXr: xrPollEvent: received XR_TYPE_EVENT_DATA_SESSION_STATE_CHANGED: 4 for session 0x200000000000002 at time 33353.636911
12-28 23:34:39.082  2728  3090 I [OAO] VrPlatformOpenXr: Session state changed XR_SESSION_STATE_VISIBLE
12-28 23:34:39.082  2728  3090 I [OAO] VrPlatformOpenXr: xrPollEvent: received XR_TYPE_EVENT_DATA_SESSION_STATE_CHANGED: 5 for session 0x200000000000002 at time 33353.636927
12-28 23:34:39.082  2728  3090 I [OAO] VrPlatformOpenXr: Session state changed XR_SESSION_STATE_FOCUSED
12-28 23:34:39.085  2784   738 I CompositorProgs: Using GLES Version 310
12-28 23:34:39.086   933  1362 I Tracking: VEGA_MAPPER: == Initializing a new Map Context ==
12-28 23:34:39.086   933  1362 W Tracking: MAP_TELEMETRY: Map UUID mismatch. 00000000-0000-0000-0000-000000000000 stored in periodic, 302f39ac-b7ee-5d7d-cf57-770d82332aa0 on context switch
12-28 23:34:39.086  3080  3448 I VrGuardianService: GuardianSDKServer::ClearPassthroughFlag 8
12-28 23:34:39.086   933  1362 I Tracking: MAP_TELEMETRY: Flush map telemetry and reset!
12-28 23:34:39.086  2784   738 I CompositorProgs: loaded binary layerProgram :0x200000000040083:0x in 1.4 ms
12-28 23:34:39.086   933  1362 W Tracking: TrackerReceiverUtil: [Throttled count=2] Cannot find trackParent from VIO submaps: 0
12-28 23:34:39.086   933  1362 W Tracking: TrackerReceiverUtil: Cannot find new parent from recentCreatedKrs. All recent created keyrigs and parent are invalid or non-primary, need reset!
12-28 23:34:39.086   933  1362 I Tracking: Vega:MapBuilderBase: Created keyRig with frameID 3780 and uid b46c940a
12-28 23:34:39.086   933  1362 W Tracking: Vega:MapBuilderBase: Cannot run Cklam due to last KR invalid. This frameID 3780
12-28 23:34:39.094   933  1362 I Tracking: Perception:MapBuilderUtil: New keyRig created with new L1 of uid fe09846b
12-28 23:34:39.094   933  1362 I Tracking: Vega:MapMetaDataUtils: Initialize metaTopNode to L2: 2121d87f
12-28 23:34:39.096  2728  3090 I [OAO] DisplayStatePreservationController: Applied preserved state by adapter: taskBarPositionAdapter
12-28 23:34:39.096  2728  3090 I [OAO] PanelAppHost: Setting panel layer visibility of layer "#main" to visible, panel 129 (com.oculus.systemux/com.oculus.panelapp.anytimeui.AnytimeUIPanelService)
12-28 23:34:39.096  2728  3090 I [OAO] InputManager: Adding hand deviceId = 4
12-28 23:34:39.096  2728  3090 I [OAO] InputManager: Adding hand deviceId = 3
12-28 23:34:39.096   811  7973 D AF::TrackHandle: OpPlayAudio: track:329 uid:10044 pkg:com.oculus.xrstreamingclient usage:1 muted
12-28 23:34:39.098  2728  3090 I [OAO] PanelAppAnalytics: Panel render last: 19ms avg: 1ms for com.oculus.systemux/com.oculus.panelapp.anytimeui.AnytimeUIPanelService
12-28 23:34:39.103   933  1362 I Tracking: LocalizationStateMachine: Not scheduling coarse localization since no reloc trials have been registered yet.
12-28 23:34:39.103   933  1362 I Tracking: LocalizationStateMachine: Submaps NOT stale, num failed trials is 0 which is lower than the threshlod 1
12-28 23:34:39.103   933  1362 I Tracking: LocalizationStateMachine: LocalizationStateMachine updated from NoAction to FineLocalizationOnly
12-28 23:34:39.103   933  1362 W Tracking: VEGA_MAPPER: [Throttled count=2] No submap for tracked pose, cannot add anchor data to AdditionalFramesetFeatureData
12-28 23:34:39.103   933  1362 W Tracking: DEVICE_TO_MAP_LANDMARKS_CALC: DeviceToMapLandmarksBuilder::withNearbyAnchors - can't determine rootNode because trackedPose_.parent isn't populated
12-28 23:34:39.103   933  1362 W Tracking: DEVICE_TO_MAP_LANDMARKS_CALC: DeviceToMapLandmarksBuilder::withKeyrigs - can't determine rootNode because trackedPose_.parent isn't populated
12-28 23:34:39.103  1155  1173 I ActivityTaskManager: Displayed com.oculus.os.clearactivity/.ClearActivity: +64ms
12-28 23:34:39.103   933  1362 I Tracking: KEYPOINT_CACHE: New keyrig added has 164 corners and 179 tracks to immature points @ frameID=3780, processingTs=33353.640233005 [sec]
12-28 23:34:39.103   933  1362 I Tracking: VEGA_MAPPER: Scheduling localization on root nodes 302f39ac-b7ee-5d7d-cf57-770d82332aa0.
12-28 23:34:39.105   933  1362 I Tracking: VEGA_MAPPER: ts = 4470.939532. clear AnchorManager internal states due to mismatching or invalid frontend session uuid
12-28 23:34:39.105   933  1362 I Tracking: ANCHOR_MANAGER: Clearing state of vega anchor manager.
12-28 23:34:39.105   933  1362 E Tracking: AnchorCacheHelpers: Nearby anchor does not exist in shared memory!
12-28 23:34:39.105   933  1362 I Tracking: VEGA_MAPPER: Reset Foreground reloc timer for new frontend session and start relocalizing.
12-28 23:34:39.105   933  1362 I Tracking: AnchorCache: inserted L1 fe09846b-7b7e-62e6-13c8-d7027f4d4bd1
12-28 23:34:39.105   933  1362 W Tracking: Vega:SubmapPublisher: Tracked frame no parent + No reloc -> Do not publish
12-28 23:34:39.105   933  1362 W Tracking: Vega:SubmapPublisher: Zero candidates meets requirement, does not send new neighboring submaps
12-28 23:34:39.112   933  1364 I Tracking: VIPER:DEEP_DESCRIPTOR: Computing Deep Descriptors using gravity orientation.
12-28 23:34:39.120  3282  3296 I MRSVC   : MIXEDREALITY: MrServiceController: VrFocusManager::Top Activity Changed, topActivity now is: 'com.oculus.os.clearactivity', immersiveApp now is: ''.
12-28 23:34:39.120   933  1362 I Tracking: VegaBAOptimize: Num points adjusted: 76 fixed: 0 Num residuals in-in: 164 in-out: 0 out-in: 0 fixed (out-out): 0 outside ROI: 0 total: 164
12-28 23:34:39.120   933  1362 I Tracking: VegaBAOptimize: Total: neighbor 1 L1s, adjust 1 L1s. KRs 1, Points 76, Cameras 4, FixedKr (small bubble) 1 (0), AdjustKR 0, Imus 0
12-28 23:34:39.121  1155  1409 I WifiService: startScan uid=10087
12-28 23:34:39.128  3282  3407 W PhaseSync: [PS_Ver_1_0] DiscardFrame is triggered, frame->Stage 2 FrameBeginIndex 303255 
12-28 23:34:39.128  3282  3407 I MRSVC   : MIXEDREALITY: OpenXrSupport: OpenXR qualified success: xrBeginFrame(clientState_.session, &beginFrameDesc): XR_FRAME_DISCARDED
12-28 23:34:39.128  3282  3407 I MRSVC   : MIXEDREALITY: MrServiceView: renderIteration: Hibernating the rendering thread since ID is off and no active PT layers.
12-28 23:34:39.128  3282  3407 I MRSVC   : MIXEDREALITY: MrServiceModelBase: Hibernating caller (most likely rendering thread) due to commandQueue being empty.
12-28 23:34:39.131   933  1362 I Tracking: VegaBAOptimize: resRemoved = 20, pntRemoved = 8
12-28 23:34:39.137   811 15861 D AF::TrackHandle: OpPlayAudio: track:57 uid:10016 pkg:com.oculus.shellenv usage:1 muted
12-28 23:34:39.139   811 15861 D AF::TrackHandle: OpPlayAudio: track:57 uid:10016 pkg:com.oculus.shellenv usage:1 muted
12-28 23:34:39.150  3629   981 W OVRLibrary: null cursor received for query content://com.oculus.ocms.library/apps/com.oculus.os.clearactivity
12-28 23:34:39.156  3629 32322 D NotificationsBadgeLiveData: MessageBadgeData, pullAndCheckNotifs, old data source notif count: 3, messaging count: 0
12-28 23:34:39.156  3629  3629 V [SUI] BarView: Notifs badge count: 3, Messenger badge count 0
12-28 23:34:39.156  3629  3629 V [SUI] BarView: Notifs badge count: 3, Messenger badge count 0
12-28 23:34:39.164  3629   972 W OVRLibrary: null cursor received for query content://com.oculus.ocms.library/apps/com.epicgames.ShooterstareUE4
12-28 23:34:39.170  3629 31286 W OVRLibrary: null cursor received for query content://com.oculus.ocms.library/apps/com.oculus.os.clearactivity
12-28 23:34:39.174   933  1363 I Tracking: VegaMapIO: VegaMapIO::saveKeypoints called for keyrigUid = b46c940a-1986-8729-aa8f-afaf2cde4ab1
12-28 23:34:39.174  3629 32326 W OVRLibrary: null cursor received for query content://com.oculus.ocms.library/apps/com.epicgames.AtomVR
12-28 23:34:39.177  3629   968 W OVRLibrary: null cursor received for query content://com.oculus.ocms.library/apps/com.epicgames.WarStation
12-28 23:34:39.187  3185 12555 E AnalyticsEvent: could not set key=selection_args value=null
12-28 23:34:39.187  3185 12555 D CapabilitiesProvider: Capabilities Content Provider called content://com.oculus.identitymanagement.capabilities.contentprovider/account/activeuser/capabilities/com.oculus.capability.social.all, selection= null, selectionArgs=null, sortOrder= null
12-28 23:34:39.189  3629  3629 D [SUI] SystemUXFunnelLogServerLogger: VPV Event: oculus_impressions_tile_vpved PersistableBundle[{duration=250, surface=AUI, rawclienttime=1703788479186, utl_uptime_ms=33353740, aui_section=pinned, aui_position_in_section=0, content_id=2646830762095036, aui_immersive_content_id=com.oculus.os.clearactivity, position=0, content_type=APP, utl_realtime_ms=58257672, aui_in_app=true, position_x=0, position_y=0}]
12-28 23:34:39.190  2510  2533 I com.oculus.ocm: Background young concurrent copying GC freed 4940(648KB) AllocSpace objects, 14(268KB) LOS objects, 37% free, 3613KB/5800KB, paused 180us,66us total 115.993ms
12-28 23:34:39.190  3185 12555 E AnalyticsEvent: could not set key=selection_args value=null
12-28 23:34:39.190  3185 12555 D CapabilitiesProvider: Capabilities Content Provider called content://com.oculus.identitymanagement.capabilities.contentprovider/account/activeuser/capabilities/com.oculus.capability.social.all, selection= null, selectionArgs=null, sortOrder= null
12-28 23:34:39.192  3629  3629 D [SUI] SystemUXFunnelLogServerLogger: VPV Event: oculus_impressions_tile_vpved PersistableBundle[{duration=250, surface=AUI, rawclienttime=1703788479186, utl_uptime_ms=33353743, aui_section=pinned, aui_position_in_section=1, content_id=3209391179128490, aui_immersive_content_id=com.oculus.os.clearactivity, position=1, content_type=APP, utl_realtime_ms=58257676, aui_in_app=true, position_x=1, position_y=0}]
12-28 23:34:39.193   933  1364 I Tracking: VEGA_LOCALIZER: Computed 1101 orb descriptors that will be used for PBR or Orphans descriptor
12-28 23:34:39.193   933  1364 I Tracking: VEGA_LOCALIZER: Computed 1157 udeep descriptors that will be used for PBR or Orphans descriptor
12-28 23:34:39.195   933  1362 I Tracking: VEGA_LOCALIZER: Fallback descriptor ratio in index 0.5067265033721924 is lower than threshold 0.7, skipping fallback matching
12-28 23:34:39.194  3185 12555 E AnalyticsEvent: could not set key=selection_args value=null
12-28 23:34:39.198  3185 12555 D CapabilitiesProvider: Capabilities Content Provider called content://com.oculus.identitymanagement.capabilities.contentprovider/account/activeuser/capabilities/com.oculus.capability.social.all, selection= null, selectionArgs=null, sortOrder= null
12-28 23:34:39.196 30432 30560 E OsSdk   : error getting shared memory region, memory type: AnchorTracker, failed with Status(-1, EX_SECURITY): 'request throttled'
12-28 23:34:39.200  3629  3629 D [SUI] SystemUXFunnelLogServerLogger: VPV Event: oculus_impressions_tile_vpved PersistableBundle[{duration=250, surface=AUI, rawclienttime=1703788479186, utl_uptime_ms=33353747, aui_section=pinned, aui_position_in_section=2, content_id=messenger_system_app, aui_immersive_content_id=com.oculus.os.clearactivity, position=2, content_type=APP, utl_realtime_ms=58257679, aui_in_app=true, position_x=2, position_y=0}]
12-28 23:34:39.200  3629  3629 D [SUI] SystemUXFunnelLogServerLogger: VPV Event: oculus_impressions_tile_vpved PersistableBundle[{duration=250, surface=AUI, rawclienttime=1703788479186, utl_uptime_ms=33353755, aui_section=pinned, aui_position_in_section=3, content_id=share_system_app, aui_immersive_content_id=com.oculus.os.clearactivity, position=3, content_type=APP, utl_realtime_ms=58257687, aui_in_app=true, position_x=3, position_y=0}]
12-28 23:34:39.200  3629  3629 D [SUI] SystemUXFunnelLogServerLogger: VPV Event: oculus_impressions_tile_vpved PersistableBundle[{duration=250, surface=AUI, rawclienttime=1703788479186, utl_uptime_ms=33353755, aui_section=recent, aui_position_in_section=0, content_id=com.epicgames.AtomVR, aui_immersive_content_id=com.oculus.os.clearactivity, position=5, content_type=APP, utl_realtime_ms=58257687, aui_in_app=true, position_x=5, position_y=0}]
12-28 23:34:39.200  3629  3629 D [SUI] SystemUXFunnelLogServerLogger: VPV Event: oculus_impressions_tile_vpved PersistableBundle[{duration=250, surface=AUI, rawclienttime=1703788479186, utl_uptime_ms=33353755, aui_section=recent, aui_position_in_section=1, content_id=com.epicgames.WarStation, aui_immersive_content_id=com.oculus.os.clearactivity, position=6, content_type=APP, utl_realtime_ms=58257687, aui_in_app=true, position_x=6, position_y=0}]
12-28 23:34:39.200  3629  3629 D [SUI] SystemUXFunnelLogServerLogger: VPV Event: oculus_impressions_tile_vpved PersistableBundle[{duration=250, surface=AUI, rawclienttime=1703788479186, utl_uptime_ms=33353755, aui_section=recent, aui_position_in_section=2, content_id=com.epicgames.ShooterstareUE4, aui_immersive_content_id=com.oculus.os.clearactivity, position=7, content_type=APP, utl_realtime_ms=58257687, aui_in_app=true, position_x=7, position_y=0}]
12-28 23:34:39.224  3282  3407 W PhaseSync: [PS_Ver_1_0] DiscardFrame is triggered, frame->Stage 2 FrameBeginIndex 303256 
12-28 23:34:39.224  3282  3407 I MRSVC   : MIXEDREALITY: OpenXrSupport: OpenXR qualified success: xrBeginFrame(clientState_.session, &beginFrameDesc): XR_FRAME_DISCARDED
12-28 23:34:39.224  3282  3407 I MRSVC   : MIXEDREALITY: MrServiceView: renderIteration: Hibernating the rendering thread since ID is off and no active PT layers.
12-28 23:34:39.224  3282  3407 I MRSVC   : MIXEDREALITY: MrServiceModelBase: Hibernating caller (most likely rendering thread) due to commandQueue being empty.
12-28 23:34:39.263   933 30089 W Tracking: CONSTELLATION: left: Lost position tracking, waiting for 6DoF reset: [#VisionUp=6, #RelUp=0, VelNorm=0.314, CurTimeDur=0.50s, DurThresh=0.50s]
12-28 23:34:39.263   933 30089 W Tracking: CONSTELLATION: left: Lost velocity tracking, waiting for 6DoF reset. [#VisionUp=6, #RelUp=0, VelNorm=0.314, CurTimeDur=0.50s, DurThresh=0.50s]
12-28 23:34:39.357  3080  3128 I StateMachine: StateMachine::HandleEvent TrackingLost: lost -> Lost
12-28 23:34:39.361  2510  3006 I PublicLibraryProvider: Using legacy entitlement framework to get App data
12-28 23:34:39.364  2510  3006 W PublicLibraryProvider: Cannot find entitlement for com.epicgames.AtomVR
12-28 23:34:39.364  3080  3128 I GuardianTelemetry: [ovrStatsThreadGuardian::SendGuardianStateChangeTelemetry] Sending state change event TRACKING_LOST, dialog TRACKING_LOST_CONTINUE
12-28 23:34:39.378   933  1362 I Tracking: VEGA_LOCALIZER: Obtained 516 matches from 1308 keypoints using udeep descriptors
12-28 23:34:39.378   933  1362 I Tracking: VEGA_LOCALIZER: Obtained 516 total matches from 1308 total keypoints
12-28 23:34:39.380   933  1364 I Tracking: LOCALIZATION_POSE_ESTIMATOR: No pose scoring method was provided, not doing pose scoring
12-28 23:34:39.381   933  1362 I Tracking: VEGA_LOCALIZER: Added 121/135 orb descriptors to the index. It has 48447 descriptors for 1635 points, with stdev: 0.38 and max: 2.72.
12-28 23:34:39.384   933  1362 I Tracking: VEGA_LOCALIZER: Added place descriptor to keyrig h[95, 25]. PBR meta: type: vlad, descriptor: orb, version: 1, num_words: 256
12-28 23:34:39.386   933  1362 I Tracking: VEGA_LOCALIZER: Added 135/151 udeep descriptors to the index. It has 47178 descriptors for 1635 points, with stdev: 0.57 and max: 4.76.
12-28 23:34:39.388   933  1364 I Tracking: LOCALIZATION_POSE_ESTIMATOR: Clustered estimation results from: 1 to : 1
12-28 23:34:39.390   933  1362 I Tracking: VEGA_LOCALIZER: Added place descriptor to keyrig h[95, 25]. PBR meta: type: vlad, descriptor: udeep, version: 1, num_words: 256
12-28 23:34:39.390   933  1362 I Tracking: VEGA_LOCALIZER: New descriptors added - Regular: 256, Immature: 0, Resampled by OrphanDescriptors: 0. # Total descriptors: 48447 fallback and 47178 primary.
12-28 23:34:39.390   933  1362 W Tracking: TrackerReceiverUtil: [Throttled count=1] Find new parent from mapBuilder recent keyrig!
12-28 23:34:39.390   933  1362 W Tracking: AnchorCache: Failed to find world origin anchor for root 2121d87f-6d3f-8fbb-43dd-c87feaf33992
12-28 23:34:39.390   933  1364 I Tracking: LOCALIZATION_POSE_ESTIMATOR: Post-RANSAC iterative minimization converged? true, number of successful features: 87, number of inlier observations: 124
12-28 23:34:39.390   933  1364 I Tracking: LOCALIZATION_POSE_ESTIMATOR: Overwriting RANSAC pose and inlier estimates with iterative-minimization result
12-28 23:34:39.390   933  1362 I Tracking: LocalizationStateMachine: Not scheduling coarse localization since no reloc trials have been registered yet.
12-28 23:34:39.390   933  1362 I Tracking: LocalizationStateMachine: Submaps NOT stale, num failed trials is 0 which is lower than the threshlod 1
12-28 23:34:39.390   933  1362 W Tracking: KEYPOINT_CACHE: Currently completing work dependent on previously extracted frameset. Dropping current frame 3783 @ t=4471.059532000 [sec]
12-28 23:34:39.390   933  1362 I Tracking: VEGA_MAPPER: Scheduling localization on root nodes 302f39ac-b7ee-5d7d-cf57-770d82332aa0.
12-28 23:34:39.391   933  1362 W Tracking: ObjectPool: Empty object pool - cannot allocate
12-28 23:34:39.391   933  1362 E Tracking: VEGA_LOCALIZER: LocalizeTask pool is out of slots (capacity is 1)
12-28 23:34:39.391   933  1362 I Tracking: Vega:SubmapPublisher: Tracking parent changed from 00000000-0000-0000-0000-000000000000 to b46c940a-1986-8729-aa8f-afaf2cde4ab1 -> Publish
12-28 23:34:39.391   933  1362 W Tracking: Vega:SubmapPublisherUtils: Reference cannot be found when constructing relative submap transformation, this means not candidate submap is in VIO states, are you moving very fast or sending too few submaps to VIO?
12-28 23:34:39.393   933  1362 I Tracking: AnchorManagerHelpers: Placing new World Origin Anchor Uid 92380925-cc0e-d651-71c4-8142de2996c6 in Context 2121d87f-6d3f-8fbb-43dd-c87feaf33992
12-28 23:34:39.394   933  1362 I Tracking: Vega:MapBuilderBase: Created keyRig with frameID 3786 and uid cd6ad80a
12-28 23:34:39.395   933   673 I Tracking: VegaTrackTracker: Starting map tracking on map. SubmapId Submap id = 0, version = 1889475375 Active contexts: 0
12-28 23:34:39.396   933  1362 I Tracking: LocalizationStateMachine: Not scheduling coarse localization since no reloc trials have been registered yet.
12-28 23:34:39.396   933  1362 I Tracking: LocalizationStateMachine: Submaps NOT stale, num failed trials is 0 which is lower than the threshlod 1
12-28 23:34:39.396   933  1362 W Tracking: KEYPOINT_CACHE: Currently completing work dependent on previously extracted frameset. Dropping current frame 3786 @ t=4471.179532000 [sec]
12-28 23:34:39.397   933  1362 I Tracking: VEGA_MAPPER: Scheduling localization on root nodes 302f39ac-b7ee-5d7d-cf57-770d82332aa0.
12-28 23:34:39.397   933  1362 W Tracking: ObjectPool: Empty object pool - cannot allocate
12-28 23:34:39.397   933  1362 E Tracking: VEGA_LOCALIZER: LocalizeTask pool is out of slots (capacity is 1)
12-28 23:34:39.397   933  1362 W Tracking: KEYPOINT_CACHE: Cannot schedule continuation task type ContinuationTaskType::VEGA_LOCALIZER_TRAIN_TASK(0) @ timestamp 4471.179532000 [sec] ahead of last extracted timestamp 4470.939532000 [sec].
12-28 23:34:39.397   933  1362 W Tracking: KEYPOINT_CACHE: Task train never got to run. scheduleContinuation() call was likely rejected.
12-28 23:34:39.399   933  1362 I Tracking: VegaBAOptimize: Num points adjusted: 80 fixed: 0 Num residuals in-in: 133 in-out: 156 out-in: 0 fixed (out-out): 0 outside ROI: 0 total: 289
12-28 23:34:39.399   933  1362 I Tracking: VegaBAOptimize: Total: neighbor 1 L1s, adjust 1 L1s. KRs 2, Points 80, Cameras 8, FixedKr (small bubble) 1 (1), AdjustKR 1, Imus 1
12-28 23:34:39.401   988   988 E adbd    : failed to connect to socket 'tcp:6666': Connection refused
12-28 23:34:39.406   933  1362 I Tracking: VegaBAOptimize: resRemoved = 13, pntRemoved = 2
12-28 23:34:39.406   933  1362 W Tracking: VEGA_MAPPER: Skipping keypoint data save for keyrig cd6ad80a-9914-a838-ed9d-7effa10601fa as no frame data was found for timestamp 4471.179532000 [sec]
12-28 23:34:39.406   933  1362 I Tracking: VEGA_LOCALIZER: Localized into L1 submap 7daed572-0305-0fa1-2d32-bd982fd6f0c0 of root 302f39ac-b7ee-5d7d-cf57-770d82332aa0 with 109 inliers (87 unique)
12-28 23:34:39.407   933   673 I Tracking: VEGA:HM:PERCEPTUAL: [4471.259 [sec]] Perceptually good tracking while exposing 3DoF. Delaying switch to 6DoF to gain confidence for 0.333333333 more seconds.
12-28 23:34:39.408   933   679 I Tracking: CONSTELLATION: Map UUID switched from 302f39ac-b7ee-5d7d-cf57-770d82332aa0 to 2121d87f-6d3f-8fbb-43dd-c87feaf33992, reset Constellation...
12-28 23:34:39.408   933   679 I Tracking: CONSTELLATION: right: ControllerStateBuffer: RESET
12-28 23:34:39.408   933   679 I Tracking: INPUT_TRACKING:MotionModel:Blackboard: reset
12-28 23:34:39.408   933   679 I Tracking: CONSTELLATION: left: ControllerStateBuffer: RESET
12-28 23:34:39.408   933   679 I Tracking: INPUT_TRACKING:MotionModel:Blackboard: reset
12-28 23:34:39.408   933   679 I Tracking: INPUT_TRACKING:MotionModel:Blackboard: reset
12-28 23:34:39.409   933 30089 W Tracking: CONSTELLATION_Right: [Throttled count=44] Could not retrieve 3dof fallback pose.
12-28 23:34:39.409   933 30089 W Tracking: CONSTELLATION_Left: [Throttled count=161] Could not retrieve 3dof fallback pose.
12-28 23:34:39.409  1669 30060 D OVRRemoteService: RemoteService::recordControllerStatusUpdate: device d3d05f47e2487092: status: CONNECTED_ACTIVE tracking: NONE, errors: --
12-28 23:34:39.412  2728  3090 I [OAO] TrackedController: Controller lost, disconnecting.
12-28 23:34:39.412  2728  3090 I [OAO] InputManager: Removing device 1
12-28 23:34:39.412  2728  3090 I [OAO] TrackedController: Controller lost, disconnecting.
12-28 23:34:39.412  2728  3090 I [OAO] InputManager: Removing device 2
12-28 23:34:39.416  1669 30060 D OVRRemoteService: RemoteService::recordControllerStatusUpdate: device 9d17e7ce194bc1ec: status: CONNECTED_ACTIVE tracking: NONE, errors: --
12-28 23:34:39.433   933  1362 I Tracking: VEGA_LOCALIZER: Adding submap Submap id = 1, version = 100638721, counter 163
12-28 23:34:39.445   933   673 I Tracking: VEGA:HM:PERCEPTUAL: [4471.299 [sec]] Perceptually good tracking while exposing 3DoF. Delaying switch to 6DoF to gain confidence for 0.29333333300000003 more seconds.
12-28 23:34:39.448   933   679 W Tracking: CONSTELLATION: right: In GetVisionPrediction: No attitude buffer entries for prediction available. Muting log for 1 sec.
12-28 23:34:39.457   933 27064 W TrackingService: attachClient: found client in attached list
12-28 23:34:39.458 30432 30560 E OsSdk   : error getting shared memory region, memory type: HeadTracker, failed with Status(-1, EX_SECURITY): 'requested shared memory region when not registered/focused'
12-28 23:34:39.458 30432 30560 W MRSTREAM: SlamAnchorMemoryRuntimeIpcServerThread: [Throttled count=22] RigidBodyStates update failure.
12-28 23:34:39.458 30432 30560 E OsSdk   : error getting shared memory region, memory type: AnchorTracker, failed with Status(-1, EX_SECURITY): 'request throttled'
12-28 23:34:39.486   933   673 I Tracking: VEGA:HM:MAP_TRACKING: Submap Submap id = 0, version = 1889475375 valid. succeeded after 0.08 seconds of good frames. Switching from Validating to Tracking.
12-28 23:34:39.486   933   673 I Tracking: VEGA:HM:PERCEPTUAL: [4471.339 [sec]] Perceptually good tracking while exposing 3DoF. Delaying switch to 6DoF to gain confidence for 0.253333333 more seconds.
12-28 23:34:39.501   933 27064 W TrackingService: attachClient: found client in attached list
12-28 23:34:39.502 30432 30560 E OsSdk   : error getting shared memory region, memory type: HeadTracker, failed with Status(-1, EX_SECURITY): 'requested shared memory region when not registered/focused'
12-28 23:34:39.527   933   673 I Tracking: VEGA:HM:PERCEPTUAL: [4471.379 [sec]] Perceptually good tracking while exposing 3DoF. Delaying switch to 6DoF to gain confidence for 0.213333333 more seconds.
12-28 23:34:39.547 30432 30560 E OsSdk   : error getting shared memory region, memory type: HeadTracker, failed with Status(-1, EX_SECURITY): 'request throttled'
12-28 23:34:39.566   933   673 I Tracking: VEGA:HM:PERCEPTUAL: [4471.419 [sec]] Perceptually good tracking while exposing 3DoF. Delaying switch to 6DoF to gain confidence for 0.173333333 more seconds.
12-28 23:34:39.567   933  1362 I Tracking: LocalizationStateMachine: Not scheduling coarse localization since there is 1 successful reloc trial and mapper is probably still in ViT.
12-28 23:34:39.567   933  1362 I Tracking: LocalizationStateMachine: Submaps NOT stale, num failed trials is 0 which is lower than the threshlod 1
12-28 23:34:39.568   933  1362 I Tracking: VEGA_MAPPER: Scheduling localization on root nodes 302f39ac-b7ee-5d7d-cf57-770d82332aa0.
12-28 23:34:39.586 30432 30560 E OsSdk   : error getting shared memory region, memory type: HeadTracker, failed with Status(-1, EX_SECURITY): 'request throttled'
12-28 23:34:39.587   933  1362 W Tracking: AnchorCacheHelpers: World origin anchor handle is invalid.
12-28 23:34:39.587   933  1362 I Tracking: Vega: Sending Event Based Telemetry for internal_anchor_events.
12-28 23:34:39.587   933  1362 I Tracking: AnchorManagerHelpers: Gained map tracking. placeAnchor() will now work.
12-28 23:34:39.587   933  1362 I Tracking: VIPER: InternalAnchorHealthMonitor: Anchors: 2 | Persistent anchors: 0 | Anchors never observed: 0
12-28 23:34:39.587   933  1362 I Tracking:   (min/avg/max) Anchor landmarks: (-1|-1|-1) | Covisible keyframes: (-1|-1|-1) | Times since observation: (0|0|0)
12-28 23:34:39.594   933   673 I Tracking: VegaTracker: ViT submap Submap id = 1, version = 100638721 detected.
12-28 23:34:39.595   933   673 I Tracking: VioSubmapHelpers: Adding new submapId to filter from reloc. SubmapId: Submap id = 1, version = 100638721
12-28 23:34:39.596   933   673 I Tracking: VegaTrackTracker: Starting map tracking on map. SubmapId Submap id = 1, version = 100638721 Active contexts: 1
12-28 23:34:39.610   933   673 I Tracking: VEGA:HM:PERCEPTUAL: [4471.459 [sec]] Perceptually good tracking while exposing 3DoF. Delaying switch to 6DoF to gain confidence for 0.133333333 more seconds.
12-28 23:34:39.629   933  1362 I Tracking: VEGA_LOCALIZER: Fallback descriptor ratio in index 0.506635308265686 is lower than threshold 0.7, skipping fallback matching
12-28 23:34:39.629 30432 30560 E OsSdk   : error getting shared memory region, memory type: HeadTracker, failed with Status(-1, EX_SECURITY): 'request throttled'
12-28 23:34:39.647   933   673 I Tracking: VEGA:HM:PERCEPTUAL: [4471.499 [sec]] Perceptually good tracking while exposing 3DoF. Delaying switch to 6DoF to gain confidence for 0.09333333300000002 more seconds.
12-28 23:34:39.663  2078  2883 W MobileConfigAccessor: Failed to update sessionless configs within timeout 20000 ms
12-28 23:34:39.663  2078  2883 W DeviceConfigTelemetryLogger: Mobile Config fetch sessionless config has failed on 1 retry in 6 ms
12-28 23:34:39.667 30432 30560 E OsSdk   : error getting shared memory region, memory type: HeadTracker, failed with Status(-1, EX_SECURITY): 'request throttled'
12-28 23:34:39.677  2078  2883 W MobileConfigAccessor: Failed to update sessionbased configs within timeout 20000 ms
12-28 23:34:39.678  2078  2883 W DeviceConfigTelemetryLogger: Mobile Config fetch sessionbased config has failed on 1 retry in 14 ms
12-28 23:34:39.678  2078  2883 W MobileConfigAppAwareAccessorDecorator: Failed to update sessionless configs. Will retry for 2 more times with 30000 ms timeout
12-28 23:34:39.678  2078  2883 W MobileConfigAppAwareAccessorDecorator: Failed to update sessionbased configs. Will retry for 2 more times with 30000 ms timeout
12-28 23:34:39.686   933   673 I Tracking: VEGA:HM:MAP_TRACKING: Submap Submap id = 1, version = 100638721 valid. succeeded after 0.08 seconds of good frames. Switching from Validating to Tracking.
12-28 23:34:39.686   933   673 I Tracking: VEGA:HM:PERCEPTUAL: [4471.539 [sec]] Perceptually good tracking while exposing 3DoF. Delaying switch to 6DoF to gain confidence for 0.05333333299999998 more seconds.
12-28 23:34:39.688   933   673 I Tracking: VegaTracker: ViT completed successfully
12-28 23:34:39.712 30432 30560 E OsSdk   : error getting shared memory region, memory type: HeadTracker, failed with Status(-1, EX_SECURITY): 'request throttled'
12-28 23:34:39.712   933 27064 W TrackingService: attachClient: found client in attached list
12-28 23:34:39.714 30432 30560 E OsSdk   : error getting shared memory region, memory type: AnchorTracker, failed with Status(-1, EX_SECURITY): 'requested shared memory region when not registered/focused'
12-28 23:34:39.714 30432 30560 W MRSTREAM: SlamAnchorMemoryRuntimeIpcServer: [Throttled count=3] getAnchorStates failed
12-28 23:34:39.715 30432 30560 W MRSTREAM: SlamAnchorMemoryRuntimeIpcServerThread: [Throttled count=3] AnchorStates update failure.
12-28 23:34:39.728   933   673 I Tracking: VEGA:HM:PERCEPTUAL: [4471.579 [sec]] Perceptually good tracking while exposing 3DoF. Delaying switch to 6DoF to gain confidence for 0.013333333000000003 more seconds.
12-28 23:34:39.735   933  1362 I Tracking: VEGA_LOCALIZER: Obtained 396 matches from 994 keypoints using udeep descriptors
12-28 23:34:39.735   933  1362 I Tracking: VEGA_LOCALIZER: Obtained 396 total matches from 994 total keypoints
12-28 23:34:39.736   933  1364 I Tracking: LOCALIZATION_POSE_ESTIMATOR: No pose scoring method was provided, not doing pose scoring
12-28 23:34:39.742   933  1364 I Tracking: LOCALIZATION_POSE_ESTIMATOR: Clustered estimation results from: 1 to : 1
12-28 23:34:39.743   933  1364 I Tracking: LOCALIZATION_POSE_ESTIMATOR: Post-RANSAC iterative minimization converged? true, number of successful features: 90, number of inlier observations: 115
12-28 23:34:39.743   933  1364 I Tracking: LOCALIZATION_POSE_ESTIMATOR: Overwriting RANSAC pose and inlier estimates with iterative-minimization result
12-28 23:34:39.744   933  1362 I Tracking: VEGA_LOCALIZER: Localized into L1 submap 7daed572-0305-0fa1-2d32-bd982fd6f0c0 of root 302f39ac-b7ee-5d7d-cf57-770d82332aa0 with 102 inliers (90 unique)
12-28 23:34:39.750 32514 32665 D UE      : [2023.12.28-18.34.39:750][  0]LogStreaming: Display: FlushAsyncLoading(1): 1 QueuedPackages, 0 AsyncPackages
12-28 23:34:39.751 32514 32665 D UE      : [2023.12.28-18.34.39:751][  0]LogPackageLocalizationCache: Processed 37 localized package path(s) for 1 prioritized culture(s) in 0.000351 seconds
12-28 23:34:39.756 30432 30560 E OsSdk   : error getting shared memory region, memory type: HeadTracker, failed with Status(-1, EX_SECURITY): 'request throttled'
12-28 23:34:39.757   933  1362 I Tracking: VEGA_LOCALIZER: Adding submap Submap id = 2, version = 1598192325, counter 166
