12-31 11:04:51.852  9166  9166 D [SUI] ActivityManagerUtilsHelper: onFocusedWindowChanged: Instance: com.oculus.common.activitymanager.ActivityManagerUtilsHelper@ae8e06f, topWindowUid: 10044, focusedApp: com.oculus.xrstreamingclient, previousApp: null
12-31 11:04:51.852  9166  9166 D [SUI] AnytimeUIPanelApp: Received ActivityStateChanges - com.oculus.xrstreamingclient
12-31 11:04:51.852  9166  9166 I PresenceAPK(BaseServiceApiManager$1): onServiceConnected componentName=ComponentInfo{com.oculus.presence/com.oculus.presence.services.presence.PresenceService}
12-31 11:04:51.858  2710  2974 I [OAO] PanelRenderLayer: ResetSurface #main 0 x 0 - shape:0 stereo:0
12-31 11:04:51.858  2710  2974 I [OAO] PanelRenderLayer: OS Panel Resize Notification to OS with width 0, height 0
12-31 11:04:51.858  2710  2974 I [OAO] PanelAppHost: Setting panel layer visibility of layer "#main" to invisible, panel 336 (com.oculus.systemux/com.oculus.panelapp.anytimeui.AnytimeUIPanelService)
12-31 11:04:51.858  2710  2974 I [OAO] PanelAppHost: Resize layer #main to size 1000 x 80 shape: 1 stereo: 0, panel 336 (com.oculus.systemux/com.oculus.panelapp.anytimeui.AnytimeUIPanelService)
12-31 11:04:51.858  2710  2974 I [OAO] PanelRenderLayer: ResetSurface #main 1000 x 80 - shape:1 stereo:0
12-31 11:04:51.858  2710  2974 I [OAO] PanelRenderLayer: OS Panel Resize Notification to OS with width 1000, height 80
12-31 11:04:51.859  9166  9166 I PresenceAPK(BaseServiceApiManager$1): setting serviceApi
12-31 11:04:51.859  2710  2974 I [OAO] LayerSwapChainResource: LayerSwapChainResource width(1000), height(80), swap chain length(3), mips(4)
12-31 11:04:51.859  2710  2974 I [OAO] SwapChainApiOpenXr: CreateTextureSwapChain 1000,80 - 3
12-31 11:04:51.859  2732  3118 I VrRuntimeService: CreateSwapChain: 487993102
12-31 11:04:51.859  2732  3118 I VrRuntimeService: CreateSwapChain: api:gles 0 0x8c43 1000 80 4 3 1 0 3
12-31 11:04:51.859 19372 19392 E LoggingErrorHandler: Retrofit error, url: [https://graph.oculus.com/graphql?q=viewer%28%29+%7B++user+%7B++++alias%2C++++profile_photo.size%2840x40%29+%7B++++++uri%2C++++%7D%2C++++avatar_image.size%28240x240%29+%7B++++++uri%2C++++%7D%2C++++user_nux_flags+%7B++++++has_seen_vr_invite_profile_nux%2C++++%7D%2C++%7D%2C+%7D], kind: [NETWORK], status: [0 - ], headers: , body: []
12-31 11:04:51.860 19372 19392 E JavaBinder: *** Uncaught remote exception!  (Exceptions are not yet supported across processes.)
12-31 11:04:51.860  2732  3118 I VrRuntimeServer: CreateTextureSwapChain: result importswapchaingles 1
12-31 11:04:51.861  9166 23865 I PresenceAPK(ServiceApiManager): onApiReady
12-31 11:04:51.861  9166  9166 I [SUI] OVRAuthHelper: fetchAuthToken - completed, result: -1
12-31 11:04:51.863  2710  2974 I [OAO] SwapChainApiOpenXr: Swapchain created: 1000,80 - 3
12-31 11:04:51.863  2732  3118 I VrRuntimeService: UpdateSwapChainSamplerState: 5132
12-31 11:04:51.864  9166  9166 I PresenceAPK(BaseServiceApiManager$1): onServiceConnected componentName=ComponentInfo{com.oculus.presence/com.oculus.presence.services.presence.PresenceService}
12-31 11:04:51.864  2732  3118 I VrRuntimeService: UpdateSwapChainSamplerState: minFilter=1 magFilter=1 wrapModeS=3 warpModeT=3 maxAniso=1.000000 border={0.000000,0.000000,0.000000,0.000000} swizzle={0,1,2,3}
12-31 11:04:51.864  9166  9166 I PresenceAPK(BaseServiceApiManager$1): setting serviceApi
12-31 11:04:51.869  9166 12846 I PresenceAPK(ServiceApiManager): onApiReady
12-31 11:04:51.869  9166  9166 I AndroidPanelApp: Processing next frame action "layerShow" for layer "#main"
12-31 11:04:51.870  1151  1174 I DisplayDeviceRepository: Display device changed: DisplayDeviceInfo{"com.oculus.android_panel_app.AndroidPanelLayer-#main": uniqueId="virtual:com.oculus.systemux,10037,com.oculus.android_panel_app.AndroidPanelLayer-#main,0", 1000 x 80, modeId 1733, defaultModeId 1733, supportedModes [{id=1733, width=1000, height=80, fps=60.0, alternativeRefreshRates=[]}], colorMode 0, supportedColorModes [0], hdrCapabilities null, allmSupported false, gameContentTypeSupported false, density 200, 200.0 x 200.0 dpi, appVsyncOff 0, presDeadline 16666666, touch NONE, rotation 0, type VIRTUAL, deviceProductInfo null, state OFF, owner com.oculus.systemux (uid 10037), frameRateOverride , brightnessMinimum 0.0, brightnessMaximum 0.0, brightnessDefault 0.0, FLAG_PRIVATE, FLAG_NEVER_BLANK, FLAG_OWN_CONTENT_ONLY}
12-31 11:04:51.871  1151  1174 I DisplayDeviceRepository: Display device changed: DisplayDeviceInfo{"com.oculus.android_panel_app.AndroidPanelLayer-#main": uniqueId="virtual:com.oculus.systemux,10037,com.oculus.android_panel_app.AndroidPanelLayer-#main,0", 1000 x 80, modeId 1733, defaultModeId 1733, supportedModes [{id=1733, width=1000, height=80, fps=60.0, alternativeRefreshRates=[]}], colorMode 0, supportedColorModes [0], hdrCapabilities null, allmSupported false, gameContentTypeSupported false, density 200, 200.0 x 200.0 dpi, appVsyncOff 0, presDeadline 16666666, touch NONE, rotation 0, type VIRTUAL, deviceProductInfo null, state ON, owner com.oculus.systemux (uid 10037), frameRateOverride , brightnessMinimum 0.0, brightnessMaximum 0.0, brightnessDefault 0.0, FLAG_PRIVATE, FLAG_NEVER_BLANK, FLAG_OWN_CONTENT_ONLY}
12-31 11:04:51.873  1151  1172 V WindowManager: Display 1053 state is now (2), so update layer mirroring?
12-31 11:04:51.879  2321  2321 D [SEO] ShellControlBroadcastReceiver: onReceive with VR Client native pointer 540211571584, action com.oculus.systemactivities.CAPTURE_STATE_UPDATE
12-31 11:04:51.879  9166  9166 D [SUI] AnytimeUIPanelApp: Received appStatus from VrShell: []
12-31 11:04:51.879  9166  9166 D [SUI] RunningAppManager: Updated panel data from appStatus
12-31 11:04:51.879  9166  9166 I PresenceAPK(BaseServiceApiManager$1): onServiceConnected componentName=ComponentInfo{com.oculus.presence/com.oculus.presence.services.persistent.PresencePersistentService}
12-31 11:04:51.879  9166  9166 I PresenceAPK(BaseServiceApiManager$1): setting serviceApi
12-31 11:04:51.880   847   847 W SurfaceFlinger: acquireVirtualDisplay: Exhausted HAL virtual displays
12-31 11:04:51.880   847   847 W SurfaceFlinger: acquireVirtualDisplay: Falling back to GPU virtual display
12-31 11:04:51.887  9166 12848 I PresenceAPK(HyperspaceNativeServiceApiManager): onApiReady
12-31 11:04:51.888  8519  8579 I FileCapture: broadcast capture state to AUI running = false, with mode -1
12-31 11:04:51.891  3209  3274 W PhaseSync: [PS_Ver_1_0] DiscardFrame is triggered, frame->Stage 2 FrameBeginIndex 156308 
12-31 11:04:51.891  3209  3274 I MRSVC   : MIXEDREALITY: OpenXrSupport: OpenXR qualified success: xrBeginFrame(clientState_.session, &beginFrameDesc): XR_FRAME_DISCARDED
12-31 11:04:51.891  3209  3274 I MRSVC   : MIXEDREALITY: MrServiceView: renderIteration: Hibernating the rendering thread since ID is off and no active PT layers.
12-31 11:04:51.891  3209  3274 I MRSVC   : MIXEDREALITY: MrServiceModelBase: Hibernating caller (most likely rendering thread) due to commandQueue being empty.
12-31 11:04:51.894  9166  9166 I [SUI] OVRAuthHelper: fetchAuthToken - completed, result: -1
12-31 11:04:51.894  9166  9166 D UserAppScopedAuthHelper: fetchUserInfo - completed
12-31 11:04:51.895  9166  9166 D UserAppScopedAuthHelper: fetchUserInfo - fetching app scoped access token
12-31 11:04:51.895  9166  9166 D [SUI] SystemUXBroadcastReceiver: action: com.oculus.systemactivities.CAPTURE_STATE_UPDATE
12-31 11:04:51.895  9166  9166 I [SUI] SystemUXBroadcastReceiver: handleCaptureStateUpdate: captureToDisk false, captureEnabled false, isCapturingAbuseReport false, abuseRecordingUUID null, isMetacam false
12-31 11:04:51.895  9166  9166 D [SUI] ScreenCaptureUtil: onHorizonCaptureStateChanged isCaptureToDiskMode=false isCaptureEnabled=false
12-31 11:04:51.895  9166  9166 D [SUI] ScreenCaptureUtil: onHorizonCaptureStateChanged isCaptureToDiskMode=false isCaptureEnabled=false
12-31 11:04:51.895  9166  9166 D [SUI] ScreenCaptureUtil: onHorizonCaptureStateChanged isCaptureToDiskMode=false isCaptureEnabled=false
12-31 11:04:51.895  9166  9166 D [SUI] ScreenCaptureUtil: onHorizonCaptureStateChanged isCaptureToDiskMode=false isCaptureEnabled=false
12-31 11:04:51.895  9166  9166 D [SUI] ScreenCaptureUtil: onHorizonCaptureStateChanged isCaptureToDiskMode=false isCaptureEnabled=false
12-31 11:04:51.895  9166  9166 D [SUI] ScreenCaptureUtil: onHorizonCaptureStateChanged isCaptureToDiskMode=false isCaptureEnabled=false
12-31 11:04:51.895  9166  9166 D [SUI] ScreenCaptureUtil: onHorizonCaptureStateChanged isCaptureToDiskMode=false isCaptureEnabled=false
12-31 11:04:51.895  9166  9166 D [SUI] ScreenCaptureUtil: onHorizonCaptureStateChanged isCaptureToDiskMode=false isCaptureEnabled=false
12-31 11:04:51.895  9166  9166 D [SUI] ScreenCaptureUtil: onHorizonCaptureStateChanged isCaptureToDiskMode=false isCaptureEnabled=false
12-31 11:04:51.895  9166  9166 D [SUI] ScreenCaptureUtil: onHorizonCaptureStateChanged isCaptureToDiskMode=false isCaptureEnabled=false
12-31 11:04:51.895  9166  9166 D [SUI] ScreenCaptureUtil: onHorizonCaptureStateChanged isCaptureToDiskMode=false isCaptureEnabled=false
12-31 11:04:51.895  9166  9166 D [SUI] ScreenCaptureUtil: onHorizonCaptureStateChanged isCaptureToDiskMode=false isCaptureEnabled=false
12-31 11:04:51.895  9166  9166 D [SUI] ScreenCaptureUtil: onHorizonCaptureStateChanged isCaptureToDiskMode=false isCaptureEnabled=false
12-31 11:04:51.895  9166  9166 D [SUI] ScreenCaptureUtil: onHorizonCaptureStateChanged isCaptureToDiskMode=false isCaptureEnabled=false
12-31 11:04:51.895  9166  9166 D [SUI] ScreenCaptureUtil: onHorizonCaptureStateChanged isCaptureToDiskMode=false isCaptureEnabled=false
12-31 11:04:51.895  9166  9166 D [SUI] ScreenCaptureUtil: onHorizonCaptureStateChanged isCaptureToDiskMode=false isCaptureEnabled=false
12-31 11:04:51.895  9166  9166 D [SUI] ScreenCaptureUtil: onHorizonCaptureStateChanged isCaptureToDiskMode=false isCaptureEnabled=false
12-31 11:04:51.895  9166  9166 D [SUI] ScreenCaptureUtil: onHorizonCaptureStateChanged isCaptureToDiskMode=false isCaptureEnabled=false
12-31 11:04:51.895  9166  9166 D [SUI] ScreenCaptureUtil: onHorizonCaptureStateChanged isCaptureToDiskMode=false isCaptureEnabled=false
12-31 11:04:51.895  9166  9166 D [SUI] ScreenCaptureUtil: onHorizonCaptureStateChanged isCaptureToDiskMode=false isCaptureEnabled=false
12-31 11:04:51.895  9166  9166 D [SUI] ScreenCaptureUtil: onHorizonCaptureStateChanged isCaptureToDiskMode=false isCaptureEnabled=false
12-31 11:04:51.895  9166  9166 D [SUI] ScreenCaptureUtil: onHorizonCaptureStateChanged isCaptureToDiskMode=false isCaptureEnabled=false
12-31 11:04:51.895  9166  9166 D [SUI] ScreenCaptureUtil: onHorizonCaptureStateChanged isCaptureToDiskMode=false isCaptureEnabled=false
12-31 11:04:51.896  9166  9166 D [SUI] SettingsService: onCreate
12-31 11:04:51.902  2710  2974 I [OAO] PanelAppAnalytics: First frame latency: 0.241 for id 336 com.oculus.systemux/com.oculus.panelapp.anytimeui.AnytimeUIPanelService
12-31 11:04:51.903  9166 10461 E UserAppScopedAuthHelper: Error requesting app scoped access token
12-31 11:04:51.903  9166 10461 E UserAppScopedAuthHelper: Failed to log in
12-31 11:04:51.915  2321  2321 D DeviceHelper: isScreenOn = true
12-31 11:04:51.916  2321  2321 D [SEO] ShellControlBroadcastReceiver: isLaunchAction = false, isTrustedAppLaunch = false
12-31 11:04:51.916  2321  2321 D [SEO] ShellControlBroadcastReceiver: IsCaptureStateUpdateAction
12-31 11:04:51.921  2710  2710 D DeviceHelper: isScreenOn = true
12-31 11:04:51.922  2710  2710 D [OAO] ShellOverlayBroadcastReceiver: onReceive with ShellOverlayService native pointer 539764267456, action com.oculus.systemactivities.CAPTURE_STATE_UPDATE
12-31 11:04:51.934   564   564 I hwservicemanager: getTransport: Cannot find entry vendor.oculus.hardware.backlight@1.0::IBacklight/default in either framework or device VINTF manifest.
12-31 11:04:51.934  9166  9166 D BacklightManager: Backlight Service not available
12-31 11:04:51.938  3125  3169 W [CT]    : Anchor:SlamAnchorMemoryOSSDKClient: [Throttled count=597] Skipping invalid anchorHandle when attempting to cache AnchorStates
12-31 11:04:51.941   564   564 I hwservicemanager: getTransport: Cannot find entry vendor.oculus.hardware.backlight@1.0::IBacklight/default in either framework or device VINTF manifest.
12-31 11:04:51.942  9166  9166 D BacklightManager: Backlight Service not available
12-31 11:04:51.944  3180 23745 E AnalyticsEvent: could not set key=selection_args value=null
12-31 11:04:51.944  3180 23745 D CapabilitiesProvider: Capabilities Content Provider called content://com.oculus.identitymanagement.capabilities.contentprovider/account/activeuser/capabilities/com.oculus.capability.social.all, selection= null, selectionArgs=null, sortOrder= null
12-31 11:04:51.949  9166  9166 I [SUI] ConsumerConfiguration: Setting SystemUX Configuration and Policy Settings.
12-31 11:04:51.949   724   724 I tombstoned: received crash request for pid 3125
12-31 11:04:51.949   724   724 I tombstoned: found intercept fd 512 for pid 3125 and type kDebuggerdJavaBacktrace
12-31 11:04:51.950  3125  3130 I guardianservic: Wrote stack traces to tombstoned
12-31 11:04:51.950   724   724 W tombstoned: missing output fd
12-31 11:04:51.950  1151 10076 I system_server: libdebuggerd_client: done dumping process 3125
12-31 11:04:51.951  9166  9166 E QplClient: com.oculus.systemux: init() called multiple times.
12-31 11:04:51.953  9166  9166 I PresenceAPK(ServiceApiManager): Trying to bind to com.oculus.presence.services.presence.PresenceService service inside com.oculus.presence package.
12-31 11:04:51.955  9166  9166 D PresenceAPK(PresenceClient): setEventListener id=AnchoredHomeGroup
12-31 11:04:51.955  9166  9166 I PresenceAPK(GroupManager): addListener for id AnchoredHomeGroup
12-31 11:04:51.956  1151 10076 I ActivityManager: Collecting stacks for extra pid 2732
12-31 11:04:51.958   782  1310 I android.hardware.usb@1.2: port0
12-31 11:04:51.958  9166  9166 D [SUI] SettingsService: mIsPrimaryUser = true
12-31 11:04:51.958   782  1310 I android.hardware.usb@1.2: HAL version V1_2
12-31 11:04:51.958   782  1310 I android.hardware.usb@1.2: 0:port0 connected:1 canChangeMode:1 canChangedata:0 canChangePower:0 supportedModes:3
12-31 11:04:51.958   782  1310 I android.hardware.usb@1.2: ContaminantDetectionStatus:2 ContaminantProtectionStatus:0
12-31 11:04:51.959  1151 10076 I system_server: libdebuggerd_client: started dumping process 2732
12-31 11:04:51.959 19372 19392 E LoggingErrorHandler: Retrofit error, url: [https://graph.oculus.com/graphql?q=viewer%28%29+%7B++user+%7B++++name%2C++++alias%2C++++profile_name%2C++++profile_username%2C++++biography%2C++++horizon_profile_synced_platform_names%2C++++profile_photo.size%28240x240%29+%7B++++++uri%2C++++%7D%2C++++avatar_image.size%28360x360%29+%7B++++++uri%2C++++%7D%2C++++full_body_avatar_image.width%28200%29.height%28420%29+%7B++++++uri++++%7D%2C++++friends+%7B++++++count%2C++++%7D%2C++++presence%2C++++most_recent_presence+%7B++++++is_current%2C++++%7D%2C++++home_instance+%7B++++++square_image_for_deeplink_target.oc_size%28300x300%29+%7B++++++++uri%2C++++++%7D%2C++++%7D%2C++%7D%2C+%7D], kind: [NETWORK], status: [0 - ], headers: , body: []
12-31 11:04:51.959 19372 19392 E JavaBinder: *** Uncaught remote exception!  (Exceptions are not yet supported across processes.)
12-31 11:04:51.960  9166 10447 W OVRLibrary: null cursor received for query content://com.oculus.ocms.library/apps/messenger_system_app
12-31 11:04:51.961  1151  1308 I UsbPortManager: ClientCallback V1_2: port0
12-31 11:04:51.962   724   724 I tombstoned: registered intercept for pid 2732 and type kDebuggerdJavaBacktrace
12-31 11:04:51.963  2732  2738 I rruntimeservic: Thread[6,tid=2738,WaitingInMainSignalCatcherLoop,Thread*=0x7dac61b400,peer=0x136000e8,"Signal Catcher"]: reacting to signal 3
12-31 11:04:51.963  2732  2738 I rruntimeservic: 
12-31 11:04:51.774     0     0 W healthd : battery l=95 v=4269 t=35.2 h=2 st=4 c=-361816 fc=3749000 cc=3 chg=u
12-31 11:04:51.973  3180 23745 E AnalyticsEvent: could not set key=selection_args value=null
12-31 11:04:51.973  3180 23745 D CapabilitiesProvider: Capabilities Content Provider called content://com.oculus.identitymanagement.capabilities.contentprovider/account/activeuser/capabilities/com.oculus.capability.social.all, selection= null, selectionArgs=null, sortOrder= null
12-31 11:04:51.780     0     0 W healthd : battery l=95 v=4269 t=35.2 h=2 st=4 c=-361816 fc=3749000 cc=3 chg=u
12-31 11:04:51.979  9166  9166 I [SUI] ConsumerConfiguration: Setting SystemUX Configuration and Policy Settings.
12-31 11:04:51.979  3125  3169 I GuardianCollisionTracker: Guardian Controller Collision: Magnitude: 4.697, Duration: -1.000 sec, TimeStamp: 106555.007812 sec
12-31 11:04:51.979  9166  9166 D [SUI] MultiUserManagerHelper: Is Multiuser Enabled SystemUXConfig is MultiUser Enabled: true, OculusManager is MultiUser Enabled: true
12-31 11:04:51.988  3180 23745 E AnalyticsEvent: could not set key=selection_args value=null
12-31 11:04:51.989  3209  3274 W PhaseSync: [PS_Ver_1_0] DiscardFrame is triggered, frame->Stage 2 FrameBeginIndex 156309 
12-31 11:04:51.989  3180 23745 D CapabilitiesProvider: Capabilities Content Provider called content://com.oculus.identitymanagement.capabilities.contentprovider/account/activeuser/capabilities/com.oculus.capability.social.all, selection= null, selectionArgs=null, sortOrder= null
12-31 11:04:51.989  3209  3274 I MRSVC   : MIXEDREALITY: OpenXrSupport: OpenXR qualified success: xrBeginFrame(clientState_.session, &beginFrameDesc): XR_FRAME_DISCARDED
12-31 11:04:51.989  3209  3274 I MRSVC   : MIXEDREALITY: MrServiceView: renderIteration: Hibernating the rendering thread since ID is off and no active PT layers.
12-31 11:04:51.989  3209  3274 I MRSVC   : MIXEDREALITY: MrServiceModelBase: Hibernating caller (most likely rendering thread) due to commandQueue being empty.
12-31 11:04:51.788     0     0 W healthd : battery l=95 v=4269 t=35.2 h=2 st=4 c=-361816 fc=3749000 cc=3 chg=u
12-31 11:04:51.991  9166  9166 I [SUI] ConsumerConfiguration: Setting SystemUX Configuration and Policy Settings.
12-31 11:04:51.991  9166  9166 D [SUI] SettingsSectionUtil: Should Show Voice Commands Section SystemUXConfig is Voice Command UI Enabled: false
12-31 11:04:51.993  9166  9166 D [SUI] SettingsService: appIdentity = com.oculus.systemux, is valid caller app
12-31 11:04:52.000  9166  9166 W [SUI] AsyncQueryHandlerBase: Callback reference is null
12-31 11:04:52.008   952  1384 W Tracking: Vega:SubmapPublisherUtils: Reference cannot be found when constructing relative submap transformation, this means not candidate submap is in VIO states, are you moving very fast or sending too few submaps to VIO?
12-31 11:04:52.010 19372 19372 D BinderClient: Connected to vrfocus
12-31 11:04:52.013 10183 10419 I ClientSharedTelemetryStats: App memory usage: PSS=36 MiB, PrivateDirty=17 MiB, PrivateClean=9 MiB, GPU=0.5/0.7 MiB (72% allocated)
12-31 11:04:52.014 10183 10419 I VrApi   : FPS=1/72,Prd=0ms,Tear=1,Early=11,Stale=7,Stale2/5/10/max=2/0/0/4,VSnc=0,Lat=0,Fov=0,CPU4/GPU=5/4,2054/305MHz,OC=FF,TA=0/0/0,SP=N/N/N,Mem=2092MHz,Free=2074MB,PLS=0,Temp=0.0C/0.0C,TW=2.51ms,App=1380540.00ms,GD=0.44ms,CPU&GPU=106554096.00ms,LCnt=3(DR86,LM3),GPU%=0.15,CPU%=0.10(W0.15),DSF=1.00,CFL=7.76/22.61,ICFLp95=20.38,LD=0,SF=0.00,LP=0,DVFS=0
12-31 11:04:52.017  2732  9833 I CompositorVR: Nonsensical slice time: SliceTime=-0.0021 SliceTargetWakeupTime=106555.0659 SliceGpuStart=106555.0630 SliceGpuEnd=106555.0638 GpuTimestampSync=106540.1446
12-31 11:04:52.021  2732  9833 I Vsync   : Vsync 1119:  2 x 13.92 ms (71.83 Hz, at 106555.080)
12-31 11:04:52.028  9166  9166 E [SUI] GraphQLExecutor: Exception thrown while getting OC access token
12-31 11:04:52.028  9166  9166 I PresenceAPK(BaseServiceApiManager$1): onServiceConnected componentName=ComponentInfo{com.oculus.presence/com.oculus.presence.services.presence.PresenceService}
12-31 11:04:52.029  9166  9166 I PresenceAPK(BaseServiceApiManager$1): setting serviceApi
12-31 11:04:52.031  9166 14665 I PresenceAPK(ServiceApiManager): onApiReady
12-31 11:04:52.031  9166  9166 D [SUI] HorizonContentProviderHelper: FetchProfileContent failed with error: 
12-31 11:04:52.031  9166  9166 D [SUI] HorizonContentProviderHelper: java.lang.RuntimeException
12-31 11:04:52.031  9166  9166 D [SUI] HorizonContentProviderHelper: 	at com.oculus.horizoncontent.horizon.HorizonContentProviderHelper$FetchProfileContentAsyncQueryHandler.onQueryComplete(:12)
12-31 11:04:52.031  9166  9166 D [SUI] HorizonContentProviderHelper: 	at com.oculus.horizoncontent.horizon.HorizonContentProviderHelper$FetchProfileContentAsyncQueryHandler.onQueryComplete(:268435458)
12-31 11:04:52.031  9166  9166 D [SUI] HorizonContentProviderHelper: 	at com.oculus.horizoncontent.utils.AsyncQueryHandlerBase.onQueryComplete(:8)
12-31 11:04:52.031  9166  9166 D [SUI] HorizonContentProviderHelper: 	at android.content.AsyncQueryHandler.handleMessage(AsyncQueryHandler.java:344)
12-31 11:04:52.031  9166  9166 D [SUI] HorizonContentProviderHelper: 	at android.os.Handler.dispatchMessage(Handler.java:106)
12-31 11:04:52.031  9166  9166 D [SUI] HorizonContentProviderHelper: 	at android.os.Looper.loopOnce(Looper.java:214)
12-31 11:04:52.031  9166  9166 D [SUI] HorizonContentProviderHelper: 	at android.os.Looper.loop(Looper.java:304)
12-31 11:04:52.031  9166  9166 D [SUI] HorizonContentProviderHelper: 	at android.app.ActivityThread.main(ActivityThread.java:7905)
12-31 11:04:52.031  9166  9166 D [SUI] HorizonContentProviderHelper: 	at java.lang.reflect.Method.invoke(Native Method)
12-31 11:04:52.031  9166  9166 D [SUI] HorizonContentProviderHelper: 	at com.android.internal.os.RuntimeInit$MethodAndArgsCaller.run(RuntimeInit.java:548)
12-31 11:04:52.031  9166  9166 D [SUI] HorizonContentProviderHelper: 	at com.android.internal.os.ZygoteInit.main(ZygoteInit.java:1010)
12-31 11:04:52.032  9166  9166 E [SUI] AirlinkUtils: Failed to fetch profile content
12-31 11:04:52.032  9166  9166 D [SUI] SystemUXBroadcastReceiver: action: com.oculus.systemactivities.LOCAL_STREAM_STATE_UPDATE
12-31 11:04:52.032  9166  9166 D [SUI] ScreenCaptureUtil: onLocalStreamStateUpdate(isCaptureRunning = false)
12-31 11:04:52.032  9166  9166 D [SUI] ScreenCaptureUtil: onLocalStreamStateUpdate(isCaptureRunning = false)
12-31 11:04:52.032  9166  9166 D [SUI] ScreenCaptureUtil: onLocalStreamStateUpdate(isCaptureRunning = false)
12-31 11:04:52.032  9166  9166 D [SUI] ScreenCaptureUtil: onLocalStreamStateUpdate(isCaptureRunning = false)
12-31 11:04:52.032  9166  9166 D [SUI] ScreenCaptureUtil: onLocalStreamStateUpdate(isCaptureRunning = false)
12-31 11:04:52.032  9166  9166 D [SUI] ScreenCaptureUtil: onLocalStreamStateUpdate(isCaptureRunning = false)
12-31 11:04:52.032  9166  9166 D [SUI] ScreenCaptureUtil: onLocalStreamStateUpdate(isCaptureRunning = false)
12-31 11:04:52.032  9166  9166 D [SUI] ScreenCaptureUtil: onLocalStreamStateUpdate(isCaptureRunning = false)
12-31 11:04:52.032  9166  9166 D [SUI] ScreenCaptureUtil: onLocalStreamStateUpdate(isCaptureRunning = false)
12-31 11:04:52.032  9166  9166 D [SUI] ScreenCaptureUtil: onLocalStreamStateUpdate(isCaptureRunning = false)
12-31 11:04:52.032  9166  9166 D [SUI] ScreenCaptureUtil: onLocalStreamStateUpdate(isCaptureRunning = false)
12-31 11:04:52.032  9166  9166 D [SUI] ScreenCaptureUtil: onLocalStreamStateUpdate(isCaptureRunning = false)
12-31 11:04:52.032  9166  9166 D [SUI] ScreenCaptureUtil: onLocalStreamStateUpdate(isCaptureRunning = false)
12-31 11:04:52.032  9166  9166 D [SUI] ScreenCaptureUtil: onLocalStreamStateUpdate(isCaptureRunning = false)
12-31 11:04:52.032  9166  9166 D [SUI] ScreenCaptureUtil: onLocalStreamStateUpdate(isCaptureRunning = false)
12-31 11:04:52.032  9166  9166 D [SUI] ScreenCaptureUtil: onLocalStreamStateUpdate(isCaptureRunning = false)
12-31 11:04:52.032  9166  9166 D [SUI] ScreenCaptureUtil: onLocalStreamStateUpdate(isCaptureRunning = false)
12-31 11:04:52.032  9166  9166 D [SUI] ScreenCaptureUtil: onLocalStreamStateUpdate(isCaptureRunning = false)
12-31 11:04:52.032  9166  9166 D [SUI] ScreenCaptureUtil: onLocalStreamStateUpdate(isCaptureRunning = false)
12-31 11:04:52.032  9166  9166 D [SUI] ScreenCaptureUtil: onLocalStreamStateUpdate(isCaptureRunning = false)
12-31 11:04:52.032  9166  9166 D [SUI] ScreenCaptureUtil: onLocalStreamStateUpdate(isCaptureRunning = false)
12-31 11:04:52.032  9166  9166 D [SUI] ScreenCaptureUtil: onLocalStreamStateUpdate(isCaptureRunning = false)
12-31 11:04:52.032  9166  9166 D [SUI] ScreenCaptureUtil: onLocalStreamStateUpdate(isCaptureRunning = false)
12-31 11:04:52.032  9166  9166 D [SUI] SettingsProvider: onServiceConnected
12-31 11:04:52.032  9166 10457 D [SUI] SettingsProvider: SettingsService getInstance
12-31 11:04:52.032  9166 10457 V [SUI] SettingsProvider: calling getAllVisibleSettingsItems
12-31 11:04:52.032  9166 10457 V [SUI] RawSettingsItem: valueFetcher is empty for id: pattern_reauth_apps_lock
12-31 11:04:52.032  9166 10457 V [SUI] RawSettingsItem: editableFetcher is empty for id: pattern_reauth_apps_lock
12-31 11:04:52.032  9166 10457 V [SUI] RawSettingsItem: valueFetcher is empty for id: keyboard_federated_learning_enabled_old
12-31 11:04:52.032  9166 10457 V [SUI] RawSettingsItem: editableFetcher is empty for id: keyboard_federated_learning_enabled_old
12-31 11:04:52.033  9166 10457 V [SUI] RawSettingsItem: valueFetcher is empty for id: hands_double_tap_transition_user_preference
12-31 11:04:52.033  9166 10457 V [SUI] RawSettingsItem: editableFetcher is empty for id: hands_double_tap_transition_user_preference
12-31 11:04:52.033  9166 10457 V [SUI] RawSettingsItem: editableFetcher is empty for id: locale_default
12-31 11:04:52.033  9166 10457 V [SUI] RawSettingsItem: visibilityFetcher is empty for id: system_developer_section
12-31 11:04:52.033  9166 10457 V [SUI] RawSettingsItem: valueFetcher is empty for id: system_developer_section
12-31 11:04:52.033  9166 10457 V [SUI] RawSettingsItem: editableFetcher is empty for id: system_developer_section
12-31 11:04:52.033  9166 10457 V [SUI] RawSettingsItem: visibilityFetcher is empty for id: supported_keyboards
12-31 11:04:52.033  9166 10457 V [SUI] RawSettingsItem: valueFetcher is empty for id: supported_keyboards
12-31 11:04:52.033  9166 10457 V [SUI] RawSettingsItem: editableFetcher is empty for id: supported_keyboards
12-31 11:04:52.033  9166 10457 V [SUI] RawSettingsItem: valueFetcher is empty for id: mobility_lying_down_mode
12-31 11:04:52.033  9166 10457 V [SUI] RawSettingsItem: editableFetcher is empty for id: mobility_lying_down_mode
12-31 11:04:52.033  9166 10457 V [SUI] RawSettingsItem: visibilityFetcher is empty for id: hand_section
12-31 11:04:52.033  9166 10457 V [SUI] RawSettingsItem: valueFetcher is empty for id: hand_section
12-31 11:04:52.033  9166 10457 V [SUI] RawSettingsItem: editableFetcher is empty for id: hand_section
12-31 11:04:52.034  9166 10457 V [SUI] RawSettingsItem: visibilityFetcher is empty for id: movement_tracking_grid_tile
12-31 11:04:52.034  9166 10457 V [SUI] RawSettingsItem: valueFetcher is empty for id: movement_tracking_grid_tile
12-31 11:04:52.034  9166 10457 V [SUI] RawSettingsItem: editableFetcher is empty for id: movement_tracking_grid_tile
12-31 11:04:52.034  9166 10457 V [SUI] RawSettingsItem: visibilityFetcher is empty for id: controllers_input_haptics_amplitude
12-31 11:04:52.034  9166 10457 V [SUI] RawSettingsItem: valueFetcher is empty for id: controllers_input_haptics_amplitude
12-31 11:04:52.034  9166 10457 V [SUI] RawSettingsItem: editableFetcher is empty for id: controllers_input_haptics_amplitude
12-31 11:04:52.034  9166 10457 V [SUI] RawSettingsItem: visibilityFetcher is empty for id: exp_mouse_sensitivity_slider_item
12-31 11:04:52.034  9166 10457 V [SUI] RawSettingsItem: valueFetcher is empty for id: exp_mouse_sensitivity_slider_item
12-31 11:04:52.034  9166 10457 V [SUI] RawSettingsItem: editableFetcher is empty for id: exp_mouse_sensitivity_slider_item
12-31 11:04:52.036  2144  2663 I Clay    : BaseApp: Hibernate transition Hibernate
12-31 11:04:52.039  9166  9166 D [SUI] DynamicAppTileDragItem: Initialized DynamicAppDragItem for: com.oculus.explore
12-31 11:04:52.042  2732  3140 I VrRuntimeService: DestroySwapChain: swapchain=5111
12-31 11:04:52.044  3180 23745 E AnalyticsEvent: could not set key=selection_args value=null
12-31 11:04:52.044  9166  9166 D [SUI] DynamicAppTileDragItem: Initialized DynamicAppDragItem for: com.oculus.store
12-31 11:04:52.044  3180 23745 D CapabilitiesProvider: Capabilities Content Provider called content://com.oculus.identitymanagement.capabilities.contentprovider/account/activeuser/capabilities/com.oculus.capability.social.all, selection= null, selectionArgs=null, sortOrder= null
12-31 11:04:52.048  9166  9166 D [SUI] DynamicAppTileDragItem: Initialized DynamicAppDragItem for: messenger_system_app
12-31 11:04:52.051  9166 23865 I PresenceAPK(ServicePresenceClient): calling onServiceUp
12-31 11:04:52.054  8519 10450 I AuthLogger: Action succeeded: OBTAIN_TOKEN, callingPackage: com.oculus.systemux, accountType: null, tokenType: null, extras: {is_relogin=false}, duration: 0ms
12-31 11:04:52.060  9166 12846 I PresenceAPK(ServicePresenceClient): calling onServiceUp
12-31 11:04:52.061  9166  9166 I [SUI] OVRAuthHelper: fetchAuthToken - completed, result: -1
12-31 11:04:52.063  2710  2974 I [OAO] PanelAppHost: Setting panel layer visibility of layer "#main" to visible, panel 336 (com.oculus.systemux/com.oculus.panelapp.anytimeui.AnytimeUIPanelService)
12-31 11:04:52.064  9166 10457 I [SUI] ConsumerConfiguration: Setting SystemUX Configuration and Policy Settings.
12-31 11:04:52.064  9166 10457 D [SUI] SettingsSectionUtil: Should Show Voice Commands Section SystemUXConfig is Voice Command UI Enabled: false
12-31 11:04:52.064  9166 10457 V [SUI] RawSettingsItem: visibilityFetcher is empty for id: mobility_section
12-31 11:04:52.064  9166 10457 V [SUI] RawSettingsItem: valueFetcher is empty for id: mobility_section
12-31 11:04:52.064  9166 10457 V [SUI] RawSettingsItem: editableFetcher is empty for id: mobility_section
12-31 11:04:52.064  9166 10457 V [SUI] RawSettingsItem: visibilityFetcher is empty for id: system_sound_section
12-31 11:04:52.064  9166 10457 V [SUI] RawSettingsItem: valueFetcher is empty for id: system_sound_section
12-31 11:04:52.064  9166 10457 V [SUI] RawSettingsItem: editableFetcher is empty for id: system_sound_section
12-31 11:04:52.064  9166 10457 V [SUI] RawSettingsItem: visibilityFetcher is empty for id: local_keyboard_enabled_in_home
12-31 11:04:52.064  9166 10457 V [SUI] RawSettingsItem: valueFetcher is empty for id: local_keyboard_enabled_in_home
12-31 11:04:52.064  9166 10457 V [SUI] RawSettingsItem: editableFetcher is empty for id: local_keyboard_enabled_in_home
12-31 11:04:52.064  9166 10457 V [SUI] RawSettingsItem: valueFetcher is empty for id: cloud_backup_e2ee_setup
12-31 11:04:52.064  9166 10457 V [SUI] RawSettingsItem: editableFetcher is empty for id: cloud_backup_e2ee_setup
12-31 11:04:52.064  9166 10457 V [SUI] RawSettingsItem: visibilityFetcher is empty for id: system_keyboard_section
12-31 11:04:52.064  9166 10457 V [SUI] RawSettingsItem: valueFetcher is empty for id: system_keyboard_section
12-31 11:04:52.064  9166 10457 V [SUI] RawSettingsItem: editableFetcher is empty for id: system_keyboard_section
12-31 11:04:52.064  9166 10457 V [SUI] RawSettingsItem: visibilityFetcher is empty for id: auto_sleep_time
12-31 11:04:52.064  9166 10457 V [SUI] RawSettingsItem: valueFetcher is empty for id: auto_sleep_time
12-31 11:04:52.064  9166 10457 V [SUI] RawSettingsItem: editableFetcher is empty for id: auto_sleep_time
12-31 11:04:52.064  9166 10457 V [SUI] RawSettingsItem: visibilityFetcher is empty for id: guardian_boundary_section
12-31 11:04:52.064  9166 10457 V [SUI] RawSettingsItem: valueFetcher is empty for id: guardian_boundary_section
12-31 11:04:52.064  9166 10457 V [SUI] RawSettingsItem: editableFetcher is empty for id: guardian_boundary_section
12-31 11:04:52.064  9166 10457 V [SUI] RawSettingsItem: visibilityFetcher is empty for id: caption_text_color
12-31 11:04:52.064  9166 10457 V [SUI] RawSettingsItem: valueFetcher is empty for id: caption_text_color
12-31 11:04:52.064  9166 10457 V [SUI] RawSettingsItem: editableFetcher is empty for id: caption_text_color
12-31 11:04:52.064  9166 10457 V [SUI] RawSettingsItem: visibilityFetcher is empty for id: security_grid_tile
12-31 11:04:52.064  9166 10457 V [SUI] RawSettingsItem: valueFetcher is empty for id: security_grid_tile
12-31 11:04:52.064  9166 10457 V [SUI] RawSettingsItem: editableFetcher is empty for id: security_grid_tile
12-31 11:04:52.064  9166 10457 V [SUI] RawSettingsItem: visibilityFetcher is empty for id: boundary_headset_distance_sensitivity
12-31 11:04:52.064  9166 10457 V [SUI] RawSettingsItem: valueFetcher is empty for id: boundary_headset_distance_sensitivity
12-31 11:04:52.064  9166 10457 V [SUI] RawSettingsItem: editableFetcher is empty for id: boundary_headset_distance_sensitivity
12-31 11:04:52.064  9166 10457 V [SUI] RawSettingsItem: visibilityFetcher is empty for id: my_apps_notif
12-31 11:04:52.064  9166 10457 V [SUI] RawSettingsItem: valueFetcher is empty for id: my_apps_notif
12-31 11:04:52.064  9166 10457 V [SUI] RawSettingsItem: editableFetcher is empty for id: my_apps_notif
12-31 11:04:52.064  9166 10457 V [SUI] RawSettingsItem: visibilityFetcher is empty for id: permissions_system_level_location_q4b
12-31 11:04:52.064  9166 10457 V [SUI] RawSettingsItem: editableFetcher is empty for id: permissions_system_level_location_q4b
12-31 11:04:52.064  9166 10457 V [SUI] RawSettingsItem: visibilityFetcher is empty for id: privacy_delete_point_cloud_storage
12-31 11:04:52.064  9166 10457 V [SUI] RawSettingsItem: valueFetcher is empty for id: privacy_delete_point_cloud_storage
12-31 11:04:52.064  9166 10457 V [SUI] RawSettingsItem: editableFetcher is empty for id: privacy_delete_point_cloud_storage
12-31 11:04:52.064  9166 10457 V [SUI] RawSettingsItem: visibilityFetcher is empty for id: personalization_display_theme_section
12-31 11:04:52.064  9166 10457 V [SUI] RawSettingsItem: valueFetcher is empty for id: personalization_display_theme_section
12-31 11:04:52.064  9166 10457 V [SUI] RawSettingsItem: editableFetcher is empty for id: personalization_display_theme_section
12-31 11:04:52.069   952  9805 I Tracking: VegaTrackTracker: Starting map tracking on map. SubmapId Submap id = 0, version = 1112756371 Active contexts: 1
12-31 11:04:52.069   952  9805 I Tracking: VegaTrackTracker: Starting map tracking on map. SubmapId Submap id = 2, version = 1890156611 Active contexts: 2
12-31 11:04:52.077  2732  2954 I SwapChain: Clearing Reusable SwapChain and destroying
12-31 11:04:52.077  2732  2954 I SwapChain: DestroyAndroidSurfaceSwapChain: 0x7dc709e800: Destroying SurfaceTexture 0x4f1a Surface 0x4f0a
12-31 11:04:52.077  2732  3140 I VrRuntimeServer: DestroyTextureSwapChain: result destroyswapchain 1
12-31 11:04:52.084  2732  3140 I VrRuntimeService: DestroySwapChain: swapchain=5128
12-31 11:04:52.097  9166 10449 D CCodecBufferChannel: [c2.android.vorbis.decoder#414] MediaCodec discarded an unknown buffer
12-31 11:04:52.097  3180 23745 E AnalyticsEvent: could not set key=selection_args value=null
12-31 11:04:52.097  3180 23745 D CapabilitiesProvider: Capabilities Content Provider called content://com.oculus.identitymanagement.capabilities.contentprovider/account/activeuser/capabilities/com.oculus.capability.social.all, selection= null, selectionArgs=null, sortOrder= null
12-31 11:04:52.100  9166 10449 I hw-BpHwBinder: onLastStrongRef automatically unlinking death recipients
12-31 11:04:52.100  2732  3140 I VrRuntimeServer: DestroyTextureSwapChain: result destroyswapchain 1
12-31 11:04:52.101  9166 10445 D MediaCodec: flushMediametrics
12-31 11:04:52.101  9166 10445 W mediametrics::Item: selfrecord: failed to record: {codec, (01-01 05:00:00.000), (, -1, -1), (android.media.mediacodec.channelCount=1, android.media.mediacodec.codec=c2.android.vorbis.decoder, android.media.mediacodec.encoder=0, android.media.mediacodec.latency.avg=13696, android.media.mediacodec.latency.max=38956, android.media.mediacodec.latency.min=3606, android.media.mediacodec.latency.n=47, android.media.mediacodec.latency.unknown=2, android.media.mediacodec.lifetimeMs=297, android.media.mediacodec.log-session-id=, android.media.mediacodec.low-latency.first-frame=-1, android.media.mediacodec.low-latency.off=0, android.media.mediacodec.low-latency.on=0, android.media.mediacodec.mime=audio/vorbis, android.media.mediacodec.mode=audio, android.media.mediacodec.sampleRate=48000)}
12-31 11:04:52.101 19372 19392 E LoggingErrorHandler: Retrofit error, url: [https://graph.oculus.com/graphql?q=viewer%28%29+%7B++user+%7B++++alias%2C++++profile_photo.size%2840x40%29+%7B++++++uri%2C++++%7D%2C++++avatar_image.size%28240x240%29+%7B++++++uri%2C++++%7D%2C++++user_nux_flags+%7B++++++has_seen_vr_invite_profile_nux%2C++++%7D%2C++%7D%2C+%7D], kind: [NETWORK], status: [0 - ], headers: , body: []
12-31 11:04:52.102 19372 19392 E JavaBinder: *** Uncaught remote exception!  (Exceptions are not yet supported across processes.)
12-31 11:04:52.102  9166  9166 E [SUI] SocialViewModel: Failed to fetch social viewer info, latency: 250ms
12-31 11:04:52.109   883  5338 W mediametrics::Item: selfrecord: failed to record: {extractor, (01-01 05:00:00.000), (, -1, 10037), (android.media.mediaextractor.entry=ndk-with-jvm, android.media.mediaextractor.fmt=OggExtractor, android.media.mediaextractor.mime=audio/ogg, android.media.mediaextractor.ntrk=1)}
12-31 11:04:52.109  3180 14161 E AnalyticsEvent: could not set key=selection_args value=null
12-31 11:04:52.109  3180 14161 D CapabilitiesProvider: Capabilities Content Provider called content://com.oculus.identitymanagement.capabilities.contentprovider/account/activeuser/capabilities/com.oculus.capability.social.all, selection= null, selectionArgs=null, sortOrder= null
12-31 11:04:52.126   952  9805 W Tracking: VEGA:HM:MAP_TRACKING: Validation failed after 0.04 seconds of bad frames. Switching from Validating to NoTracking on Submap id = 0, version = 1112756371
12-31 11:04:52.126   952  9805 W Tracking: VEGA:HM:MAP_TRACKING: Validation failed after 0.04 seconds of bad frames. Switching from Validating to NoTracking on Submap id = 2, version = 1890156611
12-31 11:04:52.140  2144  2663 I Clay    : SoundSystem: setPaused(true), m_paused=false
12-31 11:04:52.141  2144  2663 D AAudio  : AAudioStream_requestStop(s#2) called
12-31 11:04:52.141  2144  2663 D AAudioStream: setState(s#2) from 4 to 9
12-31 11:04:52.141  2144  2663 D AudioTrack: stop(18): called with 193344 frames delivered
12-31 11:04:52.143  2144  3240 D AAudioStream: setState(s#2) from 9 to 10
12-31 11:04:52.143  2144  2663 I TBAudioEngine: [stop] aaudio player request result: OK [0]
12-31 11:04:52.143  9166  9166 D [SUI] SystemUXFunnelLogServerLogger: Impression Event: oculus_impressions_tile_impressioned PersistableBundle[{duration=0, surface=AUI, rawclienttime=1704002692105, utl_uptime_ms=106555164, aui_section=pinned, aui_position_in_section=0, content_id=2646830762095036, position=0, content_type=APP, utl_realtime_ms=157954599, aui_in_app=true, position_x=0, position_y=0}]
12-31 11:04:52.147  9166 10457 I [SUI] ConsumerConfiguration: Setting SystemUX Configuration and Policy Settings.
12-31 11:04:52.147  9166 10457 D [SUI] SettingsSectionUtil: Should Show Voice Commands Section SystemUXConfig is Voice Command UI Enabled: false
12-31 11:04:52.147  9166 10445 D MediaCodecList: codecHandlesFormat: no format, so no extra checks
12-31 11:04:52.148  9166 10457 V [SUI] RawSettingsItem: visibilityFetcher is empty for id: boundary_enable_glanceable_bounds
12-31 11:04:52.148  9166 10457 V [SUI] RawSettingsItem: valueFetcher is empty for id: boundary_enable_glanceable_bounds
12-31 11:04:52.148  9166 10457 V [SUI] RawSettingsItem: editableFetcher is empty for id: boundary_enable_glanceable_bounds
12-31 11:04:52.148  9166 10457 V [SUI] RawSettingsItem: valueFetcher is empty for id: auto_os_critical_updates
12-31 11:04:52.148  9166 10457 V [SUI] RawSettingsItem: editableFetcher is empty for id: auto_os_critical_updates
12-31 11:04:52.149  9166 10457 V [SUI] RawSettingsItem: valueFetcher is empty for id: hands_hand_tracking_autotransition_user_preference
12-31 11:04:52.149  9166 10457 V [SUI] RawSettingsItem: editableFetcher is empty for id: hands_hand_tracking_autotransition_user_preference
12-31 11:04:52.149  9166 10457 V [SUI] RawSettingsItem: visibilityFetcher is empty for id: accessibility_hearing_section
12-31 11:04:52.149  9166 10457 V [SUI] RawSettingsItem: valueFetcher is empty for id: accessibility_hearing_section
12-31 11:04:52.149  9166 10457 V [SUI] RawSettingsItem: editableFetcher is empty for id: accessibility_hearing_section
12-31 11:04:52.149  9166 10457 V [SUI] RawSettingsItem: valueFetcher is empty for id: bluetooth_device_details_name
12-31 11:04:52.149  9166 10457 V [SUI] RawSettingsItem: editableFetcher is empty for id: bluetooth_device_details_name
12-31 11:04:52.149  3180 14161 E AnalyticsEvent: could not set key=selection_args value=null
12-31 11:04:52.149  9166 10457 V [SUI] RawSettingsItem: valueFetcher is empty for id: environment_custom_background
12-31 11:04:52.150  9166 10457 V [SUI] RawSettingsItem: editableFetcher is empty for id: environment_custom_background
12-31 11:04:52.150  9166 10457 V [SUI] RawSettingsItem: visibilityFetcher is empty for id: personalization_virtual_environment_section
12-31 11:04:52.150  9166 10457 V [SUI] RawSettingsItem: valueFetcher is empty for id: personalization_virtual_environment_section
12-31 11:04:52.150  9166 10457 V [SUI] RawSettingsItem: editableFetcher is empty for id: personalization_virtual_environment_section
12-31 11:04:52.150  3180 14161 D CapabilitiesProvider: Capabilities Content Provider called content://com.oculus.identitymanagement.capabilities.contentprovider/account/activeuser/capabilities/com.oculus.capability.social.all, selection= null, selectionArgs=null, sortOrder= null
12-31 11:04:52.150  9166 10457 V [SUI] RawSettingsItem: editableFetcher is empty for id: wifi_refresh
12-31 11:04:52.150  9166 10457 V [SUI] RawSettingsItem: visibilityFetcher is empty for id: about_terms_of_service
12-31 11:04:52.150  9166 10457 V [SUI] RawSettingsItem: valueFetcher is empty for id: about_terms_of_service
12-31 11:04:52.150  9166 10457 V [SUI] RawSettingsItem: editableFetcher is empty for id: about_terms_of_service
12-31 11:04:52.150  9166 10457 V [SUI] RawSettingsItem: valueFetcher is empty for id: mobility_steady_hands
12-31 11:04:52.150  9166 10457 V [SUI] RawSettingsItem: editableFetcher is empty for id: mobility_steady_hands
12-31 11:04:52.150  9166 10457 V [SUI] RawSettingsItem: valueFetcher is empty for id: accessibility_display_contrast
12-31 11:04:52.150  9166 10457 V [SUI] RawSettingsItem: editableFetcher is empty for id: accessibility_display_contrast
12-31 11:04:52.151  9166 10445 D MediaCodecList: codecHandlesFormat: no format, so no extra checks
12-31 11:04:52.152  9166  9166 D [SUI] SystemUXFunnelLogServerLogger: Impression Event: oculus_impressions_tile_impressioned PersistableBundle[{duration=0, surface=AUI, rawclienttime=1704002692105, utl_uptime_ms=106555202, aui_section=pinned, aui_position_in_section=1, content_id=3209391179128490, position=1, content_type=APP, utl_realtime_ms=157954638, aui_in_app=true, position_x=1, position_y=0}]
12-31 11:04:52.153 19372 19392 E LoggingErrorHandler: Retrofit error, url: [https://graph.oculus.com/graphql?doc=query+GetCurrentPartyQuery+%7B++viewer+%7B++++user+%7B++++++current_party+%7B++++++++id%2C++++++++call_door+%7B++++++++++id++++++++%7D%2C++++++++anchored_home_instance+%7B++++++++++id++++++++%7D%2C++++++++only_quest_users%2C++++++++join_policy%2C++++++++party_type%2C++++++++has_active_link_sharing%2C++++++++max_size%2C++++++++party_leader+%7Bid%2Cname%2Calias%2Cpresence%2Cpresence_status%2Cfollow_status%2Cprofile_status%2Cprofile_photo%28size%3A+%22240x240%22%29+%7B++name%2C++uri%2C++width%2C++height%2C%7D%2Cfriend_status%2Cis_blocked_by_viewer%2Ccan_viewer_message%2Ccurrent_party+%7B++id%2C++join_policy%2C++max_size%2C++party_users+%7B++++count%2C++%7D%2C%7D%2Cis_presence_deeplink_joinable%2Cmost_recent_presence+%7B++last_active_description%2C++destination_api_name%2C++scoped_user_id%2C++deeplink_message_for_deeplink_target%2C++launch_params_as_json_string%2C++vr_apps_for_deeplink_target+%7B++++id%2C+++++vr_platform%2C++++package_name%2C+%7D%2C%7D%2C++++++++%7D%2C++++++++invited_users+%7B++++++++++count%2C++++++++++edges+%7B++++++++++++sender%2C++++++++++++node+%7Bid%2Cname%2Calias%2Cpresence%2Cpresence_status%2Cfollow_status%2Cprofile_status%2Cprofile_photo%28size%3A+%22240x240%22%29+%7B++name%2C++uri%2C++width%2C++height%2C%7D%2Cfriend_status%2Cis_blocked_by_viewer%2Ccan_viewer_message%2Ccurrent_party+%7B++id%2C++join_policy%2C++max_size%2C++party_users+%7B++++count%2C++%7D%2C%7D%2Cis_presence_deeplink_joinable%2Cmost_recent_presence+%7B++last_active_description%2C++destination_api_name%2C++scoped_user_id%2C++deeplink_message_for_deeplink_target%2C++launch_params_as_json_string%2C++vr_apps_for_deeplink_target+%7B++++id%2C+++++vr_platform%2C++++package_name%2C+%7D%2C%7D%2C++++++++++++%7D%2C++++++++++%7D%2C++++++++%7D%2C++++++++party_users+%7B++++++++++count%2C++++++++++edges+%7B++++++++++++microphone_channel_selection%2C++++++++++++node+%7Bid%2Cname%2Calias%2Cpresence%2Cpresence_status%2Cfollow_status%2Cprofile_status%2Cprofile_photo%28size%3A+%22240x240%22%29+%7B++name%2C++uri%2C++width%2C++height%2C%7D%2Cfriend_status%2Cis_blocked_by_viewer%2Ccan_viewer_message%2Ccurrent_party+%7B++id%2C++join_policy%2C++max_size%2C++party_users+%7B++++count%2C++%7D%2C%7D%2Cis_presence_deeplink_joinable%2Cmost_recent_presence+%7B++last_active_description%2C++destination_api_name%2C++scoped_user_id%2C++deeplink_message_for_deeplink_target%2C++launch_params_as_json_string%2C++vr_apps_for_deeplink_target+%7B++++id%2C+++++vr_platform%2C++++package_name%2C+%7D%2C%7D%2C++++++++++++%7D%2C++++++++++%7D++++++++%7D%2C++++++++party_blocked_users+%7B++++++++++nodes+%7B++++++++++++id%2C++++++++++++alias%2C++++++++++%7D%2C++++++++%7D%2C++++++++party_blocked_invited_users+%7B++++++++++nodes+%7B++++++++++++id%2C++++++++++++alias%2C++++++++++%7D%2C++++++++%7D%2C++++++++party_invite_activity+%7B++++++++++id%2C++++++++++does_activity_support_group_launch%2C++++++++++application+%7B++++++++++++id%2C++++++++++++display_name%2C++++++++++++package_name%2C++++++++++++max_group_launch_capacity%2C++++++++++++icon_image+%7B++++++++++++++uri%2C++++++++++++%7D%2C++++++++++%7D%2C++++++++++deeplink%2C++++++++++title%2C++++++++%7D%2C++++++++party_group_launch+%7B++++++++++id%2C++++++++++state%2C++++++++++only_quest_users%2C++++++++++creator+%7B++++++++++++id%2C++++++++++%7D++++++++++vr_deeplink_target+%7B++++++++++++vr_apps_for_deeplink_target+%7B++++++++++++++vr_icon_image+%7B++++++++++++++++uri%2C++++++++++++++%7D%2C++++++++++++++id%2C++++++++++++++display_name%2C++++++++++++++is_viewer_entitled%2C++++++++++++%7D%2C++++++++++++deeplink_message_for_deeplink_target%2C++++++++++++...+on+VRDeeplinkTargetWithDefaultWebLink+%7B++++++++++++++description_for_deeplink_target_website%2C++++++++++++++name_for_deeplink_target_website%2C++++++++++++++id%2C++++++++++++++icon_image_for_deeplink_target_website+%7B++++++++++++++++uri%2C++++++++++++++%7D%2C++++++++++++%7D%2C++++++++++++...+on+VRPresenceStatusDefinition+%7B++++++++++++++is_external_deeplinkable%2C+++++++++++
12-31 11:04:52.153  3180 14161 E AnalyticsEvent: could not set key=selection_args value=null
12-31 11:04:52.153  3180 14161 D CapabilitiesProvider: Capabilities Content Provider called content://com.oculus.identitymanagement.capabilities.contentprovider/account/activeuser/capabilities/com.oculus.capability.social.all, selection= null, selectionArgs=null, sortOrder= null
12-31 11:04:52.153 19372 19392 E JavaBinder: *** Uncaught remote exception!  (Exceptions are not yet supported across processes.)
12-31 11:04:52.155  9166  9166 D [SUI] SystemUXFunnelLogServerLogger: Impression Event: oculus_impressions_tile_impressioned PersistableBundle[{duration=0, surface=AUI, rawclienttime=1704002692105, utl_uptime_ms=106555211, aui_section=pinned, aui_position_in_section=2, content_id=messenger_system_app, position=2, content_type=APP, utl_realtime_ms=157954646, aui_in_app=true, position_x=2, position_y=0}]
12-31 11:04:52.155  9166 10471 D CCodec  : allocate(c2.android.vorbis.decoder)
12-31 11:04:52.155  3180 23745 E AnalyticsEvent: could not set key=selection_args value=null
12-31 11:04:52.155  3180 23745 D CapabilitiesProvider: Capabilities Content Provider called content://com.oculus.identitymanagement.capabilities.contentprovider/account/activeuser/capabilities/com.oculus.capability.social.all, selection= null, selectionArgs=null, sortOrder= null
12-31 11:04:52.155  9166  9166 D [SUI] HorizonContentProviderHelper: java.lang.RuntimeException
12-31 11:04:52.155  9166  9166 E [SUI] SocialViewModel: Failed to fetch current party data
12-31 11:04:52.158  9166 10471 I CCodec  : setting up 'default' as default (vendor) store
12-31 11:04:52.165  9166 10457 I [SUI] ConsumerConfiguration: Setting SystemUX Configuration and Policy Settings.
12-31 11:04:52.165  9166 10457 V [SUI] RawSettingsItem: valueFetcher is empty for id: video_capture_image_stabilization
12-31 11:04:52.165  9166 10457 V [SUI] RawSettingsItem: editableFetcher is empty for id: video_capture_image_stabilization
12-31 11:04:52.166  9166 10457 V [SUI] RawSettingsItem: editableFetcher is empty for id: auto_time
12-31 11:04:52.166  9166 10457 V [SUI] RawSettingsItem: valueFetcher is empty for id: environment_type_selector
12-31 11:04:52.166  9166 10457 V [SUI] RawSettingsItem: editableFetcher is empty for id: environment_type_selector
