12-28 05:50:53.595 28792 28792 I PanelService: END: nativeInitializePanelInstance - Add fd 85 to looper with error code 1
12-28 05:50:53.595 28792 28792 D PanelAppClient: END: Initializing panel application via MSG_CREATE_PANEL_APP.
12-28 05:50:53.595 28792 28792 D [SUI] ActivityManagerUtilsHelper: onFocusedWindowChanged: Instance: com.oculus.common.activitymanager.ActivityManagerUtilsHelper@687fd39, topWindowUid: 10108, focusedApp: com.epicgames.AtomVR, previousApp: null
12-28 05:50:53.596 28792 28792 I PresenceAPK(BaseServiceApiManager$1): onServiceConnected componentName=ComponentInfo{com.oculus.presence/com.oculus.presence.services.presence.PresenceService}
12-28 05:50:53.596  1152 22549 D ConnectivityService: requestNetwork for uid/pid:10024/3596 activeRequest: null callbackRequest: 4545 [NetworkRequest [ REQUEST id=4546, [ Capabilities: INTERNET&NOT_RESTRICTED&TRUSTED&NOT_VCN_MANAGED Uid: 10024 RequestorUid: 10024 RequestorPkg: com.oculus.systemutilities] ]] callback flags: 0 priority: 2147483647
12-28 05:50:53.596  1152  1276 D ConnectivityService: NetReassign [4546 : null  101]
12-28 05:50:53.597  1152  1269 D WifiNetworkFactory: got request NetworkRequest [ REQUEST id=4546, [ Capabilities: INTERNET&NOT_RESTRICTED&TRUSTED&NOT_VCN_MANAGED Uid: 10024 RequestorUid: 10024 RequestorPkg: com.oculus.systemutilities] ]
12-28 05:50:53.597  1152  1269 D UntrustedWifiNetworkFactory: got request NetworkRequest [ REQUEST id=4546, [ Capabilities: INTERNET&NOT_RESTRICTED&TRUSTED&NOT_VCN_MANAGED Uid: 10024 RequestorUid: 10024 RequestorPkg: com.oculus.systemutilities] ]
12-28 05:50:53.598  1152  1269 D OemPaidWifiNetworkFactory: got request NetworkRequest [ REQUEST id=4546, [ Capabilities: INTERNET&NOT_RESTRICTED&TRUSTED&NOT_VCN_MANAGED Uid: 10024 RequestorUid: 10024 RequestorPkg: com.oculus.systemutilities] ]
12-28 05:50:53.599 28792 28792 I PresenceAPK(BaseServiceApiManager$1): setting serviceApi
12-28 05:50:53.601 28792 28792 D [SUI] ActivityManagerUtilsHelper: onFocusedWindowChanged: Instance: com.oculus.common.activitymanager.ActivityManagerUtilsHelper@a245f7e, topWindowUid: 10108, focusedApp: com.epicgames.AtomVR, previousApp: null
12-28 05:50:53.601 28792 28792 I [SUI] OVRAuthHelper: fetchAuthToken - completed, result: -1
12-28 05:50:53.601 28792 28792 D ContextualButtonsView: OCULUS_CAPTURE__EDUCATION_DUI_TOOLTIP gk is not passed!
12-28 05:50:53.601 28792 28792 I [SUI] OVRAuthHelper: fetchAuthToken - completed, result: -1
12-28 05:50:53.601 28792 28792 D UserAppScopedAuthHelper: fetchUserInfo - completed
12-28 05:50:53.601 28792 28792 D UserAppScopedAuthHelper: fetchUserInfo - fetching app scoped access token
12-28 05:50:53.602 28792  4422 I PresenceAPK(ServiceApiManager): onApiNotReady
12-28 05:50:53.602 28792  4422 D PresenceAPK(ServicePresenceClient): Calling onServiceDown
12-28 05:50:53.602 28792  4422 I PresenceAPK(GroupManager): disconnected
12-28 05:50:53.602 28792 28792 D CppPanelService: PanelService()
12-28 05:50:53.602 28792 28792 D CppPanelService: onCreate()
12-28 05:50:53.603 28792 28792 D CppPanelService: onBind()
12-28 05:50:53.604 28792 28792 D [SUI] SystemUXBroadcastReceiver: action: com.oculus.systemactivities.CAPTURE_STATE_UPDATE
12-28 05:50:53.605 28792 28792 I [SUI] SystemUXBroadcastReceiver: handleCaptureStateUpdate: captureToDisk false, captureEnabled false, isCapturingAbuseReport false, abuseRecordingUUID null, isMetacam false
12-28 05:50:53.605 28792 28792 D [SUI] ScreenCaptureUtil: onHorizonCaptureStateChanged isCaptureToDiskMode=false isCaptureEnabled=false
12-28 05:50:53.605 28792 28792 D [SUI] ScreenCaptureUtil: onHorizonCaptureStateChanged isCaptureToDiskMode=false isCaptureEnabled=false
12-28 05:50:53.605 28792 28792 D [SUI] ScreenCaptureUtil: onHorizonCaptureStateChanged isCaptureToDiskMode=false isCaptureEnabled=false
12-28 05:50:53.605 28792 28792 D [SUI] ScreenCaptureUtil: onHorizonCaptureStateChanged isCaptureToDiskMode=false isCaptureEnabled=false
12-28 05:50:53.605 28792 28792 D [SUI] ScreenCaptureUtil: onHorizonCaptureStateChanged isCaptureToDiskMode=false isCaptureEnabled=false
12-28 05:50:53.605 28792 28792 D [SUI] ScreenCaptureUtil: onHorizonCaptureStateChanged isCaptureToDiskMode=false isCaptureEnabled=false
12-28 05:50:53.605 28792 28792 D [SUI] ScreenCaptureUtil: onHorizonCaptureStateChanged isCaptureToDiskMode=false isCaptureEnabled=false
12-28 05:50:53.605 28792 28792 D [SUI] ScreenCaptureUtil: onHorizonCaptureStateChanged isCaptureToDiskMode=false isCaptureEnabled=false
12-28 05:50:53.605 28792 28792 D [SUI] ScreenCaptureUtil: onHorizonCaptureStateChanged isCaptureToDiskMode=false isCaptureEnabled=false
12-28 05:50:53.605 28792 28792 D [SUI] ScreenCaptureUtil: onHorizonCaptureStateChanged isCaptureToDiskMode=false isCaptureEnabled=false
12-28 05:50:53.605 28792 28792 D [SUI] ScreenCaptureUtil: onHorizonCaptureStateChanged isCaptureToDiskMode=false isCaptureEnabled=false
12-28 05:50:53.605 28792 28792 D [SUI] ScreenCaptureUtil: onHorizonCaptureStateChanged isCaptureToDiskMode=false isCaptureEnabled=false
12-28 05:50:53.605 28792 28792 D [SUI] ScreenCaptureUtil: onHorizonCaptureStateChanged isCaptureToDiskMode=false isCaptureEnabled=false
12-28 05:50:53.605 28792 28792 D [SUI] SystemUXBroadcastReceiver: action: com.oculus.systemactivities.LOCAL_STREAM_STATE_UPDATE
12-28 05:50:53.605 28792 28792 D [SUI] ScreenCaptureUtil: onLocalStreamStateUpdate(isCaptureRunning = false)
12-28 05:50:53.605 28792 28792 D [SUI] ScreenCaptureUtil: onLocalStreamStateUpdate(isCaptureRunning = false)
12-28 05:50:53.605 28792 28792 D [SUI] ScreenCaptureUtil: onLocalStreamStateUpdate(isCaptureRunning = false)
12-28 05:50:53.605 28792 28792 D [SUI] ScreenCaptureUtil: onLocalStreamStateUpdate(isCaptureRunning = false)
12-28 05:50:53.605 28792 28792 D [SUI] ScreenCaptureUtil: onLocalStreamStateUpdate(isCaptureRunning = false)
12-28 05:50:53.605 28792 28792 D [SUI] ScreenCaptureUtil: onLocalStreamStateUpdate(isCaptureRunning = false)
12-28 05:50:53.605 28792 28792 D [SUI] ScreenCaptureUtil: onLocalStreamStateUpdate(isCaptureRunning = false)
12-28 05:50:53.605 28792 28792 D [SUI] ScreenCaptureUtil: onLocalStreamStateUpdate(isCaptureRunning = false)
12-28 05:50:53.605 28792 28792 D [SUI] ScreenCaptureUtil: onLocalStreamStateUpdate(isCaptureRunning = false)
12-28 05:50:53.605 28792 28792 D [SUI] ScreenCaptureUtil: onLocalStreamStateUpdate(isCaptureRunning = false)
12-28 05:50:53.605 28792 28792 D [SUI] ScreenCaptureUtil: onLocalStreamStateUpdate(isCaptureRunning = false)
12-28 05:50:53.605 28792 28792 D [SUI] ScreenCaptureUtil: onLocalStreamStateUpdate(isCaptureRunning = false)
12-28 05:50:53.605 28792 28792 D [SUI] ScreenCaptureUtil: onLocalStreamStateUpdate(isCaptureRunning = false)
12-28 05:50:53.605 28792 28792 V CastingServiceConnectionHandler: addCastStateListener()
12-28 05:50:53.608 28792  1340 E UserAppScopedAuthHelper: Error requesting app scoped access token
12-28 05:50:53.607  3265  3289 V MetaCam (CastingService): isCasting(), callerPackageName = com.oculus.systemux
12-28 05:50:53.609 28792  1340 E UserAppScopedAuthHelper: Failed to log in
12-28 05:50:53.619  3217  3278 W PhaseSync: [PS_Ver_1_0] DiscardFrame is triggered, frame->Stage 2 FrameBeginIndex 3006 
12-28 05:50:53.620  3217  3278 I MRSVC   : MIXEDREALITY: OpenXrSupport: OpenXR qualified success: xrBeginFrame(clientState_.session, &beginFrameDesc): XR_FRAME_DISCARDED
12-28 05:50:53.620  3217  3278 I MRSVC   : MIXEDREALITY: MrServiceView: renderIteration: Hibernating the rendering thread since ID is off and no active PT layers.
12-28 05:50:53.622 28792 28792 D [SUI] ScreenCaptureUtil: onIsMetacamCastingUpdate(isMetacamCasting = false)
12-28 05:50:53.623 28792 28792 E [SUI] GraphQLExecutor: Exception thrown while getting OC access token
12-28 05:50:53.623 28792 28792 E [SUI] GraphQLExecutor: Exception thrown while getting OC access token
12-28 05:50:53.622  3217  3278 I MRSVC   : MIXEDREALITY: MrServiceModelBase: Hibernating caller (most likely rendering thread) due to commandQueue being empty.
12-28 05:50:53.626 28792  1310 W OVRLibrary: null cursor received for query content://com.oculus.ocms.library/apps/com.epicgames.AtomVR
12-28 05:50:53.653  2802  2802 D DeviceHelper: isScreenOn = true
12-28 05:50:53.653  2802  2802 D [OAO] ShellOverlayBroadcastReceiver: onReceive with ShellOverlayService native pointer 503834521152, action com.oculus.systemactivities.CAPTURE_STATE_UPDATE
12-28 05:50:53.657   945  1423 I Tracking: RELOC_TIMER: Running localization in background with throttling - It's 108.28 seconds since first attempt, background timeout after 3600 seconds
12-28 05:50:53.657   945  1423 I Tracking: LocalizationStateMachine: Not scheduling fine localization since last fine reloc is < 1s old.
12-28 05:50:53.658   945  1423 I Tracking: VEGA_MAPPER: Did not schedule localization because in cooldown.
12-28 05:50:53.658   945  1423 I Tracking: RELOC_TIMER: Running localization in background with throttling - It's 108.28 seconds since first attempt, background timeout after 3600 seconds
12-28 05:50:53.658  2802  2802 D [OAO] PanelServiceConnection: onSeviceConnected - component name (ComponentInfo{com.oculus.systemux/com.oculus.panelapp.controlbar.ControlBarPanelService}), panel app id (239)
12-28 05:50:53.658  2802  2802 D [OAO] ShellApplication: notify OS to set com.oculus.systemux/com.oculus.panelapp.controlbar.ControlBarPanelService to FOREGROUND
12-28 05:50:53.659  2802  3044 I [OAO] ShellFrameAnalytics: Shell Heartbeat focusedPanelTimeSpent: {"224":3399,"238":27} visibleTimeSpent: {"223":3399,"224":3399,"225":3399,"237":27,"238":27,"239":27} inputTimeSpent: {"223":"{\"visible_controller\":3399}","224":"{\"focus_controller\":3399,\"visible_controller\":3399}","225":"{\"visible_controller\":3399}","237":"{\"visible_controller\":27}","238":"{\"focus_controller\":27,\"visible_controller\":27}","239":"{\"visible_controller\":27}"} inputClickCount: {"223":"{\"visible_controller\":1}","224":"{\"focused_controller\":1,\"visible_controller\":1}","225":"{\"visible_controller\":1}"} mouseMoveTimeSpent: 0 mouseScrollTimeSpent: 0 physicalKeyboardConnectedTimeSpent: 0 physicalKeyboardTrackedTimeSpent: 0 quickActionsMenuActivations: 0 quickActionsMenuTimeSpent: 0 quickActionsMenuSessionLengths: [] quickActionsMenuSelections: {} handTrackingOptIn: 0 handTrackingAutoTransition: 1 directTouchOptIn: 1
12-28 05:50:53.660  2802  3044 I [OAO] PanelAppAnalytics: First frame latency: 0.282 for id 238 com.oculus.systemux/com.oculus.panelapp.destinationui.DestinationUiPanelService
12-28 05:50:53.663  3217  3238 I MRSVC   : MIXEDREALITY: MrServiceController: VrFocusManager::Top Activity Changed, topActivity now is: 'com.epicgames.AtomVR', immersiveApp now is: 'com.epicgames.AtomVR'.
12-28 05:50:53.643     0     0 E         : [drm:sde_encoder_lineptr_callback:4406] late lineptr, headroom 1
12-28 05:50:53.667  2875 31739 I Vsync   : Vsync 7852:  1 x 14.47 ms (71.83 Hz, at 182423.986)
12-28 05:50:53.668  2802  2802 I [OAO] PanelAppConnection: verifyFirstPartyUID(Debug Signatures=false, uid=10037) => apkSignatureResult=SigCertInfo(isTrusted=true, packageNames=[com.oculus.systemux], fingerprint sha1=98a1809f3c3e79170e5df8135b500ecfa39df1be, fingerprint sha256=012f8165c191efe8fb0d6d4606aa4abac14d77d1d97d5340860c9f81045aa157, signature=308205cf308203b7a0030201020204097e91c1300d06092a864886f70d01010b0500308197310b3009060355040613025553311330110603550408130a43616c69666f726e6961311330110603550407130a4d656e6c6f205061726b31233021060355040a131a46616365626f6f6b20546563686e6f6c6f676965732c204c4c4331233021060355040b131a46616365626f6f6b20546563686e6f6c6f676965732c204c4c43311430120603550403130b4f63756c75732041707073301e170d3139303730343131333935315a170d3436313131393131333935315a308197310b3009060355040613025553311330110603550408130a43616c69666f726e6961311330110603550407130a4d656e6c6f205061726b31233021060355040a131a46616365626f6f6b20546563686e6f6c6f676965732c204c4c4331233021060355040b131a46616365626f6f6b20546563686e6f6c6f676965732c204c4c43311430120603550403130b4f63756c7573204170707330820222300d06092a864886f70d01010105000382020f003082020a0282020100b815642a5c201c8da044905dafbb06c05fddb75449cc75a716a0434da0493a52a4d60643532c237e76cb41d2c32a5e4474f12b37f632a809b5a5ceb8c6289ecf828e736b4ec452b1c2757bd0b5ed13eff5a7a47ab2ef6cdf60a8d749e9e8603f30d12b5db8f734c57578a2a4ce5ff5737c1f02c629d2dcb4f82726674663a699de94463ff370fa9eb48158831bf0b68bd6ec84293182d52e860bdd81bb9ce9cdd6a77fea0df25004da34d3cce7a31069646aa4628fba9ccb0952163793be9a4edf49a53f83179c2f44d8c87d6c129e8d590af0f3fced26201ee43b31fccd93b497cd198c5cd1f98d64c4f7ad79ca47278c02652d5dc072a99807e22f473f7bae4da2bafcae48cd49ad55a764b8d39f329f6175eac9074307deff48b1c4a6e19b748766617768c31a17feae8478eb7f9ebfb61af2b9f5a692b636342d7ebc53d7146626b51801b5a0a102e281475decdefb8683d0ca2843dc7aaeb6759bcab0dcba38db44f5d7f797a1c9c02dd159c0e3c72b14dc882d31c24ad8abee4ce0f7f0205e05efef551e2551a61e96636ed5dfd7435d3d24f5a130a12f10452cc954aa770d5d95e3e0cb9d7b05c5506a7947f8ff3437b3d82274fdaa156d85bfb7fbcb4fa5557080fedab86520b71d3d533e7bb3e7e3ebe9712b68e755d700b0afbf7595ffa80a6b3d90bfe599769138ee6515df415e32c0abed2b8e4aea1f47351f490203010001a321301f301d0603551d0e04160414a3c939e6b71c43bc9193f773c0351be1aff311f9300d06092a864886f70d01010b050003820201004e4c865231f2a3583c6af9488ecf9aa96b1ee84e2d7bfad00581537dc70c54ecfcf360e563d018efa4cdd77bf6fc4c9f1a20ebd4215cf1538686d4089bdcc8adb6ae4497ead14b0c18efd52ce93357019973e94e16b3326c60885b1bdc5f9cad1098f16732935876d8d19bda3ceeaaa69a83c4e2231710c6735f88abdfffe3dfa2be3f18f894923441b4e4a9c9664ed6294c16d7c073547063bfdbbefad184a001f1dce2feffdc96d10eb16a3bfbcd382cd297ca3b4edb7ebacd1a9931a1368a5157ceaebbca5b39bd5db5461a340db8ec076d38a94bcdd042bfb51388158ba97a49b631c1762fa746c7bb36eaf15cae23fa993cfb052e824f2ae173ea27b50a6cca91eb955f4faf131514757e5a3ecae9df6d23771279b7742f28fb9ce394eb9e03926f550716f1312355a5efdc479d8347b516cff55cb14307c81280142cacf2fd6562a2baacbfc97869272b1c51abf79121de8bab227e001313d4115eb9b33a332ebb34e290f14b5352ef1038f7a5f3740c9d1136b3526de4331deb4fa529c36a17c04c3e64d4f6ebda73d6e6e18281e3948fd11e685eab6611be1bc62839bce5962715e7f6537e6c083bcd3538d17407b26c850cd6b3f5e2149fdef027a6cfb7ed0f93c928aca14927b10c6a3f104ba1b10413af8b1868b84a004e5ddd065fff26a7bb3c818bb5a2d69aedf9441ef9033efae3ef52282a96f66d4b4ff3f2)
12-28 05:50:53.668  2802  3044 I [OAO] PanelAppAnalytics: First frame latency: 0.246 for id 239 com.oculus.systemux/com.oculus.panelapp.controlbar.ControlBarPanelService
12-28 05:50:53.668 28792 28792 I AndroidPanelApp: Processing pending hide layer for layer #main.
12-28 05:50:53.668 28792 28792 I AndroidPanelApp: Processing pending show layer info for layer #main with width 1280 and height 800.
12-28 05:50:53.668 28792 28792 I AndroidPanelApp: layerSupersample no changes
12-28 05:50:53.670 28792 30280 I PanelVerifier: verifyVrShellUID(Debug Signatures=false, uid=10025) => apkSignatureResult=SigCertInfo(isTrusted=true, packageNames=[com.oculus.vrshell], fingerprint sha1=331660b6dd3bd582f3dfd3cbae4546724668a021, fingerprint sha256=dc2f834e3c1942378b14f076c82cd1ab59ea6566bff4730b2047e98efc9f9daf, signature=3082038d30820275a00302010202041303858a300d06092a864886f70d01010b05003077310b3009060355040613025553310b3009060355040813024341311330110603550407130a4d656e6c6f205061726b31173015060355040a130e4f63756c75732056522c204c4c4331173015060355040b130e4f63756c75732056522c204c4c43311430120603550403130b4f63756c75732041707073301e170d3134313033303231343032315a170d3432303331373231343032315a3077310b3009060355040613025553310b3009060355040813024341311330110603550407130a4d656e6c6f205061726b31173015060355040a130e4f63756c75732056522c204c4c4331173015060355040b130e4f63756c75732056522c204c4c43311430120603550403130b4f63756c7573204170707330820122300d06092a864886f70d01010105000382010f003082010a0282010100a34c7fbd96dea95d811f21a0d760cabca85f2df5dbe19b62aca7a3e3e0b6e48f7e173345f2753c458d639cc2e222eeee4cfb5e89ac1c5060044414056709a43a7f1a6f1e4f2c3d708c48912634be08ad6da1fff92d9c0d4b85e4bc8a8b1c27de84c04eb1e6577c10693500af46beaf7bd2ce72a06a46f4e565859f242cecbef1a431ae8096db712cebe73840bacc64de6b99077ba1ca8c20e5d0b4870bd161f087abbf568dfef58e604068ca6f7cdea183c8681c306bc30cb223e7c5ce3a2fcf00d13e158475b3700ef62dcca46c57baecca4d91052e20b861a1a085d5fc8e99aed8c4a9cfd550d01e54ef5062133befcf7f9ea6a5a1d1575a72cd82279f34030203010001a321301f301d0603551d0e04160414ec7ccdaf8ccdc6dd1b87d4b561582ad8ec397b80300d06092a864886f70d01010b0500038201010014c557ecddc17ba8b979618036e7093b8e7307f624644532c31239f4dc83fd9424267ca7670fa9f78689cbc5bfd8a6312fdc214bd159d614a8753ceec0f2b2d9166217895b13c992e1d10ca625a3153dacfa51dbdb7fde139bd59510f5add29f88be3826b445ce7386dcf06577be72fbdf118fa81179091fad275981409e02d40422d8e86df5827a2c496a4b905b4825c3f1ba0af4cf509bf9b0d4d608cf0b4320ac60d1a8cbcc384de24f11a4c93c0fc5b887cbd6855871af1b1ef729c51a8a123efc6a627b6494e81a264587443b9156ad17772863c2f9685fae9c72a552b333f8ef2822bce5d4d178e45b3a8dd4e321924f6a5ba43f732971a9e74cbf0433), time=0 ms
12-28 05:50:53.670 28792 28792 I [SUI] AnytimeUIPanelApp: Bar visibility changed to true
12-28 05:50:53.671 28792 28792 D PanelAppClient: BEGIN: Initializing panel application via MSG_CREATE_PANEL_APP.
12-28 05:50:53.672 28792 28792 I AndroidPanelApp: Created
12-28 05:50:53.672 28792 28792 I [SUI] ControlBarPanelApp: Create control bar panel app.
12-28 05:50:53.672 28792 28792 I PanelService: BEGIN: nativeInitializePanelInstance - Configure and set up thread polling.
12-28 05:50:53.672 28792 28792 I PanelService: BEGIN: Call hosted app's Configure method.
12-28 05:50:53.672 28792 28792 I PanelService: END: Call hosted app's Configure method.
12-28 05:50:53.672 28792 28792 I PanelService: END: nativeInitializePanelInstance - Add fd 148 to looper with error code 1
12-28 05:50:53.672 28792 28792 D PanelAppClient: END: Initializing panel application via MSG_CREATE_PANEL_APP.
12-28 05:50:53.673 28792 28792 D [SUI] ControlBarViewModel: Constructing ViewModel for barId: controlbar4
12-28 05:50:53.673 28792 28792 I AndroidPanelApp: HideLayer(controlbar4, shape: 2, shouldMinimizeLayer: false)
12-28 05:50:53.675  1152 22549 I DisplayDeviceRepository: Display device added: DisplayDeviceInfo{"com.oculus.android_panel_app.AndroidPanelLayer-controlbar4": uniqueId="virtual:com.oculus.systemux,10037,com.oculus.android_panel_app.AndroidPanelLayer-controlbar4,0", 1250 x 50, modeId 1502, defaultModeId 1502, supportedModes [{id=1502, width=1250, height=50, fps=60.0, alternativeRefreshRates=[]}], colorMode 0, supportedColorModes [0], hdrCapabilities null, allmSupported false, gameContentTypeSupported false, density 200, 200.0 x 200.0 dpi, appVsyncOff 0, presDeadline 16666666, touch NONE, rotation 0, type VIRTUAL, deviceProductInfo null, state OFF, owner com.oculus.systemux (uid 10037), frameRateOverride , brightnessMinimum 0.0, brightnessMaximum 0.0, brightnessDefault 0.0, FLAG_PRIVATE, FLAG_NEVER_BLANK, FLAG_OWN_CONTENT_ONLY}
12-28 05:50:53.676  1152 22549 I LogicalDisplayMapper: Applying layout: [{addr: {port=129, model=0x40446d9218dcf4}, dispId: 0(ON)}], Previous layout: [{addr: {port=129, model=0x40446d9218dcf4}, dispId: 0(ON)}]
12-28 05:50:53.676  1152 22549 I LogicalDisplayMapper: Adding new display: 932: DisplayInfo{"com.oculus.android_panel_app.AndroidPanelLayer-controlbar4", displayId 932", displayGroupId -1, FLAG_PRIVATE, real 1250 x 50, largest app 1250 x 50, smallest app 1250 x 50, appVsyncOff 0, presDeadline 16666666, mode 1502, defaultMode 1502, modes [{id=1502, width=1250, height=50, fps=60.0, alternativeRefreshRates=[]}], hdrCapabilities null, userDisabledHdrTypes [], minimalPostProcessingSupported false, rotation 0, state OFF, type VIRTUAL, uniqueId "virtual:com.oculus.systemux,10037,com.oculus.android_panel_app.AndroidPanelLayer-controlbar4,0", app 1250 x 50, density 200 (200.0 x 200.0) dpi, layerStack 932, colorMode 0, supportedColorModes [0], deviceProductInfo null, owner com.oculus.systemux (uid 10037), removeMode 1, refreshRateOverride 0.0, brightnessMinimum 0.0, brightnessMaximum 0.0, brightnessDefault 0.0}
12-28 05:50:53.676  1152 22549 I LogicalDisplayMapper: Setting new display group 0 for display 932, from previous group: null
12-28 05:50:53.676  1152 22549 W DisplayPowerController[932]: Screen brightness nits configuration is unavailable; falling back
12-28 05:50:53.679  1152  1168 I InputDispatcher: Created monitor PointerEventDispatcher932 for display 932, gesture=false, pid=1152
12-28 05:50:53.683  2875 31739 I Vsync   : Vsync 7853:  1 x 13.37 ms (71.83 Hz, at 182424.002)
12-28 05:50:53.686  2802  3044 W OsSdk   : Requested historical tracking state too far in the past; oldest: 182423.718742s, requested: 182423.690079s
12-28 05:50:53.693  1152  1168 I WindowManager: Override config changes=20005df8 {0.0 ?mcc?mnc ?localeList ?layoutDir sw40dp w1000dp h40dp 200dpi nrml long land ?uimode ?night -touch -keyb/v/h -nav/h winConfig={ mBounds=Rect(0, 0 - 1250, 50) mAppBounds=Rect(0, 0 - 1250, 50) mMaxBounds=Rect(0, 0 - 1250, 50) mWindowingMode=fullscreen mDisplayWindowingMode=fullscreen mActivityType=undefined mAlwaysOnTop=undefined mRotation=ROTATION_0} ?fontWeightAdjustment} for displayId=932
12-28 05:50:53.697  3141  3206 I VrGuardianService: GuardianSDKServer::SetGuardianHitDialog 1
12-28 05:50:53.697  2802  3044 I [OAO] SystemTaskBar: UpdateVisiblity(cooperative, 0)
12-28 05:50:53.697  2802  3044 I [OAO] DesktopPanelController: CooperativeState transit from shell state exclusive to cooperative
12-28 05:50:53.698  1152  1168 V WindowManager: Display 932 state is now (1), so update layer mirroring?
12-28 05:50:53.701  2802  3044 I [OAO] PanelAppOSLifecycleNotificationManager: Sending frameState isForeground:1 to OS for app com.oculus.systemux/com.oculus.panelapp.destinationui.DestinationUiPanelService
12-28 05:50:53.701  2802  3044 I [OAO] PanelAppOSLifecycleNotificationManager: Sending frameState isForeground:1 to OS for app com.oculus.systemux/com.oculus.panelapp.controlbar.ControlBarPanelService
12-28 05:50:53.701 28792 28792 I [SUI] ControlBarView: ControlBarView created
12-28 05:50:53.703  2802  3044 I [OAO] LayerSwapChainResource: LayerSwapChainResource width(60), height(60), swap chain length(1), mips(2)
12-28 05:50:53.703  2802  3044 I [OAO] SwapChainApiOpenXr: CreateTextureSwapChain 60,60 - 1
12-28 05:50:53.703  2875  3134 I VrRuntimeService: CreateSwapChain: 3224358056
12-28 05:50:53.703  2875  3134 I VrRuntimeService: CreateSwapChain: api:gles 0 0x8c43 60 60 2 1 1 0 3
12-28 05:50:53.703  2875  3134 I VrRuntimeServer: CreateTextureSwapChain: result importswapchaingles 1
12-28 05:50:53.705  2875 31739 I CompositorProgs: Using GLES Version 310
12-28 05:50:53.705  3217  3278 W PhaseSync: [PS_Ver_1_0] DiscardFrame is triggered, frame->Stage 2 FrameBeginIndex 3007 
12-28 05:50:53.705  3217  3278 I MRSVC   : MIXEDREALITY: OpenXrSupport: OpenXR qualified success: xrBeginFrame(clientState_.session, &beginFrameDesc): XR_FRAME_DISCARDED
12-28 05:50:53.706  3217  3278 I MRSVC   : MIXEDREALITY: MrServiceView: renderIteration: Hibernating the rendering thread since ID is off and no active PT layers.
12-28 05:50:53.706  3217  3278 I MRSVC   : MIXEDREALITY: MrServiceModelBase: Hibernating caller (most likely rendering thread) due to commandQueue being empty.
12-28 05:50:53.707 28792 28792 I [SUI] ControlBarView: Initializing ControlBarViewcontrolbar4
12-28 05:50:53.707 28792 28792 D OCPanelBackgroundDrawable: updateBorderRadius with type: Top, value: 25
12-28 05:50:53.708  2875 31739 I CompositorProgs: loaded binary layerProgram :0x100100048081:0x in 2.9 ms
12-28 05:50:53.708  2875 31739 I CompositorProgs: Using GLES Version 310
12-28 05:50:53.708  1152  1170 I DisplayDeviceRepository: Display device changed: DisplayDeviceInfo{"com.oculus.android_panel_app.AndroidPanelLayer-controlbar4": uniqueId="virtual:com.oculus.systemux,10037,com.oculus.android_panel_app.AndroidPanelLayer-controlbar4,0", 1280 x 50, modeId 1503, defaultModeId 1503, supportedModes [{id=1503, width=1280, height=50, fps=60.0, alternativeRefreshRates=[]}], colorMode 0, supportedColorModes [0], hdrCapabilities null, allmSupported false, gameContentTypeSupported false, density 200, 200.0 x 200.0 dpi, appVsyncOff 0, presDeadline 16666666, touch NONE, rotation 0, type VIRTUAL, deviceProductInfo null, state OFF, owner com.oculus.systemux (uid 10037), frameRateOverride , brightnessMinimum 0.0, brightnessMaximum 0.0, brightnessDefault 0.0, FLAG_PRIVATE, FLAG_NEVER_BLANK, FLAG_OWN_CONTENT_ONLY}
12-28 05:50:53.710 28792 28792 I [SUI] ControlBarPanelApp: borderRadiusType: Top, value: 25
12-28 05:50:53.710  2875 31739 I CompositorProgs: loaded binary layerProgram :0x100000048002:0x in 2.2 ms
12-28 05:50:53.710 28792 28792 I AndroidPanelApp: Processing pending hide layer for layer controlbar4.
12-28 05:50:53.710 28792 28792 I AndroidPanelApp: Processing pending show layer info for layer controlbar4 with width 1280 and height 50.
12-28 05:50:53.710 28792 28792 I AndroidPanelApp: layerSupersample no changes
12-28 05:50:53.712  1152  1168 I WindowManager: Override config changes=20000400 {0.0 ?mcc?mnc ?localeList ?layoutDir sw40dp w1024dp h40dp 200dpi nrml long land ?uimode ?night -touch -keyb/v/h -nav/h winConfig={ mBounds=Rect(0, 0 - 1280, 50) mAppBounds=Rect(0, 0 - 1280, 50) mMaxBounds=Rect(0, 0 - 1280, 50) mWindowingMode=fullscreen mDisplayWindowingMode=fullscreen mActivityType=undefined mAlwaysOnTop=undefined mRotation=ROTATION_0} ?fontWeightAdjustment} for displayId=932
12-28 05:50:53.713  1152  1168 V WindowManager: Display 932 state is now (1), so update layer mirroring?
12-28 05:50:53.713  1152  1168 V WindowManager: Display 932 state is now (1), so update layer mirroring?
12-28 05:50:53.720 30159  2994 E LoggingErrorHandler: Retrofit error, url: [https://graph.oculus.com/graphql?doc=query+GetRosterSizeQuery+%7B++viewer+%7B++++user+%7B++++++lobby_roster+%7B++++++++count++++++%7D%2C++++++application_invites%28viewer_filter%3A+INVITER%2C+status_filter%3A+%5BPENDING%5D%29+%7B++++++++count++++++%7D%2C++++++is_presence_deeplink_joinable++++%7D%2C++%7D%7D], kind: [NETWORK], status: [0 - ], headers: , body: []
12-28 05:50:53.721 30159  2994 E JavaBinder: *** Uncaught remote exception!  (Exceptions are not yet supported across processes.)
12-28 05:50:53.721 28792 28792 D [SUI] HorizonContentProviderHelper: onQueryComplete: 
12-28 05:50:53.721 28792 28792 D [SUI] HorizonContentProviderHelper: java.lang.RuntimeException
12-28 05:50:53.721 28792 28792 D [SUI] HorizonContentProviderHelper: 	at com.oculus.horizoncontent.horizon.HorizonContentProviderHelper$FetchRosterSizeAsyncQueryHandler.onQueryComplete(:12)
12-28 05:50:53.721 28792 28792 D [SUI] HorizonContentProviderHelper: 	at com.oculus.horizoncontent.horizon.HorizonContentProviderHelper$FetchRosterSizeAsyncQueryHandler.onQueryComplete(:268435458)
12-28 05:50:53.721 28792 28792 D [SUI] HorizonContentProviderHelper: 	at com.oculus.horizoncontent.utils.AsyncQueryHandlerBase.onQueryComplete(:8)
12-28 05:50:53.721 28792 28792 D [SUI] HorizonContentProviderHelper: 	at android.content.AsyncQueryHandler.handleMessage(AsyncQueryHandler.java:344)
12-28 05:50:53.721 28792 28792 D [SUI] HorizonContentProviderHelper: 	at android.os.Handler.dispatchMessage(Handler.java:106)
12-28 05:50:53.721 28792 28792 D [SUI] HorizonContentProviderHelper: 	at android.os.Looper.loopOnce(Looper.java:214)
12-28 05:50:53.721 28792 28792 D [SUI] HorizonContentProviderHelper: 	at android.os.Looper.loop(Looper.java:304)
12-28 05:50:53.721 28792 28792 D [SUI] HorizonContentProviderHelper: 	at android.app.ActivityThread.main(ActivityThread.java:7905)
12-28 05:50:53.721 28792 28792 D [SUI] HorizonContentProviderHelper: 	at java.lang.reflect.Method.invoke(Native Method)
12-28 05:50:53.721 28792 28792 D [SUI] HorizonContentProviderHelper: 	at com.android.internal.os.RuntimeInit$MethodAndArgsCaller.run(RuntimeInit.java:548)
12-28 05:50:53.721 28792 28792 D [SUI] HorizonContentProviderHelper: 	at com.android.internal.os.ZygoteInit.main(ZygoteInit.java:1010)
12-28 05:50:53.721 28792 28792 D [SUI] RosterManager: Error fetching roster size
12-28 05:50:53.722  1152  1171 W Choreographer: Frame time is 0.153911 ms in the future!  Check that graphics HAL is generating vsync timestamps using the correct timebase.
12-28 05:50:53.743  2802  3044 I [OAO] SwapChainApiOpenXr: Swapchain created: 60,60 - 1
12-28 05:50:53.743  2875  3134 I VrRuntimeService: UpdateSwapChainSamplerState: 2529
12-28 05:50:53.743  2875  3134 I VrRuntimeService: UpdateSwapChainSamplerState: minFilter=1 magFilter=1 wrapModeS=3 warpModeT=3 maxAniso=1.000000 border={0.000000,0.000000,0.000000,0.000000} swizzle={0,1,2,3}
12-28 05:50:53.745  2802  3044 I VrRuntimeClient: SetTextureSwapChainSamplerState: No change in sampler state.
12-28 05:50:53.745  2802  3044 W [OAO] GlCommon: Before LayerSwapChainResource GL Error: GL_INVALID_OPERATION
12-28 05:50:53.745  2802  3044 I [OAO] LayerSwapChainResource: LayerSwapChainResource width(1280), height(30), swap chain length(1), mips(4)
12-28 05:50:53.745  2802  3044 I [OAO] SwapChainApiOpenXr: CreateTextureSwapChain 1280,30 - 1
12-28 05:50:53.746  2875  3134 I VrRuntimeService: CreateSwapChain: 3224358056
12-28 05:50:53.746  2875  3134 I VrRuntimeService: CreateSwapChain: api:gles 0 0x8c43 1280 30 4 1 1 0 3
12-28 05:50:53.746  1989  2017 W SQLiteQueryBuilder: Allowing abusive custom column: AND
12-28 05:50:53.746  1989  2017 W SQLiteQueryBuilder: Allowing abusive custom column: or
12-28 05:50:53.747  2875  3134 I VrRuntimeServer: CreateTextureSwapChain: result importswapchaingles 1
12-28 05:50:53.747  1989  2017 W SQLiteQueryBuilder: Allowing abusive custom column: or
12-28 05:50:53.747  1989  2017 W SQLiteQueryBuilder: Allowing abusive custom column: and
12-28 05:50:53.747  1989  2017 W SQLiteQueryBuilder: Allowing abusive custom column: like
12-28 05:50:53.748  1989  2017 W SQLiteQueryBuilder: Allowing abusive custom column: or
12-28 05:50:53.748 30159 30159 D BinderClient: Connected to vrfocus
12-28 05:50:53.748  1989  2017 W SQLiteQueryBuilder: Allowing abusive custom column: like
12-28 05:50:53.748  1989  2017 W SQLiteQueryBuilder: Allowing abusive custom column: or
12-28 05:50:53.749  1989  2017 W SQLiteQueryBuilder: Allowing abusive custom column: like
12-28 05:50:53.749  1989  2017 W SQLiteQueryBuilder: Allowing abusive custom column: or
12-28 05:50:53.749  1989  2017 W SQLiteQueryBuilder: Allowing abusive custom column: like
12-28 05:50:53.749  1989  2017 W SQLiteQueryBuilder: Allowing abusive custom column: ASC
12-28 05:50:53.754  2802  3044 I [OAO] SwapChainApiOpenXr: Swapchain created: 1280,30 - 1
12-28 05:50:53.756  2875  3134 I VrRuntimeService: UpdateSwapChainSamplerState: 2530
12-28 05:50:53.756  2875  3134 I VrRuntimeService: UpdateSwapChainSamplerState: minFilter=1 magFilter=1 wrapModeS=3 warpModeT=3 maxAniso=1.000000 border={0.000000,0.000000,0.000000,0.000000} swizzle={0,1,2,3}
12-28 05:50:53.758  2802  3044 I VrRuntimeClient: SetTextureSwapChainSamplerState: No change in sampler state.
12-28 05:50:53.758  2802  3044 I [OAO] ShellAppBase: ResolveInteractionState: change from Rendering to InputFocus
12-28 05:50:53.758  2802  3044 D [OAO] ShellApplication: setOverlayInputFocus: inputFocus=true
12-28 05:50:53.765  2078  1346 I AuthLogger: Action succeeded: OBTAIN_TOKEN, callingPackage: com.oculus.socialplatform, accountType: null, tokenType: null, extras: {is_relogin=false}, duration: 0ms
12-28 05:50:53.782  2802  3044 D [OAO] BaseOverlayService: setOverlayInputFocus : entrypoint - inputFocus=true
12-28 05:50:53.782  2802  3044 D [OAO] BaseOverlayService: Installing global InputFilter
12-28 05:50:53.783 30159  1353 E UserAppScopedAuthHelper: Error requesting app scoped access token
12-28 05:50:53.783 30159  1353 E UserAppScopedAuthHelper: Failed to log in
12-28 05:50:53.784  2802  4870 D [OAO] ShellInputFilter: onInstalled
12-28 05:50:53.785  2802  3044 I [OAO] SystemAssistant: OnModeChanged from FullShell to Paused
12-28 05:50:53.785  2802  2802 D [OAO] BaseOverlayService: attachServiceWindowView 
12-28 05:50:53.785 30159 30159 E [SP] GraphQLExecutor: Exception thrown while getting OC access token
12-28 05:50:53.803  2802  3044 D [OAO] ShellApplication: notify OS to set com.oculus.vrshell/com.oculus.vrshell.ShellOverlayService to FOREGROUND
12-28 05:50:53.813  2802  3044 I [OAO] PanelRenderLayer: ResetSurface #main 0 x 0 - shape:0 stereo:0
12-28 05:50:53.813  2802  3044 W Telemetry: [OpenXR] xrUpdateSwapChainFB: dimensions are invalid; 
12-28 05:50:53.813  2802  3044 I [OAO] SwapChainApiOpenXr: SetAndroidSurfaceParameters: Failed to update swapchain dimensions
12-28 05:50:53.820  2875  3134 I VrRuntimeService: UpdateSwapChainSamplerState: 2523
12-28 05:50:53.820  2875  3134 I VrRuntimeService: UpdateSwapChainSamplerState: minFilter=1 magFilter=1 wrapModeS=3 warpModeT=3 maxAniso=1.000000 border={0.000000,0.000000,0.000000,0.000000} swizzle={0,1,2,3}
12-28 05:50:53.821  2802  3044 I [OAO] PanelRenderLayer: OS Panel Resize Notification to OS with width 0, height 0
12-28 05:50:53.821  2802  3044 I [OAO] PanelAppHost: Setting panel layer visibility of layer "#main" to invisible, panel 238 (com.oculus.systemux/com.oculus.panelapp.destinationui.DestinationUiPanelService)
12-28 05:50:53.821  2802  3044 I [OAO] PanelAppHost: Resize layer #main to size 1280 x 800 shape: 1 stereo: 0, panel 238 (com.oculus.systemux/com.oculus.panelapp.destinationui.DestinationUiPanelService)
12-28 05:50:53.821  2802  3044 I [OAO] PanelRenderLayer: ResetSurface #main 1280 x 800 - shape:1 stereo:0
12-28 05:50:53.821  2875  3134 I VrRuntimeService: UpdateAndroidSurfaceSwapChainDimensions: 2523: 1280x800
12-28 05:50:53.822  2802  3044 I VrRuntimeClient: SetTextureSwapChainSamplerState: No change in sampler state.
12-28 05:50:53.822  2802  3044 I [OAO] PanelRenderLayer: OS Panel Resize Notification to OS with width 1280, height 800
12-28 05:50:53.822  2802  3044 I [OAO] PanelRenderLayer: ResetSurface #main 0 x 0 - shape:0 stereo:0
12-28 05:50:53.822  2802  3044 W Telemetry: [OpenXR] xrUpdateSwapChainFB: dimensions are invalid; 
12-28 05:50:53.822  2802  3044 I [OAO] SwapChainApiOpenXr: SetAndroidSurfaceParameters: Failed to update swapchain dimensions
12-28 05:50:53.823  2875  3134 I VrRuntimeService: UpdateSwapChainSamplerState: 2524
12-28 05:50:53.823  2875  3134 I VrRuntimeService: UpdateSwapChainSamplerState: minFilter=1 magFilter=1 wrapModeS=3 warpModeT=3 maxAniso=1.000000 border={0.000000,0.000000,0.000000,0.000000} swizzle={0,1,2,3}
12-28 05:50:53.823  2802  3044 I [OAO] PanelRenderLayer: OS Panel Resize Notification to OS with width 0, height 0
12-28 05:50:53.824  2802  3044 I [OAO] PanelAppHost: Setting panel layer visibility of layer "controlbar4" to invisible, panel 239 (com.oculus.systemux/com.oculus.panelapp.controlbar.ControlBarPanelService)
12-28 05:50:53.824  2802  3044 I [OAO] PanelAppHost: Resize layer controlbar4 to size 1280 x 50 shape: 2 stereo: 0, panel 239 (com.oculus.systemux/com.oculus.panelapp.controlbar.ControlBarPanelService)
12-28 05:50:53.824  2802  3044 I [OAO] PanelRenderLayer: ResetSurface controlbar4 1280 x 50 - shape:2 stereo:0
12-28 05:50:53.824  2875  3134 I VrRuntimeService: UpdateAndroidSurfaceSwapChainDimensions: 2528: 1280x50
12-28 05:50:53.825  2875  3134 I VrRuntimeService: UpdateSwapChainSamplerState: 2528
12-28 05:50:53.825  2875  3134 I VrRuntimeService: UpdateSwapChainSamplerState: minFilter=1 magFilter=1 wrapModeS=3 warpModeT=3 maxAniso=1.000000 border={0.000000,0.000000,0.000000,0.000000} swizzle={0,1,2,3}
12-28 05:50:53.831  2802  2802 D [OAO] BaseOverlayService: setOverlayInputFocus : completed - inputFocus=true actionTaken:true
12-28 05:50:53.831  2802  3044 W [OAO] GlCommon: Before LayerSwapChainResource GL Error: GL_INVALID_OPERATION
12-28 05:50:53.831  2802  3044 I [OAO] LayerSwapChainResource: LayerSwapChainResource width(64), height(64), swap chain length(1), mips(3)
12-28 05:50:53.831  2802  3044 I [OAO] SwapChainApiOpenXr: CreateTextureSwapChain 64,64 - 1
12-28 05:50:53.833  2875  3134 I VrRuntimeService: CreateSwapChain: 3224358056
12-28 05:50:53.833  2875  3134 I VrRuntimeService: CreateSwapChain: api:gles 0 0x8c43 64 64 3 1 1 0 3
12-28 05:50:53.835  2875  3134 I VrRuntimeServer: CreateTextureSwapChain: result importswapchaingles 1
12-28 05:50:53.838 28792 28792 I AndroidPanelApp: Processing next frame action "layerShow" for layer "#main"
12-28 05:50:53.838  2802  3044 I [OAO] SwapChainApiOpenXr: Swapchain created: 64,64 - 1
12-28 05:50:53.839  2875  3134 I VrRuntimeService: UpdateSwapChainSamplerState: 2531
12-28 05:50:53.839  2875  3134 I VrRuntimeService: UpdateSwapChainSamplerState: minFilter=1 magFilter=1 wrapModeS=3 warpModeT=3 maxAniso=1.000000 border={0.000000,0.000000,0.000000,0.000000} swizzle={0,1,2,3}
12-28 05:50:53.840  2802  3044 W [OAO] GlCommon: Compositor::DrawSurfacesToFrameBuffer - Enter GL Error: GL_INVALID_ENUM
12-28 05:50:53.841  1152  1170 I DisplayDeviceRepository: Display device changed: DisplayDeviceInfo{"com.oculus.android_panel_app.AndroidPanelLayer-#main": uniqueId="virtual:com.oculus.systemux,10037,com.oculus.android_panel_app.AndroidPanelLayer-#main,1", 1280 x 800, modeId 1501, defaultModeId 1501, supportedModes [{id=1501, width=1280, height=800, fps=60.0, alternativeRefreshRates=[]}], colorMode 0, supportedColorModes [0], hdrCapabilities null, allmSupported false, gameContentTypeSupported false, density 200, 200.0 x 200.0 dpi, appVsyncOff 0, presDeadline 16666666, touch NONE, rotation 0, type VIRTUAL, deviceProductInfo null, state OFF, owner com.oculus.systemux (uid 10037), frameRateOverride , brightnessMinimum 0.0, brightnessMaximum 0.0, brightnessDefault 0.0, FLAG_PRIVATE, FLAG_NEVER_BLANK, FLAG_OWN_CONTENT_ONLY}
12-28 05:50:53.843  1152  1170 I DisplayDeviceRepository: Display device changed: DisplayDeviceInfo{"com.oculus.android_panel_app.AndroidPanelLayer-#main": uniqueId="virtual:com.oculus.systemux,10037,com.oculus.android_panel_app.AndroidPanelLayer-#main,1", 1280 x 800, modeId 1501, defaultModeId 1501, supportedModes [{id=1501, width=1280, height=800, fps=60.0, alternativeRefreshRates=[]}], colorMode 0, supportedColorModes [0], hdrCapabilities null, allmSupported false, gameContentTypeSupported false, density 200, 200.0 x 200.0 dpi, appVsyncOff 0, presDeadline 16666666, touch NONE, rotation 0, type VIRTUAL, deviceProductInfo null, state ON, owner com.oculus.systemux (uid 10037), frameRateOverride , brightnessMinimum 0.0, brightnessMaximum 0.0, brightnessDefault 0.0, FLAG_PRIVATE, FLAG_NEVER_BLANK, FLAG_OWN_CONTENT_ONLY}
12-28 05:50:53.843 31322 31367 V UE      : [NetworkChangedManager] Network Capabilities changed, has Internet: true
12-28 05:50:53.837  1658  1789 D ControllerManagement: P2p group not formed. No need to switch band.
12-28 05:50:53.846  1152  1168 V WindowManager: Display 931 state is now (2), so update layer mirroring?
12-28 05:50:53.846 31322  1356 V UE      : [NetworkChangedManager] Verifying internet connection with host: https://example.com/
12-28 05:50:53.851 28792 28792 D [SUI] AnytimeUIPanelApp: Received appStatus from VrShell: [{"name":"com.oculus.systemux\/com.oculus.panelapp.destinationui.DestinationUiPanelService","panels":[{"panelId":238,"state":"Focused"}]}]
12-28 05:50:53.851 28792 28792 D [SUI] RunningAppManager: Updated panel data from appStatus
12-28 05:50:53.851   849   849 W SurfaceFlinger: acquireVirtualDisplay: Exhausted HAL virtual displays
12-28 05:50:53.852   849   849 W SurfaceFlinger: acquireVirtualDisplay: Falling back to GPU virtual display
12-28 05:50:53.852 28792 28792 I AndroidPanelApp: Processing next frame action "layerShow" for layer "controlbar4"
12-28 05:50:53.858  1152  1170 I DisplayDeviceRepository: Display device changed: DisplayDeviceInfo{"com.oculus.android_panel_app.AndroidPanelLayer-controlbar4": uniqueId="virtual:com.oculus.systemux,10037,com.oculus.android_panel_app.AndroidPanelLayer-controlbar4,0", 1280 x 50, modeId 1503, defaultModeId 1503, supportedModes [{id=1503, width=1280, height=50, fps=60.0, alternativeRefreshRates=[]}], colorMode 0, supportedColorModes [0], hdrCapabilities null, allmSupported false, gameContentTypeSupported false, density 200, 200.0 x 200.0 dpi, appVsyncOff 0, presDeadline 16666666, touch NONE, rotation 0, type VIRTUAL, deviceProductInfo null, state ON, owner com.oculus.systemux (uid 10037), frameRateOverride , brightnessMinimum 0.0, brightnessMaximum 0.0, brightnessDefault 0.0, FLAG_PRIVATE, FLAG_NEVER_BLANK, FLAG_OWN_CONTENT_ONLY}
12-28 05:50:53.858 31322 31494 D UE      : [2023.12.28-00.50.53:858][640]LogAndroid: Case APP_CMD_LOST_FOCUS
12-28 05:50:53.859 19053 19070 V UE      : [NetworkChangedManager] Network Capabilities changed, has Internet: true
12-28 05:50:53.860  2875  2875 I ClientMgr: FocusedWindowChanged: uid = 10025 pid = 2802
12-28 05:50:53.860  2875  2875 I ClientMgr: FocusedWindowChanged: found matching overlay client: 3224358056
12-28 05:50:53.860  2875  2875 I ClientMgr: FocusedClient changed.
12-28 05:50:53.860  2875  2875 I ClientMgr: ClientMgr::SetFocusedClient: 2802:com.oculus.vrshell type 1
12-28 05:50:53.860  2875  2875 I ClientMgr: SetFocusedPackageName - packageName com.oculus.vrshell processName com.oculus.vrshell:Overlay clientId 3224358056 clientPid 2802
12-28 05:50:53.860  2875  2875 I ServiceInputManager: ServiceInputManager::SetFocusedPackageName 'com.oculus.vrshell'
12-28 05:50:53.860  2875  2875 I VrRuntimeService: RuntimeIPC: SendFocusChangeEventToAllClients: PostClientEvent SUCCESS: com.epicgames.AtomVR:com.epicgames.AtomVR:31322, com.oculus.vrshell, com.oculus.vrshell:Overlay
12-28 05:50:53.860  2875  2875 I VrRuntimeService: RuntimeIPC: SendFocusChangeEventToAllClients: PostClientEvent SUCCESS: com.oculus.guardian:com.oculus.vrguardianservice:3141, com.oculus.vrshell, com.oculus.vrshell:Overlay
12-28 05:50:53.860  2875  2875 I VrRuntimeService: RuntimeIPC: SendFocusChangeEventToAllClients: PostClientEvent SUCCESS: com.oculus.vrshell:com.oculus.vrshell:Overlay:2802, com.oculus.vrshell, com.oculus.vrshell:Overlay
12-28 05:50:53.860  2875  2875 I VrRuntimeService: RuntimeIPC: SendFocusChangeEventToAllClients: PostClientEvent SUCCESS: com.oculus.vrshell:com.oculus.vrshell:2202, com.oculus.vrshell, com.oculus.vrshell:Overlay
12-28 05:50:53.860  2875  2875 W REFLECT [RUNTIMEIPC]: ipc_PostClientEvent FAILED: FocusChangeEvent
12-28 05:50:53.860  2875  2875 W VrRuntimeService: RuntimeIPC: SendFocusChangeEventToAllClients: PostClientEvent FAILED: com.oculus.shellenv:com.oculus.shellenv:1985, com.oculus.vrshell, com.oculus.vrshell:Overlay
12-28 05:50:53.860  2875  2875 W REFLECT [RUNTIMEIPC]: ipc_PostClientEvent FAILED: FocusChangeEvent
12-28 05:50:53.860  2875  2875 W VrRuntimeService: RuntimeIPC: SendFocusChangeEventToAllClients: PostClientEvent FAILED: com.oculus.mrservice:com.oculus.mrservice:3217, com.oculus.vrshell, com.oculus.vrshell:Overlay
12-28 05:50:53.861  1152  1168 V WindowManager: Display 932 state is now (2), so update layer mirroring?
12-28 05:50:53.863   945 31695 W Tracking: VisionInterface: IMU Update exceeded imu sampling period: update=0.001019948 [sec], period=0.001000000 [sec].
12-28 05:50:53.864  2875  3106 I SystemButtonHandler: InhibitHandleHomeKey has changed on the service. New value: 1
12-28 05:50:53.869 19087 19164 V UE      : [NetworkChangedManager] Network Capabilities changed, has Internet: true
12-28 05:50:53.869   849   849 W SurfaceFlinger: acquireVirtualDisplay: Exhausted HAL virtual displays
12-28 05:50:53.869   849   849 W SurfaceFlinger: acquireVirtualDisplay: Falling back to GPU virtual display
12-28 05:50:53.870 31322 31493 I VrRuntimeClient: Client has lost focus.
12-28 05:50:53.870 31322 31855 I VrRuntimeClient: Client has lost focus.
12-28 05:50:53.870 31322 31493 I OpenXR  : PostSessionStateChange: XR_SESSION_STATE_FOCUSED -> XR_SESSION_STATE_VISIBLE
12-28 05:50:53.873  2802  3044 W [OAO] GlCommon: Compositor::DrawSurfacesToFrameBuffer - Enter GL Error: GL_INVALID_ENUM
12-28 05:50:53.874 31322 31493 I Deque   : AddEventToQueue called. eventInfo.type: 18, eventInfo.next: 1
12-28 05:50:53.877 28792 28792 W AndroidPanelApp: Received layer input for hidden layer:  control_bar
12-28 05:50:53.884   945 29390 W TrackingService: attachClient: found client in attached list
12-28 05:50:53.893   945 29390 D TrackingService: getSharedMemory: com.oculus.vrshell, Controller
12-28 05:50:53.895   945  1100 W TrackingService: attachClient: found client in attached list
12-28 05:50:53.896   945  1100 D TrackingService: getSharedMemory: com.oculus.systemdriver#2875, Controller
12-28 05:50:53.898   945  1597 W TrackingService: attachClient: found client in attached list
12-28 05:50:53.901   945  1597 D TrackingService: getSharedMemory: com.oculus.guardian#3141, Controller
12-28 05:50:53.902   945  1423 I Tracking: RELOC_TIMER: Running localization in background with throttling - It's 108.52 seconds since first attempt, background timeout after 3600 seconds
12-28 05:50:53.902   945  1423 I Tracking: LocalizationStateMachine: Not scheduling fine localization since last fine reloc is < 1s old.
12-28 05:50:53.902   945  1423 I Tracking: VEGA_MAPPER: Did not schedule localization because in cooldown.
12-28 05:50:53.902   945  1423 I Tracking: RELOC_TIMER: Running localization in background with throttling - It's 108.52 seconds since first attempt, background timeout after 3600 seconds
12-28 05:50:53.908  2802  3044 W [OAO] GlCommon: Compositor::DrawSurfacesToFrameBuffer - Enter GL Error: GL_INVALID_ENUM
12-28 05:50:53.913  2875 31739 I Vsync   : Vsync 7869:  1 x 14.39 ms (71.80 Hz, at 182424.231)
12-28 05:50:53.914 28792 28792 D [SUI] ActivityManagerUtilsHelper: onFocusedWindowChanged: Instance: com.oculus.common.activitymanager.ActivityManagerUtilsHelper@2c600f0, topWindowUid: 10025, focusedApp: com.oculus.vrshell, previousApp: com.epicgames.AtomVR
12-28 05:50:53.914 28792 28792 D [SUI] AnytimeUIPanelApp: Received ActivityStateChanges - com.epicgames.AtomVR
12-28 05:50:53.914 28792 28792 D [SUI] ActivityManagerUtilsHelper: onFocusedWindowChanged: Instance: com.oculus.common.activitymanager.ActivityManagerUtilsHelper@687fd39, topWindowUid: 10025, focusedApp: com.oculus.vrshell, previousApp: com.epicgames.AtomVR
12-28 05:50:53.915 28792 28792 D [SUI] ActivityManagerUtilsHelper: onFocusedWindowChanged: Instance: com.oculus.common.activitymanager.ActivityManagerUtilsHelper@a245f7e, topWindowUid: 10025, focusedApp: com.oculus.vrshell, previousApp: com.epicgames.AtomVR
12-28 05:50:53.918 28792 30811 I OpenGLRenderer: Davey! duration=9223189612687ms; Flags=1, FrameTimelineVsyncId=1166286, IntendedVsync=182424167140954, Vsync=182424192140953, InputEventId=0, HandleInputStart=182424197302753, AnimationStart=182424197303586, PerformTraversalsStart=182424197455148, DrawStart=182424210983638, FrameDeadline=182424193918728, FrameInterval=182424197299523, FrameStartTime=8333333, SyncQueued=182424212302596, SyncStart=182424212772700, IssueDrawCommandsStart=182424213109888, SwapBuffers=182424215134628, FrameCompleted=9223372036854775807, DequeueBufferDuration=16510, QueueBufferDuration=385938, GpuCompleted=9223372036854775807, SwapBuffersCompleted=182424215698794, DisplayPresentTime=0, 
12-28 05:50:53.927  2875 31739 I Vsync   : Vsync 7870:  1 x 13.42 ms (71.80 Hz, at 182424.245)
12-28 05:50:53.929  2802  3044 W [OAO] GlCommon: Compositor::DrawSurfacesToFrameBuffer - Enter GL Error: GL_INVALID_ENUM
12-28 05:50:53.937  1152  1152 W Looper  : Slow dispatch took 131ms main h=com.android.server.job.controllers.ConnectivityController$CcHandler c=null m=0
12-28 05:50:53.931 19053  1367 V UE      : [NetworkChangedManager] Verifying internet connection with host: https://example.com/
12-28 05:50:53.939   797  1208 D AudioFlinger: mixer(0xb4000078904bfa00) throttle end: throttle time(5)
12-28 05:50:53.936  3141  3190 E [CT]    : SpatialAnchorPipeline: [Throttled count=53] checkStateEq: getActiveGuardian Called in an invalid state. IDLE
12-28 05:50:53.941 28792 30811 I OpenGLRenderer: Davey! duration=9223189612687ms; Flags=1, FrameTimelineVsyncId=1166286, IntendedVsync=182424167140954, Vsync=182424192140953, InputEventId=0, HandleInputStart=182424197302753, AnimationStart=182424197303586, PerformTraversalsStart=182424197455148, DrawStart=182424223790721, FrameDeadline=182424193918728, FrameInterval=182424197299523, FrameStartTime=8333333, SyncQueued=182424224318482, SyncStart=182424224401138, IssueDrawCommandsStart=182424224446034, SwapBuffers=182424225538273, FrameCompleted=9223372036854775807, DequeueBufferDuration=35365, QueueBufferDuration=374740, GpuCompleted=9223372036854775807, SwapBuffersCompleted=182424226151346, DisplayPresentTime=0, 
12-28 05:50:53.942 28792 30811 I OpenGLRenderer: Davey! duration=9223189612687ms; Flags=1, FrameTimelineVsyncId=1166286, IntendedVsync=182424167140954, Vsync=182424192140953, InputEventId=0, HandleInputStart=182424197302753, AnimationStart=182424197303586, PerformTraversalsStart=182424197455148, DrawStart=182424228159211, FrameDeadline=182424202252061, FrameInterval=182424197299523, FrameStartTime=8333333, SyncQueued=182424228236711, SyncStart=182424228306867, IssueDrawCommandsStart=182424228389055, SwapBuffers=182424229728169, FrameCompleted=9223372036854775807, DequeueBufferDuration=18542, QueueBufferDuration=394479, GpuCompleted=9223372036854775807, SwapBuffersCompleted=182424230554211, DisplayPresentTime=0, 
12-28 05:50:53.949  2802  3044 I [OAO] PanelAppHost: Setting panel layer visibility of layer "#main" to visible, panel 238 (com.oculus.systemux/com.oculus.panelapp.destinationui.DestinationUiPanelService)
12-28 05:50:53.949  2802  3044 I [OAO] PanelAppHost: Setting panel layer visibility of layer "controlbar4" to visible, panel 239 (com.oculus.systemux/com.oculus.panelapp.controlbar.ControlBarPanelService)
12-28 05:50:53.950 19146 19183 V UE      : [NetworkChangedManager] Network Capabilities changed, has Internet: true
