--------- beginning of system
12-28 23:34:16.918  1155  2893 I ActivityTaskManager: START u0 {flg=0x10000000 cmp=com.epicgames.AtomVR/com.epicgames.unreal.GameActivity (has extras)} from uid 2000
--------- beginning of kernel
12-28 23:34:16.885     0     0 I binder  : 32660:32660 ioctl 40046210 7fd4b68364 returned -22
12-28 23:34:16.919  1155  2893 W ActivityTaskManager: Can't find TaskDisplayArea to determine support for multi window. Task id=2582 attached=false
12-28 23:34:16.922  1155  2893 D CompatibilityChangeReporter: Compat change id reported: 174042980; UID 10108; state: DISABLED
12-28 23:34:16.923  1155  2893 D CompatibilityChangeReporter: Compat change id reported: 184838306; UID 10108; state: DISABLED
12-28 23:34:16.923  1155  2893 D CompatibilityChangeReporter: Compat change id reported: 185004937; UID 10108; state: DISABLED
12-28 23:34:16.923  1155  2893 D CompatibilityChangeReporter: Compat change id reported: 181136395; UID 10108; state: DISABLED
12-28 23:34:16.924  1155  2893 D CompatibilityChangeReporter: Compat change id reported: 174042936; UID 10108; state: DISABLED
12-28 23:34:16.925  1155  2893 D CompatibilityChangeReporter: Compat change id reported: 197654537; UID 10108; state: DISABLED
12-28 23:34:16.927  1155  2893 D CompatibilityChangeReporter: Compat change id reported: 168419799; UID 10108; state: DISABLED
12-28 23:34:16.927  1155  2893 W ActivityTaskManager: Tried to set launchTime (0) < mLastActivityLaunchTime (33273844)
--------- beginning of tracking
12-28 23:34:16.946   933 27064 D TrackingService: haptic socket already exists
12-28 23:34:16.947   933 27064 D TrackingService: getSocket: com.oculus.vrshell#2728
12-28 23:34:16.947   933 27064 I TrackingService: Unregistering client by ITrackingService.unregisterClient
12-28 23:34:16.947   933 27064 I TrackingService: Failed to unregister client because client not found in registered list
12-28 23:34:16.947   933 27064 I TrackingService: Unregistering client by ITrackingService.unregisterClient
12-28 23:34:16.947   933 27064 I TrackingService: Failed to unregister client because client not found in registered list
12-28 23:34:16.947   933 27064 I TrackingService: Unregistering client by ITrackingService.unregisterClient
12-28 23:34:16.947   933 27064 I TrackingService: Failed to unregister client because client not found in registered list
12-28 23:34:16.947   933 27064 I TrackingService: Unregistering client by ITrackingService.unregisterClient
12-28 23:34:16.947   933 27064 I TrackingService: Unregistering client by ITrackingService.unregisterClient
12-28 23:34:16.947   933 27064 I TrackingService: Failed to unregister client because client not found in registered list
12-28 23:34:16.947   933 27064 I TrackingService: Failed to unregister client because client not found in registered list
12-28 23:34:16.947   933 27064 I TrackingService: Failed to unregister client because client not found in registered list
12-28 23:34:16.947   933 27064 I TrackingService: Failed to unregister client because client not found in registered list
12-28 23:34:16.947   933 27064 I TrackingService: Failed to unregister client because client not found in registered list
12-28 23:34:16.947   933 27064 I TrackingService: Failed to unregister client because client not found in registered list
12-28 23:34:16.947   933 27064 I TrackingService: Failed to unregister client because client not found in registered list
12-28 23:34:16.947   933 27064 I TrackingService: Unregistering client by ITrackingService.unregisterClient
12-28 23:34:16.947   933 27064 I TrackingService: Failed to unregister client because client not found in registered list
12-28 23:34:16.947   933 27064 I TrackingService: Unregistering client by ITrackingService.unregisterClient
12-28 23:34:16.947   933 27064 I TrackingService: Failed to unregister client because client not found in registered list
12-28 23:34:16.947   933 27064 D TrackingService: unregister: com.oculus.vrshell
12-28 23:34:16.926     0     0 W healthd : battery l=100 v=4399 t=29.2 h=2 st=2 c=327636 fc=3749000 cc=3 chg=u
12-28 23:34:16.958     0     0 I binder  : 32514:32514 ioctl 40046210 7fdd0b2284 returned -22
12-28 23:34:16.969     0     0 I binder  : 32514:32514 ioctl 40046210 7fdd0b40a4 returned -22
12-28 23:34:17.169  1155  1921 W WindowManager: Failed looking up window session=Session{ee6f91 32514:u0a10108} callers=com.android.server.wm.WindowManagerService.windowForClientLocked:5848 com.android.server.wm.Session.updateRequestedVisibilities:640 android.view.IWindowSession$Stub.onTransact:1175 
12-28 23:34:18.959     0     0 I logd    : logdr: UID=2000 GID=2000 PID=32672 b tail=0 logMask=10099 pid=0 start=0ns deadline=0ns
12-28 23:34:20.116  1155  2013 E TaskPersister: File error accessing recents directory (directory doesn't exist?).
12-28 23:34:22.966  1155  1183 W ProcessStats: Tracking association SourceState{77f8c78 com.oculus.vrshell:Overlay/10025 ImpFg #52567} whose proc state 4 is better than process ProcessState{ad60f6e com.oculus.vrshell/10025 pkg=com.oculus.vrshell} proc state 13 (31 skipped)
12-28 23:34:24.187     0     0 W healthd : battery l=100 v=4398 t=29.2 h=2 st=2 c=298827 fc=3749000 cc=3 chg=u
12-28 23:34:26.948  1155  1184 W ActivityManager: Stopping service due to app idle: u0a17 -1m10s35ms com.oculus.appsafety/.AppSafetyService
12-28 23:34:26.937     0     0 W healthd : battery l=100 v=4398 t=29.2 h=2 st=2 c=314941 fc=3749000 cc=3 chg=u
12-28 23:34:32.331     0     0 W healthd : battery l=100 v=4399 t=29.2 h=2 st=2 c=297851 fc=3749000 cc=3 chg=u
12-28 23:34:37.141     0     0 W healthd : battery l=100 v=4399 t=29.2 h=2 st=2 c=298339 fc=3749000 cc=3 chg=u
12-28 23:34:38.047   799   990 I SyncBossHAL: [info   ] syncboss_hal_powerstate.c(52): Reporting powerstate event: PROX_ON
12-28 23:34:38.047   799   990 D SensorService: Received Powerstate PROX_ON
12-28 23:34:38.048   933  1079 I TrackingService: ActivityMonitor: prox_on event received
12-28 23:34:38.048  1155  1428 I PowerManagerService: Powering on display group fromAsleep (groupId=0, uid=1000, reason=WAKE_REASON_UNKNOWN, details=VrPwMng:leave-standby)...
12-28 23:34:38.048  1155  1428 I PowerManagerService: Waking up from Asleep (uid=1000, reason=WAKE_REASON_UNKNOWN, details=VrPwMng:leave-standby)...
12-28 23:34:38.050  1155  1155 D ActivityManager: Is background playback GK enabled: false Is background playback enabled for all apps: false
12-28 23:34:38.051  1155  1155 D ActivityManager: Is background playback GK enabled: false Is background playback enabled for all apps: false
12-28 23:34:38.051   928 15859 D SensorClientUtils: Cancelling delayed transition to SLEEP
12-28 23:34:38.051   933 27064 D SensorClientUtils: Cancelling delayed transition to SLEEP
12-28 23:34:38.051  1155  1195 I DisplayPowerController[0]: Blocking screen on until initial contents have been drawn.
12-28 23:34:38.051   928 15859 D SensorClientUtils: Received transition request from SLEEP to RUNNING
12-28 23:34:38.051   933 27064 D SensorClientUtils: Received transition request from SLEEP to RUNNING
12-28 23:34:38.051   933 27064 D SensorClientUtils: Executing transition from STANDBY to RUNNING
12-28 23:34:38.051  1155  1155 D ActivityManager: Is background playback GK enabled: false Is background playback enabled for all apps: false
12-28 23:34:38.051   933 27064 D TrackingService: Enqueued transition to (targetPowerState, targetMuxName): (RUNNING, --) - transition timeout: 1000000000 ns
12-28 23:34:38.051  1155  1195 D ActivityTaskManager: Top Process State changed to PROCESS_STATE_TOP
12-28 23:34:38.051   933  1084 I TrackingService: [                  vision_manager] Power transition: STANDBY -> RUNNING transition time: 0 ms
12-28 23:34:38.052  1155  1155 D ActivityManager: Is background playback GK enabled: false Is background playback enabled for all apps: false
12-28 23:34:38.052  1669 14593 D SensorClientUtils: Cancelling delayed transition to SLEEP
12-28 23:34:38.052   933  1084 I TrackingService: [                             iad] Power transition: STANDBY -> RUNNING transition time: 0 ms
12-28 23:34:38.052   933  1084 I TrackingService: [                            bolt] Power transition: STANDBY -> RUNNING transition time: 0 ms
12-28 23:34:38.052   933  1084 D TrackingService: IOT standby to running started
12-28 23:34:38.053   799   853 D CameraStream: Client 933: Attempting StreamControl: 0
12-28 23:34:38.053   799   853 D CameraClientManager: [HEADSET] Attempting starting camera client.
12-28 23:34:38.053   799   853 D CameraClientManager: [HEADSET] Successfully found client (933) to start in CameraClientManager list.
12-28 23:34:38.054  1155  1155 D ActivityManager: Is background playback GK enabled: false Is background playback enabled for all apps: false
12-28 23:34:38.054  1669 14593 D SensorClientUtils: Received transition request from SLEEP to RUNNING
12-28 23:34:38.054  1669 14593 D SensorClientUtils: Executing transition from STANDBY to RUNNING
12-28 23:34:38.054  1669 14593 D OVRRemoteService: [controller] STANDBY -> RUNNING
12-28 23:34:38.056   928 15859 D SensorClientUtils: Executing transition from SLEEP to STANDBY
12-28 23:34:38.056   928 15859 D MrSystemService: AOSP setPowerState: STANDBY.
12-28 23:34:38.056   928 15859 D SensorClientUtils: Executing transition from STANDBY to RUNNING
12-28 23:34:38.056   928 15859 D MrSystemService: AOSP setPowerState: RUNNING.
12-28 23:34:38.056  1155  1155 D ActivityManager: Is background playback GK enabled: false Is background playback enabled for all apps: false
12-28 23:34:38.057  1155  1191 E KernelCpuUidActiveTimeReader: Negative delta from active time for uid: 10069, delta: -7
12-28 23:34:38.057   799   853 I FrameSetDispatcher: [HEADSET] Client pid=933 (IOT): Client thread started
12-28 23:34:38.057   799   853 I CameraClientManager: [HEADSET] Added client (933)(IOT)
12-28 23:34:38.057   799   853 D CameraClientManager: [HEADSET] Attempting to start stream
12-28 23:34:38.057   799   853 I CameraClientManager: [HEADSET] Started clients: 1
12-28 23:34:38.057   799   853 I CameraClientManager: [HEADSET] Starting stream
12-28 23:34:38.057  1155  1191 E KernelCpuUidActiveTimeReader: Negative delta from active time for uid: 10022, delta: -24
12-28 23:34:38.058  1155  1191 E KernelCpuUidActiveTimeReader: Negative delta from active time for uid: 10085, delta: -5
12-28 23:34:38.058  1155  1191 E KernelCpuUidActiveTimeReader: Negative delta from active time for uid: 10041, delta: -226
12-28 23:34:38.058  1155  1191 E KernelCpuUidActiveTimeReader: Negative delta from active time for uid: 10028, delta: -9
12-28 23:34:38.058  1155  1191 E KernelCpuUidActiveTimeReader: Negative delta from active time for uid: 10002, delta: -7
12-28 23:34:38.058  1155  1191 E KernelCpuUidActiveTimeReader: Negative delta from active time for uid: 10045, delta: -27
12-28 23:34:38.058  1155  1191 E KernelCpuUidActiveTimeReader: Negative delta from active time for uid: 10032, delta: -8
12-28 23:34:38.059  1155  1155 D ActivityManager: Is background playback GK enabled: false Is background playback enabled for all apps: false
12-28 23:34:38.059  1155  1191 E KernelCpuUidClusterTimeReader: Negative delta from cluster time for uid: 10014, delta: -2
12-28 23:34:38.059  1155  1191 E KernelCpuUidClusterTimeReader: Negative delta from cluster time for uid: 10069, delta: -4
12-28 23:34:38.060  1155  1191 E KernelCpuUidClusterTimeReader: Negative delta from cluster time for uid: 10022, delta: -55
12-28 23:34:38.060  1155  1155 D ActivityManager: Is background playback GK enabled: false Is background playback enabled for all apps: false
12-28 23:34:38.060  1155  1191 E KernelCpuUidClusterTimeReader: Negative delta from cluster time for uid: 10043, delta: -6
12-28 23:34:38.060  1155  1191 E KernelCpuUidClusterTimeReader: Negative delta from cluster time for uid: 1003, delta: -6
12-28 23:34:38.060  1155  1191 E KernelCpuUidClusterTimeReader: Negative delta from cluster time for uid: 10030, delta: -27
12-28 23:34:38.060  1155  1191 E KernelCpuUidClusterTimeReader: Negative delta from cluster time for uid: 10085, delta: -7
12-28 23:34:38.060  1155  1191 E KernelCpuUidClusterTimeReader: Negative delta from cluster time for uid: 1066, delta: -14
12-28 23:34:38.060  1155  1191 E KernelCpuUidClusterTimeReader: Negative delta from cluster time for uid: 10004, delta: -10
12-28 23:34:38.060  1155  1191 E KernelCpuUidClusterTimeReader: Negative delta from cluster time for uid: 1040, delta: -1
12-28 23:34:38.060  1155  1155 D ActivityManager: Is background playback GK enabled: false Is background playback enabled for all apps: false
12-28 23:34:38.060  1155  1191 E KernelCpuUidClusterTimeReader: Negative delta from cluster time for uid: 10033, delta: -6
12-28 23:34:38.060  1155  1191 E KernelCpuUidClusterTimeReader: Negative delta from cluster time for uid: 10041, delta: -66
12-28 23:34:38.060  1155  1191 E KernelCpuUidClusterTimeReader: Negative delta from cluster time for uid: 1069, delta: -2
12-28 23:34:38.061  1155  1191 E KernelCpuUidClusterTimeReader: Negative delta from cluster time for uid: 10062, delta: -17
12-28 23:34:38.061  1155  1191 E KernelCpuUidClusterTimeReader: Negative delta from cluster time for uid: 10028, delta: -15
12-28 23:34:38.061  1155  1155 D ActivityManager: Is background playback GK enabled: false Is background playback enabled for all apps: false
12-28 23:34:38.061  1155  1191 E KernelCpuUidClusterTimeReader: Negative delta from cluster time for uid: 10015, delta: -15
12-28 23:34:38.061  1155  1191 E KernelCpuUidClusterTimeReader: Negative delta from cluster time for uid: 10002, delta: -14
12-28 23:34:38.061  1155  1191 E KernelCpuUidClusterTimeReader: Negative delta from cluster time for uid: 10099, delta: -5
12-28 23:34:38.061  1155  1191 E KernelCpuUidClusterTimeReader: Negative delta from cluster time for uid: 10010, delta: -7
12-28 23:34:38.061  1155  1191 E KernelCpuUidClusterTimeReader: Negative delta from cluster time for uid: 10031, delta: -81
12-28 23:34:38.062  1155  1191 E KernelCpuUidClusterTimeReader: Negative delta from cluster time for uid: 10107, delta: -8
12-28 23:34:38.062  1155  1191 E KernelCpuUidClusterTimeReader: Negative delta from cluster time for uid: 10018, delta: -31
12-28 23:34:38.062  1155  1191 E KernelCpuUidClusterTimeReader: Negative delta from cluster time for uid: 1046, delta: -26
12-28 23:34:38.062  1155  1191 E KernelCpuUidClusterTimeReader: Negative delta from cluster time for uid: 10026, delta: -9
12-28 23:34:38.062  1155  1191 E KernelCpuUidClusterTimeReader: Negative delta from cluster time for uid: 1041, delta: -350
12-28 23:34:38.062  1155  1191 E KernelCpuUidClusterTimeReader: Negative delta from cluster time for uid: 10089, delta: -23
12-28 23:34:38.062  1155  1191 E KernelCpuUidClusterTimeReader: Negative delta from cluster time for uid: 10008, delta: -40
12-28 23:34:38.062  1155  1155 D ActivityManager: Is background playback GK enabled: false Is background playback enabled for all apps: false
12-28 23:34:38.062  1155  1191 E KernelCpuUidClusterTimeReader: Negative delta from cluster time for uid: 1036, delta: -23
12-28 23:34:38.062  1155  1191 E KernelCpuUidClusterTimeReader: Negative delta from cluster time for uid: 10084, delta: -7
12-28 23:34:38.062  1155  1191 E KernelCpuUidClusterTimeReader: Negative delta from cluster time for uid: 1023, delta: -1
12-28 23:34:38.062  1155  1191 E KernelCpuUidClusterTimeReader: Negative delta from cluster time for uid: 10024, delta: -42
12-28 23:34:38.062  1155  1191 E KernelCpuUidClusterTimeReader: Negative delta from cluster time for uid: 10045, delta: -22
12-28 23:34:38.063  1155  1191 E KernelCpuUidClusterTimeReader: Negative delta from cluster time for uid: 10032, delta: -13
12-28 23:34:38.063  1155  1191 E KernelCpuUidClusterTimeReader: Negative delta from cluster time for uid: 10053, delta: -23
12-28 23:34:38.063  1155  1191 E KernelCpuUidClusterTimeReader: Negative delta from cluster time for uid: 10019, delta: -24
12-28 23:34:38.063  1155  1191 E KernelCpuUidClusterTimeReader: Negative delta from cluster time for uid: 1013, delta: -10
12-28 23:34:38.063  1155  1191 E KernelCpuUidClusterTimeReader: Negative delta from cluster time for uid: 10006, delta: -2
12-28 23:34:38.063  1155  1191 E KernelCpuUidClusterTimeReader: Negative delta from cluster time for uid: 10048, delta: -48
12-28 23:34:38.063  1155  1155 D ActivityManager: Is background playback GK enabled: false Is background playback enabled for all apps: false
12-28 23:34:38.064  1155  1155 D ActivityManager: Is background playback GK enabled: false Is background playback enabled for all apps: false
12-28 23:34:38.065  1155  1155 D ActivityManager: Is background playback GK enabled: false Is background playback enabled for all apps: false
12-28 23:34:38.029     0     0 I qcom,camera ac4f000.qcom,cci: qcom,cam-sensor0: Linked as a consumer to regulator.46
12-28 23:34:38.032     0     0 I qcom,camera ac4f000.qcom,cci: qcom,cam-sensor0: Linked as a consumer to regulator.7
12-28 23:34:38.032     0     0 I qcom,camera ac4f000.qcom,cci: qcom,cam-sensor0: Linked as a consumer to regulator.71
12-28 23:34:38.066  1155  1155 D ActivityManager: Is background playback GK enabled: false Is background playback enabled for all apps: false
12-28 23:34:38.066  1155  1195 I DisplayPowerController[0]: Unblocked screen on after 15 ms
12-28 23:34:38.066  1155  1155 D ActivityManager: Is background playback GK enabled: false Is background playback enabled for all apps: false
12-28 23:34:38.067  1155  1155 D ActivityManager: Is background playback GK enabled: false Is background playback enabled for all apps: false
12-28 23:34:38.068  1155  1155 D ActivityManager: Is background playback GK enabled: false Is background playback enabled for all apps: false
12-28 23:34:38.069  1155  1155 D ActivityManager: Is background playback GK enabled: false Is background playback enabled for all apps: false
12-28 23:34:38.069  1155  1155 D ActivityManager: Is background playback GK enabled: false Is background playback enabled for all apps: false
12-28 23:34:38.070  1155  1155 D ActivityManager: Is background playback GK enabled: false Is background playback enabled for all apps: false
12-28 23:34:38.070  1155  1155 D ActivityManager: Is background playback GK enabled: false Is background playback enabled for all apps: false
12-28 23:34:38.071  1155  1155 D ActivityManager: Is background playback GK enabled: false Is background playback enabled for all apps: false
12-28 23:34:38.071  1155  1155 D ActivityManager: Is background playback GK enabled: false Is background playback enabled for all apps: false
12-28 23:34:38.071  1155  1155 D ActivityManager: Is background playback GK enabled: false Is background playback enabled for all apps: false
12-28 23:34:38.072  1155  1155 D ActivityManager: Is background playback GK enabled: false Is background playback enabled for all apps: false
12-28 23:34:38.072  1155  1155 D ActivityManager: Is background playback GK enabled: false Is background playback enabled for all apps: false
12-28 23:34:38.073  1155  1155 D ActivityManager: Is background playback GK enabled: false Is background playback enabled for all apps: false
12-28 23:34:38.073  1155  1155 D ActivityManager: Is background playback GK enabled: false Is background playback enabled for all apps: false
12-28 23:34:38.074  1155  1155 D ActivityManager: Is background playback GK enabled: false Is background playback enabled for all apps: false
12-28 23:34:38.075  1155  1155 D ActivityManager: Is background playback GK enabled: false Is background playback enabled for all apps: false
12-28 23:34:38.038     0     0 I [drm:dsi_display_set_mode] [msm-dsi-info]: mdp_transfer_time_us=0 us
12-28 23:34:38.038     0     0 I [drm:dsi_display_set_mode] [msm-dsi-info]: hactive= 1920,vactive= 3664,fps=72
12-28 23:34:38.038     0     0 I [drm:dsi_ctrl_isr_configure] [msm-dsi-info]: dsi-ctrl-0: IRQ 394 registered
12-28 23:34:38.038     0     0 I [drm:dsi_ctrl_isr_configure] [msm-dsi-info]: dsi-ctrl-1: IRQ 395 registered
12-28 23:34:38.076  1155  1155 D ActivityManager: Is background playback GK enabled: false Is background playback enabled for all apps: false
12-28 23:34:38.079  1155  1155 D ActivityManager: Is background playback GK enabled: false Is background playback enabled for all apps: false
12-28 23:34:38.079  1155  1155 D ActivityManager: Is background playback GK enabled: false Is background playback enabled for all apps: false
12-28 23:34:38.080  1155  1155 D ActivityManager: Is background playback GK enabled: false Is background playback enabled for all apps: false
12-28 23:34:38.080  1155  1155 D ActivityManager: Is background playback GK enabled: false Is background playback enabled for all apps: false
12-28 23:34:38.081  1155  1155 D ActivityManager: Is background playback GK enabled: false Is background playback enabled for all apps: false
12-28 23:34:38.081  1155  1155 D ActivityManager: Is background playback GK enabled: false Is background playback enabled for all apps: false
12-28 23:34:38.082  1155  1155 D ActivityManager: Is background playback GK enabled: false Is background playback enabled for all apps: false
12-28 23:34:38.082  1155  1155 D ActivityManager: Is background playback GK enabled: false Is background playback enabled for all apps: false
12-28 23:34:38.083  1155  1155 D ActivityManager: Is background playback GK enabled: false Is background playback enabled for all apps: false
12-28 23:34:38.083  1155  1155 D ActivityManager: Is background playback GK enabled: false Is background playback enabled for all apps: false
12-28 23:34:38.083  1155  1155 D ActivityManager: Is background playback GK enabled: false Is background playback enabled for all apps: false
12-28 23:34:38.084  1155  1155 D ActivityManager: Is background playback GK enabled: false Is background playback enabled for all apps: false
12-28 23:34:38.084  1155  1155 D ActivityManager: Is background playback GK enabled: false Is background playback enabled for all apps: false
12-28 23:34:38.085  1155  1155 D ActivityManager: Is background playback GK enabled: false Is background playback enabled for all apps: false
12-28 23:34:38.085  1155  1155 D ActivityManager: Is background playback GK enabled: false Is background playback enabled for all apps: false
12-28 23:34:38.086  1155  1155 W ProcessStats: Tracking association SourceState{77f8c78 com.oculus.vrshell:Overlay/10025 ImpFg #52571} whose proc state 4 is better than process ProcessState{ad60f6e com.oculus.vrshell/10025 pkg=com.oculus.vrshell} proc state 13 (5 skipped)
12-28 23:34:38.058     0     0 I qcom,camera ac4f000.qcom,cci: qcom,cam-sensor1: Linked as a consumer to regulator.46
12-28 23:34:38.089  1155  1176 I DisplayDeviceRepository: Display device changed state: "Built-in Screen", ON
12-28 23:34:38.091  1155  1841 I Telecom : CallAudioRouteStateMachine: Message received: MUTE_EXTERNALLY_CHANGED=3004, arg1=0: CARSM.mCR->CARSM.pM_MUTE_EXTERNALLY_CHANGED@AWs
12-28 23:34:38.091  1155  1841 I Telecom : QuiescentSpeakerRoute: Processing message MUTE_EXTERNALLY_CHANGED: CARSM.mCR->CARSM.pM_MUTE_EXTERNALLY_CHANGED@AWs
12-28 23:34:38.060     0     0 I qcom,camera ac4f000.qcom,cci: qcom,cam-sensor1: Linked as a consumer to regulator.7
12-28 23:34:38.060     0     0 I qcom,camera ac4f000.qcom,cci: qcom,cam-sensor1: Linked as a consumer to regulator.71
12-28 23:34:38.084     0     0 I qcom,camera ac50000.qcom,cci: qcom,cam-sensor2: Linked as a consumer to regulator.46
12-28 23:34:38.085     0     0 I init    : processing action (ro.vendor.drm.irq=* && sys.hmt.mounted=1) from (/vendor/etc/init/hw/init.hollywood.rc:104)
12-28 23:34:38.085     0     0 I init    : processing action (sys.hmt.mounted=1) from (/vendor/etc/init/hw/init.hollywood.rc:107)
12-28 23:34:38.085     0     0 I qcom,camera ac50000.qcom,cci: qcom,cam-sensor2: Linked as a consumer to regulator.7
12-28 23:34:38.085     0     0 I init    : processing action (sys.hmt.mounted=1) from (/vendor/etc/init/hw/init.kona.rc:400)
12-28 23:34:38.085     0     0 I qcom,camera ac50000.qcom,cci: qcom,cam-sensor2: Linked as a consumer to regulator.71
12-28 23:34:38.085     0     0 E FG      : fg_psy_get_property: unsupported property 4
12-28 23:34:38.096     0     0 W healthd : battery l=100 v=4398 t=29.2 h=2 st=4 c=313476 fc=3749000 cc=3 chg=u
12-28 23:34:38.107     0     0 W healthd : battery l=100 v=4398 t=29.2 h=2 st=4 c=313476 fc=3749000 cc=3 chg=u
12-28 23:34:38.109     0     0 I qcom,camera ac50000.qcom,cci: qcom,cam-sensor3: Linked as a consumer to regulator.46
12-28 23:34:38.111     0     0 I qcom,camera ac50000.qcom,cci: qcom,cam-sensor3: Linked as a consumer to regulator.7
12-28 23:34:38.111     0     0 I qcom,camera ac50000.qcom,cci: qcom,cam-sensor3: Linked as a consumer to regulator.71
12-28 23:34:38.117     0     0 W healthd : battery l=100 v=4398 t=29.2 h=2 st=4 c=313476 fc=3749000 cc=3 chg=u
12-28 23:34:38.125     0     0 I cm710x 1-002c: cm710x_playback_in_enum_ext_get select PlaybackFrom = 1
12-28 23:34:38.162   799   853 D SensorService: SyncbossEventHandler: Enabling sensor HMD_FSIN
12-28 23:34:38.162   799   853 D SensorService: SyncbossEventHandler: Active sensors: synthetic[HMD_DOUBLETAP,EXTERNAL_TIMING,ZAP] non-synth[HMD_MAG,HMD_IMU,HMD_FSIN,PULSAR]
12-28 23:34:38.162   799   853 D SensorService: SyncbossEventHandler: acquiring session; approx # alive: 4
12-28 23:34:38.163   799 30051 E SensorService: No syncboss_data_type_hmd_disp event received since 119800ms ago
12-28 23:34:38.134     0     0 I __afe_port_start: port id: 0x1000
12-28 23:34:38.134     0     0 I afe_find_cal_topo_id_by_port: port id: 0x1000, dev_acdb_id: 15
12-28 23:34:38.134     0     0 I afe_find_cal_topo_id_by_port: top_id:112fc acdb_id:15 afe_port_id:0x1000
12-28 23:34:38.134     0     0 I afe_get_cal_topology_id: port_id = 0x1000 acdb_id = 15 topology_id = 0x112fc cal_type_index=8 ret=0
12-28 23:34:38.134     0     0 I afe_send_port_topology_id: AFE set topology id 0x112fc  enable for port 0x1000 ret 0
12-28 23:34:38.134     0     0 I send_afe_cal_type: cal_index is 0
12-28 23:34:38.134     0     0 I send_afe_cal_type: dev_acdb_id[40] is 15
12-28 23:34:38.134     0     0 I afe_find_cal: cal_index 0 port_id 0x1000 port_index 40
12-28 23:34:38.134     0     0 I afe_find_cal: acdb_id 15 dev_acdb_id 15 sample_rate 48000 afe_sample_rates 48000
12-28 23:34:38.134     0     0 I afe_find_cal: cal block is a match, size is 0
12-28 23:34:38.134     0     0 I send_afe_cal_type: Sending cal_index cal 0
12-28 23:34:38.134     0     0 E send_afe_cal_type: No cal sent for cal_index 0, port_id = 0x1000! ret -22
12-28 23:34:38.135     0     0 I afe_send_hw_delay: port_id 0x1000 rate 48000 delay_usec 474 status 0
12-28 23:34:38.258   799   853 I DiceCameraSystem: Set cameras to 10 bpp (format 0x00000007)
12-28 23:34:38.262   799   853 I libsensorscommon: [HEADSET FSC] started at 33352.82
12-28 23:34:38.262   799   960 I SyncBossHAL: [info   ] pulsar_manager.c(969): Setting controller LED config to period: 40000us, on-time: 34us, delay: -17us
12-28 23:34:38.303   799   853 D CameraStream: Client 933: Finished StreamControl: 0
12-28 23:34:38.316   933  1084 D TrackingService: IOT standby to running completed
12-28 23:34:38.316   933  1084 I TrackingService: [                             iot] Power transition: STANDBY -> RUNNING transition time: 264 ms
12-28 23:34:38.317   799   853 D CameraStream: Client 933: Attempting StreamControl: 0
12-28 23:34:38.317   799   853 D CameraClientManager: [CONTROLLER] Attempting starting camera client.
12-28 23:34:38.317   799   853 D CameraClientManager: [CONTROLLER] Successfully found client (933) to start in CameraClientManager list.
12-28 23:34:38.318   799   853 I FrameSetDispatcher: [CONTROLLER] Client pid=933 (Cnst): Client thread started
12-28 23:34:38.318   799   853 I CameraClientManager: [CONTROLLER] Added client (933)(Cnst)
12-28 23:34:38.318   799   853 D CameraClientManager: [CONTROLLER] Attempting to start stream
12-28 23:34:38.318   799   853 I CameraClientManager: [CONTROLLER] Started clients: 1
12-28 23:34:38.318   799   853 I CameraClientManager: [CONTROLLER] Starting stream
12-28 23:34:38.318   799   853 I libsensorscommon: [CONTROLLER FSC] started at 33352.87
12-28 23:34:38.318   799   853 D CameraStream: Client 933: Finished StreamControl: 0
12-28 23:34:38.318   933  1084 I TrackingService: ConstellationTrackingGlue: setEnableExtendedDeadreckoning to false
12-28 23:34:38.318   933  1084 I TrackingService: [                   constellation] Power transition: STANDBY -> RUNNING transition time: 2 ms
12-28 23:34:38.319   933  1084 I TrackingService: [              selftracked_client] Power transition: STANDBY -> RUNNING transition time: 0 ms
12-28 23:34:38.319   933  1084 I TrackingService: [                            hand] Power transition: STANDBY -> RUNNING transition time: 0 ms
12-28 23:34:38.319   933  1084 I TrackingService: [                            face] Power transition: STANDBY -> RUNNING transition time: 0 ms
12-28 23:34:38.319   799   853 D CameraStream: Client 933: Attempting StreamControl: 0
12-28 23:34:38.319   799   853 D CameraClientManager: [HEADSET] Attempting starting camera client.
12-28 23:34:38.319   799   853 D CameraClientManager: [HEADSET] Successfully found client (933) to start in CameraClientManager list.
12-28 23:34:38.320  1669 30060 D OVRRemoteService: RemoteService::recordControllerStatusUpdate: device d3d05f47e2487092: status: CONNECTED_ACTIVE tracking: ORIENTATION, errors: --
12-28 23:34:38.320  1669 30060 D OVRRemoteService: RemoteService::recordControllerStatusUpdate: device 9d17e7ce194bc1ec: status: CONNECTED_ACTIVE tracking: ORIENTATION, errors: --
12-28 23:34:38.322   799   853 I FrameSetDispatcher: [HEADSET] Client pid=933 (Obj): Client thread started
12-28 23:34:38.322   799   853 I CameraClientManager: [HEADSET] Added client (933)(Obj)
12-28 23:34:38.322   799   853 D CameraClientManager: [HEADSET] Attempting to start stream
12-28 23:34:38.322   799   853 I CameraClientManager: [HEADSET] Started clients: 2
12-28 23:34:38.322   799   853 D CameraStream: Client 933: Finished StreamControl: 0
12-28 23:34:38.322   933  1084 I TrackingService: [                          object] Power transition: STANDBY -> RUNNING transition time: 3 ms
12-28 23:34:38.323   933  1084 I TrackingService: [                      controller] Power transition: STANDBY -> RUNNING transition time: 0 ms
12-28 23:34:38.343   799   853 D CameraStream: Client 933: Attempting StreamControl: 0
12-28 23:34:38.343   799   853 D CameraClientManager: [HEADSET] Attempting starting camera client.
12-28 23:34:38.343   799   853 D CameraClientManager: [HEADSET] Successfully found client (933) to start in CameraClientManager list.
12-28 23:34:38.344   799   853 I FrameSetDispatcher: [HEADSET] Client pid=933 (ExpCtl): Client thread started
12-28 23:34:38.344   799   853 I CameraClientManager: [HEADSET] Added client (933)(ExpCtl)
12-28 23:34:38.344   799   853 D CameraClientManager: [HEADSET] Attempting to start stream
12-28 23:34:38.344   799   853 I CameraClientManager: [HEADSET] Started clients: 3
12-28 23:34:38.344   799   853 D CameraStream: Client 933: Finished StreamControl: 0
12-28 23:34:38.345   799   853 D CameraStream: Client 933: Attempting StreamControl: 0
12-28 23:34:38.345   799   853 D CameraClientManager: [CONTROLLER] Attempting starting camera client.
12-28 23:34:38.345   799   853 D CameraClientManager: [CONTROLLER] Successfully found client (933) to start in CameraClientManager list.
12-28 23:34:38.346   799   853 I FrameSetDispatcher: [CONTROLLER] Client pid=933 (ExpCtl): Client thread started
12-28 23:34:38.346   799   853 I CameraClientManager: [CONTROLLER] Added client (933)(ExpCtl)
12-28 23:34:38.346   799   853 D CameraClientManager: [CONTROLLER] Attempting to start stream
12-28 23:34:38.346   799   853 I CameraClientManager: [CONTROLLER] Started clients: 2
12-28 23:34:38.346   799   853 D CameraStream: Client 933: Finished StreamControl: 0
12-28 23:34:38.346   933  1084 I TrackingService: [                 ExposureControl] Power transition: STANDBY -> RUNNING transition time: 23 ms
12-28 23:34:38.346   933 27064 D TrackingService: Transition completed for (null)
12-28 23:34:38.346   933 27064 D TrackingService: setPowerState: RUNNING
12-28 23:34:38.401   799   671 E libsensorscommon: [CONTROLLER FSC] 1 FrameSets had unexpected timestamps. Ex: (slot 2) prev 0.000ms->cur 4470280.000ms (ts diff of -4470240.000ms vs expected period of 40.000ms)
12-28 23:34:38.402  1155  1155 W Looper  : Slow dispatch took 304ms main h=com.android.server.job.JobSchedulerService$JobHandler c=null m=1
12-28 23:34:38.402  1155  1155 W Looper  : Slow delivery took 307ms main h=com.android.server.power.Notifier$NotifierHandler c=null m=7
12-28 23:34:38.410  1155  1408 E DisplayDeviceConfig: requesting nits when no mapping exists.
12-28 23:34:38.410  1155  1408 E DisplayDeviceConfig: requesting nits when no mapping exists.
12-28 23:34:38.411  1155  1195 W PowerManagerService: Screen on took 363 ms
12-28 23:34:38.419  1155  1155 W Looper  : Drained
12-28 23:34:38.423   933 16680 W TrackingService: attachClient: found client in attached list
12-28 23:34:38.423   933 16680 D TrackingService: getSharedMemory: com.oculus.mrservice#3282, HeadTracker
12-28 23:34:38.426   933 16680 W TrackingService: attachClient: found client in attached list
12-28 23:34:38.430   799   672 E libsensorscommon: [HEADSET FSC] 1 FrameSets had unexpected timestamps. Ex: (slot 1) prev 0.000ms->cur 4470299.532ms (ts diff of -4470259.532ms vs expected period of 40.000ms)
12-28 23:34:38.436  1669 30060 D OVRRemoteService: RemoteService::recordControllerStatusUpdate: device d3d05f47e2487092: status: CONNECTED_ACTIVE tracking: ORIENTATION, errors: --
12-28 23:34:38.436  1669 30060 D OVRRemoteService: RemoteService::recordControllerStatusUpdate: device 9d17e7ce194bc1ec: status: CONNECTED_ACTIVE tracking: ORIENTATION, errors: --
12-28 23:34:38.479   933 16680 W TrackingService: attachClient: found client in attached list
12-28 23:34:38.552   933 16680 W TrackingService: attachClient: found client in attached list
12-28 23:34:38.555   933 16680 D TrackingService: getSharedMemory: com.oculus.systemdriver#2784, HeadTracker
12-28 23:34:38.587   799   655 E FrameSetDispatcher: [HEADSET] Client pid=933 (IOT): Failed to read from receive FMQ for 1 packets in 5000ms.
12-28 23:34:38.587   799   655 E FrameSetDispatcher: This probably means this client is taking more than 33 ms to process the frame.
12-28 23:34:38.587   799   655 E FrameSetDispatcher: Retrying.
12-28 23:34:38.597   933 16680 W TrackingService: attachClient: found client in attached list
12-28 23:34:38.598   933 16680 D TrackingService: getSharedMemory: com.oculus.systemdriver, Controller
12-28 23:34:38.612   933 16680 W TrackingService: attachClient: found client in attached list
12-28 23:34:38.615   933 16680 D TrackingService: getSharedMemory: com.oculus.guardian#3080, Controller
12-28 23:34:38.649   933 16680 W TrackingService: attachClient: found client in attached list
--------- beginning of main
12-28 23:34:38.783 32514 32665 D UE      : [2023.12.28-18.34.38:783][  0]LogConfig: Set CVar [[r.ViewDistanceScale:1.0]]
12-28 23:34:38.783 32514 32665 D UE      : [2023.12.28-18.34.38:783][  0]LogConfig: Set CVar [[r.NeverOcclusionTestDistance:2000]]
12-28 23:34:38.783 32514 32665 D UE      : [2023.12.28-18.34.38:783][  0]LogConfig: Applying CVar settings from Section [AntiAliasingQuality@3] File [Scalability]
12-28 23:34:38.783 32514 32665 D UE      : [2023.12.28-18.34.38:783][  0]LogConfig: Set CVar [[r.FXAA.Quality:0]]
12-28 23:34:38.783 32514 32665 D UE      : [2023.12.28-18.34.38:783][  0]LogConfig: Set CVar [[r.TemporalAA.Quality:2]]
12-28 23:34:38.783 32514 32665 D UE      : [2023.12.28-18.34.38:783][  0]LogConfig: Set CVar [[r.TSR.History.R11G11B10:1]]
12-28 23:34:38.783 32514 32665 D UE      : [2023.12.28-18.34.38:783][  0]LogConfig: Set CVar [[r.TSR.History.ScreenPercentage:200]]
12-28 23:34:38.783 32514 32665 D UE      : [2023.12.28-18.34.38:783][  0]LogConfig: Set CVar [[r.TSR.History.UpdateQuality:3]]
12-28 23:34:38.783 32514 32665 D UE      : [2023.12.28-18.34.38:783][  0]LogConfig: Set CVar [[r.TSR.ShadingRejection.Flickering:1]]
12-28 23:34:38.783 32514 32665 D UE      : [2023.12.28-18.34.38:783][  0]LogConfig: Set CVar [[r.TSR.ShadingRejection.TileOverscan:3]]
12-28 23:34:38.783 32514 32665 D UE      : [2023.12.28-18.34.38:783][  0]LogConfig: CVar [[r.TSR.Velocity.Extrapolation:1]] deferred - dummy variable created
12-28 23:34:38.783 32514 32665 D UE      : [2023.12.28-18.34.38:783][  0]LogConfig: Set CVar [[r.TSR.RejectionAntiAliasingQuality:2]]
12-28 23:34:38.783 32514 32665 D UE      : [2023.12.28-18.34.38:783][  0]LogConfig: Applying CVar settings from Section [ShadowQuality@3] File [Scalability]
12-28 23:34:38.783 32514 32665 D UE      : [2023.12.28-18.34.38:783][  0]LogConfig: Set CVar [[r.LightFunctionQuality:1]]
12-28 23:34:38.784 32514 32665 D UE      : [2023.12.28-18.34.38:784][  0]LogConfig: Set CVar [[r.ShadowQuality:2]]
12-28 23:34:38.784 32514 32665 D UE      : [2023.12.28-18.34.38:784][  0]LogConfig: Set CVar [[r.Shadow.CSM.MaxCascades:3]]
12-28 23:34:38.784 32514 32665 D UE      : [2023.12.28-18.34.38:784][  0]LogConfig: Set CVar [[r.Shadow.MaxResolution:2048]]
12-28 23:34:38.784 32514 32665 D UE      : [2023.12.28-18.34.38:784][  0]LogConfig: Set CVar [[r.Shadow.MaxCSMResolution:2048]]
12-28 23:34:38.784 32514 32665 D UE      : [2023.12.28-18.34.38:784][  0]LogConfig: Set CVar [[r.Shadow.RadiusThreshold:0.06]]
12-28 23:34:38.784 32514 32665 D UE      : [2023.12.28-18.34.38:784][  0]LogConfig: Set CVar [[r.Shadow.DistanceScale:1.0]]
12-28 23:34:38.784 32514 32665 D UE      : [2023.12.28-18.34.38:784][  0]LogConfig: Set CVar [[r.Shadow.CSM.TransitionScale:1.0]]
12-28 23:34:38.784 32514 32665 D UE      : [2023.12.28-18.34.38:784][  0]LogConfig: Set CVar [[r.Shadow.PreShadowResolutionFactor:1.0]]
12-28 23:34:38.784 32514 32665 D UE      : [2023.12.28-18.34.38:784][  0]LogConfig: Set CVar [[r.DistanceFieldShadowing:1]]
12-28 23:34:38.784 32514 32665 D UE      : [2023.12.28-18.34.38:784][  0]LogConfig: Set CVar [[r.VolumetricFog:0]]
12-28 23:34:38.784 32514 32665 D UE      : [2023.12.28-18.34.38:784][  0]LogConfig: Set CVar [[r.VolumetricFog.GridPixelSize:8]]
12-28 23:34:38.784 32514 32665 D UE      : [2023.12.28-18.34.38:784][  0]LogConfig: Set CVar [[r.VolumetricFog.GridSizeZ:128]]
12-28 23:34:38.784 32514 32665 D UE      : [2023.12.28-18.34.38:784][  0]LogConfig: Set CVar [[r.VolumetricFog.HistoryMissSupersampleCount:4]]
12-28 23:34:38.784 32514 32665 D UE      : [2023.12.28-18.34.38:784][  0]LogConfig: Set CVar [[r.LightMaxDrawDistanceScale:1]]
12-28 23:34:38.784 32514 32665 D UE      : [2023.12.28-18.34.38:784][  0]LogConfig: Set CVar [[r.CapsuleShadows:1]]
12-28 23:34:38.784 32514 32665 D UE      : [2023.12.28-18.34.38:784][  0]LogConfig: Set CVar [[r.Shadow.Virtual.MaxPhysicalPages:4096]]
12-28 23:34:38.784 32514 32665 D UE      : [2023.12.28-18.34.38:784][  0]LogConfig: Set CVar [[r.Shadow.Virtual.ResolutionLodBiasDirectional:-1.5]]
12-28 23:34:38.784 32514 32665 D UE      : [2023.12.28-18.34.38:784][  0]LogConfig: Set CVar [[r.Shadow.Virtual.ResolutionLodBiasDirectionalMoving:-1.5]]
12-28 23:34:38.784 32514 32665 D UE      : [2023.12.28-18.34.38:784][  0]LogConfig: Set CVar [[r.Shadow.Virtual.ResolutionLodBiasLocal:0.0]]
12-28 23:34:38.784 32514 32665 D UE      : [2023.12.28-18.34.38:784][  0]LogConfig: Set CVar [[r.Shadow.Virtual.ResolutionLodBiasLocalMoving:1.0]]
12-28 23:34:38.784 32514 32665 D UE      : [2023.12.28-18.34.38:784][  0]LogConfig: Set CVar [[r.Shadow.Virtual.SMRT.RayCountDirectional:8]]
12-28 23:34:38.784 32514 32665 D UE      : [2023.12.28-18.34.38:784][  0]LogConfig: Set CVar [[r.Shadow.Virtual.SMRT.SamplesPerRayDirectional:4]]
12-28 23:34:38.784 32514 32665 D UE      : [2023.12.28-18.34.38:784][  0]LogConfig: Set CVar [[r.Shadow.Virtual.SMRT.RayCountLocal:8]]
12-28 23:34:38.784 32514 32665 D UE      : [2023.12.28-18.34.38:784][  0]LogConfig: Set CVar [[r.Shadow.Virtual.SMRT.SamplesPerRayLocal:4]]
12-28 23:34:38.784 32514 32665 D UE      : [2023.12.28-18.34.38:784][  0]LogConfig: Applying CVar settings from Section [GlobalIlluminationQuality@3] File [Scalability]
12-28 23:34:38.784 32514 32665 D UE      : [2023.12.28-18.34.38:784][  0]LogConfig: Set CVar [[r.DistanceFieldAO:1]]
12-28 23:34:38.784 32514 32665 D UE      : [2023.12.28-18.34.38:784][  0]LogConfig: Set CVar [[r.AOQuality:2]]
12-28 23:34:38.784  3080  3128 I GuardianRender: [GuardianRender::Resume] GuardianRender resuming.
12-28 23:34:38.784 32514 32665 D UE      : [2023.12.28-18.34.38:784][  0]LogConfig: Set CVar [[r.Lumen.DiffuseIndirect.Allow:1]]
12-28 23:34:38.784 32514 32665 D UE      : [2023.12.28-18.34.38:784][  0]LogConfig: Set CVar [[r.LumenScene.Radiosity.ProbeSpacing:4]]
12-28 23:34:38.784 32514 32665 D UE      : [2023.12.28-18.34.38:784][  0]LogConfig: Set CVar [[r.LumenScene.Radiosity.HemisphereProbeResolution:4]]
12-28 23:34:38.784 32514 32665 D UE      : [2023.12.28-18.34.38:784][  0]LogConfig: Set CVar [[r.Lumen.TraceMeshSDFs.Allow:1]]
12-28 23:34:38.784 32514 32665 D UE      : [2023.12.28-18.34.38:784][  0]LogConfig: Set CVar [[r.Lumen.ScreenProbeGather.RadianceCache.ProbeResolution:32]]
12-28 23:34:38.784 32514 32665 D UE      : [2023.12.28-18.34.38:784][  0]LogConfig: Set CVar [[r.Lumen.ScreenProbeGather.RadianceCache.NumProbesToTraceBudget:300]]
12-28 23:34:38.784 32514 32665 D UE      : [2023.12.28-18.34.38:784][  0]LogConfig: Set CVar [[r.Lumen.ScreenProbeGather.DownsampleFactor:16]]
12-28 23:34:38.784 32514 32665 D UE      : [2023.12.28-18.34.38:784][  0]LogConfig: Set CVar [[r.Lumen.ScreenProbeGather.TracingOctahedronResolution:8]]
12-28 23:34:38.784 32514 32665 D UE      : [2023.12.28-18.34.38:784][  0]LogConfig: Set CVar [[r.Lumen.ScreenProbeGather.IrradianceFormat:0]]
12-28 23:34:38.784 32514 32665 D UE      : [2023.12.28-18.34.38:784][  0]LogConfig: Set CVar [[r.Lumen.ScreenProbeGather.StochasticInterpolation:0]]
12-28 23:34:38.784 32514 32665 D UE      : [2023.12.28-18.34.38:784][  0]LogConfig: Set CVar [[r.Lumen.ScreenProbeGather.FullResolutionJitterWidth:1]]
12-28 23:34:38.784 32514 32665 D UE      : [2023.12.28-18.34.38:784][  0]LogConfig: Set CVar [[r.Lumen.ScreenProbeGather.TwoSidedFoliageBackfaceDiffuse:1]]
12-28 23:34:38.784 32514 32665 D UE      : [2023.12.28-18.34.38:784][  0]LogConfig: Set CVar [[r.Lumen.ScreenProbeGather.ScreenTraces.HZBTraversal.FullResDepth:1]]
12-28 23:34:38.784 32514 32665 D UE      : [2023.12.28-18.34.38:784][  0]LogConfig: Set CVar [[r.Lumen.TranslucencyVolume.GridPixelSize:32]]
12-28 23:34:38.784 32514 32665 D UE      : [2023.12.28-18.34.38:784][  0]LogConfig: Set CVar [[r.Lumen.TranslucencyVolume.TraceFromVolume:1]]
12-28 23:34:38.784 32514 32665 D UE      : [2023.12.28-18.34.38:784][  0]LogConfig: Set CVar [[r.Lumen.TranslucencyVolume.TracingOctahedronResolution:3]]
12-28 23:34:38.784 32514 32665 D UE      : [2023.12.28-18.34.38:784][  0]LogConfig: Set CVar [[r.Lumen.TranslucencyVolume.RadianceCache.ProbeResolution:8]]
12-28 23:34:38.784 32514 32665 D UE      : [2023.12.28-18.34.38:784][  0]LogConfig: Set CVar [[r.Lumen.TranslucencyVolume.RadianceCache.NumProbesToTraceBudget:200]]
12-28 23:34:38.784 32514 32665 D UE      : [2023.12.28-18.34.38:784][  0]LogConfig: Applying CVar settings from Section [ReflectionQuality@3] File [Scalability]
12-28 23:34:38.784 32514 32665 D UE      : [2023.12.28-18.34.38:784][  0]LogConfig: Set CVar [[r.SSR.Quality:3]]
12-28 23:34:38.784 32514 32665 D UE      : [2023.12.28-18.34.38:784][  0]LogConfig: Set CVar [[r.SSR.HalfResSceneColor:0]]
12-28 23:34:38.784 32514 32665 D UE      : [2023.12.28-18.34.38:784][  0]LogConfig: Set CVar [[r.Lumen.Reflections.Allow:1]]
12-28 23:34:38.784 32514 32665 D UE      : [2023.12.28-18.34.38:784][  0]LogConfig: Set CVar [[r.Lumen.Reflections.DownsampleFactor:1]]
12-28 23:34:38.784 32514 32665 D UE      : [2023.12.28-18.34.38:784][  0]LogConfig: Set CVar [[r.Lumen.Reflections.MaxRoughnessToTraceForFoliage:0.4]]
12-28 23:34:38.784 32514 32665 D UE      : [2023.12.28-18.34.38:784][  0]LogConfig: Set CVar [[r.Lumen.Reflections.ScreenSpaceReconstruction.TonemapStrength:0]]
12-28 23:34:38.784 32514 32665 D UE      : [2023.12.28-18.34.38:784][  0]LogConfig: Set CVar [[r.Lumen.TranslucencyReflections.FrontLayer.Allow:1]]
12-28 23:34:38.784 32514 32665 D UE      : [2023.12.28-18.34.38:784][  0]LogConfig: Set CVar [[r.Lumen.TranslucencyReflections.FrontLayer.Enable:0]]
12-28 23:34:38.784 32514 32665 D UE      : [2023.12.28-18.34.38:784][  0]LogConfig: Applying CVar settings from Section [PostProcessQuality@3] File [Scalability]
12-28 23:34:38.784 32514 32665 D UE      : [2023.12.28-18.34.38:784][  0]LogConfig: Set CVar [[r.MotionBlurQuality:4]]
12-28 23:34:38.784 32514 32665 D UE      : [2023.12.28-18.34.38:784][  0]LogConfig: Set CVar [[r.MotionBlur.HalfResGather:0]]
12-28 23:34:38.784 32514 32665 D UE      : [2023.12.28-18.34.38:784][  0]LogConfig: Set CVar [[r.AmbientOcclusionMipLevelFactor:0.4]]
12-28 23:34:38.784 32514 32665 D UE      : [2023.12.28-18.34.38:784][  0]LogConfig: Set CVar [[r.AmbientOcclusionMaxQuality:100]]
12-28 23:34:38.784 32514 32665 D UE      : [2023.12.28-18.34.38:784][  0]LogConfig: Set CVar [[r.AmbientOcclusionLevels:-1]]
12-28 23:34:38.785 32514 32665 D UE      : [2023.12.28-18.34.38:785][  0]LogConfig: Set CVar [[r.AmbientOcclusionRadiusScale:1.0]]
12-28 23:34:38.785 32514 32665 D UE      : [2023.12.28-18.34.38:785][  0]LogConfig: Set CVar [[r.DepthOfFieldQuality:1]]
12-28 23:34:38.785 32514 32665 D UE      : [2023.12.28-18.34.38:785][  0]LogConfig: Set CVar [[r.RenderTargetPoolMin:400]]
12-28 23:34:38.785 32514 32665 D UE      : [2023.12.28-18.34.38:785][  0]LogConfig: Set CVar [[r.LensFlareQuality:2]]
12-28 23:34:38.785 32514 32665 D UE      : [2023.12.28-18.34.38:785][  0]LogConfig: Set CVar [[r.SceneColorFringeQuality:1]]
12-28 23:34:38.785 32514 32665 D UE      : [2023.12.28-18.34.38:785][  0]LogConfig: Set CVar [[r.EyeAdaptationQuality:1]]
12-28 23:34:38.785 32514 32665 D UE      : [2023.12.28-18.34.38:785][  0]LogConfig: Set CVar [[r.BloomQuality:1]]
12-28 23:34:38.785 32514 32665 D UE      : [2023.12.28-18.34.38:785][  0]LogConfig: Set CVar [[r.Bloom.ScreenPercentage:50.000]]
12-28 23:34:38.785 32514 32665 D UE      : [2023.12.28-18.34.38:785][  0]LogConfig: Set CVar [[r.FastBlurThreshold:100]]
12-28 23:34:38.785 32514 32665 D UE      : [2023.12.28-18.34.38:785][  0]LogConfig: Set CVar [[r.Upscale.Quality:3]]
12-28 23:34:38.785 32514 32665 D UE      : [2023.12.28-18.34.38:785][  0]LogConfig: Set CVar [[r.LightShaftQuality:1]]
12-28 23:34:38.785 32514 32665 D UE      : [2023.12.28-18.34.38:785][  0]LogConfig: Set CVar [[r.Filter.SizeScale:1]]
12-28 23:34:38.785 32514 32665 D UE      : [2023.12.28-18.34.38:785][  0]LogConfig: Set CVar [[r.Tonemapper.Quality:3]]
12-28 23:34:38.785 32514 32665 D UE      : [2023.12.28-18.34.38:785][  0]LogConfig: Set CVar [[r.DOF.Gather.ResolutionDivisor:2         ; lower gathering resolution]]
12-28 23:34:38.785 32514 32665 D UE      : [2023.12.28-18.34.38:785][  0]LogConfig: Set CVar [[r.DOF.Gather.AccumulatorQuality:1        ; higher gathering accumulator quality]]
12-28 23:34:38.785 32514 32665 D UE      : [2023.12.28-18.34.38:785][  0]LogConfig: Set CVar [[r.DOF.Gather.PostfilterMethod:1          ; Median3x3 postfilering method]]
12-28 23:34:38.785 32514 32665 D UE      : [2023.12.28-18.34.38:785][  0]LogConfig: Set CVar [[r.DOF.Gather.EnableBokehSettings:0       ; no bokeh simulation when gathering]]
12-28 23:34:38.785 32514 32665 D UE      : [2023.12.28-18.34.38:785][  0]LogConfig: Set CVar [[r.DOF.Gather.RingCount:4                 ; medium number of samples when gathering]]
12-28 23:34:38.785 32514 32665 D UE      : [2023.12.28-18.34.38:785][  0]LogConfig: Set CVar [[r.DOF.Scatter.ForegroundCompositing:1    ; additive foreground scattering]]
12-28 23:34:38.785 32514 32665 D UE      : [2023.12.28-18.34.38:785][  0]LogConfig: Set CVar [[r.DOF.Scatter.BackgroundCompositing:2    ; additive background scattering]]
12-28 23:34:38.785 32514 32665 D UE      : [2023.12.28-18.34.38:785][  0]LogConfig: Set CVar [[r.DOF.Scatter.EnableBokehSettings:1      ; bokeh simulation when scattering]]
12-28 23:34:38.785 32514 32665 D UE      : [2023.12.28-18.34.38:785][  0]LogConfig: Set CVar [[r.DOF.Scatter.MaxSpriteRatio:0.1         ; only a maximum of 10% of scattered bokeh]]
12-28 23:34:38.785 32514 32665 D UE      : [2023.12.28-18.34.38:785][  0]LogConfig: Set CVar [[r.DOF.Recombine.Quality:1                ; cheap slight out of focus]]
12-28 23:34:38.785 32514 32665 D UE      : [2023.12.28-18.34.38:785][  0]LogConfig: Set CVar [[r.DOF.Recombine.EnableBokehSettings:0    ; no bokeh simulation on slight out of focus]]
12-28 23:34:38.785 32514 32665 D UE      : [2023.12.28-18.34.38:785][  0]LogConfig: Set CVar [[r.DOF.TemporalAAQuality:1                ; more stable temporal accumulation]]
12-28 23:34:38.785 32514 32665 D UE      : [2023.12.28-18.34.38:785][  0]LogConfig: Set CVar [[r.DOF.Kernel.MaxForegroundRadius:0.025]]
12-28 23:34:38.785 32514 32665 D UE      : [2023.12.28-18.34.38:785][  0]LogConfig: Set CVar [[r.DOF.Kernel.MaxBackgroundRadius:0.025]]
12-28 23:34:38.785 32514 32665 D UE      : [2023.12.28-18.34.38:785][  0]LogConfig: Set CVar [[r.Mobile.AmbientOcclusionQuality:1]]
12-28 23:34:38.785 32514 32665 D UE      : [2023.12.28-18.34.38:785][  0]LogConfig: Set CVar [[r.Mobile.PixelProjectedReflectionQuality:1]]
12-28 23:34:38.785 32514 32665 D UE      : [2023.12.28-18.34.38:785][  0]LogConfig: Applying CVar settings from Section [TextureQuality@3] File [Scalability]
12-28 23:34:38.785 32514 32665 D UE      : [2023.12.28-18.34.38:785][  0]LogConfig: Set CVar [[r.Streaming.MipBias:0]]
