--------- beginning of main
12-29 03:55:28.395  1013  1013 E adbd    : failed to connect to socket 'tcp:6666': Connection refused
--------- beginning of kernel
12-29 03:55:28.449     0     0 I binder  : 29604:29604 ioctl 40046210 7ff48bb214 returned -22
--------- beginning of system
12-29 03:55:28.452  1169  3494 I ActivityTaskManager: START u0 {flg=0x10000000 cmp=com.epicgames.AtomVR/com.epicgames.unreal.GameActivity (has extras)} from uid 2000
12-29 03:55:28.454  1169  3494 W ActivityTaskManager: Can't find TaskDisplayArea to determine support for multi window. Task id=2846 attached=false
12-29 03:55:28.457  1169  3494 W ActivityTaskManager: Tried to set launchTime (0) < mLastActivityLaunchTime (9897268)
12-29 03:55:28.461  1169  1187 W ProcessStats: Tracking association SourceState{96c265c com.oculus.vrshell:TheaterScreen/10025 Fgs #27293} whose proc state 3 is better than process ProcessState{5c38eef com.oculus.vrshell/10025 pkg=com.oculus.vrshell} proc state 13 (7 skipped)
12-29 03:55:28.462 21879 21879 D [SUI] ActivityManagerUtilsHelper: onForegroundActivitiesChanged: Instance: com.oculus.common.activitymanager.ActivityManagerUtilsHelper@65313bc, Pid: 29429, Tid: 10111, foregroundActivities: true, foreground app: com.epicgames.AtomVR, previous app: com.oculus.shellenv
12-29 03:55:28.464 21879 21879 D [SUI] ActivityManagerUtilsHelper: onForegroundActivitiesChanged: Instance: com.oculus.common.activitymanager.ActivityManagerUtilsHelper@60b1b54, Pid: 29429, Tid: 10111, foregroundActivities: true, foreground app: com.epicgames.AtomVR, previous app: com.oculus.shellenv
12-29 03:55:28.464 21879 21879 D [SUI] AnytimeUIPanelApp: Received ActivityStateChanges - com.epicgames.AtomVR
12-29 03:55:28.464 21879 21879 D [SUI] RunningAppManager: Updated current destination - com.epicgames.AtomVR
12-29 03:55:28.464 21879 21879 D [SUI] AppStateUtil: com.epicgames.AtomVR is running= true
12-29 03:55:28.464 21879 21879 D [SUI] AppStateUtil: com.oculus.shellenv is running= false
12-29 03:55:28.464  3111  3668 I GuardianFocusListener: [GuardianFocusListener::onTopActivityChanged] updated TopActivityChangeEvent - topActivityName: com.epicgames.AtomVR, immersiveAppPackageName: nullopt, isImmersiveAppTopActivity: false
12-29 03:55:28.464  3111  3668 I GuardianFocusListener: [GuardianFocusListener::UpdateImmersiveAppState] Pending immersive app updated from com.oculus.shellenv to com.epicgames.AtomVR
12-29 03:55:28.465  3286 22278 I MRSVC   : MIXEDREALITY: MrServiceController: VrFocusManager::Top Activity Changed, topActivity now is: 'com.epicgames.AtomVR', immersiveApp now is: ''.
12-29 03:55:28.467  3286  3388 I MRSVC   : MIXEDREALITY: MrService: renderIteration: (every 10 seconds), screen is: OFF, PT is: OFF, ID is: OFF, Depth is: OFF
12-29 03:55:28.468  2715  2715 I [OAO] ShellOverlayMain: WakeVrThread - notifying vr thread
12-29 03:55:28.468  3286  3388 I MRSVC   : MIXEDREALITY: MrServiceModelBase: Hibernating caller (most likely rendering thread) due to screen being off.
12-29 03:55:28.472 21879 29182 W OVRLibrary: null cursor received for query content://com.oculus.ocms.library/apps/com.epicgames.AtomVR
12-29 03:55:28.472  3286 23883 I MRSVC   : MIXEDREALITY: MrServiceController: VrFocusManager::Top Activity Changed, topActivity now is: 'com.epicgames.AtomVR', immersiveApp now is: ''.
12-29 03:55:28.473  2715  2998 I [OAO] ShellAppBase: WaitForWake: VrThread woke up
12-29 03:55:28.474  2715  2998 I Deque   : AddEventToQueue called. eventInfo.type: 40, eventInfo.next: 0
12-29 03:55:28.474  2715  2998 I [OAO] VrPlatformOpenXr: xrPollEvent: received XR_TYPE_EVENT_DATA_REFERENCE_SPACE_CHANGE_PENDING event
12-29 03:55:28.474  2715  2998 I [OAO] ShellAppBase: Start sleep timeout. Now:9939.992111, Timeout:9941.992111
12-29 03:55:28.474  3286  3388 I MRSVC   : MIXEDREALITY: MrServiceModelBase: Hibernating caller (most likely rendering thread) due to screen being off.
12-29 03:55:28.476 21879 29196 W OVRLibrary: null cursor received for query content://com.oculus.ocms.library/apps/com.epicgames.AtomVR
12-29 03:55:28.482  3111  3210 I GuardianLaunchCheckMgr: [GuardianLaunchCheckMgr::HandleImmersiveAppChange] Immersive App: com.oculus.shellenv -> com.epicgames.AtomVR
12-29 03:55:28.483  3111  3210 I GuardianLaunchCheckMgr: [GuardianLaunchCheckMgr::HandleImmersiveAppChange] Boundary requirement type: BoundaryRequired
12-29 03:55:28.483  3111  3210 I GuardianLifecycleMgr: [InternalSetIsGuardianlessModeEnable] isGuardianlessModeEnable: 0
12-29 03:55:28.483  3111  3210 I GuardianLifecycleMgr: [RequestIsGuardianlessModeEnable] isGuardianlessModeEnable: request 0, final 0
12-29 03:55:28.483  3111  3210 I GuardianLaunchCheckMgr: [GuardianLaunchCheckMgr::ExitLaunchCheck] launch check type: NONE
12-29 03:55:28.483  3111  3210 I GuardianFocusListener: [GuardianFocusListener::NotifyImmersiveAppChanged] From app: com.oculus.shellenv To App: com.epicgames.AtomVR
12-29 03:55:28.483  3111  3210 I GuardianFocusListener: [GuardianFocusListener::UpdateCurrentProcess] com.epicgames.AtomVR
12-29 03:55:28.483  3111  3210 I GuardianSystem: SetCurrentProcessName: com.epicgames.AtomVR, previous ProcessName: com.oculus.shellenv
12-29 03:55:28.508 29429 29609 D UE      : Entering native app glue main function
12-29 03:55:28.509 29429 29609 D UE      : Created event thread
12-29 03:55:28.509 29429 29609 D UE      : Entered AndroidMain()
12-29 03:55:28.509 29429 29610 D UE      : Entering event processing thread engine entry point
12-29 03:55:28.509 29429 29610 D UE      : Prepared looper for event thread
12-29 03:55:28.509 29429 29610 D UE      : Passed callback initialization
12-29 03:55:28.509 29429 29610 D UE      : Passed sensor initialization
12-29 03:55:28.510  1169  1352 W ServiceManager: Permission failure: android.permission.HIGH_SAMPLING_RATE_SENSORS from uid=10111 pid=29429
12-29 03:55:28.511 29429 29609 D UE      : Controller interface supported
12-29 03:55:28.514 29429 29429 E PermissionHelper: GVRTransition2DActivity.getActivity() failed. Trying to get GameActivity.
12-29 03:55:28.516 29429 29429 D PermissionHelper: checkPermission: android.permission.CHANGE_WIFI_MULTICAST_STATE has not granted
12-29 03:55:28.517 29429 29429 D UE      : [GameActivity] Target SDK is 26.  This may cause issues if permissions are denied by the user.
12-29 03:55:28.518 29429 29429 E PermissionHelper: GVRTransition2DActivity.getActivity() failed. Trying to get GameActivity.
12-29 03:55:28.519 29429 29429 D PermissionHelper: checkPermission: android.permission.WRITE_EXTERNAL_STORAGE has granted
12-29 03:55:28.522 29429 29429 D UE      : [GameActivity] Vulkan version: 1.1.0
12-29 03:55:28.523 29429 29429 D UE      : [GameActivity] Vulkan level: 1
12-29 03:55:28.523 29429 29429 D UE      : [GameActivity] Found DepthBufferPreference = 0
12-29 03:55:28.523 29429 29429 D UE      : [GameActivity] Found PropagateAlpha = 0
12-29 03:55:28.523 29429 29429 D UE      : [GameActivity] Found bPackageDataInsideApk = 0
12-29 03:55:28.524 29429 29429 D UE      : [GameActivity] Found ProjectName = AtomVR
12-29 03:55:28.524 29429 29429 D UE      : [GameActivity] Found AppType = 
12-29 03:55:28.524 29429 29429 D UE      : [GameActivity] Found bHasOBBFiles = 0
12-29 03:55:28.524 29429 29429 D UE      : [GameActivity] Found bVerifyOBBOnStartUp = false
12-29 03:55:28.524 29429 29429 D UE      : [GameActivity] UI hiding set to true
12-29 03:55:28.524 29429 29429 D UE      : [GameActivity] Display cutout set to false
12-29 03:55:28.524 29429 29429 D UE      : [GameActivity] BuildConfiguration set to Development
12-29 03:55:28.524 29429 29429 D UE      : [GameActivity] UseExternalFilesDir set to true
12-29 03:55:28.524 29429 29429 D UE      : [GameActivity] PublicLogFiles set to false
12-29 03:55:28.524 29429 29429 D UE      : [GameActivity] AllowIMU set to true
12-29 03:55:28.525 29429 29429 D UE      : [GameActivity] SupportsVulkan set to true
12-29 03:55:28.526 29429 29429 D UE      : [GameActivity] Found OpenXR Oculus Mobile mode.
12-29 03:55:28.526 29429 29429 D UE      : [GameActivity] Parsing commandline: -project="../../../AtomVR/AtomVR.uproject" /Game/Maps/SelectServer -Messaging -CrashForUAT -SessionId=61DBBE3F47568C693EE100A5C307B618 -SessionOwner="nick1" -SessionName="Launch On Device"  
12-29 03:55:28.529 29429 29429 I AdrenoGLES-0: QUALCOMM build                   : fa5d856e9e, I160a5475da
12-29 03:55:28.529 29429 29429 I AdrenoGLES-0: Build Date                       : 07/24/23
12-29 03:55:28.529 29429 29429 I AdrenoGLES-0: OpenGL ES Shader Compiler Version: E031.42.07.00
12-29 03:55:28.529 29429 29429 I AdrenoGLES-0: Local Branch                     : 
12-29 03:55:28.529 29429 29429 I AdrenoGLES-0: Remote Branch                    : 
12-29 03:55:28.529 29429 29429 I AdrenoGLES-0: Remote Branch                    : 
12-29 03:55:28.529 29429 29429 I AdrenoGLES-0: Reconstruct Branch               : 
12-29 03:55:28.529 29429 29429 I AdrenoGLES-0: Build Config                     : S P 10.0.7 AArch64
12-29 03:55:28.529 29429 29429 I AdrenoGLES-0: Driver Path                      : /vendor/lib64/egl/libGLESv2_adreno.so
12-29 03:55:28.529 29429 29429 I AdrenoGLES-0: Driver Version                   : 0728.0
12-29 03:55:28.529 29429 29429 I AdrenoGLES-0: Process Name                     : com.epicgames.AtomVR
12-29 03:55:28.529     0     0 I binder  : 29429:29429 ioctl 40046210 7fd24185f4 returned -22
12-29 03:55:28.536 29429 29429 I AdrenoGLES-0: PFP: 0x016dd112, ME: 0x00000000
12-29 03:55:28.540   569   569 I hwservicemanager: getTransport: Cannot find entry android.hardware.configstore@1.0::ISurfaceFlingerConfigs/default in either framework or device VINTF manifest.
12-29 03:55:28.540     0     0 I binder  : 29429:29429 ioctl 40046210 7fd241a414 returned -22
12-29 03:55:28.558 29429 29611 D UE      : [GameActivity] --- memstats: 
12-29 03:55:28.558 29429 29611 D UE      : memstat: Used memory:  (updated): 156139
12-29 03:55:28.558 29429 29611 D UE      : memstat: VmSize:	 6703020 kB
12-29 03:55:28.558 29429 29611 D UE      : memstat: VmHWM:	  246152 kB
12-29 03:55:28.558 29429 29611 D UE      : memstat: VmRSS:	  245888 kB
12-29 03:55:28.558 29429 29611 D UE      : memstat: VmData:	 1337080 kB
12-29 03:55:28.558 29429 29611 D UE      : memstat: VmSwap:	       0 kB
12-29 03:55:28.568 29429 29429 D UE      : [GameActivity] ro.hardware: hollywood
12-29 03:55:28.568 29429 29429 D UE      : [GameActivity] Hardware: Qualcomm Technologies, Inc KONA
12-29 03:55:28.568 29429 29429 D UE      : [GameActivity] ro.soc.model: SM8250
12-29 03:55:28.568 29429 29429 D UE      : [GameActivity] Warning: hardware does not match ro.soc.model, assuming hardware is correct
12-29 03:55:28.569 29429 29429 D UE      : [GameActivity] Memory: 5840 MB
12-29 03:55:28.572 29429 29429 D UE      : [GameActivity] failed to get bytes from asset java.io.FileNotFoundException: configrules.bin.png
12-29 03:55:28.574 29429 29429 D UE      : [GameActivity] configrulesversion: no data
12-29 03:55:28.574 29429 29429 D UE      : [GameActivity] configrulesversion: no data
12-29 03:55:28.574 29429 29429 D UE      : [GameActivity] configrulesversion: no data
12-29 03:55:28.574 29429 29429 D UE      : [GameActivity] UseAffinity: false
12-29 03:55:28.574 29429 29429 D UE      : [GameActivity] BigCoreMask: 0xffff
12-29 03:55:28.574 29429 29429 D UE      : [GameActivity] LittleCoreMask: 0x0
12-29 03:55:28.575 29429 29429 D UE      : [GameActivity] APK path: /data/app/~~UuC1H0dusyix-VztVYQrbA==/com.epicgames.AtomVR-E5yQAdg7l53SN9dr9E8WTg==/base.apk
12-29 03:55:28.575 29429 29429 D UE      : [GameActivity] OBB in APK: false
12-29 03:55:28.576 29429 29429 D UE      : GFilePathBase Path override to'/storage/emulated/0/Android/data/com.epicgames.AtomVR/files'
12-29 03:55:28.576 29429 29429 D UE      : InternalFilePath found as '/data/user/0/com.epicgames.AtomVR/files'
12-29 03:55:28.576 29429 29429 D UE      : ExternalFilePath found as '/storage/emulated/0/Android/data/com.epicgames.AtomVR/files'
12-29 03:55:28.576 29429 29429 D UE      : App is running in Landscape
12-29 03:55:28.576 29429 29429 D UE      : AndroidPropagateAlpha =  0
12-29 03:55:28.577 29429 29429 D UE      : [GameActivity] Android version is 12
12-29 03:55:28.577 29429 29429 D UE      : [GameActivity] Android manufacturer is Oculus
12-29 03:55:28.577 29429 29429 D UE      : [GameActivity] Android model is Quest
12-29 03:55:28.577 29429 29429 D UE      : [GameActivity] Android build number is SQ3A.220605.009.A1
12-29 03:55:28.577 29429 29429 D UE      : [GameActivity] OS language is set to en_US
12-29 03:55:28.577 29429 29429 D UE      : [GameActivity] Debugger attached is false
12-29 03:55:28.647 29429 29440 I picgames.AtomV: Compiler allocated 5768KB to compile boolean com.epicgames.unreal.GameActivity.processSystemInfo(java.lang.String, java.lang.String)
12-29 03:55:28.673 29429 29429 D UE      : [GameActivity] GoogleApiClient exception caught: java.lang.IllegalArgumentException: must call addApi() to add at least one API
12-29 03:55:28.673 29429 29429 D UE      : [GameActivity] googleClient is disabled
12-29 03:55:28.674 29429 29429 D UE      : [GameActivity] ==============> GameActive.onCreate complete!
12-29 03:55:28.678 29429 29610 D UE      : LogAndroidEvents::EnqueueAppEvent : 9, [width=-1, height=-1], tid = 29610, APP_EVENT_STATE_ON_START
12-29 03:55:28.678 29429 29429 D UE      : [GameActivity] Creating console command broadcast listener
12-29 03:55:28.679 29429 29429 D UE      : [GameActivity] ==================================> Inside onStart function in GameActivity
12-29 03:55:28.680 29429 29429 V UE      : [GameApp] App in foreground
12-29 03:55:28.681 29429 29610 D UE      : Case APP_CMD_RESUME
12-29 03:55:28.682 29429 29610 D UE      : LogAndroidEvents::EnqueueAppEvent : 7, [width=-1, height=-1], tid = 29610, APP_EVENT_STATE_ON_RESUME
12-29 03:55:28.682 29429 29429 D UE      : [GameActivity] === Restoring Transparent Bars ===
12-29 03:55:28.682 29429 29610 D UE      : LogAndroidEvents::EnqueueAppEvent : 11, [width=-1, height=-1], tid = 29610, APP_EVENT_STATE_WINDOW_GAINED_FOCUS
12-29 03:55:28.682 29429 29429 D UE      : [GameActivity] ==============> [JAVA] AndroidThunkJava_KeepScreenOn(false) - Enabled screen saver
12-29 03:55:28.682 29429 29429 D UE      : [GameActivity] ==============> [JAVA] AndroidThunkJava_DisableScreenCapture(false) - Enabled screen captures
12-29 03:55:28.683 29429 29429 D UE      : [GameActivity] Registering sensor listeners
12-29 03:55:28.683 29429 29429 D UE      : App is running in Landscape
12-29 03:55:28.683 29429 29429 D UE      : AndroidPropagateAlpha =  0
12-29 03:55:28.683 29429 29429 D UE      : [GameActivity] === Restoring Transparent Bars ===
12-29 03:55:28.683 29429 29429 D UE      : [GameActivity] ==============> Resuming main init
12-29 03:55:28.686 29429 29609 D UE      : adb am start command line override: -project="../../../AtomVR/AtomVR.uproject" /Game/Maps/SelectServer -Messaging -CrashForUAT -SessionId=61DBBE3F47568C693EE100A5C307B618 -SessionOwner="nick1" -SessionName="Launch On Device"
12-29 03:55:28.686 29429 29609 D UE      : Final commandline: -project="../../../AtomVR/AtomVR.uproject" /Game/Maps/SelectServer -Messaging -CrashForUAT -SessionId=61DBBE3F47568C693EE100A5C307B618 -SessionOwner="nick1" -SessionName="Launch On Device" (len 188)
12-29 03:55:28.686 29429 29609 D UE      : Created sync event
12-29 03:55:28.693 29429 29429 D UE      : [GameActivity] ==============> GameActive.onResume complete!
12-29 03:55:28.698 29429 29429 D CompatibilityChangeReporter: Compat change id reported: 175409955; UID 10111; state: DISABLED
12-29 03:55:28.699 29429 29429 D CompatibilityChangeReporter: Compat change id reported: 175409954; UID 10111; state: DISABLED
12-29 03:55:28.707  1169  1692 W WindowManager: Failed looking up window session=Session{bf21eb0 29429:u0a10111} callers=com.android.server.wm.WindowManagerService.windowForClientLocked:5848 com.android.server.wm.Session.updateRequestedVisibilities:640 android.view.IWindowSession$Stub.onTransact:1175 
12-29 03:55:28.712 29429 29429 D UE      : [GameActivity] onPause: stop memory reporter runnable
12-29 03:55:28.712 29429 29429 D UE      : [GameActivity] Unregistering sensor listeners
12-29 03:55:28.712 29429 29610 D UE      : Case APP_CMD_PAUSE
12-29 03:55:28.712 29429 29610 D UE      : LogAndroidEvents::EnqueueAppEvent : 10, [width=-1, height=-1], tid = 29610, APP_EVENT_STATE_WINDOW_LOST_FOCUS
12-29 03:55:28.713 29429 29610 D UE      : Oculus: Ignoring APP_CMD_PAUSE command before APP_CMD_INIT_WINDOW
12-29 03:55:28.713 29429 29429 D UE      : [GameActivity] ==============> GameActive.onPause complete!
12-29 03:55:28.713 29429 29429 D UE      : [GameActivity] === Thermal status changed to 0
12-29 03:55:28.737 29429 29610 D UE      : LogAndroidEvents::EnqueueAppEvent : 12, [width=-1, height=-1], tid = 29610, APP_EVENT_STATE_SAVE_STATE
12-29 03:55:28.738 29429 29610 D UE      : LogAndroidEvents::EnqueueAppEvent : 8, [width=-1, height=-1], tid = 29610, APP_EVENT_STATE_ON_STOP
12-29 03:55:28.739 29429 29429 D UE      : [GameActivity] ==============> GameActive.onStop complete!
12-29 03:55:28.740 29429 29429 D UE      : [GameActivity] === Restoring Transparent Bars due to Visibility Change ===
12-29 03:55:28.741 29429 29429 D UE      : [GameActivity] === Restoring Transparent Bars ===
12-29 03:55:29.192  1169  1285 W BestClock: java.time.DateTimeException: Missing NTP fix
12-29 03:55:29.196  1169  1285 W BestClock: java.time.DateTimeException: Missing NTP fix
12-29 03:55:29.199  1169  1286 W BestClock: java.time.DateTimeException: Missing NTP fix
12-29 03:55:29.199  1169  1286 W BestClock: java.time.DateTimeException: Missing NTP fix
12-29 03:55:29.415 29429 29429 V UE      : [GameApp] App in background
12-29 03:55:30.398  1013  1013 E adbd    : failed to connect to socket 'tcp:6666': Connection refused
12-29 03:55:30.490  2715  2998 I [OAO] ShellAppBase: Sleep timeout exceeded. Timeout:9941.992111, Now:9942.008633. Sleeping... 
12-29 03:55:30.490  2715  2998 I [OAO] ShellAppBase: WaitForWake: VrThread entering waiting state
12-29 03:55:30.518     0     0 I logd    : logdr: UID=2000 GID=2000 PID=29614 b tail=0 logMask=10099 pid=0 start=0ns deadline=0ns
12-29 03:55:31.487  2079 29631 I OSUpdateService: Intent with action IdleAlarm
12-29 03:55:31.519  2079 29631 W SystemUpdatePolicyMonitor: requestAllowedByPolicy: mLastReportedPolicyStatus=true
12-29 03:55:31.521  2079 29631 I IdleMonitor: getIdleState duration=120, idleState=SCREEN_OFF_IDLE
12-29 03:55:31.523  2079 29631 I IdleUpdateManager: areIdleConditionsMet: false, conditions: UpdatePhase=WaitingToCheckForUpdates CheckPeriodElapsed=false Wifi=true Idle=true Battery=true DeviceOn=true DevicePolicyManager=true
12-29 03:55:31.649  1169  2148 E TaskPersister: File error accessing recents directory (directory doesn't exist?).
12-29 03:55:32.351     0     0 W healthd : battery l=100 v=4399 t=25.5 h=2 st=2 c=147460 fc=3749000 cc=3 chg=u
12-29 03:55:32.401  1013  1013 E adbd    : failed to connect to socket 'tcp:6666': Connection refused
12-29 03:55:32.792     0     0 W healthd : battery l=100 v=4400 t=25.5 h=2 st=2 c=179199 fc=3749000 cc=3 chg=u
12-29 03:55:34.405  1013  1013 E adbd    : failed to connect to socket 'tcp:6666': Connection refused
12-29 03:55:36.408  1013  1013 E adbd    : failed to connect to socket 'tcp:6666': Connection refused
12-29 03:55:36.497  1169  1630 D SntpClient: request time failed: java.net.SocketTimeoutException: Poll timed out
12-29 03:55:36.497  1169  1630 D SntpClient: request time failed
12-29 03:55:36.845  2104  2877 W MobileConfigAccessor: Failed to update sessionless configs within timeout 40000 ms
12-29 03:55:36.845  2104  2877 W DeviceConfigTelemetryLogger: Mobile Config fetch sessionless config has failed on 3 retry in 8 ms
12-29 03:55:36.867  2104  2877 W MobileConfigAccessor: Failed to update sessionbased configs within timeout 40000 ms
12-29 03:55:36.867  2104  2877 W DeviceConfigTelemetryLogger: Mobile Config fetch sessionbased config has failed on 3 retry in 22 ms
12-29 03:55:36.867  2104  2877 E DeviceConfigTelemetryLogger: Mobile Config fetch has failed
12-29 03:55:38.217  2104  3501 E LoggingErrorHandler: Retrofit error, url: [https://graph.oculus.com/authenticate_application], kind: [NETWORK], status: [0 - ], headers: , body: []
12-29 03:55:38.217  2104  3501 E ExternalPlatformNetwork: could not get access token from the server for 'com.oculus.shellenv'
12-29 03:55:38.218  2104  3501 E AppScopedAccessTokenResultBuilder: ResultBuilder error has been set to: Unable to resolve host "graph.oculus.com": No address associated with hostname
12-29 03:55:38.218  2104  3501 E com.oculus.platform.util.Util: operation failed
12-29 03:55:38.220  2181  2781 I OVRPlatform: [RequestStopwatch] AccessTokenRequest took 13.5130 milliseconds
12-29 03:55:38.247  2181  2639 E Clay    : Oculus Platform SDK failed to get access token with error 'Unable to resolve host "graph.oculus.com": No address associated with hostname'
12-29 03:55:38.410  1013  1013 E adbd    : failed to connect to socket 'tcp:6666': Connection refused
12-29 03:55:38.470  1169  1187 W ProcessStats: Tracking association SourceState{96c265c com.oculus.vrshell:TheaterScreen/10025 Fgs #27306} whose proc state 3 is better than process ProcessState{5c38eef com.oculus.vrshell/10025 pkg=com.oculus.vrshell} proc state 13 (45 skipped)
12-29 03:55:40.413  1013  1013 E adbd    : failed to connect to socket 'tcp:6666': Connection refused
12-29 03:55:40.504     0     0 W healthd : battery l=100 v=4399 t=25.5 h=2 st=2 c=175292 fc=3749000 cc=3 chg=u
12-29 03:55:42.416  1013  1013 E adbd    : failed to connect to socket 'tcp:6666': Connection refused
12-29 03:55:42.801     0     0 W healthd : battery l=100 v=4400 t=25.5 h=2 st=2 c=157226 fc=3749000 cc=3 chg=u
12-29 03:55:43.585  2104  2545 E LoggingErrorHandler: Retrofit error, url: [https://graph.oculus.com/user_heartbeat?current_status=ONLINE], kind: [NETWORK], status: [0 - ], headers: , body: []
12-29 03:55:43.585  2104  2545 E PresenceManager: Heartbeat error.
12-29 03:55:44.419  1013  1013 E adbd    : failed to connect to socket 'tcp:6666': Connection refused
12-29 03:55:45.921  2104  2570 I FbnsConnectionManager: connection/reconnect
12-29 03:55:45.922  2104  2570 I MqttPushService: connection/lost; lastState=DISCONNECTED.
12-29 03:55:45.922  2104  2570 I MqttPushService: [state_machine] state = DISCONNECTED
12-29 03:55:45.934  2104  2570 I FbnsConnectionManager: connection/create_client; mqttClient=[MqttClient (mqtt-mini.facebook.com:0 +ssl) DISCONNECTED]
12-29 03:55:45.943  2104  2570 I FbnsConnectionManager: connection/connecting
12-29 03:55:45.943  2104  2570 I MqttPushService: connection/connecting
12-29 03:55:45.943  2104  2570 I MqttPushService: [state_machine] DISCONNECTED -> CONNECTING
12-29 03:55:45.943  2104 29791 I DefaultMqttClientCore: connection/connecting
12-29 03:55:46.422  1013  1013 E adbd    : failed to connect to socket 'tcp:6666': Connection refused
12-29 03:55:46.511  3286  3837 I ClientSharedTelemetryStats: App memory usage: PSS=37 MiB, PrivateDirty=31 MiB, PrivateClean=1 MiB, GPU=5.2/5.4 MiB (97% allocated)
12-29 03:55:47.675  3111  3892 I ClientSharedTelemetryStats: App memory usage: PSS=43 MiB, PrivateDirty=33 MiB, PrivateClean=5 MiB, GPU=3.5/4.9 MiB (73% allocated)
12-29 03:55:48.426  1013  1013 E adbd    : failed to connect to socket 'tcp:6666': Connection refused
12-29 03:55:48.666     0     0 W healthd : battery l=100 v=4400 t=25.5 h=2 st=2 c=173339 fc=3749000 cc=3 chg=u
12-29 03:55:50.429  1013  1013 E adbd    : failed to connect to socket 'tcp:6666': Connection refused
12-29 03:55:50.771     0     0 W healthd : battery l=100 v=4400 t=25.5 h=2 st=2 c=152831 fc=3749000 cc=3 chg=u
12-29 03:55:52.433  1013  1013 E adbd    : failed to connect to socket 'tcp:6666': Connection refused
12-29 03:55:52.812     0     0 W healthd : battery l=100 v=4400 t=25.5 h=2 st=2 c=170410 fc=3749000 cc=3 chg=u
12-29 03:55:53.356  1169  1195 W ActivityManager: Stopping service due to app idle: u0a17 -1m10s26ms com.oculus.appsafety/.AppSafetyService
12-29 03:55:53.358  2919  2919 D AppSafetyService: Service stopping
--------- beginning of tracking
12-29 03:55:53.573   799  1058 I SyncBossHAL: [info   ] syncboss_hal_powerstate.c(52): Reporting powerstate event: PROX_ON
12-29 03:55:53.574   799  1058 D SensorService: Received Powerstate PROX_ON
12-29 03:55:53.574  1169  1416 I VrPowerManagerService: transition from STANDBY to HEADSET_MOUNTED
12-29 03:55:53.574   973  7954 I TrackingService: ActivityMonitor: prox_on event received
12-29 03:55:53.575  1169  1416 I PowerManagerService: Powering on display group fromAsleep (groupId=0, uid=1000, reason=WAKE_REASON_UNKNOWN, details=VrPwMng:leave-standby)...
12-29 03:55:53.575  1169  1416 I PowerManagerService: Waking up from Asleep (uid=1000, reason=WAKE_REASON_UNKNOWN, details=VrPwMng:leave-standby)...
12-29 03:55:53.578  1169  1169 D ActivityManager: Is background playback GK enabled: false Is background playback enabled for all apps: false
12-29 03:55:53.582  1169  1169 D ActivityManager: Is background playback GK enabled: false Is background playback enabled for all apps: false
12-29 03:55:53.582  1169  1206 I DisplayPowerController[0]: Blocking screen on until initial contents have been drawn.
12-29 03:55:53.582  1169  1206 D ActivityTaskManager: Top Process State changed to PROCESS_STATE_TOP
12-29 03:55:53.582   944  4439 D SensorClientUtils: Cancelling delayed transition to SLEEP
12-29 03:55:53.582   973  1528 D SensorClientUtils: Cancelling delayed transition to SLEEP
12-29 03:55:53.582   944  4439 D SensorClientUtils: Received transition request from SLEEP to RUNNING
12-29 03:55:53.583   914  2087 D telemetry: Transitioning to session state: Active Session, Headset In Use (donned and screen on)
12-29 03:55:53.583   973  1528 D SensorClientUtils: Received transition request from SLEEP to RUNNING
12-29 03:55:53.583  1697  6592 D SensorClientUtils: Cancelling delayed transition to SLEEP
12-29 03:55:53.584  1712  5193 D VrPowerManagerClient: Headset state: 1
12-29 03:55:53.585  1712  5193 V ControllerNotifications: Headset was mounted, requesting that notifications are enabled
12-29 03:55:53.585  1712  5193 V ControllerNotifications: Queueing enable of notifications in 5000ms
12-29 03:55:53.585  1697  6592 D SensorClientUtils: Received transition request from SLEEP to RUNNING
12-29 03:55:53.585  1169  1169 D ActivityManager: Is background playback GK enabled: false Is background playback enabled for all apps: false
12-29 03:55:53.586   944  4439 D SensorClientUtils: Executing transition from SLEEP to STANDBY
12-29 03:55:53.586   944  4439 D MrSystemService: AOSP setPowerState: STANDBY.
12-29 03:55:53.586   944  4439 I MRSS    : MIXEDREALITY: MrEngine: Received power state change from AOSP, new state: STANDBY.
12-29 03:55:53.586   944  4439 W MRSS    : MIXEDREALITY: MrEngine: screenStatus notification but no change
12-29 03:55:53.586   944  4439 D SensorClientUtils: Executing transition from STANDBY to RUNNING
12-29 03:55:53.586   944  4439 D MrSystemService: AOSP setPowerState: RUNNING.
12-29 03:55:53.586   944  4439 I MRSS    : MIXEDREALITY: MrEngine: Received power state change from AOSP, new state: RUNNING.
12-29 03:55:53.586   944  1470 I MRSS    : MIXEDREALITY: ServiceLogic: managePowerAndScreenStatus: Allowing start all capabilities
12-29 03:55:53.586   944  1470 I MRSS    : MIXEDREALITY: CapabilityController: Change fidelity Camera to 1.
12-29 03:55:53.586   944  1470 I MRSS    : MIXEDREALITY: MrSystemServiceIPCServer: Got notification for Camera, fidelity level: 1, command: NONE
12-29 03:55:53.587   944  1470 I MRSS    : MIXEDREALITY: CapabilityController: Change fidelity Depth to 1.
12-29 03:55:53.587   944  1470 I MRSS    : MIXEDREALITY: MrSystemServiceIPCServer: Got notification for Depth, fidelity level: 1, command: NONE
12-29 03:55:53.587   944  1470 I MRSS    : MIXEDREALITY: CapabilityController: Change fidelity IntrusionDetection to 1.
12-29 03:55:53.587   944  1470 I MRSS    : MIXEDREALITY: MrSystemServiceIPCServer: Got notification for IntrusionDetection, fidelity level: 1, command: NONE
12-29 03:55:53.587   944  1470 I MRSS    : MIXEDREALITY: CapabilityController: Change fidelity Playspace to 1.
12-29 03:55:53.587   944  1470 I MRSS    : MIXEDREALITY: MrSystemServiceIPCServer: Got notification for Playspace, fidelity level: 1, command: NONE
12-29 03:55:53.587   944  1470 I MRSS    : MIXEDREALITY: CapabilityController: Change fidelity Passthrough to 1.
12-29 03:55:53.587   944  1470 I MRSS    : MIXEDREALITY: MrSystemServiceIPCServer: Got notification screen status is ON
12-29 03:55:53.587  1697  6592 D SensorClientUtils: Executing transition from SLEEP to STANDBY
12-29 03:55:53.587  3286  3373 I MRSVC   : MIXEDREALITY: MrService: ScreenStateChanged: true
12-29 03:55:53.587  3286  3373 I MRSVC   : MIXEDREALITY: MrService: onWakeup
12-29 03:55:53.587  1697  6592 D OVRRemoteService: [controller] SLEEP -> STANDBY
12-29 03:55:53.587  1697  6592 D OVRRemoteService: ControllerGlue: setting expected mode to Streaming
12-29 03:55:53.587  1697  6592 D OVRRemoteService: ControllerGlue: Setting current mode to Streaming
12-29 03:55:53.587  1697  6592 D OVRRemoteService: ControllerGlue: leave mode Disabled
12-29 03:55:53.587  1697  6592 D OVRRemoteService: ControllerGlue: Setting mode to Streaming
12-29 03:55:53.587  1697  6592 D OVRRemoteService: ControllerGlue: enter mode Streaming
12-29 03:55:53.587   808 13192 D AF::TrackHandle: OpPlayAudio: track:57 uid:10016 pkg:com.oculus.shellenv usage:1 muted
12-29 03:55:53.588   799   859 D SensorService: ControllerProvider: acquiring StreamingSession
12-29 03:55:53.588   808 17768 D AF::TrackHandle: OpPlayAudio: track:82 uid:1000 pkg:android usage:13 not muted
12-29 03:55:53.588  3286  3388 I MRSVC   : MIXEDREALITY: MrService: renderIteration: (every 10 seconds), screen is: ON, PT is: OFF, ID is: OFF, Depth is: OFF
12-29 03:55:53.588   799   859 D SensorService: SyncbossEventHandler: Enabling sensor PULSAR
12-29 03:55:53.588   799   859 D SensorService: SyncbossEventHandler: Active sensors: synthetic[HMD_DOUBLETAP,EXTERNAL_TIMING,ZAP] non-synth[PULSAR]
12-29 03:55:53.588   799   859 D SensorService: SyncbossEventHandler: starting all streams
12-29 03:55:53.588   799   859 D SensorService: SyncbossEventHandler: acquiring session; approx # alive: 1
12-29 03:55:53.589   799 29870 D SensorService: SyncbossEventHandler::producerThreadFunc() start
12-29 03:55:53.589  3286  3388 I MRSVC   : MIXEDREALITY: MrServiceModelBase: commitLayerState: PassthroughMode: kNone.
12-29 03:55:53.589  3286  3388 I MRSVC   : MIXEDREALITY: MrRuntimeImpl: Changing mode to kNone
12-29 03:55:53.589  3286  3388 I MRSVC   : MIXEDREALITY: MrRuntimeImpl: onPause: Capability Passthrough on device 2.
12-29 03:55:53.589  1169  1352 E AppOps  : package system not found, can't check for attributionTag null
12-29 03:55:53.589   944  3322 I MRSS    : MIXEDREALITY: MrSystemServiceIPCServer: ChangeMrCapabilityStatus: client 3360955709, capability Passthrough, command 0.
12-29 03:55:53.589  1169  1169 D ActivityManager: Is background playback GK enabled: false Is background playback enabled for all apps: false
12-29 03:55:53.590  1169  1352 E AppOps  : startOperation
12-29 03:55:53.590  1169  1352 E AppOps  : java.lang.SecurityException: Specified package system under uid 1000 but it is not
12-29 03:55:53.590  1169  1352 E AppOps  : 	at com.android.server.appop.AppOpsService.verifyAndGetBypass(AppOpsService.java:4627)
12-29 03:55:53.590  1169  1352 E AppOps  : 	at com.android.server.appop.AppOpsService.startOperationUnchecked(AppOpsService.java:3950)
12-29 03:55:53.590  1169  1352 E AppOps  : 	at com.android.server.appop.AppOpsService.startOperationImpl(AppOpsService.java:3841)
12-29 03:55:53.590  1169  1352 E AppOps  : 	at com.android.server.appop.AppOpsService.access$4100(AppOpsService.java:215)
12-29 03:55:53.590  1169  1352 E AppOps  : 	at com.android.server.appop.AppOpsService$CheckOpsDelegateDispatcher.lambda$startOperation$8(AppOpsService.java:7627)
12-29 03:55:53.590  1169  1352 E AppOps  : 	at com.android.server.appop.AppOpsService$CheckOpsDelegateDispatcher$$ExternalSyntheticLambda23.apply(Unknown Source:53)
12-29 03:55:53.590  1169  1352 E AppOps  : 	at com.android.server.policy.AppOpsPolicy.startOperation(AppOpsPolicy.java:251)
12-29 03:55:53.590  1169  1352 E AppOps  : 	at com.android.server.appop.AppOpsService$CheckOpsDelegateDispatcher.startOperation(AppOpsService.java:7624)
12-29 03:55:53.590  1169  1352 E AppOps  : 	at com.android.server.appop.AppOpsService.startOperation(AppOpsService.java:3810)
12-29 03:55:53.590  1169  1352 E AppOps  : 	at android.app.AppOpsManager.startOpNoThrow(AppOpsManager.java:8888)
12-29 03:55:53.590  1169  1352 E AppOps  : 	at android.app.AppOpsManager.startOpNoThrow(AppOpsManager.java:8864)
12-29 03:55:53.590  1169  1352 E AppOps  : 	at android.app.AppOpsManager.startOpNoThrow(AppOpsManager.java:8853)
12-29 03:55:53.590  1169  1352 E AppOps  : 	at android.app.AppOpsManager.startOpNoThrow(AppOpsManager.java:8822)
12-29 03:55:53.590  1169  1352 E AppOps  : 	at com.android.server.power.Notifier.onWakeLockAcquired(Notifier.java:239)
12-29 03:55:53.590  1169  1352 E AppOps  : 	at com.android.server.power.PowerManagerService.notifyWakeLockAcquiredLocked(PowerManagerService.java:1610)
12-29 03:55:53.590  1169  1352 E AppOps  : 	at com.android.server.power.PowerManagerService.acquireWakeLockInternal(PowerManagerService.java:1439)
12-29 03:55:53.590  1169  1352 E AppOps  : 	at com.android.server.power.PowerManagerService.access$4600(PowerManagerService.java:143)
12-29 03:55:53.590  1169  1352 E AppOps  : 	at com.android.server.power.PowerManagerService$BinderService.acquireWakeLock(PowerManagerService.java:5198)
12-29 03:55:53.590  1169  1352 E AppOps  : 	at android.os.IPowerManager$Stub.onTransact(IPowerManager.java:473)
12-29 03:55:53.590  1169  1352 E AppOps  : 	at android.os.Binder.execTransactInternal(Binder.java:1184)
12-29 03:55:53.590  1169  1352 E AppOps  : 	at android.os.Binder.execTransact(Binder.java:1143)
12-29 03:55:53.590  1169  1169 D ActivityManager: Is background playback GK enabled: false Is background playback enabled for all apps: false
12-29 03:55:53.590   973  1528 D SensorClientUtils: Executing transition from SLEEP to STANDBY
12-29 03:55:53.591   973  1528 D TrackingService: Enqueued transition to (targetPowerState, targetMuxName): (STANDBY, --) - transition timeout: 1000000000 ns
12-29 03:55:53.591  3286  3388 I MRSVC   : MIXEDREALITY: MrRuntimeImpl: onPause: Capability Passthrough on device 2.
12-29 03:55:53.591   944  3322 I MRSS    : MIXEDREALITY: MrSystemServiceIPCServer: ChangeMrCapabilityStatus: client 3360955709, capability Passthrough, command 0.
12-29 03:55:53.592   808 13192 D AF::TrackHandle: OpPlayAudio: track:57 uid:10016 pkg:com.oculus.shellenv usage:1 muted
12-29 03:55:53.592  3286  3388 I MRSVC   : MIXEDREALITY: MrRuntimeImpl: onPause: Capability Playspace on device 2.
12-29 03:55:53.592   944  3322 I MRSS    : MIXEDREALITY: MrSystemServiceIPCServer: ChangeMrCapabilityStatus: client 3360955709, capability Playspace, command 0.
12-29 03:55:53.592   603   629 I SyncBossFW: 9963037 [info   ] {APPI}: Enabling display timestamping
12-29 03:55:53.592   808 17768 D AF::TrackHandle: OpPlayAudio: track:82 uid:1000 pkg:android usage:13 not muted
12-29 03:55:53.592   799 29870 W SensorService: Data for sensor type HMD_MAG dropped because of failure to update clock drift from vsync. 1 drops in the last 0s.
12-29 03:55:53.593   799   859 I SyncBossHAL: [info   ] syncboss_hal_impl_input.c(277): No pulsar frequency blocklist set
12-29 03:55:53.593   799   859 I SyncBossHAL: [info   ] syncboss_hal_impl_input.c(304): No AFH behavior specified, enabled by default
12-29 03:55:53.593  3286  3388 W PhaseSync: [PS_Ver_1_0] DiscardFrame is triggered, frame->Stage 2 FrameBeginIndex 5590 
12-29 03:55:53.593  3286  3388 I MRSVC   : MIXEDREALITY: OpenXrSupport: OpenXR qualified success: xrBeginFrame(clientState_.session, &beginFrameDesc): XR_FRAME_DISCARDED
12-29 03:55:53.593   863   863 D SurfaceFlinger: Setting power mode 2 on display 4630946791093499009
12-29 03:55:53.593  3286  3388 I MRSVC   : MIXEDREALITY: MrServiceView: passthroughLayersToSubmit stats No submitted layers - there was render or submit failure. (every 10 sec).
12-29 03:55:53.593  3286  3388 I MRSVC   : MIXEDREALITY: MrServiceView: renderIteration: Hibernating the rendering thread since ID is off and no active PT layers.
12-29 03:55:53.593   862   938 I SDM     : DisplayBase::SetDisplayState: Set state = 1, display 29-0, teardown = 0
12-29 03:55:53.593  3286  3388 I MRSVC   : MIXEDREALITY: MrServiceModelBase: Hibernating caller (most likely rendering thread) due to commandQueue being empty.
12-29 03:55:53.594  1169  1206 I DisplayPowerController[0]: Unblocked screen on after 12 ms
12-29 03:55:53.595   973  1150 I TrackingService: [                  vision_manager] Power transition: SLEEP -> STANDBY transition time: 4 ms
12-29 03:55:53.595   973  1150 I TrackingService: [                             iad] Power transition: SLEEP -> STANDBY transition time: 0 ms
12-29 03:55:53.595   973  1150 I Tracking: BoltMemoryAllocationCapabilityImpl: onStart
12-29 03:55:53.595   973  1150 I Tracking: BoltSDK::Soc-Hexagon: BoltMemoryAllocationCapability: Hexagon ref count changed from 0 to 1
12-29 03:55:53.595   973  1150 I Tracking: BoltSDK::Soc-Hexagon: Acquiring all Hexagon resources from Bolt SDK
12-29 03:55:53.595   973  1150 I Tracking: BOLT:HexagonShim: HexagonStart
12-29 03:55:53.596  1169  1169 D ActivityManager: Is background playback GK enabled: false Is background playback enabled for all apps: false
12-29 03:55:53.596   914  2087 D telemetry: Flush unrecorded events
12-29 03:55:53.596   603   629 I SyncBossFW: 9963041 [info   ] {WIHI}: Starting input
12-29 03:55:53.596  1169  1169 D ActivityManager: Is background playback GK enabled: false Is background playback enabled for all apps: false
12-29 03:55:53.596   799   859 D SensorService: ControllerProvider: acquiring StreamingClient impl; approx # alive: 1
12-29 03:55:53.596   799   859 D libsensorscommon: ControllerProvider: acquiring StreamingClient hidl
12-29 03:55:53.597  1169  1169 D ActivityManager: Is background playback GK enabled: false Is background playback enabled for all apps: false
12-29 03:55:53.597  1697  6592 D OVRRemoteService: RemoteService::recordControllerStatusUpdate: device d3d05f47e2487092: status: SEARCHING tracking: POSITION, errors: --
12-29 03:55:53.597  1697  6592 D OVRRemoteService: RemoteService::recordControllerStatusUpdate: device 9d17e7ce194bc1ec: status: SEARCHING tracking: NONE, errors: --
12-29 03:55:53.597  1169  1169 D ActivityManager: Is background playback GK enabled: false Is background playback enabled for all apps: false
12-29 03:55:53.598  1169  1169 D ActivityManager: Is background playback GK enabled: false Is background playback enabled for all apps: false
12-29 03:55:53.598  1169  1169 D ActivityManager: Is background playback GK enabled: false Is background playback enabled for all apps: false
12-29 03:55:53.598  1169  1169 D ActivityManager: Is background playback GK enabled: false Is background playback enabled for all apps: false
12-29 03:55:53.599   808 17768 D AF::TrackHandle: OpPlayAudio: track:82 uid:1000 pkg:android usage:13 not muted
12-29 03:55:53.599   808   808 D AF::TrackHandle: OpPlayAudio: track:57 uid:10016 pkg:com.oculus.shellenv usage:1 muted
12-29 03:55:53.599  1697 29873 D OVRRemoteService: processStateChange([PairedControllerInfo JEDI d3d05f47e2487092 disconnected mcnt=0])
12-29 03:55:53.599  1697 29873 D OVRRemoteService: processStateChange([PairedControllerInfo JEDI 9d17e7ce194bc1ec disconnected update-required mcnt=0])
12-29 03:55:53.599  1169  1169 D ActivityManager: Is background playback GK enabled: false Is background playback enabled for all apps: false
12-29 03:55:53.599   808   808 D AF::TrackHandle: OpPlayAudio: track:57 uid:10016 pkg:com.oculus.shellenv usage:1 muted
12-29 03:55:53.599  1169  1169 D ActivityManager: Is background playback GK enabled: false Is background playback enabled for all apps: false
12-29 03:55:53.599  1697  6592 D SensorClientUtils: Executing transition from STANDBY to RUNNING
12-29 03:55:53.599  1697  6592 D OVRRemoteService: [controller] STANDBY -> RUNNING
12-29 03:55:53.600   808 17768 D AF::TrackHandle: OpPlayAudio: track:82 uid:1000 pkg:android usage:13 not muted
12-29 03:55:53.600   808 17768 D AF::TrackHandle: OpPlayAudio: track:82 uid:1000 pkg:android usage:13 not muted
12-29 03:55:53.600   808   808 D AF::TrackHandle: OpPlayAudio: track:57 uid:10016 pkg:com.oculus.shellenv usage:1 muted
12-29 03:55:53.600   799 29869 D SensorService: Syncboss input 9d17e7ce194bc1ec hardware type 4, subtype 1, revision 
12-29 03:55:53.600   799 29869 I SensorService: preparePairedControllerInfo is adding device with valid 1
12-29 03:55:53.600   799 29869 D SensorService: Syncboss input d3d05f47e2487092 hardware type 4, subtype 2, revision 
12-29 03:55:53.600   799 29869 I SensorService: preparePairedControllerInfo is adding device with valid 1
12-29 03:55:53.600   808 17768 D AF::TrackHandle: OpPlayAudio: track:82 uid:1000 pkg:android usage:13 not muted
12-29 03:55:53.600   973  1150 I Tracking: boltlib: Waited 0.005022396 for SFRPC invoker thread to start
12-29 03:55:53.601   799 29869 D SensorService: stateChangeNotifierFunc(): Reporting controller info. Change token: 42, paired=2 connected=0
12-29 03:55:53.601  1697 29873 D OVRRemoteService: processStateChange([PairedControllerInfo JEDI 9d17e7ce194bc1ec disconnected update-required mcnt=0])
12-29 03:55:53.601  1697 29873 D OVRRemoteService: processStateChange([PairedControllerInfo JEDI d3d05f47e2487092 disconnected update-required mcnt=0])
12-29 03:55:53.601   808   808 D AF::TrackHandle: OpPlayAudio: track:57 uid:10016 pkg:com.oculus.shellenv usage:1 muted
12-29 03:55:53.588     0     0 I         : powerstate_mgr_open succeeded, refcount=1. (pid 859)
12-29 03:55:53.595     0     0 I [drm:dsi_display_set_mode] [msm-dsi-info]: mdp_transfer_time_us=0 us
12-29 03:55:53.595     0     0 I [drm:dsi_display_set_mode] [msm-dsi-info]: hactive= 1920,vactive= 3664,fps=90
12-29 03:55:53.595     0     0 I [drm:dsi_ctrl_isr_configure] [msm-dsi-info]: dsi-ctrl-0: IRQ 394 registered
12-29 03:55:53.595     0     0 I [drm:dsi_ctrl_isr_configure] [msm-dsi-info]: dsi-ctrl-1: IRQ 395 registered
12-29 03:55:53.602  1169  1169 D ActivityManager: Is background playback GK enabled: false Is background playback enabled for all apps: false
12-29 03:55:53.602  1169  1194 I AS.AudioService: Setting mMicMuteFromPrivacyToggle to false
12-29 03:55:53.602  1169  1169 D ActivityManager: Is background playback GK enabled: false Is background playback enabled for all apps: false
12-29 03:55:53.602  1169  1194 I AS.AudioService: Mic mute false, user=0
12-29 03:55:53.603  1169  1169 D ActivityManager: Is background playback GK enabled: false Is background playback enabled for all apps: false
12-29 03:55:53.603   973  1150 I Tracking: boltlib: Waited 0.002157396 for all SFRPC worker threads
12-29 03:55:53.603   808 17768 D AF::RecordHandle: OpRecordAudio: track:56 uid:10016 pkg:com.oculus.shellenv usage:0 source:1 muted
12-29 03:55:53.603  1169  1169 D ActivityManager: Is background playback GK enabled: false Is background playback enabled for all apps: false
12-29 03:55:53.603  1712  2004 I MicService.Privacy: Setting mic sensor privacy to false. reason: POWER_STATE. mounted: true. setting: false
12-29 03:55:53.603   786   786 D audio_hw_primary: adev_set_mic_mute state 0
12-29 03:55:53.604  1169  1169 D ActivityManager: Is background playback GK enabled: false Is background playback enabled for all apps: false
12-29 03:55:53.604  1169  1169 D ActivityManager: Is background playback GK enabled: false Is background playback enabled for all apps: false
12-29 03:55:53.604   808   808 D AF::TrackHandle: OpPlayAudio: track:82 uid:1000 pkg:android usage:13 not muted
12-29 03:55:53.604   808 29617 D AF::TrackHandle: OpPlayAudio: track:57 uid:10016 pkg:com.oculus.shellenv usage:1 muted
12-29 03:55:53.604   973  1150 I Tracking: BoltSDK::Soc-Hexagon: Acquiring memory pool resources from Bolt SDK
12-29 03:55:53.604  1169  1169 D ActivityManager: Is background playback GK enabled: false Is background playback enabled for all apps: false
12-29 03:55:53.605   973  1150 I Tracking: HexagonMemMgr: Allocated addr 0x75efcd6000, with FD 17, and virtAddr 0xfd000000
12-29 03:55:53.605  1169  1169 D ActivityManager: Is background playback GK enabled: false Is background playback enabled for all apps: false
12-29 03:55:53.605   973  1150 I Tracking: BOLT:HexagonShim: memtest is a success
12-29 03:55:53.605   973  1150 I Tracking: HexagonMemMgr: HexagonMemTest returned 0
12-29 03:55:53.605   973  1150 I Tracking: BoltSDK::Soc-Hexagon: Reserved RpcMemory bytes = 14942208
12-29 03:55:53.605   973  1150 I TrackingService: [                            bolt] Power transition: SLEEP -> STANDBY transition time: 9 ms
12-29 03:55:53.605   973  1150 D TrackingService: IOT sleep to standby started
12-29 03:55:53.605   973  1150 I Tracking: VisionInterface: Stopping IOTE PostProcessing
12-29 03:55:53.605   808 17768 D AF::TrackHandle: OpPlayAudio: track:57 uid:10016 pkg:com.oculus.shellenv usage:1 muted
12-29 03:55:53.608  1169  1169 D ActivityManager: Is background playback GK enabled: false Is background playback enabled for all apps: false
12-29 03:55:53.608   973  1150 I Tracking: InsideOutTrackingCapabilityTranslation: onStart
12-29 03:55:53.608   973  1150 I Tracking: VisionInterface: Starting the IOT Engine
12-29 03:55:53.608   973  1150 I Tracking: IOT_GK_REGISTRY: Reading IoT GKs in onStart()
12-29 03:55:53.608   808 29617 D AF::TrackHandle: OpPlayAudio: track:82 uid:1000 pkg:android usage:13 not muted
12-29 03:55:53.609   808 29617 D AF::TrackHandle: OpPlayAudio: track:82 uid:1000 pkg:android usage:13 not muted
12-29 03:55:53.609   973  1150 I Tracking: IOT_GK_REGISTRY: GK check: 'oculus_skip_corner_selection_specific_camera': false
12-29 03:55:53.609   973  1150 I Tracking: IOT_GK_REGISTRY: GK oculus_skip_corner_selection_specific_camera No Override, Config Var Start Value = false, Current Value = false
12-29 03:55:53.609  1169  1169 D ActivityManager: Is background playback GK enabled: false Is background playback enabled for all apps: false
12-29 03:55:53.610   808 17768 D AF::TrackHandle: OpPlayAudio: track:57 uid:10016 pkg:com.oculus.shellenv usage:1 muted
12-29 03:55:53.610   973  1150 I Tracking: IOT_GK_REGISTRY: GK check: 'oculus_enable_reloc_gravity_check': true
12-29 03:55:53.610   973  1150 I Tracking: IOT_GK_REGISTRY: GK oculus_enable_reloc_gravity_check No Override, Config Var Start Value = true, Current Value = true
12-29 03:55:53.610   808 17768 D AF::TrackHandle: OpPlayAudio: track:57 uid:10016 pkg:com.oculus.shellenv usage:1 muted
12-29 03:55:53.610   808 29617 D AF::TrackHandle: OpPlayAudio: track:82 uid:1000 pkg:android usage:13 not muted
12-29 03:55:53.611  1169  1169 D ActivityManager: Is background playback GK enabled: false Is background playback enabled for all apps: false
12-29 03:55:53.612   973  1150 I Tracking: IOT_GK_REGISTRY: GK check: 'oculus_set_reloc_gravity_check_1_25_deg': false
12-29 03:55:53.612   973  1150 I Tracking: IOT_GK_REGISTRY: GK oculus_set_reloc_gravity_check_1_25_deg No Override, Config Var Start Value = false, Current Value = false
12-29 03:55:53.613  1169  1169 D ActivityManager: Is background playback GK enabled: false Is background playback enabled for all apps: false
12-29 03:55:53.613   973  1150 I Tracking: IOT_GK_REGISTRY: GK check: 'oculus_set_reloc_gravity_check_1_5_deg': false
12-29 03:55:53.613   973  1150 I Tracking: IOT_GK_REGISTRY: GK oculus_set_reloc_gravity_check_1_5_deg No Override, Config Var Start Value = false, Current Value = false
12-29 03:55:53.613 29429 29610 D UE      : LogAndroidEvents::EnqueueAppEvent : 9, [width=-1, height=-1], tid = 29610, APP_EVENT_STATE_ON_START
12-29 03:55:53.613 29429 29429 D UE      : [GameActivity] Creating console command broadcast listener
12-29 03:55:53.613   973  1150 I Tracking: IOT_GK_REGISTRY: GK check: 'oculus_set_reloc_gravity_check_2_deg': true
12-29 03:55:53.614   973  1150 I Tracking: IOT_GK_REGISTRY: GK oculus_set_reloc_gravity_check_2_deg No Override, Config Var Start Value = false, Current Value = true
12-29 03:55:53.614   973  1150 I Tracking: IOT_GK_REGISTRY: GK check: 'oculus_enable_motion_sensitive_vim': false
12-29 03:55:53.614   973  1150 I Tracking: IOT_GK_REGISTRY: GK oculus_enable_motion_sensitive_vim No Override, Config Var Start Value = false, Current Value = false
12-29 03:55:53.615  1169  1169 D ActivityManager: Is background playback GK enabled: false Is background playback enabled for all apps: false
12-29 03:55:53.615   973  1150 I Tracking: IOT_GK_REGISTRY: GK check: 'oculus_enable_reloc_patch_filtering': false
12-29 03:55:53.615   973  1150 I Tracking: IOT_GK_REGISTRY: GK oculus_enable_reloc_patch_filtering No Override, Config Var Start Value = false, Current Value = false
12-29 03:55:53.616   973  1150 I Tracking: IOT_GK_REGISTRY: GK check: 'oculus_enable_deep_descriptor_nearest_neighbor_int': true
12-29 03:55:53.616   973  1150 I Tracking: IOT_GK_REGISTRY: GK oculus_enable_deep_descriptor_nearest_neighbor_int No Override, Config Var Start Value = true, Current Value = true
12-29 03:55:53.616  1169  1169 D ActivityManager: Is background playback GK enabled: false Is background playback enabled for all apps: false
12-29 03:55:53.616   973  1150 I Tracking: IOT_GK_REGISTRY: GK check: 'oculus_avoid_building_new_context_if_missing_subma': false
