12-31 02:25:17.050     0     0 I input   : Device 0xD3D05F47E2487092 as /devices/virtual/input/input161
12-31 02:25:17.243   952 27705 D TrackingService: TrackingDataPostProcessor: Hand autotransition v2 GK enabled: 1
12-31 02:25:17.243   952 27705 D TrackingService: registerRemote: d3d05f47e2487092
12-31 02:25:17.248   787 27667 W SensorService: Data for sensor type HMD_IMU dropped because of failure to update clock drift from vsync. 1 drops in the last 0s.
12-31 02:25:17.255   787 27667 W SensorService: Data for sensor type HMD_MAG dropped because of failure to update clock drift from vsync. 1 drops in the last 0s.
12-31 02:25:17.066     0     0 I qcom,camera ac4f000.qcom,cci: qcom,cam-sensor1: Linked as a consumer to regulator.46
12-31 02:25:17.068     0     0 I qcom,camera ac4f000.qcom,cci: qcom,cam-sensor1: Linked as a consumer to regulator.7
12-31 02:25:17.068     0     0 I qcom,camera ac4f000.qcom,cci: qcom,cam-sensor1: Linked as a consumer to regulator.71
12-31 02:25:17.262   952 27705 W TrackingService: Attempted to control leds, but gatekeeper is disabled. Skipping operation.
12-31 02:25:17.262  1661 27674 D OVRRemoteService: RemoteService::recordControllerStatusUpdate: device d3d05f47e2487092: status: CONNECTED_ACTIVE tracking: POSITION, errors: --
12-31 02:25:17.092     0     0 I qcom,camera ac50000.qcom,cci: qcom,cam-sensor2: Linked as a consumer to regulator.46
12-31 02:25:17.094     0     0 I qcom,camera ac50000.qcom,cci: qcom,cam-sensor2: Linked as a consumer to regulator.7
12-31 02:25:17.094     0     0 I qcom,camera ac50000.qcom,cci: qcom,cam-sensor2: Linked as a consumer to regulator.71
12-31 02:25:17.292   787 27667 I SyncBossInput: [info   ] [jedi (right) d3d05f47xxxxxxxx]: 34314375 [info   ] {APP }: Connected
12-31 02:25:17.309   787  1053 I SyncBossHAL: [info   ] pulsar_manager.c(511): 9d17e7cexxxxxxxx: Configuring IR LED to ontime = 34, period = 40000, delay = -17
12-31 02:25:17.117     0     0 I qcom,camera ac50000.qcom,cci: qcom,cam-sensor3: Linked as a consumer to regulator.46
12-31 02:25:17.315   787  1053 I SyncBossHAL: [info   ] pulsar_manager.c(456): Finished getting cache data for controller
12-31 02:25:17.315   787  1053 I SyncBossHAL:     id            : 9d17e7cexxxxxxxx
12-31 02:25:17.315   787  1053 I SyncBossHAL:     pulsar_type   : 0x09001401
12-31 02:25:17.315   787  1053 I SyncBossHAL:     connection id : 0x74
12-31 02:25:17.315   787  1053 I SyncBossHAL:     fw ver        : 1.9.0
12-31 02:25:17.315   787  1053 I SyncBossHAL:     spl ver       : 1.5.1
12-31 02:25:17.315   787  1053 I SyncBossHAL:     serial        : 1WMHCL11FD2436
12-31 02:25:17.315   787  1053 I SyncBossHAL:     handedness    : left
12-31 02:25:17.315   787  1053 I SyncBossHAL:     battery state : 50%
12-31 02:25:17.315   787  1053 I SyncBossHAL: [info   ] pulsar_manager.c(473): Jedi-specific cache data:
12-31 02:25:17.315   787  1053 I SyncBossHAL:     captouch ver  : 1.9.0
12-31 02:25:17.320   787 27664 D SensorService: Syncboss input 9d17e7ce194bc1ec hardware type 4, subtype 1, revision 0x09
12-31 02:25:17.320   787 27664 I SensorService: preparePairedControllerInfo is adding device with valid 1
12-31 02:25:17.320   787 27664 D SensorService: Syncboss input d3d05f47e2487092 hardware type 4, subtype 2, revision 0x09
12-31 02:25:17.320   787 27664 I SensorService: preparePairedControllerInfo is adding device with valid 1
12-31 02:25:17.320   787 27664 D SensorService: stateChangeNotifierFunc(): Reporting controller info. Change token: 336, paired=2 connected=2
12-31 02:25:17.320  1661 27674 D OVRRemoteService: processStateChange([PairedControllerInfo JEDI 9d17e7ce194bc1ec connected mcnt=0])
12-31 02:25:17.119     0     0 I qcom,camera ac50000.qcom,cci: qcom,cam-sensor3: Linked as a consumer to regulator.7
12-31 02:25:17.119     0     0 I qcom,camera ac50000.qcom,cci: qcom,cam-sensor3: Linked as a consumer to regulator.71
12-31 02:25:17.321  1661 27674 D OVRRemoteService: RemoteService::recordControllerStatusUpdate: device 9d17e7ce194bc1ec: status: CONNECTED_ACTIVE tracking: POSITION, errors: --
12-31 02:25:17.321  1661 27674 D OVRRemoteService: processStateChange([PairedControllerInfo JEDI d3d05f47e2487092 connected mcnt=0])
12-31 02:25:17.332   787  1102 D SensorService: Found paired controllers: 2
12-31 02:25:17.332   787  1102 D SensorService: Syncboss input 9d17e7ce194bc1ec hardware type 4, subtype 1, revision 0x09
12-31 02:25:17.332   787  1102 I SensorService: preparePairedControllerInfo is adding device with valid 1
12-31 02:25:17.332   787  1102 D SensorService: Syncboss input d3d05f47e2487092 hardware type 4, subtype 2, revision 0x09
12-31 02:25:17.332   787  1102 I SensorService: preparePairedControllerInfo is adding device with valid 1
12-31 02:25:17.332   952 27705 D TrackingService: Creating RemoteConstellationTrackedDevice
12-31 02:25:17.333   787   787 D SensorService: SyncbossEventHandler: Enabling sensor HMD_FSIN
12-31 02:25:17.333   787   787 D SensorService: SyncbossEventHandler: Active sensors: synthetic[HMD_DOUBLETAP,EXTERNAL_TIMING,ZAP] non-synth[HMD_MAG,HMD_IMU,HMD_FSIN,PULSAR]
12-31 02:25:17.333   787   787 D SensorService: SyncbossEventHandler: acquiring session; approx # alive: 4
12-31 02:25:17.333   952 27705 I TrackingService: Registering primary controller 9d17e7ce194bc1ec in slot 1
12-31 02:25:17.333  1661 27674 D OVRRemoteService: RemoteService::recordControllerStatusUpdate: device 9d17e7ce194bc1ec: status: CONNECTED_ACTIVE tracking: POSITION, errors: --
12-31 02:25:17.141     0     0 I input   : Device 0x9D17E7CE194BC1EC as /devices/virtual/input/input162
12-31 02:25:17.334   952 27705 D TrackingService: TrackingDataPostProcessor: Hand autotransition v2 GK enabled: 1
12-31 02:25:17.334   952 27705 D TrackingService: registerRemote: 9d17e7ce194bc1ec
12-31 02:25:17.338   787 27667 I SyncBossInput: [info   ] [jedi (right) d3d05f47xxxxxxxx]: 34314376 [info   ] {THDG}: active_seek -> active_connected
12-31 02:25:17.348   952 27705 W TrackingService: Attempted to control leds, but gatekeeper is disabled. Skipping operation.
12-31 02:25:17.349  1661 27674 D OVRRemoteService: RemoteService::recordControllerStatusUpdate: device 9d17e7ce194bc1ec: status: CONNECTED_ACTIVE tracking: POSITION, errors: --
12-31 02:25:17.370   787 27667 I SyncBossInput: [info   ] [jedi ( left) 9d17e7cexxxxxxxx]: 34306759 [info   ] {THDG}: active_seek -> active_connected
12-31 02:25:17.433   787   787 I DiceCameraSystem: Set cameras to 10 bpp (format 0x00000007)
12-31 02:25:17.437  1151  1151 W Looper  : Slow dispatch took 300ms main h=com.android.server.job.JobSchedulerService$JobHandler c=null m=1
12-31 02:25:17.437   787   787 I libsensorscommon: [HEADSET FSC] started at 75380.50
12-31 02:25:17.437   787  1053 I SyncBossHAL: [info   ] pulsar_manager.c(969): Setting controller LED config to period: 40000us, on-time: 34us, delay: -17us
12-31 02:25:17.438  1151  1151 W Looper  : Slow delivery took 305ms main h=com.android.server.locksettings.LockSettingsStrongAuth$1 c=null m=1
12-31 02:25:17.440  1151  1151 W Looper  : Drained
12-31 02:25:17.442  1151  1335 E DisplayDeviceConfig: requesting nits when no mapping exists.
12-31 02:25:17.442  1151  1335 E DisplayDeviceConfig: requesting nits when no mapping exists.
12-31 02:25:17.442  1151  1193 W PowerManagerService: Screen on took 360 ms
12-31 02:25:17.475  1151  4246 W ProcessStats: Tracking association SourceState{a39c56c com.oculus.ocms/10011 BTopFgs #89057} whose proc state 2 is better than process ProcessState{5256945 com.oculus.qplservice/10043 pkg=com.oculus.qplservice} proc state 3 (7 skipped)
12-31 02:25:17.494   787   787 D CameraStream: Client 952: Finished StreamControl: 0
12-31 02:25:17.517   952  1136 D TrackingService: IOT standby to running completed
12-31 02:25:17.518   952  1136 I TrackingService: [                             iot] Power transition: STANDBY -> RUNNING transition time: 295 ms
12-31 02:25:17.518   787   787 D CameraStream: Client 952: Attempting StreamControl: 0
12-31 02:25:17.518   787   787 D CameraClientManager: [CONTROLLER] Attempting starting camera client.
12-31 02:25:17.518   787   787 D CameraClientManager: [CONTROLLER] Successfully found client (952) to start in CameraClientManager list.
12-31 02:25:17.527   787   787 I FrameSetDispatcher: [CONTROLLER] Client pid=952 (Cnst): Client thread started
12-31 02:25:17.527   787   787 I CameraClientManager: [CONTROLLER] Added client (952)(Cnst)
12-31 02:25:17.527   787   787 D CameraClientManager: [CONTROLLER] Attempting to start stream
12-31 02:25:17.527   787   787 I CameraClientManager: [CONTROLLER] Started clients: 1
12-31 02:25:17.527   787   787 I CameraClientManager: [CONTROLLER] Starting stream
12-31 02:25:17.527   787   787 I libsensorscommon: [CONTROLLER FSC] started at 75380.59
12-31 02:25:17.527   787   787 D CameraStream: Client 952: Finished StreamControl: 0
12-31 02:25:17.528   952  1136 I TrackingService: ConstellationTrackingGlue: setEnableExtendedDeadreckoning to false
12-31 02:25:17.528   952  1136 I TrackingService: [                   constellation] Power transition: STANDBY -> RUNNING transition time: 10 ms
12-31 02:25:17.529   952  1136 I TrackingService: [              selftracked_client] Power transition: STANDBY -> RUNNING transition time: 0 ms
12-31 02:25:17.530   952 27705 D TrackingService: d3d05f47e2487092: isControllerInHand(75380.59s): 1 ctEnabled: 1 btnPress: 1 btnOrTpdTouch: 1 btnOrTpdProx: 1 static(75380.59s): 1 thbstkOffCenter: 1 
12-31 02:25:17.530   952  1136 I TrackingService: [                            hand] Power transition: STANDBY -> RUNNING transition time: 0 ms
12-31 02:25:17.530   952 27705 D TrackingService: [HANDTRACKING] Controller d3d05f47e2487092 in hand: Y, valid: Y
12-31 02:25:17.530   952  1136 I TrackingService: [                            face] Power transition: STANDBY -> RUNNING transition time: 0 ms
12-31 02:25:17.530   787   787 D CameraStream: Client 952: Attempting StreamControl: 0
12-31 02:25:17.530   787   787 D CameraClientManager: [HEADSET] Attempting starting camera client.
12-31 02:25:17.530   787   787 D CameraClientManager: [HEADSET] Successfully found client (952) to start in CameraClientManager list.
12-31 02:25:17.531   952 27705 D TrackingService: 9d17e7ce194bc1ec: isControllerInHand(75380.59s): 1 ctEnabled: 1 btnPress: 1 btnOrTpdTouch: 1 btnOrTpdProx: 1 static(75380.59s): 1 thbstkOffCenter: 1 
12-31 02:25:17.531   952 27705 D TrackingService: [HANDTRACKING] Controller 9d17e7ce194bc1ec in hand: Y, valid: Y
12-31 02:25:17.532   787   787 I FrameSetDispatcher: [HEADSET] Client pid=952 (Obj): Client thread started
12-31 02:25:17.533   787   787 I CameraClientManager: [HEADSET] Added client (952)(Obj)
12-31 02:25:17.533   787   787 D CameraClientManager: [HEADSET] Attempting to start stream
12-31 02:25:17.533   787   787 I CameraClientManager: [HEADSET] Started clients: 2
12-31 02:25:17.533   787   787 D CameraStream: Client 952: Finished StreamControl: 0
12-31 02:25:17.533   952  1136 I TrackingService: [                          object] Power transition: STANDBY -> RUNNING transition time: 3 ms
12-31 02:25:17.533   952  1136 I TrackingService: [                      controller] Power transition: STANDBY -> RUNNING transition time: 0 ms
12-31 02:25:17.539  1661 27674 D OVRRemoteService: RemoteService::recordControllerStatusUpdate: device d3d05f47e2487092: status: CONNECTED_ACTIVE tracking: NONE, errors: --
12-31 02:25:17.539  1661 27674 D OVRRemoteService: RemoteService::recordControllerStatusUpdate: device 9d17e7ce194bc1ec: status: CONNECTED_ACTIVE tracking: NONE, errors: --
12-31 02:25:17.559   787  1106 D CameraStream: Client 952: Attempting StreamControl: 0
12-31 02:25:17.559   787  1106 D CameraClientManager: [HEADSET] Attempting starting camera client.
12-31 02:25:17.560   787  1106 D CameraClientManager: [HEADSET] Successfully found client (952) to start in CameraClientManager list.
12-31 02:25:17.562   787  1106 I FrameSetDispatcher: [HEADSET] Client pid=952 (ExpCtl): Client thread started
12-31 02:25:17.562   787  1106 I CameraClientManager: [HEADSET] Added client (952)(ExpCtl)
12-31 02:25:17.562   787  1106 D CameraClientManager: [HEADSET] Attempting to start stream
12-31 02:25:17.562   787  1106 I CameraClientManager: [HEADSET] Started clients: 3
12-31 02:25:17.562   787  1106 D CameraStream: Client 952: Finished StreamControl: 0
12-31 02:25:17.562   787  1106 D CameraStream: Client 952: Attempting StreamControl: 0
12-31 02:25:17.562   787  1106 D CameraClientManager: [CONTROLLER] Attempting starting camera client.
12-31 02:25:17.563   787  1106 D CameraClientManager: [CONTROLLER] Successfully found client (952) to start in CameraClientManager list.
12-31 02:25:17.567   787  1106 I FrameSetDispatcher: [CONTROLLER] Client pid=952 (ExpCtl): Client thread started
12-31 02:25:17.567   787  1106 I CameraClientManager: [CONTROLLER] Added client (952)(ExpCtl)
12-31 02:25:17.567   787  1106 D CameraClientManager: [CONTROLLER] Attempting to start stream
12-31 02:25:17.567   787  1106 I CameraClientManager: [CONTROLLER] Started clients: 2
12-31 02:25:17.567   787  1106 D CameraStream: Client 952: Finished StreamControl: 0
12-31 02:25:17.568   952  1136 I TrackingService: [                 ExposureControl] Power transition: STANDBY -> RUNNING transition time: 34 ms
12-31 02:25:17.568   952  1132 D TrackingService: Transition completed for (null)
12-31 02:25:17.568   952  1132 D TrackingService: setPowerState: RUNNING
12-31 02:25:17.595   787 27728 E libsensorscommon: [HEADSET FSC] 1 FrameSets had unexpected timestamps. Ex: (slot 1) prev 0.000ms->cur 37223659.532ms (ts diff of -37223619.532ms vs expected period of 40.000ms)
12-31 02:25:17.413     0     0 I [drm:dsi_display_set_mode] [msm-dsi-info]: mdp_transfer_time_us=0 us
12-31 02:25:17.413     0     0 I [drm:dsi_display_set_mode] [msm-dsi-info]: hactive= 1920,vactive= 3664,fps=72
12-31 02:25:17.611   787 27728 E libsensorscommon: [CONTROLLER FSC] 1 FrameSets had unexpected timestamps. Ex: (slot 2) prev 0.000ms->cur 37223680.000ms (ts diff of -37223640.000ms vs expected period of 40.000ms)
12-31 02:25:17.616  1661 27674 D OVRRemoteService: RemoteService::recordControllerStatusUpdate: device d3d05f47e2487092: status: CONNECTED_ACTIVE tracking: NONE, errors: --
12-31 02:25:17.616  1661 27674 D OVRRemoteService: RemoteService::recordControllerStatusUpdate: device 9d17e7ce194bc1ec: status: CONNECTED_ACTIVE tracking: NONE, errors: --
12-31 02:25:17.485     0     0 E         : [drm:sde_encoder_lineptr_callback:4406] late lineptr, headroom -985
12-31 02:25:17.494     0     0 I [drm:dsi_display_set_mode] [msm-dsi-info]: mdp_transfer_time_us=0 us
12-31 02:25:17.494     0     0 I [drm:dsi_display_set_mode] [msm-dsi-info]: hactive= 1920,vactive= 3664,fps=90
12-31 02:25:17.499     0     0 E         : [drm:sde_encoder_lineptr_callback:4406] late lineptr, headroom -986
12-31 02:25:17.711   787 27708 E FrameSetDispatcher: [HEADSET] Client pid=952 (IOT): Failed to read from receive FMQ for 1 packets in 5000ms.
12-31 02:25:17.711   787 27708 E FrameSetDispatcher: This probably means this client is taking more than 33 ms to process the frame.
12-31 02:25:17.711   787 27708 E FrameSetDispatcher: Retrying.
12-31 02:25:17.825   787 27667 I SyncBossInput: [info   ] [jedi (right) d3d05f47xxxxxxxx]: 34314995 [info   ] {HPTH}: Set haptics frequency to 0x220A
12-31 02:25:17.630     0     0 I logd    : logdr: UID=10051 GID=10051 PID=27813 n tail=200 logMask=10099 pid=0 start=0ns deadline=0ns
12-31 02:25:17.851   787 27667 I SyncBossInput: [info   ] [jedi ( left) 9d17e7cexxxxxxxx]: 34307377 [info   ] {HPTH}: Set haptics frequency to 0x221D
12-31 02:25:17.960   787 27667 I SyncBossHAL: [info   ] syncboss_hal_input_controller.c(184): Controller 9d17e7cexxxxxxxx battery level changed: 0% -> 50%
12-31 02:25:17.965   787 27664 D SensorService: Syncboss input 9d17e7ce194bc1ec hardware type 4, subtype 1, revision 0x09
12-31 02:25:17.965   787 27664 I SensorService: preparePairedControllerInfo is adding device with valid 1
12-31 02:25:17.965   787 27664 D SensorService: Syncboss input d3d05f47e2487092 hardware type 4, subtype 2, revision 0x09
12-31 02:25:17.965   787 27664 I SensorService: preparePairedControllerInfo is adding device with valid 1
12-31 02:25:17.966   787 27664 D SensorService: stateChangeNotifierFunc(): Reporting controller info. Change token: 337, paired=2 connected=2
12-31 02:25:17.966  1661 27674 D OVRRemoteService: processStateChange([PairedControllerInfo JEDI 9d17e7ce194bc1ec connected mcnt=0])
12-31 02:25:17.966  1661 27674 D OVRRemoteService: processStateChange([PairedControllerInfo JEDI d3d05f47e2487092 connected mcnt=0])
12-31 02:25:17.969  1151  1151 W NotificationHistory: Attempted to add notif for locked/gone/disabled user 0
12-31 02:25:17.974   952  1132 D TrackingService: getSharedMemory: com.oculus.vrshell#2710, HeadTracker
12-31 02:25:17.979   952  1132 D TrackingService: getSharedMemory: com.oculus.vrshell, Controller
12-31 02:25:17.986  1151  4246 I ActivityTaskManager: START u0 {act=android.intent.action.MAIN cmp=com.oculus.os.clearactivity/.ClearActivity (has extras)} from uid 10025
12-31 02:25:17.986  1151  4246 W ActivityTaskManager: startActivity called from non-Activity context; forcing Intent.FLAG_ACTIVITY_NEW_TASK for: Intent { act=android.intent.action.MAIN flg=0x800000 cmp=com.oculus.os.clearactivity/.ClearActivity (has extras) }
12-31 02:25:17.987  1151  4246 W ActivityTaskManager: Can't find TaskDisplayArea to determine support for multi window. Task id=3199 attached=false
12-31 02:25:17.998  1151  9164 W ActivityTaskManager: Tried to set launchTime (0) < mLastActivityLaunchTime (75176050)
12-31 02:25:18.002  1151  1174 D ActivityManager: Is background playback GK enabled: false Is background playback enabled for all apps: false
12-31 02:25:18.018  1151  3698 W WindowManager: Failed looking up window session=Session{7bfbff 27234:u0a10020} callers=com.android.server.wm.WindowManagerService.windowForClientLocked:5848 com.android.server.wm.Session.updateRequestedVisibilities:640 android.view.IWindowSession$Stub.onTransact:1175 
12-31 02:25:18.108   787 27667 I SyncBossHAL: [info   ] syncboss_hal_input_controller.c(184): Controller d3d05f47xxxxxxxx battery level changed: 0% -> 50%
12-31 02:25:18.113   787 27664 D SensorService: Syncboss input 9d17e7ce194bc1ec hardware type 4, subtype 1, revision 0x09
12-31 02:25:18.113   787 27664 I SensorService: preparePairedControllerInfo is adding device with valid 1
12-31 02:25:18.113   787 27664 D SensorService: Syncboss input d3d05f47e2487092 hardware type 4, subtype 2, revision 0x09
12-31 02:25:18.113   787 27664 I SensorService: preparePairedControllerInfo is adding device with valid 1
12-31 02:25:18.113   787 27664 D SensorService: stateChangeNotifierFunc(): Reporting controller info. Change token: 338, paired=2 connected=2
12-31 02:25:18.114  1661 27674 D OVRRemoteService: processStateChange([PairedControllerInfo JEDI 9d17e7ce194bc1ec connected mcnt=0])
12-31 02:25:18.114  1661 27674 D OVRRemoteService: processStateChange([PairedControllerInfo JEDI d3d05f47e2487092 connected mcnt=0])
12-31 02:25:18.185  1661 27674 D OVRRemoteService: RemoteService::recordControllerStatusUpdate: device d3d05f47e2487092: status: CONNECTED_ACTIVE tracking: ORIENTATION, errors: --
12-31 02:25:18.453  1661 27674 D OVRRemoteService: RemoteService::recordControllerStatusUpdate: device d3d05f47e2487092: status: CONNECTED_ACTIVE tracking: NONE, errors: --
12-31 02:25:18.820  1661 27674 D OVRRemoteService: RemoteService::recordControllerStatusUpdate: device d3d05f47e2487092: status: CONNECTED_ACTIVE tracking: NONE, errors: --
12-31 02:25:18.820  1661 27674 D OVRRemoteService: RemoteService::recordControllerStatusUpdate: device 9d17e7ce194bc1ec: status: CONNECTED_ACTIVE tracking: NONE, errors: --
12-31 02:25:18.903  1151  3698 I ActivityTaskManager: START u0 {act=com.oculus.os.clearactivity.FINISH cmp=com.oculus.os.clearactivity/.ClearActivity (has extras)} from uid 10025
12-31 02:25:18.904  1151  3698 W ActivityTaskManager: startActivity called from non-Activity context; forcing Intent.FLAG_ACTIVITY_NEW_TASK for: Intent { act=com.oculus.os.clearactivity.FINISH flg=0x800000 cmp=com.oculus.os.clearactivity/.ClearActivity (has extras) }
12-31 02:25:18.912  1151  1174 W NotificationHistory: Attempted to remove channel for locked/gone/disabled user 0
12-31 02:25:18.924  1151  1174 V WindowManager: Unknown focus tokens, dropping reportFocusChanged
12-31 02:25:18.925  1151  1174 D ActivityManager: Is background playback GK enabled: false Is background playback enabled for all apps: false
--------- beginning of main
12-31 02:25:18.952  3209 14322 I MRSVC   : MIXEDREALITY: MrServiceController: VrFocusManager::Top Activity Changed, topActivity now is: 'com.oculus.os.clearactivity', immersiveApp now is: ''.
12-31 02:25:18.952  9166  9166 D [SUI] ActivityManagerUtilsHelper: onFocusedWindowChanged: Instance: com.oculus.common.activitymanager.ActivityManagerUtilsHelper@30cbe94, topWindowUid: 10112, focusedApp: com.epicgames.AtomVR, previousApp: com.oculus.vrshell
12-31 02:25:18.952  9166  9166 D [SUI] AnytimeUIPanelApp: Received ActivityStateChanges - com.oculus.os.clearactivity
12-31 02:25:18.953  2020  3177 E OVRMediaServiceManager: LivestreamingManager Not initialized
12-31 02:25:18.954  3233  3233 V MetaCam (ForegroundAppChecker): Current foreground package is com.epicgames.AtomVR.
12-31 02:25:18.955  3233  3233 D FileCapture: Async on app switch
12-31 02:25:18.955  3233  8815 D MetaCam (MediaCapabilityChecker): checkMediaHasRecordingCapabilities packageName: com.epicgames.AtomVR
12-31 02:25:18.955  2020  2709 W OVRLibrary: null cursor received for query content://com.oculus.ocms.library/apps/com.epicgames.AtomVR
12-31 02:25:18.955  2732  3056 I PerformanceManager_ZSF: SetClockLevels: Force releasing clocks
12-31 02:25:18.955  2732  3056 I PerformanceManager_ZSF: perfmgr: SetClockLevels: Apply pending clock request change: 2,3 -> -1,-1
12-31 02:25:18.955  2732  3051 I Clocks  : ReleaseClocks - start
12-31 02:25:18.957  2732  3051 I Clocks  : ReleaseClocks - end (1.1 ms)
12-31 02:25:18.959   952 27729 I Tracking: TrackedMapContext: Stop tracking map with ID Submap id = 2, version = 1698263018 at index: 2 in contexts: 3
12-31 02:25:18.959   952 27729 I Tracking: TrackedMapContext: Stop tracking map with ID Submap id = 0, version = 2117494372 at index: 1 in contexts: 2
12-31 02:25:18.966  3125  3169 I [CT]    : GuardianMapDataMgr: CheckRelocalizationStatus: Relocalization started
12-31 02:25:18.966  3125  3169 I [CT]    : SP:TREX:SpatialPersistenceClientInterfaceV14_impl: BEGIN QueryAnchorSpace
12-31 02:25:18.966  3125  3169 I [CT]    : SP:AF:InsightAnchorApi: insight_QueryAnchorSpaces (task start) duration: 0.000000000 [sec], flags: 12, location: 1, uuid: 00000000-0000-0000-0000-000000000000, method: 1, request: 284
12-31 02:25:18.966  3233  8815 W OVRLibrary: null cursor received for query content://com.oculus.ocms.library/apps/com.epicgames.AtomVR
12-31 02:25:18.966  3125  3169 I [CT]    : SP:TREX:SpatialPersistenceClientInterfaceV14_impl: END QueryAnchorSpace: returning XrResult(0)
12-31 02:25:18.966  2732  3056 I PerformanceManager_ZSF: perfmgr: SetClockLevels: Apply pending clock request change: -1,-1 -> 2,3
12-31 02:25:18.967  2732  3051 I Clocks  : LockClocks( cpu=2, gpu=3 ) - start
12-31 02:25:18.967  2732  3051 I Clocks  : CPU levels [0, 8]
12-31 02:25:18.967  2732  3051 I Clocks  : GPU levels [0, 7]
12-31 02:25:18.968  3125  6102 I [CT]    : SP:AP:AnchorPersistenceRuntimeIpcClient: AnchorPersistenceRuntimeIpcClient::CALL_RPC isAsync: true
12-31 02:25:18.968  3125  6102 W BrokerMethodsAndroid [RUNTIMEIPC]: EnsureServiceStarted: Forcing SPS to use IPC_USER_CURRENT
12-31 02:25:18.969  9166 26214 D NotificationsBadgeLiveData: MessageBadgeData, pullAndCheckNotifs, old data source notif count: 1, messaging count: 0
12-31 02:25:18.969  1151  2953 I RuntimeIpcHelperService: Going to start ComponentInfo{com.facebook.spatial_persistence_service/com.facebook.spatial_persistence_service.AnchorPersistenceService} as foreground
12-31 02:25:18.970  9166 27401 D NotificationsBadgeLiveData: MessageBadgeData, pullAndCheckNotifs, old data source notif count: 1, messaging count: 0
12-31 02:25:18.970  9166  9166 V [SUI] BarView: Notifs badge count: 1, Messenger badge count 0
12-31 02:25:18.970  9166  9166 V [SUI] BarView: Notifs badge count: 1, Messenger badge count 0
12-31 02:25:18.970  2732  3051 I Clocks  : LockClocks( cpu=2, gpu=3 ) - end (3.5 ms)
12-31 02:25:18.970  9166  9166 V [SUI] BarView: Notifs badge count: 1, Messenger badge count 0
12-31 02:25:18.970  9166  9166 V [SUI] BarView: Notifs badge count: 1, Messenger badge count 0
12-31 02:25:18.971  2760  2760 I AnchorPersistenceService: onStartCommand()
12-31 02:25:18.971  3209  3274 W PhaseSync: [PS_Ver_1_0] DiscardFrame is triggered, frame->Stage 2 FrameBeginIndex 128442 
12-31 02:25:18.972  3209  3274 I MRSVC   : MIXEDREALITY: OpenXrSupport: OpenXR qualified success: xrBeginFrame(clientState_.session, &beginFrameDesc): XR_FRAME_DISCARDED
12-31 02:25:18.972  3209  3274 I MRSVC   : MIXEDREALITY: MrServiceView: renderIteration: Hibernating the rendering thread since ID is off and no active PT layers.
12-31 02:25:18.972  3209  3274 I MRSVC   : MIXEDREALITY: MrServiceModelBase: Hibernating caller (most likely rendering thread) due to commandQueue being empty.
12-31 02:25:18.973  2760  2804 D RPCServer [RUNTIMEIPC]: ConnectClient: Client: com.oculus.guardian:com.oculus.vrguardianservice:3125:, Server: com.facebook.spatial_persistence_service:com.facebook.spatial_persistence_service (anchor_persistence_server)
12-31 02:25:18.974  2760  2804 I RPCClientHandler [RUNTIMEIPC]: Event buffer size (server): 262144
12-31 02:25:18.975  2760  2804 I RuntimeIPCServerMgr [RUNTIMEIPC]: HandleClientConnect SUCCESS: Client: com.oculus.guardian:com.oculus.vrguardianservice:3125:, Server: com.facebook.spatial_persistence_service:com.facebook.spatial_persistence_service (anchor_persistence_server)
12-31 02:25:18.975  3209  3558 I MRSVC   : MIXEDREALITY: MrFeatureStatus: Passthrough: Client 2640900154 status changed from Paused to Started.
12-31 02:25:18.975  3209  3558 I MRSVC   : MIXEDREALITY: MrFeatureStatus: Passthrough: Target status Started, CurrentStatus: Started
12-31 02:25:18.976  3125  3562 I GuardianRender: Successfully changed mrSessionActiveMrRenderType_ from None to Passthrough
12-31 02:25:18.976  3125  3562 W OsSdk   : Requested historical tracking state too far in the past; oldest: 75381.748216s, requested: 75380.941116s
12-31 02:25:18.976  3125  6102 I RuntimeIPCClient [RUNTIMEIPC]: Event buffer size (client): 262144
12-31 02:25:18.976  3125  6102 I RuntimeIPCClient [RUNTIMEIPC]: TryToGetIPCResourcesFromServer: RPC_CONNECTOR_CONNECT_TO_SERVER SUCCESS: Client: com.oculus.guardian:com.oculus.vrguardianservice:3125, Server: com.facebook.spatial_persistence_service:com.facebook.spatial_persistence_service (anchor_persistence_server)
12-31 02:25:18.976  3209  3274 I MRSVC   : MIXEDREALITY: MrRuntimeImpl: Changing mode to ImagesAndMesh
12-31 02:25:18.976  3209  3274 I MRSVC   : MIXEDREALITY: MrRuntimeImpl: onResume: Capability Passthrough on device 2.
12-31 02:25:18.977  2760 27869 D RPCClientHandler [RUNTIMEIPC]: Marking client as single-user belonging to user 0
12-31 02:25:18.977  3125  6102 I RuntimeIPCClient [RUNTIMEIPC]: EnsureServerConnection: SUCCESS. Client: com.oculus.guardian:com.oculus.vrguardianservice:3125, Server: com.facebook.spatial_persistence_service:com.facebook.spatial_persistence_service (anchor_persistence_server)
12-31 02:25:18.977  3125  6102 I RuntimeIPCClient [RUNTIMEIPC]: ConnectToServer: SUCCESS: Client: com.oculus.guardian:com.oculus.vrguardianservice:3125, Server: com.facebook.spatial_persistence_service:com.facebook.spatial_persistence_service (anchor_persistence_server)
12-31 02:25:18.977  3125  6102 I RuntimeIPCClientMgr [RUNTIMEIPC]: GetClientOptions
12-31 02:25:18.977   944  3267 I MRSS    : MIXEDREALITY: MrSystemServiceIPCServer: ChangeMrCapabilityStatus: client 3831201270, capability Passthrough, command 1.
12-31 02:25:18.977   944  3267 D MrSystemService: MrEngine resume.
12-31 02:25:18.977   787  1106 D CameraStream: Client 944: Attempting StreamControl: 0
12-31 02:25:18.978   787  1106 D CameraClientManager: [HEADSET] Attempting starting camera client.
12-31 02:25:18.978   787  1106 D CameraClientManager: [HEADSET] Successfully found client (944) to start in CameraClientManager list.
12-31 02:25:18.979  2760 27869 I [CT]    : SP:AP:AnchorPersistenceRuntimeIpcServer: Bypassing package integrity check for system process or guardian, package: com.oculus.guardian
12-31 02:25:18.979  2760 27874 I [CT]    : SP:AP:AnchorPersistenceRuntimeIpcServer: checkRPC start: sessionUuid:a0eecef5-7a94-7dd6-64bc-a269af833610, clientId:2640900154, givenPackageName:com.oculus.guardian
12-31 02:25:18.979  2760 27874 I [CT]    : SP:AP:AnchorPersistenceRuntimeIpcServer: checkRPC package name matches: sessionUuid:a0eecef5-7a94-7dd6-64bc-a269af833610, clientId:2640900154, givenPackageName:com.oculus.guardian, detectedPackageName:com.oculus.guardian, clientIdTrustedStatus_.count:1
12-31 02:25:18.979  2760 27874 I [CT]    : SP:AP:AnchorPersistenceRuntimeIpcServer: checkStorageLocation sessionUuid:a0eecef5-7a94-7dd6-64bc-a269af833610, clientId:2640900154, location:1
12-31 02:25:18.979   787  1106 I FrameSetDispatcher: [HEADSET] Client pid=944 (MrSSCamS): Client thread started
12-31 02:25:18.979   787  1106 I CameraClientManager: [HEADSET] Added client (944)(MrSSCamS)
12-31 02:25:18.979   787  1106 D CameraClientManager: [HEADSET] Attempting to start stream
12-31 02:25:18.979   787  1106 I CameraClientManager: [HEADSET] Started clients: 4
12-31 02:25:18.979   787  1106 D CameraStream: Client 944: Finished StreamControl: 0
12-31 02:25:18.980  2760 27874 I [CT]    : SP:AP:AnchorPersistence: Status of feature 25 is 1
12-31 02:25:18.980   944  3267 I MRSS    : MIXEDREALITY: CameraComputeCapability: Camera started
12-31 02:25:18.980  2760 23186 I [CT]    : SP:AP:AnchorLocalStorage: Called listAllAnchors
12-31 02:25:18.980   944  3267 I MRSS    : MIXEDREALITY: MrSystemServiceIPCServer: Got notification for Camera, fidelity level: NONE, command: 1
12-31 02:25:18.980   944  3267 I MRSS    : MIXEDREALITY: CapabilityController: Start Camera duration: 2.765573 millisec.
12-31 02:25:18.980   944  3267 I MRSS    : BOLTDEPTH: BoltDepthSystem: onResume: waiting for previous core deinit to finish
12-31 02:25:18.980   944  3267 I MRSS    : BOLTDEPTH: BoltDepthSystemCoreImpl: Core activated
12-31 02:25:18.980  2760 23186 I [CT]    : SP:AP:AnchorLocalStorage: listAllAnchors loading 1nth anchors, /data/user/0/com.facebook.spatial_persistence_service/files/com.oculus.guardian/f6e38716-3d67-b8c0-1e55-74b94ca37735
12-31 02:25:18.980  2760 23186 I [CT]    : SP:AP:AnchorLocalStorage: listAllAnchors loading 2nth anchors, /data/user/0/com.facebook.spatial_persistence_service/files/com.oculus.guardian/03057edb-106e-f0fe-bfb5-339eead4e8e6
12-31 02:25:18.981  2760 23186 I [CT]    : SP:AP:AnchorLocalStorage: listAllAnchors loading 3nth anchors, /data/user/0/com.facebook.spatial_persistence_service/files/com.oculus.guardian/00e2a8b2-af2d-d101-db4c-0854ac25ce51
12-31 02:25:18.981   944  3267 I MRSS    : BOLTDEPTH: BoltDepthSystem: onResume: Successfully resumed the depth system
12-31 02:25:18.981   944  3267 I MRSS    : MIXEDREALITY: DepthComputeCapability: onStart.
12-31 02:25:18.981   944  3267 I MRSS    : MIXEDREALITY: StereoPipeline: addClient: adding client Passthrough, active clients: 'NONE'.
12-31 02:25:18.981   944  3267 I MRSS    : BOLTDEPTH: BoltDepthSystem: activateClient: client 0 is activated.
12-31 02:25:18.981   944  3267 I MRSS    : MIXEDREALITY: StereoPipeline: addClient: adding client SceneReconstruction, active clients: 'Passthrough'.
12-31 02:25:18.981   944  3267 I MRSS    : BOLTDEPTH: BoltDepthSystem: activateClient: client 4 is activated.
12-31 02:25:18.981  2760 23186 I [CT]    : SP:AP:AnchorLocalStorage: listAllAnchors loading 4nth anchors, /data/user/0/com.facebook.spatial_persistence_service/files/com.oculus.guardian/96b21b86-cd30-cc53-de8e-4526a8c89c10
12-31 02:25:18.981  2760 23186 I [CT]    : SP:AP:AnchorLocalStorage: listAllAnchors loading 5nth anchors, /data/user/0/com.facebook.spatial_persistence_service/files/com.oculus.guardian/a370a83f-8556-8bd0-8b53-e99f005480dd
12-31 02:25:18.982  2760 23186 I [CT]    : SP:AP:AnchorLocalStorage: listAllAnchors loading 6nth anchors, /data/user/0/com.facebook.spatial_persistence_service/files/com.oculus.guardian/28f62caa-a636-1966-cdb1-c35f66cfefb0
12-31 02:25:18.982  2760 23186 I [CT]    : SP:AP:AnchorLocalStorage: listAllAnchors loading 7nth anchors, /data/user/0/com.facebook.spatial_persistence_service/files/com.oculus.guardian/d605bddf-e7d7-2a05-2e2e-946cfa2f2db1
12-31 02:25:18.982  2760 23186 I [CT]    : SP:AP:AnchorLocalStorage: listAllAnchors loading 8nth anchors, /data/user/0/com.facebook.spatial_persistence_service/files/com.oculus.guardian/07fc7df3-637e-85cf-f7bd-13ed7117cee1
12-31 02:25:18.983  2760 27874 I [CT]    : SP:AP:AnchorPersistenceConfig: PreferencesManager: anchor_persistence_cloud_anchor_service_enabled: false
12-31 02:25:18.983  2760 23186 I [CT]    : SP:AP:AnchorLocalStorage: listAllAnchors loading 9nth anchors, /data/user/0/com.facebook.spatial_persistence_service/files/com.oculus.guardian/046cd23f-548b-c003-c103-a1c1bc0ee201
12-31 02:25:18.983   944  3267 I MRSS    : MIXEDREALITY: MrSystemServiceIPCServer: Got notification for Depth, fidelity level: NONE, command: 1
12-31 02:25:18.983   944  3267 I MRSS    : MIXEDREALITY: CapabilityController: Start Depth duration: 2.778125 millisec.
12-31 02:25:18.983  2760 27874 I [CT]    : SP:AP:AnchorPersistenceConfig: getCloudPermissionEnabled: Android scenario, cloudPermissionEnabledGK=1, cloudPermissionOverride=-1
12-31 02:25:18.983  2760 27874 I [CT]    : SP:AP:AnchorPersistenceConfig: getCloudPermissionEnabled: GK(oculus_spatial_anchor_cloud)=true, userPreference(anchor_persistence_cloud_anchor_service_enabled)=false
12-31 02:25:18.983  2760 27874 I [CT]    : SP:AP:AnchorPersistenceConfig: getSceneRuntimePermissionEnabled: USE_SCENE permission is enabled on this device
12-31 02:25:18.983  2760 27874 I [CT]    : SP:AP:AnchorPersistenceScenePermissions: hasClientGrantedScenePermission: USE_SCENE permission is enabled on this device, check client com.oculus.guardian, grant is true
12-31 02:25:18.983  2760 23186 I [CT]    : SP:AP:AnchorLocalStorage: listAllAnchors loading 10nth anchors, /data/user/0/com.facebook.spatial_persistence_service/files/com.oculus.guardian/13900596-9eeb-ac63-e46a-397f22c2fe10
12-31 02:25:18.983  2760 23186 I [CT]    : SP:AP:AnchorLocalStorage: listAllAnchors loading 11nth anchors, /data/user/0/com.facebook.spatial_persistence_service/files/com.oculus.guardian/32964e8c-2f70-e733-3129-db88a6f6ca96
12-31 02:25:18.983   944  3267 I MRSS    : MIXEDREALITY: MrSystemServiceIPCServer: Got notification for Passthrough, fidelity level: NONE, command: 1
12-31 02:25:18.983   944  3267 I MRSS    : MIXEDREALITY: CapabilityController: Start Passthrough duration: 0.322552 millisec.
12-31 02:25:18.983  2760 23186 I [CT]    : SP:AP:AnchorLocalStorage: listAllAnchors loading 12nth anchors, /data/user/0/com.facebook.spatial_persistence_service/files/com.oculus.guardian/e088c74f-a07c-a606-bbdc-c4cea7a110b5
12-31 02:25:18.983  3209  3274 I MRSVC   : MIXEDREALITY: MrRuntimeImpl: setSessionInitTime: Capability Passthrough: timer set to 75382.042492804 ns, duration reset after 554.790830362 s.
12-31 02:25:18.983  2760 23186 I [CT]    : SP:AP:AnchorLocalStorage: listAllAnchors loading 13nth anchors, /data/user/0/com.facebook.spatial_persistence_service/files/com.oculus.guardian/34d61e81-b71f-a457-03c2-d05cbad19b72
12-31 02:25:18.984  2760 23186 I [CT]    : SP:AP:AnchorLocalStorage: listAllAnchors loading 14nth anchors, /data/user/0/com.facebook.spatial_persistence_service/files/com.oculus.guardian/66023ae7-c5a5-a7d4-7cda-2b7e1a5b925a
12-31 02:25:18.985  2760 23186 I [CT]    : SP:AP:AnchorLocalStorage: listAllAnchors loading 15nth anchors, /data/user/0/com.facebook.spatial_persistence_service/files/com.oculus.guardian/4f0dbd32-93ce-723f-ee18-bc8b8c1679f1
12-31 02:25:18.985  2760 23186 I [CT]    : SP:AP:AnchorLocalStorage: listAllAnchors loading 16nth anchors, /data/user/0/com.facebook.spatial_persistence_service/files/com.oculus.guardian/6051263d-a060-8dac-eaa0-0d582729e27c
12-31 02:25:18.992  2760 27877 I [CT]    : SP:SceneAnchorFilterUtil: filterSceneDataByPermission com.oculus.guardian has scene permission granted, keep scene data
12-31 02:25:18.992  2760 27877 I [CT]    : SP:AP:AnchorPersistence: notifyTrackedSpatialAnchor 66023ae7-c5a5-a7d4-7cda-2b7e1a5b925a
12-31 02:25:18.994  3125  3429 I [CT]    : SP:AF:InsightAnchorApi: insight_QueryAnchorSpaces (task finish) returnCode: AnchorResultCode::SUCCESS(0), numSpacesFound: 1, spacesFoundUuids: [66023ae7-c5a5-a7d4-7cda-2b7e1a5b925a], duration: 0.000000000 [sec], flags: 12, location: 1, uuid: 00000000-0000-0000-0000-000000000000, method: 1, request: 284
12-31 02:25:18.998   944 27872 I MRSS    : MIXEDREALITY: ServiceLogic: onFramesetBegin: Frame types for computation: HEADSET, rendering: HEADSET.
12-31 02:25:18.998   944 27872 I MRSS    : MIXEDREALITY: ServiceLogic: onFramesetBegin: Thread mrss:camera had no tid assigned, now has TID: 27872
12-31 02:25:18.999   944 27872 I MRSS    : MIXEDREALITY: CoreAffinity: Successfully set cpu affinity for thread 27872 to prime gold (7)
12-31 02:25:18.999   944 27872 I MRSS    : MIXEDREALITY: CoreAffinity: Successfully set cpu affinity for thread 1350 to prime gold (7)
12-31 02:25:18.999  1151  2953 W ActivityManager: Package for pid 944: no process record found
12-31 02:25:18.999   952  5780 W TrackingService: attachClient: found client in attached list
12-31 02:25:19.001   952  5780 D TrackingService: getSharedMemory: /system/bin/mrsystemservice, HeadTracker
12-31 02:25:19.001   952  5780 W TrackingService: attachClient: found client in attached list
12-31 02:25:19.003   952  5780 D TrackingService: getSharedMemory: /system/bin/mrsystemservice, Controller
12-31 02:25:19.003   944 27872 I MRSS    : MIXEDREALITY: MrRuntimeCompute: computeIteration: (every 5 seconds). IntrusionDetection: OFF, Playspace: OFF, Depth: ON, Passthrough: ON, Camera: ON
12-31 02:25:19.008   944  1350 I MRSS    : Bolt:CVPUtilization: CVP DFS utilization: 0
12-31 02:25:19.008   944  1350 I MRSS    : Bolt:CVPUtilization: CVP runtime 2247us, frametime 399456679us
12-31 02:25:19.010   944  1350 E MRSS    : MUSTFIX: MIXEDREALITY.DepthComputeCapability: [Throttled count=1] Stereo pipeline returned empty depth.
12-31 02:25:19.010  2710 27831 I ClientSharedTelemetryStats: App memory usage: PSS=101 MiB, PrivateDirty=91 MiB, PrivateClean=0 MiB, GPU=9.3/19.2 MiB (49% allocated)
12-31 02:25:19.036  3125  3169 I TREX    : Spatial Persistence event: QuerySpacesFound
12-31 02:25:19.036  3125  3169 I TREX    : Updating enabled data components from query results for entity type 1
12-31 02:25:19.036  3125  3169 I TREX    : Spatial Persistence event: QuerySpacesFinish
12-31 02:25:19.036  3125  3169 I Deque   : event 1000156103 not found in the event queue.
12-31 02:25:19.036  3125  3169 I Deque   : AddEventToQueue called. eventInfo.type: 1000156103, eventInfo.next: 1
12-31 02:25:19.036  3125  3169 I Deque   : AddEventToQueue called. eventInfo.type: 1000156104, eventInfo.next: 1
12-31 02:25:19.036  3125  3169 E [CT]    : Guardian: xrSetComponentEnabledPrivilegedFB(result.space, &newRequest, &locatableRequestId) returned error code: -1000113003
12-31 02:25:19.036  3125  3169 E [CT]    : Guardian: xrSetComponentEnabledPrivilegedFB(result.space, &requestInfo, &storableRequestId) returned error code: -1000113003
12-31 02:25:19.036  3125  3169 W [CT]    : MrTrackerMgr: Ignoring abandoned query result. request [335007449653] != current request [537910501408]
12-31 02:25:19.036  3125  3169 W [CT]    : MrTrackerMgr: Ignoring abandoned query complete event result. request [335007449653] != current request [537910501408]
12-31 02:25:19.038  3209  3274 W PhaseSync: [PS_Ver_1_0] DiscardFrame is triggered, frame->Stage 2 FrameBeginIndex 128443 
12-31 02:25:19.038  3209  3274 I MRSVC   : MIXEDREALITY: OpenXrSupport: OpenXR qualified success: xrBeginFrame(clientState_.session, &beginFrameDesc): XR_FRAME_DISCARDED
12-31 02:25:19.039  3209  3274 I MRSVC   : MIXEDREALITY: AndroidTexture: Feature blurGlacierTextures is enabled.
12-31 02:25:19.039  3209  3274 I MRSVC   : MIXEDREALITY: MrSvc: PassthroughPresentationLayerImpl: Allocating framebuffers for layer: -1 (Guardian) of size: 640x640, color internal format: 0x822b, depth internal format: 0x0, swap chain length: 2, useTextureArray: false, textureSamplingFilter: 1, 
12-31 02:25:19.042  2732  3404 I VrRuntimeService: CreateSwapChain: 3831201270
12-31 02:25:19.042  2732  3404 I VrRuntimeService: CreateSwapChain: api:gles 0 0x822b 640 640 1 2 1 0 3
12-31 02:25:19.043  2732  3404 I VrRuntimeServer: CreateTextureSwapChain: result importswapchaingles 1
12-31 02:25:19.045   944  1350 I MRSS    : MIXEDREALITY: PassthroughMesh: PassthroughMesh: Initializing.
12-31 02:25:19.046   944  1350 I MRSS    : MIXEDREALITY: PassthroughMesh: PassthroughMesh: Initialized.
12-31 02:25:19.046   944  1350 I MRSS    : MIXEDREALITY: PassthroughMesh: update: Clearing 0 previous mesh points (previous timestamp 0, current 75382.080342555).
12-31 02:25:19.046  2732  3404 I VrRuntimeService: CreateSwapChain: 3831201270
12-31 02:25:19.046  2732  3404 I VrRuntimeService: CreateSwapChain: api:gles 0 0x822b 640 640 1 2 1 0 3
12-31 02:25:19.048  2732  3404 I VrRuntimeServer: CreateTextureSwapChain: result importswapchaingles 1
12-31 02:25:19.054  3125  3560 W [CT]    : MR_PT: Server event queue overflowed
12-31 02:25:19.064  2732 27750 I CompositorUtil: SetSchedFifo( tid=3274, pol=5, pri=1 ) succeeded
12-31 02:25:19.106  3125  3169 I SpatialAnchorPipeline: Finished Anchor Search - 1 locatable Anchors: 66023ae7-c5a5-a7d4-7cda-2b7e1a5b925a, 
12-31 02:25:19.106  3125  3169 W [CT]    : Anchor:SlamAnchorMemoryOSSDKClient: [Throttled count=413] Skipping invalid anchorHandle when attempting to cache AnchorStates
12-31 02:25:19.106  3125  3446 I [CT]    : SlamAnchorRebaseHandler: Kicked off bulk re-registration of 1 slam anchors.
12-31 02:25:19.107  3125  3169 W [CT]    : SpatialAnchor: Anchor [uuid='66023ae7-c5a5-a7d4-7cda-2b7e1a5b925a'] is shifting significantly between frames: 0.10272524505853653 meters
12-31 02:25:19.108  3125  3169 I GuardianTelemetry: [ovrStatsThreadGuardian::SendGuardianStateChangeTelemetry] Sending state change event RELOCALIZATION_SUCCESS, dialog 
12-31 02:25:19.108  3125  3169 I GuardianSystem: [GuardianSystem::UpdateSystem] world updating because worldfromanchor threshold passed
12-31 02:25:19.108  2732  3168 I VrRuntimeService: RuntimeServiceSDKServer::SetGuardianStationaryInfo: 2640900154
12-31 02:25:19.113  2732 27750 I CompositorProgs: Using GLES Version 310
12-31 02:25:19.114  2144 27495 I VrApi   : FPS=2/0,Prd=0ms,Tear=0,Early=0,Stale=0,Stale2/5/10/max=0/0/0/0,VSnc=0,Lat=-1,Fov=0,CPU4/GPU=5/3,1478/490MHz,OC=FF,TA=0/F/0,SP=N/N/N,Mem=1353MHz,Free=2785MB,PLS=0,Temp=30.2C/0.0C,TW=1.06ms,App=-47.57ms,GD=0.00ms,CPU&GPU=0.00ms,LCnt=1(DR0,LM0),GPU%=0.12,CPU%=0.14(W0.15),DSF=1.00,CFL=11.93/17.75,ICFLp95=15.37,LD=0,SF=0.00,LP=0,DVFS=0
12-31 02:25:19.116  2732 27750 I CompositorProgs: loaded binary layerProgram :0x48002:0x in 2.3 ms
12-31 02:25:19.179  3125  3169 I [CT]    : GuardianMapDataMgr: CheckRelocalizationStatus: Relocalization done
12-31 02:25:19.179  3125  3169 I GuardianSystem: [GuardianSystem::UpdateLocalSpaceToCurrentPose]
12-31 02:25:19.180  2732  3168 I VrRuntimeService: RuntimeServiceSDKServer::SetGuardianStationaryInfo: 2640900154
12-31 02:25:19.180  2732  3168 I VrRuntimeService: RuntimeServiceSDKServer::UpdateLocalSpace
12-31 02:25:19.180  2732  3168 I VrRuntimeServer: UpdateLocalSpace: Src: 3, Version: 405, VersionUser: 5, RawFloorHeightOld: -0.947148, RawFloorHeightNew: -0.947148
12-31 02:25:19.180  3125  3169 I Deque   : AddEventToQueue called. eventInfo.type: 40, eventInfo.next: 0
12-31 02:25:19.185  2710  2974 I Deque   : AddEventToQueue called. eventInfo.type: 40, eventInfo.next: 0
12-31 02:25:19.185  2710  2974 I [OAO] VrPlatformOpenXr: xrPollEvent: received XR_TYPE_EVENT_DATA_REFERENCE_SPACE_CHANGE_PENDING event
12-31 02:25:19.189  3125  3169 I GuardianSystem: WaitForFrameAndAllowGuardianSDKProcessing - Passthrough is running 0 -> 1
12-31 02:25:19.189 27384 27552 D UE      : [2023.12.30-21.25.19:189][  0]LogStreaming: Display: FlushAsyncLoading(1): 1 QueuedPackages, 0 AsyncPackages
12-31 02:25:19.189 27384 27552 D UE      : [2023.12.30-21.25.19:189][  0]LogPackageLocalizationCache: Processed 37 localized package path(s) for 1 prioritized culture(s) in 0.000167 seconds
12-31 02:25:19.194  2710  2974 I [OAO] LocalSpace: New Space: quat(-0.012246, -0.004685, 0.005056, 0.999901), translation(-0.037878, 0.915696, 0.065263) - Prior Space: quat(-0.012246, -0.004685, 0.005056, 0.999901), translation(-0.037878, 0.915696, 0.065263)
12-31 02:25:19.194  2710  2974 I [OAO] LocalSpace: Local space version from 384 to 385, local space user version from 5 to 5.
12-31 02:25:19.196  2710  2974 I [OAO] SystemUXControllerHelper: OnReorient(reason: 3)
12-31 02:25:19.197  2710  2974 I [OAO] TelemetryProvider: aui_reorient system 0 0 0 com.epicgames.AtomVR
12-31 02:25:19.197 27384 27552 D UE      : [2023.12.30-21.25.19:197][  0]LogDeviceProfileManager: Display: Deviceprofile LinuxArm64Editor not found.
12-31 02:25:19.197 27384 27552 D UE      : [2023.12.30-21.25.19:197][  0]LogDeviceProfileManager: Display: Deviceprofile LinuxArm64 not found.
12-31 02:25:19.201 27384 27552 D UE      : [2023.12.30-21.25.19:201][  0]LogDeviceProfileManager: Available device profiles:
12-31 02:25:19.201 27384 27552 D UE      : [2023.12.30-21.25.19:201][  0]LogDeviceProfileManager: 	[0x7d031f0400][0x7d02380040 66] GlobalDefaults, 
12-31 02:25:19.201 27384 27552 D UE      : [2023.12.30-21.25.19:201][  0]LogDeviceProfileManager: 	[0x7d031f0100][0x7d02ba9250 66] Windows, 
12-31 02:25:19.201 27384 27552 D UE      : [2023.12.30-21.25.19:201][  0]LogDeviceProfileManager: 	[0x7d031f6280][0x7d02bab6e0 66] WindowsEditor, 
12-31 02:25:19.201 27384 27552 D UE      : [2023.12.30-21.25.19:201][  0]LogDeviceProfileManager: 	[0x7d031f5f80][0x7d02ba6dc0 66] WindowsServer, 
12-31 02:25:19.201 27384 27552 D UE      : [2023.12.30-21.25.19:201][  0]LogDeviceProfileManager: 	[0x7d031f5c80][0x7d02ba4930 66] WindowsClient, 
12-31 02:25:19.201 27384 27552 D UE      : [2023.12.30-21.25.19:201][  0]LogDeviceProfileManager: 	[0x7d031f5b00][0x7d02ba24a0 66] IOS, 
12-31 02:25:19.201 27384 27552 D UE      : [2023.12.30-21.25.19:201][  0]LogDeviceProfileManager: 	[0x7d031f5980][0x7d02ba0010 66] iPadAir2, 
12-31 02:25:19.201 27384 27552 D UE      : [2023.12.30-21.25.19:201][  0]LogDeviceProfileManager: 	[0x7d031f5800][0x7d0326db70 66] IPadPro, 
12-31 02:25:19.201 27384 27552 D UE      : [2023.12.30-21.25.19:201][  0]LogDeviceProfileManager: 	[0x7d031f5680][0x7d0326b6e0 66] iPadAir3, 
12-31 02:25:19.201 27384 27552 D UE      : [2023.12.30-21.25.19:201][  0]LogDeviceProfileManager: 	[0x7d031f5500][0x7d03269250 66] iPadAir4, 
12-31 02:25:19.202 27384 27552 D UE      : [2023.12.30-21.25.19:202][  0]LogDeviceProfileManager: 	[0x7d031f5380][0x7d03266dc0 66] iPadAir5, 
12-31 02:25:19.202 27384 27552 D UE      : [2023.12.30-21.25.19:202][  0]LogDeviceProfileManager: 	[0x7d031f5200][0x7d03264930 66] iPadMini4, 
12-31 02:25:19.202 27384 27552 D UE      : [2023.12.30-21.25.19:202][  0]LogDeviceProfileManager: 	[0x7d031f5080][0x7d032624a0 66] iPadMini5, 
12-31 02:25:19.202 27384 27552 D UE      : [2023.12.30-21.25.19:202][  0]LogDeviceProfileManager: 	[0x7d031f4f00][0x7d03260010 66] iPadMini6, 
12-31 02:25:19.202 27384 27552 D UE      : [2023.12.30-21.25.19:202][  0]LogDeviceProfileManager: 	[0x7d031f4d80][0x7d0327db70 66] iPhone6S, 
12-31 02:25:19.202 27384 27552 D UE      : [2023.12.30-21.25.19:202][  0]LogDeviceProfileManager: 	[0x7d031f4c00][0x7d0327b6e0 66] iPhone7, 
12-31 02:25:19.202 27384 27552 D UE      : [2023.12.30-21.25.19:202][  0]LogDeviceProfileManager: 	[0x7d031f0580][0x7d03279250 66] iPodTouch7, 
12-31 02:25:19.202 27384 27552 D UE      : [2023.12.30-21.25.19:202][  0]LogDeviceProfileManager: 	[0x7d031f4a80][0x7d03276dc0 66] iPhone6SPlus, 
12-31 02:25:19.202 27384 27552 D UE      : [2023.12.30-21.25.19:202][  0]LogDeviceProfileManager: 	[0x7d031f4900][0x7d03274930 66] iPhone7Plus, 
12-31 02:25:19.202 27384 27552 D UE      : [2023.12.30-21.25.19:202][  0]LogDeviceProfileManager: 	[0x7d031f4780][0x7d032724a0 66] iPhoneSE, 
12-31 02:25:19.202 27384 27552 D UE      : [2023.12.30-21.25.19:202][  0]LogDeviceProfileManager: 	[0x7d031f4600][0x7d03270010 66] iPhone8, 
12-31 02:25:19.202 27384 27552 D UE      : [2023.12.30-21.25.19:202][  0]LogDeviceProfileManager: 	[0x7d031f4480][0x7d0328db70 66] iPhone8Plus, 
12-31 02:25:19.202 27384 27552 D UE      : [2023.12.30-21.25.19:202][  0]LogDeviceProfileManager: 	[0x7d031f4300][0x7d0328b6e0 66] iPhoneX, 
12-31 02:25:19.202 27384 27552 D UE      : [2023.12.30-21.25.19:202][  0]LogDeviceProfileManager: 	[0x7d031f6100][0x7d03289250 66] iPhoneXS, 
12-31 02:25:19.202 27384 27552 D UE      : [2023.12.30-21.25.19:202][  0]LogDeviceProfileManager: 	[0x7d031f5e00][0x7d03286dc0 66] iPhoneXSMax, 
12-31 02:25:19.202 27384 27552 D UE      : [2023.12.30-21.25.19:202][  0]LogDeviceProfileManager: 	[0x7d031f4180][0x7d03284930 66] iPhoneXR, 
12-31 02:25:19.202 27384 27552 D UE      : [2023.12.30-21.25.19:202][  0]LogDeviceProfileManager: 	[0x7d031f4000][0x7d032824a0 66] iPhone11, 
